[seed] all RNGs seeded with 4
GPU : NVIDIA GeForce RTX 3060
VRAM: 12.9 GB
Device          : cuda:0
Actors          : 10 per-vehicle, total 212,730 params
Critic params   : 96,257
obs_dim=11  action_dim=25  gs_dim=115
M0 count: 5  M1 count: 5
Training for 5000 episodes (Config A_mode0c_N10_seed4, N=10)...

[NS3Bridge] Connected tcp://localhost:5796
Ep    0 | M0_PDR 0.538 | M1_PDR 0.580 | H_m0 3.21 H_m1 3.21 | a-0.1679 c27.3177 ent0.0500 VRAM 35MB
Ep   50 | M0_PDR 0.554 | M1_PDR 0.584 | H_m0 3.14 H_m1 3.18 | a-0.1584 c10.2222 ent0.0495 VRAM 35MB
Ep  100 | M0_PDR 0.594 | M1_PDR 0.542 | H_m0 2.84 H_m1 3.18 | a-0.1503 c8.9643 ent0.0490 VRAM 35MB
Ep  150 | M0_PDR 0.627 | M1_PDR 0.562 | H_m0 2.73 H_m1 3.17 | a-0.1456 c10.3840 ent0.0485 VRAM 35MB
Ep  200 | M0_PDR 0.710 | M1_PDR 0.512 | H_m0 2.20 H_m1 3.20 | a-0.1327 c6.0842 ent0.0480 VRAM 35MB
Ep  250 | M0_PDR 0.896 | M1_PDR 0.531 | H_m0 0.97 H_m1 3.16 | a-0.1017 c3.5091 ent0.0475 VRAM 35MB
Ep  300 | M0_PDR 0.909 | M1_PDR 0.519 | H_m0 0.97 H_m1 3.09 | a-0.0977 c6.2893 ent0.0471 VRAM 35MB
Ep  350 | M0_PDR 0.950 | M1_PDR 0.510 | H_m0 0.82 H_m1 3.08 | a-0.0933 c3.5674 ent0.0466 VRAM 35MB
Ep  400 | M0_PDR 0.944 | M1_PDR 0.561 | H_m0 0.87 H_m1 3.08 | a-0.0925 c5.3064 ent0.0461 VRAM 35MB
Ep  450 | M0_PDR 0.954 | M1_PDR 0.501 | H_m0 0.88 H_m1 3.13 | a-0.0924 c2.5807 ent0.0456 VRAM 35MB
Ep  500 | M0_PDR 0.954 | M1_PDR 0.529 | H_m0 0.74 H_m1 3.09 | a-0.0879 c3.4872 ent0.0451 VRAM 35MB
Ep  550 | M0_PDR 0.967 | M1_PDR 0.541 | H_m0 0.75 H_m1 3.08 | a-0.0873 c4.3283 ent0.0446 VRAM 35MB
Ep  600 | M0_PDR 0.959 | M1_PDR 0.604 | H_m0 0.68 H_m1 2.80 | a-0.0779 c5.6610 ent0.0441 VRAM 35MB
Ep  650 | M0_PDR 0.969 | M1_PDR 0.567 | H_m0 0.72 H_m1 3.03 | a-0.0839 c1.9972 ent0.0436 VRAM 35MB
Ep  700 | M0_PDR 0.956 | M1_PDR 0.561 | H_m0 0.67 H_m1 3.00 | a-0.0804 c1.7590 ent0.0431 VRAM 35MB
Ep  750 | M0_PDR 0.973 | M1_PDR 0.540 | H_m0 0.68 H_m1 3.01 | a-0.0793 c2.6235 ent0.0426 VRAM 35MB
Ep  800 | M0_PDR 0.952 | M1_PDR 0.550 | H_m0 0.81 H_m1 3.10 | a-0.0827 c3.3404 ent0.0422 VRAM 35MB
Ep  850 | M0_PDR 0.960 | M1_PDR 0.563 | H_m0 0.73 H_m1 3.01 | a-0.0792 c1.7978 ent0.0417 VRAM 35MB
Ep  900 | M0_PDR 0.966 | M1_PDR 0.534 | H_m0 0.69 H_m1 3.06 | a-0.0792 c1.9507 ent0.0412 VRAM 35MB
Ep  950 | M0_PDR 0.965 | M1_PDR 0.566 | H_m0 0.71 H_m1 2.97 | a-0.0758 c2.4237 ent0.0407 VRAM 35MB
Ep 1000 | M0_PDR 0.963 | M1_PDR 0.578 | H_m0 0.65 H_m1 2.96 | a-0.0738 c1.6804 ent0.0402 VRAM 35MB
Ep 1050 | M0_PDR 0.968 | M1_PDR 0.565 | H_m0 0.48 H_m1 2.93 | a-0.0691 c1.7063 ent0.0397 VRAM 35MB
Ep 1100 | M0_PDR 0.950 | M1_PDR 0.623 | H_m0 0.66 H_m1 2.85 | a-0.0706 c1.9361 ent0.0392 VRAM 35MB
Ep 1150 | M0_PDR 0.964 | M1_PDR 0.581 | H_m0 0.55 H_m1 3.01 | a-0.0707 c1.4187 ent0.0387 VRAM 35MB
Ep 1200 | M0_PDR 0.967 | M1_PDR 0.609 | H_m0 0.45 H_m1 2.98 | a-0.0665 c3.6658 ent0.0382 VRAM 35MB
Ep 1250 | M0_PDR 0.968 | M1_PDR 0.563 | H_m0 0.53 H_m1 2.97 | a-0.0683 c1.4843 ent0.0377 VRAM 35MB
Ep 1300 | M0_PDR 0.956 | M1_PDR 0.572 | H_m0 0.61 H_m1 3.05 | a-0.0695 c2.7608 ent0.0373 VRAM 35MB
Ep 1350 | M0_PDR 0.962 | M1_PDR 0.549 | H_m0 0.59 H_m1 3.00 | a-0.0669 c3.2742 ent0.0368 VRAM 35MB
Ep 1400 | M0_PDR 0.960 | M1_PDR 0.580 | H_m0 0.63 H_m1 3.03 | a-0.0673 c1.7977 ent0.0363 VRAM 35MB
Ep 1450 | M0_PDR 0.964 | M1_PDR 0.553 | H_m0 0.53 H_m1 2.98 | a-0.0637 c3.5868 ent0.0358 VRAM 35MB
Ep 1500 | M0_PDR 0.961 | M1_PDR 0.596 | H_m0 0.53 H_m1 3.03 | a-0.0634 c4.0573 ent0.0353 VRAM 35MB
Ep 1550 | M0_PDR 0.975 | M1_PDR 0.559 | H_m0 0.51 H_m1 2.98 | a-0.0619 c1.8039 ent0.0348 VRAM 35MB
Ep 1600 | M0_PDR 0.954 | M1_PDR 0.567 | H_m0 0.55 H_m1 2.91 | a-0.0607 c1.5719 ent0.0343 VRAM 35MB
Ep 1650 | M0_PDR 0.967 | M1_PDR 0.572 | H_m0 0.46 H_m1 2.90 | a-0.0579 c1.5355 ent0.0338 VRAM 35MB
Ep 1700 | M0_PDR 0.941 | M1_PDR 0.597 | H_m0 0.58 H_m1 2.94 | a-0.0593 c1.5114 ent0.0333 VRAM 35MB
Ep 1750 | M0_PDR 0.973 | M1_PDR 0.580 | H_m0 0.49 H_m1 2.94 | a-0.0571 c1.7391 ent0.0328 VRAM 35MB
Ep 1800 | M0_PDR 0.966 | M1_PDR 0.606 | H_m0 0.48 H_m1 2.88 | a-0.0555 c1.8335 ent0.0324 VRAM 35MB
Ep 1850 | M0_PDR 0.969 | M1_PDR 0.596 | H_m0 0.37 H_m1 2.88 | a-0.0527 c1.4079 ent0.0319 VRAM 35MB
Ep 1900 | M0_PDR 0.960 | M1_PDR 0.604 | H_m0 0.43 H_m1 2.80 | a-0.0509 c3.3230 ent0.0314 VRAM 35MB
Ep 1950 | M0_PDR 0.957 | M1_PDR 0.627 | H_m0 0.50 H_m1 2.65 | a-0.0492 c1.5258 ent0.0309 VRAM 35MB
Error: tcpip::Socket::accept() Unable to create listening socket: Address already in use
Quitting (on error).
Ep 2000 | M0_PDR 0.958 | M1_PDR 0.639 | H_m0 0.52 H_m1 2.77 | a-0.0508 c1.2730 ent0.0304 VRAM 35MB
Ep 2050 | M0_PDR 0.956 | M1_PDR 0.578 | H_m0 0.48 H_m1 2.65 | a-0.0475 c1.6849 ent0.0299 VRAM 35MB
Ep 2100 | M0_PDR 0.962 | M1_PDR 0.595 | H_m0 0.42 H_m1 2.82 | a-0.0484 c1.6093 ent0.0294 VRAM 35MB
Ep 2150 | M0_PDR 0.970 | M1_PDR 0.631 | H_m0 0.41 H_m1 2.75 | a-0.0466 c1.3021 ent0.0289 VRAM 35MB
Ep 2200 | M0_PDR 0.962 | M1_PDR 0.614 | H_m0 0.47 H_m1 2.75 | a-0.0467 c2.1465 ent0.0284 VRAM 35MB
Ep 2250 | M0_PDR 0.960 | M1_PDR 0.644 | H_m0 0.49 H_m1 2.82 | a-0.0470 c1.5940 ent0.0279 VRAM 35MB
Ep 2300 | M0_PDR 0.959 | M1_PDR 0.604 | H_m0 0.45 H_m1 2.85 | a-0.0461 c2.2957 ent0.0275 VRAM 35MB
Ep 2350 | M0_PDR 0.964 | M1_PDR 0.582 | H_m0 0.50 H_m1 2.88 | a-0.0464 c1.9217 ent0.0270 VRAM 35MB
Ep 2400 | M0_PDR 0.968 | M1_PDR 0.607 | H_m0 0.41 H_m1 2.81 | a-0.0435 c1.5453 ent0.0265 VRAM 35MB
Ep 2450 | M0_PDR 0.956 | M1_PDR 0.625 | H_m0 0.40 H_m1 2.76 | a-0.0420 c1.4148 ent0.0260 VRAM 35MB
Ep 2500 | M0_PDR 0.951 | M1_PDR 0.597 | H_m0 0.38 H_m1 2.79 | a-0.0415 c1.7319 ent0.0255 VRAM 35MB
Ep 2550 | M0_PDR 0.965 | M1_PDR 0.646 | H_m0 0.40 H_m1 2.77 | a-0.0405 c1.8303 ent0.0250 VRAM 35MB
Ep 2600 | M0_PDR 0.959 | M1_PDR 0.670 | H_m0 0.38 H_m1 2.64 | a-0.0379 c1.2805 ent0.0245 VRAM 35MB
Ep 2650 | M0_PDR 0.963 | M1_PDR 0.666 | H_m0 0.42 H_m1 2.65 | a-0.0371 c1.6296 ent0.0240 VRAM 35MB
Ep 2700 | M0_PDR 0.948 | M1_PDR 0.630 | H_m0 0.36 H_m1 2.64 | a-0.0357 c1.4884 ent0.0235 VRAM 35MB
Ep 2750 | M0_PDR 0.959 | M1_PDR 0.653 | H_m0 0.30 H_m1 2.57 | a-0.0338 c1.6200 ent0.0230 VRAM 35MB
Ep 2800 | M0_PDR 0.959 | M1_PDR 0.697 | H_m0 0.31 H_m1 2.53 | a-0.0327 c1.4170 ent0.0226 VRAM 35MB
Ep 2850 | M0_PDR 0.964 | M1_PDR 0.690 | H_m0 0.26 H_m1 2.44 | a-0.0305 c1.3487 ent0.0221 VRAM 35MB
Ep 2900 | M0_PDR 0.963 | M1_PDR 0.675 | H_m0 0.23 H_m1 2.49 | a-0.0299 c1.3149 ent0.0216 VRAM 35MB
Ep 2950 | M0_PDR 0.963 | M1_PDR 0.665 | H_m0 0.18 H_m1 2.47 | a-0.0282 c1.6464 ent0.0211 VRAM 35MB
Ep 3000 | M0_PDR 0.965 | M1_PDR 0.675 | H_m0 0.19 H_m1 2.43 | a-0.0274 c1.7800 ent0.0206 VRAM 35MB
Ep 3050 | M0_PDR 0.968 | M1_PDR 0.674 | H_m0 0.22 H_m1 2.37 | a-0.0266 c1.2366 ent0.0201 VRAM 35MB
Ep 3100 | M0_PDR 0.955 | M1_PDR 0.713 | H_m0 0.19 H_m1 2.33 | a-0.0252 c1.6608 ent0.0196 VRAM 35MB
Ep 3150 | M0_PDR 0.958 | M1_PDR 0.751 | H_m0 0.22 H_m1 2.04 | a-0.0224 c1.6492 ent0.0191 VRAM 35MB
Ep 3200 | M0_PDR 0.961 | M1_PDR 0.752 | H_m0 0.21 H_m1 1.98 | a-0.0208 c1.4578 ent0.0186 VRAM 35MB
Ep 3250 | M0_PDR 0.954 | M1_PDR 0.793 | H_m0 0.11 H_m1 1.90 | a-0.0187 c1.3278 ent0.0181 VRAM 35MB
Ep 3300 | M0_PDR 0.955 | M1_PDR 0.798 | H_m0 0.12 H_m1 1.80 | a-0.0173 c1.2470 ent0.0177 VRAM 35MB
Ep 3350 | M0_PDR 0.933 | M1_PDR 0.837 | H_m0 0.14 H_m1 1.46 | a-0.0140 c1.3736 ent0.0172 VRAM 35MB
Ep 3400 | M0_PDR 0.957 | M1_PDR 0.843 | H_m0 0.10 H_m1 1.32 | a-0.0123 c1.3173 ent0.0167 VRAM 35MB
Ep 3450 | M0_PDR 0.963 | M1_PDR 0.848 | H_m0 0.12 H_m1 1.23 | a-0.0112 c1.2012 ent0.0162 VRAM 35MB
Ep 3500 | M0_PDR 0.958 | M1_PDR 0.873 | H_m0 0.13 H_m1 1.18 | a-0.0106 c1.1708 ent0.0157 VRAM 35MB
Ep 3550 | M0_PDR 0.954 | M1_PDR 0.884 | H_m0 0.11 H_m1 1.04 | a-0.0090 c1.2945 ent0.0152 VRAM 35MB
Ep 3600 | M0_PDR 0.950 | M1_PDR 0.896 | H_m0 0.10 H_m1 0.97 | a-0.0081 c1.2276 ent0.0147 VRAM 35MB
Ep 3650 | M0_PDR 0.971 | M1_PDR 0.904 | H_m0 0.09 H_m1 0.88 | a-0.0071 c1.3247 ent0.0142 VRAM 35MB
Ep 3700 | M0_PDR 0.942 | M1_PDR 0.924 | H_m0 0.09 H_m1 0.84 | a-0.0065 c1.2519 ent0.0137 VRAM 35MB
Ep 3750 | M0_PDR 0.957 | M1_PDR 0.914 | H_m0 0.06 H_m1 0.77 | a-0.0058 c1.6977 ent0.0132 VRAM 35MB
Ep 3800 | M0_PDR 0.957 | M1_PDR 0.931 | H_m0 0.05 H_m1 0.70 | a-0.0048 c1.2374 ent0.0128 VRAM 35MB
Ep 3850 | M0_PDR 0.955 | M1_PDR 0.942 | H_m0 0.04 H_m1 0.59 | a-0.0039 c1.1614 ent0.0123 VRAM 35MB
Ep 3900 | M0_PDR 0.960 | M1_PDR 0.948 | H_m0 0.04 H_m1 0.51 | a-0.0034 c1.2159 ent0.0118 VRAM 35MB
Ep 3950 | M0_PDR 0.958 | M1_PDR 0.957 | H_m0 0.04 H_m1 0.42 | a-0.0026 c1.0513 ent0.0113 VRAM 35MB
Ep 4000 | M0_PDR 0.957 | M1_PDR 0.945 | H_m0 0.03 H_m1 0.35 | a-0.0021 c1.0936 ent0.0108 VRAM 35MB
Ep 4050 | M0_PDR 0.957 | M1_PDR 0.961 | H_m0 0.03 H_m1 0.32 | a-0.0019 c1.0583 ent0.0103 VRAM 35MB
Ep 4100 | M0_PDR 0.963 | M1_PDR 0.944 | H_m0 0.03 H_m1 0.28 | a-0.0017 c1.1013 ent0.0098 VRAM 35MB
Ep 4150 | M0_PDR 0.954 | M1_PDR 0.961 | H_m0 0.03 H_m1 0.26 | a-0.0014 c1.0957 ent0.0093 VRAM 35MB
Ep 4200 | M0_PDR 0.951 | M1_PDR 0.958 | H_m0 0.03 H_m1 0.25 | a-0.0012 c1.1703 ent0.0088 VRAM 35MB
Ep 4250 | M0_PDR 0.959 | M1_PDR 0.961 | H_m0 0.03 H_m1 0.21 | a-0.0010 c1.1195 ent0.0083 VRAM 35MB
Ep 4300 | M0_PDR 0.968 | M1_PDR 0.953 | H_m0 0.03 H_m1 0.20 | a-0.0009 c1.0149 ent0.0079 VRAM 35MB
Ep 4350 | M0_PDR 0.963 | M1_PDR 0.968 | H_m0 0.02 H_m1 0.21 | a-0.0009 c1.0706 ent0.0074 VRAM 35MB
Ep 4400 | M0_PDR 0.957 | M1_PDR 0.963 | H_m0 0.02 H_m1 0.18 | a-0.0008 c1.0616 ent0.0069 VRAM 35MB
Ep 4450 | M0_PDR 0.956 | M1_PDR 0.971 | H_m0 0.02 H_m1 0.17 | a-0.0007 c1.1387 ent0.0064 VRAM 35MB
Ep 4500 | M0_PDR 0.958 | M1_PDR 0.971 | H_m0 0.02 H_m1 0.16 | a-0.0005 c1.0272 ent0.0059 VRAM 35MB
Ep 4550 | M0_PDR 0.956 | M1_PDR 0.969 | H_m0 0.02 H_m1 0.14 | a-0.0005 c1.1187 ent0.0054 VRAM 35MB
Ep 4600 | M0_PDR 0.956 | M1_PDR 0.965 | H_m0 0.02 H_m1 0.14 | a-0.0004 c1.1607 ent0.0049 VRAM 35MB
Ep 4650 | M0_PDR 0.954 | M1_PDR 0.967 | H_m0 0.02 H_m1 0.14 | a-0.0003 c1.1582 ent0.0044 VRAM 35MB
Ep 4700 | M0_PDR 0.953 | M1_PDR 0.956 | H_m0 0.02 H_m1 0.13 | a-0.0003 c1.1306 ent0.0039 VRAM 35MB
Ep 4750 | M0_PDR 0.959 | M1_PDR 0.968 | H_m0 0.02 H_m1 0.13 | a-0.0003 c1.0946 ent0.0034 VRAM 35MB
Ep 4800 | M0_PDR 0.965 | M1_PDR 0.978 | H_m0 0.02 H_m1 0.12 | a-0.0002 c1.0738 ent0.0030 VRAM 35MB
Ep 4850 | M0_PDR 0.964 | M1_PDR 0.966 | H_m0 0.02 H_m1 0.11 | a-0.0002 c1.0100 ent0.0025 VRAM 35MB
Ep 4900 | M0_PDR 0.945 | M1_PDR 0.977 | H_m0 0.01 H_m1 0.11 | a-0.0001 c1.1777 ent0.0020 VRAM 35MB
Ep 4950 | M0_PDR 0.960 | M1_PDR 0.970 | H_m0 0.01 H_m1 0.11 | a-0.0001 c1.0946 ent0.0015 VRAM 35MB

Training complete. Running 100 eval episodes...

  Eval ep   0: M0_PDR=0.958  M1_PDR=0.979
  Eval ep  20: M0_PDR=0.951  M1_PDR=0.969
  Eval ep  40: M0_PDR=0.949  M1_PDR=0.959
  Eval ep  60: M0_PDR=0.950  M1_PDR=0.968
  Eval ep  80: M0_PDR=0.961  M1_PDR=0.962

=== Eval Summary (100 episodes) ===
  M0_PDR_mean         : 0.9554
  M0_PDR_p05 (across) : 0.9458
  M0_PDR_p05 (intra)  : 0.7986
  M1_PDR_mean         : 0.9682
  M0_SINR_mean (dB)   : 17.77
  M1_SINR_mean (dB)   : 19.78
  M0_collision_rate   : 0.994
  M0_collision_within_pool : 0.001
  M1_collision_within_pool : 0.011

Result saved -> results/_A_mode0c_N10_seed4.json
  N=10  rho=2.0  M0_PDR=0.955  M1_PDR=0.968
Checkpoint saved -> checkpoints/A_mode0c_N10_seed4_actors.pt
[NS3Bridge] Shutdown complete.
Run complete.
