[seed] all RNGs seeded with 1
GPU : NVIDIA GeForce RTX 3060
VRAM: 12.9 GB
Device          : cuda:0
Actors          : 10 per-vehicle, total 212,730 params
Critic params   : 96,257
obs_dim=11  action_dim=25  gs_dim=115
M0 count: 5  M1 count: 5
Training for 5000 episodes (Config A_mode0c_N10_seed1_gaefix, N=10)...

[NS3Bridge] Connected tcp://localhost:6926
Ep    0 | M0_PDR 0.524 | M1_PDR 0.586 | H_m0 3.22 H_m1 3.21 | a-0.1682 c49.1129 ent0.0500 VRAM 35MB
Ep   50 | M0_PDR 0.539 | M1_PDR 0.577 | H_m0 3.18 H_m1 3.18 | a-0.1590 c30.4501 ent0.0495 VRAM 35MB
Ep  100 | M0_PDR 0.549 | M1_PDR 0.541 | H_m0 3.11 H_m1 3.19 | a-0.1567 c30.6733 ent0.0490 VRAM 35MB
Ep  150 | M0_PDR 0.551 | M1_PDR 0.533 | H_m0 3.06 H_m1 3.20 | a-0.1540 c32.0231 ent0.0485 VRAM 35MB
Ep  200 | M0_PDR 0.584 | M1_PDR 0.573 | H_m0 3.08 H_m1 3.20 | a-0.1524 c33.9243 ent0.0480 VRAM 35MB
Ep  250 | M0_PDR 0.562 | M1_PDR 0.584 | H_m0 3.04 H_m1 3.20 | a-0.1497 c31.2130 ent0.0475 VRAM 35MB
Ep  300 | M0_PDR 0.558 | M1_PDR 0.593 | H_m0 3.09 H_m1 3.18 | a-0.1489 c31.1531 ent0.0471 VRAM 35MB
Ep  350 | M0_PDR 0.550 | M1_PDR 0.579 | H_m0 3.09 H_m1 3.17 | a-0.1471 c31.3747 ent0.0466 VRAM 35MB
Ep  400 | M0_PDR 0.567 | M1_PDR 0.553 | H_m0 3.05 H_m1 3.20 | a-0.1454 c33.0136 ent0.0461 VRAM 35MB
Ep  450 | M0_PDR 0.559 | M1_PDR 0.542 | H_m0 3.11 H_m1 3.20 | a-0.1452 c31.4941 ent0.0456 VRAM 35MB
Ep  500 | M0_PDR 0.573 | M1_PDR 0.542 | H_m0 3.09 H_m1 3.20 | a-0.1437 c33.2163 ent0.0451 VRAM 35MB
Ep  550 | M0_PDR 0.575 | M1_PDR 0.544 | H_m0 3.07 H_m1 3.20 | a-0.1410 c32.8240 ent0.0446 VRAM 35MB
Ep  600 | M0_PDR 0.564 | M1_PDR 0.548 | H_m0 3.05 H_m1 3.20 | a-0.1393 c32.2374 ent0.0441 VRAM 35MB
Ep  650 | M0_PDR 0.584 | M1_PDR 0.543 | H_m0 2.99 H_m1 3.20 | a-0.1368 c33.6516 ent0.0436 VRAM 35MB
Ep  700 | M0_PDR 0.577 | M1_PDR 0.561 | H_m0 3.02 H_m1 3.20 | a-0.1355 c33.0854 ent0.0431 VRAM 35MB
Ep  750 | M0_PDR 0.549 | M1_PDR 0.555 | H_m0 3.07 H_m1 3.20 | a-0.1351 c29.7637 ent0.0426 VRAM 35MB
Ep  800 | M0_PDR 0.574 | M1_PDR 0.559 | H_m0 3.03 H_m1 3.19 | a-0.1324 c32.3618 ent0.0422 VRAM 35MB
Ep  850 | M0_PDR 0.575 | M1_PDR 0.556 | H_m0 2.97 H_m1 3.20 | a-0.1293 c32.7671 ent0.0417 VRAM 35MB
Ep  900 | M0_PDR 0.578 | M1_PDR 0.570 | H_m0 3.02 H_m1 3.20 | a-0.1292 c32.5521 ent0.0412 VRAM 35MB
Ep  950 | M0_PDR 0.561 | M1_PDR 0.542 | H_m0 2.91 H_m1 3.20 | a-0.1253 c32.0299 ent0.0407 VRAM 35MB
Ep 1000 | M0_PDR 0.523 | M1_PDR 0.569 | H_m0 3.03 H_m1 3.20 | a-0.1266 c28.0075 ent0.0402 VRAM 35MB
Ep 1050 | M0_PDR 0.560 | M1_PDR 0.585 | H_m0 3.09 H_m1 3.20 | a-0.1254 c31.2830 ent0.0397 VRAM 35MB
Ep 1100 | M0_PDR 0.568 | M1_PDR 0.569 | H_m0 3.10 H_m1 3.20 | a-0.1240 c32.3440 ent0.0392 VRAM 35MB
Ep 1150 | M0_PDR 0.569 | M1_PDR 0.540 | H_m0 3.09 H_m1 3.20 | a-0.1226 c33.1499 ent0.0387 VRAM 35MB
Ep 1200 | M0_PDR 0.570 | M1_PDR 0.524 | H_m0 3.08 H_m1 3.21 | a-0.1211 c32.5311 ent0.0382 VRAM 35MB
Ep 1250 | M0_PDR 0.586 | M1_PDR 0.548 | H_m0 2.99 H_m1 3.20 | a-0.1180 c35.4408 ent0.0377 VRAM 35MB
Ep 1300 | M0_PDR 0.553 | M1_PDR 0.568 | H_m0 3.06 H_m1 3.19 | a-0.1175 c30.6449 ent0.0373 VRAM 35MB
Ep 1350 | M0_PDR 0.563 | M1_PDR 0.557 | H_m0 3.04 H_m1 3.20 | a-0.1158 c32.6362 ent0.0368 VRAM 35MB
Ep 1400 | M0_PDR 0.561 | M1_PDR 0.561 | H_m0 2.98 H_m1 3.20 | a-0.1132 c32.1890 ent0.0363 VRAM 35MB
Ep 1450 | M0_PDR 0.584 | M1_PDR 0.549 | H_m0 2.83 H_m1 3.20 | a-0.1091 c35.2625 ent0.0358 VRAM 35MB
Ep 1500 | M0_PDR 0.589 | M1_PDR 0.585 | H_m0 2.96 H_m1 3.20 | a-0.1095 c34.6311 ent0.0353 VRAM 35MB
Ep 1550 | M0_PDR 0.605 | M1_PDR 0.551 | H_m0 2.96 H_m1 3.21 | a-0.1080 c36.2488 ent0.0348 VRAM 35MB
Ep 1600 | M0_PDR 0.605 | M1_PDR 0.551 | H_m0 2.93 H_m1 3.20 | a-0.1061 c36.1034 ent0.0343 VRAM 35MB
Ep 1650 | M0_PDR 0.607 | M1_PDR 0.564 | H_m0 2.89 H_m1 3.20 | a-0.1038 c36.8138 ent0.0338 VRAM 35MB
Ep 1700 | M0_PDR 0.610 | M1_PDR 0.544 | H_m0 2.92 H_m1 3.20 | a-0.1028 c36.9434 ent0.0333 VRAM 35MB
Ep 1750 | M0_PDR 0.584 | M1_PDR 0.544 | H_m0 2.94 H_m1 3.20 | a-0.1016 c34.4509 ent0.0328 VRAM 35MB
Ep 1800 | M0_PDR 0.574 | M1_PDR 0.532 | H_m0 2.86 H_m1 3.20 | a-0.0987 c34.2525 ent0.0324 VRAM 35MB
Ep 1850 | M0_PDR 0.592 | M1_PDR 0.528 | H_m0 2.89 H_m1 3.19 | a-0.0981 c34.8655 ent0.0319 VRAM 35MB
Ep 1900 | M0_PDR 0.560 | M1_PDR 0.554 | H_m0 2.94 H_m1 3.19 | a-0.0972 c31.8080 ent0.0314 VRAM 35MB
Ep 1950 | M0_PDR 0.623 | M1_PDR 0.529 | H_m0 2.91 H_m1 3.20 | a-0.0951 c37.8402 ent0.0309 VRAM 35MB
Ep 2000 | M0_PDR 0.572 | M1_PDR 0.549 | H_m0 2.90 H_m1 3.20 | a-0.0934 c33.7346 ent0.0304 VRAM 35MB
Ep 2050 | M0_PDR 0.604 | M1_PDR 0.571 | H_m0 2.90 H_m1 3.20 | a-0.0920 c35.6267 ent0.0299 VRAM 35MB
Ep 2100 | M0_PDR 0.609 | M1_PDR 0.542 | H_m0 2.88 H_m1 3.20 | a-0.0901 c37.2322 ent0.0294 VRAM 35MB
Ep 2150 | M0_PDR 0.583 | M1_PDR 0.552 | H_m0 2.92 H_m1 3.20 | a-0.0892 c34.2013 ent0.0289 VRAM 35MB
Ep 2200 | M0_PDR 0.564 | M1_PDR 0.556 | H_m0 2.96 H_m1 3.20 | a-0.0881 c31.6041 ent0.0284 VRAM 35MB
Ep 2250 | M0_PDR 0.593 | M1_PDR 0.544 | H_m0 2.97 H_m1 3.20 | a-0.0868 c34.7660 ent0.0279 VRAM 35MB
Ep 2300 | M0_PDR 0.584 | M1_PDR 0.572 | H_m0 2.95 H_m1 3.20 | a-0.0850 c32.4885 ent0.0275 VRAM 35MB
Ep 2350 | M0_PDR 0.588 | M1_PDR 0.593 | H_m0 2.97 H_m1 3.20 | a-0.0838 c34.1531 ent0.0270 VRAM 35MB
Ep 2400 | M0_PDR 0.593 | M1_PDR 0.535 | H_m0 2.98 H_m1 3.19 | a-0.0823 c34.7705 ent0.0265 VRAM 35MB
Ep 2450 | M0_PDR 0.585 | M1_PDR 0.555 | H_m0 2.96 H_m1 3.18 | a-0.0804 c33.5089 ent0.0260 VRAM 35MB
Ep 2500 | M0_PDR 0.560 | M1_PDR 0.561 | H_m0 2.94 H_m1 3.18 | a-0.0786 c31.8015 ent0.0255 VRAM 35MB
Ep 2550 | M0_PDR 0.583 | M1_PDR 0.570 | H_m0 2.90 H_m1 3.17 | a-0.0764 c32.9062 ent0.0250 VRAM 35MB
Ep 2600 | M0_PDR 0.590 | M1_PDR 0.584 | H_m0 2.87 H_m1 3.17 | a-0.0747 c32.9578 ent0.0245 VRAM 35MB
Ep 2650 | M0_PDR 0.596 | M1_PDR 0.557 | H_m0 2.87 H_m1 3.15 | a-0.0729 c34.4358 ent0.0240 VRAM 35MB
Ep 2700 | M0_PDR 0.574 | M1_PDR 0.563 | H_m0 2.87 H_m1 3.16 | a-0.0716 c33.1376 ent0.0235 VRAM 35MB
Ep 2750 | M0_PDR 0.602 | M1_PDR 0.560 | H_m0 2.87 H_m1 3.17 | a-0.0700 c36.0935 ent0.0230 VRAM 35MB
Ep 2800 | M0_PDR 0.574 | M1_PDR 0.552 | H_m0 2.85 H_m1 3.18 | a-0.0685 c32.7550 ent0.0226 VRAM 35MB
Ep 2850 | M0_PDR 0.580 | M1_PDR 0.567 | H_m0 2.87 H_m1 3.18 | a-0.0671 c32.9366 ent0.0221 VRAM 35MB
Ep 2900 | M0_PDR 0.629 | M1_PDR 0.591 | H_m0 2.83 H_m1 3.18 | a-0.0655 c37.4973 ent0.0216 VRAM 35MB
Ep 2950 | M0_PDR 0.609 | M1_PDR 0.564 | H_m0 2.80 H_m1 3.19 | a-0.0636 c36.7888 ent0.0211 VRAM 35MB
Ep 3000 | M0_PDR 0.586 | M1_PDR 0.558 | H_m0 2.79 H_m1 3.19 | a-0.0620 c34.3244 ent0.0206 VRAM 35MB
Ep 3050 | M0_PDR 0.603 | M1_PDR 0.577 | H_m0 2.79 H_m1 3.19 | a-0.0605 c36.2773 ent0.0201 VRAM 35MB
Ep 3100 | M0_PDR 0.634 | M1_PDR 0.539 | H_m0 2.76 H_m1 3.18 | a-0.0587 c39.4393 ent0.0196 VRAM 35MB
Ep 3150 | M0_PDR 0.628 | M1_PDR 0.521 | H_m0 2.70 H_m1 3.18 | a-0.0567 c38.7756 ent0.0191 VRAM 35MB
Ep 3200 | M0_PDR 0.603 | M1_PDR 0.556 | H_m0 2.69 H_m1 3.19 | a-0.0553 c35.6025 ent0.0186 VRAM 35MB
Ep 3250 | M0_PDR 0.601 | M1_PDR 0.506 | H_m0 2.67 H_m1 3.19 | a-0.0535 c36.2890 ent0.0181 VRAM 35MB
Ep 3300 | M0_PDR 0.623 | M1_PDR 0.520 | H_m0 2.61 H_m1 3.19 | a-0.0515 c37.9222 ent0.0177 VRAM 35MB
Ep 3350 | M0_PDR 0.621 | M1_PDR 0.555 | H_m0 2.64 H_m1 3.19 | a-0.0504 c36.9003 ent0.0172 VRAM 35MB
Ep 3400 | M0_PDR 0.607 | M1_PDR 0.543 | H_m0 2.65 H_m1 3.18 | a-0.0490 c35.9504 ent0.0167 VRAM 35MB
Ep 3450 | M0_PDR 0.615 | M1_PDR 0.566 | H_m0 2.64 H_m1 3.18 | a-0.0474 c36.9377 ent0.0162 VRAM 35MB
Ep 3500 | M0_PDR 0.613 | M1_PDR 0.548 | H_m0 2.60 H_m1 3.18 | a-0.0458 c36.0095 ent0.0157 VRAM 35MB
Ep 3550 | M0_PDR 0.616 | M1_PDR 0.524 | H_m0 2.58 H_m1 3.18 | a-0.0441 c37.4039 ent0.0152 VRAM 35MB
Ep 3600 | M0_PDR 0.614 | M1_PDR 0.529 | H_m0 2.61 H_m1 3.18 | a-0.0429 c37.3403 ent0.0147 VRAM 35MB
Ep 3650 | M0_PDR 0.644 | M1_PDR 0.556 | H_m0 2.62 H_m1 3.18 | a-0.0414 c38.5168 ent0.0142 VRAM 35MB
Ep 3700 | M0_PDR 0.597 | M1_PDR 0.562 | H_m0 2.60 H_m1 3.18 | a-0.0400 c35.7722 ent0.0137 VRAM 35MB
Ep 3750 | M0_PDR 0.605 | M1_PDR 0.538 | H_m0 2.60 H_m1 3.18 | a-0.0385 c36.0605 ent0.0132 VRAM 35MB
Ep 3800 | M0_PDR 0.616 | M1_PDR 0.570 | H_m0 2.55 H_m1 3.18 | a-0.0367 c35.7984 ent0.0128 VRAM 35MB
Ep 3850 | M0_PDR 0.649 | M1_PDR 0.562 | H_m0 2.56 H_m1 3.18 | a-0.0354 c39.2541 ent0.0123 VRAM 35MB
Ep 3900 | M0_PDR 0.609 | M1_PDR 0.530 | H_m0 2.55 H_m1 3.18 | a-0.0339 c36.6506 ent0.0118 VRAM 35MB
Ep 3950 | M0_PDR 0.630 | M1_PDR 0.543 | H_m0 2.53 H_m1 3.18 | a-0.0323 c37.6058 ent0.0113 VRAM 35MB
Ep 4000 | M0_PDR 0.661 | M1_PDR 0.517 | H_m0 2.50 H_m1 3.18 | a-0.0308 c41.8143 ent0.0108 VRAM 35MB
Ep 4050 | M0_PDR 0.622 | M1_PDR 0.537 | H_m0 2.47 H_m1 3.17 | a-0.0293 c37.2696 ent0.0103 VRAM 35MB
Ep 4100 | M0_PDR 0.645 | M1_PDR 0.523 | H_m0 2.46 H_m1 3.17 | a-0.0278 c41.1063 ent0.0098 VRAM 35MB
Ep 4150 | M0_PDR 0.646 | M1_PDR 0.540 | H_m0 2.41 H_m1 3.17 | a-0.0261 c40.5658 ent0.0093 VRAM 35MB
Ep 4200 | M0_PDR 0.650 | M1_PDR 0.546 | H_m0 2.38 H_m1 3.17 | a-0.0246 c39.5638 ent0.0088 VRAM 35MB
Ep 4250 | M0_PDR 0.616 | M1_PDR 0.550 | H_m0 2.40 H_m1 3.17 | a-0.0233 c37.0047 ent0.0083 VRAM 35MB
Ep 4300 | M0_PDR 0.632 | M1_PDR 0.543 | H_m0 2.38 H_m1 3.17 | a-0.0219 c38.5944 ent0.0079 VRAM 35MB
Ep 4350 | M0_PDR 0.624 | M1_PDR 0.555 | H_m0 2.38 H_m1 3.17 | a-0.0205 c37.8513 ent0.0074 VRAM 35MB
Ep 4400 | M0_PDR 0.667 | M1_PDR 0.517 | H_m0 2.33 H_m1 3.17 | a-0.0190 c42.7239 ent0.0069 VRAM 35MB
Ep 4450 | M0_PDR 0.640 | M1_PDR 0.563 | H_m0 2.33 H_m1 3.17 | a-0.0176 c39.4330 ent0.0064 VRAM 35MB
Ep 4500 | M0_PDR 0.614 | M1_PDR 0.544 | H_m0 2.32 H_m1 3.17 | a-0.0163 c37.3752 ent0.0059 VRAM 35MB
Ep 4550 | M0_PDR 0.654 | M1_PDR 0.529 | H_m0 2.29 H_m1 3.17 | a-0.0148 c41.4417 ent0.0054 VRAM 35MB
Ep 4600 | M0_PDR 0.635 | M1_PDR 0.518 | H_m0 2.28 H_m1 3.17 | a-0.0135 c38.8498 ent0.0049 VRAM 35MB
Ep 4650 | M0_PDR 0.635 | M1_PDR 0.533 | H_m0 2.27 H_m1 3.17 | a-0.0121 c39.8135 ent0.0044 VRAM 35MB
Ep 4700 | M0_PDR 0.633 | M1_PDR 0.531 | H_m0 2.25 H_m1 3.17 | a-0.0107 c38.5249 ent0.0039 VRAM 35MB
Ep 4750 | M0_PDR 0.614 | M1_PDR 0.526 | H_m0 2.25 H_m1 3.17 | a-0.0094 c37.3925 ent0.0034 VRAM 35MB
Ep 4800 | M0_PDR 0.640 | M1_PDR 0.525 | H_m0 2.23 H_m1 3.17 | a-0.0080 c39.0740 ent0.0030 VRAM 35MB
Ep 4850 | M0_PDR 0.657 | M1_PDR 0.524 | H_m0 2.20 H_m1 3.17 | a-0.0067 c42.8426 ent0.0025 VRAM 35MB
Ep 4900 | M0_PDR 0.650 | M1_PDR 0.552 | H_m0 2.21 H_m1 3.17 | a-0.0053 c40.1922 ent0.0020 VRAM 35MB
Ep 4950 | M0_PDR 0.627 | M1_PDR 0.511 | H_m0 2.20 H_m1 3.17 | a-0.0040 c38.8610 ent0.0015 VRAM 35MB

Training complete. Running 100 eval episodes...

  Eval ep   0: M0_PDR=0.677  M1_PDR=0.537
  Eval ep  20: M0_PDR=0.641  M1_PDR=0.553
  Eval ep  40: M0_PDR=0.640  M1_PDR=0.517
  Eval ep  60: M0_PDR=0.663  M1_PDR=0.509
  Eval ep  80: M0_PDR=0.644  M1_PDR=0.545

=== Eval Summary (100 episodes) ===
  M0_PDR_mean         : 0.6533
  M0_PDR_p05 (across) : 0.6316
  M0_PDR_p05 (intra)  : 0.3084
  M1_PDR_mean         : 0.5379
  M0_SINR_mean (dB)   : 9.26
  M1_SINR_mean (dB)   : 1.95
  M0_collision_rate   : 0.860
  M0_collision_within_pool : 0.574
  M1_collision_within_pool : 0.590

Result saved -> results/_A_mode0c_N10_seed1_gaefix.json
  N=10  rho=2.0  M0_PDR=0.653  M1_PDR=0.538
Checkpoint saved -> checkpoints/A_mode0c_N10_seed1_gaefix_actors.pt
[NS3Bridge] Shutdown complete.
Run complete.
