[seed] all RNGs seeded with 2
GPU : NVIDIA GeForce RTX 3060
VRAM: 12.9 GB
Device          : cuda:0
Actors          : 10 per-vehicle, total 212,730 params
Critic params   : 96,257
obs_dim=11  action_dim=25  gs_dim=115
M0 count: 5  M1 count: 5
Training for 5000 episodes (Config A_mode0c_N10_seed2_gaefix, N=10)...

[NS3Bridge] Connected tcp://localhost:6936
Ep    0 | M0_PDR 0.518 | M1_PDR 0.556 | H_m0 3.22 H_m1 3.22 | a-0.1680 c47.6288 ent0.0500 VRAM 35MB
Ep   50 | M0_PDR 0.542 | M1_PDR 0.572 | H_m0 3.20 H_m1 3.20 | a-0.1609 c31.0156 ent0.0495 VRAM 35MB
Ep  100 | M0_PDR 0.540 | M1_PDR 0.566 | H_m0 3.17 H_m1 3.19 | a-0.1580 c30.1479 ent0.0490 VRAM 35MB
Ep  150 | M0_PDR 0.571 | M1_PDR 0.589 | H_m0 3.12 H_m1 3.18 | a-0.1542 c32.1666 ent0.0485 VRAM 35MB
Ep  200 | M0_PDR 0.559 | M1_PDR 0.562 | H_m0 3.11 H_m1 3.19 | a-0.1528 c30.8267 ent0.0480 VRAM 35MB
Ep  250 | M0_PDR 0.565 | M1_PDR 0.589 | H_m0 3.11 H_m1 3.20 | a-0.1510 c31.0236 ent0.0475 VRAM 35MB
Ep  300 | M0_PDR 0.571 | M1_PDR 0.548 | H_m0 3.08 H_m1 3.18 | a-0.1491 c33.1205 ent0.0471 VRAM 35MB
Ep  350 | M0_PDR 0.577 | M1_PDR 0.570 | H_m0 3.05 H_m1 3.20 | a-0.1476 c33.5006 ent0.0466 VRAM 35MB
Ep  400 | M0_PDR 0.551 | M1_PDR 0.580 | H_m0 3.10 H_m1 3.20 | a-0.1464 c30.2622 ent0.0461 VRAM 35MB
Ep  450 | M0_PDR 0.588 | M1_PDR 0.571 | H_m0 3.06 H_m1 3.20 | a-0.1441 c32.8933 ent0.0456 VRAM 35MB
Ep  500 | M0_PDR 0.585 | M1_PDR 0.562 | H_m0 3.04 H_m1 3.20 | a-0.1419 c33.5834 ent0.0451 VRAM 35MB
Ep  550 | M0_PDR 0.574 | M1_PDR 0.569 | H_m0 3.05 H_m1 3.18 | a-0.1410 c32.4017 ent0.0446 VRAM 35MB
Ep  600 | M0_PDR 0.590 | M1_PDR 0.546 | H_m0 3.06 H_m1 3.19 | a-0.1389 c35.1365 ent0.0441 VRAM 35MB
Ep  650 | M0_PDR 0.574 | M1_PDR 0.557 | H_m0 3.07 H_m1 3.20 | a-0.1377 c33.1767 ent0.0436 VRAM 35MB
Ep  700 | M0_PDR 0.550 | M1_PDR 0.560 | H_m0 3.07 H_m1 3.20 | a-0.1364 c30.3957 ent0.0431 VRAM 35MB
Ep  750 | M0_PDR 0.585 | M1_PDR 0.571 | H_m0 3.04 H_m1 3.21 | a-0.1342 c33.9280 ent0.0426 VRAM 35MB
Ep  800 | M0_PDR 0.563 | M1_PDR 0.582 | H_m0 3.05 H_m1 3.20 | a-0.1330 c30.9349 ent0.0422 VRAM 35MB
Ep  850 | M0_PDR 0.560 | M1_PDR 0.577 | H_m0 3.10 H_m1 3.20 | a-0.1323 c31.3402 ent0.0417 VRAM 35MB
Ep  900 | M0_PDR 0.557 | M1_PDR 0.564 | H_m0 3.08 H_m1 3.21 | a-0.1303 c31.5767 ent0.0412 VRAM 35MB
Ep  950 | M0_PDR 0.581 | M1_PDR 0.553 | H_m0 3.07 H_m1 3.21 | a-0.1287 c33.5930 ent0.0407 VRAM 35MB
Ep 1000 | M0_PDR 0.573 | M1_PDR 0.546 | H_m0 3.06 H_m1 3.21 | a-0.1270 c33.2547 ent0.0402 VRAM 35MB
Ep 1050 | M0_PDR 0.580 | M1_PDR 0.585 | H_m0 3.05 H_m1 3.21 | a-0.1253 c33.2422 ent0.0397 VRAM 35MB
Ep 1100 | M0_PDR 0.613 | M1_PDR 0.554 | H_m0 3.00 H_m1 3.21 | a-0.1231 c36.6221 ent0.0392 VRAM 35MB
Ep 1150 | M0_PDR 0.562 | M1_PDR 0.552 | H_m0 3.08 H_m1 3.20 | a-0.1224 c32.0958 ent0.0387 VRAM 35MB
Ep 1200 | M0_PDR 0.570 | M1_PDR 0.550 | H_m0 3.00 H_m1 3.19 | a-0.1199 c32.4692 ent0.0382 VRAM 35MB
Ep 1250 | M0_PDR 0.574 | M1_PDR 0.570 | H_m0 3.02 H_m1 3.20 | a-0.1187 c31.9868 ent0.0377 VRAM 35MB
Ep 1300 | M0_PDR 0.561 | M1_PDR 0.559 | H_m0 3.04 H_m1 3.19 | a-0.1171 c31.3195 ent0.0373 VRAM 35MB
Ep 1350 | M0_PDR 0.561 | M1_PDR 0.539 | H_m0 3.02 H_m1 3.20 | a-0.1153 c31.6627 ent0.0368 VRAM 35MB
Ep 1400 | M0_PDR 0.580 | M1_PDR 0.570 | H_m0 3.00 H_m1 3.19 | a-0.1135 c32.9108 ent0.0363 VRAM 35MB
Ep 1450 | M0_PDR 0.606 | M1_PDR 0.568 | H_m0 2.94 H_m1 3.20 | a-0.1108 c35.1082 ent0.0358 VRAM 35MB
Ep 1500 | M0_PDR 0.582 | M1_PDR 0.540 | H_m0 2.94 H_m1 3.20 | a-0.1095 c33.2091 ent0.0353 VRAM 35MB
Ep 1550 | M0_PDR 0.579 | M1_PDR 0.578 | H_m0 3.00 H_m1 3.20 | a-0.1086 c31.9792 ent0.0348 VRAM 35MB
Ep 1600 | M0_PDR 0.596 | M1_PDR 0.572 | H_m0 3.02 H_m1 3.19 | a-0.1075 c33.7627 ent0.0343 VRAM 35MB
Ep 1650 | M0_PDR 0.589 | M1_PDR 0.547 | H_m0 2.92 H_m1 3.20 | a-0.1042 c33.2389 ent0.0338 VRAM 35MB
Ep 1700 | M0_PDR 0.594 | M1_PDR 0.568 | H_m0 2.95 H_m1 3.20 | a-0.1031 c34.0968 ent0.0333 VRAM 35MB
Ep 1750 | M0_PDR 0.613 | M1_PDR 0.568 | H_m0 2.92 H_m1 3.20 | a-0.1015 c36.6097 ent0.0328 VRAM 35MB
Ep 1800 | M0_PDR 0.566 | M1_PDR 0.543 | H_m0 2.96 H_m1 3.20 | a-0.1003 c31.4974 ent0.0324 VRAM 35MB
Ep 1850 | M0_PDR 0.574 | M1_PDR 0.547 | H_m0 3.00 H_m1 3.19 | a-0.0994 c32.8187 ent0.0319 VRAM 35MB
Ep 1900 | M0_PDR 0.583 | M1_PDR 0.592 | H_m0 2.98 H_m1 3.19 | a-0.0975 c33.6454 ent0.0314 VRAM 35MB
Ep 1950 | M0_PDR 0.596 | M1_PDR 0.566 | H_m0 2.88 H_m1 3.19 | a-0.0947 c34.2758 ent0.0309 VRAM 35MB
Ep 2000 | M0_PDR 0.583 | M1_PDR 0.555 | H_m0 2.78 H_m1 3.18 | a-0.0915 c34.1452 ent0.0304 VRAM 35MB
Ep 2050 | M0_PDR 0.587 | M1_PDR 0.562 | H_m0 2.88 H_m1 3.18 | a-0.0912 c33.8608 ent0.0299 VRAM 35MB
Ep 2100 | M0_PDR 0.582 | M1_PDR 0.527 | H_m0 2.88 H_m1 3.18 | a-0.0903 c33.9494 ent0.0294 VRAM 35MB
Ep 2150 | M0_PDR 0.572 | M1_PDR 0.545 | H_m0 2.86 H_m1 3.19 | a-0.0884 c33.0884 ent0.0289 VRAM 35MB
Ep 2200 | M0_PDR 0.585 | M1_PDR 0.541 | H_m0 2.92 H_m1 3.19 | a-0.0874 c33.9939 ent0.0284 VRAM 35MB
Ep 2250 | M0_PDR 0.595 | M1_PDR 0.540 | H_m0 2.92 H_m1 3.19 | a-0.0861 c34.0934 ent0.0279 VRAM 35MB
Ep 2300 | M0_PDR 0.588 | M1_PDR 0.577 | H_m0 2.96 H_m1 3.19 | a-0.0851 c33.1858 ent0.0275 VRAM 35MB
Ep 2350 | M0_PDR 0.603 | M1_PDR 0.536 | H_m0 2.93 H_m1 3.19 | a-0.0834 c35.4066 ent0.0270 VRAM 35MB
Ep 2400 | M0_PDR 0.615 | M1_PDR 0.536 | H_m0 2.92 H_m1 3.19 | a-0.0816 c35.9908 ent0.0265 VRAM 35MB
Ep 2450 | M0_PDR 0.579 | M1_PDR 0.553 | H_m0 2.84 H_m1 3.18 | a-0.0787 c32.7989 ent0.0260 VRAM 35MB
Ep 2500 | M0_PDR 0.591 | M1_PDR 0.540 | H_m0 2.90 H_m1 3.18 | a-0.0781 c35.0140 ent0.0255 VRAM 35MB
Ep 2550 | M0_PDR 0.606 | M1_PDR 0.569 | H_m0 2.91 H_m1 3.18 | a-0.0768 c35.0281 ent0.0250 VRAM 35MB
Ep 2600 | M0_PDR 0.588 | M1_PDR 0.532 | H_m0 2.91 H_m1 3.20 | a-0.0753 c34.6044 ent0.0245 VRAM 35MB
Ep 2650 | M0_PDR 0.585 | M1_PDR 0.520 | H_m0 2.87 H_m1 3.20 | a-0.0736 c34.7985 ent0.0240 VRAM 35MB
Ep 2700 | M0_PDR 0.605 | M1_PDR 0.532 | H_m0 2.80 H_m1 3.20 | a-0.0711 c36.4272 ent0.0235 VRAM 35MB
Ep 2750 | M0_PDR 0.612 | M1_PDR 0.556 | H_m0 2.81 H_m1 3.20 | a-0.0698 c36.2814 ent0.0230 VRAM 35MB
Ep 2800 | M0_PDR 0.600 | M1_PDR 0.559 | H_m0 2.85 H_m1 3.20 | a-0.0686 c35.2948 ent0.0226 VRAM 35MB
Ep 2850 | M0_PDR 0.608 | M1_PDR 0.562 | H_m0 2.88 H_m1 3.20 | a-0.0675 c35.9758 ent0.0221 VRAM 35MB
Ep 2900 | M0_PDR 0.604 | M1_PDR 0.530 | H_m0 2.82 H_m1 3.20 | a-0.0654 c35.5683 ent0.0216 VRAM 35MB
Ep 2950 | M0_PDR 0.582 | M1_PDR 0.565 | H_m0 2.83 H_m1 3.20 | a-0.0640 c33.8629 ent0.0211 VRAM 35MB
Ep 3000 | M0_PDR 0.588 | M1_PDR 0.541 | H_m0 2.84 H_m1 3.20 | a-0.0628 c33.0801 ent0.0206 VRAM 35MB
Ep 3050 | M0_PDR 0.606 | M1_PDR 0.541 | H_m0 2.82 H_m1 3.20 | a-0.0610 c35.8812 ent0.0201 VRAM 35MB
Ep 3100 | M0_PDR 0.603 | M1_PDR 0.532 | H_m0 2.79 H_m1 3.20 | a-0.0591 c34.9110 ent0.0196 VRAM 35MB
Ep 3150 | M0_PDR 0.596 | M1_PDR 0.554 | H_m0 2.75 H_m1 3.20 | a-0.0574 c34.3947 ent0.0191 VRAM 35MB
Ep 3200 | M0_PDR 0.604 | M1_PDR 0.531 | H_m0 2.70 H_m1 3.20 | a-0.0554 c36.2792 ent0.0186 VRAM 35MB
Ep 3250 | M0_PDR 0.603 | M1_PDR 0.521 | H_m0 2.71 H_m1 3.19 | a-0.0538 c35.7033 ent0.0181 VRAM 35MB
Ep 3300 | M0_PDR 0.616 | M1_PDR 0.579 | H_m0 2.70 H_m1 3.19 | a-0.0525 c37.7102 ent0.0177 VRAM 35MB
Ep 3350 | M0_PDR 0.615 | M1_PDR 0.538 | H_m0 2.72 H_m1 3.18 | a-0.0509 c37.7994 ent0.0172 VRAM 35MB
Ep 3400 | M0_PDR 0.641 | M1_PDR 0.561 | H_m0 2.69 H_m1 3.18 | a-0.0493 c39.1246 ent0.0167 VRAM 35MB
Ep 3450 | M0_PDR 0.616 | M1_PDR 0.564 | H_m0 2.65 H_m1 3.18 | a-0.0475 c36.6249 ent0.0162 VRAM 35MB
Ep 3500 | M0_PDR 0.624 | M1_PDR 0.576 | H_m0 2.61 H_m1 3.18 | a-0.0458 c37.9203 ent0.0157 VRAM 35MB
Ep 3550 | M0_PDR 0.616 | M1_PDR 0.546 | H_m0 2.65 H_m1 3.19 | a-0.0446 c37.3581 ent0.0152 VRAM 35MB
Ep 3600 | M0_PDR 0.616 | M1_PDR 0.535 | H_m0 2.57 H_m1 3.19 | a-0.0425 c36.7648 ent0.0147 VRAM 35MB
Ep 3650 | M0_PDR 0.604 | M1_PDR 0.547 | H_m0 2.57 H_m1 3.19 | a-0.0413 c36.0585 ent0.0142 VRAM 35MB
Ep 3700 | M0_PDR 0.624 | M1_PDR 0.551 | H_m0 2.53 H_m1 3.19 | a-0.0395 c37.8680 ent0.0137 VRAM 35MB
Ep 3750 | M0_PDR 0.650 | M1_PDR 0.530 | H_m0 2.49 H_m1 3.19 | a-0.0379 c41.2538 ent0.0132 VRAM 35MB
Ep 3800 | M0_PDR 0.641 | M1_PDR 0.543 | H_m0 2.47 H_m1 3.19 | a-0.0363 c39.5589 ent0.0128 VRAM 35MB
Ep 3850 | M0_PDR 0.628 | M1_PDR 0.586 | H_m0 2.50 H_m1 3.19 | a-0.0351 c38.3294 ent0.0123 VRAM 35MB
Ep 3900 | M0_PDR 0.635 | M1_PDR 0.537 | H_m0 2.49 H_m1 3.19 | a-0.0336 c38.3758 ent0.0118 VRAM 35MB
Ep 3950 | M0_PDR 0.628 | M1_PDR 0.497 | H_m0 2.47 H_m1 3.19 | a-0.0321 c38.7423 ent0.0113 VRAM 35MB
Ep 4000 | M0_PDR 0.659 | M1_PDR 0.574 | H_m0 2.45 H_m1 3.19 | a-0.0306 c40.7570 ent0.0108 VRAM 35MB
Ep 4050 | M0_PDR 0.603 | M1_PDR 0.527 | H_m0 2.47 H_m1 3.19 | a-0.0293 c36.0190 ent0.0103 VRAM 35MB
Ep 4100 | M0_PDR 0.625 | M1_PDR 0.542 | H_m0 2.43 H_m1 3.19 | a-0.0277 c37.1631 ent0.0098 VRAM 35MB
Ep 4150 | M0_PDR 0.643 | M1_PDR 0.520 | H_m0 2.42 H_m1 3.19 | a-0.0263 c39.0612 ent0.0093 VRAM 35MB
Ep 4200 | M0_PDR 0.633 | M1_PDR 0.537 | H_m0 2.40 H_m1 3.19 | a-0.0248 c38.0994 ent0.0088 VRAM 35MB
Ep 4250 | M0_PDR 0.657 | M1_PDR 0.502 | H_m0 2.40 H_m1 3.19 | a-0.0234 c42.7379 ent0.0083 VRAM 35MB
Ep 4300 | M0_PDR 0.634 | M1_PDR 0.526 | H_m0 2.38 H_m1 3.19 | a-0.0219 c38.7808 ent0.0079 VRAM 35MB
Ep 4350 | M0_PDR 0.635 | M1_PDR 0.509 | H_m0 2.35 H_m1 3.19 | a-0.0205 c39.2363 ent0.0074 VRAM 35MB
Ep 4400 | M0_PDR 0.626 | M1_PDR 0.508 | H_m0 2.33 H_m1 3.19 | a-0.0191 c37.4954 ent0.0069 VRAM 35MB
Ep 4450 | M0_PDR 0.632 | M1_PDR 0.548 | H_m0 2.34 H_m1 3.19 | a-0.0178 c38.2198 ent0.0064 VRAM 35MB
Ep 4500 | M0_PDR 0.620 | M1_PDR 0.519 | H_m0 2.31 H_m1 3.19 | a-0.0163 c38.8142 ent0.0059 VRAM 35MB
Ep 4550 | M0_PDR 0.638 | M1_PDR 0.541 | H_m0 2.29 H_m1 3.19 | a-0.0149 c38.9282 ent0.0054 VRAM 35MB
Ep 4600 | M0_PDR 0.640 | M1_PDR 0.553 | H_m0 2.29 H_m1 3.19 | a-0.0135 c39.6358 ent0.0049 VRAM 35MB
Ep 4650 | M0_PDR 0.625 | M1_PDR 0.532 | H_m0 2.25 H_m1 3.19 | a-0.0121 c38.5401 ent0.0044 VRAM 35MB
Ep 4700 | M0_PDR 0.655 | M1_PDR 0.531 | H_m0 2.24 H_m1 3.19 | a-0.0107 c40.5551 ent0.0039 VRAM 35MB
Ep 4750 | M0_PDR 0.627 | M1_PDR 0.514 | H_m0 2.24 H_m1 3.19 | a-0.0094 c39.3906 ent0.0034 VRAM 35MB
Ep 4800 | M0_PDR 0.623 | M1_PDR 0.530 | H_m0 2.22 H_m1 3.19 | a-0.0080 c37.8751 ent0.0030 VRAM 35MB
Ep 4850 | M0_PDR 0.646 | M1_PDR 0.500 | H_m0 2.22 H_m1 3.19 | a-0.0067 c41.1290 ent0.0025 VRAM 35MB
Ep 4900 | M0_PDR 0.612 | M1_PDR 0.538 | H_m0 2.22 H_m1 3.19 | a-0.0054 c37.0901 ent0.0020 VRAM 35MB
Ep 4950 | M0_PDR 0.653 | M1_PDR 0.498 | H_m0 2.21 H_m1 3.19 | a-0.0040 c40.9063 ent0.0015 VRAM 35MB

Training complete. Running 100 eval episodes...

  Eval ep   0: M0_PDR=0.655  M1_PDR=0.542
  Eval ep  20: M0_PDR=0.649  M1_PDR=0.509
  Eval ep  40: M0_PDR=0.644  M1_PDR=0.538
  Eval ep  60: M0_PDR=0.619  M1_PDR=0.553
  Eval ep  80: M0_PDR=0.643  M1_PDR=0.539

=== Eval Summary (100 episodes) ===
  M0_PDR_mean         : 0.6497
  M0_PDR_p05 (across) : 0.6271
  M0_PDR_p05 (intra)  : 0.2889
  M1_PDR_mean         : 0.5280
  M0_SINR_mean (dB)   : 9.18
  M1_SINR_mean (dB)   : 1.46
  M0_collision_rate   : 0.860
  M0_collision_within_pool : 0.577
  M1_collision_within_pool : 0.591

Result saved -> results/_A_mode0c_N10_seed2_gaefix.json
  N=10  rho=2.0  M0_PDR=0.650  M1_PDR=0.528
Checkpoint saved -> checkpoints/A_mode0c_N10_seed2_gaefix_actors.pt
[NS3Bridge] Shutdown complete.
Run complete.
