GPU : NVIDIA GeForce RTX 3060
VRAM: 12.9 GB
Device          : cuda:0
Actors          : 4 per-vehicle, total 85,092 params
Critic params   : 79,361
obs_dim=11  action_dim=25  gs_dim=49
M0 count: 2  M1 count: 2
Training for 3000 episodes (Config A_mode0c_check, N=4)...

[NS3Bridge] Connected tcp://localhost:5576
Ep    0 | M0_PDR 0.653 | M1_PDR 0.642 | H_m0 3.21 H_m1 3.21 | a-0.1680 c46.4395 ent0.0500 VRAM 24MB
Ep   50 | M0_PDR 0.684 | M1_PDR 0.603 | H_m0 3.20 H_m1 3.20 | a-0.1592 c20.9759 ent0.0492 VRAM 24MB
Ep  100 | M0_PDR 0.664 | M1_PDR 0.676 | H_m0 3.14 H_m1 3.20 | a-0.1552 c12.8884 ent0.0484 VRAM 24MB
Ep  150 | M0_PDR 0.672 | M1_PDR 0.650 | H_m0 3.16 H_m1 3.18 | a-0.1531 c7.9523 ent0.0475 VRAM 24MB
Ep  200 | M0_PDR 0.703 | M1_PDR 0.664 | H_m0 2.68 H_m1 3.17 | a-0.1402 c6.2655 ent0.0467 VRAM 24MB
Ep  250 | M0_PDR 0.759 | M1_PDR 0.623 | H_m0 2.22 H_m1 3.11 | a-0.1294 c2.9522 ent0.0459 VRAM 24MB
Ep  300 | M0_PDR 0.768 | M1_PDR 0.639 | H_m0 1.87 H_m1 3.04 | a-0.1161 c2.0655 ent0.0451 VRAM 24MB
Ep  350 | M0_PDR 0.775 | M1_PDR 0.593 | H_m0 2.24 H_m1 3.12 | a-0.1214 c2.1727 ent0.0443 VRAM 24MB
Ep  400 | M0_PDR 0.829 | M1_PDR 0.669 | H_m0 1.78 H_m1 3.09 | a-0.1069 c1.7231 ent0.0435 VRAM 24MB
Ep  450 | M0_PDR 0.891 | M1_PDR 0.672 | H_m0 1.44 H_m1 2.98 | a-0.0958 c1.6554 ent0.0426 VRAM 24MB
Ep  500 | M0_PDR 0.904 | M1_PDR 0.772 | H_m0 1.04 H_m1 2.94 | a-0.0856 c1.2201 ent0.0418 VRAM 24MB
Ep  550 | M0_PDR 0.948 | M1_PDR 0.727 | H_m0 0.82 H_m1 2.84 | a-0.0770 c0.9403 ent0.0410 VRAM 24MB
Ep  600 | M0_PDR 0.953 | M1_PDR 0.770 | H_m0 0.94 H_m1 2.87 | a-0.0805 c0.8058 ent0.0402 VRAM 24MB
Ep  650 | M0_PDR 0.980 | M1_PDR 0.763 | H_m0 0.53 H_m1 2.64 | a-0.0657 c0.6194 ent0.0394 VRAM 24MB
Ep  700 | M0_PDR 0.995 | M1_PDR 0.960 | H_m0 0.74 H_m1 1.88 | a-0.0546 c0.4581 ent0.0386 VRAM 24MB
Ep  750 | M0_PDR 0.978 | M1_PDR 0.918 | H_m0 0.93 H_m1 2.05 | a-0.0565 c0.7763 ent0.0377 VRAM 24MB
Ep  800 | M0_PDR 0.989 | M1_PDR 0.942 | H_m0 1.08 H_m1 1.86 | a-0.0554 c0.5431 ent0.0369 VRAM 24MB
Ep  850 | M0_PDR 0.993 | M1_PDR 0.970 | H_m0 1.01 H_m1 1.90 | a-0.0561 c0.3934 ent0.0361 VRAM 24MB
Ep  900 | M0_PDR 0.983 | M1_PDR 0.972 | H_m0 1.00 H_m1 1.59 | a-0.0481 c0.3858 ent0.0353 VRAM 24MB
Ep  950 | M0_PDR 0.975 | M1_PDR 0.944 | H_m0 0.91 H_m1 1.94 | a-0.0516 c1.1293 ent0.0345 VRAM 24MB
Ep 1000 | M0_PDR 0.988 | M1_PDR 0.965 | H_m0 0.94 H_m1 1.90 | a-0.0507 c0.3958 ent0.0337 VRAM 24MB
Ep 1050 | M0_PDR 0.985 | M1_PDR 0.973 | H_m0 0.91 H_m1 1.93 | a-0.0473 c0.4411 ent0.0328 VRAM 24MB
Ep 1100 | M0_PDR 0.970 | M1_PDR 0.958 | H_m0 0.96 H_m1 1.90 | a-0.0470 c0.5021 ent0.0320 VRAM 24MB
Ep 1150 | M0_PDR 0.972 | M1_PDR 0.946 | H_m0 0.84 H_m1 2.05 | a-0.0485 c0.5188 ent0.0312 VRAM 24MB
Ep 1200 | M0_PDR 0.995 | M1_PDR 0.980 | H_m0 0.90 H_m1 1.88 | a-0.0427 c0.9950 ent0.0304 VRAM 24MB
Ep 1250 | M0_PDR 0.992 | M1_PDR 0.987 | H_m0 1.08 H_m1 1.89 | a-0.0459 c0.5775 ent0.0296 VRAM 24MB
Ep 1300 | M0_PDR 0.970 | M1_PDR 0.958 | H_m0 1.10 H_m1 1.87 | a-0.0441 c0.5089 ent0.0288 VRAM 24MB
Ep 1350 | M0_PDR 0.960 | M1_PDR 0.961 | H_m0 1.00 H_m1 1.95 | a-0.0414 c0.5609 ent0.0279 VRAM 24MB
Ep 1400 | M0_PDR 0.980 | M1_PDR 0.962 | H_m0 0.97 H_m1 1.94 | a-0.0410 c0.3751 ent0.0271 VRAM 24MB
Ep 1450 | M0_PDR 0.968 | M1_PDR 0.962 | H_m0 1.09 H_m1 1.92 | a-0.0401 c0.5325 ent0.0263 VRAM 24MB
Ep 1500 | M0_PDR 0.945 | M1_PDR 0.962 | H_m0 0.98 H_m1 1.97 | a-0.0389 c0.9079 ent0.0255 VRAM 24MB
Ep 1550 | M0_PDR 0.973 | M1_PDR 0.965 | H_m0 1.03 H_m1 1.96 | a-0.0378 c0.5126 ent0.0247 VRAM 24MB
Ep 1600 | M0_PDR 0.969 | M1_PDR 0.958 | H_m0 0.98 H_m1 1.89 | a-0.0348 c0.5719 ent0.0239 VRAM 24MB
Ep 1650 | M0_PDR 0.960 | M1_PDR 0.970 | H_m0 1.02 H_m1 1.84 | a-0.0345 c0.5455 ent0.0230 VRAM 24MB
Ep 1700 | M0_PDR 0.970 | M1_PDR 0.961 | H_m0 1.03 H_m1 1.81 | a-0.0318 c0.5612 ent0.0222 VRAM 24MB
Ep 1750 | M0_PDR 0.985 | M1_PDR 0.975 | H_m0 0.95 H_m1 1.79 | a-0.0301 c0.3854 ent0.0214 VRAM 24MB
Ep 1800 | M0_PDR 0.990 | M1_PDR 0.987 | H_m0 1.07 H_m1 1.77 | a-0.0295 c0.5879 ent0.0206 VRAM 24MB
Ep 1850 | M0_PDR 0.992 | M1_PDR 0.994 | H_m0 0.96 H_m1 1.75 | a-0.0268 c0.3897 ent0.0198 VRAM 24MB
Ep 1900 | M0_PDR 0.985 | M1_PDR 0.988 | H_m0 0.99 H_m1 1.80 | a-0.0265 c0.3688 ent0.0190 VRAM 24MB
Ep 1950 | M0_PDR 0.985 | M1_PDR 0.985 | H_m0 1.02 H_m1 1.81 | a-0.0261 c0.3822 ent0.0181 VRAM 24MB
Ep 2000 | M0_PDR 0.987 | M1_PDR 0.985 | H_m0 1.03 H_m1 1.82 | a-0.0249 c0.3062 ent0.0173 VRAM 24MB
Ep 2050 | M0_PDR 0.980 | M1_PDR 0.978 | H_m0 1.07 H_m1 1.80 | a-0.0246 c0.4527 ent0.0165 VRAM 24MB
Ep 2100 | M0_PDR 0.975 | M1_PDR 0.968 | H_m0 1.09 H_m1 1.78 | a-0.0228 c0.5199 ent0.0157 VRAM 24MB
Ep 2150 | M0_PDR 0.985 | M1_PDR 0.984 | H_m0 1.07 H_m1 1.80 | a-0.0212 c0.5871 ent0.0149 VRAM 24MB
Ep 2200 | M0_PDR 0.985 | M1_PDR 0.985 | H_m0 1.02 H_m1 1.80 | a-0.0202 c0.3792 ent0.0141 VRAM 24MB
Ep 2250 | M0_PDR 0.963 | M1_PDR 0.964 | H_m0 1.03 H_m1 1.78 | a-0.0188 c0.5542 ent0.0132 VRAM 24MB
Ep 2300 | M0_PDR 0.973 | M1_PDR 0.984 | H_m0 1.01 H_m1 1.78 | a-0.0179 c0.4124 ent0.0124 VRAM 24MB
Ep 2350 | M0_PDR 0.985 | M1_PDR 0.982 | H_m0 0.95 H_m1 1.79 | a-0.0161 c0.3797 ent0.0116 VRAM 24MB
Ep 2400 | M0_PDR 0.980 | M1_PDR 0.982 | H_m0 0.95 H_m1 1.78 | a-0.0152 c0.4324 ent0.0108 VRAM 24MB
Ep 2450 | M0_PDR 0.995 | M1_PDR 0.995 | H_m0 0.97 H_m1 1.78 | a-0.0140 c0.4376 ent0.0100 VRAM 24MB
Ep 2500 | M0_PDR 0.995 | M1_PDR 0.995 | H_m0 1.00 H_m1 1.75 | a-0.0127 c0.3323 ent0.0092 VRAM 24MB
Ep 2550 | M0_PDR 0.983 | M1_PDR 0.982 | H_m0 1.00 H_m1 1.73 | a-0.0114 c0.4394 ent0.0083 VRAM 24MB
Ep 2600 | M0_PDR 0.994 | M1_PDR 0.994 | H_m0 1.02 H_m1 1.73 | a-0.0104 c0.3079 ent0.0075 VRAM 24MB
Ep 2650 | M0_PDR 0.980 | M1_PDR 0.980 | H_m0 1.01 H_m1 1.75 | a-0.0095 c0.4008 ent0.0067 VRAM 24MB
Ep 2700 | M0_PDR 0.988 | M1_PDR 0.990 | H_m0 1.00 H_m1 1.73 | a-0.0081 c0.3443 ent0.0059 VRAM 24MB
Ep 2750 | M0_PDR 0.988 | M1_PDR 0.985 | H_m0 1.01 H_m1 1.74 | a-0.0071 c0.3559 ent0.0051 VRAM 24MB
Ep 2800 | M0_PDR 0.985 | M1_PDR 0.983 | H_m0 1.00 H_m1 1.75 | a-0.0060 c0.3601 ent0.0043 VRAM 24MB
Ep 2850 | M0_PDR 0.980 | M1_PDR 0.982 | H_m0 1.01 H_m1 1.74 | a-0.0048 c0.4026 ent0.0034 VRAM 24MB
Ep 2900 | M0_PDR 0.993 | M1_PDR 0.990 | H_m0 0.99 H_m1 1.74 | a-0.0037 c0.3456 ent0.0026 VRAM 24MB
Ep 2950 | M0_PDR 0.993 | M1_PDR 0.992 | H_m0 0.99 H_m1 1.72 | a-0.0025 c0.3084 ent0.0018 VRAM 24MB

Training complete. Running 100 eval episodes...

  Eval ep   0: M0_PDR=0.995  M1_PDR=0.990
  Eval ep  20: M0_PDR=0.993  M1_PDR=0.991
  Eval ep  40: M0_PDR=0.985  M1_PDR=0.985
  Eval ep  60: M0_PDR=0.980  M1_PDR=0.979
  Eval ep  80: M0_PDR=0.990  M1_PDR=0.988

=== Eval Summary (100 episodes) ===
  M0_PDR_mean         : 0.9903
  M0_PDR_p05 (across) : 0.9825
  M0_PDR_p05 (intra)  : 1.0000
  M1_PDR_mean         : 0.9901
  M0_SINR_mean (dB)   : 41.72
  M1_SINR_mean (dB)   : 39.77
  M0_collision_rate   : 0.011
  M0_collision_within_pool : 0.000
  M1_collision_within_pool : 0.001

Result saved -> results/_A_mode0c_check.json
  N=4  rho=0.8  M0_PDR=0.990  M1_PDR=0.990
Checkpoint saved -> checkpoints/A_mode0c_check_actors.pt
[NS3Bridge] Shutdown complete.
Run complete.
