[seed] all RNGs seeded with 2
GPU : NVIDIA GeForce RTX 3060
VRAM: 12.9 GB
Device          : cuda:0
Actors          : 4 per-vehicle, total 85,092 params
Critic params   : 79,361
obs_dim=11  action_dim=25  gs_dim=49
M0 count: 2  M1 count: 2
Training for 3000 episodes (Config A_mode0c_seed2, N=4)...

[NS3Bridge] Connected tcp://localhost:5666
Ep    0 | M0_PDR 0.655 | M1_PDR 0.647 | H_m0 3.22 H_m1 3.21 | a-0.1682 c46.8090 ent0.0500 VRAM 24MB
Ep   50 | M0_PDR 0.679 | M1_PDR 0.662 | H_m0 3.20 H_m1 3.20 | a-0.1592 c21.0167 ent0.0492 VRAM 24MB
Ep  100 | M0_PDR 0.612 | M1_PDR 0.623 | H_m0 3.17 H_m1 3.19 | a-0.1554 c8.7973 ent0.0484 VRAM 24MB
Ep  150 | M0_PDR 0.657 | M1_PDR 0.666 | H_m0 3.16 H_m1 3.20 | a-0.1524 c6.0930 ent0.0475 VRAM 24MB
Ep  200 | M0_PDR 0.714 | M1_PDR 0.637 | H_m0 2.91 H_m1 3.19 | a-0.1453 c5.7347 ent0.0467 VRAM 24MB
Ep  250 | M0_PDR 0.757 | M1_PDR 0.619 | H_m0 2.30 H_m1 3.20 | a-0.1317 c2.5849 ent0.0459 VRAM 24MB
Ep  300 | M0_PDR 0.783 | M1_PDR 0.590 | H_m0 1.90 H_m1 3.18 | a-0.1164 c2.1027 ent0.0451 VRAM 24MB
Ep  350 | M0_PDR 0.844 | M1_PDR 0.593 | H_m0 1.55 H_m1 3.08 | a-0.1057 c1.8159 ent0.0443 VRAM 24MB
Ep  400 | M0_PDR 0.858 | M1_PDR 0.656 | H_m0 1.46 H_m1 3.06 | a-0.1011 c1.2636 ent0.0435 VRAM 24MB
Ep  450 | M0_PDR 0.882 | M1_PDR 0.661 | H_m0 1.13 H_m1 2.98 | a-0.0917 c1.5600 ent0.0426 VRAM 24MB
Ep  500 | M0_PDR 0.943 | M1_PDR 0.781 | H_m0 1.03 H_m1 2.55 | a-0.0767 c1.7159 ent0.0418 VRAM 24MB
Ep  550 | M0_PDR 0.985 | M1_PDR 0.935 | H_m0 1.03 H_m1 1.91 | a-0.0641 c0.5117 ent0.0410 VRAM 24MB
Ep  600 | M0_PDR 0.978 | M1_PDR 0.884 | H_m0 1.01 H_m1 2.23 | a-0.0661 c1.0645 ent0.0402 VRAM 24MB
Ep  650 | M0_PDR 0.993 | M1_PDR 0.962 | H_m0 1.12 H_m1 1.95 | a-0.0613 c0.4830 ent0.0394 VRAM 24MB
Ep  700 | M0_PDR 0.980 | M1_PDR 0.926 | H_m0 1.03 H_m1 1.98 | a-0.0607 c1.3582 ent0.0386 VRAM 24MB
Ep  750 | M0_PDR 0.977 | M1_PDR 0.946 | H_m0 1.09 H_m1 1.94 | a-0.0586 c1.0631 ent0.0377 VRAM 24MB
Ep  800 | M0_PDR 0.945 | M1_PDR 0.963 | H_m0 0.97 H_m1 2.02 | a-0.0582 c0.7710 ent0.0369 VRAM 24MB
Ep  850 | M0_PDR 0.953 | M1_PDR 0.940 | H_m0 1.07 H_m1 2.06 | a-0.0578 c0.8184 ent0.0361 VRAM 24MB
Ep  900 | M0_PDR 0.980 | M1_PDR 0.960 | H_m0 1.08 H_m1 1.91 | a-0.0538 c0.5248 ent0.0353 VRAM 24MB
Ep  950 | M0_PDR 0.970 | M1_PDR 0.975 | H_m0 1.09 H_m1 1.87 | a-0.0534 c0.6227 ent0.0345 VRAM 24MB
Ep 1000 | M0_PDR 0.965 | M1_PDR 0.974 | H_m0 1.09 H_m1 1.91 | a-0.0540 c0.7211 ent0.0337 VRAM 24MB
Ep 1050 | M0_PDR 0.985 | M1_PDR 0.987 | H_m0 1.09 H_m1 1.85 | a-0.0491 c0.5931 ent0.0328 VRAM 24MB
Ep 1100 | M0_PDR 0.980 | M1_PDR 0.977 | H_m0 1.09 H_m1 1.79 | a-0.0476 c0.6083 ent0.0320 VRAM 24MB
Ep 1150 | M0_PDR 0.968 | M1_PDR 0.972 | H_m0 1.11 H_m1 1.80 | a-0.0467 c0.5347 ent0.0312 VRAM 24MB
Ep 1200 | M0_PDR 0.952 | M1_PDR 0.945 | H_m0 1.10 H_m1 1.95 | a-0.0484 c0.6202 ent0.0304 VRAM 24MB
Ep 1250 | M0_PDR 0.978 | M1_PDR 0.968 | H_m0 1.10 H_m1 1.92 | a-0.0454 c0.6880 ent0.0296 VRAM 24MB
Ep 1300 | M0_PDR 0.965 | M1_PDR 0.972 | H_m0 1.13 H_m1 1.88 | a-0.0457 c1.1932 ent0.0288 VRAM 24MB
Ep 1350 | M0_PDR 0.983 | M1_PDR 0.982 | H_m0 1.13 H_m1 1.89 | a-0.0432 c0.5350 ent0.0279 VRAM 24MB
Ep 1400 | M0_PDR 0.950 | M1_PDR 0.972 | H_m0 1.10 H_m1 2.03 | a-0.0436 c0.5205 ent0.0271 VRAM 24MB
Ep 1450 | M0_PDR 0.968 | M1_PDR 0.969 | H_m0 1.13 H_m1 1.99 | a-0.0415 c0.5472 ent0.0263 VRAM 24MB
Ep 1500 | M0_PDR 0.990 | M1_PDR 0.990 | H_m0 1.05 H_m1 1.86 | a-0.0385 c0.5332 ent0.0255 VRAM 24MB
Ep 1550 | M0_PDR 0.977 | M1_PDR 0.969 | H_m0 1.14 H_m1 1.88 | a-0.0386 c0.4418 ent0.0247 VRAM 24MB
Ep 1600 | M0_PDR 0.970 | M1_PDR 0.992 | H_m0 1.14 H_m1 1.84 | a-0.0357 c0.8211 ent0.0239 VRAM 24MB
Ep 1650 | M0_PDR 0.977 | M1_PDR 0.975 | H_m0 1.05 H_m1 1.87 | a-0.0351 c0.6282 ent0.0230 VRAM 24MB
Ep 1700 | M0_PDR 0.968 | M1_PDR 0.966 | H_m0 0.99 H_m1 1.84 | a-0.0323 c0.5833 ent0.0222 VRAM 24MB
Ep 1750 | M0_PDR 0.968 | M1_PDR 0.971 | H_m0 1.03 H_m1 1.89 | a-0.0321 c0.5580 ent0.0214 VRAM 24MB
Ep 1800 | M0_PDR 0.978 | M1_PDR 0.968 | H_m0 0.97 H_m1 1.92 | a-0.0310 c0.4060 ent0.0206 VRAM 24MB
Ep 1850 | M0_PDR 0.985 | M1_PDR 0.981 | H_m0 1.04 H_m1 1.86 | a-0.0289 c0.4152 ent0.0198 VRAM 24MB
Ep 1900 | M0_PDR 0.983 | M1_PDR 0.977 | H_m0 1.10 H_m1 1.80 | a-0.0284 c0.6183 ent0.0190 VRAM 24MB
Ep 1950 | M0_PDR 0.997 | M1_PDR 0.985 | H_m0 1.12 H_m1 1.85 | a-0.0274 c0.4960 ent0.0181 VRAM 24MB
Ep 2000 | M0_PDR 0.986 | M1_PDR 0.987 | H_m0 1.15 H_m1 1.82 | a-0.0262 c0.4560 ent0.0173 VRAM 24MB
Ep 2050 | M0_PDR 0.975 | M1_PDR 0.980 | H_m0 1.07 H_m1 1.85 | a-0.0245 c0.5112 ent0.0165 VRAM 24MB
Ep 2100 | M0_PDR 0.982 | M1_PDR 0.978 | H_m0 1.11 H_m1 1.80 | a-0.0232 c0.4428 ent0.0157 VRAM 24MB
Ep 2150 | M0_PDR 0.973 | M1_PDR 0.977 | H_m0 1.14 H_m1 1.78 | a-0.0223 c0.5104 ent0.0149 VRAM 24MB
Ep 2200 | M0_PDR 0.983 | M1_PDR 0.985 | H_m0 1.16 H_m1 1.79 | a-0.0211 c0.3494 ent0.0141 VRAM 24MB
Ep 2250 | M0_PDR 0.990 | M1_PDR 0.984 | H_m0 1.14 H_m1 1.75 | a-0.0192 c0.3673 ent0.0132 VRAM 24MB
Ep 2300 | M0_PDR 0.988 | M1_PDR 0.987 | H_m0 1.18 H_m1 1.72 | a-0.0183 c0.3383 ent0.0124 VRAM 24MB
Ep 2350 | M0_PDR 0.991 | M1_PDR 0.995 | H_m0 1.15 H_m1 1.71 | a-0.0169 c0.3074 ent0.0116 VRAM 24MB
Ep 2400 | M0_PDR 0.988 | M1_PDR 0.990 | H_m0 1.14 H_m1 1.65 | a-0.0154 c0.3727 ent0.0108 VRAM 24MB
Ep 2450 | M0_PDR 0.990 | M1_PDR 0.985 | H_m0 1.13 H_m1 1.68 | a-0.0144 c0.3477 ent0.0100 VRAM 24MB
Ep 2500 | M0_PDR 0.982 | M1_PDR 0.983 | H_m0 1.14 H_m1 1.67 | a-0.0134 c0.4081 ent0.0092 VRAM 24MB
Ep 2550 | M0_PDR 0.992 | M1_PDR 0.995 | H_m0 1.15 H_m1 1.65 | a-0.0119 c0.3011 ent0.0083 VRAM 24MB
Ep 2600 | M0_PDR 0.987 | M1_PDR 0.990 | H_m0 1.15 H_m1 1.66 | a-0.0108 c0.3817 ent0.0075 VRAM 24MB
Ep 2650 | M0_PDR 0.992 | M1_PDR 0.987 | H_m0 1.15 H_m1 1.66 | a-0.0095 c0.3275 ent0.0067 VRAM 24MB
Ep 2700 | M0_PDR 0.984 | M1_PDR 0.985 | H_m0 1.15 H_m1 1.66 | a-0.0083 c0.4407 ent0.0059 VRAM 24MB
Ep 2750 | M0_PDR 0.992 | M1_PDR 0.992 | H_m0 1.14 H_m1 1.64 | a-0.0070 c0.3475 ent0.0051 VRAM 24MB
Ep 2800 | M0_PDR 0.993 | M1_PDR 0.998 | H_m0 1.14 H_m1 1.63 | a-0.0060 c0.3002 ent0.0043 VRAM 24MB
Ep 2850 | M0_PDR 0.998 | M1_PDR 0.995 | H_m0 1.15 H_m1 1.62 | a-0.0049 c0.2812 ent0.0034 VRAM 24MB
Ep 2900 | M0_PDR 0.988 | M1_PDR 0.990 | H_m0 1.14 H_m1 1.61 | a-0.0037 c0.3692 ent0.0026 VRAM 24MB
Ep 2950 | M0_PDR 0.997 | M1_PDR 0.997 | H_m0 1.14 H_m1 1.60 | a-0.0026 c0.2734 ent0.0018 VRAM 24MB

Training complete. Running 100 eval episodes...

  Eval ep   0: M0_PDR=1.000  M1_PDR=1.000
  Eval ep  20: M0_PDR=1.000  M1_PDR=1.000
  Eval ep  40: M0_PDR=0.995  M1_PDR=1.000
  Eval ep  60: M0_PDR=0.995  M1_PDR=0.995
  Eval ep  80: M0_PDR=0.990  M1_PDR=0.987

=== Eval Summary (100 episodes) ===
  M0_PDR_mean         : 0.9941
  M0_PDR_p05 (across) : 0.9875
  M0_PDR_p05 (intra)  : 1.0000
  M1_PDR_mean         : 0.9941
  M0_SINR_mean (dB)   : 41.29
  M1_SINR_mean (dB)   : 39.72
  M0_collision_rate   : 0.007
  M0_collision_within_pool : 0.000
  M1_collision_within_pool : 0.003

Result saved -> results/_A_mode0c_seed2.json
  N=4  rho=0.8  M0_PDR=0.994  M1_PDR=0.994
Checkpoint saved -> checkpoints/A_mode0c_seed2_actors.pt
[NS3Bridge] Shutdown complete.
Run complete.
