[seed] all RNGs seeded with 3
GPU : NVIDIA GeForce RTX 3060
VRAM: 12.9 GB
Device          : cuda:0
Actors          : 10 per-vehicle, total 228,190 params
Critic params   : 101,889
obs_dim=13  action_dim=35  gs_dim=137
M0 count: 5  M1 count: 5
Training for 5000 episodes (Config A_mode0c_N10_M7_seed3_gaefix_g05_ent01, N=10)...

[NS3Bridge] Connected tcp://localhost:8286
Ep    0 | M0_PDR 0.617 | M1_PDR 0.690 | H_m0 3.55 H_m1 3.55 | a-0.0437 c0.6675 ent0.0100 VRAM 37MB
Ep   50 | M0_PDR 0.823 | M1_PDR 0.655 | H_m0 1.50 H_m1 3.36 | a-0.0303 c0.9225 ent0.0099 VRAM 37MB
Ep  100 | M0_PDR 0.979 | M1_PDR 0.663 | H_m0 0.22 H_m1 2.42 | a-0.0164 c1.1588 ent0.0098 VRAM 37MB
Ep  150 | M0_PDR 0.976 | M1_PDR 0.738 | H_m0 0.19 H_m1 1.99 | a-0.0128 c1.1146 ent0.0097 VRAM 37MB
Ep  200 | M0_PDR 0.965 | M1_PDR 0.781 | H_m0 0.08 H_m1 1.47 | a-0.0089 c1.0792 ent0.0096 VRAM 37MB
Ep  250 | M0_PDR 0.961 | M1_PDR 0.878 | H_m0 0.04 H_m1 0.84 | a-0.0046 c1.0246 ent0.0095 VRAM 37MB
Ep  300 | M0_PDR 0.974 | M1_PDR 0.921 | H_m0 0.04 H_m1 0.77 | a-0.0037 c1.0366 ent0.0095 VRAM 37MB
Ep  350 | M0_PDR 0.987 | M1_PDR 0.942 | H_m0 0.05 H_m1 0.47 | a-0.0031 c1.0485 ent0.0094 VRAM 37MB
Ep  400 | M0_PDR 0.965 | M1_PDR 0.955 | H_m0 0.04 H_m1 0.50 | a-0.0027 c0.9984 ent0.0093 VRAM 37MB
Ep  450 | M0_PDR 0.983 | M1_PDR 0.958 | H_m0 0.14 H_m1 0.35 | a-0.0029 c1.0220 ent0.0092 VRAM 37MB
Ep  500 | M0_PDR 0.973 | M1_PDR 0.960 | H_m0 0.07 H_m1 0.33 | a-0.0024 c1.0170 ent0.0091 VRAM 37MB
Ep  550 | M0_PDR 0.989 | M1_PDR 0.955 | H_m0 0.09 H_m1 0.28 | a-0.0020 c1.0515 ent0.0090 VRAM 37MB
Ep  600 | M0_PDR 0.988 | M1_PDR 0.972 | H_m0 0.02 H_m1 0.03 | a-0.0004 c1.0314 ent0.0089 VRAM 37MB
Ep  650 | M0_PDR 0.987 | M1_PDR 0.973 | H_m0 0.03 H_m1 0.12 | a-0.0011 c1.0229 ent0.0088 VRAM 37MB
Ep  700 | M0_PDR 0.958 | M1_PDR 0.969 | H_m0 0.13 H_m1 0.12 | a-0.0013 c0.9778 ent0.0087 VRAM 37MB
Ep  750 | M0_PDR 0.966 | M1_PDR 0.976 | H_m0 0.12 H_m1 0.15 | a-0.0015 c0.9973 ent0.0086 VRAM 37MB
Ep  800 | M0_PDR 0.958 | M1_PDR 0.976 | H_m0 0.07 H_m1 0.10 | a-0.0011 c0.9718 ent0.0086 VRAM 37MB
Ep  850 | M0_PDR 0.977 | M1_PDR 0.972 | H_m0 0.07 H_m1 0.13 | a-0.0019 c0.9986 ent0.0085 VRAM 37MB
Ep  900 | M0_PDR 0.968 | M1_PDR 0.980 | H_m0 0.11 H_m1 0.15 | a-0.0009 c0.9852 ent0.0084 VRAM 37MB
Ep  950 | M0_PDR 0.966 | M1_PDR 0.977 | H_m0 0.14 H_m1 0.13 | a-0.0012 c0.9819 ent0.0083 VRAM 37MB
Ep 1000 | M0_PDR 0.971 | M1_PDR 0.976 | H_m0 0.11 H_m1 0.15 | a-0.0009 c0.9951 ent0.0082 VRAM 37MB
Ep 1050 | M0_PDR 0.969 | M1_PDR 0.980 | H_m0 0.09 H_m1 0.11 | a-0.0011 c0.9879 ent0.0081 VRAM 37MB
Ep 1100 | M0_PDR 0.987 | M1_PDR 0.975 | H_m0 0.14 H_m1 0.05 | a-0.0008 c1.0302 ent0.0080 VRAM 37MB
Ep 1150 | M0_PDR 0.980 | M1_PDR 0.972 | H_m0 0.14 H_m1 0.18 | a-0.0015 c1.0122 ent0.0079 VRAM 37MB
Ep 1200 | M0_PDR 0.987 | M1_PDR 0.971 | H_m0 0.14 H_m1 0.13 | a-0.0006 c1.0240 ent0.0078 VRAM 37MB
Ep 1250 | M0_PDR 0.989 | M1_PDR 0.979 | H_m0 0.14 H_m1 0.12 | a-0.0014 c1.0212 ent0.0077 VRAM 37MB
Ep 1300 | M0_PDR 0.964 | M1_PDR 0.979 | H_m0 0.07 H_m1 0.14 | a-0.0014 c0.9822 ent0.0077 VRAM 37MB
Ep 1350 | M0_PDR 0.969 | M1_PDR 0.972 | H_m0 0.11 H_m1 0.14 | a-0.0012 c0.9875 ent0.0076 VRAM 37MB
Ep 1400 | M0_PDR 0.960 | M1_PDR 0.973 | H_m0 0.05 H_m1 0.06 | a-0.0004 c0.9670 ent0.0075 VRAM 37MB
Ep 1450 | M0_PDR 0.968 | M1_PDR 0.975 | H_m0 0.09 H_m1 0.05 | a-0.0005 c0.9799 ent0.0074 VRAM 37MB
Ep 1500 | M0_PDR 0.967 | M1_PDR 0.978 | H_m0 0.10 H_m1 0.08 | a-0.0007 c0.9822 ent0.0073 VRAM 37MB
Ep 1550 | M0_PDR 0.949 | M1_PDR 0.974 | H_m0 0.14 H_m1 0.16 | a-0.0013 c0.9595 ent0.0072 VRAM 37MB
Ep 1600 | M0_PDR 0.964 | M1_PDR 0.974 | H_m0 0.14 H_m1 0.16 | a-0.0012 c0.9788 ent0.0071 VRAM 37MB
Ep 1650 | M0_PDR 0.953 | M1_PDR 0.977 | H_m0 0.04 H_m1 0.19 | a-0.0016 c0.9618 ent0.0070 VRAM 37MB
Ep 1700 | M0_PDR 0.956 | M1_PDR 0.982 | H_m0 0.08 H_m1 0.08 | a-0.0010 c0.9679 ent0.0069 VRAM 37MB
Ep 1750 | M0_PDR 0.954 | M1_PDR 0.973 | H_m0 0.18 H_m1 0.11 | a-0.0013 c0.9650 ent0.0068 VRAM 37MB
Ep 1800 | M0_PDR 0.957 | M1_PDR 0.972 | H_m0 0.14 H_m1 0.03 | a-0.0005 c0.9718 ent0.0068 VRAM 37MB
Ep 1850 | M0_PDR 0.955 | M1_PDR 0.981 | H_m0 0.13 H_m1 0.03 | a-0.0002 c0.9663 ent0.0067 VRAM 37MB
Ep 1900 | M0_PDR 0.953 | M1_PDR 0.974 | H_m0 0.10 H_m1 0.03 | a-0.0014 c0.9641 ent0.0066 VRAM 37MB
Ep 1950 | M0_PDR 0.959 | M1_PDR 0.977 | H_m0 0.14 H_m1 0.04 | a-0.0008 c0.9720 ent0.0065 VRAM 37MB
Ep 2000 | M0_PDR 0.953 | M1_PDR 0.981 | H_m0 0.14 H_m1 0.08 | a-0.0011 c0.9621 ent0.0064 VRAM 37MB
Ep 2050 | M0_PDR 0.962 | M1_PDR 0.974 | H_m0 0.13 H_m1 0.08 | a-0.0010 c0.9709 ent0.0063 VRAM 37MB
Ep 2100 | M0_PDR 0.955 | M1_PDR 0.982 | H_m0 0.15 H_m1 0.01 | a-0.0007 c0.9626 ent0.0062 VRAM 37MB
Ep 2150 | M0_PDR 0.956 | M1_PDR 0.974 | H_m0 0.16 H_m1 0.01 | a-0.0007 c0.9635 ent0.0061 VRAM 37MB
Ep 2200 | M0_PDR 0.946 | M1_PDR 0.986 | H_m0 0.17 H_m1 0.02 | a-0.0006 c0.9516 ent0.0060 VRAM 37MB
Ep 2250 | M0_PDR 0.951 | M1_PDR 0.976 | H_m0 0.17 H_m1 0.03 | a-0.0007 c0.9630 ent0.0059 VRAM 37MB
Ep 2300 | M0_PDR 0.972 | M1_PDR 0.978 | H_m0 0.12 H_m1 0.14 | a-0.0008 c0.9928 ent0.0059 VRAM 37MB
Ep 2350 | M0_PDR 0.989 | M1_PDR 0.971 | H_m0 0.15 H_m1 0.10 | a-0.0011 c1.0293 ent0.0058 VRAM 37MB
Ep 2400 | M0_PDR 0.987 | M1_PDR 0.972 | H_m0 0.13 H_m1 0.11 | a-0.0006 c1.0271 ent0.0057 VRAM 37MB
Ep 2450 | M0_PDR 0.993 | M1_PDR 0.969 | H_m0 0.08 H_m1 0.08 | a-0.0008 c1.0404 ent0.0056 VRAM 37MB
Ep 2500 | M0_PDR 0.993 | M1_PDR 0.977 | H_m0 0.06 H_m1 0.07 | a-0.0006 c1.0335 ent0.0055 VRAM 37MB
Ep 2550 | M0_PDR 0.989 | M1_PDR 0.972 | H_m0 0.09 H_m1 0.13 | a-0.0006 c1.0290 ent0.0054 VRAM 37MB
Ep 2600 | M0_PDR 0.984 | M1_PDR 0.980 | H_m0 0.15 H_m1 0.13 | a-0.0009 c1.0232 ent0.0053 VRAM 37MB
Ep 2650 | M0_PDR 0.975 | M1_PDR 0.971 | H_m0 0.13 H_m1 0.17 | a-0.0009 c1.0023 ent0.0052 VRAM 37MB
Ep 2700 | M0_PDR 0.957 | M1_PDR 0.965 | H_m0 0.10 H_m1 0.28 | a-0.0011 c0.9800 ent0.0051 VRAM 37MB
Ep 2750 | M0_PDR 0.976 | M1_PDR 0.969 | H_m0 0.08 H_m1 0.24 | a-0.0011 c1.0032 ent0.0050 VRAM 37MB
Ep 2800 | M0_PDR 0.973 | M1_PDR 0.967 | H_m0 0.03 H_m1 0.22 | a-0.0008 c1.0095 ent0.0050 VRAM 37MB
Ep 2850 | M0_PDR 0.968 | M1_PDR 0.975 | H_m0 0.06 H_m1 0.18 | a-0.0007 c0.9903 ent0.0049 VRAM 37MB
Ep 2900 | M0_PDR 0.967 | M1_PDR 0.978 | H_m0 0.08 H_m1 0.22 | a-0.0010 c0.9892 ent0.0048 VRAM 37MB
Ep 2950 | M0_PDR 0.971 | M1_PDR 0.975 | H_m0 0.08 H_m1 0.22 | a-0.0008 c0.9963 ent0.0047 VRAM 37MB
Ep 3000 | M0_PDR 0.972 | M1_PDR 0.982 | H_m0 0.10 H_m1 0.20 | a-0.0009 c0.9996 ent0.0046 VRAM 37MB
Ep 3050 | M0_PDR 0.979 | M1_PDR 0.972 | H_m0 0.11 H_m1 0.16 | a-0.0010 c1.0138 ent0.0045 VRAM 37MB
Ep 3100 | M0_PDR 0.970 | M1_PDR 0.977 | H_m0 0.09 H_m1 0.15 | a-0.0007 c0.9918 ent0.0044 VRAM 37MB
Ep 3150 | M0_PDR 0.969 | M1_PDR 0.974 | H_m0 0.12 H_m1 0.16 | a-0.0006 c0.9910 ent0.0043 VRAM 37MB
Ep 3200 | M0_PDR 0.978 | M1_PDR 0.967 | H_m0 0.13 H_m1 0.13 | a-0.0008 c1.0103 ent0.0042 VRAM 37MB
Ep 3250 | M0_PDR 0.989 | M1_PDR 0.971 | H_m0 0.14 H_m1 0.12 | a-0.0007 c1.0233 ent0.0041 VRAM 37MB
Ep 3300 | M0_PDR 0.968 | M1_PDR 0.975 | H_m0 0.14 H_m1 0.15 | a-0.0009 c0.9881 ent0.0041 VRAM 37MB
Ep 3350 | M0_PDR 0.965 | M1_PDR 0.970 | H_m0 0.14 H_m1 0.11 | a-0.0008 c0.9772 ent0.0040 VRAM 37MB
Ep 3400 | M0_PDR 0.974 | M1_PDR 0.980 | H_m0 0.15 H_m1 0.14 | a-0.0008 c0.9902 ent0.0039 VRAM 37MB
Ep 3450 | M0_PDR 0.963 | M1_PDR 0.974 | H_m0 0.14 H_m1 0.13 | a-0.0005 c0.9795 ent0.0038 VRAM 37MB
Ep 3500 | M0_PDR 0.963 | M1_PDR 0.979 | H_m0 0.14 H_m1 0.11 | a-0.0006 c0.9712 ent0.0037 VRAM 37MB
Ep 3550 | M0_PDR 0.962 | M1_PDR 0.979 | H_m0 0.14 H_m1 0.11 | a-0.0005 c0.9787 ent0.0036 VRAM 37MB
Ep 3600 | M0_PDR 0.970 | M1_PDR 0.975 | H_m0 0.14 H_m1 0.10 | a-0.0005 c0.9868 ent0.0035 VRAM 37MB
Ep 3650 | M0_PDR 0.962 | M1_PDR 0.970 | H_m0 0.14 H_m1 0.08 | a-0.0004 c0.9758 ent0.0034 VRAM 37MB
Ep 3700 | M0_PDR 0.956 | M1_PDR 0.980 | H_m0 0.14 H_m1 0.09 | a-0.0006 c0.9633 ent0.0033 VRAM 37MB
Ep 3750 | M0_PDR 0.963 | M1_PDR 0.970 | H_m0 0.13 H_m1 0.07 | a-0.0005 c0.9733 ent0.0032 VRAM 37MB
Ep 3800 | M0_PDR 0.955 | M1_PDR 0.973 | H_m0 0.14 H_m1 0.09 | a-0.0004 c0.9659 ent0.0032 VRAM 37MB
Ep 3850 | M0_PDR 0.962 | M1_PDR 0.976 | H_m0 0.14 H_m1 0.10 | a-0.0005 c0.9801 ent0.0031 VRAM 37MB
Ep 3900 | M0_PDR 0.958 | M1_PDR 0.976 | H_m0 0.13 H_m1 0.10 | a-0.0004 c0.9760 ent0.0030 VRAM 37MB
Ep 3950 | M0_PDR 0.961 | M1_PDR 0.977 | H_m0 0.13 H_m1 0.11 | a-0.0003 c0.9745 ent0.0029 VRAM 37MB
Ep 4000 | M0_PDR 0.960 | M1_PDR 0.980 | H_m0 0.13 H_m1 0.11 | a-0.0004 c0.9719 ent0.0028 VRAM 37MB
Ep 4050 | M0_PDR 0.961 | M1_PDR 0.975 | H_m0 0.14 H_m1 0.11 | a-0.0003 c0.9774 ent0.0027 VRAM 37MB
Ep 4100 | M0_PDR 0.966 | M1_PDR 0.976 | H_m0 0.13 H_m1 0.10 | a-0.0004 c0.9779 ent0.0026 VRAM 37MB
Ep 4150 | M0_PDR 0.971 | M1_PDR 0.982 | H_m0 0.13 H_m1 0.10 | a-0.0003 c0.9847 ent0.0025 VRAM 37MB
Ep 4200 | M0_PDR 0.960 | M1_PDR 0.969 | H_m0 0.13 H_m1 0.10 | a-0.0004 c0.9717 ent0.0024 VRAM 37MB
Ep 4250 | M0_PDR 0.963 | M1_PDR 0.973 | H_m0 0.14 H_m1 0.11 | a-0.0003 c0.9760 ent0.0023 VRAM 37MB
Ep 4300 | M0_PDR 0.953 | M1_PDR 0.979 | H_m0 0.14 H_m1 0.12 | a-0.0003 c0.9690 ent0.0023 VRAM 37MB
Ep 4350 | M0_PDR 0.959 | M1_PDR 0.978 | H_m0 0.14 H_m1 0.12 | a-0.0003 c0.9750 ent0.0022 VRAM 37MB
Ep 4400 | M0_PDR 0.960 | M1_PDR 0.984 | H_m0 0.14 H_m1 0.11 | a-0.0003 c0.9690 ent0.0021 VRAM 37MB
Ep 4450 | M0_PDR 0.960 | M1_PDR 0.985 | H_m0 0.14 H_m1 0.12 | a-0.0003 c0.9702 ent0.0020 VRAM 37MB
Ep 4500 | M0_PDR 0.974 | M1_PDR 0.975 | H_m0 0.14 H_m1 0.12 | a-0.0003 c0.9852 ent0.0019 VRAM 37MB
Ep 4550 | M0_PDR 0.958 | M1_PDR 0.973 | H_m0 0.14 H_m1 0.12 | a-0.0002 c0.9752 ent0.0018 VRAM 37MB
Ep 4600 | M0_PDR 0.958 | M1_PDR 0.980 | H_m0 0.14 H_m1 0.12 | a-0.0002 c0.9725 ent0.0017 VRAM 37MB
Ep 4650 | M0_PDR 0.962 | M1_PDR 0.977 | H_m0 0.14 H_m1 0.12 | a-0.0002 c0.9793 ent0.0016 VRAM 37MB
Ep 4700 | M0_PDR 0.967 | M1_PDR 0.967 | H_m0 0.14 H_m1 0.12 | a-0.0002 c0.9829 ent0.0015 VRAM 37MB
Ep 4750 | M0_PDR 0.965 | M1_PDR 0.978 | H_m0 0.14 H_m1 0.12 | a-0.0002 c0.9730 ent0.0014 VRAM 37MB
Ep 4800 | M0_PDR 0.969 | M1_PDR 0.974 | H_m0 0.14 H_m1 0.12 | a-0.0002 c0.9853 ent0.0014 VRAM 37MB
Ep 4850 | M0_PDR 0.959 | M1_PDR 0.979 | H_m0 0.14 H_m1 0.12 | a-0.0002 c0.9718 ent0.0013 VRAM 37MB
Ep 4900 | M0_PDR 0.971 | M1_PDR 0.974 | H_m0 0.14 H_m1 0.12 | a-0.0001 c0.9821 ent0.0012 VRAM 37MB
Ep 4950 | M0_PDR 0.958 | M1_PDR 0.976 | H_m0 0.14 H_m1 0.11 | a-0.0002 c0.9737 ent0.0011 VRAM 37MB

Training complete. Running 100 eval episodes...

  Eval ep   0: M0_PDR=0.965  M1_PDR=0.973
  Eval ep  20: M0_PDR=0.950  M1_PDR=0.972
  Eval ep  40: M0_PDR=0.968  M1_PDR=0.982
  Eval ep  60: M0_PDR=0.966  M1_PDR=0.979
  Eval ep  80: M0_PDR=0.969  M1_PDR=0.980

=== Eval Summary (100 episodes) ===
  M0_PDR_mean         : 0.9633
  M0_PDR_p05 (across) : 0.9532
  M0_PDR_p05 (intra)  : 0.8001
  M1_PDR_mean         : 0.9760
  M0_SINR_mean (dB)   : 31.01
  M1_SINR_mean (dB)   : 33.76
  M0_collision_rate   : 0.600
  M0_collision_within_pool : 0.000
  M1_collision_within_pool : 0.001

Result saved -> results/_A_mode0c_N10_M7_seed3_gaefix_g05_ent01.json
  N=10  rho=1.43  M0_PDR=0.963  M1_PDR=0.976
Checkpoint saved -> checkpoints/A_mode0c_N10_M7_seed3_gaefix_g05_ent01_actors.pt
[NS3Bridge] Shutdown complete.
Run complete.
