[seed] all RNGs seeded with 1
GPU : NVIDIA GeForce RTX 3060
VRAM: 12.9 GB
Device          : cuda:0
Actors          : 4 per-vehicle, total 85,092 params
Critic params   : 79,361
obs_dim=11  action_dim=25  gs_dim=49
M0 count: 2  M1 count: 2
Training for 5000 episodes (Config A_mode0c_seed1_5000ep_gaefix_g05_ent01, N=4)...

[NS3Bridge] Connected tcp://localhost:7706
Ep    0 | M0_PDR 0.669 | M1_PDR 0.710 | H_m0 3.22 H_m1 3.21 | a-0.0403 c1.0176 ent0.0100 VRAM 24MB
Ep   50 | M0_PDR 0.761 | M1_PDR 0.622 | H_m0 2.01 H_m1 3.09 | a-0.0303 c0.8716 ent0.0099 VRAM 24MB
Ep  100 | M0_PDR 0.966 | M1_PDR 0.859 | H_m0 0.24 H_m1 1.82 | a-0.0123 c1.0412 ent0.0098 VRAM 24MB
Ep  150 | M0_PDR 1.000 | M1_PDR 0.981 | H_m0 0.04 H_m1 0.70 | a-0.0038 c1.0270 ent0.0097 VRAM 24MB
Ep  200 | M0_PDR 1.000 | M1_PDR 0.992 | H_m0 0.03 H_m1 0.39 | a-0.0029 c1.0216 ent0.0096 VRAM 24MB
Ep  250 | M0_PDR 1.000 | M1_PDR 0.992 | H_m0 0.03 H_m1 0.52 | a-0.0026 c1.0197 ent0.0095 VRAM 24MB
Ep  300 | M0_PDR 0.993 | M1_PDR 0.980 | H_m0 0.04 H_m1 0.79 | a-0.0042 c1.0175 ent0.0095 VRAM 24MB
Ep  350 | M0_PDR 0.998 | M1_PDR 0.995 | H_m0 0.36 H_m1 0.65 | a-0.0054 c1.0177 ent0.0094 VRAM 24MB
Ep  400 | M0_PDR 1.000 | M1_PDR 0.995 | H_m0 0.25 H_m1 0.65 | a-0.0066 c1.0185 ent0.0093 VRAM 24MB
Ep  450 | M0_PDR 1.000 | M1_PDR 0.980 | H_m0 0.24 H_m1 0.91 | a-0.0064 c1.0317 ent0.0092 VRAM 24MB
Ep  500 | M0_PDR 1.000 | M1_PDR 0.995 | H_m0 0.21 H_m1 0.81 | a-0.0068 c1.0188 ent0.0091 VRAM 24MB
Ep  550 | M0_PDR 1.000 | M1_PDR 0.995 | H_m0 0.04 H_m1 0.87 | a-0.0048 c1.0230 ent0.0090 VRAM 24MB
Ep  600 | M0_PDR 0.998 | M1_PDR 0.983 | H_m0 0.01 H_m1 0.63 | a-0.0034 c1.0230 ent0.0089 VRAM 24MB
Ep  650 | M0_PDR 1.000 | M1_PDR 0.982 | H_m0 0.02 H_m1 1.06 | a-0.0066 c1.0283 ent0.0088 VRAM 24MB
Ep  700 | M0_PDR 1.000 | M1_PDR 0.985 | H_m0 0.02 H_m1 0.79 | a-0.0043 c1.0251 ent0.0087 VRAM 24MB
Ep  750 | M0_PDR 0.998 | M1_PDR 0.993 | H_m0 0.01 H_m1 1.02 | a-0.0056 c1.0204 ent0.0086 VRAM 24MB
Ep  800 | M0_PDR 0.998 | M1_PDR 0.988 | H_m0 0.13 H_m1 1.06 | a-0.0049 c1.0221 ent0.0086 VRAM 24MB
Ep  850 | M0_PDR 1.000 | M1_PDR 0.993 | H_m0 0.31 H_m1 0.99 | a-0.0079 c1.0207 ent0.0085 VRAM 24MB
Ep  900 | M0_PDR 1.000 | M1_PDR 1.000 | H_m0 0.03 H_m1 0.37 | a-0.0017 c1.0133 ent0.0084 VRAM 24MB
Ep  950 | M0_PDR 1.000 | M1_PDR 0.995 | H_m0 0.14 H_m1 0.64 | a-0.0048 c1.0184 ent0.0083 VRAM 24MB
Ep 1000 | M0_PDR 1.000 | M1_PDR 0.997 | H_m0 0.04 H_m1 0.60 | a-0.0032 c1.0169 ent0.0082 VRAM 24MB
Ep 1050 | M0_PDR 1.000 | M1_PDR 0.997 | H_m0 0.05 H_m1 0.78 | a-0.0045 c1.0154 ent0.0081 VRAM 24MB
Ep 1100 | M0_PDR 1.000 | M1_PDR 1.000 | H_m0 0.29 H_m1 0.40 | a-0.0034 c1.0147 ent0.0080 VRAM 24MB
Ep 1150 | M0_PDR 1.000 | M1_PDR 0.992 | H_m0 0.08 H_m1 0.69 | a-0.0031 c1.0188 ent0.0079 VRAM 24MB
Ep 1200 | M0_PDR 1.000 | M1_PDR 1.000 | H_m0 0.07 H_m1 0.87 | a-0.0026 c1.0141 ent0.0078 VRAM 24MB
Ep 1250 | M0_PDR 1.000 | M1_PDR 0.998 | H_m0 0.30 H_m1 0.52 | a-0.0035 c1.0147 ent0.0077 VRAM 24MB
Ep 1300 | M0_PDR 1.000 | M1_PDR 0.998 | H_m0 0.34 H_m1 0.85 | a-0.0062 c1.0152 ent0.0077 VRAM 24MB
Ep 1350 | M0_PDR 1.000 | M1_PDR 0.995 | H_m0 0.23 H_m1 0.82 | a-0.0057 c1.0168 ent0.0076 VRAM 24MB
Ep 1400 | M0_PDR 1.000 | M1_PDR 0.993 | H_m0 0.25 H_m1 1.08 | a-0.0065 c1.0182 ent0.0075 VRAM 24MB
Ep 1450 | M0_PDR 1.000 | M1_PDR 0.995 | H_m0 0.30 H_m1 1.02 | a-0.0057 c1.0186 ent0.0074 VRAM 24MB
Ep 1500 | M0_PDR 1.000 | M1_PDR 0.997 | H_m0 0.30 H_m1 1.12 | a-0.0051 c1.0190 ent0.0073 VRAM 24MB
Ep 1550 | M0_PDR 1.000 | M1_PDR 0.992 | H_m0 0.31 H_m1 1.04 | a-0.0079 c1.0195 ent0.0072 VRAM 24MB
Ep 1600 | M0_PDR 0.999 | M1_PDR 0.995 | H_m0 0.32 H_m1 0.56 | a-0.0049 c1.0164 ent0.0071 VRAM 24MB
Ep 1650 | M0_PDR 1.000 | M1_PDR 0.997 | H_m0 0.33 H_m1 0.72 | a-0.0038 c1.0184 ent0.0070 VRAM 24MB
Ep 1700 | M0_PDR 1.000 | M1_PDR 0.995 | H_m0 0.34 H_m1 1.03 | a-0.0065 c1.0188 ent0.0069 VRAM 24MB
Ep 1750 | M0_PDR 1.000 | M1_PDR 0.995 | H_m0 0.32 H_m1 1.10 | a-0.0059 c1.0174 ent0.0068 VRAM 24MB
Ep 1800 | M0_PDR 1.000 | M1_PDR 0.995 | H_m0 0.20 H_m1 1.29 | a-0.0053 c1.0185 ent0.0068 VRAM 24MB
Ep 1850 | M0_PDR 1.000 | M1_PDR 1.000 | H_m0 0.30 H_m1 1.04 | a-0.0048 c1.0154 ent0.0067 VRAM 24MB
Ep 1900 | M0_PDR 1.000 | M1_PDR 1.000 | H_m0 0.25 H_m1 0.99 | a-0.0059 c1.0135 ent0.0066 VRAM 24MB
Ep 1950 | M0_PDR 1.000 | M1_PDR 0.998 | H_m0 0.31 H_m1 0.86 | a-0.0037 c1.0171 ent0.0065 VRAM 24MB
Ep 2000 | M0_PDR 1.000 | M1_PDR 0.997 | H_m0 0.26 H_m1 0.95 | a-0.0041 c1.0170 ent0.0064 VRAM 24MB
Ep 2050 | M0_PDR 1.000 | M1_PDR 1.000 | H_m0 0.28 H_m1 1.01 | a-0.0049 c1.0138 ent0.0063 VRAM 24MB
Ep 2100 | M0_PDR 1.000 | M1_PDR 0.993 | H_m0 0.14 H_m1 1.24 | a-0.0061 c1.0179 ent0.0062 VRAM 24MB
Ep 2150 | M0_PDR 1.000 | M1_PDR 0.983 | H_m0 0.30 H_m1 1.33 | a-0.0059 c1.0237 ent0.0061 VRAM 24MB
Ep 2200 | M0_PDR 1.000 | M1_PDR 1.000 | H_m0 0.28 H_m1 1.32 | a-0.0055 c1.0139 ent0.0060 VRAM 24MB
Ep 2250 | M0_PDR 0.995 | M1_PDR 0.990 | H_m0 0.19 H_m1 1.35 | a-0.0056 c1.0124 ent0.0059 VRAM 24MB
Ep 2300 | M0_PDR 1.000 | M1_PDR 0.980 | H_m0 0.09 H_m1 1.32 | a-0.0060 c1.0242 ent0.0059 VRAM 24MB
Ep 2350 | M0_PDR 1.000 | M1_PDR 0.998 | H_m0 0.02 H_m1 1.31 | a-0.0041 c1.0142 ent0.0058 VRAM 24MB
Ep 2400 | M0_PDR 1.000 | M1_PDR 0.998 | H_m0 0.02 H_m1 1.37 | a-0.0041 c1.0128 ent0.0057 VRAM 24MB
Ep 2450 | M0_PDR 1.000 | M1_PDR 0.995 | H_m0 0.01 H_m1 1.32 | a-0.0043 c1.0160 ent0.0056 VRAM 24MB
Ep 2500 | M0_PDR 1.000 | M1_PDR 0.993 | H_m0 0.07 H_m1 1.21 | a-0.0042 c1.0159 ent0.0055 VRAM 24MB
Ep 2550 | M0_PDR 0.995 | M1_PDR 0.998 | H_m0 0.07 H_m1 1.36 | a-0.0055 c1.0076 ent0.0054 VRAM 24MB
Ep 2600 | M0_PDR 1.000 | M1_PDR 0.990 | H_m0 0.04 H_m1 1.43 | a-0.0041 c1.0180 ent0.0053 VRAM 24MB
Ep 2650 | M0_PDR 0.998 | M1_PDR 0.988 | H_m0 0.13 H_m1 1.43 | a-0.0050 c1.0186 ent0.0052 VRAM 24MB
Ep 2700 | M0_PDR 0.995 | M1_PDR 0.973 | H_m0 0.29 H_m1 1.49 | a-0.0048 c1.0209 ent0.0051 VRAM 24MB
Ep 2750 | M0_PDR 0.998 | M1_PDR 0.990 | H_m0 0.33 H_m1 1.48 | a-0.0048 c1.0186 ent0.0050 VRAM 24MB
Ep 2800 | M0_PDR 1.000 | M1_PDR 0.995 | H_m0 0.29 H_m1 1.40 | a-0.0045 c1.0157 ent0.0050 VRAM 24MB
Ep 2850 | M0_PDR 0.998 | M1_PDR 0.985 | H_m0 0.33 H_m1 1.38 | a-0.0053 c1.0184 ent0.0049 VRAM 24MB
Ep 2900 | M0_PDR 1.000 | M1_PDR 1.000 | H_m0 0.34 H_m1 1.36 | a-0.0028 c1.0158 ent0.0048 VRAM 24MB
Ep 2950 | M0_PDR 1.000 | M1_PDR 0.991 | H_m0 0.32 H_m1 1.36 | a-0.0043 c1.0181 ent0.0047 VRAM 24MB
Ep 3000 | M0_PDR 1.000 | M1_PDR 0.993 | H_m0 0.34 H_m1 1.28 | a-0.0041 c1.0155 ent0.0046 VRAM 24MB
Ep 3050 | M0_PDR 1.000 | M1_PDR 0.997 | H_m0 0.34 H_m1 1.13 | a-0.0041 c1.0152 ent0.0045 VRAM 24MB
Ep 3100 | M0_PDR 1.000 | M1_PDR 0.998 | H_m0 0.33 H_m1 1.21 | a-0.0035 c1.0149 ent0.0044 VRAM 24MB
Ep 3150 | M0_PDR 1.000 | M1_PDR 1.000 | H_m0 0.35 H_m1 1.35 | a-0.0038 c1.0124 ent0.0043 VRAM 24MB
Ep 3200 | M0_PDR 0.998 | M1_PDR 0.995 | H_m0 0.31 H_m1 1.40 | a-0.0043 c1.0124 ent0.0042 VRAM 24MB
Ep 3250 | M0_PDR 1.000 | M1_PDR 1.000 | H_m0 0.35 H_m1 1.37 | a-0.0040 c1.0138 ent0.0041 VRAM 24MB
Ep 3300 | M0_PDR 1.000 | M1_PDR 0.995 | H_m0 0.34 H_m1 1.41 | a-0.0039 c1.0165 ent0.0041 VRAM 24MB
Ep 3350 | M0_PDR 1.000 | M1_PDR 0.995 | H_m0 0.34 H_m1 1.39 | a-0.0039 c1.0145 ent0.0040 VRAM 24MB
Ep 3400 | M0_PDR 1.000 | M1_PDR 0.988 | H_m0 0.31 H_m1 1.43 | a-0.0037 c1.0194 ent0.0039 VRAM 24MB
Ep 3450 | M0_PDR 0.998 | M1_PDR 0.995 | H_m0 0.31 H_m1 1.44 | a-0.0036 c1.0129 ent0.0038 VRAM 24MB
Ep 3500 | M0_PDR 1.000 | M1_PDR 0.995 | H_m0 0.34 H_m1 1.41 | a-0.0033 c1.0148 ent0.0037 VRAM 24MB
Ep 3550 | M0_PDR 1.000 | M1_PDR 0.995 | H_m0 0.33 H_m1 1.44 | a-0.0034 c1.0167 ent0.0036 VRAM 24MB
Ep 3600 | M0_PDR 1.000 | M1_PDR 1.000 | H_m0 0.34 H_m1 1.39 | a-0.0031 c1.0125 ent0.0035 VRAM 24MB
Ep 3650 | M0_PDR 1.000 | M1_PDR 1.000 | H_m0 0.34 H_m1 1.43 | a-0.0033 c1.0119 ent0.0034 VRAM 24MB
Ep 3700 | M0_PDR 1.000 | M1_PDR 0.997 | H_m0 0.34 H_m1 1.42 | a-0.0035 c1.0157 ent0.0033 VRAM 24MB
Ep 3750 | M0_PDR 1.000 | M1_PDR 1.000 | H_m0 0.35 H_m1 1.41 | a-0.0031 c1.0137 ent0.0032 VRAM 24MB
Ep 3800 | M0_PDR 1.000 | M1_PDR 0.995 | H_m0 0.35 H_m1 1.43 | a-0.0029 c1.0158 ent0.0032 VRAM 24MB
Ep 3850 | M0_PDR 0.998 | M1_PDR 0.993 | H_m0 0.32 H_m1 1.43 | a-0.0028 c1.0130 ent0.0031 VRAM 24MB
Ep 3900 | M0_PDR 1.000 | M1_PDR 1.000 | H_m0 0.29 H_m1 1.40 | a-0.0026 c1.0131 ent0.0030 VRAM 24MB
Ep 3950 | M0_PDR 0.998 | M1_PDR 1.000 | H_m0 0.28 H_m1 1.40 | a-0.0024 c1.0111 ent0.0029 VRAM 24MB
Ep 4000 | M0_PDR 1.000 | M1_PDR 1.000 | H_m0 0.27 H_m1 1.41 | a-0.0025 c1.0135 ent0.0028 VRAM 24MB
Ep 4050 | M0_PDR 1.000 | M1_PDR 1.000 | H_m0 0.27 H_m1 1.43 | a-0.0026 c1.0143 ent0.0027 VRAM 24MB
Ep 4100 | M0_PDR 1.000 | M1_PDR 0.993 | H_m0 0.27 H_m1 1.43 | a-0.0024 c1.0152 ent0.0026 VRAM 24MB
Ep 4150 | M0_PDR 1.000 | M1_PDR 1.000 | H_m0 0.25 H_m1 1.44 | a-0.0022 c1.0122 ent0.0025 VRAM 24MB
Ep 4200 | M0_PDR 1.000 | M1_PDR 1.000 | H_m0 0.24 H_m1 1.43 | a-0.0021 c1.0129 ent0.0024 VRAM 24MB
Ep 4250 | M0_PDR 1.000 | M1_PDR 1.000 | H_m0 0.21 H_m1 1.43 | a-0.0020 c1.0133 ent0.0023 VRAM 24MB
Ep 4300 | M0_PDR 1.000 | M1_PDR 1.000 | H_m0 0.21 H_m1 1.41 | a-0.0020 c1.0134 ent0.0023 VRAM 24MB
Ep 4350 | M0_PDR 0.998 | M1_PDR 1.000 | H_m0 0.22 H_m1 1.39 | a-0.0018 c1.0097 ent0.0022 VRAM 24MB
Ep 4400 | M0_PDR 1.000 | M1_PDR 0.990 | H_m0 0.23 H_m1 1.40 | a-0.0017 c1.0170 ent0.0021 VRAM 24MB
Ep 4450 | M0_PDR 1.000 | M1_PDR 1.000 | H_m0 0.21 H_m1 1.40 | a-0.0016 c1.0129 ent0.0020 VRAM 24MB
Ep 4500 | M0_PDR 0.998 | M1_PDR 0.998 | H_m0 0.19 H_m1 1.40 | a-0.0016 c1.0113 ent0.0019 VRAM 24MB
Ep 4550 | M0_PDR 0.995 | M1_PDR 0.996 | H_m0 0.18 H_m1 1.39 | a-0.0015 c1.0100 ent0.0018 VRAM 24MB
Ep 4600 | M0_PDR 1.000 | M1_PDR 1.000 | H_m0 0.17 H_m1 1.40 | a-0.0014 c1.0127 ent0.0017 VRAM 24MB
Ep 4650 | M0_PDR 1.000 | M1_PDR 0.995 | H_m0 0.19 H_m1 1.40 | a-0.0013 c1.0157 ent0.0016 VRAM 24MB
Ep 4700 | M0_PDR 1.000 | M1_PDR 1.000 | H_m0 0.19 H_m1 1.39 | a-0.0012 c1.0117 ent0.0015 VRAM 24MB
Ep 4750 | M0_PDR 1.000 | M1_PDR 1.000 | H_m0 0.17 H_m1 1.39 | a-0.0012 c1.0130 ent0.0014 VRAM 24MB
Ep 4800 | M0_PDR 1.000 | M1_PDR 1.000 | H_m0 0.19 H_m1 1.39 | a-0.0012 c1.0133 ent0.0014 VRAM 24MB
Ep 4850 | M0_PDR 1.000 | M1_PDR 0.997 | H_m0 0.18 H_m1 1.39 | a-0.0010 c1.0139 ent0.0013 VRAM 24MB
Ep 4900 | M0_PDR 1.000 | M1_PDR 1.000 | H_m0 0.18 H_m1 1.39 | a-0.0010 c1.0124 ent0.0012 VRAM 24MB
Ep 4950 | M0_PDR 1.000 | M1_PDR 0.998 | H_m0 0.18 H_m1 1.40 | a-0.0009 c1.0141 ent0.0011 VRAM 24MB

Training complete. Running 100 eval episodes...

  Eval ep   0: M0_PDR=1.000  M1_PDR=0.993
  Eval ep  20: M0_PDR=1.000  M1_PDR=1.000
  Eval ep  40: M0_PDR=1.000  M1_PDR=1.000
  Eval ep  60: M0_PDR=1.000  M1_PDR=1.000
  Eval ep  80: M0_PDR=1.000  M1_PDR=1.000

=== Eval Summary (100 episodes) ===
  M0_PDR_mean         : 0.9997
  M0_PDR_p05 (across) : 0.9975
  M0_PDR_p05 (intra)  : 1.0000
  M1_PDR_mean         : 0.9982
  M0_SINR_mean (dB)   : 44.27
  M1_SINR_mean (dB)   : 42.79
  M0_collision_rate   : 0.000
  M0_collision_within_pool : 0.000
  M1_collision_within_pool : 0.002

Result saved -> results/_A_mode0c_seed1_5000ep_gaefix_g05_ent01.json
  N=4  rho=0.8  M0_PDR=1.000  M1_PDR=0.998
Checkpoint saved -> checkpoints/A_mode0c_seed1_5000ep_gaefix_g05_ent01_actors.pt
[NS3Bridge] Shutdown complete.
Run complete.
