[seed] all RNGs seeded with 2
GPU : NVIDIA GeForce RTX 3060
VRAM: 12.9 GB
Device          : cuda:0
Actors          : 10 per-vehicle, total 212,730 params
Critic params   : 99,073
obs_dim=11  action_dim=25  gs_dim=115
M0 count: 5  M1 count: 5
Training for 5000 episodes (Config A_mode0b_N10_seed2_gaefix_g05_ent01, N=10)...

[NS3Bridge] Connected tcp://localhost:9116
/home/jig/v2x_clean/train_d10_A_mode0b_N10_seed2_gaefix_g05_ent01.py:199: UserWarning: Detected call of `lr_scheduler.step()` before `optimizer.step()`. In PyTorch 1.1.0 and later, you should call them in the opposite order: `optimizer.step()` before `lr_scheduler.step()`.  Failure to do this will result in PyTorch skipping the first value of the learning rate schedule. See more details at https://pytorch.org/docs/stable/optim.html#how-to-adjust-learning-rate
  s.step()
Ep    0 | M0_PDR 0.504 | M1_PDR 0.590 | H_m0 3.21 H_m1 3.21 | a-0.1769 c0.5352 ent0.0100 VRAM 36MB
Ep   50 | M0_PDR 0.800 | M1_PDR 0.737 | H_m0 0.44 H_m1 1.17 | a-0.0475 c0.1150 ent0.0099 VRAM 36MB
Ep  100 | M0_PDR 0.846 | M1_PDR 0.738 | H_m0 0.24 H_m1 0.43 | a-0.0296 c0.0750 ent0.0098 VRAM 36MB
Ep  150 | M0_PDR 0.836 | M1_PDR 0.723 | H_m0 0.24 H_m1 0.43 | a0.0185 c0.0719 ent0.0097 VRAM 36MB
Ep  200 | M0_PDR 0.843 | M1_PDR 0.751 | H_m0 0.24 H_m1 0.44 | a-0.0649 c0.0686 ent0.0096 VRAM 36MB
Ep  250 | M0_PDR 0.850 | M1_PDR 0.735 | H_m0 0.17 H_m1 0.40 | a-0.0857 c0.0796 ent0.0095 VRAM 36MB
Ep  300 | M0_PDR 0.942 | M1_PDR 0.713 | H_m0 0.03 H_m1 0.41 | a-0.0009 c0.0429 ent0.0095 VRAM 36MB
Ep  350 | M0_PDR 0.949 | M1_PDR 0.723 | H_m0 0.01 H_m1 0.41 | a-0.0643 c0.0479 ent0.0094 VRAM 36MB
Ep  400 | M0_PDR 0.949 | M1_PDR 0.727 | H_m0 0.01 H_m1 0.42 | a-0.0050 c0.0404 ent0.0093 VRAM 36MB
Ep  450 | M0_PDR 0.941 | M1_PDR 0.730 | H_m0 0.01 H_m1 0.39 | a0.0090 c0.0422 ent0.0092 VRAM 36MB
Ep  500 | M0_PDR 0.955 | M1_PDR 0.728 | H_m0 0.01 H_m1 0.43 | a-0.0517 c0.0320 ent0.0091 VRAM 36MB
Ep  550 | M0_PDR 0.948 | M1_PDR 0.726 | H_m0 0.00 H_m1 0.41 | a0.0259 c0.0362 ent0.0090 VRAM 36MB
Ep  600 | M0_PDR 0.957 | M1_PDR 0.715 | H_m0 0.00 H_m1 0.41 | a-0.0165 c0.0356 ent0.0089 VRAM 36MB
Ep  650 | M0_PDR 0.952 | M1_PDR 0.735 | H_m0 0.00 H_m1 0.40 | a0.0175 c0.0350 ent0.0088 VRAM 36MB
Ep  700 | M0_PDR 0.951 | M1_PDR 0.736 | H_m0 0.00 H_m1 0.44 | a0.0262 c0.0396 ent0.0087 VRAM 36MB
Ep  750 | M0_PDR 0.944 | M1_PDR 0.745 | H_m0 0.00 H_m1 0.43 | a0.0272 c0.0390 ent0.0086 VRAM 36MB
Ep  800 | M0_PDR 0.954 | M1_PDR 0.733 | H_m0 0.00 H_m1 0.41 | a-0.0111 c0.0375 ent0.0086 VRAM 36MB
Ep  850 | M0_PDR 0.960 | M1_PDR 0.702 | H_m0 0.00 H_m1 0.40 | a0.0080 c0.0338 ent0.0085 VRAM 36MB
Ep  900 | M0_PDR 0.944 | M1_PDR 0.752 | H_m0 0.00 H_m1 0.43 | a-0.0124 c0.0379 ent0.0084 VRAM 36MB
Ep  950 | M0_PDR 0.949 | M1_PDR 0.738 | H_m0 0.00 H_m1 0.42 | a-0.0069 c0.0320 ent0.0083 VRAM 36MB
Ep 1000 | M0_PDR 0.952 | M1_PDR 0.725 | H_m0 0.00 H_m1 0.41 | a-0.0091 c0.0350 ent0.0082 VRAM 36MB
Ep 1050 | M0_PDR 0.939 | M1_PDR 0.709 | H_m0 0.00 H_m1 0.41 | a-0.0013 c0.0417 ent0.0081 VRAM 36MB
Ep 1100 | M0_PDR 0.947 | M1_PDR 0.726 | H_m0 0.00 H_m1 0.42 | a0.0047 c0.0350 ent0.0080 VRAM 36MB
Ep 1150 | M0_PDR 0.950 | M1_PDR 0.719 | H_m0 0.00 H_m1 0.40 | a0.0014 c0.0329 ent0.0079 VRAM 36MB
Ep 1200 | M0_PDR 0.946 | M1_PDR 0.728 | H_m0 0.00 H_m1 0.43 | a-0.0144 c0.0391 ent0.0078 VRAM 36MB
Ep 1250 | M0_PDR 0.952 | M1_PDR 0.737 | H_m0 0.00 H_m1 0.40 | a0.0174 c0.0362 ent0.0077 VRAM 36MB
Ep 1300 | M0_PDR 0.960 | M1_PDR 0.728 | H_m0 0.00 H_m1 0.41 | a-0.0214 c0.0278 ent0.0077 VRAM 36MB
Ep 1350 | M0_PDR 0.949 | M1_PDR 0.740 | H_m0 0.00 H_m1 0.42 | a0.0041 c0.0337 ent0.0076 VRAM 36MB
Ep 1400 | M0_PDR 0.953 | M1_PDR 0.709 | H_m0 0.00 H_m1 0.41 | a0.0296 c0.0339 ent0.0075 VRAM 36MB
Ep 1450 | M0_PDR 0.955 | M1_PDR 0.729 | H_m0 0.00 H_m1 0.40 | a0.0106 c0.0325 ent0.0074 VRAM 36MB
Ep 1500 | M0_PDR 0.952 | M1_PDR 0.745 | H_m0 0.00 H_m1 0.40 | a0.0010 c0.0335 ent0.0073 VRAM 36MB
Ep 1550 | M0_PDR 0.953 | M1_PDR 0.748 | H_m0 0.00 H_m1 0.41 | a0.0102 c0.0322 ent0.0072 VRAM 36MB
Ep 1600 | M0_PDR 0.952 | M1_PDR 0.735 | H_m0 0.00 H_m1 0.39 | a-0.0057 c0.0345 ent0.0071 VRAM 36MB
Ep 1650 | M0_PDR 0.960 | M1_PDR 0.765 | H_m0 0.00 H_m1 0.39 | a0.0005 c0.0292 ent0.0070 VRAM 36MB
Ep 1700 | M0_PDR 0.952 | M1_PDR 0.793 | H_m0 0.00 H_m1 0.29 | a0.0187 c0.0302 ent0.0069 VRAM 36MB
Ep 1750 | M0_PDR 0.948 | M1_PDR 0.841 | H_m0 0.00 H_m1 0.19 | a-0.0423 c0.0352 ent0.0068 VRAM 36MB
Ep 1800 | M0_PDR 0.945 | M1_PDR 0.823 | H_m0 0.00 H_m1 0.18 | a0.0265 c0.0351 ent0.0068 VRAM 36MB
Ep 1850 | M0_PDR 0.950 | M1_PDR 0.824 | H_m0 0.00 H_m1 0.18 | a0.0361 c0.0325 ent0.0067 VRAM 36MB
Ep 1900 | M0_PDR 0.954 | M1_PDR 0.873 | H_m0 0.00 H_m1 0.14 | a0.0063 c0.0322 ent0.0066 VRAM 36MB
Ep 1950 | M0_PDR 0.952 | M1_PDR 0.934 | H_m0 0.00 H_m1 0.06 | a0.0042 c0.0312 ent0.0065 VRAM 36MB
Ep 2000 | M0_PDR 0.961 | M1_PDR 0.945 | H_m0 0.00 H_m1 0.03 | a0.0379 c0.0231 ent0.0064 VRAM 36MB
Ep 2050 | M0_PDR 0.950 | M1_PDR 0.950 | H_m0 0.00 H_m1 0.02 | a0.0252 c0.0327 ent0.0063 VRAM 36MB
Ep 2100 | M0_PDR 0.942 | M1_PDR 0.942 | H_m0 0.00 H_m1 0.03 | a0.0274 c0.0367 ent0.0062 VRAM 36MB
Ep 2150 | M0_PDR 0.961 | M1_PDR 0.954 | H_m0 0.00 H_m1 0.01 | a0.0025 c0.0244 ent0.0061 VRAM 36MB
Ep 2200 | M0_PDR 0.955 | M1_PDR 0.961 | H_m0 0.00 H_m1 0.01 | a0.0046 c0.0284 ent0.0060 VRAM 36MB
Ep 2250 | M0_PDR 0.951 | M1_PDR 0.951 | H_m0 0.00 H_m1 0.01 | a0.0000 c0.0340 ent0.0059 VRAM 36MB
Ep 2300 | M0_PDR 0.962 | M1_PDR 0.961 | H_m0 0.00 H_m1 0.01 | a0.0006 c0.0250 ent0.0059 VRAM 36MB
Ep 2350 | M0_PDR 0.946 | M1_PDR 0.948 | H_m0 0.00 H_m1 0.01 | a-0.0253 c0.0348 ent0.0058 VRAM 36MB
Ep 2400 | M0_PDR 0.953 | M1_PDR 0.933 | H_m0 0.00 H_m1 0.02 | a-0.0204 c0.0334 ent0.0057 VRAM 36MB
Ep 2450 | M0_PDR 0.937 | M1_PDR 0.945 | H_m0 0.01 H_m1 0.02 | a0.0087 c0.0395 ent0.0056 VRAM 36MB
Ep 2500 | M0_PDR 0.949 | M1_PDR 0.947 | H_m0 0.00 H_m1 0.02 | a-0.0038 c0.0316 ent0.0055 VRAM 36MB
Ep 2550 | M0_PDR 0.948 | M1_PDR 0.964 | H_m0 0.00 H_m1 0.01 | a0.0129 c0.0346 ent0.0054 VRAM 36MB
Ep 2600 | M0_PDR 0.957 | M1_PDR 0.954 | H_m0 0.00 H_m1 0.01 | a0.0330 c0.0268 ent0.0053 VRAM 36MB
Ep 2650 | M0_PDR 0.950 | M1_PDR 0.958 | H_m0 0.00 H_m1 0.01 | a0.0030 c0.0319 ent0.0052 VRAM 36MB
Ep 2700 | M0_PDR 0.965 | M1_PDR 0.959 | H_m0 0.00 H_m1 0.01 | a-0.0079 c0.0242 ent0.0051 VRAM 36MB
Ep 2750 | M0_PDR 0.960 | M1_PDR 0.959 | H_m0 0.00 H_m1 0.01 | a-0.0149 c0.0269 ent0.0050 VRAM 36MB
Ep 2800 | M0_PDR 0.964 | M1_PDR 0.953 | H_m0 0.00 H_m1 0.00 | a0.0148 c0.0229 ent0.0050 VRAM 36MB
Ep 2850 | M0_PDR 0.960 | M1_PDR 0.959 | H_m0 0.00 H_m1 0.00 | a-0.0269 c0.0251 ent0.0049 VRAM 36MB
Ep 2900 | M0_PDR 0.955 | M1_PDR 0.968 | H_m0 0.00 H_m1 0.00 | a-0.0298 c0.0313 ent0.0048 VRAM 36MB
Ep 2950 | M0_PDR 0.960 | M1_PDR 0.969 | H_m0 0.00 H_m1 0.00 | a0.0164 c0.0276 ent0.0047 VRAM 36MB
Ep 3000 | M0_PDR 0.946 | M1_PDR 0.959 | H_m0 0.00 H_m1 0.00 | a0.0448 c0.0303 ent0.0046 VRAM 36MB
Ep 3050 | M0_PDR 0.958 | M1_PDR 0.958 | H_m0 0.00 H_m1 0.01 | a-0.0036 c0.0257 ent0.0045 VRAM 36MB
Ep 3100 | M0_PDR 0.961 | M1_PDR 0.954 | H_m0 0.00 H_m1 0.01 | a0.0245 c0.0270 ent0.0044 VRAM 36MB
Ep 3150 | M0_PDR 0.956 | M1_PDR 0.950 | H_m0 0.00 H_m1 0.00 | a0.0133 c0.0282 ent0.0043 VRAM 36MB
Ep 3200 | M0_PDR 0.949 | M1_PDR 0.955 | H_m0 0.00 H_m1 0.00 | a0.0082 c0.0309 ent0.0042 VRAM 36MB
Ep 3250 | M0_PDR 0.965 | M1_PDR 0.963 | H_m0 0.00 H_m1 0.01 | a-0.0171 c0.0263 ent0.0041 VRAM 36MB
Ep 3300 | M0_PDR 0.960 | M1_PDR 0.951 | H_m0 0.00 H_m1 0.01 | a-0.0078 c0.0229 ent0.0041 VRAM 36MB
Ep 3350 | M0_PDR 0.952 | M1_PDR 0.945 | H_m0 0.00 H_m1 0.01 | a0.0130 c0.0303 ent0.0040 VRAM 36MB
Ep 3400 | M0_PDR 0.959 | M1_PDR 0.948 | H_m0 0.00 H_m1 0.01 | a0.0117 c0.0263 ent0.0039 VRAM 36MB
Ep 3450 | M0_PDR 0.963 | M1_PDR 0.968 | H_m0 0.00 H_m1 0.00 | a-0.0069 c0.0241 ent0.0038 VRAM 36MB
Ep 3500 | M0_PDR 0.947 | M1_PDR 0.950 | H_m0 0.00 H_m1 0.00 | a-0.0075 c0.0303 ent0.0037 VRAM 36MB
Ep 3550 | M0_PDR 0.957 | M1_PDR 0.973 | H_m0 0.00 H_m1 0.00 | a-0.0295 c0.0269 ent0.0036 VRAM 36MB
Ep 3600 | M0_PDR 0.962 | M1_PDR 0.963 | H_m0 0.00 H_m1 0.00 | a-0.0210 c0.0250 ent0.0035 VRAM 36MB
Ep 3650 | M0_PDR 0.950 | M1_PDR 0.950 | H_m0 0.00 H_m1 0.00 | a0.0311 c0.0268 ent0.0034 VRAM 36MB
Ep 3700 | M0_PDR 0.956 | M1_PDR 0.964 | H_m0 0.00 H_m1 0.00 | a0.0103 c0.0284 ent0.0033 VRAM 36MB
Ep 3750 | M0_PDR 0.949 | M1_PDR 0.960 | H_m0 0.00 H_m1 0.00 | a-0.0053 c0.0297 ent0.0032 VRAM 36MB
Ep 3800 | M0_PDR 0.957 | M1_PDR 0.953 | H_m0 0.00 H_m1 0.01 | a-0.0008 c0.0268 ent0.0032 VRAM 36MB
Ep 3850 | M0_PDR 0.954 | M1_PDR 0.966 | H_m0 0.00 H_m1 0.00 | a0.0125 c0.0266 ent0.0031 VRAM 36MB
Ep 3900 | M0_PDR 0.953 | M1_PDR 0.945 | H_m0 0.00 H_m1 0.01 | a-0.0009 c0.0267 ent0.0030 VRAM 36MB
Ep 3950 | M0_PDR 0.952 | M1_PDR 0.962 | H_m0 0.00 H_m1 0.00 | a-0.0177 c0.0295 ent0.0029 VRAM 36MB
Ep 4000 | M0_PDR 0.954 | M1_PDR 0.950 | H_m0 0.00 H_m1 0.01 | a0.0120 c0.0260 ent0.0028 VRAM 36MB
Ep 4050 | M0_PDR 0.945 | M1_PDR 0.958 | H_m0 0.00 H_m1 0.00 | a0.0116 c0.0329 ent0.0027 VRAM 36MB
Ep 4100 | M0_PDR 0.962 | M1_PDR 0.955 | H_m0 0.00 H_m1 0.00 | a-0.0224 c0.0240 ent0.0026 VRAM 36MB
Ep 4150 | M0_PDR 0.947 | M1_PDR 0.953 | H_m0 0.00 H_m1 0.01 | a0.0160 c0.0343 ent0.0025 VRAM 36MB
Ep 4200 | M0_PDR 0.951 | M1_PDR 0.926 | H_m0 0.00 H_m1 0.01 | a0.0433 c0.0272 ent0.0024 VRAM 36MB
Ep 4250 | M0_PDR 0.946 | M1_PDR 0.977 | H_m0 0.00 H_m1 0.00 | a-0.0147 c0.0339 ent0.0023 VRAM 36MB
Ep 4300 | M0_PDR 0.950 | M1_PDR 0.957 | H_m0 0.00 H_m1 0.00 | a-0.0076 c0.0284 ent0.0023 VRAM 36MB
Ep 4350 | M0_PDR 0.952 | M1_PDR 0.965 | H_m0 0.00 H_m1 0.00 | a0.0093 c0.0293 ent0.0022 VRAM 36MB
Ep 4400 | M0_PDR 0.955 | M1_PDR 0.967 | H_m0 0.00 H_m1 0.00 | a-0.0106 c0.0263 ent0.0021 VRAM 36MB
Ep 4450 | M0_PDR 0.955 | M1_PDR 0.958 | H_m0 0.00 H_m1 0.00 | a0.0209 c0.0281 ent0.0020 VRAM 36MB
Ep 4500 | M0_PDR 0.948 | M1_PDR 0.954 | H_m0 0.00 H_m1 0.00 | a0.0073 c0.0320 ent0.0019 VRAM 36MB
Ep 4550 | M0_PDR 0.962 | M1_PDR 0.945 | H_m0 0.00 H_m1 0.01 | a-0.0077 c0.0257 ent0.0018 VRAM 36MB
Ep 4600 | M0_PDR 0.965 | M1_PDR 0.952 | H_m0 0.00 H_m1 0.00 | a0.0008 c0.0211 ent0.0017 VRAM 36MB
Ep 4650 | M0_PDR 0.949 | M1_PDR 0.968 | H_m0 0.00 H_m1 0.00 | a0.0152 c0.0318 ent0.0016 VRAM 36MB
Ep 4700 | M0_PDR 0.948 | M1_PDR 0.946 | H_m0 0.00 H_m1 0.00 | a0.0088 c0.0289 ent0.0015 VRAM 36MB
Ep 4750 | M0_PDR 0.955 | M1_PDR 0.958 | H_m0 0.00 H_m1 0.00 | a0.0007 c0.0248 ent0.0014 VRAM 36MB
Ep 4800 | M0_PDR 0.955 | M1_PDR 0.970 | H_m0 0.00 H_m1 0.00 | a-0.0157 c0.0288 ent0.0014 VRAM 36MB
Ep 4850 | M0_PDR 0.955 | M1_PDR 0.962 | H_m0 0.00 H_m1 0.00 | a-0.0015 c0.0250 ent0.0013 VRAM 36MB
Ep 4900 | M0_PDR 0.958 | M1_PDR 0.964 | H_m0 0.00 H_m1 0.00 | a-0.0092 c0.0260 ent0.0012 VRAM 36MB
Ep 4950 | M0_PDR 0.944 | M1_PDR 0.957 | H_m0 0.00 H_m1 0.00 | a-0.0089 c0.0315 ent0.0011 VRAM 36MB

Training complete. Running 100 eval episodes...

  Eval ep   0: M0_PDR=0.960  M1_PDR=0.975
  Eval ep  20: M0_PDR=0.953  M1_PDR=0.960
  Eval ep  40: M0_PDR=0.956  M1_PDR=0.972
  Eval ep  60: M0_PDR=0.951  M1_PDR=0.967
  Eval ep  80: M0_PDR=0.955  M1_PDR=0.961

=== Eval Summary (100 episodes) ===
  M0_PDR_mean         : 0.9542
  M0_PDR_p05 (across) : 0.9445
  M0_PDR_p05 (intra)  : 0.7989
  M1_PDR_mean         : 0.9598
  M0_SINR_mean (dB)   : 17.68
  M1_SINR_mean (dB)   : 19.80
  M0_collision_rate   : 0.996
  M0_collision_within_pool : 0.001
  M1_collision_within_pool : 0.008

Result saved -> results/_A_mode0b_N10_seed2_gaefix_g05_ent01.json
  N=10  rho=2.0  M0_PDR=0.954  M1_PDR=0.960
Checkpoint saved -> checkpoints/A_mode0b_N10_seed2_gaefix_g05_ent01_actors.pt
[NS3Bridge] Shutdown complete.
Run complete.
