[seed] all RNGs seeded with 3
GPU : NVIDIA GeForce RTX 3060
VRAM: 12.9 GB
Device          : cuda:0
Actors          : 4 per-vehicle, total 85,092 params
Critic params   : 79,361
obs_dim=11  action_dim=25  gs_dim=49
M0 count: 2  M1 count: 2
Training for 3000 episodes (Config A_mode0c_seed3_gaefix_g05_ent01, N=4)...

[NS3Bridge] Connected tcp://localhost:7056
Ep    0 | M0_PDR 0.655 | M1_PDR 0.688 | H_m0 3.22 H_m1 3.21 | a-0.0391 c1.0383 ent0.0100 VRAM 24MB
Ep   50 | M0_PDR 0.889 | M1_PDR 0.650 | H_m0 0.47 H_m1 3.11 | a-0.0210 c1.0275 ent0.0098 VRAM 24MB
Ep  100 | M0_PDR 0.992 | M1_PDR 0.862 | H_m0 0.06 H_m1 1.93 | a-0.0112 c1.0719 ent0.0097 VRAM 24MB
Ep  150 | M0_PDR 1.000 | M1_PDR 0.915 | H_m0 0.03 H_m1 1.66 | a-0.0092 c1.0621 ent0.0095 VRAM 24MB
Ep  200 | M0_PDR 1.000 | M1_PDR 0.985 | H_m0 0.01 H_m1 0.63 | a-0.0039 c1.0268 ent0.0094 VRAM 24MB
Ep  250 | M0_PDR 1.000 | M1_PDR 0.996 | H_m0 0.01 H_m1 0.85 | a-0.0056 c1.0238 ent0.0092 VRAM 24MB
Ep  300 | M0_PDR 1.000 | M1_PDR 0.987 | H_m0 0.01 H_m1 1.00 | a-0.0045 c1.0267 ent0.0091 VRAM 24MB
Ep  350 | M0_PDR 1.000 | M1_PDR 0.997 | H_m0 0.00 H_m1 0.87 | a-0.0057 c1.0188 ent0.0089 VRAM 24MB
Ep  400 | M0_PDR 0.998 | M1_PDR 0.992 | H_m0 0.00 H_m1 0.89 | a-0.0050 c1.0216 ent0.0088 VRAM 24MB
Ep  450 | M0_PDR 1.000 | M1_PDR 0.999 | H_m0 0.00 H_m1 1.22 | a-0.0074 c1.0248 ent0.0086 VRAM 24MB
Ep  500 | M0_PDR 1.000 | M1_PDR 1.000 | H_m0 0.00 H_m1 1.04 | a-0.0050 c1.0179 ent0.0085 VRAM 24MB
Ep  550 | M0_PDR 1.000 | M1_PDR 0.991 | H_m0 0.01 H_m1 1.12 | a-0.0056 c1.0241 ent0.0083 VRAM 24MB
Ep  600 | M0_PDR 0.999 | M1_PDR 0.992 | H_m0 0.04 H_m1 1.50 | a-0.0066 c1.0254 ent0.0082 VRAM 24MB
Ep  650 | M0_PDR 1.000 | M1_PDR 0.997 | H_m0 0.00 H_m1 0.95 | a-0.0047 c1.0195 ent0.0080 VRAM 24MB
Ep  700 | M0_PDR 0.998 | M1_PDR 0.991 | H_m0 0.00 H_m1 1.27 | a-0.0057 c1.0223 ent0.0079 VRAM 24MB
Ep  750 | M0_PDR 0.997 | M1_PDR 0.916 | H_m0 0.00 H_m1 1.61 | a-0.0070 c1.0570 ent0.0077 VRAM 24MB
Ep  800 | M0_PDR 0.998 | M1_PDR 0.990 | H_m0 0.00 H_m1 1.07 | a-0.0048 c1.0193 ent0.0076 VRAM 24MB
Ep  850 | M0_PDR 0.998 | M1_PDR 0.987 | H_m0 0.00 H_m1 1.22 | a-0.0052 c1.0191 ent0.0074 VRAM 24MB
Ep  900 | M0_PDR 1.000 | M1_PDR 1.000 | H_m0 0.00 H_m1 1.07 | a-0.0045 c1.0162 ent0.0073 VRAM 24MB
Ep  950 | M0_PDR 1.000 | M1_PDR 0.993 | H_m0 0.00 H_m1 1.04 | a-0.0046 c1.0177 ent0.0071 VRAM 24MB
Ep 1000 | M0_PDR 1.000 | M1_PDR 1.000 | H_m0 0.00 H_m1 1.24 | a-0.0047 c1.0171 ent0.0070 VRAM 24MB
Ep 1050 | M0_PDR 1.000 | M1_PDR 0.983 | H_m0 0.00 H_m1 1.42 | a-0.0050 c1.0256 ent0.0068 VRAM 24MB
Ep 1100 | M0_PDR 1.000 | M1_PDR 0.990 | H_m0 0.00 H_m1 1.17 | a-0.0041 c1.0213 ent0.0067 VRAM 24MB
Ep 1150 | M0_PDR 1.000 | M1_PDR 0.998 | H_m0 0.00 H_m1 1.25 | a-0.0053 c1.0179 ent0.0065 VRAM 24MB
Ep 1200 | M0_PDR 1.000 | M1_PDR 0.998 | H_m0 0.00 H_m1 1.02 | a-0.0037 c1.0164 ent0.0064 VRAM 24MB
Ep 1250 | M0_PDR 1.000 | M1_PDR 0.998 | H_m0 0.00 H_m1 1.18 | a-0.0045 c1.0161 ent0.0062 VRAM 24MB
Ep 1300 | M0_PDR 0.998 | M1_PDR 0.978 | H_m0 0.00 H_m1 1.20 | a-0.0040 c1.0228 ent0.0061 VRAM 24MB
Ep 1350 | M0_PDR 0.998 | M1_PDR 0.995 | H_m0 0.00 H_m1 0.92 | a-0.0033 c1.0147 ent0.0059 VRAM 24MB
Ep 1400 | M0_PDR 0.998 | M1_PDR 0.995 | H_m0 0.00 H_m1 1.04 | a-0.0039 c1.0134 ent0.0058 VRAM 24MB
Ep 1450 | M0_PDR 0.998 | M1_PDR 0.979 | H_m0 0.00 H_m1 1.16 | a-0.0036 c1.0230 ent0.0056 VRAM 24MB
Ep 1500 | M0_PDR 0.999 | M1_PDR 0.985 | H_m0 0.00 H_m1 1.17 | a-0.0035 c1.0189 ent0.0055 VRAM 24MB
Ep 1550 | M0_PDR 1.000 | M1_PDR 0.993 | H_m0 0.00 H_m1 1.11 | a-0.0032 c1.0186 ent0.0053 VRAM 24MB
Ep 1600 | M0_PDR 1.000 | M1_PDR 0.992 | H_m0 0.00 H_m1 0.89 | a-0.0023 c1.0216 ent0.0052 VRAM 24MB
Ep 1650 | M0_PDR 0.998 | M1_PDR 0.997 | H_m0 0.00 H_m1 0.96 | a-0.0027 c1.0120 ent0.0050 VRAM 24MB
Ep 1700 | M0_PDR 1.000 | M1_PDR 0.997 | H_m0 0.00 H_m1 0.87 | a-0.0024 c1.0178 ent0.0049 VRAM 24MB
Ep 1750 | M0_PDR 1.000 | M1_PDR 0.995 | H_m0 0.00 H_m1 1.06 | a-0.0027 c1.0176 ent0.0047 VRAM 24MB
Ep 1800 | M0_PDR 1.000 | M1_PDR 0.995 | H_m0 0.00 H_m1 0.88 | a-0.0026 c1.0174 ent0.0046 VRAM 24MB
Ep 1850 | M0_PDR 1.000 | M1_PDR 1.000 | H_m0 0.00 H_m1 0.86 | a-0.0024 c1.0155 ent0.0044 VRAM 24MB
Ep 1900 | M0_PDR 1.000 | M1_PDR 0.998 | H_m0 0.00 H_m1 0.82 | a-0.0016 c1.0151 ent0.0043 VRAM 24MB
Ep 1950 | M0_PDR 1.000 | M1_PDR 1.000 | H_m0 0.00 H_m1 1.07 | a-0.0026 c1.0131 ent0.0041 VRAM 24MB
Ep 2000 | M0_PDR 1.000 | M1_PDR 1.000 | H_m0 0.00 H_m1 1.15 | a-0.0034 c1.0138 ent0.0040 VRAM 24MB
Ep 2050 | M0_PDR 1.000 | M1_PDR 1.000 | H_m0 0.00 H_m1 1.19 | a-0.0023 c1.0144 ent0.0038 VRAM 24MB
Ep 2100 | M0_PDR 1.000 | M1_PDR 1.000 | H_m0 0.00 H_m1 1.21 | a-0.0024 c1.0134 ent0.0037 VRAM 24MB
Ep 2150 | M0_PDR 1.000 | M1_PDR 0.998 | H_m0 0.00 H_m1 1.21 | a-0.0024 c1.0150 ent0.0035 VRAM 24MB
Ep 2200 | M0_PDR 1.000 | M1_PDR 0.995 | H_m0 0.00 H_m1 1.17 | a-0.0022 c1.0165 ent0.0034 VRAM 24MB
Ep 2250 | M0_PDR 1.000 | M1_PDR 0.995 | H_m0 0.00 H_m1 1.20 | a-0.0023 c1.0163 ent0.0032 VRAM 24MB
Ep 2300 | M0_PDR 1.000 | M1_PDR 0.998 | H_m0 0.00 H_m1 1.18 | a-0.0018 c1.0144 ent0.0031 VRAM 24MB
Ep 2350 | M0_PDR 1.000 | M1_PDR 0.999 | H_m0 0.00 H_m1 1.16 | a-0.0021 c1.0148 ent0.0029 VRAM 24MB
Ep 2400 | M0_PDR 1.000 | M1_PDR 1.000 | H_m0 0.00 H_m1 1.19 | a-0.0019 c1.0141 ent0.0028 VRAM 24MB
Ep 2450 | M0_PDR 1.000 | M1_PDR 1.000 | H_m0 0.00 H_m1 1.14 | a-0.0017 c1.0149 ent0.0026 VRAM 24MB
Ep 2500 | M0_PDR 1.000 | M1_PDR 0.995 | H_m0 0.00 H_m1 1.14 | a-0.0016 c1.0169 ent0.0025 VRAM 24MB
Ep 2550 | M0_PDR 1.000 | M1_PDR 0.995 | H_m0 0.00 H_m1 1.16 | a-0.0014 c1.0170 ent0.0023 VRAM 24MB
Ep 2600 | M0_PDR 1.000 | M1_PDR 0.997 | H_m0 0.00 H_m1 1.15 | a-0.0013 c1.0154 ent0.0022 VRAM 24MB
Ep 2650 | M0_PDR 1.000 | M1_PDR 0.997 | H_m0 0.00 H_m1 1.14 | a-0.0013 c1.0158 ent0.0020 VRAM 24MB
Ep 2700 | M0_PDR 1.000 | M1_PDR 0.997 | H_m0 0.00 H_m1 1.13 | a-0.0012 c1.0162 ent0.0019 VRAM 24MB
Ep 2750 | M0_PDR 1.000 | M1_PDR 1.000 | H_m0 0.00 H_m1 1.14 | a-0.0010 c1.0130 ent0.0017 VRAM 24MB
Ep 2800 | M0_PDR 1.000 | M1_PDR 0.998 | H_m0 0.00 H_m1 1.15 | a-0.0010 c1.0146 ent0.0016 VRAM 24MB
Ep 2850 | M0_PDR 1.000 | M1_PDR 0.997 | H_m0 0.00 H_m1 1.14 | a-0.0009 c1.0152 ent0.0014 VRAM 24MB
Ep 2900 | M0_PDR 1.000 | M1_PDR 1.000 | H_m0 0.00 H_m1 1.12 | a-0.0008 c1.0140 ent0.0013 VRAM 24MB
Ep 2950 | M0_PDR 1.000 | M1_PDR 1.000 | H_m0 0.00 H_m1 1.12 | a-0.0006 c1.0131 ent0.0011 VRAM 24MB

Training complete. Running 100 eval episodes...

  Eval ep   0: M0_PDR=1.000  M1_PDR=1.000
  Eval ep  20: M0_PDR=1.000  M1_PDR=1.000
  Eval ep  40: M0_PDR=1.000  M1_PDR=0.998
  Eval ep  60: M0_PDR=1.000  M1_PDR=1.000
  Eval ep  80: M0_PDR=1.000  M1_PDR=0.995

=== Eval Summary (100 episodes) ===
  M0_PDR_mean         : 0.9999
  M0_PDR_p05 (across) : 1.0000
  M0_PDR_p05 (intra)  : 1.0000
  M1_PDR_mean         : 0.9979
  M0_SINR_mean (dB)   : 47.31
  M1_SINR_mean (dB)   : 43.29
  M0_collision_rate   : 0.000
  M0_collision_within_pool : 0.000
  M1_collision_within_pool : 0.003

Result saved -> results/_A_mode0c_seed3_gaefix_g05_ent01.json
  N=4  rho=0.8  M0_PDR=1.000  M1_PDR=0.998
Checkpoint saved -> checkpoints/A_mode0c_seed3_gaefix_g05_ent01_actors.pt
[NS3Bridge] Shutdown complete.
Run complete.
