[seed] all RNGs seeded with 1
GPU : NVIDIA GeForce RTX 3060
VRAM: 12.9 GB
Device          : cuda:0
Actors          : 10 per-vehicle, total 212,730 params
Critic params   : 96,257
obs_dim=11  action_dim=25  gs_dim=115
M0 count: 5  M1 count: 5
Training for 5000 episodes (Config A_mode0c_N10_seed1_gaefix_g05_ent01, N=10)...

[NS3Bridge] Connected tcp://localhost:7226
Ep    0 | M0_PDR 0.519 | M1_PDR 0.594 | H_m0 3.22 H_m1 3.21 | a-0.0407 c0.5478 ent0.0100 VRAM 35MB
Ep   50 | M0_PDR 0.842 | M1_PDR 0.513 | H_m0 0.55 H_m1 3.05 | a-0.0218 c0.9961 ent0.0099 VRAM 35MB
Ep  100 | M0_PDR 0.946 | M1_PDR 0.754 | H_m0 0.02 H_m1 1.62 | a-0.0095 c1.0543 ent0.0098 VRAM 35MB
Ep  150 | M0_PDR 0.940 | M1_PDR 0.843 | H_m0 0.01 H_m1 0.86 | a-0.0047 c1.0033 ent0.0097 VRAM 35MB
Ep  200 | M0_PDR 0.920 | M1_PDR 0.927 | H_m0 0.01 H_m1 0.29 | a-0.0023 c0.9466 ent0.0096 VRAM 35MB
Ep  250 | M0_PDR 0.941 | M1_PDR 0.952 | H_m0 0.00 H_m1 0.27 | a-0.0022 c0.9482 ent0.0095 VRAM 35MB
Ep  300 | M0_PDR 0.951 | M1_PDR 0.858 | H_m0 0.00 H_m1 0.65 | a-0.0043 c1.0204 ent0.0095 VRAM 35MB
Ep  350 | M0_PDR 0.926 | M1_PDR 0.922 | H_m0 0.00 H_m1 0.50 | a-0.0026 c0.9444 ent0.0094 VRAM 35MB
Ep  400 | M0_PDR 0.928 | M1_PDR 0.948 | H_m0 0.00 H_m1 0.18 | a-0.0011 c0.9392 ent0.0093 VRAM 35MB
Ep  450 | M0_PDR 0.936 | M1_PDR 0.956 | H_m0 0.00 H_m1 0.10 | a-0.0002 c0.9432 ent0.0092 VRAM 35MB
Ep  500 | M0_PDR 0.923 | M1_PDR 0.967 | H_m0 0.00 H_m1 0.09 | a-0.0010 c0.9178 ent0.0091 VRAM 35MB
Ep  550 | M0_PDR 0.935 | M1_PDR 0.964 | H_m0 0.00 H_m1 0.12 | a-0.0003 c0.9329 ent0.0090 VRAM 35MB
Ep  600 | M0_PDR 0.935 | M1_PDR 0.942 | H_m0 0.00 H_m1 0.25 | a-0.0024 c0.9546 ent0.0089 VRAM 35MB
Ep  650 | M0_PDR 0.940 | M1_PDR 0.934 | H_m0 0.00 H_m1 0.22 | a-0.0010 c0.9705 ent0.0088 VRAM 35MB
Ep  700 | M0_PDR 0.931 | M1_PDR 0.947 | H_m0 0.00 H_m1 0.12 | a-0.0014 c0.9452 ent0.0087 VRAM 35MB
Ep  750 | M0_PDR 0.939 | M1_PDR 0.952 | H_m0 0.00 H_m1 0.18 | a-0.0010 c0.9533 ent0.0086 VRAM 35MB
Ep  800 | M0_PDR 0.956 | M1_PDR 0.937 | H_m0 0.00 H_m1 0.22 | a-0.0010 c0.9855 ent0.0086 VRAM 35MB
Ep  850 | M0_PDR 0.949 | M1_PDR 0.909 | H_m0 0.00 H_m1 0.11 | a-0.0002 c1.0051 ent0.0085 VRAM 35MB
Ep  900 | M0_PDR 0.931 | M1_PDR 0.935 | H_m0 0.00 H_m1 0.15 | a-0.0007 c0.9560 ent0.0084 VRAM 35MB
Ep  950 | M0_PDR 0.952 | M1_PDR 0.927 | H_m0 0.00 H_m1 0.16 | a-0.0006 c0.9837 ent0.0083 VRAM 35MB
Ep 1000 | M0_PDR 0.936 | M1_PDR 0.952 | H_m0 0.00 H_m1 0.14 | a-0.0010 c0.9379 ent0.0082 VRAM 35MB
Ep 1050 | M0_PDR 0.939 | M1_PDR 0.954 | H_m0 0.00 H_m1 0.17 | a-0.0008 c0.9421 ent0.0081 VRAM 35MB
Ep 1100 | M0_PDR 0.948 | M1_PDR 0.926 | H_m0 0.00 H_m1 0.25 | a-0.0012 c0.9875 ent0.0080 VRAM 35MB
Ep 1150 | M0_PDR 0.947 | M1_PDR 0.913 | H_m0 0.00 H_m1 0.18 | a-0.0008 c0.9985 ent0.0079 VRAM 35MB
Ep 1200 | M0_PDR 0.945 | M1_PDR 0.918 | H_m0 0.00 H_m1 0.22 | a-0.0011 c0.9943 ent0.0078 VRAM 35MB
Ep 1250 | M0_PDR 0.939 | M1_PDR 0.920 | H_m0 0.00 H_m1 0.20 | a-0.0013 c0.9779 ent0.0077 VRAM 35MB
Ep 1300 | M0_PDR 0.949 | M1_PDR 0.905 | H_m0 0.00 H_m1 0.17 | a-0.0009 c0.9997 ent0.0077 VRAM 35MB
Ep 1350 | M0_PDR 0.928 | M1_PDR 0.901 | H_m0 0.00 H_m1 0.31 | a-0.0012 c0.9670 ent0.0076 VRAM 35MB
Ep 1400 | M0_PDR 0.940 | M1_PDR 0.926 | H_m0 0.00 H_m1 0.26 | a-0.0019 c0.9729 ent0.0075 VRAM 35MB
Ep 1450 | M0_PDR 0.951 | M1_PDR 0.931 | H_m0 0.00 H_m1 0.42 | a-0.0023 c0.9780 ent0.0074 VRAM 35MB
Ep 1500 | M0_PDR 0.939 | M1_PDR 0.952 | H_m0 0.00 H_m1 0.18 | a-0.0007 c0.9573 ent0.0073 VRAM 35MB
Ep 1550 | M0_PDR 0.953 | M1_PDR 0.962 | H_m0 0.00 H_m1 0.10 | a-0.0007 c0.9644 ent0.0072 VRAM 35MB
Ep 1600 | M0_PDR 0.929 | M1_PDR 0.972 | H_m0 0.00 H_m1 0.07 | a-0.0002 c0.9352 ent0.0071 VRAM 35MB
Ep 1650 | M0_PDR 0.957 | M1_PDR 0.960 | H_m0 0.00 H_m1 0.04 | a-0.0001 c0.9662 ent0.0070 VRAM 35MB
Ep 1700 | M0_PDR 0.947 | M1_PDR 0.944 | H_m0 0.00 H_m1 0.13 | a-0.0006 c0.9640 ent0.0069 VRAM 35MB
Ep 1750 | M0_PDR 0.936 | M1_PDR 0.954 | H_m0 0.00 H_m1 0.10 | a-0.0004 c0.9473 ent0.0068 VRAM 35MB
Ep 1800 | M0_PDR 0.945 | M1_PDR 0.962 | H_m0 0.00 H_m1 0.14 | a-0.0008 c0.9561 ent0.0068 VRAM 35MB
Ep 1850 | M0_PDR 0.952 | M1_PDR 0.967 | H_m0 0.00 H_m1 0.14 | a-0.0005 c0.9685 ent0.0067 VRAM 35MB
Ep 1900 | M0_PDR 0.938 | M1_PDR 0.952 | H_m0 0.00 H_m1 0.17 | a-0.0009 c0.9567 ent0.0066 VRAM 35MB
Ep 1950 | M0_PDR 0.936 | M1_PDR 0.945 | H_m0 0.00 H_m1 0.15 | a-0.0006 c0.9478 ent0.0065 VRAM 35MB
Ep 2000 | M0_PDR 0.947 | M1_PDR 0.935 | H_m0 0.00 H_m1 0.23 | a-0.0017 c0.9626 ent0.0064 VRAM 35MB
Ep 2050 | M0_PDR 0.936 | M1_PDR 0.954 | H_m0 0.00 H_m1 0.06 | a-0.0002 c0.9440 ent0.0063 VRAM 35MB
Ep 2100 | M0_PDR 0.936 | M1_PDR 0.965 | H_m0 0.00 H_m1 0.03 | a-0.0002 c0.9357 ent0.0062 VRAM 35MB
Ep 2150 | M0_PDR 0.941 | M1_PDR 0.964 | H_m0 0.00 H_m1 0.07 | a-0.0003 c0.9470 ent0.0061 VRAM 35MB
Ep 2200 | M0_PDR 0.941 | M1_PDR 0.957 | H_m0 0.00 H_m1 0.04 | a-0.0001 c0.9447 ent0.0060 VRAM 35MB
Ep 2250 | M0_PDR 0.936 | M1_PDR 0.941 | H_m0 0.00 H_m1 0.16 | a-0.0006 c0.9524 ent0.0059 VRAM 35MB
Ep 2300 | M0_PDR 0.941 | M1_PDR 0.926 | H_m0 0.00 H_m1 0.22 | a-0.0007 c0.9676 ent0.0059 VRAM 35MB
Ep 2350 | M0_PDR 0.930 | M1_PDR 0.929 | H_m0 0.00 H_m1 0.19 | a-0.0008 c0.9501 ent0.0058 VRAM 35MB
Ep 2400 | M0_PDR 0.942 | M1_PDR 0.957 | H_m0 0.00 H_m1 0.10 | a-0.0001 c0.9449 ent0.0057 VRAM 35MB
Ep 2450 | M0_PDR 0.932 | M1_PDR 0.945 | H_m0 0.00 H_m1 0.11 | a-0.0002 c0.9409 ent0.0056 VRAM 35MB
Ep 2500 | M0_PDR 0.940 | M1_PDR 0.949 | H_m0 0.00 H_m1 0.07 | a-0.0005 c0.9482 ent0.0055 VRAM 35MB
Ep 2550 | M0_PDR 0.942 | M1_PDR 0.962 | H_m0 0.00 H_m1 0.03 | a-0.0001 c0.9481 ent0.0054 VRAM 35MB
Ep 2600 | M0_PDR 0.940 | M1_PDR 0.966 | H_m0 0.00 H_m1 0.02 | a-0.0001 c0.9362 ent0.0053 VRAM 35MB
Ep 2650 | M0_PDR 0.941 | M1_PDR 0.964 | H_m0 0.00 H_m1 0.02 | a-0.0001 c0.9473 ent0.0052 VRAM 35MB
Ep 2700 | M0_PDR 0.941 | M1_PDR 0.958 | H_m0 0.00 H_m1 0.07 | a-0.0003 c0.9519 ent0.0051 VRAM 35MB
Ep 2750 | M0_PDR 0.942 | M1_PDR 0.955 | H_m0 0.00 H_m1 0.11 | a-0.0003 c0.9480 ent0.0050 VRAM 35MB
Ep 2800 | M0_PDR 0.937 | M1_PDR 0.969 | H_m0 0.00 H_m1 0.08 | a-0.0002 c0.9381 ent0.0050 VRAM 35MB
Ep 2850 | M0_PDR 0.931 | M1_PDR 0.967 | H_m0 0.00 H_m1 0.05 | a-0.0001 c0.9315 ent0.0049 VRAM 35MB
Ep 2900 | M0_PDR 0.943 | M1_PDR 0.965 | H_m0 0.00 H_m1 0.07 | a-0.0003 c0.9446 ent0.0048 VRAM 35MB
Ep 2950 | M0_PDR 0.937 | M1_PDR 0.967 | H_m0 0.00 H_m1 0.05 | a-0.0002 c0.9454 ent0.0047 VRAM 35MB
Ep 3000 | M0_PDR 0.948 | M1_PDR 0.959 | H_m0 0.00 H_m1 0.11 | a-0.0004 c0.9642 ent0.0046 VRAM 35MB
Ep 3050 | M0_PDR 0.945 | M1_PDR 0.963 | H_m0 0.00 H_m1 0.05 | a-0.0002 c0.9529 ent0.0045 VRAM 35MB
Ep 3100 | M0_PDR 0.940 | M1_PDR 0.960 | H_m0 0.00 H_m1 0.04 | a-0.0001 c0.9455 ent0.0044 VRAM 35MB
Ep 3150 | M0_PDR 0.930 | M1_PDR 0.961 | H_m0 0.00 H_m1 0.03 | a-0.0001 c0.9292 ent0.0043 VRAM 35MB
Ep 3200 | M0_PDR 0.946 | M1_PDR 0.969 | H_m0 0.00 H_m1 0.02 | a-0.0001 c0.9485 ent0.0042 VRAM 35MB
Ep 3250 | M0_PDR 0.932 | M1_PDR 0.967 | H_m0 0.00 H_m1 0.02 | a-0.0000 c0.9362 ent0.0041 VRAM 35MB
Ep 3300 | M0_PDR 0.945 | M1_PDR 0.963 | H_m0 0.00 H_m1 0.06 | a-0.0002 c0.9475 ent0.0041 VRAM 35MB
Ep 3350 | M0_PDR 0.949 | M1_PDR 0.966 | H_m0 0.00 H_m1 0.04 | a-0.0002 c0.9552 ent0.0040 VRAM 35MB
Ep 3400 | M0_PDR 0.960 | M1_PDR 0.960 | H_m0 0.00 H_m1 0.06 | a-0.0002 c0.9698 ent0.0039 VRAM 35MB
Ep 3450 | M0_PDR 0.947 | M1_PDR 0.955 | H_m0 0.00 H_m1 0.07 | a-0.0001 c0.9510 ent0.0038 VRAM 35MB
Ep 3500 | M0_PDR 0.933 | M1_PDR 0.968 | H_m0 0.00 H_m1 0.05 | a-0.0001 c0.9273 ent0.0037 VRAM 35MB
Ep 3550 | M0_PDR 0.928 | M1_PDR 0.968 | H_m0 0.00 H_m1 0.03 | a-0.0001 c0.9319 ent0.0036 VRAM 35MB
Ep 3600 | M0_PDR 0.938 | M1_PDR 0.964 | H_m0 0.00 H_m1 0.03 | a-0.0001 c0.9384 ent0.0035 VRAM 35MB
Ep 3650 | M0_PDR 0.924 | M1_PDR 0.953 | H_m0 0.00 H_m1 0.01 | a-0.0000 c0.9375 ent0.0034 VRAM 35MB
Ep 3700 | M0_PDR 0.928 | M1_PDR 0.975 | H_m0 0.00 H_m1 0.01 | a-0.0000 c0.9253 ent0.0033 VRAM 35MB
Ep 3750 | M0_PDR 0.958 | M1_PDR 0.962 | H_m0 0.00 H_m1 0.01 | a-0.0000 c0.9574 ent0.0032 VRAM 35MB
Ep 3800 | M0_PDR 0.943 | M1_PDR 0.959 | H_m0 0.00 H_m1 0.01 | a-0.0000 c0.9465 ent0.0032 VRAM 35MB
Ep 3850 | M0_PDR 0.945 | M1_PDR 0.969 | H_m0 0.00 H_m1 0.01 | a-0.0001 c0.9422 ent0.0031 VRAM 35MB
Ep 3900 | M0_PDR 0.948 | M1_PDR 0.965 | H_m0 0.00 H_m1 0.01 | a-0.0000 c0.9549 ent0.0030 VRAM 35MB
Ep 3950 | M0_PDR 0.939 | M1_PDR 0.970 | H_m0 0.00 H_m1 0.01 | a-0.0000 c0.9370 ent0.0029 VRAM 35MB
Ep 4000 | M0_PDR 0.939 | M1_PDR 0.959 | H_m0 0.00 H_m1 0.01 | a-0.0000 c0.9438 ent0.0028 VRAM 35MB
Ep 4050 | M0_PDR 0.948 | M1_PDR 0.965 | H_m0 0.00 H_m1 0.01 | a-0.0000 c0.9507 ent0.0027 VRAM 35MB
Ep 4100 | M0_PDR 0.932 | M1_PDR 0.955 | H_m0 0.00 H_m1 0.01 | a-0.0000 c0.9346 ent0.0026 VRAM 35MB
Ep 4150 | M0_PDR 0.942 | M1_PDR 0.956 | H_m0 0.00 H_m1 0.00 | a-0.0000 c0.9496 ent0.0025 VRAM 35MB
Ep 4200 | M0_PDR 0.951 | M1_PDR 0.957 | H_m0 0.00 H_m1 0.00 | a-0.0000 c0.9582 ent0.0024 VRAM 35MB
Ep 4250 | M0_PDR 0.934 | M1_PDR 0.952 | H_m0 0.00 H_m1 0.00 | a-0.0000 c0.9498 ent0.0023 VRAM 35MB
Ep 4300 | M0_PDR 0.941 | M1_PDR 0.967 | H_m0 0.00 H_m1 0.00 | a-0.0000 c0.9427 ent0.0023 VRAM 35MB
Ep 4350 | M0_PDR 0.939 | M1_PDR 0.969 | H_m0 0.00 H_m1 0.00 | a-0.0000 c0.9349 ent0.0022 VRAM 35MB
Ep 4400 | M0_PDR 0.934 | M1_PDR 0.967 | H_m0 0.00 H_m1 0.00 | a-0.0000 c0.9324 ent0.0021 VRAM 35MB
Ep 4450 | M0_PDR 0.948 | M1_PDR 0.968 | H_m0 0.00 H_m1 0.00 | a-0.0000 c0.9544 ent0.0020 VRAM 35MB
Ep 4500 | M0_PDR 0.933 | M1_PDR 0.971 | H_m0 0.00 H_m1 0.00 | a-0.0000 c0.9346 ent0.0019 VRAM 35MB
Ep 4550 | M0_PDR 0.950 | M1_PDR 0.956 | H_m0 0.00 H_m1 0.00 | a-0.0000 c0.9528 ent0.0018 VRAM 35MB
Ep 4600 | M0_PDR 0.941 | M1_PDR 0.962 | H_m0 0.00 H_m1 0.00 | a-0.0000 c0.9436 ent0.0017 VRAM 35MB
Ep 4650 | M0_PDR 0.938 | M1_PDR 0.960 | H_m0 0.00 H_m1 0.00 | a-0.0000 c0.9406 ent0.0016 VRAM 35MB
Ep 4700 | M0_PDR 0.951 | M1_PDR 0.961 | H_m0 0.00 H_m1 0.00 | a-0.0000 c0.9562 ent0.0015 VRAM 35MB
Ep 4750 | M0_PDR 0.952 | M1_PDR 0.959 | H_m0 0.00 H_m1 0.00 | a-0.0000 c0.9610 ent0.0014 VRAM 35MB
Ep 4800 | M0_PDR 0.942 | M1_PDR 0.966 | H_m0 0.00 H_m1 0.00 | a-0.0000 c0.9423 ent0.0014 VRAM 35MB
Ep 4850 | M0_PDR 0.944 | M1_PDR 0.969 | H_m0 0.00 H_m1 0.00 | a-0.0000 c0.9454 ent0.0013 VRAM 35MB
Ep 4900 | M0_PDR 0.937 | M1_PDR 0.956 | H_m0 0.00 H_m1 0.00 | a-0.0000 c0.9425 ent0.0012 VRAM 35MB
Ep 4950 | M0_PDR 0.937 | M1_PDR 0.959 | H_m0 0.00 H_m1 0.00 | a-0.0000 c0.9494 ent0.0011 VRAM 35MB

Training complete. Running 100 eval episodes...

  Eval ep   0: M0_PDR=0.940  M1_PDR=0.966
  Eval ep  20: M0_PDR=0.934  M1_PDR=0.971
  Eval ep  40: M0_PDR=0.952  M1_PDR=0.965
  Eval ep  60: M0_PDR=0.944  M1_PDR=0.971
  Eval ep  80: M0_PDR=0.943  M1_PDR=0.966

=== Eval Summary (100 episodes) ===
  M0_PDR_mean         : 0.9416
  M0_PDR_p05 (across) : 0.9286
  M0_PDR_p05 (intra)  : 0.7955
  M1_PDR_mean         : 0.9633
  M0_SINR_mean (dB)   : 17.70
  M1_SINR_mean (dB)   : 20.09
  M0_collision_rate   : 1.000
  M0_collision_within_pool : 0.000
  M1_collision_within_pool : 0.001

Result saved -> results/_A_mode0c_N10_seed1_gaefix_g05_ent01.json
  N=10  rho=2.0  M0_PDR=0.942  M1_PDR=0.963
Checkpoint saved -> checkpoints/A_mode0c_N10_seed1_gaefix_g05_ent01_actors.pt
[NS3Bridge] Shutdown complete.
Run complete.
