[seed] all RNGs seeded with 2
GPU : NVIDIA GeForce RTX 3060
VRAM: 12.9 GB
Device          : cuda:0
Actors          : 10 per-vehicle, total 212,730 params
Critic params   : 96,257
obs_dim=11  action_dim=25  gs_dim=115
M0 count: 5  M1 count: 5
Training for 5000 episodes (Config A_mode0c_N10_seed2_gaefix_g05_ent01_armS, N=10)...

[NS3Bridge] Connected tcp://localhost:8646
Ep    0 | M0_PDR 0.603 | M1_PDR 0.680 | H_m0 3.21 H_m1 3.21 | a-0.0396 c0.8319 ent0.0100 VRAM 35MB
Ep   50 | M0_PDR 0.607 | M1_PDR 0.665 | H_m0 3.19 H_m1 3.19 | a-0.0336 c0.6128 ent0.0099 VRAM 35MB
Ep  100 | M0_PDR 0.613 | M1_PDR 0.684 | H_m0 3.09 H_m1 3.17 | a-0.0334 c0.6254 ent0.0098 VRAM 35MB
Ep  150 | M0_PDR 0.842 | M1_PDR 0.712 | H_m0 1.27 H_m1 3.14 | a-0.0261 c0.9261 ent0.0097 VRAM 35MB
Ep  200 | M0_PDR 0.927 | M1_PDR 0.683 | H_m0 0.67 H_m1 3.14 | a-0.0199 c1.0626 ent0.0096 VRAM 35MB
Ep  250 | M0_PDR 0.930 | M1_PDR 0.696 | H_m0 0.81 H_m1 3.10 | a-0.0208 c1.0512 ent0.0095 VRAM 35MB
Ep  300 | M0_PDR 0.926 | M1_PDR 0.663 | H_m0 0.52 H_m1 3.09 | a-0.0189 c1.0616 ent0.0095 VRAM 35MB
Ep  350 | M0_PDR 0.935 | M1_PDR 0.711 | H_m0 0.61 H_m1 3.15 | a-0.0191 c1.0556 ent0.0094 VRAM 35MB
Ep  400 | M0_PDR 0.943 | M1_PDR 0.675 | H_m0 0.52 H_m1 3.12 | a-0.0177 c1.0803 ent0.0093 VRAM 35MB
Ep  450 | M0_PDR 0.946 | M1_PDR 0.698 | H_m0 0.43 H_m1 3.06 | a-0.0172 c1.0741 ent0.0092 VRAM 35MB
Ep  500 | M0_PDR 0.936 | M1_PDR 0.698 | H_m0 0.52 H_m1 3.13 | a-0.0178 c1.0696 ent0.0091 VRAM 35MB
Ep  550 | M0_PDR 0.945 | M1_PDR 0.720 | H_m0 0.66 H_m1 2.98 | a-0.0184 c1.0659 ent0.0090 VRAM 35MB
Ep  600 | M0_PDR 0.941 | M1_PDR 0.731 | H_m0 0.71 H_m1 2.78 | a-0.0168 c1.0724 ent0.0089 VRAM 35MB
Ep  650 | M0_PDR 0.944 | M1_PDR 0.683 | H_m0 0.72 H_m1 2.97 | a-0.0175 c1.0751 ent0.0088 VRAM 35MB
Ep  700 | M0_PDR 0.930 | M1_PDR 0.722 | H_m0 0.63 H_m1 2.95 | a-0.0169 c1.0521 ent0.0087 VRAM 35MB
Ep  750 | M0_PDR 0.945 | M1_PDR 0.734 | H_m0 0.60 H_m1 3.05 | a-0.0167 c1.0632 ent0.0086 VRAM 35MB
Ep  800 | M0_PDR 0.935 | M1_PDR 0.690 | H_m0 0.66 H_m1 3.01 | a-0.0165 c1.0725 ent0.0086 VRAM 35MB
Ep  850 | M0_PDR 0.934 | M1_PDR 0.728 | H_m0 0.75 H_m1 2.97 | a-0.0167 c1.0518 ent0.0085 VRAM 35MB
Ep  900 | M0_PDR 0.948 | M1_PDR 0.735 | H_m0 0.50 H_m1 2.94 | a-0.0155 c1.0726 ent0.0084 VRAM 35MB
Ep  950 | M0_PDR 0.932 | M1_PDR 0.725 | H_m0 0.61 H_m1 2.75 | a-0.0150 c1.0464 ent0.0083 VRAM 35MB
Ep 1000 | M0_PDR 0.941 | M1_PDR 0.712 | H_m0 0.55 H_m1 2.74 | a-0.0151 c1.0672 ent0.0082 VRAM 35MB
Ep 1050 | M0_PDR 0.939 | M1_PDR 0.735 | H_m0 0.59 H_m1 2.88 | a-0.0152 c1.0546 ent0.0081 VRAM 35MB
Ep 1100 | M0_PDR 0.937 | M1_PDR 0.783 | H_m0 0.19 H_m1 2.77 | a-0.0134 c1.0417 ent0.0080 VRAM 35MB
Ep 1150 | M0_PDR 0.931 | M1_PDR 0.756 | H_m0 0.29 H_m1 2.68 | a-0.0125 c1.0355 ent0.0079 VRAM 35MB
Ep 1200 | M0_PDR 0.944 | M1_PDR 0.773 | H_m0 0.43 H_m1 2.55 | a-0.0138 c1.0497 ent0.0078 VRAM 35MB
Ep 1250 | M0_PDR 0.924 | M1_PDR 0.803 | H_m0 0.28 H_m1 2.39 | a-0.0127 c0.9988 ent0.0077 VRAM 35MB
Ep 1300 | M0_PDR 0.935 | M1_PDR 0.848 | H_m0 0.34 H_m1 2.23 | a-0.0107 c0.9965 ent0.0077 VRAM 35MB
Ep 1350 | M0_PDR 0.936 | M1_PDR 0.882 | H_m0 0.37 H_m1 1.83 | a-0.0106 c0.9902 ent0.0076 VRAM 35MB
Ep 1400 | M0_PDR 0.937 | M1_PDR 0.889 | H_m0 0.51 H_m1 1.86 | a-0.0111 c0.9880 ent0.0075 VRAM 35MB
Ep 1450 | M0_PDR 0.929 | M1_PDR 0.900 | H_m0 0.50 H_m1 1.73 | a-0.0088 c0.9692 ent0.0074 VRAM 35MB
Ep 1500 | M0_PDR 0.928 | M1_PDR 0.933 | H_m0 0.49 H_m1 1.41 | a-0.0081 c0.9460 ent0.0073 VRAM 35MB
Ep 1550 | M0_PDR 0.928 | M1_PDR 0.925 | H_m0 0.57 H_m1 1.45 | a-0.0080 c0.9479 ent0.0072 VRAM 35MB
Ep 1600 | M0_PDR 0.936 | M1_PDR 0.917 | H_m0 0.56 H_m1 1.35 | a-0.0078 c0.9611 ent0.0071 VRAM 35MB
Ep 1650 | M0_PDR 0.926 | M1_PDR 0.950 | H_m0 0.51 H_m1 1.37 | a-0.0077 c0.9461 ent0.0070 VRAM 35MB
Ep 1700 | M0_PDR 0.931 | M1_PDR 0.961 | H_m0 0.44 H_m1 1.38 | a-0.0074 c0.9357 ent0.0069 VRAM 35MB
Ep 1750 | M0_PDR 0.939 | M1_PDR 0.946 | H_m0 0.45 H_m1 1.40 | a-0.0078 c0.9537 ent0.0068 VRAM 35MB
Ep 1800 | M0_PDR 0.928 | M1_PDR 0.946 | H_m0 0.50 H_m1 1.46 | a-0.0068 c0.9345 ent0.0068 VRAM 35MB
Ep 1850 | M0_PDR 0.931 | M1_PDR 0.949 | H_m0 0.55 H_m1 1.48 | a-0.0074 c0.9439 ent0.0067 VRAM 35MB
Ep 1900 | M0_PDR 0.926 | M1_PDR 0.931 | H_m0 0.57 H_m1 1.55 | a-0.0074 c0.9391 ent0.0066 VRAM 35MB
Ep 1950 | M0_PDR 0.935 | M1_PDR 0.936 | H_m0 0.58 H_m1 1.58 | a-0.0074 c0.9555 ent0.0065 VRAM 35MB
Ep 2000 | M0_PDR 0.947 | M1_PDR 0.935 | H_m0 0.61 H_m1 1.47 | a-0.0077 c0.9700 ent0.0064 VRAM 35MB
Ep 2050 | M0_PDR 0.944 | M1_PDR 0.938 | H_m0 0.52 H_m1 1.47 | a-0.0073 c0.9662 ent0.0063 VRAM 35MB
Ep 2100 | M0_PDR 0.937 | M1_PDR 0.938 | H_m0 0.46 H_m1 1.41 | a-0.0067 c0.9546 ent0.0062 VRAM 35MB
Ep 2150 | M0_PDR 0.928 | M1_PDR 0.944 | H_m0 0.56 H_m1 1.32 | a-0.0058 c0.9411 ent0.0061 VRAM 35MB
Ep 2200 | M0_PDR 0.935 | M1_PDR 0.954 | H_m0 0.57 H_m1 1.34 | a-0.0066 c0.9382 ent0.0060 VRAM 35MB
Ep 2250 | M0_PDR 0.933 | M1_PDR 0.943 | H_m0 0.61 H_m1 1.26 | a-0.0059 c0.9436 ent0.0059 VRAM 35MB
Ep 2300 | M0_PDR 0.934 | M1_PDR 0.944 | H_m0 0.60 H_m1 1.25 | a-0.0060 c0.9453 ent0.0059 VRAM 35MB
Ep 2350 | M0_PDR 0.940 | M1_PDR 0.961 | H_m0 0.61 H_m1 1.16 | a-0.0058 c0.9481 ent0.0058 VRAM 35MB
Ep 2400 | M0_PDR 0.946 | M1_PDR 0.943 | H_m0 0.63 H_m1 1.20 | a-0.0057 c0.9558 ent0.0057 VRAM 35MB
Ep 2450 | M0_PDR 0.928 | M1_PDR 0.960 | H_m0 0.61 H_m1 1.16 | a-0.0052 c0.9269 ent0.0056 VRAM 35MB
Ep 2500 | M0_PDR 0.930 | M1_PDR 0.957 | H_m0 0.66 H_m1 1.33 | a-0.0059 c0.9349 ent0.0055 VRAM 35MB
Ep 2550 | M0_PDR 0.930 | M1_PDR 0.964 | H_m0 0.66 H_m1 1.27 | a-0.0058 c0.9282 ent0.0054 VRAM 35MB
Ep 2600 | M0_PDR 0.932 | M1_PDR 0.953 | H_m0 0.62 H_m1 1.36 | a-0.0060 c0.9432 ent0.0053 VRAM 35MB
Ep 2650 | M0_PDR 0.935 | M1_PDR 0.956 | H_m0 0.55 H_m1 1.37 | a-0.0056 c0.9380 ent0.0052 VRAM 35MB
Ep 2700 | M0_PDR 0.938 | M1_PDR 0.947 | H_m0 0.61 H_m1 1.30 | a-0.0056 c0.9454 ent0.0051 VRAM 35MB
Ep 2750 | M0_PDR 0.928 | M1_PDR 0.950 | H_m0 0.60 H_m1 1.24 | a-0.0052 c0.9301 ent0.0050 VRAM 35MB
Ep 2800 | M0_PDR 0.941 | M1_PDR 0.961 | H_m0 0.61 H_m1 1.35 | a-0.0053 c0.9418 ent0.0050 VRAM 35MB
Ep 2850 | M0_PDR 0.933 | M1_PDR 0.961 | H_m0 0.58 H_m1 1.21 | a-0.0044 c0.9398 ent0.0049 VRAM 35MB
Ep 2900 | M0_PDR 0.934 | M1_PDR 0.958 | H_m0 0.56 H_m1 1.24 | a-0.0045 c0.9445 ent0.0048 VRAM 35MB
Ep 2950 | M0_PDR 0.940 | M1_PDR 0.956 | H_m0 0.56 H_m1 1.25 | a-0.0045 c0.9421 ent0.0047 VRAM 35MB
Ep 3000 | M0_PDR 0.944 | M1_PDR 0.951 | H_m0 0.60 H_m1 1.21 | a-0.0045 c0.9486 ent0.0046 VRAM 35MB
Ep 3050 | M0_PDR 0.933 | M1_PDR 0.964 | H_m0 0.62 H_m1 1.15 | a-0.0045 c0.9264 ent0.0045 VRAM 35MB
Ep 3100 | M0_PDR 0.944 | M1_PDR 0.960 | H_m0 0.62 H_m1 1.22 | a-0.0042 c0.9413 ent0.0044 VRAM 35MB
Ep 3150 | M0_PDR 0.940 | M1_PDR 0.954 | H_m0 0.63 H_m1 1.28 | a-0.0042 c0.9470 ent0.0043 VRAM 35MB
Ep 3200 | M0_PDR 0.940 | M1_PDR 0.947 | H_m0 0.65 H_m1 1.29 | a-0.0043 c0.9496 ent0.0042 VRAM 35MB
Ep 3250 | M0_PDR 0.935 | M1_PDR 0.959 | H_m0 0.64 H_m1 1.27 | a-0.0043 c0.9441 ent0.0041 VRAM 35MB
Ep 3300 | M0_PDR 0.928 | M1_PDR 0.953 | H_m0 0.67 H_m1 1.30 | a-0.0043 c0.9347 ent0.0041 VRAM 35MB
Ep 3350 | M0_PDR 0.929 | M1_PDR 0.963 | H_m0 0.67 H_m1 1.32 | a-0.0047 c0.9289 ent0.0040 VRAM 35MB
Ep 3400 | M0_PDR 0.939 | M1_PDR 0.950 | H_m0 0.66 H_m1 1.33 | a-0.0041 c0.9382 ent0.0039 VRAM 35MB
Ep 3450 | M0_PDR 0.919 | M1_PDR 0.957 | H_m0 0.65 H_m1 1.36 | a-0.0040 c0.9182 ent0.0038 VRAM 35MB
Ep 3500 | M0_PDR 0.934 | M1_PDR 0.956 | H_m0 0.65 H_m1 1.35 | a-0.0041 c0.9344 ent0.0037 VRAM 35MB
Ep 3550 | M0_PDR 0.944 | M1_PDR 0.947 | H_m0 0.64 H_m1 1.38 | a-0.0039 c0.9521 ent0.0036 VRAM 35MB
Ep 3600 | M0_PDR 0.937 | M1_PDR 0.957 | H_m0 0.68 H_m1 1.35 | a-0.0036 c0.9439 ent0.0035 VRAM 35MB
Ep 3650 | M0_PDR 0.941 | M1_PDR 0.954 | H_m0 0.67 H_m1 1.35 | a-0.0036 c0.9465 ent0.0034 VRAM 35MB
Ep 3700 | M0_PDR 0.933 | M1_PDR 0.959 | H_m0 0.67 H_m1 1.33 | a-0.0036 c0.9363 ent0.0033 VRAM 35MB
Ep 3750 | M0_PDR 0.946 | M1_PDR 0.958 | H_m0 0.67 H_m1 1.35 | a-0.0035 c0.9532 ent0.0032 VRAM 35MB
Ep 3800 | M0_PDR 0.934 | M1_PDR 0.956 | H_m0 0.65 H_m1 1.36 | a-0.0034 c0.9333 ent0.0032 VRAM 35MB
Ep 3850 | M0_PDR 0.941 | M1_PDR 0.958 | H_m0 0.66 H_m1 1.35 | a-0.0032 c0.9377 ent0.0031 VRAM 35MB
Ep 3900 | M0_PDR 0.930 | M1_PDR 0.948 | H_m0 0.64 H_m1 1.34 | a-0.0032 c0.9384 ent0.0030 VRAM 35MB
Ep 3950 | M0_PDR 0.938 | M1_PDR 0.954 | H_m0 0.64 H_m1 1.34 | a-0.0029 c0.9401 ent0.0029 VRAM 35MB
Ep 4000 | M0_PDR 0.938 | M1_PDR 0.962 | H_m0 0.63 H_m1 1.36 | a-0.0029 c0.9426 ent0.0028 VRAM 35MB
Ep 4050 | M0_PDR 0.927 | M1_PDR 0.958 | H_m0 0.64 H_m1 1.35 | a-0.0028 c0.9244 ent0.0027 VRAM 35MB
Ep 4100 | M0_PDR 0.940 | M1_PDR 0.967 | H_m0 0.64 H_m1 1.36 | a-0.0029 c0.9357 ent0.0026 VRAM 35MB
Ep 4150 | M0_PDR 0.926 | M1_PDR 0.968 | H_m0 0.64 H_m1 1.34 | a-0.0027 c0.9262 ent0.0025 VRAM 35MB
Ep 4200 | M0_PDR 0.930 | M1_PDR 0.954 | H_m0 0.65 H_m1 1.33 | a-0.0025 c0.9328 ent0.0024 VRAM 35MB
Ep 4250 | M0_PDR 0.933 | M1_PDR 0.965 | H_m0 0.65 H_m1 1.32 | a-0.0024 c0.9303 ent0.0023 VRAM 35MB
Ep 4300 | M0_PDR 0.941 | M1_PDR 0.951 | H_m0 0.64 H_m1 1.34 | a-0.0023 c0.9447 ent0.0023 VRAM 35MB
Ep 4350 | M0_PDR 0.930 | M1_PDR 0.969 | H_m0 0.64 H_m1 1.33 | a-0.0022 c0.9264 ent0.0022 VRAM 35MB
Ep 4400 | M0_PDR 0.934 | M1_PDR 0.957 | H_m0 0.65 H_m1 1.33 | a-0.0021 c0.9335 ent0.0021 VRAM 35MB
Ep 4450 | M0_PDR 0.938 | M1_PDR 0.964 | H_m0 0.66 H_m1 1.32 | a-0.0021 c0.9352 ent0.0020 VRAM 35MB
Ep 4500 | M0_PDR 0.926 | M1_PDR 0.948 | H_m0 0.65 H_m1 1.33 | a-0.0019 c0.9259 ent0.0019 VRAM 35MB
Ep 4550 | M0_PDR 0.929 | M1_PDR 0.957 | H_m0 0.65 H_m1 1.33 | a-0.0018 c0.9239 ent0.0018 VRAM 35MB
Ep 4600 | M0_PDR 0.929 | M1_PDR 0.948 | H_m0 0.65 H_m1 1.31 | a-0.0018 c0.9369 ent0.0017 VRAM 35MB
Ep 4650 | M0_PDR 0.937 | M1_PDR 0.959 | H_m0 0.65 H_m1 1.31 | a-0.0017 c0.9342 ent0.0016 VRAM 35MB
Ep 4700 | M0_PDR 0.939 | M1_PDR 0.955 | H_m0 0.65 H_m1 1.31 | a-0.0015 c0.9383 ent0.0015 VRAM 35MB
Ep 4750 | M0_PDR 0.939 | M1_PDR 0.956 | H_m0 0.64 H_m1 1.31 | a-0.0015 c0.9415 ent0.0014 VRAM 35MB
Ep 4800 | M0_PDR 0.918 | M1_PDR 0.955 | H_m0 0.64 H_m1 1.31 | a-0.0014 c0.9192 ent0.0014 VRAM 35MB
Ep 4850 | M0_PDR 0.934 | M1_PDR 0.954 | H_m0 0.65 H_m1 1.30 | a-0.0013 c0.9324 ent0.0013 VRAM 35MB
Ep 4900 | M0_PDR 0.924 | M1_PDR 0.963 | H_m0 0.65 H_m1 1.31 | a-0.0012 c0.9238 ent0.0012 VRAM 35MB
Ep 4950 | M0_PDR 0.930 | M1_PDR 0.942 | H_m0 0.65 H_m1 1.32 | a-0.0011 c0.9346 ent0.0011 VRAM 35MB

Training complete. Running 100 eval episodes...

  Eval ep   0: M0_PDR=0.938  M1_PDR=0.951
  Eval ep  20: M0_PDR=0.920  M1_PDR=0.970
  Eval ep  40: M0_PDR=0.934  M1_PDR=0.955
  Eval ep  60: M0_PDR=0.934  M1_PDR=0.957
  Eval ep  80: M0_PDR=0.925  M1_PDR=0.961

=== Eval Summary (100 episodes) ===
  M0_PDR_mean         : 0.9339
  M0_PDR_p05 (across) : 0.9164
  M0_PDR_p05 (intra)  : 0.7811
  M1_PDR_mean         : 0.9588
  M0_SINR_mean (dB)   : 17.87
  M1_SINR_mean (dB)   : 19.87
  M0_collision_rate   : 0.992
  M0_collision_within_pool : 0.000
  M1_collision_within_pool : 0.017

Result saved -> results/_A_mode0c_N10_seed2_gaefix_g05_ent01_armS.json
  N=10  rho=2.0  M0_PDR=0.934  M1_PDR=0.959
Checkpoint saved -> checkpoints/A_mode0c_N10_seed2_gaefix_g05_ent01_armS_actors.pt
[NS3Bridge] Shutdown complete.
Run complete.
