[seed] all RNGs seeded with 2
GPU : NVIDIA GeForce RTX 3060
VRAM: 12.9 GB
Device          : cuda:0
Actors          : 10 per-vehicle, total 212,730 params
Critic params   : 96,257
obs_dim=11  action_dim=25  gs_dim=115
M0 count: 5  M1 count: 5
Training for 5000 episodes (Config A_mode0c_N10_seed2, N=10)...

[NS3Bridge] Connected tcp://localhost:5776
Ep    0 | M0_PDR 0.503 | M1_PDR 0.567 | H_m0 3.22 H_m1 3.21 | a-0.1677 c23.4704 ent0.0500 VRAM 35MB
Ep   50 | M0_PDR 0.555 | M1_PDR 0.568 | H_m0 3.15 H_m1 3.19 | a-0.1591 c9.3669 ent0.0495 VRAM 35MB
Ep  100 | M0_PDR 0.583 | M1_PDR 0.573 | H_m0 3.00 H_m1 3.18 | a-0.1545 c8.5702 ent0.0490 VRAM 35MB
Ep  150 | M0_PDR 0.698 | M1_PDR 0.535 | H_m0 2.41 H_m1 3.18 | a-0.1395 c7.1143 ent0.0485 VRAM 35MB
Ep  200 | M0_PDR 0.755 | M1_PDR 0.531 | H_m0 1.96 H_m1 3.17 | a-0.1247 c12.5229 ent0.0480 VRAM 35MB
Ep  250 | M0_PDR 0.832 | M1_PDR 0.558 | H_m0 1.79 H_m1 3.18 | a-0.1193 c8.8992 ent0.0475 VRAM 35MB
Ep  300 | M0_PDR 0.848 | M1_PDR 0.547 | H_m0 1.47 H_m1 3.16 | a-0.1104 c4.1171 ent0.0471 VRAM 35MB
Ep  350 | M0_PDR 0.877 | M1_PDR 0.550 | H_m0 1.36 H_m1 3.10 | a-0.1069 c11.2072 ent0.0466 VRAM 35MB
Ep  400 | M0_PDR 0.913 | M1_PDR 0.537 | H_m0 1.19 H_m1 3.11 | a-0.1020 c5.9534 ent0.0461 VRAM 35MB
Ep  450 | M0_PDR 0.919 | M1_PDR 0.545 | H_m0 1.07 H_m1 3.12 | a-0.0971 c4.0948 ent0.0456 VRAM 35MB
Ep  500 | M0_PDR 0.937 | M1_PDR 0.540 | H_m0 0.81 H_m1 3.11 | a-0.0910 c5.1150 ent0.0451 VRAM 35MB
Ep  550 | M0_PDR 0.944 | M1_PDR 0.533 | H_m0 0.90 H_m1 3.02 | a-0.0900 c2.6857 ent0.0446 VRAM 35MB
Ep  600 | M0_PDR 0.939 | M1_PDR 0.534 | H_m0 0.97 H_m1 3.06 | a-0.0903 c3.3933 ent0.0441 VRAM 35MB
Ep  650 | M0_PDR 0.938 | M1_PDR 0.528 | H_m0 0.83 H_m1 3.11 | a-0.0885 c2.5893 ent0.0436 VRAM 35MB
Ep  700 | M0_PDR 0.951 | M1_PDR 0.528 | H_m0 0.81 H_m1 3.12 | a-0.0867 c4.2910 ent0.0431 VRAM 35MB
Ep  750 | M0_PDR 0.952 | M1_PDR 0.579 | H_m0 0.73 H_m1 3.08 | a-0.0828 c4.1525 ent0.0426 VRAM 35MB
Ep  800 | M0_PDR 0.957 | M1_PDR 0.556 | H_m0 0.75 H_m1 3.08 | a-0.0823 c1.4613 ent0.0422 VRAM 35MB
Ep  850 | M0_PDR 0.972 | M1_PDR 0.533 | H_m0 0.62 H_m1 3.10 | a-0.0790 c2.8186 ent0.0417 VRAM 35MB
Ep  900 | M0_PDR 0.963 | M1_PDR 0.537 | H_m0 0.74 H_m1 3.05 | a-0.0802 c2.8255 ent0.0412 VRAM 35MB
Ep  950 | M0_PDR 0.963 | M1_PDR 0.532 | H_m0 0.71 H_m1 3.09 | a-0.0788 c5.4523 ent0.0407 VRAM 35MB
Ep 1000 | M0_PDR 0.944 | M1_PDR 0.521 | H_m0 0.69 H_m1 3.03 | a-0.0757 c1.9497 ent0.0402 VRAM 35MB
Ep 1050 | M0_PDR 0.964 | M1_PDR 0.591 | H_m0 0.44 H_m1 2.94 | a-0.0677 c2.2305 ent0.0397 VRAM 35MB
Ep 1100 | M0_PDR 0.958 | M1_PDR 0.529 | H_m0 0.52 H_m1 3.00 | a-0.0704 c1.6729 ent0.0392 VRAM 35MB
Ep 1150 | M0_PDR 0.962 | M1_PDR 0.549 | H_m0 0.61 H_m1 3.03 | a-0.0713 c2.9131 ent0.0387 VRAM 35MB
Ep 1200 | M0_PDR 0.962 | M1_PDR 0.586 | H_m0 0.61 H_m1 3.02 | a-0.0709 c1.7989 ent0.0382 VRAM 35MB
Ep 1250 | M0_PDR 0.959 | M1_PDR 0.547 | H_m0 0.55 H_m1 3.02 | a-0.0679 c1.3718 ent0.0377 VRAM 35MB
Ep 1300 | M0_PDR 0.967 | M1_PDR 0.570 | H_m0 0.52 H_m1 2.96 | a-0.0660 c1.4581 ent0.0373 VRAM 35MB
Ep 1350 | M0_PDR 0.969 | M1_PDR 0.562 | H_m0 0.52 H_m1 2.92 | a-0.0641 c2.1295 ent0.0368 VRAM 35MB
Ep 1400 | M0_PDR 0.970 | M1_PDR 0.578 | H_m0 0.46 H_m1 2.90 | a-0.0619 c1.2674 ent0.0363 VRAM 35MB
Ep 1450 | M0_PDR 0.957 | M1_PDR 0.599 | H_m0 0.48 H_m1 2.84 | a-0.0603 c1.9126 ent0.0358 VRAM 35MB
Ep 1500 | M0_PDR 0.947 | M1_PDR 0.617 | H_m0 0.47 H_m1 2.79 | a-0.0585 c1.3544 ent0.0353 VRAM 35MB
Ep 1550 | M0_PDR 0.951 | M1_PDR 0.647 | H_m0 0.44 H_m1 2.74 | a-0.0561 c1.4910 ent0.0348 VRAM 35MB
Ep 1600 | M0_PDR 0.965 | M1_PDR 0.598 | H_m0 0.48 H_m1 2.86 | a-0.0582 c1.3719 ent0.0343 VRAM 35MB
Ep 1650 | M0_PDR 0.961 | M1_PDR 0.613 | H_m0 0.50 H_m1 2.87 | a-0.0575 c1.9803 ent0.0338 VRAM 35MB
Ep 1700 | M0_PDR 0.962 | M1_PDR 0.568 | H_m0 0.44 H_m1 2.89 | a-0.0558 c1.2290 ent0.0333 VRAM 35MB
Ep 1750 | M0_PDR 0.952 | M1_PDR 0.597 | H_m0 0.52 H_m1 2.85 | a-0.0564 c1.3373 ent0.0328 VRAM 35MB
Ep 1800 | M0_PDR 0.958 | M1_PDR 0.617 | H_m0 0.39 H_m1 2.85 | a-0.0529 c1.3331 ent0.0324 VRAM 35MB
Ep 1850 | M0_PDR 0.963 | M1_PDR 0.597 | H_m0 0.41 H_m1 2.83 | a-0.0523 c1.5792 ent0.0319 VRAM 35MB
Ep 1900 | M0_PDR 0.964 | M1_PDR 0.552 | H_m0 0.38 H_m1 2.92 | a-0.0523 c1.3599 ent0.0314 VRAM 35MB
Ep 1950 | M0_PDR 0.967 | M1_PDR 0.619 | H_m0 0.45 H_m1 2.81 | a-0.0510 c1.7441 ent0.0309 VRAM 35MB
Ep 2000 | M0_PDR 0.960 | M1_PDR 0.620 | H_m0 0.47 H_m1 2.81 | a-0.0517 c2.0752 ent0.0304 VRAM 35MB
Ep 2050 | M0_PDR 0.969 | M1_PDR 0.611 | H_m0 0.41 H_m1 2.74 | a-0.0476 c1.2378 ent0.0299 VRAM 35MB
Ep 2100 | M0_PDR 0.955 | M1_PDR 0.624 | H_m0 0.42 H_m1 2.75 | a-0.0472 c1.3333 ent0.0294 VRAM 35MB
Ep 2150 | M0_PDR 0.966 | M1_PDR 0.618 | H_m0 0.42 H_m1 2.76 | a-0.0465 c1.2397 ent0.0289 VRAM 35MB
Ep 2200 | M0_PDR 0.969 | M1_PDR 0.591 | H_m0 0.37 H_m1 2.79 | a-0.0455 c1.2624 ent0.0284 VRAM 35MB
Ep 2250 | M0_PDR 0.956 | M1_PDR 0.628 | H_m0 0.36 H_m1 2.70 | a-0.0435 c1.4401 ent0.0279 VRAM 35MB
Ep 2300 | M0_PDR 0.974 | M1_PDR 0.594 | H_m0 0.34 H_m1 2.73 | a-0.0427 c1.9619 ent0.0275 VRAM 35MB
Ep 2350 | M0_PDR 0.965 | M1_PDR 0.612 | H_m0 0.39 H_m1 2.65 | a-0.0419 c2.0081 ent0.0270 VRAM 35MB
Ep 2400 | M0_PDR 0.965 | M1_PDR 0.612 | H_m0 0.40 H_m1 2.76 | a-0.0421 c1.2534 ent0.0265 VRAM 35MB
Ep 2450 | M0_PDR 0.968 | M1_PDR 0.619 | H_m0 0.39 H_m1 2.68 | a-0.0403 c1.1399 ent0.0260 VRAM 35MB
Ep 2500 | M0_PDR 0.953 | M1_PDR 0.626 | H_m0 0.38 H_m1 2.68 | a-0.0395 c1.7692 ent0.0255 VRAM 35MB
Ep 2550 | M0_PDR 0.958 | M1_PDR 0.640 | H_m0 0.33 H_m1 2.61 | a-0.0370 c1.3454 ent0.0250 VRAM 35MB
Ep 2600 | M0_PDR 0.958 | M1_PDR 0.652 | H_m0 0.36 H_m1 2.64 | a-0.0372 c1.1745 ent0.0245 VRAM 35MB
Ep 2650 | M0_PDR 0.963 | M1_PDR 0.636 | H_m0 0.31 H_m1 2.53 | a-0.0350 c1.2850 ent0.0240 VRAM 35MB
Ep 2700 | M0_PDR 0.970 | M1_PDR 0.602 | H_m0 0.28 H_m1 2.55 | a-0.0338 c1.2099 ent0.0235 VRAM 35MB
Ep 2750 | M0_PDR 0.963 | M1_PDR 0.685 | H_m0 0.31 H_m1 2.48 | a-0.0330 c1.2918 ent0.0230 VRAM 35MB
Ep 2800 | M0_PDR 0.969 | M1_PDR 0.689 | H_m0 0.26 H_m1 2.32 | a-0.0295 c1.1578 ent0.0226 VRAM 35MB
Ep 2850 | M0_PDR 0.957 | M1_PDR 0.723 | H_m0 0.25 H_m1 2.17 | a-0.0272 c1.5127 ent0.0221 VRAM 35MB
Ep 2900 | M0_PDR 0.969 | M1_PDR 0.648 | H_m0 0.22 H_m1 2.26 | a-0.0270 c1.6115 ent0.0216 VRAM 35MB
Ep 2950 | M0_PDR 0.963 | M1_PDR 0.675 | H_m0 0.23 H_m1 2.29 | a-0.0273 c1.2380 ent0.0211 VRAM 35MB
Ep 3000 | M0_PDR 0.965 | M1_PDR 0.714 | H_m0 0.17 H_m1 2.11 | a-0.0241 c1.3603 ent0.0206 VRAM 35MB
Ep 3050 | M0_PDR 0.961 | M1_PDR 0.705 | H_m0 0.19 H_m1 2.16 | a-0.0238 c1.1115 ent0.0201 VRAM 35MB
Ep 3100 | M0_PDR 0.964 | M1_PDR 0.738 | H_m0 0.19 H_m1 2.05 | a-0.0222 c1.1051 ent0.0196 VRAM 35MB
Ep 3150 | M0_PDR 0.959 | M1_PDR 0.748 | H_m0 0.13 H_m1 1.99 | a-0.0204 c1.1670 ent0.0191 VRAM 35MB
Ep 3200 | M0_PDR 0.963 | M1_PDR 0.720 | H_m0 0.12 H_m1 2.01 | a-0.0202 c1.1475 ent0.0186 VRAM 35MB
Ep 3250 | M0_PDR 0.949 | M1_PDR 0.733 | H_m0 0.10 H_m1 1.83 | a-0.0180 c1.6350 ent0.0181 VRAM 35MB
Ep 3300 | M0_PDR 0.965 | M1_PDR 0.774 | H_m0 0.06 H_m1 1.73 | a-0.0163 c1.2005 ent0.0177 VRAM 35MB
Ep 3350 | M0_PDR 0.962 | M1_PDR 0.831 | H_m0 0.06 H_m1 1.50 | a-0.0137 c1.1875 ent0.0172 VRAM 35MB
Ep 3400 | M0_PDR 0.956 | M1_PDR 0.842 | H_m0 0.04 H_m1 1.30 | a-0.0114 c1.1130 ent0.0167 VRAM 35MB
Ep 3450 | M0_PDR 0.946 | M1_PDR 0.877 | H_m0 0.03 H_m1 1.15 | a-0.0098 c1.2357 ent0.0162 VRAM 35MB
Ep 3500 | M0_PDR 0.949 | M1_PDR 0.888 | H_m0 0.03 H_m1 0.98 | a-0.0080 c1.2758 ent0.0157 VRAM 35MB
Ep 3550 | M0_PDR 0.955 | M1_PDR 0.909 | H_m0 0.03 H_m1 0.93 | a-0.0076 c1.2809 ent0.0152 VRAM 35MB
Ep 3600 | M0_PDR 0.950 | M1_PDR 0.902 | H_m0 0.03 H_m1 0.88 | a-0.0069 c1.1296 ent0.0147 VRAM 35MB
Ep 3650 | M0_PDR 0.947 | M1_PDR 0.902 | H_m0 0.03 H_m1 0.80 | a-0.0062 c1.2884 ent0.0142 VRAM 35MB
Ep 3700 | M0_PDR 0.953 | M1_PDR 0.920 | H_m0 0.03 H_m1 0.72 | a-0.0052 c1.1615 ent0.0137 VRAM 35MB
Ep 3750 | M0_PDR 0.953 | M1_PDR 0.927 | H_m0 0.03 H_m1 0.67 | a-0.0047 c1.0740 ent0.0132 VRAM 35MB
Ep 3800 | M0_PDR 0.950 | M1_PDR 0.930 | H_m0 0.02 H_m1 0.62 | a-0.0044 c1.1122 ent0.0128 VRAM 35MB
Ep 3850 | M0_PDR 0.960 | M1_PDR 0.930 | H_m0 0.02 H_m1 0.51 | a-0.0034 c1.0596 ent0.0123 VRAM 35MB
Ep 3900 | M0_PDR 0.955 | M1_PDR 0.942 | H_m0 0.02 H_m1 0.46 | a-0.0029 c1.1008 ent0.0118 VRAM 35MB
Ep 3950 | M0_PDR 0.956 | M1_PDR 0.948 | H_m0 0.02 H_m1 0.45 | a-0.0028 c1.1745 ent0.0113 VRAM 35MB
Ep 4000 | M0_PDR 0.949 | M1_PDR 0.956 | H_m0 0.02 H_m1 0.40 | a-0.0023 c1.2120 ent0.0108 VRAM 35MB
Ep 4050 | M0_PDR 0.942 | M1_PDR 0.964 | H_m0 0.02 H_m1 0.36 | a-0.0020 c1.2649 ent0.0103 VRAM 35MB
Ep 4100 | M0_PDR 0.966 | M1_PDR 0.957 | H_m0 0.02 H_m1 0.31 | a-0.0016 c1.1013 ent0.0098 VRAM 35MB
Ep 4150 | M0_PDR 0.956 | M1_PDR 0.950 | H_m0 0.01 H_m1 0.30 | a-0.0015 c1.1442 ent0.0093 VRAM 35MB
Ep 4200 | M0_PDR 0.963 | M1_PDR 0.955 | H_m0 0.02 H_m1 0.27 | a-0.0013 c1.0787 ent0.0088 VRAM 35MB
Ep 4250 | M0_PDR 0.954 | M1_PDR 0.959 | H_m0 0.02 H_m1 0.26 | a-0.0012 c1.1144 ent0.0083 VRAM 35MB
Ep 4300 | M0_PDR 0.954 | M1_PDR 0.961 | H_m0 0.02 H_m1 0.27 | a-0.0012 c1.1088 ent0.0079 VRAM 35MB
Ep 4350 | M0_PDR 0.942 | M1_PDR 0.959 | H_m0 0.02 H_m1 0.27 | a-0.0010 c1.0864 ent0.0074 VRAM 35MB
Ep 4400 | M0_PDR 0.952 | M1_PDR 0.955 | H_m0 0.02 H_m1 0.25 | a-0.0009 c1.1072 ent0.0069 VRAM 35MB
Ep 4450 | M0_PDR 0.944 | M1_PDR 0.963 | H_m0 0.02 H_m1 0.23 | a-0.0008 c1.1187 ent0.0064 VRAM 35MB
Ep 4500 | M0_PDR 0.959 | M1_PDR 0.958 | H_m0 0.01 H_m1 0.23 | a-0.0007 c1.0943 ent0.0059 VRAM 35MB
Ep 4550 | M0_PDR 0.952 | M1_PDR 0.971 | H_m0 0.01 H_m1 0.22 | a-0.0007 c1.0946 ent0.0054 VRAM 35MB
Ep 4600 | M0_PDR 0.963 | M1_PDR 0.969 | H_m0 0.01 H_m1 0.21 | a-0.0006 c1.0714 ent0.0049 VRAM 35MB
Ep 4650 | M0_PDR 0.953 | M1_PDR 0.963 | H_m0 0.01 H_m1 0.19 | a-0.0005 c1.0638 ent0.0044 VRAM 35MB
Ep 4700 | M0_PDR 0.951 | M1_PDR 0.968 | H_m0 0.01 H_m1 0.19 | a-0.0004 c1.1508 ent0.0039 VRAM 35MB
Ep 4750 | M0_PDR 0.956 | M1_PDR 0.954 | H_m0 0.01 H_m1 0.20 | a-0.0004 c0.9958 ent0.0034 VRAM 35MB
Ep 4800 | M0_PDR 0.953 | M1_PDR 0.968 | H_m0 0.01 H_m1 0.18 | a-0.0003 c1.0655 ent0.0030 VRAM 35MB
Ep 4850 | M0_PDR 0.947 | M1_PDR 0.959 | H_m0 0.01 H_m1 0.17 | a-0.0002 c1.1564 ent0.0025 VRAM 35MB
Ep 4900 | M0_PDR 0.951 | M1_PDR 0.967 | H_m0 0.01 H_m1 0.16 | a-0.0002 c1.0403 ent0.0020 VRAM 35MB
Ep 4950 | M0_PDR 0.951 | M1_PDR 0.973 | H_m0 0.01 H_m1 0.15 | a-0.0001 c1.0577 ent0.0015 VRAM 35MB

Training complete. Running 100 eval episodes...

  Eval ep   0: M0_PDR=0.946  M1_PDR=0.979
  Eval ep  20: M0_PDR=0.956  M1_PDR=0.961
  Eval ep  40: M0_PDR=0.956  M1_PDR=0.968
  Eval ep  60: M0_PDR=0.943  M1_PDR=0.963
  Eval ep  80: M0_PDR=0.967  M1_PDR=0.960

=== Eval Summary (100 episodes) ===
  M0_PDR_mean         : 0.9528
  M0_PDR_p05 (across) : 0.9417
  M0_PDR_p05 (intra)  : 0.7992
  M1_PDR_mean         : 0.9654
  M0_SINR_mean (dB)   : 18.04
  M1_SINR_mean (dB)   : 19.39
  M0_collision_rate   : 0.990
  M0_collision_within_pool : 0.000
  M1_collision_within_pool : 0.020

Result saved -> results/_A_mode0c_N10_seed2.json
  N=10  rho=2.0  M0_PDR=0.953  M1_PDR=0.965
Checkpoint saved -> checkpoints/A_mode0c_N10_seed2_actors.pt
[NS3Bridge] Shutdown complete.
Run complete.
