[seed] all RNGs seeded with 2
GPU : NVIDIA GeForce RTX 3060
VRAM: 12.9 GB
Device          : cuda:0
Actors          : 4 per-vehicle, total 85,092 params
Critic params   : 79,361
obs_dim=11  action_dim=25  gs_dim=49
M0 count: 2  M1 count: 2
Training for 3000 episodes (Config A_mode0c_seed2_gaefix_ent01, N=4)...

[NS3Bridge] Connected tcp://localhost:7026
Ep    0 | M0_PDR 0.648 | M1_PDR 0.639 | H_m0 3.22 H_m1 3.21 | a-0.0387 c78.1923 ent0.0100 VRAM 24MB
Ep   50 | M0_PDR 0.658 | M1_PDR 0.666 | H_m0 3.20 H_m1 3.17 | a-0.0334 c56.2625 ent0.0098 VRAM 24MB
Ep  100 | M0_PDR 0.606 | M1_PDR 0.691 | H_m0 3.19 H_m1 3.05 | a-0.0311 c33.7607 ent0.0097 VRAM 24MB
Ep  150 | M0_PDR 0.639 | M1_PDR 0.685 | H_m0 2.95 H_m1 3.04 | a-0.0318 c35.7543 ent0.0095 VRAM 24MB
Ep  200 | M0_PDR 0.606 | M1_PDR 0.671 | H_m0 2.97 H_m1 3.00 | a-0.0310 c33.7103 ent0.0094 VRAM 24MB
Ep  250 | M0_PDR 0.664 | M1_PDR 0.632 | H_m0 3.08 H_m1 2.91 | a-0.0294 c39.8689 ent0.0092 VRAM 24MB
Ep  300 | M0_PDR 0.653 | M1_PDR 0.677 | H_m0 3.08 H_m1 2.81 | a-0.0280 c36.7383 ent0.0091 VRAM 24MB
Ep  350 | M0_PDR 0.684 | M1_PDR 0.627 | H_m0 3.04 H_m1 3.05 | a-0.0292 c42.9880 ent0.0089 VRAM 24MB
Ep  400 | M0_PDR 0.667 | M1_PDR 0.616 | H_m0 2.88 H_m1 3.15 | a-0.0282 c39.2299 ent0.0088 VRAM 24MB
Ep  450 | M0_PDR 0.694 | M1_PDR 0.613 | H_m0 2.43 H_m1 3.15 | a-0.0258 c43.0382 ent0.0086 VRAM 24MB
Ep  500 | M0_PDR 0.724 | M1_PDR 0.584 | H_m0 2.40 H_m1 3.12 | a-0.0253 c46.4799 ent0.0085 VRAM 24MB
Ep  550 | M0_PDR 0.704 | M1_PDR 0.621 | H_m0 2.36 H_m1 3.11 | a-0.0244 c43.8525 ent0.0083 VRAM 24MB
Ep  600 | M0_PDR 0.720 | M1_PDR 0.654 | H_m0 2.28 H_m1 3.11 | a-0.0236 c44.0522 ent0.0082 VRAM 24MB
Ep  650 | M0_PDR 0.735 | M1_PDR 0.622 | H_m0 2.39 H_m1 3.09 | a-0.0242 c47.5230 ent0.0080 VRAM 24MB
Ep  700 | M0_PDR 0.675 | M1_PDR 0.656 | H_m0 2.14 H_m1 3.00 | a-0.0229 c40.3455 ent0.0079 VRAM 24MB
Ep  750 | M0_PDR 0.820 | M1_PDR 0.629 | H_m0 2.00 H_m1 3.03 | a-0.0218 c57.9878 ent0.0077 VRAM 24MB
Ep  800 | M0_PDR 0.818 | M1_PDR 0.617 | H_m0 1.67 H_m1 3.02 | a-0.0188 c56.2685 ent0.0076 VRAM 24MB
Ep  850 | M0_PDR 0.818 | M1_PDR 0.609 | H_m0 1.17 H_m1 3.10 | a-0.0177 c57.8290 ent0.0074 VRAM 24MB
Ep  900 | M0_PDR 0.829 | M1_PDR 0.611 | H_m0 1.02 H_m1 3.07 | a-0.0160 c59.5956 ent0.0073 VRAM 24MB
Ep  950 | M0_PDR 0.799 | M1_PDR 0.583 | H_m0 1.36 H_m1 3.07 | a-0.0167 c56.3485 ent0.0071 VRAM 24MB
Ep 1000 | M0_PDR 0.815 | M1_PDR 0.623 | H_m0 1.57 H_m1 3.05 | a-0.0181 c58.0632 ent0.0070 VRAM 24MB
Ep 1050 | M0_PDR 0.868 | M1_PDR 0.672 | H_m0 1.61 H_m1 2.95 | a-0.0167 c62.0795 ent0.0068 VRAM 24MB
Ep 1100 | M0_PDR 0.878 | M1_PDR 0.650 | H_m0 1.15 H_m1 2.89 | a-0.0149 c64.2188 ent0.0067 VRAM 24MB
Ep 1150 | M0_PDR 0.830 | M1_PDR 0.632 | H_m0 1.45 H_m1 2.87 | a-0.0152 c57.8115 ent0.0065 VRAM 24MB
Ep 1200 | M0_PDR 0.856 | M1_PDR 0.663 | H_m0 1.43 H_m1 2.87 | a-0.0151 c60.4991 ent0.0064 VRAM 24MB
Ep 1250 | M0_PDR 0.854 | M1_PDR 0.680 | H_m0 1.27 H_m1 2.92 | a-0.0140 c60.1652 ent0.0062 VRAM 24MB
Ep 1300 | M0_PDR 0.866 | M1_PDR 0.651 | H_m0 1.06 H_m1 2.87 | a-0.0135 c61.7749 ent0.0061 VRAM 24MB
Ep 1350 | M0_PDR 0.866 | M1_PDR 0.672 | H_m0 0.98 H_m1 2.82 | a-0.0121 c61.8034 ent0.0059 VRAM 24MB
Ep 1400 | M0_PDR 0.893 | M1_PDR 0.676 | H_m0 1.13 H_m1 2.84 | a-0.0122 c65.4217 ent0.0058 VRAM 24MB
Ep 1450 | M0_PDR 0.928 | M1_PDR 0.674 | H_m0 0.75 H_m1 2.71 | a-0.0107 c70.2990 ent0.0056 VRAM 24MB
Ep 1500 | M0_PDR 0.952 | M1_PDR 0.700 | H_m0 0.76 H_m1 2.64 | a-0.0099 c72.9227 ent0.0055 VRAM 24MB
Ep 1550 | M0_PDR 0.922 | M1_PDR 0.707 | H_m0 0.85 H_m1 2.78 | a-0.0102 c68.7089 ent0.0053 VRAM 24MB
Ep 1600 | M0_PDR 0.928 | M1_PDR 0.667 | H_m0 1.04 H_m1 2.67 | a-0.0103 c70.2317 ent0.0052 VRAM 24MB
Ep 1650 | M0_PDR 0.968 | M1_PDR 0.700 | H_m0 0.84 H_m1 2.59 | a-0.0105 c75.0259 ent0.0050 VRAM 24MB
Ep 1700 | M0_PDR 0.923 | M1_PDR 0.713 | H_m0 0.88 H_m1 2.60 | a-0.0090 c67.4523 ent0.0049 VRAM 24MB
Ep 1750 | M0_PDR 0.921 | M1_PDR 0.672 | H_m0 0.98 H_m1 2.55 | a-0.0091 c69.5233 ent0.0047 VRAM 24MB
Ep 1800 | M0_PDR 0.949 | M1_PDR 0.753 | H_m0 0.72 H_m1 2.24 | a-0.0075 c70.9223 ent0.0046 VRAM 24MB
Ep 1850 | M0_PDR 0.914 | M1_PDR 0.740 | H_m0 0.69 H_m1 2.55 | a-0.0074 c66.8027 ent0.0044 VRAM 24MB
Ep 1900 | M0_PDR 0.930 | M1_PDR 0.671 | H_m0 0.80 H_m1 2.63 | a-0.0081 c70.2092 ent0.0043 VRAM 24MB
Ep 1950 | M0_PDR 0.961 | M1_PDR 0.736 | H_m0 0.76 H_m1 2.70 | a-0.0077 c72.8620 ent0.0041 VRAM 24MB
Ep 2000 | M0_PDR 0.944 | M1_PDR 0.687 | H_m0 0.75 H_m1 2.69 | a-0.0070 c71.8565 ent0.0040 VRAM 24MB
Ep 2050 | M0_PDR 0.919 | M1_PDR 0.690 | H_m0 0.79 H_m1 2.66 | a-0.0072 c68.7359 ent0.0038 VRAM 24MB
Ep 2100 | M0_PDR 0.932 | M1_PDR 0.700 | H_m0 0.73 H_m1 2.72 | a-0.0066 c70.4237 ent0.0037 VRAM 24MB
Ep 2150 | M0_PDR 0.906 | M1_PDR 0.697 | H_m0 0.76 H_m1 2.73 | a-0.0064 c65.9930 ent0.0035 VRAM 24MB
Ep 2200 | M0_PDR 0.927 | M1_PDR 0.701 | H_m0 0.80 H_m1 2.75 | a-0.0064 c69.2412 ent0.0034 VRAM 24MB
Ep 2250 | M0_PDR 0.928 | M1_PDR 0.750 | H_m0 0.76 H_m1 2.75 | a-0.0060 c68.9971 ent0.0032 VRAM 24MB
Ep 2300 | M0_PDR 0.911 | M1_PDR 0.722 | H_m0 0.78 H_m1 2.75 | a-0.0059 c65.7169 ent0.0031 VRAM 24MB
Ep 2350 | M0_PDR 0.914 | M1_PDR 0.670 | H_m0 0.73 H_m1 2.73 | a-0.0053 c68.5179 ent0.0029 VRAM 24MB
Ep 2400 | M0_PDR 0.914 | M1_PDR 0.722 | H_m0 0.73 H_m1 2.71 | a-0.0052 c67.5714 ent0.0028 VRAM 24MB
Ep 2450 | M0_PDR 0.921 | M1_PDR 0.744 | H_m0 0.70 H_m1 2.69 | a-0.0047 c68.6237 ent0.0026 VRAM 24MB
Ep 2500 | M0_PDR 0.885 | M1_PDR 0.693 | H_m0 0.72 H_m1 2.69 | a-0.0045 c63.5992 ent0.0025 VRAM 24MB
Ep 2550 | M0_PDR 0.914 | M1_PDR 0.692 | H_m0 0.74 H_m1 2.69 | a-0.0042 c67.4359 ent0.0023 VRAM 24MB
Ep 2600 | M0_PDR 0.945 | M1_PDR 0.741 | H_m0 0.72 H_m1 2.66 | a-0.0038 c70.4859 ent0.0022 VRAM 24MB
Ep 2650 | M0_PDR 0.938 | M1_PDR 0.704 | H_m0 0.72 H_m1 2.65 | a-0.0035 c69.7918 ent0.0020 VRAM 24MB
Ep 2700 | M0_PDR 0.914 | M1_PDR 0.695 | H_m0 0.71 H_m1 2.65 | a-0.0033 c67.5682 ent0.0019 VRAM 24MB
Ep 2750 | M0_PDR 0.927 | M1_PDR 0.727 | H_m0 0.71 H_m1 2.63 | a-0.0030 c68.7706 ent0.0017 VRAM 24MB
Ep 2800 | M0_PDR 0.920 | M1_PDR 0.721 | H_m0 0.73 H_m1 2.64 | a-0.0028 c68.1047 ent0.0016 VRAM 24MB
Ep 2850 | M0_PDR 0.935 | M1_PDR 0.677 | H_m0 0.71 H_m1 2.66 | a-0.0025 c71.1371 ent0.0014 VRAM 24MB
Ep 2900 | M0_PDR 0.929 | M1_PDR 0.718 | H_m0 0.70 H_m1 2.61 | a-0.0022 c68.5208 ent0.0013 VRAM 24MB
Ep 2950 | M0_PDR 0.933 | M1_PDR 0.713 | H_m0 0.70 H_m1 2.60 | a-0.0019 c70.3100 ent0.0011 VRAM 24MB

Training complete. Running 100 eval episodes...

  Eval ep   0: M0_PDR=0.949  M1_PDR=0.751
  Eval ep  20: M0_PDR=0.912  M1_PDR=0.699
  Eval ep  40: M0_PDR=0.933  M1_PDR=0.720
  Eval ep  60: M0_PDR=0.941  M1_PDR=0.724
  Eval ep  80: M0_PDR=0.948  M1_PDR=0.753

=== Eval Summary (100 episodes) ===
  M0_PDR_mean         : 0.9350
  M0_PDR_p05 (across) : 0.9153
  M0_PDR_p05 (intra)  : 0.5000
  M1_PDR_mean         : 0.7234
  M0_SINR_mean (dB)   : 38.91
  M1_SINR_mean (dB)   : 16.05
  M0_collision_rate   : 0.150
  M0_collision_within_pool : 0.003
  M1_collision_within_pool : 0.233

Result saved -> results/_A_mode0c_seed2_gaefix_ent01.json
  N=4  rho=0.8  M0_PDR=0.935  M1_PDR=0.723
Checkpoint saved -> checkpoints/A_mode0c_seed2_gaefix_ent01_actors.pt
[NS3Bridge] Shutdown complete.
Run complete.
