[seed] all RNGs seeded with 3
GPU : NVIDIA GeForce RTX 3060
VRAM: 12.9 GB
Device          : cuda:0
Actors          : 4 per-vehicle, total 85,092 params
Critic params   : 79,361
obs_dim=11  action_dim=25  gs_dim=49
M0 count: 2  M1 count: 2
Training for 3000 episodes (Config A_mode0c_seed3, N=4)...

[NS3Bridge] Connected tcp://localhost:5676
Ep    0 | M0_PDR 0.652 | M1_PDR 0.684 | H_m0 3.22 H_m1 3.21 | a-0.1675 c47.7892 ent0.0500 VRAM 24MB
Ep   50 | M0_PDR 0.622 | M1_PDR 0.699 | H_m0 3.18 H_m1 3.20 | a-0.1585 c18.3680 ent0.0492 VRAM 24MB
Ep  100 | M0_PDR 0.639 | M1_PDR 0.653 | H_m0 3.15 H_m1 3.19 | a-0.1554 c14.3253 ent0.0484 VRAM 24MB
Ep  150 | M0_PDR 0.648 | M1_PDR 0.702 | H_m0 3.04 H_m1 3.19 | a-0.1500 c7.8689 ent0.0475 VRAM 24MB
Ep  200 | M0_PDR 0.722 | M1_PDR 0.628 | H_m0 2.99 H_m1 3.20 | a-0.1470 c2.5838 ent0.0467 VRAM 24MB
Ep  250 | M0_PDR 0.693 | M1_PDR 0.621 | H_m0 2.45 H_m1 3.19 | a-0.1324 c6.2595 ent0.0459 VRAM 24MB
Ep  300 | M0_PDR 0.819 | M1_PDR 0.657 | H_m0 1.81 H_m1 2.93 | a-0.1096 c2.4650 ent0.0451 VRAM 24MB
Ep  350 | M0_PDR 0.893 | M1_PDR 0.708 | H_m0 1.61 H_m1 2.90 | a-0.1021 c1.4995 ent0.0443 VRAM 24MB
Ep  400 | M0_PDR 0.949 | M1_PDR 0.719 | H_m0 0.82 H_m1 2.77 | a-0.0796 c1.2325 ent0.0435 VRAM 24MB
Ep  450 | M0_PDR 0.933 | M1_PDR 0.722 | H_m0 1.16 H_m1 2.70 | a-0.0839 c1.6757 ent0.0426 VRAM 24MB
Ep  500 | M0_PDR 0.959 | M1_PDR 0.904 | H_m0 1.02 H_m1 2.12 | a-0.0691 c0.7784 ent0.0418 VRAM 24MB
Ep  550 | M0_PDR 0.985 | M1_PDR 0.977 | H_m0 1.02 H_m1 1.60 | a-0.0562 c0.7319 ent0.0410 VRAM 24MB
Ep  600 | M0_PDR 0.978 | M1_PDR 0.985 | H_m0 1.02 H_m1 1.81 | a-0.0600 c0.9631 ent0.0402 VRAM 24MB
Ep  650 | M0_PDR 0.981 | M1_PDR 0.982 | H_m0 0.77 H_m1 1.74 | a-0.0517 c0.5573 ent0.0394 VRAM 24MB
Ep  700 | M0_PDR 0.986 | M1_PDR 0.978 | H_m0 1.11 H_m1 1.87 | a-0.0587 c0.6112 ent0.0386 VRAM 24MB
Ep  750 | M0_PDR 0.995 | M1_PDR 0.985 | H_m0 0.94 H_m1 1.81 | a-0.0532 c0.3857 ent0.0377 VRAM 24MB
Ep  800 | M0_PDR 0.994 | M1_PDR 0.982 | H_m0 1.06 H_m1 1.73 | a-0.0532 c0.3815 ent0.0369 VRAM 24MB
Ep  850 | M0_PDR 0.987 | M1_PDR 0.996 | H_m0 1.10 H_m1 1.69 | a-0.0518 c0.4050 ent0.0361 VRAM 24MB
Ep  900 | M0_PDR 0.990 | M1_PDR 0.990 | H_m0 1.14 H_m1 1.74 | a-0.0535 c0.3625 ent0.0353 VRAM 24MB
Ep  950 | M0_PDR 0.992 | M1_PDR 0.995 | H_m0 1.06 H_m1 1.79 | a-0.0506 c0.3404 ent0.0345 VRAM 24MB
Ep 1000 | M0_PDR 0.981 | M1_PDR 0.994 | H_m0 1.06 H_m1 1.86 | a-0.0509 c0.7027 ent0.0337 VRAM 24MB
Ep 1050 | M0_PDR 0.978 | M1_PDR 0.987 | H_m0 0.95 H_m1 1.84 | a-0.0463 c0.8619 ent0.0328 VRAM 24MB
Ep 1100 | M0_PDR 0.990 | M1_PDR 0.995 | H_m0 1.13 H_m1 1.82 | a-0.0486 c0.3492 ent0.0320 VRAM 24MB
Ep 1150 | M0_PDR 0.992 | M1_PDR 0.989 | H_m0 0.99 H_m1 1.85 | a-0.0467 c0.3495 ent0.0312 VRAM 24MB
Ep 1200 | M0_PDR 0.997 | M1_PDR 0.990 | H_m0 1.09 H_m1 1.83 | a-0.0449 c0.3296 ent0.0304 VRAM 24MB
Ep 1250 | M0_PDR 0.990 | M1_PDR 0.986 | H_m0 1.08 H_m1 1.77 | a-0.0439 c0.3452 ent0.0296 VRAM 24MB
Ep 1300 | M0_PDR 0.988 | M1_PDR 0.995 | H_m0 1.27 H_m1 1.76 | a-0.0433 c0.4081 ent0.0288 VRAM 24MB
Ep 1350 | M0_PDR 0.990 | M1_PDR 0.988 | H_m0 1.27 H_m1 1.82 | a-0.0434 c0.3910 ent0.0279 VRAM 24MB
Ep 1400 | M0_PDR 0.995 | M1_PDR 0.995 | H_m0 1.20 H_m1 1.80 | a-0.0424 c0.4375 ent0.0271 VRAM 24MB
Ep 1450 | M0_PDR 0.990 | M1_PDR 0.985 | H_m0 1.22 H_m1 1.85 | a-0.0421 c0.4629 ent0.0263 VRAM 24MB
Ep 1500 | M0_PDR 0.993 | M1_PDR 0.995 | H_m0 1.14 H_m1 1.84 | a-0.0390 c0.3271 ent0.0255 VRAM 24MB
Ep 1550 | M0_PDR 0.986 | M1_PDR 0.994 | H_m0 1.19 H_m1 1.81 | a-0.0377 c0.3728 ent0.0247 VRAM 24MB
Ep 1600 | M0_PDR 0.992 | M1_PDR 0.997 | H_m0 1.17 H_m1 1.79 | a-0.0359 c0.2938 ent0.0239 VRAM 24MB
Ep 1650 | M0_PDR 0.992 | M1_PDR 0.993 | H_m0 1.22 H_m1 1.80 | a-0.0355 c0.3148 ent0.0230 VRAM 24MB
Ep 1700 | M0_PDR 0.995 | M1_PDR 1.000 | H_m0 1.20 H_m1 1.79 | a-0.0344 c0.2946 ent0.0222 VRAM 24MB
Ep 1750 | M0_PDR 0.977 | M1_PDR 0.986 | H_m0 1.23 H_m1 1.74 | a-0.0332 c0.4451 ent0.0214 VRAM 24MB
Ep 1800 | M0_PDR 0.975 | M1_PDR 0.995 | H_m0 1.23 H_m1 1.67 | a-0.0309 c0.4583 ent0.0206 VRAM 24MB
Ep 1850 | M0_PDR 0.985 | M1_PDR 0.989 | H_m0 1.26 H_m1 1.71 | a-0.0297 c0.4294 ent0.0198 VRAM 24MB
Ep 1900 | M0_PDR 0.990 | M1_PDR 0.995 | H_m0 1.24 H_m1 1.73 | a-0.0289 c0.3311 ent0.0190 VRAM 24MB
Ep 1950 | M0_PDR 0.995 | M1_PDR 1.000 | H_m0 1.20 H_m1 1.72 | a-0.0267 c0.3007 ent0.0181 VRAM 24MB
Ep 2000 | M0_PDR 0.997 | M1_PDR 1.000 | H_m0 1.14 H_m1 1.65 | a-0.0252 c0.2847 ent0.0173 VRAM 24MB
Ep 2050 | M0_PDR 0.997 | M1_PDR 1.000 | H_m0 1.13 H_m1 1.65 | a-0.0236 c0.2839 ent0.0165 VRAM 24MB
Ep 2100 | M0_PDR 0.993 | M1_PDR 0.997 | H_m0 1.07 H_m1 1.64 | a-0.0218 c0.3128 ent0.0157 VRAM 24MB
Ep 2150 | M0_PDR 0.997 | M1_PDR 1.000 | H_m0 1.06 H_m1 1.65 | a-0.0208 c0.2595 ent0.0149 VRAM 24MB
Ep 2200 | M0_PDR 1.000 | M1_PDR 0.997 | H_m0 1.05 H_m1 1.58 | a-0.0188 c0.2573 ent0.0141 VRAM 24MB
Ep 2250 | M0_PDR 1.000 | M1_PDR 0.997 | H_m0 1.13 H_m1 1.60 | a-0.0189 c0.2531 ent0.0132 VRAM 24MB
Ep 2300 | M0_PDR 1.000 | M1_PDR 0.995 | H_m0 1.09 H_m1 1.61 | a-0.0171 c0.2560 ent0.0124 VRAM 24MB
Ep 2350 | M0_PDR 0.997 | M1_PDR 0.995 | H_m0 1.13 H_m1 1.63 | a-0.0162 c0.2919 ent0.0116 VRAM 24MB
Ep 2400 | M0_PDR 0.985 | M1_PDR 0.990 | H_m0 1.08 H_m1 1.62 | a-0.0148 c0.3884 ent0.0108 VRAM 24MB
Ep 2450 | M0_PDR 0.997 | M1_PDR 1.000 | H_m0 1.10 H_m1 1.60 | a-0.0137 c0.2775 ent0.0100 VRAM 24MB
Ep 2500 | M0_PDR 0.995 | M1_PDR 1.000 | H_m0 1.05 H_m1 1.61 | a-0.0127 c0.2892 ent0.0092 VRAM 24MB
Ep 2550 | M0_PDR 0.993 | M1_PDR 0.997 | H_m0 1.05 H_m1 1.62 | a-0.0114 c0.3084 ent0.0083 VRAM 24MB
Ep 2600 | M0_PDR 0.998 | M1_PDR 1.000 | H_m0 1.02 H_m1 1.62 | a-0.0100 c0.2603 ent0.0075 VRAM 24MB
Ep 2650 | M0_PDR 1.000 | M1_PDR 0.998 | H_m0 1.03 H_m1 1.62 | a-0.0089 c0.2580 ent0.0067 VRAM 24MB
Ep 2700 | M0_PDR 0.997 | M1_PDR 0.998 | H_m0 1.01 H_m1 1.60 | a-0.0079 c0.2968 ent0.0059 VRAM 24MB
Ep 2750 | M0_PDR 0.993 | M1_PDR 1.000 | H_m0 1.03 H_m1 1.60 | a-0.0067 c0.3179 ent0.0051 VRAM 24MB
Ep 2800 | M0_PDR 1.000 | M1_PDR 1.000 | H_m0 1.05 H_m1 1.60 | a-0.0058 c0.2489 ent0.0043 VRAM 24MB
Ep 2850 | M0_PDR 0.998 | M1_PDR 0.997 | H_m0 1.05 H_m1 1.60 | a-0.0046 c0.2691 ent0.0034 VRAM 24MB
Ep 2900 | M0_PDR 0.995 | M1_PDR 0.995 | H_m0 1.05 H_m1 1.60 | a-0.0035 c0.2889 ent0.0026 VRAM 24MB
Ep 2950 | M0_PDR 1.000 | M1_PDR 1.000 | H_m0 1.04 H_m1 1.59 | a-0.0024 c0.2497 ent0.0018 VRAM 24MB

Training complete. Running 100 eval episodes...

  Eval ep   0: M0_PDR=1.000  M1_PDR=1.000
  Eval ep  20: M0_PDR=0.995  M1_PDR=0.998
  Eval ep  40: M0_PDR=1.000  M1_PDR=0.998
  Eval ep  60: M0_PDR=0.998  M1_PDR=1.000
  Eval ep  80: M0_PDR=0.998  M1_PDR=0.995

=== Eval Summary (100 episodes) ===
  M0_PDR_mean         : 0.9979
  M0_PDR_p05 (across) : 0.9929
  M0_PDR_p05 (intra)  : 1.0000
  M1_PDR_mean         : 0.9985
  M0_SINR_mean (dB)   : 42.35
  M1_SINR_mean (dB)   : 40.92
  M0_collision_rate   : 0.003
  M0_collision_within_pool : 0.000
  M1_collision_within_pool : 0.000

Result saved -> results/_A_mode0c_seed3.json
  N=4  rho=0.8  M0_PDR=0.998  M1_PDR=0.998
Checkpoint saved -> checkpoints/A_mode0c_seed3_actors.pt
[NS3Bridge] Shutdown complete.
Run complete.
