[seed] all RNGs seeded with 3
GPU : NVIDIA GeForce RTX 3060
VRAM: 12.9 GB
Device          : cuda:0
Actors          : 10 per-vehicle, total 212,730 params
Critic params   : 99,073
obs_dim=11  action_dim=25  gs_dim=115
M0 count: 5  M1 count: 5
Training for 5000 episodes (Config A_mode0b_N10_seed3_gaefix_g05_ent01, N=10)...

[NS3Bridge] Connected tcp://localhost:9126
/home/jig/v2x_clean/train_d10_A_mode0b_N10_seed3_gaefix_g05_ent01.py:199: UserWarning: Detected call of `lr_scheduler.step()` before `optimizer.step()`. In PyTorch 1.1.0 and later, you should call them in the opposite order: `optimizer.step()` before `lr_scheduler.step()`.  Failure to do this will result in PyTorch skipping the first value of the learning rate schedule. See more details at https://pytorch.org/docs/stable/optim.html#how-to-adjust-learning-rate
  s.step()
Ep    0 | M0_PDR 0.517 | M1_PDR 0.570 | H_m0 3.22 H_m1 3.21 | a-0.1805 c0.5681 ent0.0100 VRAM 36MB
Ep   50 | M0_PDR 0.811 | M1_PDR 0.730 | H_m0 0.23 H_m1 0.96 | a-0.0676 c0.0995 ent0.0099 VRAM 36MB
Ep  100 | M0_PDR 0.828 | M1_PDR 0.719 | H_m0 0.24 H_m1 0.44 | a-0.0219 c0.0781 ent0.0098 VRAM 36MB
Ep  150 | M0_PDR 0.822 | M1_PDR 0.754 | H_m0 0.24 H_m1 0.49 | a-0.0284 c0.0813 ent0.0097 VRAM 36MB
Ep  200 | M0_PDR 0.823 | M1_PDR 0.738 | H_m0 0.20 H_m1 0.42 | a0.0113 c0.0847 ent0.0096 VRAM 36MB
Ep  250 | M0_PDR 0.918 | M1_PDR 0.688 | H_m0 0.02 H_m1 0.41 | a0.0006 c0.0519 ent0.0095 VRAM 36MB
Ep  300 | M0_PDR 0.940 | M1_PDR 0.717 | H_m0 0.01 H_m1 0.41 | a0.0857 c0.0510 ent0.0095 VRAM 36MB
Ep  350 | M0_PDR 0.945 | M1_PDR 0.720 | H_m0 0.00 H_m1 0.42 | a-0.0025 c0.0363 ent0.0094 VRAM 36MB
Ep  400 | M0_PDR 0.938 | M1_PDR 0.763 | H_m0 0.01 H_m1 0.42 | a-0.0226 c0.0424 ent0.0093 VRAM 36MB
Ep  450 | M0_PDR 0.946 | M1_PDR 0.731 | H_m0 0.01 H_m1 0.42 | a-0.0109 c0.0372 ent0.0092 VRAM 36MB
Ep  500 | M0_PDR 0.938 | M1_PDR 0.717 | H_m0 0.00 H_m1 0.40 | a-0.0357 c0.0487 ent0.0091 VRAM 36MB
Ep  550 | M0_PDR 0.935 | M1_PDR 0.729 | H_m0 0.00 H_m1 0.40 | a-0.0259 c0.0368 ent0.0090 VRAM 36MB
Ep  600 | M0_PDR 0.949 | M1_PDR 0.726 | H_m0 0.00 H_m1 0.40 | a-0.0337 c0.0421 ent0.0089 VRAM 36MB
Ep  650 | M0_PDR 0.936 | M1_PDR 0.711 | H_m0 0.00 H_m1 0.39 | a-0.0106 c0.0403 ent0.0088 VRAM 36MB
Ep  700 | M0_PDR 0.946 | M1_PDR 0.725 | H_m0 0.00 H_m1 0.40 | a-0.0517 c0.0419 ent0.0087 VRAM 36MB
Ep  750 | M0_PDR 0.949 | M1_PDR 0.704 | H_m0 0.00 H_m1 0.38 | a-0.0184 c0.0352 ent0.0086 VRAM 36MB
Ep  800 | M0_PDR 0.950 | M1_PDR 0.707 | H_m0 0.00 H_m1 0.38 | a-0.0316 c0.0324 ent0.0086 VRAM 36MB
Ep  850 | M0_PDR 0.945 | M1_PDR 0.710 | H_m0 0.00 H_m1 0.40 | a-0.0044 c0.0342 ent0.0085 VRAM 36MB
Ep  900 | M0_PDR 0.941 | M1_PDR 0.720 | H_m0 0.00 H_m1 0.39 | a0.0156 c0.0400 ent0.0084 VRAM 36MB
Ep  950 | M0_PDR 0.930 | M1_PDR 0.705 | H_m0 0.01 H_m1 0.40 | a-0.0239 c0.0450 ent0.0083 VRAM 36MB
Ep 1000 | M0_PDR 0.929 | M1_PDR 0.743 | H_m0 0.00 H_m1 0.40 | a-0.0003 c0.0452 ent0.0082 VRAM 36MB
Ep 1050 | M0_PDR 0.950 | M1_PDR 0.698 | H_m0 0.00 H_m1 0.39 | a-0.0169 c0.0321 ent0.0081 VRAM 36MB
Ep 1100 | M0_PDR 0.950 | M1_PDR 0.738 | H_m0 0.00 H_m1 0.39 | a0.0146 c0.0323 ent0.0080 VRAM 36MB
Ep 1150 | M0_PDR 0.942 | M1_PDR 0.709 | H_m0 0.00 H_m1 0.40 | a-0.0213 c0.0363 ent0.0079 VRAM 36MB
Ep 1200 | M0_PDR 0.942 | M1_PDR 0.710 | H_m0 0.00 H_m1 0.41 | a-0.0424 c0.0351 ent0.0078 VRAM 36MB
Ep 1250 | M0_PDR 0.926 | M1_PDR 0.708 | H_m0 0.00 H_m1 0.39 | a0.0240 c0.0438 ent0.0077 VRAM 36MB
Ep 1300 | M0_PDR 0.943 | M1_PDR 0.719 | H_m0 0.00 H_m1 0.39 | a-0.0015 c0.0384 ent0.0077 VRAM 36MB
Ep 1350 | M0_PDR 0.932 | M1_PDR 0.712 | H_m0 0.00 H_m1 0.40 | a0.0092 c0.0433 ent0.0076 VRAM 36MB
Ep 1400 | M0_PDR 0.935 | M1_PDR 0.691 | H_m0 0.01 H_m1 0.38 | a-0.0281 c0.0438 ent0.0075 VRAM 36MB
Ep 1450 | M0_PDR 0.937 | M1_PDR 0.724 | H_m0 0.00 H_m1 0.39 | a-0.0051 c0.0379 ent0.0074 VRAM 36MB
Ep 1500 | M0_PDR 0.944 | M1_PDR 0.738 | H_m0 0.00 H_m1 0.39 | a-0.0026 c0.0368 ent0.0073 VRAM 36MB
Ep 1550 | M0_PDR 0.932 | M1_PDR 0.724 | H_m0 0.00 H_m1 0.40 | a-0.0309 c0.0375 ent0.0072 VRAM 36MB
Ep 1600 | M0_PDR 0.941 | M1_PDR 0.747 | H_m0 0.00 H_m1 0.40 | a0.0138 c0.0372 ent0.0071 VRAM 36MB
Ep 1650 | M0_PDR 0.939 | M1_PDR 0.707 | H_m0 0.00 H_m1 0.38 | a-0.0078 c0.0386 ent0.0070 VRAM 36MB
Ep 1700 | M0_PDR 0.938 | M1_PDR 0.720 | H_m0 0.00 H_m1 0.39 | a0.0088 c0.0351 ent0.0069 VRAM 36MB
Ep 1750 | M0_PDR 0.943 | M1_PDR 0.744 | H_m0 0.00 H_m1 0.40 | a-0.0170 c0.0376 ent0.0068 VRAM 36MB
Ep 1800 | M0_PDR 0.944 | M1_PDR 0.692 | H_m0 0.00 H_m1 0.40 | a-0.0135 c0.0351 ent0.0068 VRAM 36MB
Ep 1850 | M0_PDR 0.941 | M1_PDR 0.714 | H_m0 0.00 H_m1 0.40 | a-0.0082 c0.0363 ent0.0067 VRAM 36MB
Ep 1900 | M0_PDR 0.948 | M1_PDR 0.727 | H_m0 0.00 H_m1 0.41 | a-0.0374 c0.0358 ent0.0066 VRAM 36MB
Ep 1950 | M0_PDR 0.942 | M1_PDR 0.750 | H_m0 0.00 H_m1 0.38 | a0.0250 c0.0354 ent0.0065 VRAM 36MB
Ep 2000 | M0_PDR 0.944 | M1_PDR 0.672 | H_m0 0.00 H_m1 0.38 | a0.0167 c0.0354 ent0.0064 VRAM 36MB
Ep 2050 | M0_PDR 0.942 | M1_PDR 0.700 | H_m0 0.00 H_m1 0.40 | a-0.0182 c0.0412 ent0.0063 VRAM 36MB
Ep 2100 | M0_PDR 0.936 | M1_PDR 0.744 | H_m0 0.00 H_m1 0.40 | a0.0018 c0.0437 ent0.0062 VRAM 36MB
Ep 2150 | M0_PDR 0.932 | M1_PDR 0.696 | H_m0 0.00 H_m1 0.40 | a-0.0189 c0.0391 ent0.0061 VRAM 36MB
Ep 2200 | M0_PDR 0.943 | M1_PDR 0.752 | H_m0 0.00 H_m1 0.38 | a0.0006 c0.0443 ent0.0060 VRAM 36MB
Ep 2250 | M0_PDR 0.952 | M1_PDR 0.700 | H_m0 0.00 H_m1 0.38 | a-0.0872 c0.0346 ent0.0059 VRAM 36MB
Ep 2300 | M0_PDR 0.943 | M1_PDR 0.744 | H_m0 0.00 H_m1 0.38 | a0.0266 c0.0347 ent0.0059 VRAM 36MB
Ep 2350 | M0_PDR 0.941 | M1_PDR 0.723 | H_m0 0.00 H_m1 0.34 | a-0.0261 c0.0357 ent0.0058 VRAM 36MB
Ep 2400 | M0_PDR 0.935 | M1_PDR 0.793 | H_m0 0.00 H_m1 0.26 | a0.0169 c0.0381 ent0.0057 VRAM 36MB
Ep 2450 | M0_PDR 0.928 | M1_PDR 0.862 | H_m0 0.00 H_m1 0.20 | a0.0202 c0.0401 ent0.0056 VRAM 36MB
Ep 2500 | M0_PDR 0.932 | M1_PDR 0.907 | H_m0 0.00 H_m1 0.14 | a0.0272 c0.0388 ent0.0055 VRAM 36MB
Ep 2550 | M0_PDR 0.962 | M1_PDR 0.863 | H_m0 0.00 H_m1 0.23 | a0.0111 c0.0265 ent0.0054 VRAM 36MB
Ep 2600 | M0_PDR 0.966 | M1_PDR 0.880 | H_m0 0.00 H_m1 0.06 | a-0.0442 c0.0230 ent0.0053 VRAM 36MB
Ep 2650 | M0_PDR 0.968 | M1_PDR 0.903 | H_m0 0.00 H_m1 0.06 | a-0.0167 c0.0245 ent0.0052 VRAM 36MB
Ep 2700 | M0_PDR 0.958 | M1_PDR 0.889 | H_m0 0.00 H_m1 0.06 | a0.0019 c0.0268 ent0.0051 VRAM 36MB
Ep 2750 | M0_PDR 0.955 | M1_PDR 0.863 | H_m0 0.00 H_m1 0.04 | a0.0132 c0.0289 ent0.0050 VRAM 36MB
Ep 2800 | M0_PDR 0.966 | M1_PDR 0.868 | H_m0 0.00 H_m1 0.04 | a-0.0030 c0.0216 ent0.0050 VRAM 36MB
Ep 2850 | M0_PDR 0.960 | M1_PDR 0.896 | H_m0 0.00 H_m1 0.01 | a0.0076 c0.0240 ent0.0049 VRAM 36MB
Ep 2900 | M0_PDR 0.952 | M1_PDR 0.863 | H_m0 0.00 H_m1 0.02 | a0.0036 c0.0295 ent0.0048 VRAM 36MB
Ep 2950 | M0_PDR 0.970 | M1_PDR 0.900 | H_m0 0.00 H_m1 0.02 | a-0.0066 c0.0195 ent0.0047 VRAM 36MB
Ep 3000 | M0_PDR 0.963 | M1_PDR 0.892 | H_m0 0.00 H_m1 0.02 | a0.0191 c0.0252 ent0.0046 VRAM 36MB
Ep 3050 | M0_PDR 0.968 | M1_PDR 0.888 | H_m0 0.00 H_m1 0.02 | a-0.0102 c0.0199 ent0.0045 VRAM 36MB
Ep 3100 | M0_PDR 0.951 | M1_PDR 0.867 | H_m0 0.00 H_m1 0.02 | a0.0266 c0.0300 ent0.0044 VRAM 36MB
Ep 3150 | M0_PDR 0.952 | M1_PDR 0.886 | H_m0 0.00 H_m1 0.02 | a-0.0151 c0.0282 ent0.0043 VRAM 36MB
Ep 3200 | M0_PDR 0.961 | M1_PDR 0.908 | H_m0 0.00 H_m1 0.02 | a0.0093 c0.0254 ent0.0042 VRAM 36MB
Ep 3250 | M0_PDR 0.966 | M1_PDR 0.894 | H_m0 0.00 H_m1 0.02 | a0.0075 c0.0223 ent0.0041 VRAM 36MB
Ep 3300 | M0_PDR 0.964 | M1_PDR 0.894 | H_m0 0.00 H_m1 0.01 | a0.0049 c0.0241 ent0.0041 VRAM 36MB
Ep 3350 | M0_PDR 0.968 | M1_PDR 0.892 | H_m0 0.00 H_m1 0.01 | a-0.0202 c0.0220 ent0.0040 VRAM 36MB
Ep 3400 | M0_PDR 0.952 | M1_PDR 0.885 | H_m0 0.00 H_m1 0.01 | a-0.0143 c0.0291 ent0.0039 VRAM 36MB
Ep 3450 | M0_PDR 0.957 | M1_PDR 0.887 | H_m0 0.00 H_m1 0.01 | a0.0114 c0.0261 ent0.0038 VRAM 36MB
Ep 3500 | M0_PDR 0.966 | M1_PDR 0.893 | H_m0 0.00 H_m1 0.02 | a0.0403 c0.0229 ent0.0037 VRAM 36MB
Ep 3550 | M0_PDR 0.955 | M1_PDR 0.905 | H_m0 0.00 H_m1 0.01 | a0.0427 c0.0279 ent0.0036 VRAM 36MB
Ep 3600 | M0_PDR 0.967 | M1_PDR 0.896 | H_m0 0.00 H_m1 0.01 | a0.0245 c0.0221 ent0.0035 VRAM 36MB
Ep 3650 | M0_PDR 0.958 | M1_PDR 0.922 | H_m0 0.00 H_m1 0.01 | a0.0240 c0.0262 ent0.0034 VRAM 36MB
Ep 3700 | M0_PDR 0.959 | M1_PDR 0.895 | H_m0 0.00 H_m1 0.01 | a-0.0074 c0.0268 ent0.0033 VRAM 36MB
Ep 3750 | M0_PDR 0.957 | M1_PDR 0.893 | H_m0 0.00 H_m1 0.00 | a-0.0158 c0.0260 ent0.0032 VRAM 36MB
Ep 3800 | M0_PDR 0.971 | M1_PDR 0.888 | H_m0 0.00 H_m1 0.01 | a-0.0097 c0.0184 ent0.0032 VRAM 36MB
Ep 3850 | M0_PDR 0.969 | M1_PDR 0.889 | H_m0 0.00 H_m1 0.01 | a0.0204 c0.0184 ent0.0031 VRAM 36MB
Ep 3900 | M0_PDR 0.973 | M1_PDR 0.884 | H_m0 0.00 H_m1 0.01 | a-0.0171 c0.0199 ent0.0030 VRAM 36MB
Ep 3950 | M0_PDR 0.959 | M1_PDR 0.881 | H_m0 0.00 H_m1 0.01 | a-0.0047 c0.0251 ent0.0029 VRAM 36MB
Ep 4000 | M0_PDR 0.962 | M1_PDR 0.895 | H_m0 0.00 H_m1 0.01 | a-0.0143 c0.0220 ent0.0028 VRAM 36MB
Ep 4050 | M0_PDR 0.965 | M1_PDR 0.875 | H_m0 0.00 H_m1 0.01 | a-0.0064 c0.0233 ent0.0027 VRAM 36MB
Ep 4100 | M0_PDR 0.960 | M1_PDR 0.909 | H_m0 0.00 H_m1 0.01 | a0.0058 c0.0251 ent0.0026 VRAM 36MB
Ep 4150 | M0_PDR 0.956 | M1_PDR 0.871 | H_m0 0.00 H_m1 0.02 | a-0.0212 c0.0246 ent0.0025 VRAM 36MB
Ep 4200 | M0_PDR 0.957 | M1_PDR 0.889 | H_m0 0.00 H_m1 0.01 | a0.0218 c0.0250 ent0.0024 VRAM 36MB
Ep 4250 | M0_PDR 0.967 | M1_PDR 0.905 | H_m0 0.00 H_m1 0.01 | a0.0019 c0.0224 ent0.0023 VRAM 36MB
Ep 4300 | M0_PDR 0.955 | M1_PDR 0.888 | H_m0 0.00 H_m1 0.01 | a0.0037 c0.0272 ent0.0023 VRAM 36MB
Ep 4350 | M0_PDR 0.947 | M1_PDR 0.893 | H_m0 0.00 H_m1 0.01 | a0.0231 c0.0305 ent0.0022 VRAM 36MB
Ep 4400 | M0_PDR 0.950 | M1_PDR 0.886 | H_m0 0.00 H_m1 0.00 | a0.0162 c0.0290 ent0.0021 VRAM 36MB
Ep 4450 | M0_PDR 0.966 | M1_PDR 0.890 | H_m0 0.00 H_m1 0.01 | a-0.0552 c0.0204 ent0.0020 VRAM 36MB
Ep 4500 | M0_PDR 0.975 | M1_PDR 0.891 | H_m0 0.00 H_m1 0.02 | a0.0077 c0.0160 ent0.0019 VRAM 36MB
Ep 4550 | M0_PDR 0.963 | M1_PDR 0.874 | H_m0 0.00 H_m1 0.01 | a0.0020 c0.0234 ent0.0018 VRAM 36MB
Ep 4600 | M0_PDR 0.964 | M1_PDR 0.896 | H_m0 0.00 H_m1 0.01 | a-0.0116 c0.0241 ent0.0017 VRAM 36MB
Ep 4650 | M0_PDR 0.967 | M1_PDR 0.910 | H_m0 0.00 H_m1 0.01 | a-0.0089 c0.0221 ent0.0016 VRAM 36MB
Ep 4700 | M0_PDR 0.967 | M1_PDR 0.879 | H_m0 0.00 H_m1 0.03 | a0.0167 c0.0240 ent0.0015 VRAM 36MB
Ep 4750 | M0_PDR 0.960 | M1_PDR 0.881 | H_m0 0.00 H_m1 0.02 | a0.0220 c0.0264 ent0.0014 VRAM 36MB
Ep 4800 | M0_PDR 0.958 | M1_PDR 0.921 | H_m0 0.00 H_m1 0.01 | a-0.0213 c0.0284 ent0.0014 VRAM 36MB
Ep 4850 | M0_PDR 0.960 | M1_PDR 0.905 | H_m0 0.00 H_m1 0.01 | a-0.0069 c0.0242 ent0.0013 VRAM 36MB
Ep 4900 | M0_PDR 0.950 | M1_PDR 0.885 | H_m0 0.00 H_m1 0.01 | a0.0034 c0.0273 ent0.0012 VRAM 36MB
Ep 4950 | M0_PDR 0.952 | M1_PDR 0.912 | H_m0 0.00 H_m1 0.01 | a-0.0076 c0.0333 ent0.0011 VRAM 36MB

Training complete. Running 100 eval episodes...

  Eval ep   0: M0_PDR=0.951  M1_PDR=0.893
  Eval ep  20: M0_PDR=0.957  M1_PDR=0.891
  Eval ep  40: M0_PDR=0.960  M1_PDR=0.893
  Eval ep  60: M0_PDR=0.944  M1_PDR=0.901
  Eval ep  80: M0_PDR=0.958  M1_PDR=0.880

=== Eval Summary (100 episodes) ===
  M0_PDR_mean         : 0.9618
  M0_PDR_p05 (across) : 0.9504
  M0_PDR_p05 (intra)  : 0.8000
  M1_PDR_mean         : 0.8954
  M0_SINR_mean (dB)   : 23.22
  M1_SINR_mean (dB)   : 16.88
  M0_collision_rate   : 0.798
  M0_collision_within_pool : 0.001
  M1_collision_within_pool : 0.403

Result saved -> results/_A_mode0b_N10_seed3_gaefix_g05_ent01.json
  N=10  rho=2.0  M0_PDR=0.962  M1_PDR=0.895
Checkpoint saved -> checkpoints/A_mode0b_N10_seed3_gaefix_g05_ent01_actors.pt
[NS3Bridge] Shutdown complete.
Run complete.
