[seed] all RNGs seeded with 3
GPU : NVIDIA GeForce RTX 3060
VRAM: 12.9 GB
Device          : cuda:0
Actors          : 10 per-vehicle, total 212,730 params
Critic params   : 96,257
obs_dim=11  action_dim=25  gs_dim=115
M0 count: 5  M1 count: 5
Training for 5000 episodes (Config A_mode0c_N10_seed3, N=10)...

[NS3Bridge] Connected tcp://localhost:5786
Ep    0 | M0_PDR 0.518 | M1_PDR 0.570 | H_m0 3.21 H_m1 3.21 | a-0.1683 c25.3016 ent0.0500 VRAM 35MB
Ep   50 | M0_PDR 0.563 | M1_PDR 0.541 | H_m0 3.11 H_m1 3.18 | a-0.1580 c10.3928 ent0.0495 VRAM 35MB
Ep  100 | M0_PDR 0.631 | M1_PDR 0.522 | H_m0 2.77 H_m1 3.18 | a-0.1479 c8.2379 ent0.0490 VRAM 35MB
Ep  150 | M0_PDR 0.690 | M1_PDR 0.525 | H_m0 2.29 H_m1 3.19 | a-0.1354 c8.1390 ent0.0485 VRAM 35MB
Ep  200 | M0_PDR 0.760 | M1_PDR 0.501 | H_m0 2.02 H_m1 3.20 | a-0.1268 c6.0255 ent0.0480 VRAM 35MB
Ep  250 | M0_PDR 0.829 | M1_PDR 0.544 | H_m0 1.67 H_m1 3.20 | a-0.1184 c8.8943 ent0.0475 VRAM 35MB
Ep  300 | M0_PDR 0.903 | M1_PDR 0.520 | H_m0 1.28 H_m1 3.17 | a-0.1076 c6.3618 ent0.0471 VRAM 35MB
Ep  350 | M0_PDR 0.922 | M1_PDR 0.504 | H_m0 1.14 H_m1 3.16 | a-0.1011 c4.5901 ent0.0466 VRAM 35MB
Ep  400 | M0_PDR 0.931 | M1_PDR 0.532 | H_m0 1.02 H_m1 3.14 | a-0.0973 c3.4430 ent0.0461 VRAM 35MB
Ep  450 | M0_PDR 0.905 | M1_PDR 0.543 | H_m0 1.00 H_m1 3.08 | a-0.0944 c7.3192 ent0.0456 VRAM 35MB
Ep  500 | M0_PDR 0.932 | M1_PDR 0.546 | H_m0 1.03 H_m1 3.07 | a-0.0946 c2.2023 ent0.0451 VRAM 35MB
Ep  550 | M0_PDR 0.944 | M1_PDR 0.559 | H_m0 0.90 H_m1 3.07 | a-0.0902 c2.6912 ent0.0446 VRAM 35MB
Ep  600 | M0_PDR 0.971 | M1_PDR 0.526 | H_m0 0.69 H_m1 3.05 | a-0.0851 c2.7721 ent0.0441 VRAM 35MB
Ep  650 | M0_PDR 0.951 | M1_PDR 0.528 | H_m0 0.71 H_m1 3.09 | a-0.0842 c3.3555 ent0.0436 VRAM 35MB
Ep  700 | M0_PDR 0.953 | M1_PDR 0.551 | H_m0 0.83 H_m1 3.05 | a-0.0854 c1.7449 ent0.0431 VRAM 35MB
Ep  750 | M0_PDR 0.957 | M1_PDR 0.531 | H_m0 0.69 H_m1 3.12 | a-0.0825 c2.2619 ent0.0426 VRAM 35MB
Ep  800 | M0_PDR 0.958 | M1_PDR 0.536 | H_m0 0.73 H_m1 3.10 | a-0.0827 c1.7045 ent0.0422 VRAM 35MB
Ep  850 | M0_PDR 0.957 | M1_PDR 0.547 | H_m0 0.77 H_m1 3.08 | a-0.0811 c1.5925 ent0.0417 VRAM 35MB
Ep  900 | M0_PDR 0.951 | M1_PDR 0.584 | H_m0 0.85 H_m1 3.01 | a-0.0825 c1.8138 ent0.0412 VRAM 35MB
Ep  950 | M0_PDR 0.960 | M1_PDR 0.576 | H_m0 0.79 H_m1 2.99 | a-0.0785 c2.4629 ent0.0407 VRAM 35MB
Ep 1000 | M0_PDR 0.960 | M1_PDR 0.587 | H_m0 0.74 H_m1 3.00 | a-0.0765 c2.0576 ent0.0402 VRAM 35MB
Ep 1050 | M0_PDR 0.965 | M1_PDR 0.576 | H_m0 0.66 H_m1 3.00 | a-0.0738 c1.9074 ent0.0397 VRAM 35MB
Ep 1100 | M0_PDR 0.962 | M1_PDR 0.557 | H_m0 0.50 H_m1 2.97 | a-0.0686 c1.4856 ent0.0392 VRAM 35MB
Ep 1150 | M0_PDR 0.967 | M1_PDR 0.569 | H_m0 0.59 H_m1 2.96 | a-0.0706 c1.9111 ent0.0387 VRAM 35MB
Ep 1200 | M0_PDR 0.960 | M1_PDR 0.580 | H_m0 0.55 H_m1 2.95 | a-0.0681 c1.4747 ent0.0382 VRAM 35MB
Ep 1250 | M0_PDR 0.959 | M1_PDR 0.590 | H_m0 0.57 H_m1 2.90 | a-0.0673 c1.5166 ent0.0377 VRAM 35MB
Ep 1300 | M0_PDR 0.967 | M1_PDR 0.602 | H_m0 0.50 H_m1 2.97 | a-0.0656 c1.2848 ent0.0373 VRAM 35MB
Ep 1350 | M0_PDR 0.957 | M1_PDR 0.584 | H_m0 0.59 H_m1 3.00 | a-0.0668 c1.4951 ent0.0368 VRAM 35MB
Ep 1400 | M0_PDR 0.958 | M1_PDR 0.556 | H_m0 0.54 H_m1 3.04 | a-0.0654 c2.1317 ent0.0363 VRAM 35MB
Ep 1450 | M0_PDR 0.963 | M1_PDR 0.551 | H_m0 0.25 H_m1 2.95 | a-0.0581 c1.3267 ent0.0358 VRAM 35MB
Ep 1500 | M0_PDR 0.958 | M1_PDR 0.575 | H_m0 0.48 H_m1 2.93 | a-0.0617 c1.4901 ent0.0353 VRAM 35MB
Ep 1550 | M0_PDR 0.953 | M1_PDR 0.567 | H_m0 0.49 H_m1 2.93 | a-0.0611 c1.5230 ent0.0348 VRAM 35MB
Ep 1600 | M0_PDR 0.972 | M1_PDR 0.558 | H_m0 0.41 H_m1 3.00 | a-0.0595 c1.4415 ent0.0343 VRAM 35MB
Ep 1650 | M0_PDR 0.953 | M1_PDR 0.585 | H_m0 0.45 H_m1 2.95 | a-0.0589 c2.4755 ent0.0338 VRAM 35MB
Ep 1700 | M0_PDR 0.969 | M1_PDR 0.583 | H_m0 0.48 H_m1 2.98 | a-0.0583 c1.3583 ent0.0333 VRAM 35MB
Ep 1750 | M0_PDR 0.965 | M1_PDR 0.609 | H_m0 0.40 H_m1 2.93 | a-0.0549 c1.4376 ent0.0328 VRAM 35MB
Ep 1800 | M0_PDR 0.964 | M1_PDR 0.572 | H_m0 0.37 H_m1 2.93 | a-0.0540 c1.3138 ent0.0324 VRAM 35MB
Ep 1850 | M0_PDR 0.963 | M1_PDR 0.556 | H_m0 0.46 H_m1 2.90 | a-0.0545 c1.2314 ent0.0319 VRAM 35MB
Ep 1900 | M0_PDR 0.959 | M1_PDR 0.578 | H_m0 0.49 H_m1 2.89 | a-0.0542 c1.4620 ent0.0314 VRAM 35MB
Ep 1950 | M0_PDR 0.952 | M1_PDR 0.596 | H_m0 0.55 H_m1 2.81 | a-0.0522 c1.2478 ent0.0309 VRAM 35MB
Ep 2000 | M0_PDR 0.955 | M1_PDR 0.598 | H_m0 0.44 H_m1 2.81 | a-0.0505 c2.1672 ent0.0304 VRAM 35MB
Ep 2050 | M0_PDR 0.970 | M1_PDR 0.612 | H_m0 0.27 H_m1 2.84 | a-0.0474 c2.2113 ent0.0299 VRAM 35MB
Ep 2100 | M0_PDR 0.961 | M1_PDR 0.600 | H_m0 0.35 H_m1 2.79 | a-0.0468 c1.3337 ent0.0294 VRAM 35MB
Ep 2150 | M0_PDR 0.969 | M1_PDR 0.648 | H_m0 0.37 H_m1 2.72 | a-0.0460 c1.2678 ent0.0289 VRAM 35MB
Ep 2200 | M0_PDR 0.956 | M1_PDR 0.628 | H_m0 0.50 H_m1 2.79 | a-0.0471 c1.3359 ent0.0284 VRAM 35MB
Ep 2250 | M0_PDR 0.954 | M1_PDR 0.601 | H_m0 0.47 H_m1 2.72 | a-0.0449 c1.2989 ent0.0279 VRAM 35MB
Ep 2300 | M0_PDR 0.950 | M1_PDR 0.637 | H_m0 0.35 H_m1 2.76 | a-0.0432 c1.5107 ent0.0275 VRAM 35MB
Ep 2350 | M0_PDR 0.961 | M1_PDR 0.604 | H_m0 0.40 H_m1 2.77 | a-0.0430 c1.2286 ent0.0270 VRAM 35MB
Ep 2400 | M0_PDR 0.961 | M1_PDR 0.625 | H_m0 0.43 H_m1 2.73 | a-0.0427 c1.3118 ent0.0265 VRAM 35MB
Ep 2450 | M0_PDR 0.960 | M1_PDR 0.617 | H_m0 0.30 H_m1 2.73 | a-0.0397 c1.3829 ent0.0260 VRAM 35MB
Ep 2500 | M0_PDR 0.967 | M1_PDR 0.610 | H_m0 0.33 H_m1 2.72 | a-0.0393 c1.2788 ent0.0255 VRAM 35MB
Ep 2550 | M0_PDR 0.963 | M1_PDR 0.622 | H_m0 0.32 H_m1 2.69 | a-0.0383 c1.1814 ent0.0250 VRAM 35MB
Ep 2600 | M0_PDR 0.960 | M1_PDR 0.639 | H_m0 0.26 H_m1 2.64 | a-0.0359 c1.3138 ent0.0245 VRAM 35MB
Ep 2650 | M0_PDR 0.978 | M1_PDR 0.651 | H_m0 0.18 H_m1 2.57 | a-0.0336 c2.2597 ent0.0240 VRAM 35MB
Ep 2700 | M0_PDR 0.958 | M1_PDR 0.641 | H_m0 0.20 H_m1 2.52 | a-0.0324 c1.4464 ent0.0235 VRAM 35MB
Ep 2750 | M0_PDR 0.966 | M1_PDR 0.618 | H_m0 0.21 H_m1 2.59 | a-0.0325 c1.2782 ent0.0230 VRAM 35MB
Ep 2800 | M0_PDR 0.958 | M1_PDR 0.648 | H_m0 0.28 H_m1 2.59 | a-0.0327 c1.2838 ent0.0226 VRAM 35MB
Ep 2850 | M0_PDR 0.954 | M1_PDR 0.649 | H_m0 0.31 H_m1 2.53 | a-0.0318 c1.2139 ent0.0221 VRAM 35MB
Ep 2900 | M0_PDR 0.963 | M1_PDR 0.660 | H_m0 0.27 H_m1 2.51 | a-0.0305 c1.2203 ent0.0216 VRAM 35MB
Ep 2950 | M0_PDR 0.957 | M1_PDR 0.660 | H_m0 0.22 H_m1 2.40 | a-0.0281 c1.2141 ent0.0211 VRAM 35MB
Ep 3000 | M0_PDR 0.962 | M1_PDR 0.682 | H_m0 0.18 H_m1 2.22 | a-0.0252 c1.2348 ent0.0206 VRAM 35MB
Ep 3050 | M0_PDR 0.965 | M1_PDR 0.690 | H_m0 0.16 H_m1 2.12 | a-0.0232 c1.2110 ent0.0201 VRAM 35MB
Ep 3100 | M0_PDR 0.967 | M1_PDR 0.731 | H_m0 0.22 H_m1 2.05 | a-0.0229 c1.1175 ent0.0196 VRAM 35MB
Ep 3150 | M0_PDR 0.958 | M1_PDR 0.717 | H_m0 0.17 H_m1 2.04 | a-0.0213 c1.1860 ent0.0191 VRAM 35MB
Ep 3200 | M0_PDR 0.952 | M1_PDR 0.768 | H_m0 0.15 H_m1 1.88 | a-0.0193 c1.3358 ent0.0186 VRAM 35MB
Ep 3250 | M0_PDR 0.965 | M1_PDR 0.794 | H_m0 0.17 H_m1 1.65 | a-0.0171 c1.1290 ent0.0181 VRAM 35MB
Ep 3300 | M0_PDR 0.951 | M1_PDR 0.798 | H_m0 0.16 H_m1 1.55 | a-0.0154 c1.2467 ent0.0177 VRAM 35MB
Ep 3350 | M0_PDR 0.964 | M1_PDR 0.791 | H_m0 0.13 H_m1 1.47 | a-0.0141 c1.3074 ent0.0172 VRAM 35MB
Ep 3400 | M0_PDR 0.963 | M1_PDR 0.846 | H_m0 0.11 H_m1 1.34 | a-0.0121 c1.1353 ent0.0167 VRAM 35MB
Ep 3450 | M0_PDR 0.962 | M1_PDR 0.844 | H_m0 0.07 H_m1 1.28 | a-0.0111 c1.1237 ent0.0162 VRAM 35MB
Ep 3500 | M0_PDR 0.958 | M1_PDR 0.833 | H_m0 0.09 H_m1 1.23 | a-0.0105 c1.2658 ent0.0157 VRAM 35MB
Ep 3550 | M0_PDR 0.950 | M1_PDR 0.869 | H_m0 0.07 H_m1 1.05 | a-0.0087 c1.2712 ent0.0152 VRAM 35MB
Ep 3600 | M0_PDR 0.946 | M1_PDR 0.883 | H_m0 0.05 H_m1 0.95 | a-0.0075 c1.2165 ent0.0147 VRAM 35MB
Ep 3650 | M0_PDR 0.951 | M1_PDR 0.886 | H_m0 0.04 H_m1 0.92 | a-0.0071 c1.2080 ent0.0142 VRAM 35MB
Ep 3700 | M0_PDR 0.944 | M1_PDR 0.898 | H_m0 0.05 H_m1 0.86 | a-0.0064 c1.1959 ent0.0137 VRAM 35MB
Ep 3750 | M0_PDR 0.951 | M1_PDR 0.910 | H_m0 0.04 H_m1 0.80 | a-0.0057 c1.1449 ent0.0132 VRAM 35MB
Ep 3800 | M0_PDR 0.965 | M1_PDR 0.917 | H_m0 0.04 H_m1 0.77 | a-0.0053 c1.0403 ent0.0128 VRAM 35MB
Ep 3850 | M0_PDR 0.957 | M1_PDR 0.896 | H_m0 0.03 H_m1 0.78 | a-0.0052 c1.1062 ent0.0123 VRAM 35MB
Ep 3900 | M0_PDR 0.952 | M1_PDR 0.908 | H_m0 0.02 H_m1 0.74 | a-0.0046 c1.1333 ent0.0118 VRAM 35MB
Ep 3950 | M0_PDR 0.942 | M1_PDR 0.916 | H_m0 0.03 H_m1 0.67 | a-0.0041 c1.3100 ent0.0113 VRAM 35MB
Ep 4000 | M0_PDR 0.950 | M1_PDR 0.927 | H_m0 0.02 H_m1 0.62 | a-0.0036 c1.1836 ent0.0108 VRAM 35MB
Ep 4050 | M0_PDR 0.950 | M1_PDR 0.923 | H_m0 0.02 H_m1 0.56 | a-0.0030 c1.1201 ent0.0103 VRAM 35MB
Ep 4100 | M0_PDR 0.953 | M1_PDR 0.919 | H_m0 0.02 H_m1 0.52 | a-0.0027 c1.1463 ent0.0098 VRAM 35MB
Ep 4150 | M0_PDR 0.950 | M1_PDR 0.957 | H_m0 0.02 H_m1 0.44 | a-0.0022 c1.1150 ent0.0093 VRAM 35MB
Ep 4200 | M0_PDR 0.948 | M1_PDR 0.940 | H_m0 0.02 H_m1 0.40 | a-0.0019 c1.1196 ent0.0088 VRAM 35MB
Ep 4250 | M0_PDR 0.945 | M1_PDR 0.955 | H_m0 0.02 H_m1 0.35 | a-0.0016 c1.1244 ent0.0083 VRAM 35MB
Ep 4300 | M0_PDR 0.951 | M1_PDR 0.952 | H_m0 0.02 H_m1 0.31 | a-0.0013 c1.0689 ent0.0079 VRAM 35MB
Ep 4350 | M0_PDR 0.946 | M1_PDR 0.948 | H_m0 0.01 H_m1 0.28 | a-0.0012 c1.1519 ent0.0074 VRAM 35MB
Ep 4400 | M0_PDR 0.945 | M1_PDR 0.958 | H_m0 0.01 H_m1 0.27 | a-0.0010 c1.1510 ent0.0069 VRAM 35MB
Ep 4450 | M0_PDR 0.938 | M1_PDR 0.957 | H_m0 0.02 H_m1 0.26 | a-0.0009 c1.2291 ent0.0064 VRAM 35MB
Ep 4500 | M0_PDR 0.940 | M1_PDR 0.968 | H_m0 0.01 H_m1 0.23 | a-0.0007 c1.1325 ent0.0059 VRAM 35MB
Ep 4550 | M0_PDR 0.943 | M1_PDR 0.957 | H_m0 0.01 H_m1 0.22 | a-0.0007 c1.1107 ent0.0054 VRAM 35MB
Ep 4600 | M0_PDR 0.943 | M1_PDR 0.959 | H_m0 0.01 H_m1 0.22 | a-0.0006 c1.1554 ent0.0049 VRAM 35MB
Ep 4650 | M0_PDR 0.933 | M1_PDR 0.965 | H_m0 0.01 H_m1 0.22 | a-0.0006 c1.1322 ent0.0044 VRAM 35MB
Ep 4700 | M0_PDR 0.938 | M1_PDR 0.959 | H_m0 0.02 H_m1 0.20 | a-0.0005 c1.1752 ent0.0039 VRAM 35MB
Ep 4750 | M0_PDR 0.944 | M1_PDR 0.965 | H_m0 0.02 H_m1 0.19 | a-0.0004 c1.2091 ent0.0034 VRAM 35MB
Ep 4800 | M0_PDR 0.936 | M1_PDR 0.964 | H_m0 0.01 H_m1 0.19 | a-0.0003 c1.2358 ent0.0030 VRAM 35MB
Ep 4850 | M0_PDR 0.948 | M1_PDR 0.959 | H_m0 0.01 H_m1 0.19 | a-0.0003 c1.0457 ent0.0025 VRAM 35MB
Ep 4900 | M0_PDR 0.951 | M1_PDR 0.971 | H_m0 0.01 H_m1 0.19 | a-0.0002 c1.0504 ent0.0020 VRAM 35MB
Ep 4950 | M0_PDR 0.939 | M1_PDR 0.965 | H_m0 0.02 H_m1 0.18 | a-0.0001 c1.0757 ent0.0015 VRAM 35MB

Training complete. Running 100 eval episodes...

  Eval ep   0: M0_PDR=0.926  M1_PDR=0.972
  Eval ep  20: M0_PDR=0.934  M1_PDR=0.967
  Eval ep  40: M0_PDR=0.937  M1_PDR=0.967
  Eval ep  60: M0_PDR=0.951  M1_PDR=0.964
  Eval ep  80: M0_PDR=0.944  M1_PDR=0.968

=== Eval Summary (100 episodes) ===
  M0_PDR_mean         : 0.9415
  M0_PDR_p05 (across) : 0.9291
  M0_PDR_p05 (intra)  : 0.7930
  M1_PDR_mean         : 0.9652
  M0_SINR_mean (dB)   : 17.93
  M1_SINR_mean (dB)   : 19.16
  M0_collision_rate   : 0.985
  M0_collision_within_pool : 0.000
  M1_collision_within_pool : 0.029

Result saved -> results/_A_mode0c_N10_seed3.json
  N=10  rho=2.0  M0_PDR=0.942  M1_PDR=0.965
Checkpoint saved -> checkpoints/A_mode0c_N10_seed3_actors.pt
[NS3Bridge] Shutdown complete.
Run complete.
