[seed] all RNGs seeded with 2
GPU : NVIDIA GeForce RTX 3060
VRAM: 12.9 GB
Device          : cuda:0
Actors          : 4 per-vehicle, total 85,092 params
Critic params   : 79,361
obs_dim=11  action_dim=25  gs_dim=49
M0 count: 2  M1 count: 2
Training for 3000 episodes (Config A_mode0c_seed2_gaefix_g05, N=4)...

[NS3Bridge] Connected tcp://localhost:7036
Ep    0 | M0_PDR 0.659 | M1_PDR 0.644 | H_m0 3.22 H_m1 3.21 | a-0.1674 c1.0777 ent0.0500 VRAM 24MB
Ep   50 | M0_PDR 0.683 | M1_PDR 0.633 | H_m0 2.95 H_m1 3.18 | a-0.1533 c0.7499 ent0.0492 VRAM 24MB
Ep  100 | M0_PDR 0.808 | M1_PDR 0.640 | H_m0 1.64 H_m1 3.10 | a-0.1169 c0.9094 ent0.0484 VRAM 24MB
Ep  150 | M0_PDR 0.946 | M1_PDR 0.729 | H_m0 1.01 H_m1 2.65 | a-0.0918 c1.0791 ent0.0475 VRAM 24MB
Ep  200 | M0_PDR 0.970 | M1_PDR 0.802 | H_m0 0.92 H_m1 2.58 | a-0.0855 c1.0814 ent0.0467 VRAM 24MB
Ep  250 | M0_PDR 0.972 | M1_PDR 0.782 | H_m0 0.99 H_m1 2.74 | a-0.0887 c1.0894 ent0.0459 VRAM 24MB
Ep  300 | M0_PDR 0.960 | M1_PDR 0.771 | H_m0 1.07 H_m1 2.70 | a-0.0865 c1.0837 ent0.0451 VRAM 24MB
Ep  350 | M0_PDR 0.975 | M1_PDR 0.830 | H_m0 1.01 H_m1 2.60 | a-0.0840 c1.0651 ent0.0443 VRAM 24MB
Ep  400 | M0_PDR 0.957 | M1_PDR 0.792 | H_m0 1.15 H_m1 2.54 | a-0.0825 c1.0608 ent0.0435 VRAM 24MB
Ep  450 | M0_PDR 0.982 | M1_PDR 0.805 | H_m0 1.04 H_m1 2.55 | a-0.0778 c1.0945 ent0.0426 VRAM 24MB
Ep  500 | M0_PDR 0.985 | M1_PDR 0.791 | H_m0 1.12 H_m1 2.53 | a-0.0787 c1.0959 ent0.0418 VRAM 24MB
Ep  550 | M0_PDR 0.983 | M1_PDR 0.838 | H_m0 1.10 H_m1 2.48 | a-0.0749 c1.0751 ent0.0410 VRAM 24MB
Ep  600 | M0_PDR 0.985 | M1_PDR 0.766 | H_m0 1.11 H_m1 2.57 | a-0.0768 c1.1180 ent0.0402 VRAM 24MB
Ep  650 | M0_PDR 0.993 | M1_PDR 0.879 | H_m0 1.14 H_m1 2.20 | a-0.0664 c1.0656 ent0.0394 VRAM 24MB
Ep  700 | M0_PDR 0.980 | M1_PDR 0.792 | H_m0 1.09 H_m1 2.46 | a-0.0693 c1.0984 ent0.0386 VRAM 24MB
Ep  750 | M0_PDR 0.971 | M1_PDR 0.743 | H_m0 1.25 H_m1 2.64 | a-0.0762 c1.0976 ent0.0377 VRAM 24MB
Ep  800 | M0_PDR 0.997 | M1_PDR 0.854 | H_m0 1.22 H_m1 2.51 | a-0.0701 c1.0852 ent0.0369 VRAM 24MB
Ep  850 | M0_PDR 0.967 | M1_PDR 0.799 | H_m0 1.19 H_m1 2.63 | a-0.0710 c1.0764 ent0.0361 VRAM 24MB
Ep  900 | M0_PDR 0.987 | M1_PDR 0.783 | H_m0 1.22 H_m1 2.47 | a-0.0677 c1.1003 ent0.0353 VRAM 24MB
Ep  950 | M0_PDR 0.986 | M1_PDR 0.836 | H_m0 1.19 H_m1 2.48 | a-0.0640 c1.0772 ent0.0345 VRAM 24MB
Ep 1000 | M0_PDR 0.993 | M1_PDR 0.863 | H_m0 1.11 H_m1 2.25 | a-0.0588 c1.0747 ent0.0337 VRAM 24MB
Ep 1050 | M0_PDR 0.995 | M1_PDR 0.923 | H_m0 1.15 H_m1 2.03 | a-0.0529 c1.0469 ent0.0328 VRAM 24MB
Ep 1100 | M0_PDR 0.992 | M1_PDR 0.901 | H_m0 1.14 H_m1 2.19 | a-0.0550 c1.0547 ent0.0320 VRAM 24MB
Ep 1150 | M0_PDR 0.992 | M1_PDR 0.852 | H_m0 1.22 H_m1 2.35 | a-0.0585 c1.0772 ent0.0312 VRAM 24MB
Ep 1200 | M0_PDR 0.983 | M1_PDR 0.842 | H_m0 1.21 H_m1 2.41 | a-0.0570 c1.0713 ent0.0304 VRAM 24MB
Ep 1250 | M0_PDR 0.995 | M1_PDR 0.928 | H_m0 1.15 H_m1 2.21 | a-0.0508 c1.0474 ent0.0296 VRAM 24MB
Ep 1300 | M0_PDR 0.997 | M1_PDR 0.952 | H_m0 1.24 H_m1 2.02 | a-0.0474 c1.0337 ent0.0288 VRAM 24MB
Ep 1350 | M0_PDR 0.993 | M1_PDR 0.933 | H_m0 1.24 H_m1 2.12 | a-0.0480 c1.0368 ent0.0279 VRAM 24MB
Ep 1400 | M0_PDR 0.995 | M1_PDR 0.900 | H_m0 1.24 H_m1 2.18 | a-0.0482 c1.0561 ent0.0271 VRAM 24MB
Ep 1450 | M0_PDR 0.989 | M1_PDR 0.906 | H_m0 1.13 H_m1 2.12 | a-0.0443 c1.0548 ent0.0263 VRAM 24MB
Ep 1500 | M0_PDR 0.995 | M1_PDR 0.913 | H_m0 1.10 H_m1 2.19 | a-0.0436 c1.0576 ent0.0255 VRAM 24MB
Ep 1550 | M0_PDR 1.000 | M1_PDR 0.940 | H_m0 1.04 H_m1 2.18 | a-0.0406 c1.0495 ent0.0247 VRAM 24MB
Ep 1600 | M0_PDR 0.988 | M1_PDR 0.928 | H_m0 1.11 H_m1 2.06 | a-0.0379 c1.0380 ent0.0239 VRAM 24MB
Ep 1650 | M0_PDR 0.995 | M1_PDR 0.940 | H_m0 1.10 H_m1 1.99 | a-0.0364 c1.0422 ent0.0230 VRAM 24MB
Ep 1700 | M0_PDR 0.997 | M1_PDR 0.954 | H_m0 1.10 H_m1 1.99 | a-0.0353 c1.0390 ent0.0222 VRAM 24MB
Ep 1750 | M0_PDR 0.994 | M1_PDR 0.927 | H_m0 1.10 H_m1 2.13 | a-0.0351 c1.0500 ent0.0214 VRAM 24MB
Ep 1800 | M0_PDR 1.000 | M1_PDR 0.941 | H_m0 1.14 H_m1 2.03 | a-0.0335 c1.0450 ent0.0206 VRAM 24MB
Ep 1850 | M0_PDR 0.997 | M1_PDR 0.957 | H_m0 1.14 H_m1 2.01 | a-0.0318 c1.0369 ent0.0198 VRAM 24MB
Ep 1900 | M0_PDR 0.997 | M1_PDR 0.918 | H_m0 1.12 H_m1 2.09 | a-0.0311 c1.0589 ent0.0190 VRAM 24MB
Ep 1950 | M0_PDR 0.998 | M1_PDR 0.890 | H_m0 1.12 H_m1 2.09 | a-0.0296 c1.0727 ent0.0181 VRAM 24MB
Ep 2000 | M0_PDR 0.997 | M1_PDR 0.947 | H_m0 1.09 H_m1 2.03 | a-0.0277 c1.0373 ent0.0173 VRAM 24MB
Ep 2050 | M0_PDR 0.998 | M1_PDR 0.930 | H_m0 1.08 H_m1 2.00 | a-0.0263 c1.0505 ent0.0165 VRAM 24MB
Ep 2100 | M0_PDR 1.000 | M1_PDR 0.915 | H_m0 1.07 H_m1 2.00 | a-0.0247 c1.0594 ent0.0157 VRAM 24MB
Ep 2150 | M0_PDR 1.000 | M1_PDR 0.955 | H_m0 1.06 H_m1 1.93 | a-0.0230 c1.0420 ent0.0149 VRAM 24MB
Ep 2200 | M0_PDR 0.995 | M1_PDR 0.929 | H_m0 1.02 H_m1 1.91 | a-0.0210 c1.0512 ent0.0141 VRAM 24MB
Ep 2250 | M0_PDR 0.995 | M1_PDR 0.937 | H_m0 1.01 H_m1 1.91 | a-0.0196 c1.0430 ent0.0132 VRAM 24MB
Ep 2300 | M0_PDR 0.996 | M1_PDR 0.952 | H_m0 1.03 H_m1 1.85 | a-0.0181 c1.0340 ent0.0124 VRAM 24MB
Ep 2350 | M0_PDR 0.995 | M1_PDR 0.957 | H_m0 1.05 H_m1 1.86 | a-0.0171 c1.0314 ent0.0116 VRAM 24MB
Ep 2400 | M0_PDR 0.997 | M1_PDR 0.954 | H_m0 1.06 H_m1 1.83 | a-0.0158 c1.0413 ent0.0108 VRAM 24MB
Ep 2450 | M0_PDR 0.997 | M1_PDR 0.955 | H_m0 1.04 H_m1 1.84 | a-0.0145 c1.0364 ent0.0100 VRAM 24MB
Ep 2500 | M0_PDR 0.999 | M1_PDR 0.958 | H_m0 1.05 H_m1 1.83 | a-0.0133 c1.0359 ent0.0092 VRAM 24MB
Error: tcpip::Socket::accept() Unable to create listening socket: Address already in use
Quitting (on error).
Ep 2550 | M0_PDR 0.995 | M1_PDR 0.955 | H_m0 1.05 H_m1 1.83 | a-0.0124 c1.0331 ent0.0083 VRAM 24MB
Ep 2600 | M0_PDR 1.000 | M1_PDR 0.963 | H_m0 1.03 H_m1 1.84 | a-0.0109 c1.0407 ent0.0075 VRAM 24MB
Ep 2650 | M0_PDR 0.998 | M1_PDR 0.957 | H_m0 1.03 H_m1 1.82 | a-0.0097 c1.0380 ent0.0067 VRAM 24MB
Ep 2700 | M0_PDR 1.000 | M1_PDR 0.948 | H_m0 1.03 H_m1 1.82 | a-0.0086 c1.0442 ent0.0059 VRAM 24MB
Ep 2750 | M0_PDR 1.000 | M1_PDR 0.990 | H_m0 1.03 H_m1 1.80 | a-0.0072 c1.0227 ent0.0051 VRAM 24MB
Ep 2800 | M0_PDR 0.998 | M1_PDR 0.983 | H_m0 1.03 H_m1 1.80 | a-0.0061 c1.0238 ent0.0043 VRAM 24MB
Ep 2850 | M0_PDR 1.000 | M1_PDR 0.958 | H_m0 1.03 H_m1 1.81 | a-0.0050 c1.0374 ent0.0034 VRAM 24MB
Ep 2900 | M0_PDR 1.000 | M1_PDR 0.960 | H_m0 1.03 H_m1 1.79 | a-0.0038 c1.0377 ent0.0026 VRAM 24MB
Ep 2950 | M0_PDR 0.995 | M1_PDR 0.984 | H_m0 1.03 H_m1 1.78 | a-0.0026 c1.0214 ent0.0018 VRAM 24MB

Training complete. Running 100 eval episodes...

  Eval ep   0: M0_PDR=0.995  M1_PDR=0.972
  Eval ep  20: M0_PDR=0.998  M1_PDR=0.970
  Eval ep  40: M0_PDR=0.998  M1_PDR=0.987
  Eval ep  60: M0_PDR=0.998  M1_PDR=0.978
  Eval ep  80: M0_PDR=0.998  M1_PDR=0.990

=== Eval Summary (100 episodes) ===
  M0_PDR_mean         : 0.9989
  M0_PDR_p05 (across) : 0.9950
  M0_PDR_p05 (intra)  : 1.0000
  M1_PDR_mean         : 0.9742
  M0_SINR_mean (dB)   : 41.80
  M1_SINR_mean (dB)   : 37.82
  M0_collision_rate   : 0.002
  M0_collision_within_pool : 0.000
  M1_collision_within_pool : 0.039

Result saved -> results/_A_mode0c_seed2_gaefix_g05.json
  N=4  rho=0.8  M0_PDR=0.999  M1_PDR=0.974
Checkpoint saved -> checkpoints/A_mode0c_seed2_gaefix_g05_actors.pt
[NS3Bridge] Shutdown complete.
Run complete.
