[seed] all RNGs seeded with 2
GPU : NVIDIA GeForce RTX 3060
VRAM: 12.9 GB
Device          : cuda:0
Actors          : 4 per-vehicle, total 85,092 params
Critic params   : 79,361
obs_dim=11  action_dim=25  gs_dim=49
M0 count: 2  M1 count: 2
Training for 3000 episodes (Config A_mode0c_seed2_gaefix_g05_ent01, N=4)...

[NS3Bridge] Connected tcp://localhost:7146
Ep    0 | M0_PDR 0.657 | M1_PDR 0.641 | H_m0 3.22 H_m1 3.21 | a-0.0387 c1.0761 ent0.0100 VRAM 24MB
Ep   50 | M0_PDR 0.723 | M1_PDR 0.618 | H_m0 2.65 H_m1 3.15 | a-0.0351 c0.8136 ent0.0098 VRAM 24MB
Ep  100 | M0_PDR 0.961 | M1_PDR 0.767 | H_m0 0.65 H_m1 1.89 | a-0.0136 c1.0877 ent0.0097 VRAM 24MB
Ep  150 | M0_PDR 1.000 | M1_PDR 0.980 | H_m0 0.27 H_m1 0.46 | a-0.0043 c1.0274 ent0.0095 VRAM 24MB
Ep  200 | M0_PDR 1.000 | M1_PDR 0.995 | H_m0 0.56 H_m1 0.84 | a-0.0090 c1.0200 ent0.0094 VRAM 24MB
Ep  250 | M0_PDR 0.995 | M1_PDR 0.988 | H_m0 0.35 H_m1 0.88 | a-0.0072 c1.0220 ent0.0092 VRAM 24MB
Ep  300 | M0_PDR 0.995 | M1_PDR 0.965 | H_m0 0.14 H_m1 1.13 | a-0.0064 c1.0320 ent0.0091 VRAM 24MB
Ep  350 | M0_PDR 0.998 | M1_PDR 0.992 | H_m0 0.36 H_m1 0.72 | a-0.0080 c1.0199 ent0.0089 VRAM 24MB
Ep  400 | M0_PDR 1.000 | M1_PDR 0.973 | H_m0 0.12 H_m1 1.23 | a-0.0080 c1.0329 ent0.0088 VRAM 24MB
Ep  450 | M0_PDR 1.000 | M1_PDR 0.978 | H_m0 0.07 H_m1 1.08 | a-0.0062 c1.0268 ent0.0086 VRAM 24MB
Ep  500 | M0_PDR 0.997 | M1_PDR 0.972 | H_m0 0.14 H_m1 1.14 | a-0.0062 c1.0254 ent0.0085 VRAM 24MB
Ep  550 | M0_PDR 0.997 | M1_PDR 0.997 | H_m0 0.28 H_m1 0.66 | a-0.0043 c1.0142 ent0.0083 VRAM 24MB
Ep  600 | M0_PDR 1.000 | M1_PDR 0.997 | H_m0 0.31 H_m1 0.67 | a-0.0054 c1.0180 ent0.0082 VRAM 24MB
Ep  650 | M0_PDR 0.998 | M1_PDR 0.998 | H_m0 0.15 H_m1 0.65 | a-0.0037 c1.0133 ent0.0080 VRAM 24MB
Ep  700 | M0_PDR 0.998 | M1_PDR 0.993 | H_m0 0.04 H_m1 1.35 | a-0.0073 c1.0163 ent0.0079 VRAM 24MB
Ep  750 | M0_PDR 0.983 | M1_PDR 0.975 | H_m0 0.01 H_m1 1.28 | a-0.0075 c1.0070 ent0.0077 VRAM 24MB
Ep  800 | M0_PDR 1.000 | M1_PDR 1.000 | H_m0 0.01 H_m1 0.92 | a-0.0048 c1.0151 ent0.0076 VRAM 24MB
Ep  850 | M0_PDR 1.000 | M1_PDR 0.998 | H_m0 0.01 H_m1 0.85 | a-0.0031 c1.0172 ent0.0074 VRAM 24MB
Ep  900 | M0_PDR 0.998 | M1_PDR 0.993 | H_m0 0.01 H_m1 1.03 | a-0.0048 c1.0163 ent0.0073 VRAM 24MB
Ep  950 | M0_PDR 1.000 | M1_PDR 1.000 | H_m0 0.01 H_m1 1.28 | a-0.0041 c1.0158 ent0.0071 VRAM 24MB
Ep 1000 | M0_PDR 1.000 | M1_PDR 0.985 | H_m0 0.08 H_m1 1.20 | a-0.0040 c1.0218 ent0.0070 VRAM 24MB
Ep 1050 | M0_PDR 1.000 | M1_PDR 0.985 | H_m0 0.13 H_m1 1.29 | a-0.0060 c1.0223 ent0.0068 VRAM 24MB
Ep 1100 | M0_PDR 1.000 | M1_PDR 0.995 | H_m0 0.19 H_m1 1.26 | a-0.0071 c1.0192 ent0.0067 VRAM 24MB
Ep 1150 | M0_PDR 1.000 | M1_PDR 0.997 | H_m0 0.29 H_m1 0.63 | a-0.0032 c1.0172 ent0.0065 VRAM 24MB
Ep 1200 | M0_PDR 0.993 | M1_PDR 0.977 | H_m0 0.33 H_m1 1.29 | a-0.0078 c1.0196 ent0.0064 VRAM 24MB
Ep 1250 | M0_PDR 1.000 | M1_PDR 0.998 | H_m0 0.06 H_m1 1.48 | a-0.0055 c1.0184 ent0.0062 VRAM 24MB
Ep 1300 | M0_PDR 0.998 | M1_PDR 1.000 | H_m0 0.09 H_m1 1.36 | a-0.0054 c1.0162 ent0.0061 VRAM 24MB
Ep 1350 | M0_PDR 1.000 | M1_PDR 0.990 | H_m0 0.01 H_m1 1.32 | a-0.0039 c1.0208 ent0.0059 VRAM 24MB
Ep 1400 | M0_PDR 1.000 | M1_PDR 1.000 | H_m0 0.01 H_m1 1.03 | a-0.0042 c1.0161 ent0.0058 VRAM 24MB
Ep 1450 | M0_PDR 0.997 | M1_PDR 0.995 | H_m0 0.01 H_m1 0.71 | a-0.0026 c1.0131 ent0.0056 VRAM 24MB
Ep 1500 | M0_PDR 1.000 | M1_PDR 1.000 | H_m0 0.01 H_m1 0.86 | a-0.0033 c1.0146 ent0.0055 VRAM 24MB
Ep 1550 | M0_PDR 1.000 | M1_PDR 1.000 | H_m0 0.01 H_m1 0.92 | a-0.0027 c1.0161 ent0.0053 VRAM 24MB
Ep 1600 | M0_PDR 1.000 | M1_PDR 0.997 | H_m0 0.01 H_m1 0.95 | a-0.0027 c1.0187 ent0.0052 VRAM 24MB
Ep 1650 | M0_PDR 1.000 | M1_PDR 1.000 | H_m0 0.15 H_m1 0.89 | a-0.0030 c1.0159 ent0.0050 VRAM 24MB
Ep 1700 | M0_PDR 1.000 | M1_PDR 1.000 | H_m0 0.07 H_m1 0.99 | a-0.0037 c1.0159 ent0.0049 VRAM 24MB
Ep 1750 | M0_PDR 1.000 | M1_PDR 0.992 | H_m0 0.17 H_m1 1.37 | a-0.0045 c1.0209 ent0.0047 VRAM 24MB
Ep 1800 | M0_PDR 1.000 | M1_PDR 1.000 | H_m0 0.12 H_m1 1.27 | a-0.0044 c1.0162 ent0.0046 VRAM 24MB
Ep 1850 | M0_PDR 1.000 | M1_PDR 0.998 | H_m0 0.07 H_m1 1.21 | a-0.0029 c1.0179 ent0.0044 VRAM 24MB
Ep 1900 | M0_PDR 1.000 | M1_PDR 1.000 | H_m0 0.11 H_m1 1.28 | a-0.0037 c1.0170 ent0.0043 VRAM 24MB
Ep 1950 | M0_PDR 1.000 | M1_PDR 0.990 | H_m0 0.12 H_m1 1.36 | a-0.0033 c1.0217 ent0.0041 VRAM 24MB
Ep 2000 | M0_PDR 0.998 | M1_PDR 0.991 | H_m0 0.20 H_m1 1.30 | a-0.0034 c1.0177 ent0.0040 VRAM 24MB
Ep 2050 | M0_PDR 1.000 | M1_PDR 1.000 | H_m0 0.16 H_m1 1.29 | a-0.0034 c1.0152 ent0.0038 VRAM 24MB
Ep 2100 | M0_PDR 1.000 | M1_PDR 1.000 | H_m0 0.16 H_m1 1.34 | a-0.0030 c1.0153 ent0.0037 VRAM 24MB
Ep 2150 | M0_PDR 1.000 | M1_PDR 1.000 | H_m0 0.11 H_m1 1.33 | a-0.0028 c1.0150 ent0.0035 VRAM 24MB
Ep 2200 | M0_PDR 1.000 | M1_PDR 0.999 | H_m0 0.18 H_m1 1.31 | a-0.0027 c1.0160 ent0.0034 VRAM 24MB
Ep 2250 | M0_PDR 1.000 | M1_PDR 0.997 | H_m0 0.20 H_m1 1.22 | a-0.0025 c1.0174 ent0.0032 VRAM 24MB
Ep 2300 | M0_PDR 1.000 | M1_PDR 0.995 | H_m0 0.19 H_m1 1.26 | a-0.0026 c1.0165 ent0.0031 VRAM 24MB
Ep 2350 | M0_PDR 0.998 | M1_PDR 0.995 | H_m0 0.20 H_m1 1.24 | a-0.0023 c1.0159 ent0.0029 VRAM 24MB
Ep 2400 | M0_PDR 1.000 | M1_PDR 0.998 | H_m0 0.20 H_m1 1.27 | a-0.0025 c1.0160 ent0.0028 VRAM 24MB
Ep 2450 | M0_PDR 0.998 | M1_PDR 0.997 | H_m0 0.20 H_m1 1.32 | a-0.0023 c1.0138 ent0.0026 VRAM 24MB
Ep 2500 | M0_PDR 1.000 | M1_PDR 0.997 | H_m0 0.22 H_m1 1.32 | a-0.0021 c1.0167 ent0.0025 VRAM 24MB
Ep 2550 | M0_PDR 1.000 | M1_PDR 0.993 | H_m0 0.24 H_m1 1.35 | a-0.0022 c1.0172 ent0.0023 VRAM 24MB
Ep 2600 | M0_PDR 1.000 | M1_PDR 0.992 | H_m0 0.23 H_m1 1.34 | a-0.0019 c1.0198 ent0.0022 VRAM 24MB
Ep 2650 | M0_PDR 0.997 | M1_PDR 0.995 | H_m0 0.22 H_m1 1.33 | a-0.0017 c1.0152 ent0.0020 VRAM 24MB
Ep 2700 | M0_PDR 1.000 | M1_PDR 0.992 | H_m0 0.21 H_m1 1.33 | a-0.0015 c1.0181 ent0.0019 VRAM 24MB
Ep 2750 | M0_PDR 1.000 | M1_PDR 1.000 | H_m0 0.21 H_m1 1.34 | a-0.0014 c1.0155 ent0.0017 VRAM 24MB
Ep 2800 | M0_PDR 0.998 | M1_PDR 0.997 | H_m0 0.19 H_m1 1.34 | a-0.0013 c1.0149 ent0.0016 VRAM 24MB
Ep 2850 | M0_PDR 1.000 | M1_PDR 0.993 | H_m0 0.18 H_m1 1.34 | a-0.0011 c1.0179 ent0.0014 VRAM 24MB
Ep 2900 | M0_PDR 1.000 | M1_PDR 1.000 | H_m0 0.19 H_m1 1.33 | a-0.0010 c1.0143 ent0.0013 VRAM 24MB
Ep 2950 | M0_PDR 1.000 | M1_PDR 1.000 | H_m0 0.18 H_m1 1.34 | a-0.0009 c1.0142 ent0.0011 VRAM 24MB

Training complete. Running 100 eval episodes...

  Eval ep   0: M0_PDR=0.998  M1_PDR=0.998
  Eval ep  20: M0_PDR=1.000  M1_PDR=0.998
  Eval ep  40: M0_PDR=1.000  M1_PDR=1.000
  Eval ep  60: M0_PDR=0.998  M1_PDR=0.995
  Eval ep  80: M0_PDR=1.000  M1_PDR=0.998

=== Eval Summary (100 episodes) ===
  M0_PDR_mean         : 0.9997
  M0_PDR_p05 (across) : 0.9975
  M0_PDR_p05 (intra)  : 1.0000
  M1_PDR_mean         : 0.9975
  M0_SINR_mean (dB)   : 46.92
  M1_SINR_mean (dB)   : 42.74
  M0_collision_rate   : 0.000
  M0_collision_within_pool : 0.000
  M1_collision_within_pool : 0.002

Result saved -> results/_A_mode0c_seed2_gaefix_g05_ent01.json
  N=4  rho=0.8  M0_PDR=1.000  M1_PDR=0.998
Checkpoint saved -> checkpoints/A_mode0c_seed2_gaefix_g05_ent01_actors.pt
[NS3Bridge] Shutdown complete.
Run complete.
