[seed] all RNGs seeded with 5
GPU : NVIDIA GeForce RTX 3060
VRAM: 12.9 GB
Device          : cuda:0
Actors          : 10 per-vehicle, total 212,730 params
Critic params   : 96,257
obs_dim=11  action_dim=25  gs_dim=115
M0 count: 5  M1 count: 5
Training for 5000 episodes (Config A_mode0c_N10_seed5, N=10)...

[NS3Bridge] Connected tcp://localhost:5806
Ep    0 | M0_PDR 0.533 | M1_PDR 0.567 | H_m0 3.22 H_m1 3.21 | a-0.1676 c27.0036 ent0.0500 VRAM 35MB
Ep   50 | M0_PDR 0.594 | M1_PDR 0.571 | H_m0 3.10 H_m1 3.19 | a-0.1580 c10.6570 ent0.0495 VRAM 35MB
Ep  100 | M0_PDR 0.590 | M1_PDR 0.563 | H_m0 2.92 H_m1 3.17 | a-0.1516 c8.7819 ent0.0490 VRAM 35MB
Ep  150 | M0_PDR 0.615 | M1_PDR 0.582 | H_m0 2.69 H_m1 3.14 | a-0.1436 c7.9685 ent0.0485 VRAM 35MB
Ep  200 | M0_PDR 0.723 | M1_PDR 0.548 | H_m0 2.22 H_m1 3.18 | a-0.1323 c10.7703 ent0.0480 VRAM 35MB
Ep  250 | M0_PDR 0.869 | M1_PDR 0.508 | H_m0 1.25 H_m1 3.17 | a-0.1071 c5.4406 ent0.0475 VRAM 35MB
Ep  300 | M0_PDR 0.886 | M1_PDR 0.558 | H_m0 1.17 H_m1 3.04 | a-0.1018 c6.7705 ent0.0471 VRAM 35MB
Ep  350 | M0_PDR 0.927 | M1_PDR 0.497 | H_m0 1.04 H_m1 3.15 | a-0.0991 c5.1446 ent0.0466 VRAM 35MB
Ep  400 | M0_PDR 0.932 | M1_PDR 0.542 | H_m0 1.04 H_m1 3.11 | a-0.0975 c11.0564 ent0.0461 VRAM 35MB
Ep  450 | M0_PDR 0.956 | M1_PDR 0.521 | H_m0 0.87 H_m1 3.10 | a-0.0916 c6.9557 ent0.0456 VRAM 35MB
Ep  500 | M0_PDR 0.946 | M1_PDR 0.562 | H_m0 0.94 H_m1 3.12 | a-0.0923 c3.5775 ent0.0451 VRAM 35MB
Ep  550 | M0_PDR 0.953 | M1_PDR 0.557 | H_m0 0.84 H_m1 3.02 | a-0.0876 c6.3009 ent0.0446 VRAM 35MB
Ep  600 | M0_PDR 0.931 | M1_PDR 0.575 | H_m0 1.03 H_m1 3.09 | a-0.0914 c6.7462 ent0.0441 VRAM 35MB
Ep  650 | M0_PDR 0.962 | M1_PDR 0.534 | H_m0 0.88 H_m1 3.08 | a-0.0864 c2.9299 ent0.0436 VRAM 35MB
Ep  700 | M0_PDR 0.955 | M1_PDR 0.565 | H_m0 0.85 H_m1 3.04 | a-0.0856 c1.6487 ent0.0431 VRAM 35MB
Ep  750 | M0_PDR 0.965 | M1_PDR 0.511 | H_m0 0.77 H_m1 3.12 | a-0.0843 c3.3672 ent0.0426 VRAM 35MB
Ep  800 | M0_PDR 0.949 | M1_PDR 0.545 | H_m0 0.75 H_m1 3.09 | a-0.0829 c2.4984 ent0.0422 VRAM 35MB
Ep  850 | M0_PDR 0.952 | M1_PDR 0.558 | H_m0 0.69 H_m1 3.03 | a-0.0795 c1.9076 ent0.0417 VRAM 35MB
Ep  900 | M0_PDR 0.948 | M1_PDR 0.551 | H_m0 0.80 H_m1 3.01 | a-0.0811 c1.5696 ent0.0412 VRAM 35MB
Ep  950 | M0_PDR 0.956 | M1_PDR 0.581 | H_m0 0.68 H_m1 3.04 | a-0.0772 c1.7335 ent0.0407 VRAM 35MB
Ep 1000 | M0_PDR 0.943 | M1_PDR 0.570 | H_m0 0.73 H_m1 3.02 | a-0.0767 c2.4010 ent0.0402 VRAM 35MB
Ep 1050 | M0_PDR 0.955 | M1_PDR 0.532 | H_m0 0.70 H_m1 3.05 | a-0.0765 c5.3709 ent0.0397 VRAM 35MB
Ep 1100 | M0_PDR 0.964 | M1_PDR 0.535 | H_m0 0.58 H_m1 3.00 | a-0.0715 c2.1884 ent0.0392 VRAM 35MB
Ep 1150 | M0_PDR 0.951 | M1_PDR 0.554 | H_m0 0.61 H_m1 3.03 | a-0.0714 c2.7138 ent0.0387 VRAM 35MB
Ep 1200 | M0_PDR 0.956 | M1_PDR 0.575 | H_m0 0.59 H_m1 2.97 | a-0.0690 c1.9028 ent0.0382 VRAM 35MB
Ep 1250 | M0_PDR 0.958 | M1_PDR 0.592 | H_m0 0.54 H_m1 2.94 | a-0.0669 c1.3286 ent0.0377 VRAM 35MB
Ep 1300 | M0_PDR 0.954 | M1_PDR 0.568 | H_m0 0.54 H_m1 3.01 | a-0.0675 c3.5356 ent0.0373 VRAM 35MB
Ep 1350 | M0_PDR 0.963 | M1_PDR 0.572 | H_m0 0.60 H_m1 2.97 | a-0.0673 c1.2746 ent0.0368 VRAM 35MB
Ep 1400 | M0_PDR 0.960 | M1_PDR 0.566 | H_m0 0.50 H_m1 2.94 | a-0.0638 c1.6393 ent0.0363 VRAM 35MB
Ep 1450 | M0_PDR 0.959 | M1_PDR 0.595 | H_m0 0.66 H_m1 2.97 | a-0.0657 c1.6041 ent0.0358 VRAM 35MB
Ep 1500 | M0_PDR 0.956 | M1_PDR 0.578 | H_m0 0.61 H_m1 2.99 | a-0.0647 c1.6632 ent0.0353 VRAM 35MB
Ep 1550 | M0_PDR 0.967 | M1_PDR 0.590 | H_m0 0.61 H_m1 2.98 | a-0.0635 c1.8885 ent0.0348 VRAM 35MB
Ep 1600 | M0_PDR 0.959 | M1_PDR 0.553 | H_m0 0.64 H_m1 2.98 | a-0.0627 c1.5647 ent0.0343 VRAM 35MB
Ep 1650 | M0_PDR 0.961 | M1_PDR 0.588 | H_m0 0.54 H_m1 2.98 | a-0.0608 c4.0967 ent0.0338 VRAM 35MB
Ep 1700 | M0_PDR 0.964 | M1_PDR 0.546 | H_m0 0.48 H_m1 2.91 | a-0.0573 c1.3397 ent0.0333 VRAM 35MB
Ep 1750 | M0_PDR 0.960 | M1_PDR 0.590 | H_m0 0.49 H_m1 2.93 | a-0.0582 c2.3247 ent0.0328 VRAM 35MB
Ep 1800 | M0_PDR 0.968 | M1_PDR 0.519 | H_m0 0.49 H_m1 2.95 | a-0.0560 c2.2732 ent0.0324 VRAM 35MB
Ep 1850 | M0_PDR 0.963 | M1_PDR 0.585 | H_m0 0.44 H_m1 2.96 | a-0.0546 c1.5263 ent0.0319 VRAM 35MB
Ep 1900 | M0_PDR 0.966 | M1_PDR 0.587 | H_m0 0.43 H_m1 2.91 | a-0.0530 c1.2764 ent0.0314 VRAM 35MB
Ep 1950 | M0_PDR 0.964 | M1_PDR 0.576 | H_m0 0.46 H_m1 2.93 | a-0.0533 c1.5954 ent0.0309 VRAM 35MB
Ep 2000 | M0_PDR 0.967 | M1_PDR 0.577 | H_m0 0.44 H_m1 2.97 | a-0.0523 c1.3114 ent0.0304 VRAM 35MB
Ep 2050 | M0_PDR 0.954 | M1_PDR 0.557 | H_m0 0.41 H_m1 2.91 | a-0.0505 c1.8020 ent0.0299 VRAM 35MB
Ep 2100 | M0_PDR 0.957 | M1_PDR 0.595 | H_m0 0.40 H_m1 2.88 | a-0.0488 c1.2357 ent0.0294 VRAM 35MB
Ep 2150 | M0_PDR 0.969 | M1_PDR 0.617 | H_m0 0.32 H_m1 2.82 | a-0.0462 c1.3872 ent0.0289 VRAM 35MB
Ep 2200 | M0_PDR 0.970 | M1_PDR 0.597 | H_m0 0.34 H_m1 2.76 | a-0.0455 c1.5410 ent0.0284 VRAM 35MB
Ep 2250 | M0_PDR 0.953 | M1_PDR 0.606 | H_m0 0.42 H_m1 2.78 | a-0.0451 c1.4310 ent0.0279 VRAM 35MB
Ep 2300 | M0_PDR 0.941 | M1_PDR 0.645 | H_m0 0.39 H_m1 2.71 | a-0.0429 c1.6552 ent0.0275 VRAM 35MB
Ep 2350 | M0_PDR 0.954 | M1_PDR 0.634 | H_m0 0.39 H_m1 2.80 | a-0.0436 c1.2350 ent0.0270 VRAM 35MB
Ep 2400 | M0_PDR 0.958 | M1_PDR 0.586 | H_m0 0.42 H_m1 2.78 | a-0.0433 c1.2299 ent0.0265 VRAM 35MB
Ep 2450 | M0_PDR 0.970 | M1_PDR 0.608 | H_m0 0.37 H_m1 2.72 | a-0.0408 c1.6858 ent0.0260 VRAM 35MB
Ep 2500 | M0_PDR 0.966 | M1_PDR 0.586 | H_m0 0.52 H_m1 2.86 | a-0.0438 c1.2271 ent0.0255 VRAM 35MB
Ep 2550 | M0_PDR 0.956 | M1_PDR 0.640 | H_m0 0.37 H_m1 2.82 | a-0.0405 c1.7502 ent0.0250 VRAM 35MB
Ep 2600 | M0_PDR 0.962 | M1_PDR 0.619 | H_m0 0.39 H_m1 2.68 | a-0.0387 c1.3018 ent0.0245 VRAM 35MB
Ep 2650 | M0_PDR 0.959 | M1_PDR 0.625 | H_m0 0.33 H_m1 2.67 | a-0.0368 c1.4182 ent0.0240 VRAM 35MB
Ep 2700 | M0_PDR 0.957 | M1_PDR 0.645 | H_m0 0.34 H_m1 2.62 | a-0.0357 c1.2705 ent0.0235 VRAM 35MB
Ep 2750 | M0_PDR 0.964 | M1_PDR 0.637 | H_m0 0.29 H_m1 2.47 | a-0.0326 c1.2139 ent0.0230 VRAM 35MB
Ep 2800 | M0_PDR 0.964 | M1_PDR 0.709 | H_m0 0.30 H_m1 2.43 | a-0.0314 c1.3369 ent0.0226 VRAM 35MB
Ep 2850 | M0_PDR 0.947 | M1_PDR 0.669 | H_m0 0.28 H_m1 2.43 | a-0.0302 c1.3329 ent0.0221 VRAM 35MB
Ep 2900 | M0_PDR 0.953 | M1_PDR 0.658 | H_m0 0.29 H_m1 2.36 | a-0.0289 c1.1870 ent0.0216 VRAM 35MB
Ep 2950 | M0_PDR 0.951 | M1_PDR 0.700 | H_m0 0.27 H_m1 2.34 | a-0.0279 c1.3893 ent0.0211 VRAM 35MB
Ep 3000 | M0_PDR 0.950 | M1_PDR 0.701 | H_m0 0.26 H_m1 2.17 | a-0.0255 c1.2909 ent0.0206 VRAM 35MB
Ep 3050 | M0_PDR 0.948 | M1_PDR 0.714 | H_m0 0.28 H_m1 2.08 | a-0.0245 c1.2666 ent0.0201 VRAM 35MB
Ep 3100 | M0_PDR 0.952 | M1_PDR 0.761 | H_m0 0.28 H_m1 1.83 | a-0.0212 c1.2329 ent0.0196 VRAM 35MB
Ep 3150 | M0_PDR 0.956 | M1_PDR 0.781 | H_m0 0.20 H_m1 1.69 | a-0.0184 c1.5611 ent0.0191 VRAM 35MB
Ep 3200 | M0_PDR 0.937 | M1_PDR 0.829 | H_m0 0.19 H_m1 1.52 | a-0.0163 c1.4217 ent0.0186 VRAM 35MB
Ep 3250 | M0_PDR 0.946 | M1_PDR 0.814 | H_m0 0.20 H_m1 1.41 | a-0.0154 c1.2862 ent0.0181 VRAM 35MB
Ep 3300 | M0_PDR 0.952 | M1_PDR 0.829 | H_m0 0.19 H_m1 1.31 | a-0.0134 c1.0792 ent0.0177 VRAM 35MB
Ep 3350 | M0_PDR 0.956 | M1_PDR 0.851 | H_m0 0.16 H_m1 1.18 | a-0.0120 c1.1574 ent0.0172 VRAM 35MB
Ep 3400 | M0_PDR 0.953 | M1_PDR 0.862 | H_m0 0.10 H_m1 1.12 | a-0.0106 c1.1008 ent0.0167 VRAM 35MB
Ep 3450 | M0_PDR 0.951 | M1_PDR 0.878 | H_m0 0.12 H_m1 0.94 | a-0.0089 c1.2289 ent0.0162 VRAM 35MB
Ep 3500 | M0_PDR 0.953 | M1_PDR 0.864 | H_m0 0.14 H_m1 0.99 | a-0.0091 c1.2001 ent0.0157 VRAM 35MB
Ep 3550 | M0_PDR 0.951 | M1_PDR 0.887 | H_m0 0.15 H_m1 0.91 | a-0.0085 c1.2118 ent0.0152 VRAM 35MB
Ep 3600 | M0_PDR 0.946 | M1_PDR 0.909 | H_m0 0.15 H_m1 0.84 | a-0.0076 c1.2873 ent0.0147 VRAM 35MB
Ep 3650 | M0_PDR 0.944 | M1_PDR 0.909 | H_m0 0.14 H_m1 0.74 | a-0.0065 c1.1370 ent0.0142 VRAM 35MB
Ep 3700 | M0_PDR 0.948 | M1_PDR 0.909 | H_m0 0.13 H_m1 0.75 | a-0.0061 c1.1262 ent0.0137 VRAM 35MB
Ep 3750 | M0_PDR 0.951 | M1_PDR 0.907 | H_m0 0.11 H_m1 0.69 | a-0.0055 c1.2336 ent0.0132 VRAM 35MB
Ep 3800 | M0_PDR 0.947 | M1_PDR 0.924 | H_m0 0.10 H_m1 0.55 | a-0.0043 c1.1935 ent0.0128 VRAM 35MB
Ep 3850 | M0_PDR 0.945 | M1_PDR 0.933 | H_m0 0.11 H_m1 0.54 | a-0.0040 c1.1796 ent0.0123 VRAM 35MB
Ep 3900 | M0_PDR 0.947 | M1_PDR 0.936 | H_m0 0.09 H_m1 0.48 | a-0.0035 c1.0812 ent0.0118 VRAM 35MB
Ep 3950 | M0_PDR 0.943 | M1_PDR 0.948 | H_m0 0.09 H_m1 0.44 | a-0.0030 c1.0511 ent0.0113 VRAM 35MB
Ep 4000 | M0_PDR 0.946 | M1_PDR 0.938 | H_m0 0.11 H_m1 0.41 | a-0.0029 c1.1219 ent0.0108 VRAM 35MB
Ep 4050 | M0_PDR 0.943 | M1_PDR 0.942 | H_m0 0.11 H_m1 0.41 | a-0.0027 c1.0879 ent0.0103 VRAM 35MB
Ep 4100 | M0_PDR 0.940 | M1_PDR 0.937 | H_m0 0.10 H_m1 0.40 | a-0.0025 c1.1110 ent0.0098 VRAM 35MB
Ep 4150 | M0_PDR 0.955 | M1_PDR 0.952 | H_m0 0.11 H_m1 0.35 | a-0.0022 c1.0292 ent0.0093 VRAM 35MB
Ep 4200 | M0_PDR 0.944 | M1_PDR 0.957 | H_m0 0.10 H_m1 0.34 | a-0.0020 c1.1272 ent0.0088 VRAM 35MB
Ep 4250 | M0_PDR 0.939 | M1_PDR 0.952 | H_m0 0.09 H_m1 0.31 | a-0.0017 c1.1554 ent0.0083 VRAM 35MB
Ep 4300 | M0_PDR 0.934 | M1_PDR 0.942 | H_m0 0.08 H_m1 0.31 | a-0.0016 c1.1919 ent0.0079 VRAM 35MB
Ep 4350 | M0_PDR 0.957 | M1_PDR 0.956 | H_m0 0.07 H_m1 0.27 | a-0.0013 c1.1910 ent0.0074 VRAM 35MB
Ep 4400 | M0_PDR 0.932 | M1_PDR 0.957 | H_m0 0.06 H_m1 0.25 | a-0.0011 c1.1486 ent0.0069 VRAM 35MB
Ep 4450 | M0_PDR 0.933 | M1_PDR 0.948 | H_m0 0.06 H_m1 0.25 | a-0.0010 c1.2461 ent0.0064 VRAM 35MB
Ep 4500 | M0_PDR 0.939 | M1_PDR 0.961 | H_m0 0.06 H_m1 0.22 | a-0.0009 c1.1481 ent0.0059 VRAM 35MB
Ep 4550 | M0_PDR 0.948 | M1_PDR 0.956 | H_m0 0.06 H_m1 0.21 | a-0.0007 c1.1615 ent0.0054 VRAM 35MB
Ep 4600 | M0_PDR 0.935 | M1_PDR 0.965 | H_m0 0.06 H_m1 0.21 | a-0.0007 c1.2161 ent0.0049 VRAM 35MB
Ep 4650 | M0_PDR 0.943 | M1_PDR 0.964 | H_m0 0.06 H_m1 0.20 | a-0.0006 c1.1172 ent0.0044 VRAM 35MB
Ep 4700 | M0_PDR 0.941 | M1_PDR 0.958 | H_m0 0.06 H_m1 0.19 | a-0.0005 c1.2340 ent0.0039 VRAM 35MB
Ep 4750 | M0_PDR 0.951 | M1_PDR 0.952 | H_m0 0.06 H_m1 0.19 | a-0.0005 c1.0267 ent0.0034 VRAM 35MB
Ep 4800 | M0_PDR 0.952 | M1_PDR 0.964 | H_m0 0.06 H_m1 0.18 | a-0.0004 c1.1027 ent0.0030 VRAM 35MB
Ep 4850 | M0_PDR 0.953 | M1_PDR 0.964 | H_m0 0.06 H_m1 0.18 | a-0.0003 c1.0360 ent0.0025 VRAM 35MB
Ep 4900 | M0_PDR 0.942 | M1_PDR 0.966 | H_m0 0.06 H_m1 0.16 | a-0.0002 c1.1568 ent0.0020 VRAM 35MB
Ep 4950 | M0_PDR 0.949 | M1_PDR 0.967 | H_m0 0.06 H_m1 0.16 | a-0.0002 c1.0709 ent0.0015 VRAM 35MB

Training complete. Running 100 eval episodes...

  Eval ep   0: M0_PDR=0.958  M1_PDR=0.953
  Eval ep  20: M0_PDR=0.937  M1_PDR=0.960
  Eval ep  40: M0_PDR=0.934  M1_PDR=0.963
  Eval ep  60: M0_PDR=0.929  M1_PDR=0.958
  Eval ep  80: M0_PDR=0.961  M1_PDR=0.957

=== Eval Summary (100 episodes) ===
  M0_PDR_mean         : 0.9445
  M0_PDR_p05 (across) : 0.9332
  M0_PDR_p05 (intra)  : 0.7935
  M1_PDR_mean         : 0.9594
  M0_SINR_mean (dB)   : 18.02
  M1_SINR_mean (dB)   : 19.45
  M0_collision_rate   : 0.984
  M0_collision_within_pool : 0.000
  M1_collision_within_pool : 0.031

Result saved -> results/_A_mode0c_N10_seed5.json
  N=10  rho=2.0  M0_PDR=0.945  M1_PDR=0.959
Checkpoint saved -> checkpoints/A_mode0c_N10_seed5_actors.pt
[NS3Bridge] Shutdown complete.
Run complete.
