[seed] all RNGs seeded with 4
GPU : NVIDIA GeForce RTX 3060
VRAM: 12.9 GB
Device          : cuda:0
Actors          : 10 per-vehicle, total 212,730 params
Critic params   : 96,257
obs_dim=11  action_dim=25  gs_dim=115
M0 count: 5  M1 count: 5
Training for 5000 episodes (Config A_mode0c_N10_seed4_gaefix_g05_ent01, N=10)...

[NS3Bridge] Connected tcp://localhost:7436
Ep    0 | M0_PDR 0.536 | M1_PDR 0.586 | H_m0 3.21 H_m1 3.22 | a-0.0398 c0.6617 ent0.0100 VRAM 35MB
Ep   50 | M0_PDR 0.875 | M1_PDR 0.550 | H_m0 0.54 H_m1 3.03 | a-0.0225 c1.0354 ent0.0099 VRAM 35MB
Ep  100 | M0_PDR 0.950 | M1_PDR 0.708 | H_m0 0.02 H_m1 1.76 | a-0.0109 c1.0948 ent0.0098 VRAM 35MB
Ep  150 | M0_PDR 0.963 | M1_PDR 0.832 | H_m0 0.01 H_m1 1.02 | a-0.0064 c1.0471 ent0.0097 VRAM 35MB
Ep  200 | M0_PDR 0.941 | M1_PDR 0.907 | H_m0 0.01 H_m1 0.50 | a-0.0028 c0.9815 ent0.0096 VRAM 35MB
Ep  250 | M0_PDR 0.942 | M1_PDR 0.894 | H_m0 0.00 H_m1 0.67 | a-0.0042 c0.9851 ent0.0095 VRAM 35MB
Ep  300 | M0_PDR 0.943 | M1_PDR 0.944 | H_m0 0.00 H_m1 0.33 | a-0.0014 c0.9557 ent0.0095 VRAM 35MB
Ep  350 | M0_PDR 0.957 | M1_PDR 0.897 | H_m0 0.00 H_m1 0.49 | a-0.0028 c0.9929 ent0.0094 VRAM 35MB
Ep  400 | M0_PDR 0.949 | M1_PDR 0.969 | H_m0 0.00 H_m1 0.20 | a-0.0012 c0.9600 ent0.0093 VRAM 35MB
Ep  450 | M0_PDR 0.961 | M1_PDR 0.970 | H_m0 0.00 H_m1 0.10 | a-0.0006 c0.9679 ent0.0092 VRAM 35MB
Ep  500 | M0_PDR 0.957 | M1_PDR 0.960 | H_m0 0.00 H_m1 0.17 | a-0.0011 c0.9645 ent0.0091 VRAM 35MB
Ep  550 | M0_PDR 0.959 | M1_PDR 0.958 | H_m0 0.00 H_m1 0.05 | a-0.0004 c0.9601 ent0.0090 VRAM 35MB
Ep  600 | M0_PDR 0.967 | M1_PDR 0.965 | H_m0 0.00 H_m1 0.07 | a-0.0004 c0.9693 ent0.0089 VRAM 35MB
Ep  650 | M0_PDR 0.968 | M1_PDR 0.973 | H_m0 0.00 H_m1 0.05 | a-0.0003 c0.9769 ent0.0088 VRAM 35MB
Ep  700 | M0_PDR 0.955 | M1_PDR 0.967 | H_m0 0.00 H_m1 0.02 | a-0.0001 c0.9563 ent0.0087 VRAM 35MB
Ep  750 | M0_PDR 0.959 | M1_PDR 0.966 | H_m0 0.00 H_m1 0.01 | a-0.0000 c0.9625 ent0.0086 VRAM 35MB
Ep  800 | M0_PDR 0.948 | M1_PDR 0.967 | H_m0 0.00 H_m1 0.04 | a-0.0001 c0.9459 ent0.0086 VRAM 35MB
Ep  850 | M0_PDR 0.958 | M1_PDR 0.971 | H_m0 0.00 H_m1 0.07 | a-0.0005 c0.9562 ent0.0085 VRAM 35MB
Ep  900 | M0_PDR 0.949 | M1_PDR 0.971 | H_m0 0.00 H_m1 0.02 | a0.0000 c0.9514 ent0.0084 VRAM 35MB
Ep  950 | M0_PDR 0.950 | M1_PDR 0.974 | H_m0 0.00 H_m1 0.01 | a-0.0001 c0.9437 ent0.0083 VRAM 35MB
Ep 1000 | M0_PDR 0.957 | M1_PDR 0.976 | H_m0 0.00 H_m1 0.00 | a-0.0000 c0.9594 ent0.0082 VRAM 35MB
Ep 1050 | M0_PDR 0.948 | M1_PDR 0.971 | H_m0 0.00 H_m1 0.01 | a-0.0000 c0.9389 ent0.0081 VRAM 35MB
Ep 1100 | M0_PDR 0.957 | M1_PDR 0.970 | H_m0 0.00 H_m1 0.01 | a-0.0001 c0.9622 ent0.0080 VRAM 35MB
Ep 1150 | M0_PDR 0.963 | M1_PDR 0.972 | H_m0 0.00 H_m1 0.00 | a-0.0000 c0.9662 ent0.0079 VRAM 35MB
Ep 1200 | M0_PDR 0.959 | M1_PDR 0.948 | H_m0 0.00 H_m1 0.15 | a-0.0010 c0.9772 ent0.0078 VRAM 35MB
Ep 1250 | M0_PDR 0.944 | M1_PDR 0.961 | H_m0 0.00 H_m1 0.05 | a-0.0005 c0.9359 ent0.0077 VRAM 35MB
Ep 1300 | M0_PDR 0.956 | M1_PDR 0.966 | H_m0 0.00 H_m1 0.03 | a-0.0005 c0.9576 ent0.0077 VRAM 35MB
Ep 1350 | M0_PDR 0.957 | M1_PDR 0.966 | H_m0 0.00 H_m1 0.08 | a-0.0002 c0.9569 ent0.0076 VRAM 35MB
Ep 1400 | M0_PDR 0.949 | M1_PDR 0.963 | H_m0 0.00 H_m1 0.14 | a-0.0007 c0.9476 ent0.0075 VRAM 35MB
Ep 1450 | M0_PDR 0.962 | M1_PDR 0.970 | H_m0 0.00 H_m1 0.04 | a-0.0002 c0.9704 ent0.0074 VRAM 35MB
Ep 1500 | M0_PDR 0.964 | M1_PDR 0.977 | H_m0 0.00 H_m1 0.01 | a-0.0001 c0.9645 ent0.0073 VRAM 35MB
Ep 1550 | M0_PDR 0.951 | M1_PDR 0.968 | H_m0 0.00 H_m1 0.01 | a-0.0000 c0.9444 ent0.0072 VRAM 35MB
Ep 1600 | M0_PDR 0.957 | M1_PDR 0.972 | H_m0 0.00 H_m1 0.03 | a-0.0001 c0.9573 ent0.0071 VRAM 35MB
Ep 1650 | M0_PDR 0.961 | M1_PDR 0.958 | H_m0 0.00 H_m1 0.15 | a-0.0006 c0.9720 ent0.0070 VRAM 35MB
Ep 1700 | M0_PDR 0.951 | M1_PDR 0.970 | H_m0 0.00 H_m1 0.11 | a-0.0009 c0.9572 ent0.0069 VRAM 35MB
Error: tcpip::Socket::accept() Unable to create listening socket: Address already in use
Quitting (on error).
Ep 1750 | M0_PDR 0.956 | M1_PDR 0.954 | H_m0 0.00 H_m1 0.10 | a-0.0006 c0.9637 ent0.0068 VRAM 35MB
Ep 1800 | M0_PDR 0.962 | M1_PDR 0.968 | H_m0 0.00 H_m1 0.02 | a-0.0001 c0.9576 ent0.0068 VRAM 35MB
Ep 1850 | M0_PDR 0.956 | M1_PDR 0.968 | H_m0 0.00 H_m1 0.02 | a-0.0002 c0.9601 ent0.0067 VRAM 35MB
Ep 1900 | M0_PDR 0.960 | M1_PDR 0.971 | H_m0 0.00 H_m1 0.05 | a-0.0003 c0.9580 ent0.0066 VRAM 35MB
Ep 1950 | M0_PDR 0.946 | M1_PDR 0.970 | H_m0 0.00 H_m1 0.05 | a-0.0004 c0.9500 ent0.0065 VRAM 35MB
Ep 2000 | M0_PDR 0.954 | M1_PDR 0.961 | H_m0 0.00 H_m1 0.02 | a-0.0000 c0.9502 ent0.0064 VRAM 35MB
Ep 2050 | M0_PDR 0.955 | M1_PDR 0.967 | H_m0 0.00 H_m1 0.01 | a-0.0002 c0.9532 ent0.0063 VRAM 35MB
Ep 2100 | M0_PDR 0.953 | M1_PDR 0.968 | H_m0 0.00 H_m1 0.01 | a-0.0001 c0.9434 ent0.0062 VRAM 35MB
Ep 2150 | M0_PDR 0.958 | M1_PDR 0.970 | H_m0 0.00 H_m1 0.03 | a-0.0001 c0.9534 ent0.0061 VRAM 35MB
Ep 2200 | M0_PDR 0.957 | M1_PDR 0.968 | H_m0 0.00 H_m1 0.01 | a-0.0000 c0.9527 ent0.0060 VRAM 35MB
Ep 2250 | M0_PDR 0.951 | M1_PDR 0.963 | H_m0 0.00 H_m1 0.04 | a-0.0003 c0.9609 ent0.0059 VRAM 35MB
Ep 2300 | M0_PDR 0.952 | M1_PDR 0.969 | H_m0 0.00 H_m1 0.05 | a-0.0002 c0.9521 ent0.0059 VRAM 35MB
Ep 2350 | M0_PDR 0.963 | M1_PDR 0.967 | H_m0 0.00 H_m1 0.04 | a-0.0001 c0.9616 ent0.0058 VRAM 35MB
Ep 2400 | M0_PDR 0.957 | M1_PDR 0.975 | H_m0 0.00 H_m1 0.02 | a-0.0002 c0.9500 ent0.0057 VRAM 35MB
Ep 2450 | M0_PDR 0.943 | M1_PDR 0.973 | H_m0 0.00 H_m1 0.03 | a-0.0001 c0.9387 ent0.0056 VRAM 35MB
Ep 2500 | M0_PDR 0.949 | M1_PDR 0.967 | H_m0 0.00 H_m1 0.05 | a-0.0002 c0.9412 ent0.0055 VRAM 35MB
Ep 2550 | M0_PDR 0.957 | M1_PDR 0.974 | H_m0 0.00 H_m1 0.04 | a-0.0003 c0.9470 ent0.0054 VRAM 35MB
Ep 2600 | M0_PDR 0.956 | M1_PDR 0.972 | H_m0 0.00 H_m1 0.02 | a-0.0001 c0.9509 ent0.0053 VRAM 35MB
Ep 2650 | M0_PDR 0.952 | M1_PDR 0.966 | H_m0 0.00 H_m1 0.03 | a-0.0001 c0.9474 ent0.0052 VRAM 35MB
Ep 2700 | M0_PDR 0.966 | M1_PDR 0.970 | H_m0 0.00 H_m1 0.03 | a-0.0004 c0.9799 ent0.0051 VRAM 35MB
Ep 2750 | M0_PDR 0.965 | M1_PDR 0.962 | H_m0 0.00 H_m1 0.01 | a-0.0000 c0.9758 ent0.0050 VRAM 35MB
Ep 2800 | M0_PDR 0.956 | M1_PDR 0.966 | H_m0 0.00 H_m1 0.03 | a-0.0002 c0.9498 ent0.0050 VRAM 35MB
Ep 2850 | M0_PDR 0.960 | M1_PDR 0.974 | H_m0 0.00 H_m1 0.00 | a-0.0000 c0.9565 ent0.0049 VRAM 35MB
Ep 2900 | M0_PDR 0.954 | M1_PDR 0.976 | H_m0 0.00 H_m1 0.00 | a-0.0000 c0.9474 ent0.0048 VRAM 35MB
Ep 2950 | M0_PDR 0.957 | M1_PDR 0.972 | H_m0 0.00 H_m1 0.00 | a-0.0001 c0.9586 ent0.0047 VRAM 35MB
Ep 3000 | M0_PDR 0.955 | M1_PDR 0.969 | H_m0 0.00 H_m1 0.00 | a-0.0000 c0.9530 ent0.0046 VRAM 35MB
Ep 3050 | M0_PDR 0.952 | M1_PDR 0.964 | H_m0 0.00 H_m1 0.00 | a-0.0000 c0.9532 ent0.0045 VRAM 35MB
Ep 3100 | M0_PDR 0.964 | M1_PDR 0.959 | H_m0 0.00 H_m1 0.00 | a-0.0000 c0.9681 ent0.0044 VRAM 35MB
Ep 3150 | M0_PDR 0.951 | M1_PDR 0.968 | H_m0 0.00 H_m1 0.01 | a-0.0000 c0.9472 ent0.0043 VRAM 35MB
Ep 3200 | M0_PDR 0.958 | M1_PDR 0.969 | H_m0 0.00 H_m1 0.01 | a-0.0000 c0.9613 ent0.0042 VRAM 35MB
Ep 3250 | M0_PDR 0.957 | M1_PDR 0.974 | H_m0 0.00 H_m1 0.02 | a-0.0001 c0.9576 ent0.0041 VRAM 35MB
Ep 3300 | M0_PDR 0.962 | M1_PDR 0.976 | H_m0 0.00 H_m1 0.01 | a-0.0000 c0.9545 ent0.0041 VRAM 35MB
Ep 3350 | M0_PDR 0.953 | M1_PDR 0.972 | H_m0 0.00 H_m1 0.01 | a-0.0000 c0.9413 ent0.0040 VRAM 35MB
Ep 3400 | M0_PDR 0.954 | M1_PDR 0.967 | H_m0 0.00 H_m1 0.00 | a-0.0000 c0.9545 ent0.0039 VRAM 35MB
Ep 3450 | M0_PDR 0.961 | M1_PDR 0.956 | H_m0 0.00 H_m1 0.00 | a-0.0000 c0.9682 ent0.0038 VRAM 35MB
Ep 3500 | M0_PDR 0.957 | M1_PDR 0.975 | H_m0 0.00 H_m1 0.00 | a-0.0000 c0.9534 ent0.0037 VRAM 35MB
Ep 3550 | M0_PDR 0.944 | M1_PDR 0.967 | H_m0 0.00 H_m1 0.00 | a-0.0000 c0.9486 ent0.0036 VRAM 35MB
Ep 3600 | M0_PDR 0.945 | M1_PDR 0.962 | H_m0 0.00 H_m1 0.01 | a-0.0000 c0.9409 ent0.0035 VRAM 35MB
Ep 3650 | M0_PDR 0.943 | M1_PDR 0.967 | H_m0 0.00 H_m1 0.00 | a-0.0000 c0.9418 ent0.0034 VRAM 35MB
Ep 3700 | M0_PDR 0.956 | M1_PDR 0.975 | H_m0 0.00 H_m1 0.00 | a-0.0000 c0.9423 ent0.0033 VRAM 35MB
Ep 3750 | M0_PDR 0.962 | M1_PDR 0.972 | H_m0 0.00 H_m1 0.00 | a-0.0000 c0.9635 ent0.0032 VRAM 35MB
Ep 3800 | M0_PDR 0.956 | M1_PDR 0.966 | H_m0 0.00 H_m1 0.00 | a-0.0000 c0.9507 ent0.0032 VRAM 35MB
Ep 3850 | M0_PDR 0.951 | M1_PDR 0.975 | H_m0 0.00 H_m1 0.00 | a-0.0000 c0.9423 ent0.0031 VRAM 35MB
Ep 3900 | M0_PDR 0.953 | M1_PDR 0.970 | H_m0 0.00 H_m1 0.00 | a-0.0000 c0.9501 ent0.0030 VRAM 35MB
Ep 3950 | M0_PDR 0.949 | M1_PDR 0.967 | H_m0 0.00 H_m1 0.00 | a-0.0000 c0.9433 ent0.0029 VRAM 35MB
Ep 4000 | M0_PDR 0.955 | M1_PDR 0.972 | H_m0 0.00 H_m1 0.00 | a-0.0000 c0.9539 ent0.0028 VRAM 35MB
Error: tcpip::Socket::accept() Unable to create listening socket: Address already in use
Quitting (on error).
Ep 4050 | M0_PDR 0.953 | M1_PDR 0.969 | H_m0 0.00 H_m1 0.00 | a-0.0000 c0.9450 ent0.0027 VRAM 35MB
Ep 4100 | M0_PDR 0.956 | M1_PDR 0.974 | H_m0 0.00 H_m1 0.00 | a-0.0001 c0.9383 ent0.0026 VRAM 35MB
Ep 4150 | M0_PDR 0.953 | M1_PDR 0.975 | H_m0 0.00 H_m1 0.00 | a-0.0000 c0.9490 ent0.0025 VRAM 35MB
Ep 4200 | M0_PDR 0.957 | M1_PDR 0.975 | H_m0 0.00 H_m1 0.00 | a-0.0000 c0.9556 ent0.0024 VRAM 35MB
Ep 4250 | M0_PDR 0.953 | M1_PDR 0.967 | H_m0 0.00 H_m1 0.00 | a-0.0000 c0.9535 ent0.0023 VRAM 35MB
Ep 4300 | M0_PDR 0.957 | M1_PDR 0.971 | H_m0 0.00 H_m1 0.00 | a-0.0000 c0.9494 ent0.0023 VRAM 35MB
Ep 4350 | M0_PDR 0.959 | M1_PDR 0.969 | H_m0 0.00 H_m1 0.00 | a-0.0000 c0.9510 ent0.0022 VRAM 35MB
Ep 4400 | M0_PDR 0.959 | M1_PDR 0.965 | H_m0 0.00 H_m1 0.00 | a-0.0000 c0.9573 ent0.0021 VRAM 35MB
Ep 4450 | M0_PDR 0.953 | M1_PDR 0.974 | H_m0 0.00 H_m1 0.00 | a-0.0000 c0.9476 ent0.0020 VRAM 35MB
Ep 4500 | M0_PDR 0.961 | M1_PDR 0.980 | H_m0 0.00 H_m1 0.00 | a-0.0000 c0.9587 ent0.0019 VRAM 35MB
Ep 4550 | M0_PDR 0.952 | M1_PDR 0.964 | H_m0 0.00 H_m1 0.00 | a-0.0000 c0.9542 ent0.0018 VRAM 35MB
Ep 4600 | M0_PDR 0.957 | M1_PDR 0.973 | H_m0 0.00 H_m1 0.00 | a-0.0000 c0.9579 ent0.0017 VRAM 35MB
Ep 4650 | M0_PDR 0.953 | M1_PDR 0.967 | H_m0 0.00 H_m1 0.00 | a-0.0000 c0.9418 ent0.0016 VRAM 35MB
Ep 4700 | M0_PDR 0.954 | M1_PDR 0.967 | H_m0 0.00 H_m1 0.00 | a-0.0000 c0.9534 ent0.0015 VRAM 35MB
Ep 4750 | M0_PDR 0.945 | M1_PDR 0.973 | H_m0 0.00 H_m1 0.00 | a-0.0000 c0.9340 ent0.0014 VRAM 35MB
Ep 4800 | M0_PDR 0.957 | M1_PDR 0.971 | H_m0 0.00 H_m1 0.00 | a-0.0000 c0.9472 ent0.0014 VRAM 35MB
Ep 4850 | M0_PDR 0.958 | M1_PDR 0.973 | H_m0 0.00 H_m1 0.00 | a-0.0000 c0.9499 ent0.0013 VRAM 35MB
Ep 4900 | M0_PDR 0.944 | M1_PDR 0.970 | H_m0 0.00 H_m1 0.00 | a-0.0000 c0.9385 ent0.0012 VRAM 35MB
Ep 4950 | M0_PDR 0.957 | M1_PDR 0.967 | H_m0 0.00 H_m1 0.00 | a-0.0000 c0.9576 ent0.0011 VRAM 35MB

Training complete. Running 100 eval episodes...

  Eval ep   0: M0_PDR=0.946  M1_PDR=0.969
  Eval ep  20: M0_PDR=0.950  M1_PDR=0.970
  Eval ep  40: M0_PDR=0.963  M1_PDR=0.964
  Eval ep  60: M0_PDR=0.962  M1_PDR=0.974
  Eval ep  80: M0_PDR=0.961  M1_PDR=0.961

=== Eval Summary (100 episodes) ===
  M0_PDR_mean         : 0.9562
  M0_PDR_p05 (across) : 0.9458
  M0_PDR_p05 (intra)  : 0.7994
  M1_PDR_mean         : 0.9711
  M0_SINR_mean (dB)   : 17.55
  M1_SINR_mean (dB)   : 19.94
  M0_collision_rate   : 1.000
  M0_collision_within_pool : 0.000
  M1_collision_within_pool : 0.000

Result saved -> results/_A_mode0c_N10_seed4_gaefix_g05_ent01.json
  N=10  rho=2.0  M0_PDR=0.956  M1_PDR=0.971
Checkpoint saved -> checkpoints/A_mode0c_N10_seed4_gaefix_g05_ent01_actors.pt
[NS3Bridge] Shutdown complete.
Run complete.
