[seed] all RNGs seeded with 2
GPU : NVIDIA GeForce RTX 3060
VRAM: 12.9 GB
Device          : cuda:0
Actors          : 4 per-vehicle, total 85,092 params
Critic params   : 79,361
obs_dim=11  action_dim=25  gs_dim=49
M0 count: 2  M1 count: 2
Training for 5000 episodes (Config A_mode0c_seed2_5000ep_gaefix_g05_ent01, N=4)...

[NS3Bridge] Connected tcp://localhost:7716
Ep    0 | M0_PDR 0.653 | M1_PDR 0.649 | H_m0 3.22 H_m1 3.21 | a-0.0389 c1.0615 ent0.0100 VRAM 24MB
Ep   50 | M0_PDR 0.721 | M1_PDR 0.647 | H_m0 2.76 H_m1 3.17 | a-0.0344 c0.8114 ent0.0099 VRAM 24MB
Ep  100 | M0_PDR 0.958 | M1_PDR 0.737 | H_m0 0.24 H_m1 2.37 | a-0.0151 c1.0871 ent0.0098 VRAM 24MB
Ep  150 | M0_PDR 1.000 | M1_PDR 0.914 | H_m0 0.09 H_m1 1.49 | a-0.0099 c1.0658 ent0.0097 VRAM 24MB
Ep  200 | M0_PDR 1.000 | M1_PDR 0.836 | H_m0 0.10 H_m1 1.68 | a-0.0107 c1.1016 ent0.0096 VRAM 24MB
Ep  250 | M0_PDR 1.000 | M1_PDR 0.946 | H_m0 0.02 H_m1 1.11 | a-0.0058 c1.0443 ent0.0095 VRAM 24MB
Ep  300 | M0_PDR 1.000 | M1_PDR 0.985 | H_m0 0.32 H_m1 1.19 | a-0.0105 c1.0255 ent0.0095 VRAM 24MB
Ep  350 | M0_PDR 0.997 | M1_PDR 0.990 | H_m0 0.55 H_m1 1.01 | a-0.0107 c1.0179 ent0.0094 VRAM 24MB
Ep  400 | M0_PDR 1.000 | M1_PDR 0.988 | H_m0 0.59 H_m1 0.96 | a-0.0084 c1.0224 ent0.0093 VRAM 24MB
Ep  450 | M0_PDR 1.000 | M1_PDR 0.993 | H_m0 0.19 H_m1 0.63 | a-0.0043 c1.0195 ent0.0092 VRAM 24MB
Ep  500 | M0_PDR 1.000 | M1_PDR 0.998 | H_m0 0.53 H_m1 0.56 | a-0.0054 c1.0168 ent0.0091 VRAM 24MB
Ep  550 | M0_PDR 0.997 | M1_PDR 0.998 | H_m0 0.28 H_m1 0.69 | a-0.0057 c1.0133 ent0.0090 VRAM 24MB
Ep  600 | M0_PDR 1.000 | M1_PDR 0.997 | H_m0 0.17 H_m1 0.52 | a-0.0036 c1.0164 ent0.0089 VRAM 24MB
Ep  650 | M0_PDR 1.000 | M1_PDR 1.000 | H_m0 0.04 H_m1 0.62 | a-0.0039 c1.0144 ent0.0088 VRAM 24MB
Ep  700 | M0_PDR 0.998 | M1_PDR 0.992 | H_m0 0.18 H_m1 0.70 | a-0.0039 c1.0156 ent0.0087 VRAM 24MB
Ep  750 | M0_PDR 0.998 | M1_PDR 0.987 | H_m0 0.08 H_m1 0.55 | a-0.0036 c1.0189 ent0.0086 VRAM 24MB
Ep  800 | M0_PDR 1.000 | M1_PDR 0.988 | H_m0 0.28 H_m1 1.13 | a-0.0071 c1.0222 ent0.0086 VRAM 24MB
Ep  850 | M0_PDR 0.998 | M1_PDR 0.985 | H_m0 0.11 H_m1 1.30 | a-0.0083 c1.0204 ent0.0085 VRAM 24MB
Ep  900 | M0_PDR 1.000 | M1_PDR 1.000 | H_m0 0.32 H_m1 0.94 | a-0.0106 c1.0167 ent0.0084 VRAM 24MB
Ep  950 | M0_PDR 0.995 | M1_PDR 0.978 | H_m0 0.06 H_m1 1.15 | a-0.0054 c1.0188 ent0.0083 VRAM 24MB
Ep 1000 | M0_PDR 0.998 | M1_PDR 0.982 | H_m0 0.09 H_m1 1.12 | a-0.0055 c1.0207 ent0.0082 VRAM 24MB
Ep 1050 | M0_PDR 1.000 | M1_PDR 0.992 | H_m0 0.16 H_m1 0.86 | a-0.0048 c1.0194 ent0.0081 VRAM 24MB
Ep 1100 | M0_PDR 0.998 | M1_PDR 0.995 | H_m0 0.29 H_m1 1.15 | a-0.0089 c1.0151 ent0.0080 VRAM 24MB
Ep 1150 | M0_PDR 1.000 | M1_PDR 0.997 | H_m0 0.31 H_m1 0.63 | a-0.0071 c1.0161 ent0.0079 VRAM 24MB
Ep 1200 | M0_PDR 0.998 | M1_PDR 0.957 | H_m0 0.34 H_m1 1.40 | a-0.0092 c1.0361 ent0.0078 VRAM 24MB
Ep 1250 | M0_PDR 1.000 | M1_PDR 0.997 | H_m0 0.08 H_m1 1.24 | a-0.0061 c1.0166 ent0.0077 VRAM 24MB
Ep 1300 | M0_PDR 1.000 | M1_PDR 0.998 | H_m0 0.14 H_m1 1.23 | a-0.0061 c1.0168 ent0.0077 VRAM 24MB
Ep 1350 | M0_PDR 1.000 | M1_PDR 0.990 | H_m0 0.08 H_m1 1.36 | a-0.0059 c1.0211 ent0.0076 VRAM 24MB
Ep 1400 | M0_PDR 1.000 | M1_PDR 0.997 | H_m0 0.23 H_m1 1.17 | a-0.0052 c1.0169 ent0.0075 VRAM 24MB
Ep 1450 | M0_PDR 1.000 | M1_PDR 0.992 | H_m0 0.35 H_m1 1.18 | a-0.0060 c1.0198 ent0.0074 VRAM 24MB
Ep 1500 | M0_PDR 1.000 | M1_PDR 0.987 | H_m0 0.35 H_m1 1.45 | a-0.0109 c1.0221 ent0.0073 VRAM 24MB
Ep 1550 | M0_PDR 1.000 | M1_PDR 0.992 | H_m0 0.20 H_m1 1.44 | a-0.0079 c1.0195 ent0.0072 VRAM 24MB
Ep 1600 | M0_PDR 0.993 | M1_PDR 0.971 | H_m0 0.33 H_m1 1.44 | a-0.0059 c1.0226 ent0.0071 VRAM 24MB
Ep 1650 | M0_PDR 0.997 | M1_PDR 0.981 | H_m0 0.27 H_m1 1.49 | a-0.0068 c1.0220 ent0.0070 VRAM 24MB
Ep 1700 | M0_PDR 0.995 | M1_PDR 1.000 | H_m0 0.18 H_m1 1.33 | a-0.0080 c1.0123 ent0.0069 VRAM 24MB
Ep 1750 | M0_PDR 0.998 | M1_PDR 0.990 | H_m0 0.25 H_m1 1.31 | a-0.0062 c1.0179 ent0.0068 VRAM 24MB
Ep 1800 | M0_PDR 1.000 | M1_PDR 0.995 | H_m0 0.35 H_m1 1.33 | a-0.0060 c1.0181 ent0.0068 VRAM 24MB
Ep 1850 | M0_PDR 1.000 | M1_PDR 1.000 | H_m0 0.35 H_m1 1.31 | a-0.0073 c1.0175 ent0.0067 VRAM 24MB
Ep 1900 | M0_PDR 1.000 | M1_PDR 0.995 | H_m0 0.32 H_m1 1.33 | a-0.0056 c1.0170 ent0.0066 VRAM 24MB
Ep 1950 | M0_PDR 1.000 | M1_PDR 0.987 | H_m0 0.32 H_m1 1.33 | a-0.0060 c1.0217 ent0.0065 VRAM 24MB
Ep 2000 | M0_PDR 0.995 | M1_PDR 0.997 | H_m0 0.35 H_m1 1.34 | a-0.0056 c1.0112 ent0.0064 VRAM 24MB
Ep 2050 | M0_PDR 1.000 | M1_PDR 0.995 | H_m0 0.27 H_m1 1.34 | a-0.0061 c1.0177 ent0.0063 VRAM 24MB
Ep 2100 | M0_PDR 1.000 | M1_PDR 0.995 | H_m0 0.30 H_m1 1.18 | a-0.0053 c1.0187 ent0.0062 VRAM 24MB
Ep 2150 | M0_PDR 1.000 | M1_PDR 1.000 | H_m0 0.04 H_m1 1.17 | a-0.0047 c1.0139 ent0.0061 VRAM 24MB
Ep 2200 | M0_PDR 1.000 | M1_PDR 1.000 | H_m0 0.07 H_m1 1.00 | a-0.0038 c1.0148 ent0.0060 VRAM 24MB
Ep 2250 | M0_PDR 1.000 | M1_PDR 0.997 | H_m0 0.05 H_m1 0.80 | a-0.0032 c1.0152 ent0.0059 VRAM 24MB
Ep 2300 | M0_PDR 1.000 | M1_PDR 0.990 | H_m0 0.09 H_m1 1.09 | a-0.0043 c1.0174 ent0.0059 VRAM 24MB
Ep 2350 | M0_PDR 1.000 | M1_PDR 0.995 | H_m0 0.06 H_m1 1.08 | a-0.0039 c1.0169 ent0.0058 VRAM 24MB
Ep 2400 | M0_PDR 1.000 | M1_PDR 1.000 | H_m0 0.10 H_m1 1.03 | a-0.0040 c1.0142 ent0.0057 VRAM 24MB
Ep 2450 | M0_PDR 0.998 | M1_PDR 0.995 | H_m0 0.20 H_m1 1.21 | a-0.0046 c1.0158 ent0.0056 VRAM 24MB
Ep 2500 | M0_PDR 1.000 | M1_PDR 0.995 | H_m0 0.28 H_m1 1.22 | a-0.0055 c1.0160 ent0.0055 VRAM 24MB
Ep 2550 | M0_PDR 1.000 | M1_PDR 0.990 | H_m0 0.32 H_m1 1.14 | a-0.0047 c1.0215 ent0.0054 VRAM 24MB
Ep 2600 | M0_PDR 1.000 | M1_PDR 0.998 | H_m0 0.23 H_m1 1.12 | a-0.0042 c1.0155 ent0.0053 VRAM 24MB
Ep 2650 | M0_PDR 1.000 | M1_PDR 1.000 | H_m0 0.20 H_m1 1.15 | a-0.0041 c1.0169 ent0.0052 VRAM 24MB
Ep 2700 | M0_PDR 1.000 | M1_PDR 0.995 | H_m0 0.19 H_m1 1.20 | a-0.0038 c1.0166 ent0.0051 VRAM 24MB
Ep 2750 | M0_PDR 1.000 | M1_PDR 1.000 | H_m0 0.19 H_m1 1.22 | a-0.0043 c1.0129 ent0.0050 VRAM 24MB
Ep 2800 | M0_PDR 1.000 | M1_PDR 0.997 | H_m0 0.08 H_m1 1.30 | a-0.0039 c1.0164 ent0.0050 VRAM 24MB
Ep 2850 | M0_PDR 1.000 | M1_PDR 0.997 | H_m0 0.15 H_m1 1.32 | a-0.0037 c1.0164 ent0.0049 VRAM 24MB
Ep 2900 | M0_PDR 1.000 | M1_PDR 0.995 | H_m0 0.22 H_m1 1.33 | a-0.0046 c1.0162 ent0.0048 VRAM 24MB
Ep 2950 | M0_PDR 1.000 | M1_PDR 1.000 | H_m0 0.18 H_m1 1.34 | a-0.0043 c1.0167 ent0.0047 VRAM 24MB
Ep 3000 | M0_PDR 0.998 | M1_PDR 0.995 | H_m0 0.26 H_m1 1.37 | a-0.0040 c1.0137 ent0.0046 VRAM 24MB
Ep 3050 | M0_PDR 0.997 | M1_PDR 0.993 | H_m0 0.32 H_m1 1.44 | a-0.0041 c1.0146 ent0.0045 VRAM 24MB
Ep 3100 | M0_PDR 1.000 | M1_PDR 0.997 | H_m0 0.32 H_m1 1.39 | a-0.0047 c1.0171 ent0.0044 VRAM 24MB
Ep 3150 | M0_PDR 1.000 | M1_PDR 0.997 | H_m0 0.32 H_m1 1.38 | a-0.0039 c1.0151 ent0.0043 VRAM 24MB
Ep 3200 | M0_PDR 0.998 | M1_PDR 0.995 | H_m0 0.35 H_m1 1.35 | a-0.0043 c1.0143 ent0.0042 VRAM 24MB
Ep 3250 | M0_PDR 0.997 | M1_PDR 1.000 | H_m0 0.34 H_m1 1.41 | a-0.0037 c1.0123 ent0.0041 VRAM 24MB
Ep 3300 | M0_PDR 1.000 | M1_PDR 0.995 | H_m0 0.28 H_m1 1.40 | a-0.0035 c1.0164 ent0.0041 VRAM 24MB
Ep 3350 | M0_PDR 1.000 | M1_PDR 0.997 | H_m0 0.23 H_m1 1.30 | a-0.0031 c1.0145 ent0.0040 VRAM 24MB
Ep 3400 | M0_PDR 1.000 | M1_PDR 0.993 | H_m0 0.29 H_m1 1.31 | a-0.0034 c1.0169 ent0.0039 VRAM 24MB
Ep 3450 | M0_PDR 1.000 | M1_PDR 1.000 | H_m0 0.32 H_m1 1.39 | a-0.0037 c1.0139 ent0.0038 VRAM 24MB
Ep 3500 | M0_PDR 1.000 | M1_PDR 1.000 | H_m0 0.33 H_m1 1.29 | a-0.0031 c1.0131 ent0.0037 VRAM 24MB
Ep 3550 | M0_PDR 1.000 | M1_PDR 1.000 | H_m0 0.35 H_m1 1.29 | a-0.0033 c1.0167 ent0.0036 VRAM 24MB
Ep 3600 | M0_PDR 1.000 | M1_PDR 0.998 | H_m0 0.35 H_m1 1.11 | a-0.0027 c1.0143 ent0.0035 VRAM 24MB
Ep 3650 | M0_PDR 1.000 | M1_PDR 1.000 | H_m0 0.34 H_m1 1.11 | a-0.0027 c1.0130 ent0.0034 VRAM 24MB
Ep 3700 | M0_PDR 1.000 | M1_PDR 1.000 | H_m0 0.28 H_m1 1.11 | a-0.0024 c1.0142 ent0.0033 VRAM 24MB
Ep 3750 | M0_PDR 1.000 | M1_PDR 1.000 | H_m0 0.29 H_m1 1.09 | a-0.0021 c1.0116 ent0.0032 VRAM 24MB
Ep 3800 | M0_PDR 0.998 | M1_PDR 0.997 | H_m0 0.31 H_m1 1.17 | a-0.0026 c1.0142 ent0.0032 VRAM 24MB
Ep 3850 | M0_PDR 1.000 | M1_PDR 0.997 | H_m0 0.30 H_m1 1.19 | a-0.0024 c1.0147 ent0.0031 VRAM 24MB
Ep 3900 | M0_PDR 1.000 | M1_PDR 1.000 | H_m0 0.26 H_m1 1.21 | a-0.0024 c1.0149 ent0.0030 VRAM 24MB
Ep 3950 | M0_PDR 0.997 | M1_PDR 0.993 | H_m0 0.24 H_m1 1.28 | a-0.0024 c1.0137 ent0.0029 VRAM 24MB
Ep 4000 | M0_PDR 1.000 | M1_PDR 0.998 | H_m0 0.29 H_m1 1.33 | a-0.0022 c1.0160 ent0.0028 VRAM 24MB
Ep 4050 | M0_PDR 1.000 | M1_PDR 1.000 | H_m0 0.29 H_m1 1.33 | a-0.0023 c1.0124 ent0.0027 VRAM 24MB
Ep 4100 | M0_PDR 1.000 | M1_PDR 0.988 | H_m0 0.25 H_m1 1.36 | a-0.0023 c1.0168 ent0.0026 VRAM 24MB
Ep 4150 | M0_PDR 1.000 | M1_PDR 1.000 | H_m0 0.28 H_m1 1.40 | a-0.0024 c1.0125 ent0.0025 VRAM 24MB
Ep 4200 | M0_PDR 0.998 | M1_PDR 0.997 | H_m0 0.28 H_m1 1.42 | a-0.0023 c1.0122 ent0.0024 VRAM 24MB
Ep 4250 | M0_PDR 1.000 | M1_PDR 1.000 | H_m0 0.25 H_m1 1.41 | a-0.0021 c1.0134 ent0.0023 VRAM 24MB
Ep 4300 | M0_PDR 1.000 | M1_PDR 0.995 | H_m0 0.27 H_m1 1.40 | a-0.0020 c1.0153 ent0.0023 VRAM 24MB
Ep 4350 | M0_PDR 1.000 | M1_PDR 0.997 | H_m0 0.27 H_m1 1.39 | a-0.0019 c1.0176 ent0.0022 VRAM 24MB
Ep 4400 | M0_PDR 0.996 | M1_PDR 0.998 | H_m0 0.28 H_m1 1.40 | a-0.0018 c1.0085 ent0.0021 VRAM 24MB
Ep 4450 | M0_PDR 1.000 | M1_PDR 1.000 | H_m0 0.28 H_m1 1.40 | a-0.0018 c1.0139 ent0.0020 VRAM 24MB
Ep 4500 | M0_PDR 1.000 | M1_PDR 1.000 | H_m0 0.29 H_m1 1.42 | a-0.0017 c1.0134 ent0.0019 VRAM 24MB
Ep 4550 | M0_PDR 1.000 | M1_PDR 0.992 | H_m0 0.30 H_m1 1.42 | a-0.0016 c1.0170 ent0.0018 VRAM 24MB
Ep 4600 | M0_PDR 1.000 | M1_PDR 0.997 | H_m0 0.30 H_m1 1.42 | a-0.0016 c1.0150 ent0.0017 VRAM 24MB
Ep 4650 | M0_PDR 0.996 | M1_PDR 0.992 | H_m0 0.31 H_m1 1.41 | a-0.0015 c1.0116 ent0.0016 VRAM 24MB
Ep 4700 | M0_PDR 1.000 | M1_PDR 0.997 | H_m0 0.30 H_m1 1.40 | a-0.0014 c1.0173 ent0.0015 VRAM 24MB
Ep 4750 | M0_PDR 1.000 | M1_PDR 0.992 | H_m0 0.32 H_m1 1.40 | a-0.0014 c1.0194 ent0.0014 VRAM 24MB
Ep 4800 | M0_PDR 1.000 | M1_PDR 1.000 | H_m0 0.31 H_m1 1.40 | a-0.0012 c1.0142 ent0.0014 VRAM 24MB
Ep 4850 | M0_PDR 1.000 | M1_PDR 1.000 | H_m0 0.32 H_m1 1.40 | a-0.0011 c1.0137 ent0.0013 VRAM 24MB
Ep 4900 | M0_PDR 1.000 | M1_PDR 0.997 | H_m0 0.32 H_m1 1.40 | a-0.0010 c1.0148 ent0.0012 VRAM 24MB
Ep 4950 | M0_PDR 1.000 | M1_PDR 1.000 | H_m0 0.32 H_m1 1.40 | a-0.0010 c1.0117 ent0.0011 VRAM 24MB

Training complete. Running 100 eval episodes...

  Eval ep   0: M0_PDR=1.000  M1_PDR=1.000
  Eval ep  20: M0_PDR=1.000  M1_PDR=1.000
  Eval ep  40: M0_PDR=1.000  M1_PDR=0.995
  Eval ep  60: M0_PDR=0.997  M1_PDR=0.998
  Eval ep  80: M0_PDR=1.000  M1_PDR=1.000

=== Eval Summary (100 episodes) ===
  M0_PDR_mean         : 0.9996
  M0_PDR_p05 (across) : 0.9975
  M0_PDR_p05 (intra)  : 1.0000
  M1_PDR_mean         : 0.9984
  M0_SINR_mean (dB)   : 42.62
  M1_SINR_mean (dB)   : 42.91
  M0_collision_rate   : 0.001
  M0_collision_within_pool : 0.000
  M1_collision_within_pool : 0.001

Result saved -> results/_A_mode0c_seed2_5000ep_gaefix_g05_ent01.json
  N=4  rho=0.8  M0_PDR=1.000  M1_PDR=0.998
Checkpoint saved -> checkpoints/A_mode0c_seed2_5000ep_gaefix_g05_ent01_actors.pt
[NS3Bridge] Shutdown complete.
Run complete.
