[seed] all RNGs seeded with 2
GPU : NVIDIA GeForce RTX 3060
VRAM: 12.9 GB
Device          : cuda:0
Actors          : 10 per-vehicle, total 212,730 params
Critic params   : 96,257
obs_dim=11  action_dim=25  gs_dim=115
M0 count: 5  M1 count: 5
Training for 5000 episodes (Config A_mode0c_N10_seed2_gaefix_g05_ent01_armP, N=10)...

[NS3Bridge] Connected tcp://localhost:8516
Ep    0 | M0_PDR 0.530 | M1_PDR 0.605 | H_m0 3.21 H_m1 3.21 | a-0.0397 c0.7090 ent0.0100 VRAM 35MB
Ep   50 | M0_PDR 0.636 | M1_PDR 0.562 | H_m0 1.25 H_m1 3.00 | a-0.0266 c0.6635 ent0.0099 VRAM 35MB
Ep  100 | M0_PDR 0.609 | M1_PDR 0.594 | H_m0 0.87 H_m1 2.22 | a-0.0180 c0.6336 ent0.0098 VRAM 35MB
Ep  150 | M0_PDR 0.571 | M1_PDR 0.702 | H_m0 0.80 H_m1 1.39 | a-0.0136 c0.5632 ent0.0097 VRAM 35MB
Ep  200 | M0_PDR 0.628 | M1_PDR 0.684 | H_m0 0.59 H_m1 1.25 | a-0.0108 c0.6340 ent0.0096 VRAM 35MB
Ep  250 | M0_PDR 0.622 | M1_PDR 0.661 | H_m0 0.47 H_m1 1.26 | a-0.0104 c0.6248 ent0.0095 VRAM 35MB
Ep  300 | M0_PDR 0.635 | M1_PDR 0.654 | H_m0 0.64 H_m1 1.53 | a-0.0115 c0.6572 ent0.0095 VRAM 35MB
Ep  350 | M0_PDR 0.616 | M1_PDR 0.668 | H_m0 0.76 H_m1 1.53 | a-0.0141 c0.6397 ent0.0094 VRAM 35MB
Ep  400 | M0_PDR 0.608 | M1_PDR 0.664 | H_m0 0.66 H_m1 1.34 | a-0.0114 c0.6205 ent0.0093 VRAM 35MB
Ep  450 | M0_PDR 0.620 | M1_PDR 0.663 | H_m0 0.78 H_m1 1.53 | a-0.0133 c0.6229 ent0.0092 VRAM 35MB
Ep  500 | M0_PDR 0.579 | M1_PDR 0.653 | H_m0 0.72 H_m1 1.41 | a-0.0126 c0.5813 ent0.0091 VRAM 35MB
Ep  550 | M0_PDR 0.634 | M1_PDR 0.638 | H_m0 0.45 H_m1 1.26 | a-0.0101 c0.6504 ent0.0090 VRAM 35MB
Ep  600 | M0_PDR 0.603 | M1_PDR 0.677 | H_m0 0.25 H_m1 1.49 | a-0.0079 c0.6168 ent0.0089 VRAM 35MB
Ep  650 | M0_PDR 0.616 | M1_PDR 0.684 | H_m0 0.22 H_m1 1.47 | a-0.0090 c0.6247 ent0.0088 VRAM 35MB
Ep  700 | M0_PDR 0.644 | M1_PDR 0.664 | H_m0 0.17 H_m1 1.50 | a-0.0078 c0.6662 ent0.0087 VRAM 35MB
Ep  750 | M0_PDR 0.602 | M1_PDR 0.662 | H_m0 0.46 H_m1 1.68 | a-0.0113 c0.6279 ent0.0086 VRAM 35MB
Ep  800 | M0_PDR 0.611 | M1_PDR 0.656 | H_m0 0.41 H_m1 1.54 | a-0.0103 c0.6226 ent0.0086 VRAM 35MB
Ep  850 | M0_PDR 0.602 | M1_PDR 0.670 | H_m0 0.41 H_m1 1.04 | a-0.0077 c0.6061 ent0.0085 VRAM 35MB
Ep  900 | M0_PDR 0.639 | M1_PDR 0.684 | H_m0 0.43 H_m1 0.98 | a-0.0074 c0.6538 ent0.0084 VRAM 35MB
Ep  950 | M0_PDR 0.615 | M1_PDR 0.688 | H_m0 0.55 H_m1 1.32 | a-0.0091 c0.6286 ent0.0083 VRAM 35MB
Ep 1000 | M0_PDR 0.627 | M1_PDR 0.694 | H_m0 0.25 H_m1 1.08 | a-0.0076 c0.6453 ent0.0082 VRAM 35MB
Ep 1050 | M0_PDR 0.607 | M1_PDR 0.699 | H_m0 0.31 H_m1 1.16 | a-0.0068 c0.6137 ent0.0081 VRAM 35MB
Ep 1100 | M0_PDR 0.577 | M1_PDR 0.677 | H_m0 0.31 H_m1 1.38 | a-0.0087 c0.5745 ent0.0080 VRAM 35MB
Ep 1150 | M0_PDR 0.576 | M1_PDR 0.670 | H_m0 0.46 H_m1 1.29 | a-0.0081 c0.5718 ent0.0079 VRAM 35MB
Ep 1200 | M0_PDR 0.619 | M1_PDR 0.697 | H_m0 0.37 H_m1 1.41 | a-0.0085 c0.6134 ent0.0078 VRAM 35MB
Ep 1250 | M0_PDR 0.596 | M1_PDR 0.700 | H_m0 0.35 H_m1 1.30 | a-0.0079 c0.6038 ent0.0077 VRAM 35MB
Ep 1300 | M0_PDR 0.615 | M1_PDR 0.687 | H_m0 0.46 H_m1 1.54 | a-0.0091 c0.6162 ent0.0077 VRAM 35MB
Ep 1350 | M0_PDR 0.615 | M1_PDR 0.704 | H_m0 0.47 H_m1 1.53 | a-0.0086 c0.6162 ent0.0076 VRAM 35MB
Ep 1400 | M0_PDR 0.608 | M1_PDR 0.680 | H_m0 0.48 H_m1 1.27 | a-0.0074 c0.6206 ent0.0075 VRAM 35MB
Ep 1450 | M0_PDR 0.603 | M1_PDR 0.677 | H_m0 0.40 H_m1 1.31 | a-0.0076 c0.6052 ent0.0074 VRAM 35MB
Ep 1500 | M0_PDR 0.626 | M1_PDR 0.686 | H_m0 0.42 H_m1 1.37 | a-0.0070 c0.6394 ent0.0073 VRAM 35MB
Ep 1550 | M0_PDR 0.616 | M1_PDR 0.703 | H_m0 0.42 H_m1 1.28 | a-0.0076 c0.6197 ent0.0072 VRAM 35MB
Ep 1600 | M0_PDR 0.613 | M1_PDR 0.675 | H_m0 0.41 H_m1 1.30 | a-0.0077 c0.6294 ent0.0071 VRAM 35MB
Ep 1650 | M0_PDR 0.643 | M1_PDR 0.696 | H_m0 0.45 H_m1 1.16 | a-0.0071 c0.6500 ent0.0070 VRAM 35MB
Ep 1700 | M0_PDR 0.621 | M1_PDR 0.700 | H_m0 0.48 H_m1 1.33 | a-0.0069 c0.6298 ent0.0069 VRAM 35MB
Ep 1750 | M0_PDR 0.602 | M1_PDR 0.685 | H_m0 0.53 H_m1 1.48 | a-0.0077 c0.6178 ent0.0068 VRAM 35MB
Ep 1800 | M0_PDR 0.624 | M1_PDR 0.670 | H_m0 0.52 H_m1 1.52 | a-0.0075 c0.6448 ent0.0068 VRAM 35MB
Ep 1850 | M0_PDR 0.629 | M1_PDR 0.692 | H_m0 0.52 H_m1 1.70 | a-0.0080 c0.6372 ent0.0067 VRAM 35MB
Ep 1900 | M0_PDR 0.607 | M1_PDR 0.698 | H_m0 0.41 H_m1 1.59 | a-0.0081 c0.6196 ent0.0066 VRAM 35MB
Ep 1950 | M0_PDR 0.600 | M1_PDR 0.681 | H_m0 0.47 H_m1 1.30 | a-0.0063 c0.6134 ent0.0065 VRAM 35MB
Ep 2000 | M0_PDR 0.602 | M1_PDR 0.658 | H_m0 0.49 H_m1 1.49 | a-0.0073 c0.6235 ent0.0064 VRAM 35MB
Ep 2050 | M0_PDR 0.626 | M1_PDR 0.665 | H_m0 0.48 H_m1 1.61 | a-0.0086 c0.6431 ent0.0063 VRAM 35MB
Ep 2100 | M0_PDR 0.606 | M1_PDR 0.700 | H_m0 0.57 H_m1 1.47 | a-0.0076 c0.6072 ent0.0062 VRAM 35MB
Ep 2150 | M0_PDR 0.587 | M1_PDR 0.695 | H_m0 0.63 H_m1 1.52 | a-0.0072 c0.5789 ent0.0061 VRAM 35MB
Ep 2200 | M0_PDR 0.606 | M1_PDR 0.659 | H_m0 0.55 H_m1 1.49 | a-0.0070 c0.6081 ent0.0060 VRAM 35MB
Ep 2250 | M0_PDR 0.614 | M1_PDR 0.701 | H_m0 0.58 H_m1 1.32 | a-0.0066 c0.6124 ent0.0059 VRAM 35MB
Ep 2300 | M0_PDR 0.628 | M1_PDR 0.664 | H_m0 0.55 H_m1 1.30 | a-0.0061 c0.6473 ent0.0059 VRAM 35MB
Ep 2350 | M0_PDR 0.601 | M1_PDR 0.681 | H_m0 0.56 H_m1 1.39 | a-0.0061 c0.6145 ent0.0058 VRAM 35MB
Ep 2400 | M0_PDR 0.628 | M1_PDR 0.673 | H_m0 0.52 H_m1 1.18 | a-0.0055 c0.6395 ent0.0057 VRAM 35MB
Ep 2450 | M0_PDR 0.589 | M1_PDR 0.676 | H_m0 0.51 H_m1 1.29 | a-0.0062 c0.5986 ent0.0056 VRAM 35MB
Ep 2500 | M0_PDR 0.619 | M1_PDR 0.693 | H_m0 0.42 H_m1 1.18 | a-0.0057 c0.6188 ent0.0055 VRAM 35MB
Ep 2550 | M0_PDR 0.633 | M1_PDR 0.677 | H_m0 0.32 H_m1 1.22 | a-0.0044 c0.6517 ent0.0054 VRAM 35MB
Ep 2600 | M0_PDR 0.640 | M1_PDR 0.691 | H_m0 0.34 H_m1 1.33 | a-0.0049 c0.6608 ent0.0053 VRAM 35MB
Ep 2650 | M0_PDR 0.616 | M1_PDR 0.695 | H_m0 0.36 H_m1 1.45 | a-0.0059 c0.6233 ent0.0052 VRAM 35MB
Ep 2700 | M0_PDR 0.622 | M1_PDR 0.650 | H_m0 0.37 H_m1 1.46 | a-0.0059 c0.6370 ent0.0051 VRAM 35MB
Ep 2750 | M0_PDR 0.629 | M1_PDR 0.692 | H_m0 0.36 H_m1 1.46 | a-0.0051 c0.6361 ent0.0050 VRAM 35MB
Ep 2800 | M0_PDR 0.607 | M1_PDR 0.705 | H_m0 0.37 H_m1 1.53 | a-0.0052 c0.5982 ent0.0050 VRAM 35MB
Ep 2850 | M0_PDR 0.608 | M1_PDR 0.678 | H_m0 0.37 H_m1 1.44 | a-0.0048 c0.6208 ent0.0049 VRAM 35MB
Ep 2900 | M0_PDR 0.602 | M1_PDR 0.660 | H_m0 0.32 H_m1 1.46 | a-0.0047 c0.6070 ent0.0048 VRAM 35MB
Ep 2950 | M0_PDR 0.627 | M1_PDR 0.687 | H_m0 0.37 H_m1 1.39 | a-0.0046 c0.6447 ent0.0047 VRAM 35MB
Ep 3000 | M0_PDR 0.590 | M1_PDR 0.691 | H_m0 0.39 H_m1 1.34 | a-0.0046 c0.5874 ent0.0046 VRAM 35MB
Ep 3050 | M0_PDR 0.614 | M1_PDR 0.683 | H_m0 0.39 H_m1 1.42 | a-0.0045 c0.6085 ent0.0045 VRAM 35MB
Ep 3100 | M0_PDR 0.625 | M1_PDR 0.656 | H_m0 0.41 H_m1 1.40 | a-0.0042 c0.6381 ent0.0044 VRAM 35MB
Ep 3150 | M0_PDR 0.593 | M1_PDR 0.681 | H_m0 0.40 H_m1 1.45 | a-0.0049 c0.5993 ent0.0043 VRAM 35MB
Ep 3200 | M0_PDR 0.626 | M1_PDR 0.675 | H_m0 0.40 H_m1 1.46 | a-0.0042 c0.6371 ent0.0042 VRAM 35MB
Ep 3250 | M0_PDR 0.613 | M1_PDR 0.703 | H_m0 0.43 H_m1 1.43 | a-0.0040 c0.6117 ent0.0041 VRAM 35MB
Ep 3300 | M0_PDR 0.624 | M1_PDR 0.699 | H_m0 0.40 H_m1 1.40 | a-0.0037 c0.6350 ent0.0041 VRAM 35MB
Ep 3350 | M0_PDR 0.638 | M1_PDR 0.677 | H_m0 0.38 H_m1 1.28 | a-0.0035 c0.6683 ent0.0040 VRAM 35MB
Ep 3400 | M0_PDR 0.600 | M1_PDR 0.722 | H_m0 0.41 H_m1 1.21 | a-0.0034 c0.5995 ent0.0039 VRAM 35MB
Ep 3450 | M0_PDR 0.602 | M1_PDR 0.693 | H_m0 0.40 H_m1 1.28 | a-0.0036 c0.6108 ent0.0038 VRAM 35MB
Ep 3500 | M0_PDR 0.622 | M1_PDR 0.656 | H_m0 0.39 H_m1 1.26 | a-0.0036 c0.6338 ent0.0037 VRAM 35MB
Ep 3550 | M0_PDR 0.614 | M1_PDR 0.680 | H_m0 0.41 H_m1 1.30 | a-0.0032 c0.6399 ent0.0036 VRAM 35MB
Ep 3600 | M0_PDR 0.631 | M1_PDR 0.693 | H_m0 0.41 H_m1 1.31 | a-0.0035 c0.6458 ent0.0035 VRAM 35MB
Ep 3650 | M0_PDR 0.619 | M1_PDR 0.706 | H_m0 0.42 H_m1 1.31 | a-0.0032 c0.6368 ent0.0034 VRAM 35MB
Ep 3700 | M0_PDR 0.617 | M1_PDR 0.694 | H_m0 0.41 H_m1 1.29 | a-0.0032 c0.6332 ent0.0033 VRAM 35MB
Ep 3750 | M0_PDR 0.644 | M1_PDR 0.679 | H_m0 0.42 H_m1 1.29 | a-0.0029 c0.6688 ent0.0032 VRAM 35MB
Ep 3800 | M0_PDR 0.616 | M1_PDR 0.669 | H_m0 0.42 H_m1 1.31 | a-0.0030 c0.6259 ent0.0032 VRAM 35MB
Ep 3850 | M0_PDR 0.630 | M1_PDR 0.653 | H_m0 0.42 H_m1 1.35 | a-0.0030 c0.6659 ent0.0031 VRAM 35MB
Ep 3900 | M0_PDR 0.624 | M1_PDR 0.721 | H_m0 0.40 H_m1 1.36 | a-0.0027 c0.6300 ent0.0030 VRAM 35MB
Ep 3950 | M0_PDR 0.613 | M1_PDR 0.676 | H_m0 0.41 H_m1 1.35 | a-0.0027 c0.6272 ent0.0029 VRAM 35MB
Ep 4000 | M0_PDR 0.602 | M1_PDR 0.692 | H_m0 0.40 H_m1 1.36 | a-0.0025 c0.5985 ent0.0028 VRAM 35MB
Ep 4050 | M0_PDR 0.577 | M1_PDR 0.691 | H_m0 0.42 H_m1 1.34 | a-0.0025 c0.5738 ent0.0027 VRAM 35MB
Ep 4100 | M0_PDR 0.629 | M1_PDR 0.712 | H_m0 0.41 H_m1 1.34 | a-0.0024 c0.6395 ent0.0026 VRAM 35MB
Ep 4150 | M0_PDR 0.630 | M1_PDR 0.693 | H_m0 0.42 H_m1 1.33 | a-0.0023 c0.6343 ent0.0025 VRAM 35MB
Ep 4200 | M0_PDR 0.626 | M1_PDR 0.694 | H_m0 0.41 H_m1 1.36 | a-0.0022 c0.6349 ent0.0024 VRAM 35MB
Ep 4250 | M0_PDR 0.623 | M1_PDR 0.647 | H_m0 0.42 H_m1 1.38 | a-0.0022 c0.6453 ent0.0023 VRAM 35MB
Ep 4300 | M0_PDR 0.619 | M1_PDR 0.672 | H_m0 0.42 H_m1 1.37 | a-0.0021 c0.6235 ent0.0023 VRAM 35MB
Ep 4350 | M0_PDR 0.609 | M1_PDR 0.658 | H_m0 0.41 H_m1 1.38 | a-0.0021 c0.6208 ent0.0022 VRAM 35MB
Ep 4400 | M0_PDR 0.626 | M1_PDR 0.680 | H_m0 0.41 H_m1 1.38 | a-0.0020 c0.6446 ent0.0021 VRAM 35MB
Ep 4450 | M0_PDR 0.639 | M1_PDR 0.676 | H_m0 0.41 H_m1 1.37 | a-0.0018 c0.6537 ent0.0020 VRAM 35MB
Ep 4500 | M0_PDR 0.617 | M1_PDR 0.704 | H_m0 0.42 H_m1 1.35 | a-0.0018 c0.6414 ent0.0019 VRAM 35MB
Ep 4550 | M0_PDR 0.623 | M1_PDR 0.692 | H_m0 0.42 H_m1 1.35 | a-0.0017 c0.6289 ent0.0018 VRAM 35MB
Ep 4600 | M0_PDR 0.626 | M1_PDR 0.704 | H_m0 0.42 H_m1 1.36 | a-0.0016 c0.6349 ent0.0017 VRAM 35MB
Ep 4650 | M0_PDR 0.627 | M1_PDR 0.665 | H_m0 0.42 H_m1 1.37 | a-0.0015 c0.6481 ent0.0016 VRAM 35MB
Ep 4700 | M0_PDR 0.628 | M1_PDR 0.677 | H_m0 0.42 H_m1 1.36 | a-0.0014 c0.6515 ent0.0015 VRAM 35MB
Ep 4750 | M0_PDR 0.598 | M1_PDR 0.682 | H_m0 0.42 H_m1 1.37 | a-0.0013 c0.6214 ent0.0014 VRAM 35MB
Ep 4800 | M0_PDR 0.592 | M1_PDR 0.677 | H_m0 0.41 H_m1 1.36 | a-0.0013 c0.6022 ent0.0014 VRAM 35MB
Ep 4850 | M0_PDR 0.590 | M1_PDR 0.682 | H_m0 0.42 H_m1 1.37 | a-0.0012 c0.5842 ent0.0013 VRAM 35MB
Ep 4900 | M0_PDR 0.636 | M1_PDR 0.669 | H_m0 0.42 H_m1 1.37 | a-0.0011 c0.6618 ent0.0012 VRAM 35MB
Ep 4950 | M0_PDR 0.607 | M1_PDR 0.674 | H_m0 0.42 H_m1 1.37 | a-0.0010 c0.6237 ent0.0011 VRAM 35MB

Training complete. Running 100 eval episodes...

  Eval ep   0: M0_PDR=0.637  M1_PDR=0.706
  Eval ep  20: M0_PDR=0.625  M1_PDR=0.692
  Eval ep  40: M0_PDR=0.606  M1_PDR=0.651
  Eval ep  60: M0_PDR=0.616  M1_PDR=0.695
  Eval ep  80: M0_PDR=0.606  M1_PDR=0.700

=== Eval Summary (100 episodes) ===
  M0_PDR_mean         : 0.6156
  M0_PDR_p05 (across) : 0.5927
  M0_PDR_p05 (intra)  : 0.2162
  M1_PDR_mean         : 0.6864
  M0_SINR_mean (dB)   : 4.95
  M1_SINR_mean (dB)   : 8.56
  M0_collision_rate   : 0.865
  M0_collision_within_pool : 0.592
  M1_collision_within_pool : 0.591

Result saved -> results/_A_mode0c_N10_seed2_gaefix_g05_ent01_armP.json
  N=10  rho=2.0  M0_PDR=0.616  M1_PDR=0.686
Checkpoint saved -> checkpoints/A_mode0c_N10_seed2_gaefix_g05_ent01_armP_actors.pt
[NS3Bridge] Shutdown complete.
Run complete.
