[seed] all RNGs seeded with 1
GPU : NVIDIA GeForce RTX 3060
VRAM: 12.9 GB
Device          : cuda:0
Actors          : 10 per-vehicle, total 212,730 params
Critic params   : 96,257
obs_dim=11  action_dim=25  gs_dim=115
M0 count: 5  M1 count: 5
Training for 5000 episodes (Config A_mode0c_N10_seed1_gaefix_g05_ent01_armS, N=10)...

[NS3Bridge] Connected tcp://localhost:8526
Ep    0 | M0_PDR 0.609 | M1_PDR 0.704 | H_m0 3.22 H_m1 3.21 | a-0.0399 c0.6166 ent0.0100 VRAM 35MB
Ep   50 | M0_PDR 0.614 | M1_PDR 0.688 | H_m0 3.15 H_m1 3.17 | a-0.0328 c0.6215 ent0.0099 VRAM 35MB
Ep  100 | M0_PDR 0.674 | M1_PDR 0.700 | H_m0 2.82 H_m1 3.10 | a-0.0339 c0.6993 ent0.0098 VRAM 35MB
Ep  150 | M0_PDR 0.916 | M1_PDR 0.681 | H_m0 0.55 H_m1 3.14 | a-0.0193 c1.0491 ent0.0097 VRAM 35MB
Ep  200 | M0_PDR 0.917 | M1_PDR 0.700 | H_m0 0.54 H_m1 3.09 | a-0.0189 c1.0345 ent0.0096 VRAM 35MB
Ep  250 | M0_PDR 0.942 | M1_PDR 0.690 | H_m0 0.21 H_m1 2.70 | a-0.0161 c1.0817 ent0.0095 VRAM 35MB
Ep  300 | M0_PDR 0.948 | M1_PDR 0.748 | H_m0 0.57 H_m1 2.71 | a-0.0177 c1.0633 ent0.0095 VRAM 35MB
Ep  350 | M0_PDR 0.935 | M1_PDR 0.748 | H_m0 0.47 H_m1 2.54 | a-0.0158 c1.0517 ent0.0094 VRAM 35MB
Ep  400 | M0_PDR 0.932 | M1_PDR 0.810 | H_m0 0.46 H_m1 1.92 | a-0.0139 c1.0221 ent0.0093 VRAM 35MB
Ep  450 | M0_PDR 0.940 | M1_PDR 0.823 | H_m0 0.48 H_m1 1.90 | a-0.0125 c1.0313 ent0.0092 VRAM 35MB
Ep  500 | M0_PDR 0.948 | M1_PDR 0.783 | H_m0 0.65 H_m1 2.26 | a-0.0159 c1.0470 ent0.0091 VRAM 35MB
Ep  550 | M0_PDR 0.931 | M1_PDR 0.748 | H_m0 0.52 H_m1 2.61 | a-0.0162 c1.0423 ent0.0090 VRAM 35MB
Ep  600 | M0_PDR 0.920 | M1_PDR 0.778 | H_m0 0.59 H_m1 2.58 | a-0.0157 c1.0163 ent0.0089 VRAM 35MB
Ep  650 | M0_PDR 0.934 | M1_PDR 0.763 | H_m0 0.58 H_m1 2.56 | a-0.0150 c1.0375 ent0.0088 VRAM 35MB
Ep  700 | M0_PDR 0.942 | M1_PDR 0.808 | H_m0 0.59 H_m1 2.35 | a-0.0153 c1.0286 ent0.0087 VRAM 35MB
Ep  750 | M0_PDR 0.922 | M1_PDR 0.853 | H_m0 0.56 H_m1 2.28 | a-0.0138 c1.0042 ent0.0086 VRAM 35MB
Ep  800 | M0_PDR 0.933 | M1_PDR 0.853 | H_m0 0.69 H_m1 2.01 | a-0.0135 c1.0001 ent0.0086 VRAM 35MB
Ep  850 | M0_PDR 0.933 | M1_PDR 0.871 | H_m0 0.41 H_m1 2.11 | a-0.0118 c1.0060 ent0.0085 VRAM 35MB
Ep  900 | M0_PDR 0.928 | M1_PDR 0.851 | H_m0 0.58 H_m1 2.12 | a-0.0129 c1.0038 ent0.0084 VRAM 35MB
Ep  950 | M0_PDR 0.927 | M1_PDR 0.843 | H_m0 0.60 H_m1 1.98 | a-0.0122 c1.0068 ent0.0083 VRAM 35MB
Ep 1000 | M0_PDR 0.931 | M1_PDR 0.873 | H_m0 0.69 H_m1 2.04 | a-0.0131 c1.0006 ent0.0082 VRAM 35MB
Ep 1050 | M0_PDR 0.938 | M1_PDR 0.898 | H_m0 0.59 H_m1 1.69 | a-0.0107 c0.9868 ent0.0081 VRAM 35MB
Ep 1100 | M0_PDR 0.928 | M1_PDR 0.900 | H_m0 0.59 H_m1 1.63 | a-0.0103 c0.9742 ent0.0080 VRAM 35MB
Ep 1150 | M0_PDR 0.931 | M1_PDR 0.909 | H_m0 0.70 H_m1 1.65 | a-0.0103 c0.9778 ent0.0079 VRAM 35MB
Ep 1200 | M0_PDR 0.932 | M1_PDR 0.909 | H_m0 0.55 H_m1 1.72 | a-0.0103 c0.9773 ent0.0078 VRAM 35MB
Ep 1250 | M0_PDR 0.927 | M1_PDR 0.910 | H_m0 0.68 H_m1 1.61 | a-0.0099 c0.9743 ent0.0077 VRAM 35MB
Ep 1300 | M0_PDR 0.930 | M1_PDR 0.893 | H_m0 0.64 H_m1 1.66 | a-0.0092 c0.9849 ent0.0077 VRAM 35MB
Ep 1350 | M0_PDR 0.946 | M1_PDR 0.923 | H_m0 0.63 H_m1 1.65 | a-0.0101 c0.9831 ent0.0076 VRAM 35MB
Ep 1400 | M0_PDR 0.935 | M1_PDR 0.919 | H_m0 0.68 H_m1 1.62 | a-0.0108 c0.9739 ent0.0075 VRAM 35MB
Ep 1450 | M0_PDR 0.924 | M1_PDR 0.935 | H_m0 0.61 H_m1 1.49 | a-0.0086 c0.9457 ent0.0074 VRAM 35MB
Ep 1500 | M0_PDR 0.929 | M1_PDR 0.921 | H_m0 0.73 H_m1 1.57 | a-0.0095 c0.9665 ent0.0073 VRAM 35MB
Ep 1550 | M0_PDR 0.934 | M1_PDR 0.942 | H_m0 0.68 H_m1 1.54 | a-0.0093 c0.9580 ent0.0072 VRAM 35MB
Ep 1600 | M0_PDR 0.921 | M1_PDR 0.925 | H_m0 0.65 H_m1 1.51 | a-0.0083 c0.9503 ent0.0071 VRAM 35MB
Ep 1650 | M0_PDR 0.930 | M1_PDR 0.925 | H_m0 0.73 H_m1 1.38 | a-0.0079 c0.9583 ent0.0070 VRAM 35MB
Ep 1700 | M0_PDR 0.944 | M1_PDR 0.938 | H_m0 0.74 H_m1 1.40 | a-0.0090 c0.9682 ent0.0069 VRAM 35MB
Ep 1750 | M0_PDR 0.920 | M1_PDR 0.938 | H_m0 0.75 H_m1 1.54 | a-0.0089 c0.9392 ent0.0068 VRAM 35MB
Ep 1800 | M0_PDR 0.933 | M1_PDR 0.942 | H_m0 0.70 H_m1 1.60 | a-0.0087 c0.9506 ent0.0068 VRAM 35MB
Ep 1850 | M0_PDR 0.921 | M1_PDR 0.932 | H_m0 0.69 H_m1 1.58 | a-0.0090 c0.9405 ent0.0067 VRAM 35MB
Ep 1900 | M0_PDR 0.918 | M1_PDR 0.941 | H_m0 0.68 H_m1 1.47 | a-0.0079 c0.9303 ent0.0066 VRAM 35MB
Ep 1950 | M0_PDR 0.938 | M1_PDR 0.941 | H_m0 0.57 H_m1 1.43 | a-0.0069 c0.9484 ent0.0065 VRAM 35MB
Ep 2000 | M0_PDR 0.933 | M1_PDR 0.954 | H_m0 0.58 H_m1 1.42 | a-0.0070 c0.9398 ent0.0064 VRAM 35MB
Ep 2050 | M0_PDR 0.929 | M1_PDR 0.924 | H_m0 0.54 H_m1 1.49 | a-0.0077 c0.9526 ent0.0063 VRAM 35MB
Ep 2100 | M0_PDR 0.938 | M1_PDR 0.935 | H_m0 0.64 H_m1 1.41 | a-0.0074 c0.9511 ent0.0062 VRAM 35MB
Ep 2150 | M0_PDR 0.931 | M1_PDR 0.943 | H_m0 0.68 H_m1 1.41 | a-0.0073 c0.9384 ent0.0061 VRAM 35MB
Ep 2200 | M0_PDR 0.937 | M1_PDR 0.941 | H_m0 0.68 H_m1 1.34 | a-0.0071 c0.9495 ent0.0060 VRAM 35MB
Ep 2250 | M0_PDR 0.919 | M1_PDR 0.954 | H_m0 0.69 H_m1 1.33 | a-0.0068 c0.9353 ent0.0059 VRAM 35MB
Ep 2300 | M0_PDR 0.942 | M1_PDR 0.943 | H_m0 0.65 H_m1 1.33 | a-0.0067 c0.9590 ent0.0059 VRAM 35MB
Ep 2350 | M0_PDR 0.929 | M1_PDR 0.940 | H_m0 0.77 H_m1 1.29 | a-0.0064 c0.9407 ent0.0058 VRAM 35MB
Ep 2400 | M0_PDR 0.917 | M1_PDR 0.941 | H_m0 0.74 H_m1 1.23 | a-0.0068 c0.9303 ent0.0057 VRAM 35MB
Ep 2450 | M0_PDR 0.931 | M1_PDR 0.950 | H_m0 0.72 H_m1 1.24 | a-0.0063 c0.9397 ent0.0056 VRAM 35MB
Ep 2500 | M0_PDR 0.922 | M1_PDR 0.948 | H_m0 0.71 H_m1 1.24 | a-0.0062 c0.9336 ent0.0055 VRAM 35MB
Ep 2550 | M0_PDR 0.931 | M1_PDR 0.941 | H_m0 0.71 H_m1 1.32 | a-0.0062 c0.9492 ent0.0054 VRAM 35MB
Ep 2600 | M0_PDR 0.932 | M1_PDR 0.937 | H_m0 0.74 H_m1 1.37 | a-0.0063 c0.9427 ent0.0053 VRAM 35MB
Ep 2650 | M0_PDR 0.935 | M1_PDR 0.951 | H_m0 0.67 H_m1 1.37 | a-0.0064 c0.9428 ent0.0052 VRAM 35MB
Ep 2700 | M0_PDR 0.910 | M1_PDR 0.948 | H_m0 0.77 H_m1 1.34 | a-0.0063 c0.9205 ent0.0051 VRAM 35MB
Ep 2750 | M0_PDR 0.932 | M1_PDR 0.949 | H_m0 0.80 H_m1 1.40 | a-0.0060 c0.9439 ent0.0050 VRAM 35MB
Ep 2800 | M0_PDR 0.939 | M1_PDR 0.942 | H_m0 0.76 H_m1 1.40 | a-0.0056 c0.9463 ent0.0050 VRAM 35MB
Ep 2850 | M0_PDR 0.940 | M1_PDR 0.966 | H_m0 0.73 H_m1 1.40 | a-0.0059 c0.9529 ent0.0049 VRAM 35MB
Ep 2900 | M0_PDR 0.924 | M1_PDR 0.953 | H_m0 0.72 H_m1 1.42 | a-0.0057 c0.9263 ent0.0048 VRAM 35MB
Ep 2950 | M0_PDR 0.942 | M1_PDR 0.952 | H_m0 0.69 H_m1 1.40 | a-0.0055 c0.9534 ent0.0047 VRAM 35MB
Ep 3000 | M0_PDR 0.943 | M1_PDR 0.955 | H_m0 0.66 H_m1 1.41 | a-0.0050 c0.9573 ent0.0046 VRAM 35MB
Ep 3050 | M0_PDR 0.934 | M1_PDR 0.939 | H_m0 0.66 H_m1 1.39 | a-0.0049 c0.9449 ent0.0045 VRAM 35MB
Ep 3100 | M0_PDR 0.929 | M1_PDR 0.944 | H_m0 0.69 H_m1 1.42 | a-0.0052 c0.9408 ent0.0044 VRAM 35MB
Ep 3150 | M0_PDR 0.930 | M1_PDR 0.944 | H_m0 0.68 H_m1 1.48 | a-0.0050 c0.9469 ent0.0043 VRAM 35MB
Ep 3200 | M0_PDR 0.931 | M1_PDR 0.932 | H_m0 0.67 H_m1 1.45 | a-0.0050 c0.9415 ent0.0042 VRAM 35MB
Ep 3250 | M0_PDR 0.930 | M1_PDR 0.927 | H_m0 0.70 H_m1 1.46 | a-0.0052 c0.9441 ent0.0041 VRAM 35MB
Ep 3300 | M0_PDR 0.918 | M1_PDR 0.942 | H_m0 0.70 H_m1 1.44 | a-0.0047 c0.9277 ent0.0041 VRAM 35MB
Ep 3350 | M0_PDR 0.924 | M1_PDR 0.956 | H_m0 0.68 H_m1 1.41 | a-0.0046 c0.9256 ent0.0040 VRAM 35MB
Ep 3400 | M0_PDR 0.928 | M1_PDR 0.958 | H_m0 0.64 H_m1 1.33 | a-0.0042 c0.9262 ent0.0039 VRAM 35MB
Ep 3450 | M0_PDR 0.944 | M1_PDR 0.956 | H_m0 0.60 H_m1 1.38 | a-0.0042 c0.9447 ent0.0038 VRAM 35MB
Ep 3500 | M0_PDR 0.926 | M1_PDR 0.949 | H_m0 0.65 H_m1 1.40 | a-0.0042 c0.9321 ent0.0037 VRAM 35MB
Ep 3550 | M0_PDR 0.937 | M1_PDR 0.957 | H_m0 0.69 H_m1 1.41 | a-0.0042 c0.9379 ent0.0036 VRAM 35MB
Ep 3600 | M0_PDR 0.922 | M1_PDR 0.955 | H_m0 0.70 H_m1 1.40 | a-0.0041 c0.9215 ent0.0035 VRAM 35MB
Ep 3650 | M0_PDR 0.914 | M1_PDR 0.956 | H_m0 0.73 H_m1 1.40 | a-0.0039 c0.9099 ent0.0034 VRAM 35MB
Ep 3700 | M0_PDR 0.942 | M1_PDR 0.951 | H_m0 0.74 H_m1 1.41 | a-0.0038 c0.9462 ent0.0033 VRAM 35MB
Ep 3750 | M0_PDR 0.929 | M1_PDR 0.950 | H_m0 0.74 H_m1 1.39 | a-0.0037 c0.9298 ent0.0032 VRAM 35MB
Ep 3800 | M0_PDR 0.954 | M1_PDR 0.956 | H_m0 0.75 H_m1 1.40 | a-0.0037 c0.9577 ent0.0032 VRAM 35MB
Ep 3850 | M0_PDR 0.927 | M1_PDR 0.957 | H_m0 0.75 H_m1 1.43 | a-0.0036 c0.9329 ent0.0031 VRAM 35MB
Ep 3900 | M0_PDR 0.936 | M1_PDR 0.962 | H_m0 0.73 H_m1 1.38 | a-0.0034 c0.9328 ent0.0030 VRAM 35MB
Ep 3950 | M0_PDR 0.928 | M1_PDR 0.958 | H_m0 0.75 H_m1 1.38 | a-0.0031 c0.9327 ent0.0029 VRAM 35MB
Ep 4000 | M0_PDR 0.936 | M1_PDR 0.951 | H_m0 0.75 H_m1 1.38 | a-0.0031 c0.9457 ent0.0028 VRAM 35MB
Ep 4050 | M0_PDR 0.936 | M1_PDR 0.948 | H_m0 0.76 H_m1 1.37 | a-0.0029 c0.9441 ent0.0027 VRAM 35MB
Ep 4100 | M0_PDR 0.926 | M1_PDR 0.952 | H_m0 0.76 H_m1 1.37 | a-0.0029 c0.9422 ent0.0026 VRAM 35MB
Ep 4150 | M0_PDR 0.928 | M1_PDR 0.950 | H_m0 0.76 H_m1 1.38 | a-0.0028 c0.9355 ent0.0025 VRAM 35MB
Ep 4200 | M0_PDR 0.927 | M1_PDR 0.950 | H_m0 0.76 H_m1 1.38 | a-0.0027 c0.9365 ent0.0024 VRAM 35MB
Ep 4250 | M0_PDR 0.933 | M1_PDR 0.950 | H_m0 0.76 H_m1 1.39 | a-0.0026 c0.9441 ent0.0023 VRAM 35MB
Ep 4300 | M0_PDR 0.926 | M1_PDR 0.950 | H_m0 0.76 H_m1 1.39 | a-0.0026 c0.9296 ent0.0023 VRAM 35MB
Ep 4350 | M0_PDR 0.934 | M1_PDR 0.960 | H_m0 0.77 H_m1 1.40 | a-0.0024 c0.9398 ent0.0022 VRAM 35MB
Ep 4400 | M0_PDR 0.931 | M1_PDR 0.954 | H_m0 0.76 H_m1 1.40 | a-0.0023 c0.9425 ent0.0021 VRAM 35MB
Ep 4450 | M0_PDR 0.932 | M1_PDR 0.950 | H_m0 0.76 H_m1 1.39 | a-0.0022 c0.9397 ent0.0020 VRAM 35MB
Ep 4500 | M0_PDR 0.925 | M1_PDR 0.941 | H_m0 0.76 H_m1 1.37 | a-0.0021 c0.9415 ent0.0019 VRAM 35MB
Ep 4550 | M0_PDR 0.927 | M1_PDR 0.958 | H_m0 0.77 H_m1 1.38 | a-0.0020 c0.9302 ent0.0018 VRAM 35MB
Ep 4600 | M0_PDR 0.921 | M1_PDR 0.946 | H_m0 0.77 H_m1 1.38 | a-0.0019 c0.9249 ent0.0017 VRAM 35MB
Ep 4650 | M0_PDR 0.943 | M1_PDR 0.952 | H_m0 0.78 H_m1 1.38 | a-0.0018 c0.9510 ent0.0016 VRAM 35MB
Ep 4700 | M0_PDR 0.906 | M1_PDR 0.945 | H_m0 0.78 H_m1 1.38 | a-0.0017 c0.9123 ent0.0015 VRAM 35MB
Ep 4750 | M0_PDR 0.922 | M1_PDR 0.947 | H_m0 0.78 H_m1 1.38 | a-0.0016 c0.9291 ent0.0014 VRAM 35MB
Ep 4800 | M0_PDR 0.947 | M1_PDR 0.951 | H_m0 0.78 H_m1 1.37 | a-0.0015 c0.9529 ent0.0014 VRAM 35MB
Ep 4850 | M0_PDR 0.936 | M1_PDR 0.950 | H_m0 0.78 H_m1 1.38 | a-0.0014 c0.9420 ent0.0013 VRAM 35MB
Ep 4900 | M0_PDR 0.931 | M1_PDR 0.952 | H_m0 0.77 H_m1 1.37 | a-0.0013 c0.9369 ent0.0012 VRAM 35MB
Ep 4950 | M0_PDR 0.916 | M1_PDR 0.958 | H_m0 0.77 H_m1 1.37 | a-0.0012 c0.9171 ent0.0011 VRAM 35MB

Training complete. Running 100 eval episodes...

  Eval ep   0: M0_PDR=0.934  M1_PDR=0.948
  Eval ep  20: M0_PDR=0.920  M1_PDR=0.953
  Eval ep  40: M0_PDR=0.924  M1_PDR=0.963
  Eval ep  60: M0_PDR=0.937  M1_PDR=0.953
  Eval ep  80: M0_PDR=0.931  M1_PDR=0.965

=== Eval Summary (100 episodes) ===
  M0_PDR_mean         : 0.9285
  M0_PDR_p05 (across) : 0.9153
  M0_PDR_p05 (intra)  : 0.7753
  M1_PDR_mean         : 0.9527
  M0_SINR_mean (dB)   : 18.82
  M1_SINR_mean (dB)   : 19.20
  M0_collision_rate   : 0.953
  M0_collision_within_pool : 0.001
  M1_collision_within_pool : 0.093

Result saved -> results/_A_mode0c_N10_seed1_gaefix_g05_ent01_armS.json
  N=10  rho=2.0  M0_PDR=0.929  M1_PDR=0.953
Checkpoint saved -> checkpoints/A_mode0c_N10_seed1_gaefix_g05_ent01_armS_actors.pt
[NS3Bridge] Shutdown complete.
Run complete.
