[seed] all RNGs seeded with 5
GPU : NVIDIA GeForce RTX 3060
VRAM: 12.9 GB
Device          : cuda:0
Actors          : 4 per-vehicle, total 85,092 params
Critic params   : 79,361
obs_dim=11  action_dim=25  gs_dim=49
M0 count: 2  M1 count: 2
Training for 3000 episodes (Config A_mode0c_seed5, N=4)...

[NS3Bridge] Connected tcp://localhost:5696
Ep    0 | M0_PDR 0.660 | M1_PDR 0.676 | H_m0 3.22 H_m1 3.21 | a-0.1672 c50.8584 ent0.0500 VRAM 24MB
Ep   50 | M0_PDR 0.599 | M1_PDR 0.662 | H_m0 3.20 H_m1 3.20 | a-0.1593 c19.3124 ent0.0492 VRAM 24MB
Ep  100 | M0_PDR 0.644 | M1_PDR 0.681 | H_m0 3.17 H_m1 3.20 | a-0.1551 c12.2547 ent0.0484 VRAM 24MB
Ep  150 | M0_PDR 0.634 | M1_PDR 0.697 | H_m0 3.13 H_m1 3.16 | a-0.1520 c8.7775 ent0.0475 VRAM 24MB
Ep  200 | M0_PDR 0.664 | M1_PDR 0.686 | H_m0 3.15 H_m1 3.17 | a-0.1501 c5.7529 ent0.0467 VRAM 24MB
Ep  250 | M0_PDR 0.740 | M1_PDR 0.600 | H_m0 2.89 H_m1 3.19 | a-0.1432 c3.6292 ent0.0459 VRAM 24MB
Ep  300 | M0_PDR 0.818 | M1_PDR 0.596 | H_m0 1.75 H_m1 3.18 | a-0.1116 c2.5756 ent0.0451 VRAM 24MB
Ep  350 | M0_PDR 0.880 | M1_PDR 0.664 | H_m0 1.22 H_m1 3.11 | a-0.0960 c1.6643 ent0.0443 VRAM 24MB
Ep  400 | M0_PDR 0.928 | M1_PDR 0.677 | H_m0 0.81 H_m1 3.09 | a-0.0882 c2.2961 ent0.0435 VRAM 24MB
Ep  450 | M0_PDR 0.921 | M1_PDR 0.759 | H_m0 1.09 H_m1 2.92 | a-0.0874 c1.1833 ent0.0426 VRAM 24MB
Ep  500 | M0_PDR 0.959 | M1_PDR 0.769 | H_m0 0.87 H_m1 2.61 | a-0.0763 c0.8642 ent0.0418 VRAM 24MB
Ep  550 | M0_PDR 0.967 | M1_PDR 0.860 | H_m0 0.86 H_m1 2.48 | a-0.0703 c0.9161 ent0.0410 VRAM 24MB
Ep  600 | M0_PDR 0.984 | M1_PDR 0.921 | H_m0 0.96 H_m1 2.18 | a-0.0663 c0.7517 ent0.0402 VRAM 24MB
Ep  650 | M0_PDR 0.983 | M1_PDR 0.966 | H_m0 0.91 H_m1 1.98 | a-0.0574 c0.5232 ent0.0394 VRAM 24MB
Ep  700 | M0_PDR 0.991 | M1_PDR 0.979 | H_m0 0.93 H_m1 1.94 | a-0.0558 c0.8854 ent0.0386 VRAM 24MB
Ep  750 | M0_PDR 0.995 | M1_PDR 0.976 | H_m0 0.87 H_m1 1.90 | a-0.0538 c0.3412 ent0.0377 VRAM 24MB
Ep  800 | M0_PDR 0.995 | M1_PDR 0.967 | H_m0 0.68 H_m1 1.95 | a-0.0509 c0.3306 ent0.0369 VRAM 24MB
Ep  850 | M0_PDR 0.985 | M1_PDR 0.987 | H_m0 1.02 H_m1 1.83 | a-0.0532 c0.6716 ent0.0361 VRAM 24MB
Ep  900 | M0_PDR 0.975 | M1_PDR 0.978 | H_m0 0.89 H_m1 1.92 | a-0.0506 c0.6847 ent0.0353 VRAM 24MB
Ep  950 | M0_PDR 0.983 | M1_PDR 0.985 | H_m0 0.81 H_m1 1.85 | a-0.0478 c0.4830 ent0.0345 VRAM 24MB
Ep 1000 | M0_PDR 0.978 | M1_PDR 0.969 | H_m0 0.91 H_m1 1.92 | a-0.0495 c0.5218 ent0.0337 VRAM 24MB
Ep 1050 | M0_PDR 0.980 | M1_PDR 0.970 | H_m0 0.94 H_m1 1.84 | a-0.0460 c0.5188 ent0.0328 VRAM 24MB
Ep 1100 | M0_PDR 0.984 | M1_PDR 0.990 | H_m0 0.90 H_m1 1.81 | a-0.0440 c0.3853 ent0.0320 VRAM 24MB
Ep 1150 | M0_PDR 0.982 | M1_PDR 0.985 | H_m0 0.96 H_m1 1.84 | a-0.0459 c0.4610 ent0.0312 VRAM 24MB
Ep 1200 | M0_PDR 0.985 | M1_PDR 0.987 | H_m0 0.92 H_m1 1.70 | a-0.0401 c0.4039 ent0.0304 VRAM 24MB
Ep 1250 | M0_PDR 0.975 | M1_PDR 0.979 | H_m0 0.84 H_m1 1.91 | a-0.0420 c0.6217 ent0.0296 VRAM 24MB
Ep 1300 | M0_PDR 0.975 | M1_PDR 0.962 | H_m0 0.68 H_m1 1.89 | a-0.0383 c0.9746 ent0.0288 VRAM 24MB
Ep 1350 | M0_PDR 0.978 | M1_PDR 0.972 | H_m0 0.70 H_m1 1.82 | a-0.0351 c0.4929 ent0.0279 VRAM 24MB
Ep 1400 | M0_PDR 0.984 | M1_PDR 0.985 | H_m0 0.97 H_m1 1.77 | a-0.0371 c0.3710 ent0.0271 VRAM 24MB
Ep 1450 | M0_PDR 0.985 | M1_PDR 0.987 | H_m0 0.98 H_m1 1.71 | a-0.0359 c0.5275 ent0.0263 VRAM 24MB
Ep 1500 | M0_PDR 0.990 | M1_PDR 0.983 | H_m0 0.97 H_m1 1.69 | a-0.0346 c0.3862 ent0.0255 VRAM 24MB
Ep 1550 | M0_PDR 0.988 | M1_PDR 0.985 | H_m0 0.96 H_m1 1.64 | a-0.0334 c0.4813 ent0.0247 VRAM 24MB
Ep 1600 | M0_PDR 0.981 | M1_PDR 0.982 | H_m0 0.96 H_m1 1.75 | a-0.0335 c0.6529 ent0.0239 VRAM 24MB
Ep 1650 | M0_PDR 0.978 | M1_PDR 0.990 | H_m0 0.93 H_m1 1.70 | a-0.0311 c0.4308 ent0.0230 VRAM 24MB
Error: tcpip::Socket::accept() Unable to create listening socket: Address already in use
Quitting (on error).
Ep 1700 | M0_PDR 0.978 | M1_PDR 0.977 | H_m0 0.91 H_m1 1.73 | a-0.0302 c0.3654 ent0.0222 VRAM 24MB
Ep 1750 | M0_PDR 0.953 | M1_PDR 0.967 | H_m0 0.91 H_m1 1.79 | a-0.0295 c0.7278 ent0.0214 VRAM 24MB
Ep 1800 | M0_PDR 0.969 | M1_PDR 0.967 | H_m0 0.85 H_m1 1.81 | a-0.0285 c0.5862 ent0.0206 VRAM 24MB
Ep 1850 | M0_PDR 0.983 | M1_PDR 0.990 | H_m0 0.91 H_m1 1.74 | a-0.0269 c0.4284 ent0.0198 VRAM 24MB
Ep 1900 | M0_PDR 0.986 | M1_PDR 0.987 | H_m0 0.94 H_m1 1.81 | a-0.0267 c0.3294 ent0.0190 VRAM 24MB
Ep 1950 | M0_PDR 0.975 | M1_PDR 0.982 | H_m0 0.95 H_m1 1.86 | a-0.0257 c0.5464 ent0.0181 VRAM 24MB
Ep 2000 | M0_PDR 0.977 | M1_PDR 0.980 | H_m0 0.87 H_m1 1.82 | a-0.0238 c0.4684 ent0.0173 VRAM 24MB
Ep 2050 | M0_PDR 0.987 | M1_PDR 0.983 | H_m0 0.96 H_m1 1.79 | a-0.0230 c0.3524 ent0.0165 VRAM 24MB
Ep 2100 | M0_PDR 0.987 | M1_PDR 0.987 | H_m0 0.89 H_m1 1.77 | a-0.0212 c0.4879 ent0.0157 VRAM 24MB
Ep 2150 | M0_PDR 0.988 | M1_PDR 0.990 | H_m0 0.87 H_m1 1.75 | a-0.0200 c0.3724 ent0.0149 VRAM 24MB
Ep 2200 | M0_PDR 0.980 | M1_PDR 0.982 | H_m0 0.87 H_m1 1.72 | a-0.0184 c0.7740 ent0.0141 VRAM 24MB
Ep 2250 | M0_PDR 0.983 | M1_PDR 0.972 | H_m0 0.84 H_m1 1.79 | a-0.0177 c0.4256 ent0.0132 VRAM 24MB
Ep 2300 | M0_PDR 0.986 | M1_PDR 0.983 | H_m0 0.81 H_m1 1.77 | a-0.0163 c0.3695 ent0.0124 VRAM 24MB
Ep 2350 | M0_PDR 0.999 | M1_PDR 0.995 | H_m0 0.83 H_m1 1.76 | a-0.0152 c0.6105 ent0.0116 VRAM 24MB
Ep 2400 | M0_PDR 0.987 | M1_PDR 0.987 | H_m0 0.88 H_m1 1.76 | a-0.0144 c0.3265 ent0.0108 VRAM 24MB
Ep 2450 | M0_PDR 0.988 | M1_PDR 0.988 | H_m0 0.85 H_m1 1.78 | a-0.0134 c0.3239 ent0.0100 VRAM 24MB
Ep 2500 | M0_PDR 0.990 | M1_PDR 0.986 | H_m0 0.84 H_m1 1.78 | a-0.0123 c0.3351 ent0.0092 VRAM 24MB
Ep 2550 | M0_PDR 0.985 | M1_PDR 0.990 | H_m0 0.83 H_m1 1.77 | a-0.0110 c0.3762 ent0.0083 VRAM 24MB
Ep 2600 | M0_PDR 0.992 | M1_PDR 0.990 | H_m0 0.84 H_m1 1.75 | a-0.0099 c0.3267 ent0.0075 VRAM 24MB
Ep 2650 | M0_PDR 0.993 | M1_PDR 0.992 | H_m0 0.82 H_m1 1.75 | a-0.0088 c0.2931 ent0.0067 VRAM 24MB
Ep 2700 | M0_PDR 0.992 | M1_PDR 0.990 | H_m0 0.83 H_m1 1.76 | a-0.0076 c0.3008 ent0.0059 VRAM 24MB
Ep 2750 | M0_PDR 1.000 | M1_PDR 1.000 | H_m0 0.82 H_m1 1.75 | a-0.0066 c0.2795 ent0.0051 VRAM 24MB
Ep 2800 | M0_PDR 0.995 | M1_PDR 0.995 | H_m0 0.82 H_m1 1.75 | a-0.0055 c0.2787 ent0.0043 VRAM 24MB
Ep 2850 | M0_PDR 0.995 | M1_PDR 0.998 | H_m0 0.81 H_m1 1.74 | a-0.0044 c0.2836 ent0.0034 VRAM 24MB
Ep 2900 | M0_PDR 0.993 | M1_PDR 0.994 | H_m0 0.81 H_m1 1.74 | a-0.0034 c0.2918 ent0.0026 VRAM 24MB
Ep 2950 | M0_PDR 0.990 | M1_PDR 0.992 | H_m0 0.80 H_m1 1.73 | a-0.0024 c0.3372 ent0.0018 VRAM 24MB

Training complete. Running 100 eval episodes...

  Eval ep   0: M0_PDR=0.992  M1_PDR=0.995
  Eval ep  20: M0_PDR=0.992  M1_PDR=0.988
  Eval ep  40: M0_PDR=0.992  M1_PDR=0.995
  Eval ep  60: M0_PDR=1.000  M1_PDR=0.997
  Eval ep  80: M0_PDR=0.990  M1_PDR=0.985

=== Eval Summary (100 episodes) ===
  M0_PDR_mean         : 0.9921
  M0_PDR_p05 (across) : 0.9850
  M0_PDR_p05 (intra)  : 1.0000
  M1_PDR_mean         : 0.9920
  M0_SINR_mean (dB)   : 43.57
  M1_SINR_mean (dB)   : 39.67
  M0_collision_rate   : 0.009
  M0_collision_within_pool : 0.000
  M1_collision_within_pool : 0.000

Result saved -> results/_A_mode0c_seed5.json
  N=4  rho=0.8  M0_PDR=0.992  M1_PDR=0.992
Checkpoint saved -> checkpoints/A_mode0c_seed5_actors.pt
[NS3Bridge] Shutdown complete.
Run complete.
