[seed] all RNGs seeded with 2
GPU : NVIDIA GeForce RTX 3060
VRAM: 12.9 GB
Device          : cuda:0
Actors          : 4 per-vehicle, total 85,092 params
Critic params   : 79,361
obs_dim=11  action_dim=25  gs_dim=49
M0 count: 2  M1 count: 2
Training for 3000 episodes (Config A_mode0c_seed2_gaefix, N=4)...

[NS3Bridge] Connected tcp://localhost:7016
Ep    0 | M0_PDR 0.638 | M1_PDR 0.651 | H_m0 3.22 H_m1 3.21 | a-0.1673 c76.4194 ent0.0500 VRAM 24MB
Ep   50 | M0_PDR 0.662 | M1_PDR 0.650 | H_m0 3.21 H_m1 3.19 | a-0.1595 c55.4693 ent0.0492 VRAM 24MB
Ep  100 | M0_PDR 0.625 | M1_PDR 0.666 | H_m0 3.20 H_m1 3.18 | a-0.1556 c35.0258 ent0.0484 VRAM 24MB
Ep  150 | M0_PDR 0.624 | M1_PDR 0.691 | H_m0 3.20 H_m1 3.20 | a-0.1535 c34.4878 ent0.0475 VRAM 24MB
Ep  200 | M0_PDR 0.616 | M1_PDR 0.665 | H_m0 3.17 H_m1 3.19 | a-0.1501 c34.0326 ent0.0467 VRAM 24MB
Ep  250 | M0_PDR 0.673 | M1_PDR 0.637 | H_m0 3.19 H_m1 3.19 | a-0.1477 c40.1787 ent0.0459 VRAM 24MB
Ep  300 | M0_PDR 0.646 | M1_PDR 0.689 | H_m0 3.18 H_m1 3.18 | a-0.1450 c36.0208 ent0.0451 VRAM 24MB
Ep  350 | M0_PDR 0.676 | M1_PDR 0.657 | H_m0 3.19 H_m1 3.20 | a-0.1426 c40.9943 ent0.0443 VRAM 24MB
Ep  400 | M0_PDR 0.627 | M1_PDR 0.654 | H_m0 3.18 H_m1 3.21 | a-0.1402 c34.3579 ent0.0435 VRAM 24MB
Ep  450 | M0_PDR 0.616 | M1_PDR 0.652 | H_m0 3.17 H_m1 3.21 | a-0.1365 c35.6240 ent0.0426 VRAM 24MB
Ep  500 | M0_PDR 0.661 | M1_PDR 0.624 | H_m0 3.20 H_m1 3.21 | a-0.1345 c39.1343 ent0.0418 VRAM 24MB
Ep  550 | M0_PDR 0.667 | M1_PDR 0.644 | H_m0 3.19 H_m1 3.20 | a-0.1318 c40.0057 ent0.0410 VRAM 24MB
Ep  600 | M0_PDR 0.677 | M1_PDR 0.678 | H_m0 3.18 H_m1 3.18 | a-0.1289 c39.1236 ent0.0402 VRAM 24MB
Ep  650 | M0_PDR 0.633 | M1_PDR 0.685 | H_m0 3.20 H_m1 3.19 | a-0.1268 c34.6867 ent0.0394 VRAM 24MB
Ep  700 | M0_PDR 0.681 | M1_PDR 0.695 | H_m0 3.18 H_m1 3.20 | a-0.1239 c40.1171 ent0.0386 VRAM 24MB
Ep  750 | M0_PDR 0.672 | M1_PDR 0.691 | H_m0 3.18 H_m1 3.20 | a-0.1216 c39.1803 ent0.0377 VRAM 24MB
Ep  800 | M0_PDR 0.632 | M1_PDR 0.689 | H_m0 3.19 H_m1 3.20 | a-0.1185 c34.7522 ent0.0369 VRAM 24MB
Ep  850 | M0_PDR 0.677 | M1_PDR 0.681 | H_m0 3.18 H_m1 3.21 | a-0.1167 c39.3643 ent0.0361 VRAM 24MB
Ep  900 | M0_PDR 0.680 | M1_PDR 0.701 | H_m0 3.18 H_m1 3.20 | a-0.1135 c39.2000 ent0.0353 VRAM 24MB
Ep  950 | M0_PDR 0.702 | M1_PDR 0.652 | H_m0 3.17 H_m1 3.20 | a-0.1108 c42.3319 ent0.0345 VRAM 24MB
Ep 1000 | M0_PDR 0.653 | M1_PDR 0.679 | H_m0 3.18 H_m1 3.20 | a-0.1078 c37.0274 ent0.0337 VRAM 24MB
Ep 1050 | M0_PDR 0.681 | M1_PDR 0.677 | H_m0 3.16 H_m1 3.21 | a-0.1049 c40.2190 ent0.0328 VRAM 24MB
Ep 1100 | M0_PDR 0.655 | M1_PDR 0.657 | H_m0 3.15 H_m1 3.21 | a-0.1028 c36.8307 ent0.0320 VRAM 24MB
Ep 1150 | M0_PDR 0.681 | M1_PDR 0.634 | H_m0 3.14 H_m1 3.21 | a-0.0997 c40.4916 ent0.0312 VRAM 24MB
Ep 1200 | M0_PDR 0.636 | M1_PDR 0.658 | H_m0 3.13 H_m1 3.20 | a-0.0968 c34.9905 ent0.0304 VRAM 24MB
Ep 1250 | M0_PDR 0.675 | M1_PDR 0.663 | H_m0 3.14 H_m1 3.20 | a-0.0944 c39.3057 ent0.0296 VRAM 24MB
Ep 1300 | M0_PDR 0.666 | M1_PDR 0.644 | H_m0 3.09 H_m1 3.20 | a-0.0911 c38.7096 ent0.0288 VRAM 24MB
Ep 1350 | M0_PDR 0.672 | M1_PDR 0.631 | H_m0 3.05 H_m1 3.21 | a-0.0878 c40.0709 ent0.0279 VRAM 24MB
Ep 1400 | M0_PDR 0.671 | M1_PDR 0.621 | H_m0 3.11 H_m1 3.20 | a-0.0858 c40.7488 ent0.0271 VRAM 24MB
Ep 1450 | M0_PDR 0.714 | M1_PDR 0.696 | H_m0 3.10 H_m1 3.20 | a-0.0836 c44.0952 ent0.0263 VRAM 24MB
Ep 1500 | M0_PDR 0.690 | M1_PDR 0.645 | H_m0 3.13 H_m1 3.20 | a-0.0813 c41.3295 ent0.0255 VRAM 24MB
Ep 1550 | M0_PDR 0.664 | M1_PDR 0.629 | H_m0 3.13 H_m1 3.20 | a-0.0785 c38.8539 ent0.0247 VRAM 24MB
Ep 1600 | M0_PDR 0.641 | M1_PDR 0.682 | H_m0 3.15 H_m1 3.19 | a-0.0762 c35.6456 ent0.0239 VRAM 24MB
Ep 1650 | M0_PDR 0.650 | M1_PDR 0.665 | H_m0 3.15 H_m1 3.19 | a-0.0734 c38.3863 ent0.0230 VRAM 24MB
Ep 1700 | M0_PDR 0.650 | M1_PDR 0.663 | H_m0 3.14 H_m1 3.19 | a-0.0707 c36.6419 ent0.0222 VRAM 24MB
Ep 1750 | M0_PDR 0.657 | M1_PDR 0.645 | H_m0 3.11 H_m1 3.19 | a-0.0679 c38.0773 ent0.0214 VRAM 24MB
Ep 1800 | M0_PDR 0.707 | M1_PDR 0.617 | H_m0 3.07 H_m1 3.19 | a-0.0651 c43.3508 ent0.0206 VRAM 24MB
Ep 1850 | M0_PDR 0.656 | M1_PDR 0.651 | H_m0 3.08 H_m1 3.19 | a-0.0623 c38.2094 ent0.0198 VRAM 24MB
Ep 1900 | M0_PDR 0.689 | M1_PDR 0.659 | H_m0 3.05 H_m1 3.19 | a-0.0595 c41.7173 ent0.0190 VRAM 24MB
Ep 1950 | M0_PDR 0.639 | M1_PDR 0.637 | H_m0 3.06 H_m1 3.20 | a-0.0572 c37.0125 ent0.0181 VRAM 24MB
Ep 2000 | M0_PDR 0.680 | M1_PDR 0.635 | H_m0 3.03 H_m1 3.19 | a-0.0542 c40.3973 ent0.0173 VRAM 24MB
Ep 2050 | M0_PDR 0.682 | M1_PDR 0.653 | H_m0 3.05 H_m1 3.19 | a-0.0518 c40.1963 ent0.0165 VRAM 24MB
Ep 2100 | M0_PDR 0.688 | M1_PDR 0.630 | H_m0 3.08 H_m1 3.20 | a-0.0495 c41.0592 ent0.0157 VRAM 24MB
Ep 2150 | M0_PDR 0.705 | M1_PDR 0.633 | H_m0 3.07 H_m1 3.20 | a-0.0467 c42.9335 ent0.0149 VRAM 24MB
Ep 2200 | M0_PDR 0.691 | M1_PDR 0.612 | H_m0 3.06 H_m1 3.20 | a-0.0441 c42.5357 ent0.0141 VRAM 24MB
Ep 2250 | M0_PDR 0.642 | M1_PDR 0.645 | H_m0 3.03 H_m1 3.20 | a-0.0414 c36.4248 ent0.0132 VRAM 24MB
Ep 2300 | M0_PDR 0.659 | M1_PDR 0.649 | H_m0 3.02 H_m1 3.20 | a-0.0388 c40.3767 ent0.0124 VRAM 24MB
Ep 2350 | M0_PDR 0.738 | M1_PDR 0.621 | H_m0 3.00 H_m1 3.20 | a-0.0363 c46.7813 ent0.0116 VRAM 24MB
Ep 2400 | M0_PDR 0.684 | M1_PDR 0.641 | H_m0 3.00 H_m1 3.20 | a-0.0336 c42.0464 ent0.0108 VRAM 24MB
Ep 2450 | M0_PDR 0.715 | M1_PDR 0.627 | H_m0 2.98 H_m1 3.20 | a-0.0310 c44.3155 ent0.0100 VRAM 24MB
Ep 2500 | M0_PDR 0.680 | M1_PDR 0.653 | H_m0 2.99 H_m1 3.20 | a-0.0285 c40.2931 ent0.0092 VRAM 24MB
Ep 2550 | M0_PDR 0.684 | M1_PDR 0.653 | H_m0 2.97 H_m1 3.20 | a-0.0258 c40.6098 ent0.0083 VRAM 24MB
Ep 2600 | M0_PDR 0.699 | M1_PDR 0.661 | H_m0 2.97 H_m1 3.20 | a-0.0233 c42.7625 ent0.0075 VRAM 24MB
Ep 2650 | M0_PDR 0.693 | M1_PDR 0.619 | H_m0 2.96 H_m1 3.20 | a-0.0207 c42.8775 ent0.0067 VRAM 24MB
Ep 2700 | M0_PDR 0.700 | M1_PDR 0.663 | H_m0 2.95 H_m1 3.20 | a-0.0182 c42.1344 ent0.0059 VRAM 24MB
Ep 2750 | M0_PDR 0.720 | M1_PDR 0.658 | H_m0 2.95 H_m1 3.20 | a-0.0156 c44.8123 ent0.0051 VRAM 24MB
Ep 2800 | M0_PDR 0.733 | M1_PDR 0.641 | H_m0 2.95 H_m1 3.20 | a-0.0131 c46.5596 ent0.0043 VRAM 24MB
Ep 2850 | M0_PDR 0.680 | M1_PDR 0.632 | H_m0 2.96 H_m1 3.20 | a-0.0106 c40.2223 ent0.0034 VRAM 24MB
Ep 2900 | M0_PDR 0.704 | M1_PDR 0.642 | H_m0 2.95 H_m1 3.20 | a-0.0081 c43.2721 ent0.0026 VRAM 24MB
Ep 2950 | M0_PDR 0.749 | M1_PDR 0.628 | H_m0 2.94 H_m1 3.20 | a-0.0056 c49.3857 ent0.0018 VRAM 24MB

Training complete. Running 100 eval episodes...

  Eval ep   0: M0_PDR=0.660  M1_PDR=0.685
  Eval ep  20: M0_PDR=0.741  M1_PDR=0.664
  Eval ep  40: M0_PDR=0.717  M1_PDR=0.607
  Eval ep  60: M0_PDR=0.695  M1_PDR=0.623
  Eval ep  80: M0_PDR=0.690  M1_PDR=0.616

=== Eval Summary (100 episodes) ===
  M0_PDR_mean         : 0.6905
  M0_PDR_p05 (across) : 0.6526
  M0_PDR_p05 (intra)  : 0.0074
  M1_PDR_mean         : 0.6312
  M0_SINR_mean (dB)   : 14.95
  M1_SINR_mean (dB)   : 8.54
  M0_collision_rate   : 0.483
  M0_collision_within_pool : 0.196
  M1_collision_within_pool : 0.207

Result saved -> results/_A_mode0c_seed2_gaefix.json
  N=4  rho=0.8  M0_PDR=0.690  M1_PDR=0.631
Checkpoint saved -> checkpoints/A_mode0c_seed2_gaefix_actors.pt
[NS3Bridge] Shutdown complete.
Run complete.
