[seed] all RNGs seeded with 1
GPU : NVIDIA GeForce RTX 3060
VRAM: 12.9 GB
Device          : cuda:0
Actors          : 10 per-vehicle, total 228,190 params
Critic params   : 101,889
obs_dim=13  action_dim=35  gs_dim=137
M0 count: 5  M1 count: 5
Training for 5000 episodes (Config A_mode0c_N10_M7_seed1_gaefix_g05_ent01, N=10)...

[NS3Bridge] Connected tcp://localhost:8256
Ep    0 | M0_PDR 0.639 | M1_PDR 0.662 | H_m0 3.55 H_m1 3.55 | a-0.0452 c0.8578 ent0.0100 VRAM 37MB
Ep   50 | M0_PDR 0.835 | M1_PDR 0.621 | H_m0 1.38 H_m1 3.50 | a-0.0291 c0.9513 ent0.0099 VRAM 37MB
Ep  100 | M0_PDR 0.970 | M1_PDR 0.738 | H_m0 0.25 H_m1 2.48 | a-0.0159 c1.1075 ent0.0098 VRAM 37MB
Ep  150 | M0_PDR 0.960 | M1_PDR 0.798 | H_m0 0.19 H_m1 1.68 | a-0.0112 c1.0675 ent0.0097 VRAM 37MB
Ep  200 | M0_PDR 0.975 | M1_PDR 0.901 | H_m0 0.03 H_m1 0.86 | a-0.0058 c1.0501 ent0.0096 VRAM 37MB
Ep  250 | M0_PDR 0.971 | M1_PDR 0.924 | H_m0 0.03 H_m1 0.90 | a-0.0066 c1.0267 ent0.0095 VRAM 37MB
Ep  300 | M0_PDR 0.969 | M1_PDR 0.962 | H_m0 0.02 H_m1 0.40 | a-0.0025 c1.0070 ent0.0095 VRAM 37MB
Ep  350 | M0_PDR 0.976 | M1_PDR 0.970 | H_m0 0.03 H_m1 0.36 | a-0.0019 c1.0087 ent0.0094 VRAM 37MB
Ep  400 | M0_PDR 0.974 | M1_PDR 0.978 | H_m0 0.04 H_m1 0.30 | a-0.0021 c0.9971 ent0.0093 VRAM 37MB
Ep  450 | M0_PDR 0.981 | M1_PDR 0.981 | H_m0 0.01 H_m1 0.20 | a-0.0013 c1.0084 ent0.0092 VRAM 37MB
Ep  500 | M0_PDR 0.974 | M1_PDR 0.981 | H_m0 0.01 H_m1 0.18 | a-0.0010 c0.9942 ent0.0091 VRAM 37MB
Ep  550 | M0_PDR 0.979 | M1_PDR 0.980 | H_m0 0.01 H_m1 0.28 | a-0.0027 c0.9991 ent0.0090 VRAM 37MB
Ep  600 | M0_PDR 0.972 | M1_PDR 0.966 | H_m0 0.00 H_m1 0.43 | a-0.0022 c1.0005 ent0.0089 VRAM 37MB
Ep  650 | M0_PDR 0.971 | M1_PDR 0.928 | H_m0 0.00 H_m1 0.85 | a-0.0053 c1.0262 ent0.0088 VRAM 37MB
Ep  700 | M0_PDR 0.978 | M1_PDR 0.909 | H_m0 0.00 H_m1 1.05 | a-0.0075 c1.0348 ent0.0087 VRAM 37MB
Ep  750 | M0_PDR 0.962 | M1_PDR 0.962 | H_m0 0.00 H_m1 0.54 | a-0.0029 c0.9939 ent0.0086 VRAM 37MB
Ep  800 | M0_PDR 0.975 | M1_PDR 0.952 | H_m0 0.00 H_m1 0.68 | a-0.0048 c1.0163 ent0.0086 VRAM 37MB
Ep  850 | M0_PDR 0.976 | M1_PDR 0.967 | H_m0 0.00 H_m1 0.35 | a-0.0020 c1.0137 ent0.0085 VRAM 37MB
Ep  900 | M0_PDR 0.972 | M1_PDR 0.978 | H_m0 0.00 H_m1 0.22 | a-0.0010 c0.9955 ent0.0084 VRAM 37MB
Ep  950 | M0_PDR 0.971 | M1_PDR 0.986 | H_m0 0.00 H_m1 0.17 | a-0.0008 c0.9912 ent0.0083 VRAM 37MB
Ep 1000 | M0_PDR 0.979 | M1_PDR 0.984 | H_m0 0.00 H_m1 0.24 | a-0.0014 c1.0028 ent0.0082 VRAM 37MB
Ep 1050 | M0_PDR 0.975 | M1_PDR 0.968 | H_m0 0.00 H_m1 0.28 | a-0.0014 c1.0050 ent0.0081 VRAM 37MB
Ep 1100 | M0_PDR 0.979 | M1_PDR 0.975 | H_m0 0.00 H_m1 0.18 | a-0.0010 c1.0019 ent0.0080 VRAM 37MB
Ep 1150 | M0_PDR 0.978 | M1_PDR 0.983 | H_m0 0.00 H_m1 0.21 | a-0.0013 c1.0050 ent0.0079 VRAM 37MB
Ep 1200 | M0_PDR 0.977 | M1_PDR 0.972 | H_m0 0.00 H_m1 0.24 | a-0.0012 c1.0066 ent0.0078 VRAM 37MB
Ep 1250 | M0_PDR 0.976 | M1_PDR 0.983 | H_m0 0.00 H_m1 0.22 | a-0.0018 c1.0012 ent0.0077 VRAM 37MB
Ep 1300 | M0_PDR 0.970 | M1_PDR 0.978 | H_m0 0.00 H_m1 0.12 | a-0.0005 c0.9994 ent0.0077 VRAM 37MB
Ep 1350 | M0_PDR 0.967 | M1_PDR 0.980 | H_m0 0.00 H_m1 0.12 | a-0.0004 c0.9840 ent0.0076 VRAM 37MB
Ep 1400 | M0_PDR 0.976 | M1_PDR 0.980 | H_m0 0.00 H_m1 0.33 | a-0.0021 c0.9970 ent0.0075 VRAM 37MB
Ep 1450 | M0_PDR 0.979 | M1_PDR 0.978 | H_m0 0.00 H_m1 0.32 | a-0.0016 c1.0004 ent0.0074 VRAM 37MB
Ep 1500 | M0_PDR 0.982 | M1_PDR 0.969 | H_m0 0.00 H_m1 0.42 | a-0.0020 c1.0177 ent0.0073 VRAM 37MB
Ep 1550 | M0_PDR 0.973 | M1_PDR 0.974 | H_m0 0.00 H_m1 0.40 | a-0.0020 c0.9947 ent0.0072 VRAM 37MB
Ep 1600 | M0_PDR 0.981 | M1_PDR 0.971 | H_m0 0.00 H_m1 0.34 | a-0.0021 c1.0126 ent0.0071 VRAM 37MB
Ep 1650 | M0_PDR 0.980 | M1_PDR 0.973 | H_m0 0.00 H_m1 0.19 | a-0.0010 c1.0079 ent0.0070 VRAM 37MB
Ep 1700 | M0_PDR 0.976 | M1_PDR 0.983 | H_m0 0.00 H_m1 0.17 | a-0.0009 c0.9979 ent0.0069 VRAM 37MB
Ep 1750 | M0_PDR 0.971 | M1_PDR 0.981 | H_m0 0.00 H_m1 0.23 | a-0.0009 c0.9936 ent0.0068 VRAM 37MB
Ep 1800 | M0_PDR 0.975 | M1_PDR 0.986 | H_m0 0.00 H_m1 0.17 | a-0.0007 c0.9925 ent0.0068 VRAM 37MB
Ep 1850 | M0_PDR 0.970 | M1_PDR 0.981 | H_m0 0.00 H_m1 0.25 | a-0.0016 c0.9938 ent0.0067 VRAM 37MB
Ep 1900 | M0_PDR 0.977 | M1_PDR 0.968 | H_m0 0.00 H_m1 0.38 | a-0.0011 c1.0071 ent0.0066 VRAM 37MB
Ep 1950 | M0_PDR 0.976 | M1_PDR 0.970 | H_m0 0.00 H_m1 0.35 | a-0.0018 c0.9988 ent0.0065 VRAM 37MB
Ep 2000 | M0_PDR 0.970 | M1_PDR 0.979 | H_m0 0.00 H_m1 0.22 | a-0.0009 c0.9937 ent0.0064 VRAM 37MB
Ep 2050 | M0_PDR 0.974 | M1_PDR 0.969 | H_m0 0.00 H_m1 0.23 | a-0.0010 c1.0031 ent0.0063 VRAM 37MB
Ep 2100 | M0_PDR 0.973 | M1_PDR 0.974 | H_m0 0.00 H_m1 0.16 | a-0.0006 c0.9946 ent0.0062 VRAM 37MB
Ep 2150 | M0_PDR 0.976 | M1_PDR 0.980 | H_m0 0.00 H_m1 0.27 | a-0.0004 c1.0000 ent0.0061 VRAM 37MB
Ep 2200 | M0_PDR 0.974 | M1_PDR 0.974 | H_m0 0.00 H_m1 0.22 | a-0.0004 c0.9987 ent0.0060 VRAM 37MB
Ep 2250 | M0_PDR 0.978 | M1_PDR 0.985 | H_m0 0.00 H_m1 0.22 | a-0.0009 c1.0035 ent0.0059 VRAM 37MB
Ep 2300 | M0_PDR 0.972 | M1_PDR 0.979 | H_m0 0.00 H_m1 0.34 | a-0.0014 c0.9938 ent0.0059 VRAM 37MB
Ep 2350 | M0_PDR 0.969 | M1_PDR 0.977 | H_m0 0.00 H_m1 0.30 | a-0.0013 c0.9875 ent0.0058 VRAM 37MB
Ep 2400 | M0_PDR 0.972 | M1_PDR 0.979 | H_m0 0.00 H_m1 0.32 | a-0.0009 c0.9903 ent0.0057 VRAM 37MB
Ep 2450 | M0_PDR 0.975 | M1_PDR 0.982 | H_m0 0.00 H_m1 0.35 | a-0.0010 c1.0003 ent0.0056 VRAM 37MB
Ep 2500 | M0_PDR 0.974 | M1_PDR 0.962 | H_m0 0.00 H_m1 0.47 | a-0.0018 c1.0071 ent0.0055 VRAM 37MB
Ep 2550 | M0_PDR 0.973 | M1_PDR 0.971 | H_m0 0.00 H_m1 0.29 | a-0.0013 c0.9893 ent0.0054 VRAM 37MB
Ep 2600 | M0_PDR 0.980 | M1_PDR 0.971 | H_m0 0.00 H_m1 0.29 | a-0.0014 c1.0100 ent0.0053 VRAM 37MB
Ep 2650 | M0_PDR 0.969 | M1_PDR 0.975 | H_m0 0.00 H_m1 0.25 | a-0.0007 c0.9912 ent0.0052 VRAM 37MB
Ep 2700 | M0_PDR 0.968 | M1_PDR 0.981 | H_m0 0.00 H_m1 0.25 | a-0.0008 c0.9911 ent0.0051 VRAM 37MB
Ep 2750 | M0_PDR 0.971 | M1_PDR 0.979 | H_m0 0.00 H_m1 0.22 | a-0.0010 c0.9937 ent0.0050 VRAM 37MB
Ep 2800 | M0_PDR 0.979 | M1_PDR 0.974 | H_m0 0.00 H_m1 0.29 | a-0.0006 c1.0068 ent0.0050 VRAM 37MB
Ep 2850 | M0_PDR 0.975 | M1_PDR 0.982 | H_m0 0.00 H_m1 0.25 | a-0.0008 c1.0001 ent0.0049 VRAM 37MB
Ep 2900 | M0_PDR 0.975 | M1_PDR 0.976 | H_m0 0.00 H_m1 0.25 | a-0.0007 c0.9992 ent0.0048 VRAM 37MB
Ep 2950 | M0_PDR 0.977 | M1_PDR 0.982 | H_m0 0.00 H_m1 0.26 | a-0.0011 c0.9989 ent0.0047 VRAM 37MB
Ep 3000 | M0_PDR 0.980 | M1_PDR 0.968 | H_m0 0.00 H_m1 0.34 | a-0.0008 c1.0075 ent0.0046 VRAM 37MB
Ep 3050 | M0_PDR 0.977 | M1_PDR 0.980 | H_m0 0.00 H_m1 0.28 | a-0.0008 c1.0014 ent0.0045 VRAM 37MB
Ep 3100 | M0_PDR 0.967 | M1_PDR 0.982 | H_m0 0.00 H_m1 0.32 | a-0.0011 c0.9842 ent0.0044 VRAM 37MB
Ep 3150 | M0_PDR 0.972 | M1_PDR 0.977 | H_m0 0.00 H_m1 0.33 | a-0.0011 c0.9900 ent0.0043 VRAM 37MB
Ep 3200 | M0_PDR 0.975 | M1_PDR 0.980 | H_m0 0.00 H_m1 0.31 | a-0.0007 c0.9942 ent0.0042 VRAM 37MB
Ep 3250 | M0_PDR 0.978 | M1_PDR 0.970 | H_m0 0.00 H_m1 0.29 | a-0.0008 c1.0001 ent0.0041 VRAM 37MB
Ep 3300 | M0_PDR 0.967 | M1_PDR 0.977 | H_m0 0.00 H_m1 0.26 | a-0.0007 c0.9851 ent0.0041 VRAM 37MB
Ep 3350 | M0_PDR 0.972 | M1_PDR 0.983 | H_m0 0.00 H_m1 0.35 | a-0.0007 c0.9860 ent0.0040 VRAM 37MB
Ep 3400 | M0_PDR 0.981 | M1_PDR 0.984 | H_m0 0.00 H_m1 0.40 | a-0.0008 c1.0013 ent0.0039 VRAM 37MB
Ep 3450 | M0_PDR 0.974 | M1_PDR 0.986 | H_m0 0.00 H_m1 0.39 | a-0.0008 c0.9980 ent0.0038 VRAM 37MB
Ep 3500 | M0_PDR 0.975 | M1_PDR 0.965 | H_m0 0.00 H_m1 0.38 | a-0.0011 c1.0072 ent0.0037 VRAM 37MB
Ep 3550 | M0_PDR 0.973 | M1_PDR 0.978 | H_m0 0.00 H_m1 0.40 | a-0.0010 c0.9949 ent0.0036 VRAM 37MB
Ep 3600 | M0_PDR 0.971 | M1_PDR 0.980 | H_m0 0.00 H_m1 0.39 | a-0.0009 c0.9924 ent0.0035 VRAM 37MB
Ep 3650 | M0_PDR 0.976 | M1_PDR 0.974 | H_m0 0.00 H_m1 0.39 | a-0.0007 c0.9983 ent0.0034 VRAM 37MB
Ep 3700 | M0_PDR 0.981 | M1_PDR 0.978 | H_m0 0.00 H_m1 0.35 | a-0.0006 c1.0050 ent0.0033 VRAM 37MB
Ep 3750 | M0_PDR 0.975 | M1_PDR 0.984 | H_m0 0.00 H_m1 0.35 | a-0.0007 c0.9952 ent0.0032 VRAM 37MB
Ep 3800 | M0_PDR 0.975 | M1_PDR 0.982 | H_m0 0.00 H_m1 0.35 | a-0.0006 c0.9987 ent0.0032 VRAM 37MB
Ep 3850 | M0_PDR 0.979 | M1_PDR 0.978 | H_m0 0.00 H_m1 0.31 | a-0.0005 c0.9979 ent0.0031 VRAM 37MB
Ep 3900 | M0_PDR 0.978 | M1_PDR 0.981 | H_m0 0.00 H_m1 0.32 | a-0.0006 c1.0019 ent0.0030 VRAM 37MB
Ep 3950 | M0_PDR 0.978 | M1_PDR 0.982 | H_m0 0.00 H_m1 0.31 | a-0.0005 c0.9968 ent0.0029 VRAM 37MB
Ep 4000 | M0_PDR 0.976 | M1_PDR 0.976 | H_m0 0.00 H_m1 0.28 | a-0.0004 c0.9948 ent0.0028 VRAM 37MB
Ep 4050 | M0_PDR 0.973 | M1_PDR 0.982 | H_m0 0.00 H_m1 0.27 | a-0.0004 c0.9910 ent0.0027 VRAM 37MB
Ep 4100 | M0_PDR 0.977 | M1_PDR 0.977 | H_m0 0.00 H_m1 0.28 | a-0.0003 c0.9969 ent0.0026 VRAM 37MB
Ep 4150 | M0_PDR 0.977 | M1_PDR 0.980 | H_m0 0.00 H_m1 0.27 | a-0.0004 c0.9989 ent0.0025 VRAM 37MB
Ep 4200 | M0_PDR 0.975 | M1_PDR 0.975 | H_m0 0.00 H_m1 0.27 | a-0.0004 c0.9967 ent0.0024 VRAM 37MB
Ep 4250 | M0_PDR 0.971 | M1_PDR 0.981 | H_m0 0.00 H_m1 0.25 | a-0.0003 c0.9879 ent0.0023 VRAM 37MB
Ep 4300 | M0_PDR 0.980 | M1_PDR 0.982 | H_m0 0.00 H_m1 0.26 | a-0.0003 c1.0044 ent0.0023 VRAM 37MB
Ep 4350 | M0_PDR 0.974 | M1_PDR 0.982 | H_m0 0.00 H_m1 0.26 | a-0.0003 c0.9935 ent0.0022 VRAM 37MB
Ep 4400 | M0_PDR 0.977 | M1_PDR 0.979 | H_m0 0.00 H_m1 0.27 | a-0.0003 c0.9990 ent0.0021 VRAM 37MB
Ep 4450 | M0_PDR 0.980 | M1_PDR 0.982 | H_m0 0.00 H_m1 0.27 | a-0.0003 c1.0003 ent0.0020 VRAM 37MB
Ep 4500 | M0_PDR 0.971 | M1_PDR 0.978 | H_m0 0.00 H_m1 0.27 | a-0.0003 c0.9843 ent0.0019 VRAM 37MB
Ep 4550 | M0_PDR 0.978 | M1_PDR 0.981 | H_m0 0.00 H_m1 0.27 | a-0.0003 c1.0032 ent0.0018 VRAM 37MB
Ep 4600 | M0_PDR 0.970 | M1_PDR 0.979 | H_m0 0.00 H_m1 0.27 | a-0.0003 c0.9927 ent0.0017 VRAM 37MB
Ep 4650 | M0_PDR 0.972 | M1_PDR 0.981 | H_m0 0.00 H_m1 0.27 | a-0.0002 c0.9905 ent0.0016 VRAM 37MB
Ep 4700 | M0_PDR 0.977 | M1_PDR 0.986 | H_m0 0.00 H_m1 0.27 | a-0.0002 c0.9979 ent0.0015 VRAM 37MB
Ep 4750 | M0_PDR 0.970 | M1_PDR 0.978 | H_m0 0.00 H_m1 0.27 | a-0.0002 c0.9870 ent0.0014 VRAM 37MB
Ep 4800 | M0_PDR 0.975 | M1_PDR 0.977 | H_m0 0.00 H_m1 0.27 | a-0.0002 c0.9951 ent0.0014 VRAM 37MB
Ep 4850 | M0_PDR 0.970 | M1_PDR 0.983 | H_m0 0.00 H_m1 0.27 | a-0.0002 c0.9845 ent0.0013 VRAM 37MB
Ep 4900 | M0_PDR 0.976 | M1_PDR 0.984 | H_m0 0.00 H_m1 0.27 | a-0.0002 c0.9996 ent0.0012 VRAM 37MB
Ep 4950 | M0_PDR 0.975 | M1_PDR 0.985 | H_m0 0.00 H_m1 0.27 | a-0.0002 c0.9924 ent0.0011 VRAM 37MB

Training complete. Running 100 eval episodes...

  Eval ep   0: M0_PDR=0.973  M1_PDR=0.985
  Eval ep  20: M0_PDR=0.980  M1_PDR=0.971
  Eval ep  40: M0_PDR=0.971  M1_PDR=0.979
  Eval ep  60: M0_PDR=0.975  M1_PDR=0.984
  Eval ep  80: M0_PDR=0.974  M1_PDR=0.987

=== Eval Summary (100 episodes) ===
  M0_PDR_mean         : 0.9748
  M0_PDR_p05 (across) : 0.9666
  M0_PDR_p05 (intra)  : 0.8008
  M1_PDR_mean         : 0.9806
  M0_SINR_mean (dB)   : 31.11
  M1_SINR_mean (dB)   : 30.65
  M0_collision_rate   : 0.600
  M0_collision_within_pool : 0.000
  M1_collision_within_pool : 0.002

Result saved -> results/_A_mode0c_N10_M7_seed1_gaefix_g05_ent01.json
  N=10  rho=1.43  M0_PDR=0.975  M1_PDR=0.981
Checkpoint saved -> checkpoints/A_mode0c_N10_M7_seed1_gaefix_g05_ent01_actors.pt
[NS3Bridge] Shutdown complete.
Run complete.
