[seed] all RNGs seeded with 3
GPU : NVIDIA GeForce RTX 3060
VRAM: 12.9 GB
Device          : cuda:0
Actors          : 4 per-vehicle, total 85,092 params
Critic params   : 79,361
obs_dim=11  action_dim=25  gs_dim=49
M0 count: 2  M1 count: 2
Training for 3000 episodes (Config A_mode0c_seed3_gaefix_g05, N=4)...

[NS3Bridge] Connected tcp://localhost:7086
Ep    0 | M0_PDR 0.651 | M1_PDR 0.690 | H_m0 3.22 H_m1 3.21 | a-0.1678 c1.0216 ent0.0500 VRAM 24MB
Ep   50 | M0_PDR 0.717 | M1_PDR 0.634 | H_m0 2.67 H_m1 3.17 | a-0.1473 c0.8228 ent0.0492 VRAM 24MB
Ep  100 | M0_PDR 0.865 | M1_PDR 0.664 | H_m0 1.41 H_m1 3.06 | a-0.1112 c0.9972 ent0.0484 VRAM 24MB
Ep  150 | M0_PDR 0.908 | M1_PDR 0.740 | H_m0 1.35 H_m1 2.86 | a-0.1036 c1.0284 ent0.0475 VRAM 24MB
Ep  200 | M0_PDR 0.968 | M1_PDR 0.816 | H_m0 1.06 H_m1 2.39 | a-0.0860 c1.0685 ent0.0467 VRAM 24MB
Ep  250 | M0_PDR 0.976 | M1_PDR 0.802 | H_m0 1.00 H_m1 2.41 | a-0.0829 c1.0855 ent0.0459 VRAM 24MB
Ep  300 | M0_PDR 0.983 | M1_PDR 0.808 | H_m0 1.07 H_m1 2.52 | a-0.0839 c1.0903 ent0.0451 VRAM 24MB
Ep  350 | M0_PDR 0.977 | M1_PDR 0.759 | H_m0 1.08 H_m1 2.57 | a-0.0875 c1.1092 ent0.0443 VRAM 24MB
Ep  400 | M0_PDR 0.970 | M1_PDR 0.771 | H_m0 1.00 H_m1 2.53 | a-0.0788 c1.0896 ent0.0435 VRAM 24MB
Ep  450 | M0_PDR 0.982 | M1_PDR 0.767 | H_m0 1.16 H_m1 2.65 | a-0.0838 c1.1174 ent0.0426 VRAM 24MB
Ep  500 | M0_PDR 0.975 | M1_PDR 0.738 | H_m0 1.13 H_m1 2.62 | a-0.0791 c1.1155 ent0.0418 VRAM 24MB
Ep  550 | M0_PDR 0.992 | M1_PDR 0.823 | H_m0 1.13 H_m1 2.49 | a-0.0771 c1.0986 ent0.0410 VRAM 24MB
Ep  600 | M0_PDR 0.979 | M1_PDR 0.802 | H_m0 1.16 H_m1 2.72 | a-0.0796 c1.0860 ent0.0402 VRAM 24MB
Ep  650 | M0_PDR 0.983 | M1_PDR 0.782 | H_m0 1.05 H_m1 2.66 | a-0.0742 c1.1053 ent0.0394 VRAM 24MB
Ep  700 | M0_PDR 0.979 | M1_PDR 0.739 | H_m0 0.97 H_m1 2.68 | a-0.0717 c1.1248 ent0.0386 VRAM 24MB
Ep  750 | M0_PDR 0.974 | M1_PDR 0.791 | H_m0 1.07 H_m1 2.56 | a-0.0703 c1.0942 ent0.0377 VRAM 24MB
Ep  800 | M0_PDR 0.995 | M1_PDR 0.827 | H_m0 1.13 H_m1 2.59 | a-0.0715 c1.1012 ent0.0369 VRAM 24MB
Ep  850 | M0_PDR 0.980 | M1_PDR 0.794 | H_m0 1.15 H_m1 2.50 | a-0.0677 c1.0885 ent0.0361 VRAM 24MB
Ep  900 | M0_PDR 0.995 | M1_PDR 0.840 | H_m0 1.04 H_m1 2.47 | a-0.0634 c1.0936 ent0.0353 VRAM 24MB
Ep  950 | M0_PDR 0.996 | M1_PDR 0.805 | H_m0 1.03 H_m1 2.49 | a-0.0629 c1.1104 ent0.0345 VRAM 24MB
Ep 1000 | M0_PDR 0.986 | M1_PDR 0.812 | H_m0 1.08 H_m1 2.41 | a-0.0628 c1.0921 ent0.0337 VRAM 24MB
Ep 1050 | M0_PDR 0.982 | M1_PDR 0.788 | H_m0 1.10 H_m1 2.36 | a-0.0596 c1.0957 ent0.0328 VRAM 24MB
Ep 1100 | M0_PDR 0.998 | M1_PDR 0.809 | H_m0 1.09 H_m1 2.48 | a-0.0590 c1.1167 ent0.0320 VRAM 24MB
Ep 1150 | M0_PDR 0.995 | M1_PDR 0.793 | H_m0 1.05 H_m1 2.44 | a-0.0554 c1.1204 ent0.0312 VRAM 24MB
Ep 1200 | M0_PDR 0.998 | M1_PDR 0.849 | H_m0 0.96 H_m1 2.38 | a-0.0523 c1.0932 ent0.0304 VRAM 24MB
Ep 1250 | M0_PDR 1.000 | M1_PDR 0.823 | H_m0 1.07 H_m1 2.33 | a-0.0512 c1.1093 ent0.0296 VRAM 24MB
Ep 1300 | M0_PDR 0.993 | M1_PDR 0.830 | H_m0 1.12 H_m1 2.39 | a-0.0511 c1.0928 ent0.0288 VRAM 24MB
Ep 1350 | M0_PDR 0.990 | M1_PDR 0.862 | H_m0 1.11 H_m1 2.33 | a-0.0490 c1.0758 ent0.0279 VRAM 24MB
Ep 1400 | M0_PDR 0.997 | M1_PDR 0.824 | H_m0 1.14 H_m1 2.29 | a-0.0483 c1.1031 ent0.0271 VRAM 24MB
Ep 1450 | M0_PDR 0.995 | M1_PDR 0.880 | H_m0 1.18 H_m1 2.13 | a-0.0442 c1.0697 ent0.0263 VRAM 24MB
Ep 1500 | M0_PDR 0.992 | M1_PDR 0.851 | H_m0 1.21 H_m1 2.23 | a-0.0448 c1.0780 ent0.0255 VRAM 24MB
Ep 1550 | M0_PDR 0.992 | M1_PDR 0.894 | H_m0 1.12 H_m1 2.18 | a-0.0413 c1.0618 ent0.0247 VRAM 24MB
Ep 1600 | M0_PDR 0.995 | M1_PDR 0.879 | H_m0 1.13 H_m1 2.19 | a-0.0403 c1.0736 ent0.0239 VRAM 24MB
Ep 1650 | M0_PDR 1.000 | M1_PDR 0.866 | H_m0 1.20 H_m1 2.23 | a-0.0405 c1.0859 ent0.0230 VRAM 24MB
Ep 1700 | M0_PDR 0.995 | M1_PDR 0.863 | H_m0 1.20 H_m1 2.26 | a-0.0398 c1.0769 ent0.0222 VRAM 24MB
Ep 1750 | M0_PDR 1.000 | M1_PDR 0.876 | H_m0 1.22 H_m1 2.26 | a-0.0385 c1.0806 ent0.0214 VRAM 24MB
Ep 1800 | M0_PDR 0.996 | M1_PDR 0.886 | H_m0 1.18 H_m1 2.15 | a-0.0353 c1.0687 ent0.0206 VRAM 24MB
Ep 1850 | M0_PDR 1.000 | M1_PDR 0.901 | H_m0 1.23 H_m1 2.10 | a-0.0333 c1.0684 ent0.0198 VRAM 24MB
Ep 1900 | M0_PDR 1.000 | M1_PDR 0.900 | H_m0 1.21 H_m1 2.01 | a-0.0315 c1.0647 ent0.0190 VRAM 24MB
Ep 1950 | M0_PDR 1.000 | M1_PDR 0.905 | H_m0 1.25 H_m1 2.07 | a-0.0315 c1.0645 ent0.0181 VRAM 24MB
Ep 2000 | M0_PDR 0.997 | M1_PDR 0.898 | H_m0 1.18 H_m1 2.03 | a-0.0285 c1.0642 ent0.0173 VRAM 24MB
Ep 2050 | M0_PDR 1.000 | M1_PDR 0.904 | H_m0 1.19 H_m1 2.03 | a-0.0272 c1.0652 ent0.0165 VRAM 24MB
Ep 2100 | M0_PDR 1.000 | M1_PDR 0.941 | H_m0 1.16 H_m1 1.98 | a-0.0246 c1.0500 ent0.0157 VRAM 24MB
Ep 2150 | M0_PDR 1.000 | M1_PDR 0.912 | H_m0 1.15 H_m1 1.94 | a-0.0235 c1.0567 ent0.0149 VRAM 24MB
Ep 2200 | M0_PDR 1.000 | M1_PDR 0.919 | H_m0 1.22 H_m1 1.89 | a-0.0224 c1.0537 ent0.0141 VRAM 24MB
Ep 2250 | M0_PDR 1.000 | M1_PDR 0.921 | H_m0 1.22 H_m1 1.92 | a-0.0209 c1.0537 ent0.0132 VRAM 24MB
Ep 2300 | M0_PDR 1.000 | M1_PDR 0.961 | H_m0 1.22 H_m1 1.91 | a-0.0196 c1.0344 ent0.0124 VRAM 24MB
Ep 2350 | M0_PDR 0.998 | M1_PDR 0.953 | H_m0 1.19 H_m1 1.91 | a-0.0184 c1.0364 ent0.0116 VRAM 24MB
Ep 2400 | M0_PDR 1.000 | M1_PDR 0.963 | H_m0 1.18 H_m1 1.93 | a-0.0170 c1.0349 ent0.0108 VRAM 24MB
Ep 2450 | M0_PDR 0.998 | M1_PDR 0.963 | H_m0 1.22 H_m1 1.90 | a-0.0157 c1.0324 ent0.0100 VRAM 24MB
Ep 2500 | M0_PDR 0.999 | M1_PDR 0.958 | H_m0 1.24 H_m1 1.89 | a-0.0146 c1.0362 ent0.0092 VRAM 24MB
Ep 2550 | M0_PDR 0.997 | M1_PDR 0.935 | H_m0 1.24 H_m1 1.88 | a-0.0131 c1.0469 ent0.0083 VRAM 24MB
Ep 2600 | M0_PDR 1.000 | M1_PDR 0.949 | H_m0 1.22 H_m1 1.85 | a-0.0117 c1.0444 ent0.0075 VRAM 24MB
Ep 2650 | M0_PDR 1.000 | M1_PDR 0.971 | H_m0 1.23 H_m1 1.82 | a-0.0105 c1.0319 ent0.0067 VRAM 24MB
Ep 2700 | M0_PDR 1.000 | M1_PDR 0.951 | H_m0 1.24 H_m1 1.80 | a-0.0092 c1.0439 ent0.0059 VRAM 24MB
Ep 2750 | M0_PDR 1.000 | M1_PDR 0.965 | H_m0 1.23 H_m1 1.79 | a-0.0077 c1.0327 ent0.0051 VRAM 24MB
Ep 2800 | M0_PDR 0.997 | M1_PDR 0.944 | H_m0 1.24 H_m1 1.80 | a-0.0065 c1.0421 ent0.0043 VRAM 24MB
Ep 2850 | M0_PDR 1.000 | M1_PDR 0.957 | H_m0 1.24 H_m1 1.77 | a-0.0052 c1.0435 ent0.0034 VRAM 24MB
Ep 2900 | M0_PDR 0.998 | M1_PDR 0.967 | H_m0 1.23 H_m1 1.78 | a-0.0042 c1.0327 ent0.0026 VRAM 24MB
Ep 2950 | M0_PDR 1.000 | M1_PDR 0.977 | H_m0 1.23 H_m1 1.75 | a-0.0028 c1.0240 ent0.0018 VRAM 24MB

Training complete. Running 100 eval episodes...

  Eval ep   0: M0_PDR=0.998  M1_PDR=0.967
  Eval ep  20: M0_PDR=1.000  M1_PDR=0.964
  Eval ep  40: M0_PDR=1.000  M1_PDR=0.939
  Eval ep  60: M0_PDR=1.000  M1_PDR=0.972
  Eval ep  80: M0_PDR=0.996  M1_PDR=0.972

=== Eval Summary (100 episodes) ===
  M0_PDR_mean         : 0.9990
  M0_PDR_p05 (across) : 0.9954
  M0_PDR_p05 (intra)  : 1.0000
  M1_PDR_mean         : 0.9640
  M0_SINR_mean (dB)   : 40.28
  M1_SINR_mean (dB)   : 37.63
  M0_collision_rate   : 0.001
  M0_collision_within_pool : 0.000
  M1_collision_within_pool : 0.060

Result saved -> results/_A_mode0c_seed3_gaefix_g05.json
  N=4  rho=0.8  M0_PDR=0.999  M1_PDR=0.964
Checkpoint saved -> checkpoints/A_mode0c_seed3_gaefix_g05_actors.pt
[NS3Bridge] Shutdown complete.
Run complete.
