[seed] all RNGs seeded with 3
GPU : NVIDIA GeForce RTX 3060
VRAM: 12.9 GB
Device          : cuda:0
Actors          : 10 per-vehicle, total 212,730 params
Critic params   : 96,257
obs_dim=11  action_dim=25  gs_dim=115
M0 count: 5  M1 count: 5
Training for 5000 episodes (Config A_mode0c_N10_seed3_gaefix, N=10)...

[NS3Bridge] Connected tcp://localhost:6946
Ep    0 | M0_PDR 0.518 | M1_PDR 0.562 | H_m0 3.21 H_m1 3.21 | a-0.1675 c47.8188 ent0.0500 VRAM 35MB
Ep   50 | M0_PDR 0.554 | M1_PDR 0.584 | H_m0 3.19 H_m1 3.18 | a-0.1596 c34.8711 ent0.0495 VRAM 35MB
Ep  100 | M0_PDR 0.526 | M1_PDR 0.579 | H_m0 3.15 H_m1 3.17 | a-0.1573 c28.8187 ent0.0490 VRAM 35MB
Ep  150 | M0_PDR 0.535 | M1_PDR 0.588 | H_m0 3.12 H_m1 3.18 | a-0.1544 c27.7885 ent0.0485 VRAM 35MB
Ep  200 | M0_PDR 0.548 | M1_PDR 0.573 | H_m0 3.10 H_m1 3.19 | a-0.1524 c29.0985 ent0.0480 VRAM 35MB
Ep  250 | M0_PDR 0.547 | M1_PDR 0.583 | H_m0 3.08 H_m1 3.20 | a-0.1509 c29.5496 ent0.0475 VRAM 35MB
Ep  300 | M0_PDR 0.567 | M1_PDR 0.570 | H_m0 3.11 H_m1 3.19 | a-0.1494 c31.9221 ent0.0471 VRAM 35MB
Ep  350 | M0_PDR 0.561 | M1_PDR 0.575 | H_m0 3.09 H_m1 3.20 | a-0.1475 c30.5057 ent0.0466 VRAM 35MB
Ep  400 | M0_PDR 0.551 | M1_PDR 0.582 | H_m0 3.10 H_m1 3.19 | a-0.1459 c30.4249 ent0.0461 VRAM 35MB
Ep  450 | M0_PDR 0.577 | M1_PDR 0.553 | H_m0 3.06 H_m1 3.20 | a-0.1442 c32.6859 ent0.0456 VRAM 35MB
Ep  500 | M0_PDR 0.535 | M1_PDR 0.539 | H_m0 3.08 H_m1 3.19 | a-0.1425 c28.8257 ent0.0451 VRAM 35MB
Ep  550 | M0_PDR 0.547 | M1_PDR 0.591 | H_m0 3.10 H_m1 3.19 | a-0.1413 c30.3366 ent0.0446 VRAM 35MB
Ep  600 | M0_PDR 0.572 | M1_PDR 0.569 | H_m0 3.10 H_m1 3.18 | a-0.1403 c32.6208 ent0.0441 VRAM 35MB
Ep  650 | M0_PDR 0.576 | M1_PDR 0.555 | H_m0 3.09 H_m1 3.20 | a-0.1380 c32.7201 ent0.0436 VRAM 35MB
Ep  700 | M0_PDR 0.550 | M1_PDR 0.578 | H_m0 3.09 H_m1 3.20 | a-0.1369 c30.7923 ent0.0431 VRAM 35MB
Ep  750 | M0_PDR 0.580 | M1_PDR 0.575 | H_m0 3.01 H_m1 3.20 | a-0.1337 c33.2530 ent0.0426 VRAM 35MB
Ep  800 | M0_PDR 0.571 | M1_PDR 0.555 | H_m0 3.04 H_m1 3.21 | a-0.1328 c33.5771 ent0.0422 VRAM 35MB
Ep  850 | M0_PDR 0.554 | M1_PDR 0.563 | H_m0 3.10 H_m1 3.21 | a-0.1320 c30.9555 ent0.0417 VRAM 35MB
Ep  900 | M0_PDR 0.586 | M1_PDR 0.591 | H_m0 3.06 H_m1 3.21 | a-0.1299 c33.7513 ent0.0412 VRAM 35MB
Ep  950 | M0_PDR 0.577 | M1_PDR 0.580 | H_m0 3.09 H_m1 3.20 | a-0.1289 c33.1137 ent0.0407 VRAM 35MB
Ep 1000 | M0_PDR 0.579 | M1_PDR 0.559 | H_m0 3.07 H_m1 3.20 | a-0.1267 c33.2801 ent0.0402 VRAM 35MB
Ep 1050 | M0_PDR 0.546 | M1_PDR 0.568 | H_m0 3.09 H_m1 3.20 | a-0.1259 c30.0449 ent0.0397 VRAM 35MB
Ep 1100 | M0_PDR 0.577 | M1_PDR 0.548 | H_m0 3.08 H_m1 3.20 | a-0.1240 c33.0781 ent0.0392 VRAM 35MB
Ep 1150 | M0_PDR 0.556 | M1_PDR 0.584 | H_m0 3.05 H_m1 3.19 | a-0.1222 c30.4448 ent0.0387 VRAM 35MB
Ep 1200 | M0_PDR 0.577 | M1_PDR 0.552 | H_m0 3.08 H_m1 3.20 | a-0.1209 c33.1774 ent0.0382 VRAM 35MB
Ep 1250 | M0_PDR 0.566 | M1_PDR 0.587 | H_m0 3.05 H_m1 3.20 | a-0.1189 c31.3243 ent0.0377 VRAM 35MB
Ep 1300 | M0_PDR 0.598 | M1_PDR 0.598 | H_m0 2.99 H_m1 3.20 | a-0.1160 c34.7782 ent0.0373 VRAM 35MB
Ep 1350 | M0_PDR 0.577 | M1_PDR 0.589 | H_m0 2.98 H_m1 3.20 | a-0.1146 c34.2811 ent0.0368 VRAM 35MB
Ep 1400 | M0_PDR 0.575 | M1_PDR 0.586 | H_m0 3.02 H_m1 3.20 | a-0.1137 c32.9639 ent0.0363 VRAM 35MB
Ep 1450 | M0_PDR 0.572 | M1_PDR 0.529 | H_m0 3.00 H_m1 3.20 | a-0.1119 c33.2597 ent0.0358 VRAM 35MB
Ep 1500 | M0_PDR 0.586 | M1_PDR 0.555 | H_m0 3.02 H_m1 3.21 | a-0.1107 c32.7313 ent0.0353 VRAM 35MB
Ep 1550 | M0_PDR 0.606 | M1_PDR 0.587 | H_m0 2.97 H_m1 3.20 | a-0.1082 c35.4130 ent0.0348 VRAM 35MB
Ep 1600 | M0_PDR 0.596 | M1_PDR 0.525 | H_m0 2.95 H_m1 3.21 | a-0.1067 c35.1867 ent0.0343 VRAM 35MB
Ep 1650 | M0_PDR 0.580 | M1_PDR 0.560 | H_m0 2.99 H_m1 3.20 | a-0.1054 c33.4885 ent0.0338 VRAM 35MB
Ep 1700 | M0_PDR 0.589 | M1_PDR 0.540 | H_m0 2.96 H_m1 3.20 | a-0.1037 c34.6375 ent0.0333 VRAM 35MB
Ep 1750 | M0_PDR 0.592 | M1_PDR 0.577 | H_m0 2.96 H_m1 3.20 | a-0.1018 c34.6626 ent0.0328 VRAM 35MB
Ep 1800 | M0_PDR 0.588 | M1_PDR 0.557 | H_m0 2.97 H_m1 3.19 | a-0.1006 c32.8958 ent0.0324 VRAM 35MB
Ep 1850 | M0_PDR 0.577 | M1_PDR 0.558 | H_m0 2.98 H_m1 3.18 | a-0.0989 c32.6294 ent0.0319 VRAM 35MB
Ep 1900 | M0_PDR 0.578 | M1_PDR 0.565 | H_m0 2.96 H_m1 3.18 | a-0.0970 c34.0763 ent0.0314 VRAM 35MB
Ep 1950 | M0_PDR 0.583 | M1_PDR 0.542 | H_m0 2.96 H_m1 3.19 | a-0.0957 c33.2211 ent0.0309 VRAM 35MB
Ep 2000 | M0_PDR 0.557 | M1_PDR 0.579 | H_m0 2.95 H_m1 3.18 | a-0.0939 c31.4809 ent0.0304 VRAM 35MB
Ep 2050 | M0_PDR 0.573 | M1_PDR 0.580 | H_m0 2.96 H_m1 3.19 | a-0.0927 c31.8207 ent0.0299 VRAM 35MB
Ep 2100 | M0_PDR 0.587 | M1_PDR 0.563 | H_m0 2.94 H_m1 3.19 | a-0.0907 c33.3976 ent0.0294 VRAM 35MB
Ep 2150 | M0_PDR 0.597 | M1_PDR 0.563 | H_m0 2.93 H_m1 3.19 | a-0.0891 c35.3069 ent0.0289 VRAM 35MB
Ep 2200 | M0_PDR 0.606 | M1_PDR 0.567 | H_m0 2.89 H_m1 3.20 | a-0.0870 c35.9177 ent0.0284 VRAM 35MB
Ep 2250 | M0_PDR 0.598 | M1_PDR 0.546 | H_m0 2.91 H_m1 3.19 | a-0.0859 c36.3519 ent0.0279 VRAM 35MB
Ep 2300 | M0_PDR 0.620 | M1_PDR 0.573 | H_m0 2.93 H_m1 3.19 | a-0.0851 c37.7805 ent0.0275 VRAM 35MB
Ep 2350 | M0_PDR 0.590 | M1_PDR 0.533 | H_m0 2.87 H_m1 3.19 | a-0.0825 c34.6022 ent0.0270 VRAM 35MB
Ep 2400 | M0_PDR 0.581 | M1_PDR 0.541 | H_m0 2.90 H_m1 3.19 | a-0.0813 c34.3830 ent0.0265 VRAM 35MB
Ep 2450 | M0_PDR 0.588 | M1_PDR 0.537 | H_m0 2.91 H_m1 3.19 | a-0.0796 c34.1228 ent0.0260 VRAM 35MB
Ep 2500 | M0_PDR 0.575 | M1_PDR 0.550 | H_m0 2.90 H_m1 3.19 | a-0.0783 c33.3461 ent0.0255 VRAM 35MB
Ep 2550 | M0_PDR 0.570 | M1_PDR 0.573 | H_m0 2.92 H_m1 3.19 | a-0.0771 c32.7494 ent0.0250 VRAM 35MB
Ep 2600 | M0_PDR 0.592 | M1_PDR 0.547 | H_m0 2.91 H_m1 3.19 | a-0.0753 c34.1521 ent0.0245 VRAM 35MB
Ep 2650 | M0_PDR 0.589 | M1_PDR 0.549 | H_m0 2.88 H_m1 3.19 | a-0.0737 c33.9895 ent0.0240 VRAM 35MB
Ep 2700 | M0_PDR 0.605 | M1_PDR 0.528 | H_m0 2.86 H_m1 3.19 | a-0.0717 c35.7911 ent0.0235 VRAM 35MB
Ep 2750 | M0_PDR 0.598 | M1_PDR 0.519 | H_m0 2.81 H_m1 3.19 | a-0.0696 c35.5941 ent0.0230 VRAM 35MB
Ep 2800 | M0_PDR 0.585 | M1_PDR 0.547 | H_m0 2.79 H_m1 3.19 | a-0.0678 c33.9235 ent0.0226 VRAM 35MB
Ep 2850 | M0_PDR 0.583 | M1_PDR 0.551 | H_m0 2.80 H_m1 3.19 | a-0.0664 c34.1147 ent0.0221 VRAM 35MB
Ep 2900 | M0_PDR 0.620 | M1_PDR 0.534 | H_m0 2.71 H_m1 3.19 | a-0.0644 c38.1575 ent0.0216 VRAM 35MB
Ep 2950 | M0_PDR 0.621 | M1_PDR 0.531 | H_m0 2.71 H_m1 3.19 | a-0.0626 c37.6986 ent0.0211 VRAM 35MB
Ep 3000 | M0_PDR 0.618 | M1_PDR 0.526 | H_m0 2.74 H_m1 3.19 | a-0.0615 c38.0970 ent0.0206 VRAM 35MB
Ep 3050 | M0_PDR 0.621 | M1_PDR 0.531 | H_m0 2.70 H_m1 3.19 | a-0.0596 c37.6422 ent0.0201 VRAM 35MB
Ep 3100 | M0_PDR 0.596 | M1_PDR 0.556 | H_m0 2.74 H_m1 3.19 | a-0.0584 c35.3755 ent0.0196 VRAM 35MB
Error: tcpip::Socket::accept() Unable to create listening socket: Address already in use
Quitting (on error).
Ep 3150 | M0_PDR 0.595 | M1_PDR 0.541 | H_m0 2.74 H_m1 3.18 | a-0.0569 c34.7490 ent0.0191 VRAM 35MB
Ep 3200 | M0_PDR 0.572 | M1_PDR 0.571 | H_m0 2.76 H_m1 3.19 | a-0.0557 c32.5021 ent0.0186 VRAM 35MB
Ep 3250 | M0_PDR 0.600 | M1_PDR 0.530 | H_m0 2.69 H_m1 3.19 | a-0.0535 c35.4018 ent0.0181 VRAM 35MB
Ep 3300 | M0_PDR 0.610 | M1_PDR 0.542 | H_m0 2.69 H_m1 3.19 | a-0.0521 c37.5427 ent0.0177 VRAM 35MB
Ep 3350 | M0_PDR 0.618 | M1_PDR 0.546 | H_m0 2.70 H_m1 3.19 | a-0.0508 c37.3155 ent0.0172 VRAM 35MB
Ep 3400 | M0_PDR 0.605 | M1_PDR 0.567 | H_m0 2.67 H_m1 3.19 | a-0.0491 c36.1079 ent0.0167 VRAM 35MB
Ep 3450 | M0_PDR 0.611 | M1_PDR 0.526 | H_m0 2.65 H_m1 3.19 | a-0.0476 c38.1018 ent0.0162 VRAM 35MB
Ep 3500 | M0_PDR 0.604 | M1_PDR 0.526 | H_m0 2.64 H_m1 3.19 | a-0.0460 c36.1149 ent0.0157 VRAM 35MB
Ep 3550 | M0_PDR 0.627 | M1_PDR 0.583 | H_m0 2.64 H_m1 3.19 | a-0.0446 c37.4870 ent0.0152 VRAM 35MB
Ep 3600 | M0_PDR 0.583 | M1_PDR 0.516 | H_m0 2.64 H_m1 3.19 | a-0.0432 c34.3301 ent0.0147 VRAM 35MB
Ep 3650 | M0_PDR 0.618 | M1_PDR 0.536 | H_m0 2.63 H_m1 3.19 | a-0.0416 c38.3381 ent0.0142 VRAM 35MB
Ep 3700 | M0_PDR 0.613 | M1_PDR 0.546 | H_m0 2.61 H_m1 3.19 | a-0.0402 c36.9898 ent0.0137 VRAM 35MB
Ep 3750 | M0_PDR 0.636 | M1_PDR 0.541 | H_m0 2.60 H_m1 3.19 | a-0.0386 c39.1889 ent0.0132 VRAM 35MB
Ep 3800 | M0_PDR 0.640 | M1_PDR 0.501 | H_m0 2.59 H_m1 3.19 | a-0.0372 c39.2670 ent0.0128 VRAM 35MB
Ep 3850 | M0_PDR 0.637 | M1_PDR 0.521 | H_m0 2.57 H_m1 3.19 | a-0.0355 c39.1016 ent0.0123 VRAM 35MB
Ep 3900 | M0_PDR 0.631 | M1_PDR 0.532 | H_m0 2.56 H_m1 3.19 | a-0.0340 c38.9596 ent0.0118 VRAM 35MB
Ep 3950 | M0_PDR 0.590 | M1_PDR 0.557 | H_m0 2.56 H_m1 3.19 | a-0.0326 c34.9422 ent0.0113 VRAM 35MB
Ep 4000 | M0_PDR 0.658 | M1_PDR 0.545 | H_m0 2.54 H_m1 3.19 | a-0.0311 c40.8761 ent0.0108 VRAM 35MB
Ep 4050 | M0_PDR 0.601 | M1_PDR 0.534 | H_m0 2.54 H_m1 3.19 | a-0.0296 c36.5096 ent0.0103 VRAM 35MB
Ep 4100 | M0_PDR 0.644 | M1_PDR 0.535 | H_m0 2.52 H_m1 3.19 | a-0.0281 c39.7552 ent0.0098 VRAM 35MB
Ep 4150 | M0_PDR 0.595 | M1_PDR 0.529 | H_m0 2.52 H_m1 3.19 | a-0.0267 c34.9397 ent0.0093 VRAM 35MB
Ep 4200 | M0_PDR 0.630 | M1_PDR 0.561 | H_m0 2.49 H_m1 3.19 | a-0.0252 c38.3135 ent0.0088 VRAM 35MB
Ep 4250 | M0_PDR 0.636 | M1_PDR 0.518 | H_m0 2.45 H_m1 3.19 | a-0.0236 c40.2990 ent0.0083 VRAM 35MB
Ep 4300 | M0_PDR 0.606 | M1_PDR 0.556 | H_m0 2.45 H_m1 3.18 | a-0.0222 c35.3235 ent0.0079 VRAM 35MB
Ep 4350 | M0_PDR 0.602 | M1_PDR 0.549 | H_m0 2.44 H_m1 3.18 | a-0.0208 c35.2246 ent0.0074 VRAM 35MB
Ep 4400 | M0_PDR 0.631 | M1_PDR 0.558 | H_m0 2.41 H_m1 3.18 | a-0.0193 c39.7246 ent0.0069 VRAM 35MB
Ep 4450 | M0_PDR 0.638 | M1_PDR 0.502 | H_m0 2.40 H_m1 3.18 | a-0.0179 c40.4996 ent0.0064 VRAM 35MB
Ep 4500 | M0_PDR 0.620 | M1_PDR 0.533 | H_m0 2.40 H_m1 3.18 | a-0.0166 c37.4804 ent0.0059 VRAM 35MB
Ep 4550 | M0_PDR 0.610 | M1_PDR 0.570 | H_m0 2.41 H_m1 3.18 | a-0.0151 c35.9856 ent0.0054 VRAM 35MB
Ep 4600 | M0_PDR 0.648 | M1_PDR 0.534 | H_m0 2.37 H_m1 3.18 | a-0.0137 c40.6545 ent0.0049 VRAM 35MB
Ep 4650 | M0_PDR 0.629 | M1_PDR 0.562 | H_m0 2.38 H_m1 3.18 | a-0.0124 c37.8652 ent0.0044 VRAM 35MB
Ep 4700 | M0_PDR 0.619 | M1_PDR 0.535 | H_m0 2.38 H_m1 3.18 | a-0.0110 c37.1634 ent0.0039 VRAM 35MB
Ep 4750 | M0_PDR 0.608 | M1_PDR 0.524 | H_m0 2.37 H_m1 3.18 | a-0.0096 c36.8964 ent0.0034 VRAM 35MB
Ep 4800 | M0_PDR 0.656 | M1_PDR 0.528 | H_m0 2.33 H_m1 3.18 | a-0.0082 c41.5335 ent0.0030 VRAM 35MB
Ep 4850 | M0_PDR 0.657 | M1_PDR 0.546 | H_m0 2.31 H_m1 3.18 | a-0.0068 c41.1744 ent0.0025 VRAM 35MB
Ep 4900 | M0_PDR 0.644 | M1_PDR 0.529 | H_m0 2.29 H_m1 3.18 | a-0.0054 c41.2103 ent0.0020 VRAM 35MB
Ep 4950 | M0_PDR 0.634 | M1_PDR 0.531 | H_m0 2.30 H_m1 3.18 | a-0.0041 c39.1836 ent0.0015 VRAM 35MB

Training complete. Running 100 eval episodes...

  Eval ep   0: M0_PDR=0.638  M1_PDR=0.525
  Eval ep  20: M0_PDR=0.663  M1_PDR=0.521
  Eval ep  40: M0_PDR=0.629  M1_PDR=0.526
  Eval ep  60: M0_PDR=0.622  M1_PDR=0.519
  Eval ep  80: M0_PDR=0.659  M1_PDR=0.488

=== Eval Summary (100 episodes) ===
  M0_PDR_mean         : 0.6421
  M0_PDR_p05 (across) : 0.6186
  M0_PDR_p05 (intra)  : 0.2745
  M1_PDR_mean         : 0.5310
  M0_SINR_mean (dB)   : 8.50
  M1_SINR_mean (dB)   : 1.61
  M0_collision_rate   : 0.863
  M0_collision_within_pool : 0.578
  M1_collision_within_pool : 0.592

Result saved -> results/_A_mode0c_N10_seed3_gaefix.json
  N=10  rho=2.0  M0_PDR=0.642  M1_PDR=0.531
Checkpoint saved -> checkpoints/A_mode0c_N10_seed3_gaefix_actors.pt
[NS3Bridge] Shutdown complete.
Run complete.
