[seed] all RNGs seeded with 4
GPU : NVIDIA GeForce RTX 3060
VRAM: 12.9 GB
Device          : cuda:0
Actors          : 4 per-vehicle, total 85,092 params
Critic params   : 79,361
obs_dim=11  action_dim=25  gs_dim=49
M0 count: 2  M1 count: 2
Training for 3000 episodes (Config A_mode0c_seed4, N=4)...

[NS3Bridge] Connected tcp://localhost:5686
Ep    0 | M0_PDR 0.659 | M1_PDR 0.687 | H_m0 3.21 H_m1 3.21 | a-0.1690 c48.5515 ent0.0500 VRAM 24MB
Ep   50 | M0_PDR 0.687 | M1_PDR 0.638 | H_m0 3.15 H_m1 3.19 | a-0.1594 c20.3582 ent0.0492 VRAM 24MB
Ep  100 | M0_PDR 0.679 | M1_PDR 0.675 | H_m0 3.13 H_m1 3.17 | a-0.1545 c10.6810 ent0.0484 VRAM 24MB
Ep  150 | M0_PDR 0.637 | M1_PDR 0.655 | H_m0 3.09 H_m1 3.18 | a-0.1514 c9.2752 ent0.0475 VRAM 24MB
Ep  200 | M0_PDR 0.699 | M1_PDR 0.594 | H_m0 2.44 H_m1 3.20 | a-0.1339 c5.1909 ent0.0467 VRAM 24MB
Ep  250 | M0_PDR 0.791 | M1_PDR 0.628 | H_m0 2.17 H_m1 3.20 | a-0.1257 c3.8159 ent0.0459 VRAM 24MB
Ep  300 | M0_PDR 0.846 | M1_PDR 0.591 | H_m0 1.82 H_m1 3.21 | a-0.1160 c2.4391 ent0.0451 VRAM 24MB
Ep  350 | M0_PDR 0.818 | M1_PDR 0.641 | H_m0 1.99 H_m1 3.18 | a-0.1169 c1.9077 ent0.0443 VRAM 24MB
Ep  400 | M0_PDR 0.910 | M1_PDR 0.707 | H_m0 1.24 H_m1 3.04 | a-0.0974 c1.5091 ent0.0435 VRAM 24MB
Ep  450 | M0_PDR 0.959 | M1_PDR 0.734 | H_m0 1.11 H_m1 2.88 | a-0.0904 c1.0955 ent0.0426 VRAM 24MB
Ep  500 | M0_PDR 0.960 | M1_PDR 0.769 | H_m0 1.15 H_m1 2.87 | a-0.0878 c0.9998 ent0.0418 VRAM 24MB
Ep  550 | M0_PDR 0.984 | M1_PDR 0.828 | H_m0 1.00 H_m1 2.45 | a-0.0721 c0.6901 ent0.0410 VRAM 24MB
Ep  600 | M0_PDR 0.982 | M1_PDR 0.860 | H_m0 1.07 H_m1 2.23 | a-0.0688 c0.7311 ent0.0402 VRAM 24MB
Ep  650 | M0_PDR 0.985 | M1_PDR 0.922 | H_m0 1.00 H_m1 2.04 | a-0.0624 c0.5206 ent0.0394 VRAM 24MB
Ep  700 | M0_PDR 0.991 | M1_PDR 0.942 | H_m0 1.05 H_m1 2.10 | a-0.0634 c0.4086 ent0.0386 VRAM 24MB
Ep  750 | M0_PDR 0.990 | M1_PDR 0.973 | H_m0 1.06 H_m1 1.99 | a-0.0598 c0.4399 ent0.0377 VRAM 24MB
Ep  800 | M0_PDR 0.983 | M1_PDR 0.946 | H_m0 0.91 H_m1 1.92 | a-0.0554 c1.2015 ent0.0369 VRAM 24MB
Ep  850 | M0_PDR 0.982 | M1_PDR 0.975 | H_m0 1.12 H_m1 1.78 | a-0.0533 c0.5773 ent0.0361 VRAM 24MB
Ep  900 | M0_PDR 0.988 | M1_PDR 0.983 | H_m0 1.10 H_m1 1.89 | a-0.0539 c1.1497 ent0.0353 VRAM 24MB
Ep  950 | M0_PDR 0.973 | M1_PDR 0.970 | H_m0 1.13 H_m1 1.93 | a-0.0549 c0.5882 ent0.0345 VRAM 24MB
Ep 1000 | M0_PDR 0.977 | M1_PDR 0.963 | H_m0 0.91 H_m1 1.97 | a-0.0497 c0.5849 ent0.0337 VRAM 24MB
Ep 1050 | M0_PDR 0.990 | M1_PDR 0.981 | H_m0 1.08 H_m1 1.96 | a-0.0505 c0.6389 ent0.0328 VRAM 24MB
Ep 1100 | M0_PDR 0.977 | M1_PDR 0.964 | H_m0 0.99 H_m1 1.89 | a-0.0474 c0.7141 ent0.0320 VRAM 24MB
Ep 1150 | M0_PDR 0.976 | M1_PDR 0.969 | H_m0 1.05 H_m1 1.96 | a-0.0492 c0.3975 ent0.0312 VRAM 24MB
Ep 1200 | M0_PDR 0.983 | M1_PDR 0.982 | H_m0 1.07 H_m1 1.93 | a-0.0460 c0.4170 ent0.0304 VRAM 24MB
Ep 1250 | M0_PDR 0.985 | M1_PDR 0.985 | H_m0 1.00 H_m1 1.93 | a-0.0458 c0.7863 ent0.0296 VRAM 24MB
Ep 1300 | M0_PDR 0.983 | M1_PDR 0.985 | H_m0 1.05 H_m1 1.90 | a-0.0435 c0.3616 ent0.0288 VRAM 24MB
Ep 1350 | M0_PDR 0.990 | M1_PDR 0.982 | H_m0 1.13 H_m1 1.90 | a-0.0429 c0.4847 ent0.0279 VRAM 24MB
Ep 1400 | M0_PDR 0.987 | M1_PDR 0.978 | H_m0 1.16 H_m1 1.90 | a-0.0427 c0.4079 ent0.0271 VRAM 24MB
Ep 1450 | M0_PDR 0.970 | M1_PDR 0.962 | H_m0 1.12 H_m1 1.91 | a-0.0407 c0.8489 ent0.0263 VRAM 24MB
Ep 1500 | M0_PDR 0.972 | M1_PDR 0.968 | H_m0 1.01 H_m1 1.87 | a-0.0379 c0.5913 ent0.0255 VRAM 24MB
Ep 1550 | M0_PDR 0.985 | M1_PDR 0.982 | H_m0 1.07 H_m1 1.85 | a-0.0366 c0.6290 ent0.0247 VRAM 24MB
Ep 1600 | M0_PDR 0.980 | M1_PDR 0.980 | H_m0 0.95 H_m1 1.86 | a-0.0338 c0.4601 ent0.0239 VRAM 24MB
Ep 1650 | M0_PDR 0.980 | M1_PDR 0.977 | H_m0 1.09 H_m1 1.84 | a-0.0347 c0.4451 ent0.0230 VRAM 24MB
Ep 1700 | M0_PDR 0.983 | M1_PDR 0.973 | H_m0 1.07 H_m1 1.85 | a-0.0333 c0.5480 ent0.0222 VRAM 24MB
Ep 1750 | M0_PDR 0.983 | M1_PDR 0.982 | H_m0 1.11 H_m1 1.89 | a-0.0327 c0.3477 ent0.0214 VRAM 24MB
Ep 1800 | M0_PDR 0.972 | M1_PDR 0.970 | H_m0 1.17 H_m1 1.89 | a-0.0327 c0.4297 ent0.0206 VRAM 24MB
Ep 1850 | M0_PDR 0.985 | M1_PDR 0.980 | H_m0 1.18 H_m1 1.86 | a-0.0303 c0.3964 ent0.0198 VRAM 24MB
Ep 1900 | M0_PDR 0.975 | M1_PDR 0.975 | H_m0 1.12 H_m1 1.68 | a-0.0273 c0.4545 ent0.0190 VRAM 24MB
Ep 1950 | M0_PDR 0.980 | M1_PDR 0.980 | H_m0 1.20 H_m1 1.72 | a-0.0276 c0.4194 ent0.0181 VRAM 24MB
Ep 2000 | M0_PDR 0.990 | M1_PDR 0.990 | H_m0 1.09 H_m1 1.79 | a-0.0254 c0.3966 ent0.0173 VRAM 24MB
Ep 2050 | M0_PDR 0.985 | M1_PDR 0.980 | H_m0 1.05 H_m1 1.78 | a-0.0239 c0.3817 ent0.0165 VRAM 24MB
Ep 2100 | M0_PDR 0.990 | M1_PDR 0.992 | H_m0 1.03 H_m1 1.75 | a-0.0219 c0.3121 ent0.0157 VRAM 24MB
Ep 2150 | M0_PDR 0.990 | M1_PDR 0.992 | H_m0 1.08 H_m1 1.75 | a-0.0218 c0.3468 ent0.0149 VRAM 24MB
Ep 2200 | M0_PDR 0.988 | M1_PDR 0.987 | H_m0 1.07 H_m1 1.71 | a-0.0198 c0.3656 ent0.0141 VRAM 24MB
Ep 2250 | M0_PDR 0.995 | M1_PDR 0.994 | H_m0 1.06 H_m1 1.72 | a-0.0185 c0.2828 ent0.0132 VRAM 24MB
Ep 2300 | M0_PDR 0.995 | M1_PDR 0.992 | H_m0 1.05 H_m1 1.73 | a-0.0177 c0.2819 ent0.0124 VRAM 24MB
Ep 2350 | M0_PDR 0.987 | M1_PDR 0.987 | H_m0 1.05 H_m1 1.71 | a-0.0163 c0.4169 ent0.0116 VRAM 24MB
Ep 2400 | M0_PDR 0.985 | M1_PDR 0.987 | H_m0 1.06 H_m1 1.69 | a-0.0155 c0.3740 ent0.0108 VRAM 24MB
Ep 2450 | M0_PDR 0.992 | M1_PDR 0.992 | H_m0 1.04 H_m1 1.67 | a-0.0137 c0.3039 ent0.0100 VRAM 24MB
Ep 2500 | M0_PDR 0.992 | M1_PDR 0.990 | H_m0 1.04 H_m1 1.67 | a-0.0128 c0.2854 ent0.0092 VRAM 24MB
Ep 2550 | M0_PDR 0.993 | M1_PDR 0.997 | H_m0 1.03 H_m1 1.66 | a-0.0114 c0.2889 ent0.0083 VRAM 24MB
Ep 2600 | M0_PDR 0.990 | M1_PDR 0.986 | H_m0 1.04 H_m1 1.64 | a-0.0103 c0.3410 ent0.0075 VRAM 24MB
Ep 2650 | M0_PDR 0.987 | M1_PDR 0.983 | H_m0 1.05 H_m1 1.61 | a-0.0091 c0.3679 ent0.0067 VRAM 24MB
Ep 2700 | M0_PDR 0.990 | M1_PDR 0.995 | H_m0 1.04 H_m1 1.59 | a-0.0079 c0.3683 ent0.0059 VRAM 24MB
Ep 2750 | M0_PDR 0.997 | M1_PDR 1.000 | H_m0 1.04 H_m1 1.61 | a-0.0067 c0.2711 ent0.0051 VRAM 24MB
Ep 2800 | M0_PDR 0.998 | M1_PDR 0.997 | H_m0 1.04 H_m1 1.60 | a-0.0057 c0.2668 ent0.0043 VRAM 24MB
Ep 2850 | M0_PDR 0.990 | M1_PDR 0.993 | H_m0 1.04 H_m1 1.61 | a-0.0046 c0.3306 ent0.0034 VRAM 24MB
Ep 2900 | M0_PDR 0.990 | M1_PDR 0.990 | H_m0 1.04 H_m1 1.61 | a-0.0035 c0.3474 ent0.0026 VRAM 24MB
Ep 2950 | M0_PDR 0.997 | M1_PDR 1.000 | H_m0 1.04 H_m1 1.60 | a-0.0024 c0.2844 ent0.0018 VRAM 24MB

Training complete. Running 100 eval episodes...

  Eval ep   0: M0_PDR=0.993  M1_PDR=0.992
  Eval ep  20: M0_PDR=0.998  M1_PDR=0.995
  Eval ep  40: M0_PDR=0.997  M1_PDR=0.993
  Eval ep  60: M0_PDR=0.998  M1_PDR=0.997
  Eval ep  80: M0_PDR=0.993  M1_PDR=0.995

=== Eval Summary (100 episodes) ===
  M0_PDR_mean         : 0.9945
  M0_PDR_p05 (across) : 0.9875
  M0_PDR_p05 (intra)  : 1.0000
  M1_PDR_mean         : 0.9951
  M0_SINR_mean (dB)   : 41.05
  M1_SINR_mean (dB)   : 39.92
  M0_collision_rate   : 0.006
  M0_collision_within_pool : 0.000
  M1_collision_within_pool : 0.000

Result saved -> results/_A_mode0c_seed4.json
  N=4  rho=0.8  M0_PDR=0.995  M1_PDR=0.995
Checkpoint saved -> checkpoints/A_mode0c_seed4_actors.pt
[NS3Bridge] Shutdown complete.
Run complete.
