[seed] all RNGs seeded with 3
GPU : NVIDIA GeForce RTX 3060
VRAM: 12.9 GB
Device          : cuda:0
Actors          : 4 per-vehicle, total 85,092 params
Critic params   : 79,361
obs_dim=11  action_dim=25  gs_dim=49
M0 count: 2  M1 count: 2
Training for 3000 episodes (Config A_mode0c_seed3_gaefix, N=4)...

[NS3Bridge] Connected tcp://localhost:7066
Ep    0 | M0_PDR 0.649 | M1_PDR 0.692 | H_m0 3.22 H_m1 3.21 | a-0.1674 c75.7279 ent0.0500 VRAM 24MB
Ep   50 | M0_PDR 0.658 | M1_PDR 0.657 | H_m0 3.19 H_m1 3.20 | a-0.1587 c51.2496 ent0.0492 VRAM 24MB
Ep  100 | M0_PDR 0.614 | M1_PDR 0.663 | H_m0 3.19 H_m1 3.19 | a-0.1564 c33.4129 ent0.0484 VRAM 24MB
Ep  150 | M0_PDR 0.653 | M1_PDR 0.672 | H_m0 3.17 H_m1 3.19 | a-0.1524 c38.2497 ent0.0475 VRAM 24MB
Ep  200 | M0_PDR 0.657 | M1_PDR 0.617 | H_m0 3.17 H_m1 3.20 | a-0.1507 c39.5378 ent0.0467 VRAM 24MB
Ep  250 | M0_PDR 0.687 | M1_PDR 0.643 | H_m0 3.13 H_m1 3.18 | a-0.1460 c41.3106 ent0.0459 VRAM 24MB
Ep  300 | M0_PDR 0.675 | M1_PDR 0.700 | H_m0 3.17 H_m1 3.19 | a-0.1444 c39.0276 ent0.0451 VRAM 24MB
Ep  350 | M0_PDR 0.686 | M1_PDR 0.661 | H_m0 3.20 H_m1 3.18 | a-0.1428 c40.3955 ent0.0443 VRAM 24MB
Ep  400 | M0_PDR 0.672 | M1_PDR 0.682 | H_m0 3.15 H_m1 3.20 | a-0.1391 c40.5214 ent0.0435 VRAM 24MB
Ep  450 | M0_PDR 0.662 | M1_PDR 0.639 | H_m0 3.17 H_m1 3.18 | a-0.1369 c39.0944 ent0.0426 VRAM 24MB
Ep  500 | M0_PDR 0.655 | M1_PDR 0.637 | H_m0 3.19 H_m1 3.20 | a-0.1343 c38.2775 ent0.0418 VRAM 24MB
Ep  550 | M0_PDR 0.668 | M1_PDR 0.688 | H_m0 3.18 H_m1 3.20 | a-0.1321 c38.0397 ent0.0410 VRAM 24MB
Ep  600 | M0_PDR 0.648 | M1_PDR 0.659 | H_m0 3.18 H_m1 3.21 | a-0.1292 c36.0848 ent0.0402 VRAM 24MB
Ep  650 | M0_PDR 0.659 | M1_PDR 0.681 | H_m0 3.14 H_m1 3.21 | a-0.1259 c37.3306 ent0.0394 VRAM 24MB
Ep  700 | M0_PDR 0.680 | M1_PDR 0.627 | H_m0 3.10 H_m1 3.21 | a-0.1225 c40.3926 ent0.0386 VRAM 24MB
Ep  750 | M0_PDR 0.653 | M1_PDR 0.670 | H_m0 3.13 H_m1 3.21 | a-0.1202 c36.5001 ent0.0377 VRAM 24MB
Ep  800 | M0_PDR 0.650 | M1_PDR 0.618 | H_m0 3.13 H_m1 3.21 | a-0.1176 c37.4592 ent0.0369 VRAM 24MB
Ep  850 | M0_PDR 0.681 | M1_PDR 0.641 | H_m0 3.08 H_m1 3.20 | a-0.1142 c41.0913 ent0.0361 VRAM 24MB
Ep  900 | M0_PDR 0.639 | M1_PDR 0.671 | H_m0 3.15 H_m1 3.20 | a-0.1128 c36.7412 ent0.0353 VRAM 24MB
Ep  950 | M0_PDR 0.640 | M1_PDR 0.669 | H_m0 3.16 H_m1 3.21 | a-0.1105 c34.8249 ent0.0345 VRAM 24MB
Ep 1000 | M0_PDR 0.661 | M1_PDR 0.626 | H_m0 3.13 H_m1 3.20 | a-0.1073 c38.8596 ent0.0337 VRAM 24MB
Ep 1050 | M0_PDR 0.660 | M1_PDR 0.626 | H_m0 3.13 H_m1 3.19 | a-0.1048 c38.1641 ent0.0328 VRAM 24MB
Ep 1100 | M0_PDR 0.729 | M1_PDR 0.649 | H_m0 3.05 H_m1 3.20 | a-0.1010 c45.3397 ent0.0320 VRAM 24MB
Ep 1150 | M0_PDR 0.689 | M1_PDR 0.610 | H_m0 3.05 H_m1 3.20 | a-0.0985 c42.4171 ent0.0312 VRAM 24MB
Ep 1200 | M0_PDR 0.663 | M1_PDR 0.673 | H_m0 3.15 H_m1 3.20 | a-0.0968 c38.5539 ent0.0304 VRAM 24MB
Ep 1250 | M0_PDR 0.682 | M1_PDR 0.673 | H_m0 3.16 H_m1 3.20 | a-0.0946 c39.1835 ent0.0296 VRAM 24MB
Ep 1300 | M0_PDR 0.671 | M1_PDR 0.653 | H_m0 3.14 H_m1 3.20 | a-0.0918 c39.1804 ent0.0288 VRAM 24MB
Ep 1350 | M0_PDR 0.680 | M1_PDR 0.684 | H_m0 3.15 H_m1 3.21 | a-0.0894 c41.0371 ent0.0279 VRAM 24MB
Ep 1400 | M0_PDR 0.710 | M1_PDR 0.638 | H_m0 3.13 H_m1 3.21 | a-0.0862 c44.3238 ent0.0271 VRAM 24MB
Ep 1450 | M0_PDR 0.666 | M1_PDR 0.688 | H_m0 3.16 H_m1 3.21 | a-0.0842 c38.6844 ent0.0263 VRAM 24MB
Ep 1500 | M0_PDR 0.659 | M1_PDR 0.628 | H_m0 3.13 H_m1 3.21 | a-0.0813 c37.8044 ent0.0255 VRAM 24MB
Ep 1550 | M0_PDR 0.643 | M1_PDR 0.682 | H_m0 3.15 H_m1 3.21 | a-0.0787 c36.2193 ent0.0247 VRAM 24MB
Ep 1600 | M0_PDR 0.670 | M1_PDR 0.618 | H_m0 3.13 H_m1 3.21 | a-0.0761 c39.8013 ent0.0239 VRAM 24MB
Ep 1650 | M0_PDR 0.670 | M1_PDR 0.656 | H_m0 3.13 H_m1 3.21 | a-0.0734 c38.9809 ent0.0230 VRAM 24MB
Ep 1700 | M0_PDR 0.652 | M1_PDR 0.653 | H_m0 3.11 H_m1 3.21 | a-0.0707 c37.2861 ent0.0222 VRAM 24MB
Ep 1750 | M0_PDR 0.642 | M1_PDR 0.655 | H_m0 3.15 H_m1 3.21 | a-0.0683 c36.1318 ent0.0214 VRAM 24MB
Ep 1800 | M0_PDR 0.689 | M1_PDR 0.645 | H_m0 3.12 H_m1 3.21 | a-0.0656 c40.8091 ent0.0206 VRAM 24MB
Ep 1850 | M0_PDR 0.671 | M1_PDR 0.628 | H_m0 3.13 H_m1 3.21 | a-0.0631 c39.9984 ent0.0198 VRAM 24MB
Ep 1900 | M0_PDR 0.625 | M1_PDR 0.683 | H_m0 3.15 H_m1 3.21 | a-0.0605 c35.5881 ent0.0190 VRAM 24MB
Ep 1950 | M0_PDR 0.681 | M1_PDR 0.658 | H_m0 3.14 H_m1 3.21 | a-0.0580 c41.3239 ent0.0181 VRAM 24MB
Ep 2000 | M0_PDR 0.681 | M1_PDR 0.649 | H_m0 3.12 H_m1 3.21 | a-0.0552 c40.4342 ent0.0173 VRAM 24MB
Ep 2050 | M0_PDR 0.646 | M1_PDR 0.690 | H_m0 3.11 H_m1 3.21 | a-0.0524 c37.5234 ent0.0165 VRAM 24MB
Ep 2100 | M0_PDR 0.642 | M1_PDR 0.645 | H_m0 3.12 H_m1 3.21 | a-0.0498 c36.4255 ent0.0157 VRAM 24MB
Ep 2150 | M0_PDR 0.671 | M1_PDR 0.698 | H_m0 3.12 H_m1 3.21 | a-0.0473 c39.3835 ent0.0149 VRAM 24MB
Ep 2200 | M0_PDR 0.695 | M1_PDR 0.630 | H_m0 3.12 H_m1 3.21 | a-0.0446 c43.0841 ent0.0141 VRAM 24MB
Ep 2250 | M0_PDR 0.703 | M1_PDR 0.618 | H_m0 3.10 H_m1 3.21 | a-0.0420 c43.6105 ent0.0132 VRAM 24MB
Ep 2300 | M0_PDR 0.634 | M1_PDR 0.680 | H_m0 3.11 H_m1 3.21 | a-0.0394 c35.3610 ent0.0124 VRAM 24MB
Ep 2350 | M0_PDR 0.675 | M1_PDR 0.659 | H_m0 3.09 H_m1 3.21 | a-0.0367 c39.8283 ent0.0116 VRAM 24MB
Ep 2400 | M0_PDR 0.658 | M1_PDR 0.671 | H_m0 3.09 H_m1 3.21 | a-0.0342 c37.7174 ent0.0108 VRAM 24MB
Ep 2450 | M0_PDR 0.714 | M1_PDR 0.663 | H_m0 3.08 H_m1 3.21 | a-0.0315 c44.0446 ent0.0100 VRAM 24MB
Ep 2500 | M0_PDR 0.678 | M1_PDR 0.609 | H_m0 3.08 H_m1 3.21 | a-0.0289 c41.5915 ent0.0092 VRAM 24MB
Ep 2550 | M0_PDR 0.702 | M1_PDR 0.683 | H_m0 3.07 H_m1 3.21 | a-0.0262 c42.7498 ent0.0083 VRAM 24MB
Ep 2600 | M0_PDR 0.661 | M1_PDR 0.644 | H_m0 3.08 H_m1 3.21 | a-0.0237 c38.7814 ent0.0075 VRAM 24MB
Ep 2650 | M0_PDR 0.671 | M1_PDR 0.685 | H_m0 3.08 H_m1 3.21 | a-0.0211 c38.6566 ent0.0067 VRAM 24MB
Ep 2700 | M0_PDR 0.690 | M1_PDR 0.647 | H_m0 3.07 H_m1 3.21 | a-0.0185 c41.3532 ent0.0059 VRAM 24MB
Ep 2750 | M0_PDR 0.676 | M1_PDR 0.647 | H_m0 3.07 H_m1 3.21 | a-0.0160 c39.7770 ent0.0051 VRAM 24MB
Ep 2800 | M0_PDR 0.686 | M1_PDR 0.656 | H_m0 3.07 H_m1 3.21 | a-0.0134 c40.5676 ent0.0043 VRAM 24MB
Ep 2850 | M0_PDR 0.689 | M1_PDR 0.647 | H_m0 3.06 H_m1 3.21 | a-0.0108 c41.6225 ent0.0034 VRAM 24MB
Ep 2900 | M0_PDR 0.644 | M1_PDR 0.634 | H_m0 3.07 H_m1 3.21 | a-0.0082 c39.5647 ent0.0026 VRAM 24MB
Ep 2950 | M0_PDR 0.661 | M1_PDR 0.637 | H_m0 3.05 H_m1 3.21 | a-0.0057 c40.3583 ent0.0018 VRAM 24MB
Error: tcpip::Socket::accept() Unable to create listening socket: Address already in use
Quitting (on error).

Training complete. Running 100 eval episodes...

  Eval ep   0: M0_PDR=0.694  M1_PDR=0.613
  Eval ep  20: M0_PDR=0.681  M1_PDR=0.658
  Eval ep  40: M0_PDR=0.680  M1_PDR=0.607
  Eval ep  60: M0_PDR=0.672  M1_PDR=0.631
  Eval ep  80: M0_PDR=0.713  M1_PDR=0.629

=== Eval Summary (100 episodes) ===
  M0_PDR_mean         : 0.6807
  M0_PDR_p05 (across) : 0.6445
  M0_PDR_p05 (intra)  : 0.0002
  M1_PDR_mean         : 0.6400
  M0_SINR_mean (dB)   : 13.37
  M1_SINR_mean (dB)   : 9.25
  M0_collision_rate   : 0.485
  M0_collision_within_pool : 0.196
  M1_collision_within_pool : 0.201

Result saved -> results/_A_mode0c_seed3_gaefix.json
  N=4  rho=0.8  M0_PDR=0.681  M1_PDR=0.640
Checkpoint saved -> checkpoints/A_mode0c_seed3_gaefix_actors.pt
[NS3Bridge] Shutdown complete.
Run complete.
