[seed] all RNGs seeded with 3
GPU : NVIDIA GeForce RTX 3060
VRAM: 12.9 GB
Device          : cuda:0
Actors          : 4 per-vehicle, total 85,092 params
Critic params   : 69,633
obs_dim=11  action_dim=25  gs_dim=49
M0 count: 2  M1 count: 2
Training for 5000 episodes (Config A_mode0c_seed3_5000ep_gaefix_g05_ent01_lc, N=4)...

[NS3Bridge] Connected tcp://localhost:8346
Ep    0 | M0_PDR 0.649 | M1_PDR 0.691 | H_m0 3.22 H_m1 3.21 | a-0.0392 c1.1263 ent0.0100 VRAM 24MB
Ep   50 | M0_PDR 0.998 | M1_PDR 0.988 | H_m0 0.06 H_m1 0.91 | a-0.0075 c0.0077 ent0.0099 VRAM 24MB
Ep  100 | M0_PDR 1.000 | M1_PDR 1.000 | H_m0 0.00 H_m1 0.89 | a-0.0049 c0.0047 ent0.0098 VRAM 24MB
Ep  150 | M0_PDR 1.000 | M1_PDR 1.000 | H_m0 0.00 H_m1 0.69 | a-0.0036 c0.0046 ent0.0097 VRAM 24MB
Ep  200 | M0_PDR 1.000 | M1_PDR 1.000 | H_m0 0.00 H_m1 0.78 | a-0.0036 c0.0045 ent0.0096 VRAM 24MB
Ep  250 | M0_PDR 1.000 | M1_PDR 1.000 | H_m0 0.00 H_m1 1.14 | a-0.0056 c0.0044 ent0.0095 VRAM 24MB
Ep  300 | M0_PDR 1.000 | M1_PDR 1.000 | H_m0 0.00 H_m1 0.92 | a-0.0050 c0.0043 ent0.0095 VRAM 24MB
Ep  350 | M0_PDR 1.000 | M1_PDR 1.000 | H_m0 0.00 H_m1 1.13 | a-0.0060 c0.0042 ent0.0094 VRAM 24MB
Ep  400 | M0_PDR 1.000 | M1_PDR 1.000 | H_m0 0.00 H_m1 0.99 | a-0.0049 c0.0040 ent0.0093 VRAM 24MB
Ep  450 | M0_PDR 1.000 | M1_PDR 1.000 | H_m0 0.00 H_m1 0.94 | a-0.0053 c0.0038 ent0.0092 VRAM 24MB
Ep  500 | M0_PDR 1.000 | M1_PDR 1.000 | H_m0 0.00 H_m1 0.88 | a-0.0045 c0.0036 ent0.0091 VRAM 24MB
Ep  550 | M0_PDR 1.000 | M1_PDR 1.000 | H_m0 0.00 H_m1 1.22 | a-0.0061 c0.0034 ent0.0090 VRAM 24MB
Ep  600 | M0_PDR 1.000 | M1_PDR 1.000 | H_m0 0.01 H_m1 1.10 | a-0.0062 c0.0031 ent0.0089 VRAM 24MB
Ep  650 | M0_PDR 1.000 | M1_PDR 1.000 | H_m0 0.01 H_m1 0.90 | a-0.0043 c0.0029 ent0.0088 VRAM 24MB
Ep  700 | M0_PDR 1.000 | M1_PDR 1.000 | H_m0 0.00 H_m1 0.76 | a-0.0032 c0.0027 ent0.0087 VRAM 24MB
Ep  750 | M0_PDR 1.000 | M1_PDR 1.000 | H_m0 0.27 H_m1 0.83 | a-0.0050 c0.0025 ent0.0086 VRAM 24MB
Ep  800 | M0_PDR 1.000 | M1_PDR 1.000 | H_m0 0.35 H_m1 0.74 | a-0.0068 c0.0023 ent0.0086 VRAM 24MB
Ep  850 | M0_PDR 1.000 | M1_PDR 1.000 | H_m0 0.35 H_m1 0.99 | a-0.0065 c0.0022 ent0.0085 VRAM 24MB
Ep  900 | M0_PDR 1.000 | M1_PDR 1.000 | H_m0 0.01 H_m1 1.14 | a-0.0051 c0.0017 ent0.0084 VRAM 24MB
Ep  950 | M0_PDR 1.000 | M1_PDR 1.000 | H_m0 0.01 H_m1 1.11 | a-0.0047 c0.0014 ent0.0083 VRAM 24MB
Ep 1000 | M0_PDR 1.000 | M1_PDR 1.000 | H_m0 0.01 H_m1 1.00 | a-0.0042 c0.0011 ent0.0082 VRAM 24MB
Ep 1050 | M0_PDR 1.000 | M1_PDR 1.000 | H_m0 0.22 H_m1 0.76 | a-0.0062 c0.0009 ent0.0081 VRAM 24MB
Ep 1100 | M0_PDR 1.000 | M1_PDR 1.000 | H_m0 0.06 H_m1 0.78 | a-0.0034 c0.0008 ent0.0080 VRAM 24MB
Ep 1150 | M0_PDR 1.000 | M1_PDR 1.000 | H_m0 0.23 H_m1 0.84 | a-0.0038 c0.0006 ent0.0079 VRAM 24MB
Ep 1200 | M0_PDR 1.000 | M1_PDR 1.000 | H_m0 0.02 H_m1 0.67 | a-0.0036 c0.0006 ent0.0078 VRAM 24MB
Ep 1250 | M0_PDR 1.000 | M1_PDR 1.000 | H_m0 0.01 H_m1 0.62 | a-0.0025 c0.0008 ent0.0077 VRAM 24MB
Ep 1300 | M0_PDR 1.000 | M1_PDR 1.000 | H_m0 0.01 H_m1 0.73 | a-0.0037 c0.0004 ent0.0077 VRAM 24MB
Ep 1350 | M0_PDR 0.998 | M1_PDR 0.999 | H_m0 0.01 H_m1 0.67 | a-0.0041 c0.0032 ent0.0076 VRAM 24MB
Ep 1400 | M0_PDR 1.000 | M1_PDR 1.000 | H_m0 0.00 H_m1 0.86 | a-0.0049 c0.0003 ent0.0075 VRAM 24MB
Ep 1450 | M0_PDR 0.998 | M1_PDR 1.000 | H_m0 0.00 H_m1 0.98 | a-0.0034 c0.0023 ent0.0074 VRAM 24MB
Ep 1500 | M0_PDR 1.000 | M1_PDR 1.000 | H_m0 0.00 H_m1 0.84 | a-0.0040 c0.0002 ent0.0073 VRAM 24MB
Ep 1550 | M0_PDR 1.000 | M1_PDR 1.000 | H_m0 0.00 H_m1 0.92 | a-0.0043 c0.0002 ent0.0072 VRAM 24MB
Ep 1600 | M0_PDR 1.000 | M1_PDR 1.000 | H_m0 0.00 H_m1 0.91 | a-0.0042 c0.0002 ent0.0071 VRAM 24MB
Ep 1650 | M0_PDR 1.000 | M1_PDR 1.000 | H_m0 0.00 H_m1 0.93 | a-0.0032 c0.0002 ent0.0070 VRAM 24MB
Ep 1700 | M0_PDR 1.000 | M1_PDR 1.000 | H_m0 0.00 H_m1 0.68 | a-0.0030 c0.0004 ent0.0069 VRAM 24MB
Ep 1750 | M0_PDR 1.000 | M1_PDR 1.000 | H_m0 0.00 H_m1 0.67 | a-0.0024 c0.0001 ent0.0068 VRAM 24MB
Ep 1800 | M0_PDR 1.000 | M1_PDR 1.000 | H_m0 0.00 H_m1 0.83 | a-0.0038 c0.0001 ent0.0068 VRAM 24MB
Ep 1850 | M0_PDR 1.000 | M1_PDR 1.000 | H_m0 0.00 H_m1 1.03 | a-0.0038 c0.0001 ent0.0067 VRAM 24MB
Error: tcpip::Socket::accept() Unable to create listening socket: Address already in use
Quitting (on error).
Ep 1900 | M0_PDR 1.000 | M1_PDR 1.000 | H_m0 0.00 H_m1 1.01 | a-0.0018 c0.0001 ent0.0066 VRAM 24MB
Ep 1950 | M0_PDR 1.000 | M1_PDR 1.000 | H_m0 0.00 H_m1 0.96 | a-0.0022 c0.0001 ent0.0065 VRAM 24MB
Ep 2000 | M0_PDR 1.000 | M1_PDR 1.000 | H_m0 0.00 H_m1 1.01 | a-0.0037 c0.0001 ent0.0064 VRAM 24MB
Ep 2050 | M0_PDR 1.000 | M1_PDR 1.000 | H_m0 0.00 H_m1 0.93 | a-0.0031 c0.0001 ent0.0063 VRAM 24MB
Ep 2100 | M0_PDR 1.000 | M1_PDR 1.000 | H_m0 0.00 H_m1 0.89 | a-0.0049 c0.0001 ent0.0062 VRAM 24MB
Ep 2150 | M0_PDR 1.000 | M1_PDR 1.000 | H_m0 0.00 H_m1 0.85 | a-0.0031 c0.0001 ent0.0061 VRAM 24MB
Ep 2200 | M0_PDR 1.000 | M1_PDR 1.000 | H_m0 0.00 H_m1 0.96 | a-0.0025 c0.0001 ent0.0060 VRAM 24MB
Ep 2250 | M0_PDR 1.000 | M1_PDR 1.000 | H_m0 0.00 H_m1 0.97 | a-0.0046 c0.0001 ent0.0059 VRAM 24MB
Ep 2300 | M0_PDR 1.000 | M1_PDR 1.000 | H_m0 0.00 H_m1 0.72 | a-0.0026 c0.0001 ent0.0059 VRAM 24MB
Ep 2350 | M0_PDR 1.000 | M1_PDR 1.000 | H_m0 0.00 H_m1 0.85 | a-0.0027 c0.0001 ent0.0058 VRAM 24MB
Ep 2400 | M0_PDR 1.000 | M1_PDR 1.000 | H_m0 0.00 H_m1 0.82 | a-0.0036 c0.0001 ent0.0057 VRAM 24MB
Ep 2450 | M0_PDR 1.000 | M1_PDR 1.000 | H_m0 0.00 H_m1 0.66 | a-0.0019 c0.0017 ent0.0056 VRAM 24MB
Ep 2500 | M0_PDR 1.000 | M1_PDR 1.000 | H_m0 0.00 H_m1 0.77 | a-0.0024 c0.0016 ent0.0055 VRAM 24MB
Ep 2550 | M0_PDR 1.000 | M1_PDR 1.000 | H_m0 0.00 H_m1 0.80 | a-0.0022 c0.0014 ent0.0054 VRAM 24MB
Ep 2600 | M0_PDR 1.000 | M1_PDR 1.000 | H_m0 0.00 H_m1 0.78 | a-0.0021 c0.0014 ent0.0053 VRAM 24MB
Ep 2650 | M0_PDR 1.000 | M1_PDR 1.000 | H_m0 0.00 H_m1 0.77 | a-0.0021 c0.0012 ent0.0052 VRAM 24MB
Ep 2700 | M0_PDR 1.000 | M1_PDR 1.000 | H_m0 0.00 H_m1 0.79 | a-0.0020 c0.0011 ent0.0051 VRAM 24MB
Ep 2750 | M0_PDR 1.000 | M1_PDR 1.000 | H_m0 0.00 H_m1 0.83 | a-0.0022 c0.0010 ent0.0050 VRAM 24MB
Ep 2800 | M0_PDR 1.000 | M1_PDR 1.000 | H_m0 0.00 H_m1 0.86 | a-0.0023 c0.0009 ent0.0050 VRAM 24MB
Ep 2850 | M0_PDR 1.000 | M1_PDR 1.000 | H_m0 0.01 H_m1 0.81 | a-0.0020 c0.0008 ent0.0049 VRAM 24MB
Ep 2900 | M0_PDR 1.000 | M1_PDR 1.000 | H_m0 0.00 H_m1 0.91 | a-0.0024 c0.0013 ent0.0048 VRAM 24MB
Ep 2950 | M0_PDR 1.000 | M1_PDR 1.000 | H_m0 0.00 H_m1 0.97 | a-0.0025 c0.0012 ent0.0047 VRAM 24MB
Ep 3000 | M0_PDR 1.000 | M1_PDR 1.000 | H_m0 0.00 H_m1 0.91 | a-0.0022 c0.0010 ent0.0046 VRAM 24MB
Ep 3050 | M0_PDR 1.000 | M1_PDR 1.000 | H_m0 0.00 H_m1 0.82 | a-0.0019 c0.0021 ent0.0045 VRAM 24MB
Ep 3100 | M0_PDR 1.000 | M1_PDR 1.000 | H_m0 0.00 H_m1 0.72 | a-0.0017 c0.0016 ent0.0044 VRAM 24MB
Ep 3150 | M0_PDR 1.000 | M1_PDR 1.000 | H_m0 0.00 H_m1 0.75 | a-0.0016 c0.0012 ent0.0043 VRAM 24MB
Ep 3200 | M0_PDR 1.000 | M1_PDR 1.000 | H_m0 0.00 H_m1 0.93 | a-0.0021 c0.0009 ent0.0042 VRAM 24MB
Ep 3250 | M0_PDR 1.000 | M1_PDR 1.000 | H_m0 0.00 H_m1 0.94 | a-0.0022 c0.0008 ent0.0041 VRAM 24MB
Ep 3300 | M0_PDR 1.000 | M1_PDR 1.000 | H_m0 0.00 H_m1 0.97 | a-0.0021 c0.0007 ent0.0041 VRAM 24MB
Ep 3350 | M0_PDR 1.000 | M1_PDR 1.000 | H_m0 0.00 H_m1 0.93 | a-0.0022 c0.0006 ent0.0040 VRAM 24MB
Ep 3400 | M0_PDR 1.000 | M1_PDR 1.000 | H_m0 0.00 H_m1 0.87 | a-0.0020 c0.0005 ent0.0039 VRAM 24MB
Ep 3450 | M0_PDR 1.000 | M1_PDR 1.000 | H_m0 0.00 H_m1 0.87 | a-0.0021 c0.0005 ent0.0038 VRAM 24MB
Ep 3500 | M0_PDR 1.000 | M1_PDR 1.000 | H_m0 0.00 H_m1 0.81 | a-0.0017 c0.0004 ent0.0037 VRAM 24MB
Ep 3550 | M0_PDR 1.000 | M1_PDR 1.000 | H_m0 0.00 H_m1 0.82 | a-0.0015 c0.0003 ent0.0036 VRAM 24MB
Ep 3600 | M0_PDR 1.000 | M1_PDR 1.000 | H_m0 0.00 H_m1 0.79 | a-0.0013 c0.0003 ent0.0035 VRAM 24MB
Ep 3650 | M0_PDR 1.000 | M1_PDR 1.000 | H_m0 0.00 H_m1 0.83 | a-0.0016 c0.0003 ent0.0034 VRAM 24MB
Ep 3700 | M0_PDR 1.000 | M1_PDR 1.000 | H_m0 0.00 H_m1 0.77 | a-0.0014 c0.0002 ent0.0033 VRAM 24MB
Ep 3750 | M0_PDR 1.000 | M1_PDR 1.000 | H_m0 0.00 H_m1 0.70 | a-0.0013 c0.0001 ent0.0032 VRAM 24MB
Ep 3800 | M0_PDR 1.000 | M1_PDR 1.000 | H_m0 0.00 H_m1 0.77 | a-0.0012 c0.0002 ent0.0032 VRAM 24MB
Ep 3850 | M0_PDR 1.000 | M1_PDR 1.000 | H_m0 0.00 H_m1 0.68 | a-0.0011 c0.0002 ent0.0031 VRAM 24MB
Ep 3900 | M0_PDR 0.999 | M1_PDR 1.000 | H_m0 0.00 H_m1 0.69 | a-0.0010 c0.0008 ent0.0030 VRAM 24MB
Ep 3950 | M0_PDR 1.000 | M1_PDR 1.000 | H_m0 0.00 H_m1 0.73 | a-0.0012 c0.0002 ent0.0029 VRAM 24MB
Ep 4000 | M0_PDR 1.000 | M1_PDR 1.000 | H_m0 0.00 H_m1 0.81 | a-0.0011 c0.0002 ent0.0028 VRAM 24MB
Ep 4050 | M0_PDR 1.000 | M1_PDR 1.000 | H_m0 0.00 H_m1 0.80 | a-0.0013 c0.0001 ent0.0027 VRAM 24MB
Ep 4100 | M0_PDR 1.000 | M1_PDR 1.000 | H_m0 0.00 H_m1 0.80 | a-0.0012 c0.0001 ent0.0026 VRAM 24MB
Ep 4150 | M0_PDR 1.000 | M1_PDR 1.000 | H_m0 0.00 H_m1 0.82 | a-0.0011 c0.0001 ent0.0025 VRAM 24MB
Ep 4200 | M0_PDR 1.000 | M1_PDR 1.000 | H_m0 0.00 H_m1 0.79 | a-0.0010 c0.0001 ent0.0024 VRAM 24MB
Ep 4250 | M0_PDR 1.000 | M1_PDR 1.000 | H_m0 0.00 H_m1 0.82 | a-0.0011 c0.0001 ent0.0023 VRAM 24MB
Ep 4300 | M0_PDR 1.000 | M1_PDR 1.000 | H_m0 0.00 H_m1 0.82 | a-0.0010 c0.0001 ent0.0023 VRAM 24MB
Ep 4350 | M0_PDR 1.000 | M1_PDR 1.000 | H_m0 0.00 H_m1 0.81 | a-0.0009 c0.0001 ent0.0022 VRAM 24MB
Ep 4400 | M0_PDR 1.000 | M1_PDR 1.000 | H_m0 0.00 H_m1 0.83 | a-0.0009 c0.0001 ent0.0021 VRAM 24MB
Ep 4450 | M0_PDR 1.000 | M1_PDR 1.000 | H_m0 0.00 H_m1 0.83 | a-0.0010 c0.0001 ent0.0020 VRAM 24MB
Ep 4500 | M0_PDR 1.000 | M1_PDR 1.000 | H_m0 0.00 H_m1 0.80 | a-0.0008 c0.0001 ent0.0019 VRAM 24MB
Ep 4550 | M0_PDR 1.000 | M1_PDR 1.000 | H_m0 0.00 H_m1 0.80 | a-0.0008 c0.0001 ent0.0018 VRAM 24MB
Ep 4600 | M0_PDR 1.000 | M1_PDR 1.000 | H_m0 0.00 H_m1 0.81 | a-0.0008 c0.0001 ent0.0017 VRAM 24MB
Ep 4650 | M0_PDR 1.000 | M1_PDR 1.000 | H_m0 0.00 H_m1 0.82 | a-0.0007 c0.0001 ent0.0016 VRAM 24MB
Ep 4700 | M0_PDR 1.000 | M1_PDR 1.000 | H_m0 0.00 H_m1 0.80 | a-0.0007 c0.0001 ent0.0015 VRAM 24MB
Ep 4750 | M0_PDR 1.000 | M1_PDR 1.000 | H_m0 0.00 H_m1 0.81 | a-0.0006 c0.0001 ent0.0014 VRAM 24MB
Ep 4800 | M0_PDR 1.000 | M1_PDR 1.000 | H_m0 0.00 H_m1 0.81 | a-0.0006 c0.0001 ent0.0014 VRAM 24MB
Ep 4850 | M0_PDR 1.000 | M1_PDR 1.000 | H_m0 0.00 H_m1 0.81 | a-0.0006 c0.0001 ent0.0013 VRAM 24MB
Ep 4900 | M0_PDR 1.000 | M1_PDR 1.000 | H_m0 0.00 H_m1 0.82 | a-0.0005 c0.0001 ent0.0012 VRAM 24MB
Ep 4950 | M0_PDR 1.000 | M1_PDR 1.000 | H_m0 0.00 H_m1 0.82 | a-0.0005 c0.0001 ent0.0011 VRAM 24MB

Training complete. Running 100 eval episodes...

  Eval ep   0: M0_PDR=1.000  M1_PDR=1.000
  Eval ep  20: M0_PDR=1.000  M1_PDR=1.000
  Eval ep  40: M0_PDR=1.000  M1_PDR=1.000
  Eval ep  60: M0_PDR=1.000  M1_PDR=1.000
  Eval ep  80: M0_PDR=1.000  M1_PDR=1.000

=== Eval Summary (100 episodes) ===
  M0_PDR_mean         : 1.0000
  M0_PDR_p05 (across) : 1.0000
  M0_PDR_p05 (intra)  : 1.0000
  M1_PDR_mean         : 0.9999
  M0_SINR_mean (dB)   : 47.27
  M1_SINR_mean (dB)   : 46.97
  M0_collision_rate   : 0.000
  M0_collision_within_pool : 0.000
  M1_collision_within_pool : 0.000

Result saved -> results/_A_mode0c_seed3_5000ep_gaefix_g05_ent01_lc.json
  N=4  rho=0.8  M0_PDR=1.000  M1_PDR=1.000
Checkpoint saved -> checkpoints/A_mode0c_seed3_5000ep_gaefix_g05_ent01_lc_actors.pt
[NS3Bridge] Shutdown complete.
Run complete.
