[seed] all RNGs seeded with 2
GPU : NVIDIA GeForce RTX 3060
VRAM: 12.9 GB
Device          : cuda:0
Actors          : 10 per-vehicle, total 212,730 params
Critic params   : 69,633
obs_dim=11  action_dim=25  gs_dim=115
M0 count: 5  M1 count: 5
Training for 5000 episodes (Config A_mode0c_N10_seed2_gaefix_g05_ent01_lc, N=10)...

[NS3Bridge] Connected tcp://localhost:8046
Ep    0 | M0_PDR 0.506 | M1_PDR 0.568 | H_m0 3.22 H_m1 3.21 | a-0.0401 c0.4898 ent0.0100 VRAM 35MB
Ep   50 | M0_PDR 0.944 | M1_PDR 0.912 | H_m0 0.18 H_m1 0.22 | a-0.0060 c0.0356 ent0.0099 VRAM 35MB
Ep  100 | M0_PDR 0.949 | M1_PDR 0.965 | H_m0 0.01 H_m1 0.01 | a-0.0001 c0.0322 ent0.0098 VRAM 35MB
Ep  150 | M0_PDR 0.956 | M1_PDR 0.965 | H_m0 0.00 H_m1 0.00 | a-0.0000 c0.0301 ent0.0097 VRAM 35MB
Ep  200 | M0_PDR 0.943 | M1_PDR 0.971 | H_m0 0.00 H_m1 0.00 | a-0.0000 c0.0373 ent0.0096 VRAM 35MB
Ep  250 | M0_PDR 0.948 | M1_PDR 0.961 | H_m0 0.00 H_m1 0.00 | a-0.0000 c0.0312 ent0.0095 VRAM 35MB
Ep  300 | M0_PDR 0.955 | M1_PDR 0.953 | H_m0 0.00 H_m1 0.00 | a-0.0000 c0.0266 ent0.0095 VRAM 35MB
Ep  350 | M0_PDR 0.953 | M1_PDR 0.961 | H_m0 0.00 H_m1 0.00 | a-0.0000 c0.0280 ent0.0094 VRAM 35MB
Ep  400 | M0_PDR 0.953 | M1_PDR 0.954 | H_m0 0.00 H_m1 0.00 | a-0.0000 c0.0300 ent0.0093 VRAM 35MB
Ep  450 | M0_PDR 0.960 | M1_PDR 0.965 | H_m0 0.00 H_m1 0.00 | a-0.0000 c0.0279 ent0.0092 VRAM 35MB
Ep  500 | M0_PDR 0.961 | M1_PDR 0.964 | H_m0 0.00 H_m1 0.00 | a-0.0000 c0.0268 ent0.0091 VRAM 35MB
Ep  550 | M0_PDR 0.951 | M1_PDR 0.952 | H_m0 0.00 H_m1 0.00 | a-0.0000 c0.0298 ent0.0090 VRAM 35MB
Ep  600 | M0_PDR 0.947 | M1_PDR 0.962 | H_m0 0.00 H_m1 0.00 | a-0.0000 c0.0309 ent0.0089 VRAM 35MB
Ep  650 | M0_PDR 0.948 | M1_PDR 0.962 | H_m0 0.00 H_m1 0.00 | a-0.0000 c0.0346 ent0.0088 VRAM 35MB
Ep  700 | M0_PDR 0.952 | M1_PDR 0.965 | H_m0 0.00 H_m1 0.00 | a-0.0000 c0.0293 ent0.0087 VRAM 35MB
Ep  750 | M0_PDR 0.950 | M1_PDR 0.958 | H_m0 0.00 H_m1 0.00 | a-0.0000 c0.0285 ent0.0086 VRAM 35MB
Ep  800 | M0_PDR 0.954 | M1_PDR 0.951 | H_m0 0.00 H_m1 0.00 | a-0.0000 c0.0292 ent0.0086 VRAM 35MB
Ep  850 | M0_PDR 0.960 | M1_PDR 0.966 | H_m0 0.00 H_m1 0.00 | a-0.0001 c0.0265 ent0.0085 VRAM 35MB
Ep  900 | M0_PDR 0.952 | M1_PDR 0.967 | H_m0 0.00 H_m1 0.00 | a-0.0001 c0.0296 ent0.0084 VRAM 35MB
Ep  950 | M0_PDR 0.954 | M1_PDR 0.965 | H_m0 0.00 H_m1 0.00 | a-0.0000 c0.0270 ent0.0083 VRAM 35MB
Ep 1000 | M0_PDR 0.945 | M1_PDR 0.955 | H_m0 0.00 H_m1 0.00 | a-0.0000 c0.0350 ent0.0082 VRAM 35MB
Ep 1050 | M0_PDR 0.954 | M1_PDR 0.961 | H_m0 0.00 H_m1 0.00 | a-0.0000 c0.0262 ent0.0081 VRAM 35MB
Ep 1100 | M0_PDR 0.959 | M1_PDR 0.962 | H_m0 0.00 H_m1 0.00 | a-0.0000 c0.0239 ent0.0080 VRAM 35MB
Ep 1150 | M0_PDR 0.957 | M1_PDR 0.960 | H_m0 0.00 H_m1 0.00 | a-0.0000 c0.0280 ent0.0079 VRAM 35MB
Ep 1200 | M0_PDR 0.960 | M1_PDR 0.957 | H_m0 0.00 H_m1 0.00 | a-0.0000 c0.0281 ent0.0078 VRAM 35MB
Ep 1250 | M0_PDR 0.953 | M1_PDR 0.965 | H_m0 0.00 H_m1 0.00 | a-0.0000 c0.0291 ent0.0077 VRAM 35MB
Ep 1300 | M0_PDR 0.950 | M1_PDR 0.960 | H_m0 0.00 H_m1 0.00 | a-0.0000 c0.0316 ent0.0077 VRAM 35MB
Ep 1350 | M0_PDR 0.941 | M1_PDR 0.963 | H_m0 0.00 H_m1 0.00 | a-0.0000 c0.0332 ent0.0076 VRAM 35MB
Ep 1400 | M0_PDR 0.948 | M1_PDR 0.960 | H_m0 0.00 H_m1 0.00 | a-0.0000 c0.0309 ent0.0075 VRAM 35MB
Ep 1450 | M0_PDR 0.945 | M1_PDR 0.953 | H_m0 0.00 H_m1 0.00 | a-0.0000 c0.0328 ent0.0074 VRAM 35MB
Ep 1500 | M0_PDR 0.951 | M1_PDR 0.969 | H_m0 0.00 H_m1 0.00 | a-0.0000 c0.0284 ent0.0073 VRAM 35MB
Ep 1550 | M0_PDR 0.956 | M1_PDR 0.972 | H_m0 0.00 H_m1 0.00 | a-0.0005 c0.0282 ent0.0072 VRAM 35MB
Ep 1600 | M0_PDR 0.953 | M1_PDR 0.954 | H_m0 0.00 H_m1 0.00 | a-0.0000 c0.0294 ent0.0071 VRAM 35MB
Ep 1650 | M0_PDR 0.950 | M1_PDR 0.962 | H_m0 0.00 H_m1 0.00 | a-0.0000 c0.0326 ent0.0070 VRAM 35MB
Ep 1700 | M0_PDR 0.946 | M1_PDR 0.961 | H_m0 0.00 H_m1 0.00 | a-0.0000 c0.0311 ent0.0069 VRAM 35MB
Ep 1750 | M0_PDR 0.947 | M1_PDR 0.963 | H_m0 0.00 H_m1 0.00 | a-0.0000 c0.0331 ent0.0068 VRAM 35MB
Ep 1800 | M0_PDR 0.956 | M1_PDR 0.952 | H_m0 0.00 H_m1 0.00 | a-0.0000 c0.0268 ent0.0068 VRAM 35MB
Ep 1850 | M0_PDR 0.956 | M1_PDR 0.948 | H_m0 0.00 H_m1 0.00 | a-0.0000 c0.0291 ent0.0067 VRAM 35MB
Ep 1900 | M0_PDR 0.955 | M1_PDR 0.951 | H_m0 0.00 H_m1 0.00 | a-0.0000 c0.0280 ent0.0066 VRAM 35MB
Ep 1950 | M0_PDR 0.955 | M1_PDR 0.968 | H_m0 0.00 H_m1 0.00 | a-0.0000 c0.0251 ent0.0065 VRAM 35MB
Ep 2000 | M0_PDR 0.945 | M1_PDR 0.949 | H_m0 0.00 H_m1 0.00 | a-0.0000 c0.0327 ent0.0064 VRAM 35MB
Ep 2050 | M0_PDR 0.957 | M1_PDR 0.957 | H_m0 0.00 H_m1 0.00 | a-0.0000 c0.0289 ent0.0063 VRAM 35MB
Ep 2100 | M0_PDR 0.956 | M1_PDR 0.965 | H_m0 0.00 H_m1 0.00 | a-0.0000 c0.0278 ent0.0062 VRAM 35MB
Ep 2150 | M0_PDR 0.962 | M1_PDR 0.964 | H_m0 0.00 H_m1 0.00 | a-0.0000 c0.0252 ent0.0061 VRAM 35MB
Ep 2200 | M0_PDR 0.955 | M1_PDR 0.956 | H_m0 0.00 H_m1 0.00 | a-0.0000 c0.0252 ent0.0060 VRAM 35MB
Ep 2250 | M0_PDR 0.952 | M1_PDR 0.954 | H_m0 0.00 H_m1 0.00 | a-0.0000 c0.0315 ent0.0059 VRAM 35MB
Ep 2300 | M0_PDR 0.959 | M1_PDR 0.949 | H_m0 0.00 H_m1 0.00 | a-0.0000 c0.0259 ent0.0059 VRAM 35MB
Ep 2350 | M0_PDR 0.955 | M1_PDR 0.954 | H_m0 0.00 H_m1 0.00 | a-0.0000 c0.0284 ent0.0058 VRAM 35MB
Ep 2400 | M0_PDR 0.954 | M1_PDR 0.959 | H_m0 0.00 H_m1 0.00 | a-0.0000 c0.0271 ent0.0057 VRAM 35MB
Ep 2450 | M0_PDR 0.949 | M1_PDR 0.953 | H_m0 0.00 H_m1 0.00 | a-0.0000 c0.0296 ent0.0056 VRAM 35MB
Ep 2500 | M0_PDR 0.947 | M1_PDR 0.970 | H_m0 0.00 H_m1 0.00 | a-0.0000 c0.0332 ent0.0055 VRAM 35MB
Ep 2550 | M0_PDR 0.942 | M1_PDR 0.958 | H_m0 0.00 H_m1 0.00 | a-0.0000 c0.0330 ent0.0054 VRAM 35MB
Ep 2600 | M0_PDR 0.951 | M1_PDR 0.952 | H_m0 0.00 H_m1 0.00 | a-0.0000 c0.0319 ent0.0053 VRAM 35MB
Ep 2650 | M0_PDR 0.951 | M1_PDR 0.958 | H_m0 0.00 H_m1 0.00 | a-0.0000 c0.0300 ent0.0052 VRAM 35MB
Ep 2700 | M0_PDR 0.960 | M1_PDR 0.963 | H_m0 0.00 H_m1 0.00 | a-0.0000 c0.0223 ent0.0051 VRAM 35MB
Ep 2750 | M0_PDR 0.947 | M1_PDR 0.955 | H_m0 0.00 H_m1 0.00 | a-0.0000 c0.0339 ent0.0050 VRAM 35MB
Ep 2800 | M0_PDR 0.949 | M1_PDR 0.965 | H_m0 0.00 H_m1 0.00 | a-0.0000 c0.0298 ent0.0050 VRAM 35MB
Ep 2850 | M0_PDR 0.954 | M1_PDR 0.965 | H_m0 0.00 H_m1 0.00 | a-0.0000 c0.0298 ent0.0049 VRAM 35MB
Ep 2900 | M0_PDR 0.948 | M1_PDR 0.956 | H_m0 0.00 H_m1 0.00 | a-0.0000 c0.0286 ent0.0048 VRAM 35MB
Ep 2950 | M0_PDR 0.942 | M1_PDR 0.967 | H_m0 0.00 H_m1 0.00 | a-0.0000 c0.0329 ent0.0047 VRAM 35MB
Ep 3000 | M0_PDR 0.957 | M1_PDR 0.957 | H_m0 0.00 H_m1 0.00 | a-0.0000 c0.0265 ent0.0046 VRAM 35MB
Ep 3050 | M0_PDR 0.941 | M1_PDR 0.965 | H_m0 0.00 H_m1 0.00 | a-0.0000 c0.0383 ent0.0045 VRAM 35MB
Ep 3100 | M0_PDR 0.947 | M1_PDR 0.954 | H_m0 0.00 H_m1 0.00 | a-0.0000 c0.0306 ent0.0044 VRAM 35MB
Ep 3150 | M0_PDR 0.944 | M1_PDR 0.967 | H_m0 0.00 H_m1 0.00 | a-0.0000 c0.0337 ent0.0043 VRAM 35MB
Ep 3200 | M0_PDR 0.948 | M1_PDR 0.965 | H_m0 0.00 H_m1 0.00 | a-0.0000 c0.0295 ent0.0042 VRAM 35MB
Ep 3250 | M0_PDR 0.951 | M1_PDR 0.940 | H_m0 0.00 H_m1 0.00 | a-0.0000 c0.0293 ent0.0041 VRAM 35MB
Ep 3300 | M0_PDR 0.962 | M1_PDR 0.951 | H_m0 0.00 H_m1 0.00 | a-0.0000 c0.0261 ent0.0041 VRAM 35MB
Ep 3350 | M0_PDR 0.959 | M1_PDR 0.973 | H_m0 0.00 H_m1 0.00 | a-0.0000 c0.0231 ent0.0040 VRAM 35MB
Ep 3400 | M0_PDR 0.956 | M1_PDR 0.962 | H_m0 0.00 H_m1 0.00 | a-0.0000 c0.0276 ent0.0039 VRAM 35MB
Ep 3450 | M0_PDR 0.959 | M1_PDR 0.965 | H_m0 0.00 H_m1 0.00 | a-0.0000 c0.0254 ent0.0038 VRAM 35MB
Ep 3500 | M0_PDR 0.954 | M1_PDR 0.954 | H_m0 0.00 H_m1 0.00 | a-0.0000 c0.0297 ent0.0037 VRAM 35MB
Ep 3550 | M0_PDR 0.958 | M1_PDR 0.956 | H_m0 0.00 H_m1 0.00 | a-0.0000 c0.0228 ent0.0036 VRAM 35MB
Ep 3600 | M0_PDR 0.954 | M1_PDR 0.952 | H_m0 0.00 H_m1 0.00 | a-0.0000 c0.0276 ent0.0035 VRAM 35MB
Ep 3650 | M0_PDR 0.946 | M1_PDR 0.957 | H_m0 0.00 H_m1 0.00 | a-0.0000 c0.0327 ent0.0034 VRAM 35MB
Ep 3700 | M0_PDR 0.959 | M1_PDR 0.965 | H_m0 0.00 H_m1 0.00 | a-0.0000 c0.0235 ent0.0033 VRAM 35MB
Ep 3750 | M0_PDR 0.973 | M1_PDR 0.963 | H_m0 0.00 H_m1 0.00 | a-0.0000 c0.0204 ent0.0032 VRAM 35MB
Ep 3800 | M0_PDR 0.950 | M1_PDR 0.960 | H_m0 0.00 H_m1 0.00 | a-0.0000 c0.0272 ent0.0032 VRAM 35MB
Ep 3850 | M0_PDR 0.949 | M1_PDR 0.958 | H_m0 0.00 H_m1 0.00 | a-0.0000 c0.0273 ent0.0031 VRAM 35MB
Ep 3900 | M0_PDR 0.957 | M1_PDR 0.962 | H_m0 0.00 H_m1 0.00 | a-0.0000 c0.0267 ent0.0030 VRAM 35MB
Ep 3950 | M0_PDR 0.960 | M1_PDR 0.952 | H_m0 0.00 H_m1 0.00 | a-0.0000 c0.0234 ent0.0029 VRAM 35MB
Ep 4000 | M0_PDR 0.952 | M1_PDR 0.959 | H_m0 0.00 H_m1 0.00 | a-0.0001 c0.0284 ent0.0028 VRAM 35MB
Ep 4050 | M0_PDR 0.950 | M1_PDR 0.962 | H_m0 0.00 H_m1 0.00 | a-0.0000 c0.0286 ent0.0027 VRAM 35MB
Ep 4100 | M0_PDR 0.954 | M1_PDR 0.957 | H_m0 0.00 H_m1 0.00 | a-0.0000 c0.0235 ent0.0026 VRAM 35MB
Ep 4150 | M0_PDR 0.954 | M1_PDR 0.955 | H_m0 0.00 H_m1 0.00 | a-0.0000 c0.0280 ent0.0025 VRAM 35MB
Ep 4200 | M0_PDR 0.949 | M1_PDR 0.957 | H_m0 0.00 H_m1 0.00 | a-0.0000 c0.0303 ent0.0024 VRAM 35MB
Ep 4250 | M0_PDR 0.955 | M1_PDR 0.960 | H_m0 0.00 H_m1 0.00 | a-0.0000 c0.0279 ent0.0023 VRAM 35MB
Ep 4300 | M0_PDR 0.950 | M1_PDR 0.954 | H_m0 0.00 H_m1 0.00 | a-0.0000 c0.0313 ent0.0023 VRAM 35MB
Ep 4350 | M0_PDR 0.960 | M1_PDR 0.963 | H_m0 0.00 H_m1 0.00 | a-0.0000 c0.0247 ent0.0022 VRAM 35MB
Ep 4400 | M0_PDR 0.948 | M1_PDR 0.954 | H_m0 0.00 H_m1 0.00 | a-0.0000 c0.0286 ent0.0021 VRAM 35MB
Ep 4450 | M0_PDR 0.962 | M1_PDR 0.953 | H_m0 0.00 H_m1 0.00 | a-0.0000 c0.0248 ent0.0020 VRAM 35MB
Ep 4500 | M0_PDR 0.953 | M1_PDR 0.962 | H_m0 0.00 H_m1 0.00 | a-0.0000 c0.0273 ent0.0019 VRAM 35MB
Ep 4550 | M0_PDR 0.955 | M1_PDR 0.955 | H_m0 0.00 H_m1 0.00 | a-0.0000 c0.0265 ent0.0018 VRAM 35MB
Ep 4600 | M0_PDR 0.944 | M1_PDR 0.949 | H_m0 0.00 H_m1 0.00 | a-0.0000 c0.0315 ent0.0017 VRAM 35MB
Ep 4650 | M0_PDR 0.958 | M1_PDR 0.959 | H_m0 0.00 H_m1 0.00 | a-0.0000 c0.0247 ent0.0016 VRAM 35MB
Ep 4700 | M0_PDR 0.943 | M1_PDR 0.955 | H_m0 0.00 H_m1 0.00 | a-0.0000 c0.0328 ent0.0015 VRAM 35MB
Ep 4750 | M0_PDR 0.945 | M1_PDR 0.960 | H_m0 0.00 H_m1 0.00 | a-0.0000 c0.0318 ent0.0014 VRAM 35MB
Ep 4800 | M0_PDR 0.955 | M1_PDR 0.971 | H_m0 0.00 H_m1 0.00 | a-0.0000 c0.0273 ent0.0014 VRAM 35MB
Ep 4850 | M0_PDR 0.950 | M1_PDR 0.963 | H_m0 0.00 H_m1 0.00 | a-0.0000 c0.0307 ent0.0013 VRAM 35MB
Ep 4900 | M0_PDR 0.968 | M1_PDR 0.964 | H_m0 0.00 H_m1 0.00 | a-0.0000 c0.0217 ent0.0012 VRAM 35MB
Ep 4950 | M0_PDR 0.965 | M1_PDR 0.952 | H_m0 0.00 H_m1 0.00 | a-0.0000 c0.0223 ent0.0011 VRAM 35MB

Training complete. Running 100 eval episodes...

  Eval ep   0: M0_PDR=0.952  M1_PDR=0.944
  Eval ep  20: M0_PDR=0.949  M1_PDR=0.952
  Eval ep  40: M0_PDR=0.960  M1_PDR=0.955
  Eval ep  60: M0_PDR=0.956  M1_PDR=0.958
  Eval ep  80: M0_PDR=0.954  M1_PDR=0.967

=== Eval Summary (100 episodes) ===
  M0_PDR_mean         : 0.9540
  M0_PDR_p05 (across) : 0.9458
  M0_PDR_p05 (intra)  : 0.7997
  M1_PDR_mean         : 0.9602
  M0_SINR_mean (dB)   : 17.70
  M1_SINR_mean (dB)   : 19.92
  M0_collision_rate   : 1.000
  M0_collision_within_pool : 0.000
  M1_collision_within_pool : 0.000

Result saved -> results/_A_mode0c_N10_seed2_gaefix_g05_ent01_lc.json
  N=10  rho=2.0  M0_PDR=0.954  M1_PDR=0.960
Checkpoint saved -> checkpoints/A_mode0c_N10_seed2_gaefix_g05_ent01_lc_actors.pt
[NS3Bridge] Shutdown complete.
Run complete.
