[seed] all RNGs seeded with 2
GPU : NVIDIA GeForce RTX 3060
VRAM: 12.9 GB
Device          : cuda:0
Actors          : 10 per-vehicle, total 228,190 params
Critic params   : 101,889
obs_dim=13  action_dim=35  gs_dim=137
M0 count: 5  M1 count: 5
Training for 5000 episodes (Config A_mode0c_N10_M7_seed2_gaefix_g05_ent01, N=10)...

[NS3Bridge] Connected tcp://localhost:8276
Ep    0 | M0_PDR 0.602 | M1_PDR 0.687 | H_m0 3.55 H_m1 3.55 | a-0.0435 c0.7148 ent0.0100 VRAM 37MB
Ep   50 | M0_PDR 0.848 | M1_PDR 0.632 | H_m0 1.46 H_m1 3.42 | a-0.0300 c0.9576 ent0.0099 VRAM 37MB
Ep  100 | M0_PDR 0.970 | M1_PDR 0.726 | H_m0 0.13 H_m1 2.45 | a-0.0165 c1.1201 ent0.0098 VRAM 37MB
Ep  150 | M0_PDR 0.975 | M1_PDR 0.806 | H_m0 0.19 H_m1 1.77 | a-0.0107 c1.0900 ent0.0097 VRAM 37MB
Ep  200 | M0_PDR 0.962 | M1_PDR 0.890 | H_m0 0.28 H_m1 0.95 | a-0.0094 c1.0159 ent0.0096 VRAM 37MB
Ep  250 | M0_PDR 0.973 | M1_PDR 0.971 | H_m0 0.02 H_m1 0.43 | a-0.0028 c1.0044 ent0.0095 VRAM 37MB
Ep  300 | M0_PDR 0.959 | M1_PDR 0.980 | H_m0 0.01 H_m1 0.18 | a-0.0011 c0.9751 ent0.0095 VRAM 37MB
Ep  350 | M0_PDR 0.988 | M1_PDR 0.970 | H_m0 0.01 H_m1 0.20 | a-0.0009 c1.0422 ent0.0094 VRAM 37MB
Ep  400 | M0_PDR 0.989 | M1_PDR 0.980 | H_m0 0.00 H_m1 0.12 | a-0.0009 c1.0221 ent0.0093 VRAM 37MB
Ep  450 | M0_PDR 0.981 | M1_PDR 0.970 | H_m0 0.00 H_m1 0.24 | a-0.0011 c1.0267 ent0.0092 VRAM 37MB
Ep  500 | M0_PDR 0.977 | M1_PDR 0.982 | H_m0 0.00 H_m1 0.11 | a-0.0005 c1.0052 ent0.0091 VRAM 37MB
Ep  550 | M0_PDR 0.969 | M1_PDR 0.981 | H_m0 0.00 H_m1 0.11 | a-0.0005 c0.9935 ent0.0090 VRAM 37MB
Ep  600 | M0_PDR 0.984 | M1_PDR 0.987 | H_m0 0.00 H_m1 0.06 | a-0.0005 c1.0114 ent0.0089 VRAM 37MB
Ep  650 | M0_PDR 0.982 | M1_PDR 0.984 | H_m0 0.00 H_m1 0.10 | a-0.0006 c1.0113 ent0.0088 VRAM 37MB
Ep  700 | M0_PDR 0.983 | M1_PDR 0.987 | H_m0 0.00 H_m1 0.02 | a-0.0002 c1.0047 ent0.0087 VRAM 37MB
Ep  750 | M0_PDR 0.980 | M1_PDR 0.980 | H_m0 0.00 H_m1 0.06 | a-0.0005 c1.0092 ent0.0086 VRAM 37MB
Ep  800 | M0_PDR 0.980 | M1_PDR 0.987 | H_m0 0.00 H_m1 0.10 | a-0.0004 c1.0086 ent0.0086 VRAM 37MB
Ep  850 | M0_PDR 0.973 | M1_PDR 0.950 | H_m0 0.00 H_m1 0.33 | a-0.0018 c1.0174 ent0.0085 VRAM 37MB
Ep  900 | M0_PDR 0.984 | M1_PDR 0.981 | H_m0 0.00 H_m1 0.11 | a-0.0009 c1.0142 ent0.0084 VRAM 37MB
Ep  950 | M0_PDR 0.977 | M1_PDR 0.969 | H_m0 0.00 H_m1 0.19 | a-0.0013 c1.0093 ent0.0083 VRAM 37MB
Ep 1000 | M0_PDR 0.980 | M1_PDR 0.973 | H_m0 0.00 H_m1 0.21 | a-0.0021 c1.0157 ent0.0082 VRAM 37MB
Ep 1050 | M0_PDR 0.984 | M1_PDR 0.971 | H_m0 0.00 H_m1 0.29 | a-0.0019 c1.0200 ent0.0081 VRAM 37MB
Ep 1100 | M0_PDR 0.978 | M1_PDR 0.974 | H_m0 0.00 H_m1 0.30 | a-0.0013 c1.0108 ent0.0080 VRAM 37MB
Ep 1150 | M0_PDR 0.973 | M1_PDR 0.979 | H_m0 0.00 H_m1 0.21 | a-0.0008 c0.9981 ent0.0079 VRAM 37MB
Ep 1200 | M0_PDR 0.978 | M1_PDR 0.978 | H_m0 0.00 H_m1 0.33 | a-0.0017 c1.0057 ent0.0078 VRAM 37MB
Ep 1250 | M0_PDR 0.981 | M1_PDR 0.987 | H_m0 0.00 H_m1 0.16 | a-0.0011 c1.0061 ent0.0077 VRAM 37MB
Ep 1300 | M0_PDR 0.985 | M1_PDR 0.977 | H_m0 0.00 H_m1 0.21 | a-0.0010 c1.0166 ent0.0077 VRAM 37MB
Ep 1350 | M0_PDR 0.979 | M1_PDR 0.978 | H_m0 0.00 H_m1 0.30 | a-0.0013 c1.0149 ent0.0076 VRAM 37MB
Ep 1400 | M0_PDR 0.979 | M1_PDR 0.976 | H_m0 0.00 H_m1 0.23 | a-0.0011 c1.0072 ent0.0075 VRAM 37MB
Ep 1450 | M0_PDR 0.981 | M1_PDR 0.976 | H_m0 0.00 H_m1 0.21 | a-0.0008 c1.0173 ent0.0074 VRAM 37MB
Ep 1500 | M0_PDR 0.983 | M1_PDR 0.972 | H_m0 0.00 H_m1 0.20 | a-0.0009 c1.0168 ent0.0073 VRAM 37MB
Ep 1550 | M0_PDR 0.988 | M1_PDR 0.980 | H_m0 0.00 H_m1 0.18 | a-0.0011 c1.0181 ent0.0072 VRAM 37MB
Ep 1600 | M0_PDR 0.986 | M1_PDR 0.978 | H_m0 0.00 H_m1 0.18 | a-0.0011 c1.0199 ent0.0071 VRAM 37MB
Ep 1650 | M0_PDR 0.986 | M1_PDR 0.979 | H_m0 0.00 H_m1 0.06 | a-0.0006 c1.0146 ent0.0070 VRAM 37MB
Ep 1700 | M0_PDR 0.988 | M1_PDR 0.983 | H_m0 0.00 H_m1 0.10 | a-0.0007 c1.0088 ent0.0069 VRAM 37MB
Ep 1750 | M0_PDR 0.977 | M1_PDR 0.976 | H_m0 0.00 H_m1 0.16 | a-0.0010 c0.9959 ent0.0068 VRAM 37MB
Ep 1800 | M0_PDR 0.983 | M1_PDR 0.972 | H_m0 0.00 H_m1 0.21 | a-0.0015 c1.0098 ent0.0068 VRAM 37MB
Ep 1850 | M0_PDR 0.983 | M1_PDR 0.977 | H_m0 0.00 H_m1 0.13 | a-0.0006 c1.0167 ent0.0067 VRAM 37MB
Ep 1900 | M0_PDR 0.982 | M1_PDR 0.983 | H_m0 0.00 H_m1 0.12 | a-0.0005 c1.0074 ent0.0066 VRAM 37MB
Ep 1950 | M0_PDR 0.972 | M1_PDR 0.981 | H_m0 0.00 H_m1 0.10 | a-0.0004 c0.9937 ent0.0065 VRAM 37MB
Ep 2000 | M0_PDR 0.980 | M1_PDR 0.990 | H_m0 0.00 H_m1 0.10 | a-0.0003 c0.9986 ent0.0064 VRAM 37MB
Ep 2050 | M0_PDR 0.985 | M1_PDR 0.981 | H_m0 0.00 H_m1 0.16 | a-0.0007 c1.0152 ent0.0063 VRAM 37MB
Ep 2100 | M0_PDR 0.983 | M1_PDR 0.976 | H_m0 0.00 H_m1 0.21 | a-0.0006 c1.0116 ent0.0062 VRAM 37MB
Ep 2150 | M0_PDR 0.977 | M1_PDR 0.973 | H_m0 0.00 H_m1 0.30 | a-0.0013 c1.0080 ent0.0061 VRAM 37MB
Ep 2200 | M0_PDR 0.982 | M1_PDR 0.984 | H_m0 0.00 H_m1 0.17 | a-0.0006 c1.0100 ent0.0060 VRAM 37MB
Ep 2250 | M0_PDR 0.984 | M1_PDR 0.988 | H_m0 0.00 H_m1 0.24 | a-0.0011 c1.0147 ent0.0059 VRAM 37MB
Ep 2300 | M0_PDR 0.982 | M1_PDR 0.977 | H_m0 0.00 H_m1 0.31 | a-0.0014 c1.0091 ent0.0059 VRAM 37MB
Ep 2350 | M0_PDR 0.983 | M1_PDR 0.976 | H_m0 0.00 H_m1 0.30 | a-0.0013 c1.0165 ent0.0058 VRAM 37MB
Ep 2400 | M0_PDR 0.982 | M1_PDR 0.983 | H_m0 0.00 H_m1 0.22 | a-0.0007 c1.0090 ent0.0057 VRAM 37MB
Ep 2450 | M0_PDR 0.982 | M1_PDR 0.985 | H_m0 0.00 H_m1 0.17 | a-0.0006 c1.0045 ent0.0056 VRAM 37MB
Ep 2500 | M0_PDR 0.986 | M1_PDR 0.981 | H_m0 0.00 H_m1 0.24 | a-0.0008 c1.0120 ent0.0055 VRAM 37MB
Ep 2550 | M0_PDR 0.980 | M1_PDR 0.979 | H_m0 0.00 H_m1 0.23 | a-0.0010 c1.0047 ent0.0054 VRAM 37MB
Ep 2600 | M0_PDR 0.978 | M1_PDR 0.988 | H_m0 0.00 H_m1 0.23 | a-0.0008 c1.0050 ent0.0053 VRAM 37MB
Ep 2650 | M0_PDR 0.982 | M1_PDR 0.984 | H_m0 0.00 H_m1 0.23 | a-0.0006 c1.0067 ent0.0052 VRAM 37MB
Ep 2700 | M0_PDR 0.978 | M1_PDR 0.984 | H_m0 0.00 H_m1 0.24 | a-0.0007 c1.0049 ent0.0051 VRAM 37MB
Ep 2750 | M0_PDR 0.986 | M1_PDR 0.987 | H_m0 0.00 H_m1 0.25 | a-0.0007 c1.0161 ent0.0050 VRAM 37MB
Ep 2800 | M0_PDR 0.976 | M1_PDR 0.989 | H_m0 0.00 H_m1 0.22 | a-0.0007 c1.0064 ent0.0050 VRAM 37MB
Ep 2850 | M0_PDR 0.976 | M1_PDR 0.984 | H_m0 0.00 H_m1 0.19 | a-0.0006 c0.9952 ent0.0049 VRAM 37MB
Ep 2900 | M0_PDR 0.978 | M1_PDR 0.981 | H_m0 0.00 H_m1 0.23 | a-0.0005 c1.0104 ent0.0048 VRAM 37MB
Ep 2950 | M0_PDR 0.982 | M1_PDR 0.984 | H_m0 0.00 H_m1 0.24 | a-0.0008 c1.0060 ent0.0047 VRAM 37MB
Ep 3000 | M0_PDR 0.986 | M1_PDR 0.978 | H_m0 0.00 H_m1 0.20 | a-0.0004 c1.0151 ent0.0046 VRAM 37MB
Ep 3050 | M0_PDR 0.984 | M1_PDR 0.982 | H_m0 0.00 H_m1 0.21 | a-0.0006 c1.0105 ent0.0045 VRAM 37MB
Ep 3100 | M0_PDR 0.989 | M1_PDR 0.988 | H_m0 0.00 H_m1 0.22 | a-0.0005 c1.0188 ent0.0044 VRAM 37MB
Ep 3150 | M0_PDR 0.983 | M1_PDR 0.986 | H_m0 0.00 H_m1 0.20 | a-0.0003 c1.0016 ent0.0043 VRAM 37MB
Ep 3200 | M0_PDR 0.982 | M1_PDR 0.982 | H_m0 0.00 H_m1 0.19 | a-0.0006 c1.0087 ent0.0042 VRAM 37MB
Ep 3250 | M0_PDR 0.973 | M1_PDR 0.982 | H_m0 0.00 H_m1 0.17 | a-0.0004 c0.9993 ent0.0041 VRAM 37MB
Ep 3300 | M0_PDR 0.982 | M1_PDR 0.978 | H_m0 0.00 H_m1 0.16 | a-0.0003 c1.0152 ent0.0041 VRAM 37MB
Ep 3350 | M0_PDR 0.986 | M1_PDR 0.983 | H_m0 0.00 H_m1 0.15 | a-0.0004 c1.0067 ent0.0040 VRAM 37MB
Ep 3400 | M0_PDR 0.985 | M1_PDR 0.984 | H_m0 0.00 H_m1 0.16 | a-0.0004 c1.0139 ent0.0039 VRAM 37MB
Ep 3450 | M0_PDR 0.985 | M1_PDR 0.983 | H_m0 0.00 H_m1 0.16 | a-0.0003 c1.0134 ent0.0038 VRAM 37MB
Ep 3500 | M0_PDR 0.983 | M1_PDR 0.978 | H_m0 0.00 H_m1 0.16 | a-0.0003 c1.0036 ent0.0037 VRAM 37MB
Ep 3550 | M0_PDR 0.975 | M1_PDR 0.983 | H_m0 0.00 H_m1 0.16 | a-0.0004 c1.0031 ent0.0036 VRAM 37MB
Ep 3600 | M0_PDR 0.982 | M1_PDR 0.986 | H_m0 0.00 H_m1 0.17 | a-0.0003 c0.9999 ent0.0035 VRAM 37MB
Ep 3650 | M0_PDR 0.980 | M1_PDR 0.979 | H_m0 0.00 H_m1 0.18 | a-0.0004 c1.0047 ent0.0034 VRAM 37MB
Ep 3700 | M0_PDR 0.979 | M1_PDR 0.984 | H_m0 0.00 H_m1 0.18 | a-0.0003 c1.0057 ent0.0033 VRAM 37MB
Ep 3750 | M0_PDR 0.983 | M1_PDR 0.984 | H_m0 0.00 H_m1 0.17 | a-0.0005 c1.0065 ent0.0032 VRAM 37MB
Ep 3800 | M0_PDR 0.980 | M1_PDR 0.986 | H_m0 0.00 H_m1 0.17 | a-0.0003 c1.0017 ent0.0032 VRAM 37MB
Ep 3850 | M0_PDR 0.984 | M1_PDR 0.978 | H_m0 0.00 H_m1 0.17 | a-0.0004 c1.0138 ent0.0031 VRAM 37MB
Ep 3900 | M0_PDR 0.980 | M1_PDR 0.987 | H_m0 0.00 H_m1 0.18 | a-0.0003 c1.0077 ent0.0030 VRAM 37MB
Ep 3950 | M0_PDR 0.979 | M1_PDR 0.988 | H_m0 0.00 H_m1 0.17 | a-0.0003 c1.0020 ent0.0029 VRAM 37MB
Ep 4000 | M0_PDR 0.975 | M1_PDR 0.981 | H_m0 0.00 H_m1 0.17 | a-0.0003 c0.9986 ent0.0028 VRAM 37MB
Ep 4050 | M0_PDR 0.980 | M1_PDR 0.985 | H_m0 0.00 H_m1 0.17 | a-0.0003 c1.0046 ent0.0027 VRAM 37MB
Ep 4100 | M0_PDR 0.984 | M1_PDR 0.974 | H_m0 0.00 H_m1 0.17 | a-0.0002 c1.0173 ent0.0026 VRAM 37MB
Ep 4150 | M0_PDR 0.977 | M1_PDR 0.987 | H_m0 0.00 H_m1 0.18 | a-0.0003 c1.0017 ent0.0025 VRAM 37MB
Ep 4200 | M0_PDR 0.979 | M1_PDR 0.986 | H_m0 0.00 H_m1 0.18 | a-0.0002 c1.0026 ent0.0024 VRAM 37MB
Ep 4250 | M0_PDR 0.980 | M1_PDR 0.988 | H_m0 0.00 H_m1 0.18 | a-0.0002 c1.0076 ent0.0023 VRAM 37MB
Ep 4300 | M0_PDR 0.975 | M1_PDR 0.983 | H_m0 0.00 H_m1 0.17 | a-0.0002 c0.9968 ent0.0023 VRAM 37MB
Ep 4350 | M0_PDR 0.982 | M1_PDR 0.982 | H_m0 0.00 H_m1 0.17 | a-0.0002 c1.0035 ent0.0022 VRAM 37MB
Ep 4400 | M0_PDR 0.983 | M1_PDR 0.981 | H_m0 0.00 H_m1 0.17 | a-0.0002 c1.0070 ent0.0021 VRAM 37MB
Ep 4450 | M0_PDR 0.981 | M1_PDR 0.982 | H_m0 0.00 H_m1 0.18 | a-0.0002 c1.0078 ent0.0020 VRAM 37MB
Ep 4500 | M0_PDR 0.974 | M1_PDR 0.987 | H_m0 0.00 H_m1 0.17 | a-0.0002 c0.9975 ent0.0019 VRAM 37MB
Ep 4550 | M0_PDR 0.978 | M1_PDR 0.980 | H_m0 0.00 H_m1 0.17 | a-0.0002 c0.9987 ent0.0018 VRAM 37MB
Ep 4600 | M0_PDR 0.986 | M1_PDR 0.989 | H_m0 0.00 H_m1 0.18 | a-0.0002 c1.0089 ent0.0017 VRAM 37MB
Ep 4650 | M0_PDR 0.979 | M1_PDR 0.980 | H_m0 0.00 H_m1 0.18 | a-0.0002 c1.0068 ent0.0016 VRAM 37MB
Ep 4700 | M0_PDR 0.982 | M1_PDR 0.983 | H_m0 0.00 H_m1 0.18 | a-0.0001 c1.0063 ent0.0015 VRAM 37MB
Ep 4750 | M0_PDR 0.984 | M1_PDR 0.983 | H_m0 0.00 H_m1 0.18 | a-0.0001 c1.0110 ent0.0014 VRAM 37MB
Ep 4800 | M0_PDR 0.985 | M1_PDR 0.984 | H_m0 0.00 H_m1 0.18 | a-0.0001 c1.0162 ent0.0014 VRAM 37MB
Ep 4850 | M0_PDR 0.979 | M1_PDR 0.982 | H_m0 0.00 H_m1 0.18 | a-0.0001 c1.0039 ent0.0013 VRAM 37MB
Ep 4900 | M0_PDR 0.976 | M1_PDR 0.983 | H_m0 0.00 H_m1 0.18 | a-0.0001 c0.9971 ent0.0012 VRAM 37MB
Ep 4950 | M0_PDR 0.976 | M1_PDR 0.985 | H_m0 0.00 H_m1 0.17 | a-0.0001 c0.9979 ent0.0011 VRAM 37MB

Training complete. Running 100 eval episodes...

  Eval ep   0: M0_PDR=0.980  M1_PDR=0.983
  Eval ep  20: M0_PDR=0.977  M1_PDR=0.987
  Eval ep  40: M0_PDR=0.982  M1_PDR=0.984
  Eval ep  60: M0_PDR=0.984  M1_PDR=0.980
  Eval ep  80: M0_PDR=0.984  M1_PDR=0.983

=== Eval Summary (100 episodes) ===
  M0_PDR_mean         : 0.9816
  M0_PDR_p05 (across) : 0.9747
  M0_PDR_p05 (intra)  : 0.8121
  M1_PDR_mean         : 0.9834
  M0_SINR_mean (dB)   : 31.60
  M1_SINR_mean (dB)   : 32.76
  M0_collision_rate   : 0.600
  M0_collision_within_pool : 0.000
  M1_collision_within_pool : 0.001

Result saved -> results/_A_mode0c_N10_M7_seed2_gaefix_g05_ent01.json
  N=10  rho=1.43  M0_PDR=0.982  M1_PDR=0.983
Checkpoint saved -> checkpoints/A_mode0c_N10_M7_seed2_gaefix_g05_ent01_actors.pt
[NS3Bridge] Shutdown complete.
Run complete.
