[seed] all RNGs seeded with 3
GPU : NVIDIA GeForce RTX 3060
VRAM: 12.9 GB
Device          : cuda:0
Actors          : 10 per-vehicle, total 212,730 params
Critic params   : 96,257
obs_dim=11  action_dim=25  gs_dim=115
M0 count: 5  M1 count: 5
Training for 5000 episodes (Config A_mode0c_N10_seed3_gaefix_g05_ent01_d10, N=10)...

[NS3Bridge] Connected tcp://localhost:8686
Ep    0 | M0_PDR 0.527 | M1_PDR 0.566 | H_m0 3.21 H_m1 3.21 | a-0.0405 c0.6256 ent0.0100 VRAM 35MB
Ep   50 | M0_PDR 0.913 | M1_PDR 0.910 | H_m0 0.27 H_m1 0.41 | a-0.0059 c0.4680 ent0.0099 VRAM 35MB
Ep  100 | M0_PDR 0.928 | M1_PDR 0.971 | H_m0 0.01 H_m1 0.03 | a-0.0003 c0.3947 ent0.0098 VRAM 35MB
Ep  150 | M0_PDR 0.917 | M1_PDR 0.952 | H_m0 0.01 H_m1 0.01 | a-0.0002 c0.3966 ent0.0097 VRAM 35MB
Ep  200 | M0_PDR 0.917 | M1_PDR 0.969 | H_m0 0.01 H_m1 0.00 | a-0.0001 c0.3915 ent0.0096 VRAM 35MB
Ep  250 | M0_PDR 0.926 | M1_PDR 0.964 | H_m0 0.00 H_m1 0.01 | a-0.0001 c0.4005 ent0.0095 VRAM 35MB
Ep  300 | M0_PDR 0.927 | M1_PDR 0.971 | H_m0 0.00 H_m1 0.00 | a-0.0001 c0.3910 ent0.0095 VRAM 35MB
Ep  350 | M0_PDR 0.917 | M1_PDR 0.972 | H_m0 0.00 H_m1 0.01 | a-0.0001 c0.3892 ent0.0094 VRAM 35MB
Ep  400 | M0_PDR 0.928 | M1_PDR 0.961 | H_m0 0.00 H_m1 0.01 | a-0.0000 c0.4107 ent0.0093 VRAM 35MB
Ep  450 | M0_PDR 0.922 | M1_PDR 0.977 | H_m0 0.00 H_m1 0.00 | a-0.0002 c0.3903 ent0.0092 VRAM 35MB
Ep  500 | M0_PDR 0.931 | M1_PDR 0.976 | H_m0 0.01 H_m1 0.00 | a0.0000 c0.3883 ent0.0091 VRAM 35MB
Ep  550 | M0_PDR 0.935 | M1_PDR 0.969 | H_m0 0.00 H_m1 0.01 | a-0.0001 c0.3931 ent0.0090 VRAM 35MB
Ep  600 | M0_PDR 0.927 | M1_PDR 0.969 | H_m0 0.00 H_m1 0.00 | a-0.0000 c0.3895 ent0.0089 VRAM 35MB
Ep  650 | M0_PDR 0.916 | M1_PDR 0.972 | H_m0 0.00 H_m1 0.00 | a-0.0000 c0.3778 ent0.0088 VRAM 35MB
Ep  700 | M0_PDR 0.911 | M1_PDR 0.967 | H_m0 0.00 H_m1 0.00 | a-0.0000 c0.3963 ent0.0087 VRAM 35MB
Ep  750 | M0_PDR 0.917 | M1_PDR 0.971 | H_m0 0.00 H_m1 0.00 | a-0.0000 c0.3880 ent0.0086 VRAM 35MB
Ep  800 | M0_PDR 0.915 | M1_PDR 0.963 | H_m0 0.00 H_m1 0.00 | a-0.0000 c0.3812 ent0.0086 VRAM 35MB
Ep  850 | M0_PDR 0.926 | M1_PDR 0.972 | H_m0 0.00 H_m1 0.00 | a-0.0000 c0.3979 ent0.0085 VRAM 35MB
Ep  900 | M0_PDR 0.929 | M1_PDR 0.963 | H_m0 0.00 H_m1 0.01 | a-0.0002 c0.3988 ent0.0084 VRAM 35MB
Ep  950 | M0_PDR 0.921 | M1_PDR 0.968 | H_m0 0.00 H_m1 0.00 | a-0.0000 c0.3989 ent0.0083 VRAM 35MB
Ep 1000 | M0_PDR 0.926 | M1_PDR 0.975 | H_m0 0.00 H_m1 0.00 | a-0.0001 c0.3858 ent0.0082 VRAM 35MB
Ep 1050 | M0_PDR 0.920 | M1_PDR 0.978 | H_m0 0.00 H_m1 0.01 | a-0.0002 c0.3763 ent0.0081 VRAM 35MB
Ep 1100 | M0_PDR 0.919 | M1_PDR 0.957 | H_m0 0.00 H_m1 0.01 | a-0.0000 c0.4069 ent0.0080 VRAM 35MB
Ep 1150 | M0_PDR 0.931 | M1_PDR 0.959 | H_m0 0.00 H_m1 0.00 | a-0.0000 c0.3965 ent0.0079 VRAM 35MB
Ep 1200 | M0_PDR 0.922 | M1_PDR 0.977 | H_m0 0.00 H_m1 0.00 | a-0.0000 c0.3988 ent0.0078 VRAM 35MB
Ep 1250 | M0_PDR 0.929 | M1_PDR 0.965 | H_m0 0.00 H_m1 0.00 | a-0.0000 c0.3975 ent0.0077 VRAM 35MB
Ep 1300 | M0_PDR 0.939 | M1_PDR 0.962 | H_m0 0.00 H_m1 0.00 | a-0.0000 c0.3979 ent0.0077 VRAM 35MB
Ep 1350 | M0_PDR 0.929 | M1_PDR 0.956 | H_m0 0.00 H_m1 0.02 | a-0.0005 c0.4026 ent0.0076 VRAM 35MB
Ep 1400 | M0_PDR 0.918 | M1_PDR 0.967 | H_m0 0.00 H_m1 0.03 | a-0.0001 c0.4064 ent0.0075 VRAM 35MB
Ep 1450 | M0_PDR 0.934 | M1_PDR 0.967 | H_m0 0.00 H_m1 0.01 | a-0.0002 c0.3909 ent0.0074 VRAM 35MB
Ep 1500 | M0_PDR 0.933 | M1_PDR 0.965 | H_m0 0.00 H_m1 0.00 | a-0.0000 c0.4019 ent0.0073 VRAM 35MB
Ep 1550 | M0_PDR 0.930 | M1_PDR 0.975 | H_m0 0.00 H_m1 0.00 | a-0.0000 c0.3916 ent0.0072 VRAM 35MB
Ep 1600 | M0_PDR 0.927 | M1_PDR 0.967 | H_m0 0.00 H_m1 0.00 | a-0.0000 c0.3997 ent0.0071 VRAM 35MB
Ep 1650 | M0_PDR 0.922 | M1_PDR 0.960 | H_m0 0.00 H_m1 0.01 | a-0.0003 c0.3884 ent0.0070 VRAM 35MB
Ep 1700 | M0_PDR 0.926 | M1_PDR 0.966 | H_m0 0.00 H_m1 0.01 | a-0.0002 c0.4090 ent0.0069 VRAM 35MB
Ep 1750 | M0_PDR 0.932 | M1_PDR 0.972 | H_m0 0.00 H_m1 0.00 | a-0.0000 c0.3960 ent0.0068 VRAM 35MB
Ep 1800 | M0_PDR 0.938 | M1_PDR 0.969 | H_m0 0.00 H_m1 0.00 | a-0.0002 c0.3991 ent0.0068 VRAM 35MB
Ep 1850 | M0_PDR 0.922 | M1_PDR 0.970 | H_m0 0.00 H_m1 0.00 | a-0.0000 c0.3800 ent0.0067 VRAM 35MB
Ep 1900 | M0_PDR 0.922 | M1_PDR 0.970 | H_m0 0.00 H_m1 0.00 | a-0.0000 c0.3954 ent0.0066 VRAM 35MB
Ep 1950 | M0_PDR 0.920 | M1_PDR 0.963 | H_m0 0.00 H_m1 0.00 | a-0.0000 c0.3903 ent0.0065 VRAM 35MB
Ep 2000 | M0_PDR 0.929 | M1_PDR 0.964 | H_m0 0.00 H_m1 0.00 | a-0.0000 c0.3992 ent0.0064 VRAM 35MB
Ep 2050 | M0_PDR 0.930 | M1_PDR 0.965 | H_m0 0.00 H_m1 0.00 | a-0.0003 c0.4026 ent0.0063 VRAM 35MB
Ep 2100 | M0_PDR 0.926 | M1_PDR 0.969 | H_m0 0.00 H_m1 0.00 | a-0.0000 c0.4005 ent0.0062 VRAM 35MB
Ep 2150 | M0_PDR 0.930 | M1_PDR 0.968 | H_m0 0.00 H_m1 0.00 | a-0.0000 c0.3982 ent0.0061 VRAM 35MB
Ep 2200 | M0_PDR 0.922 | M1_PDR 0.968 | H_m0 0.00 H_m1 0.00 | a-0.0000 c0.3885 ent0.0060 VRAM 35MB
Ep 2250 | M0_PDR 0.938 | M1_PDR 0.961 | H_m0 0.00 H_m1 0.00 | a0.0000 c0.4012 ent0.0059 VRAM 35MB
Ep 2300 | M0_PDR 0.919 | M1_PDR 0.964 | H_m0 0.00 H_m1 0.00 | a-0.0000 c0.3948 ent0.0059 VRAM 35MB
Ep 2350 | M0_PDR 0.930 | M1_PDR 0.959 | H_m0 0.00 H_m1 0.00 | a-0.0000 c0.3899 ent0.0058 VRAM 35MB
Ep 2400 | M0_PDR 0.917 | M1_PDR 0.964 | H_m0 0.00 H_m1 0.01 | a-0.0001 c0.4001 ent0.0057 VRAM 35MB
Ep 2450 | M0_PDR 0.921 | M1_PDR 0.961 | H_m0 0.00 H_m1 0.00 | a-0.0000 c0.3973 ent0.0056 VRAM 35MB
Ep 2500 | M0_PDR 0.923 | M1_PDR 0.965 | H_m0 0.00 H_m1 0.00 | a-0.0002 c0.3973 ent0.0055 VRAM 35MB
Ep 2550 | M0_PDR 0.936 | M1_PDR 0.962 | H_m0 0.00 H_m1 0.01 | a-0.0003 c0.4112 ent0.0054 VRAM 35MB
Ep 2600 | M0_PDR 0.926 | M1_PDR 0.972 | H_m0 0.00 H_m1 0.00 | a-0.0000 c0.3856 ent0.0053 VRAM 35MB
Ep 2650 | M0_PDR 0.934 | M1_PDR 0.962 | H_m0 0.00 H_m1 0.00 | a-0.0002 c0.4024 ent0.0052 VRAM 35MB
Ep 2700 | M0_PDR 0.928 | M1_PDR 0.964 | H_m0 0.00 H_m1 0.00 | a-0.0000 c0.3981 ent0.0051 VRAM 35MB
Ep 2750 | M0_PDR 0.917 | M1_PDR 0.968 | H_m0 0.00 H_m1 0.00 | a-0.0000 c0.3757 ent0.0050 VRAM 35MB
Ep 2800 | M0_PDR 0.911 | M1_PDR 0.964 | H_m0 0.00 H_m1 0.00 | a-0.0000 c0.3901 ent0.0050 VRAM 35MB
Ep 2850 | M0_PDR 0.930 | M1_PDR 0.964 | H_m0 0.00 H_m1 0.00 | a-0.0000 c0.4012 ent0.0049 VRAM 35MB
Ep 2900 | M0_PDR 0.925 | M1_PDR 0.974 | H_m0 0.00 H_m1 0.00 | a-0.0000 c0.3823 ent0.0048 VRAM 35MB
Ep 2950 | M0_PDR 0.930 | M1_PDR 0.966 | H_m0 0.00 H_m1 0.00 | a-0.0000 c0.3967 ent0.0047 VRAM 35MB
Ep 3000 | M0_PDR 0.930 | M1_PDR 0.969 | H_m0 0.00 H_m1 0.00 | a-0.0000 c0.3912 ent0.0046 VRAM 35MB
Ep 3050 | M0_PDR 0.924 | M1_PDR 0.971 | H_m0 0.00 H_m1 0.00 | a-0.0000 c0.3910 ent0.0045 VRAM 35MB
Ep 3100 | M0_PDR 0.918 | M1_PDR 0.951 | H_m0 0.00 H_m1 0.00 | a-0.0000 c0.4064 ent0.0044 VRAM 35MB
Ep 3150 | M0_PDR 0.915 | M1_PDR 0.960 | H_m0 0.00 H_m1 0.00 | a-0.0000 c0.3978 ent0.0043 VRAM 35MB
Ep 3200 | M0_PDR 0.927 | M1_PDR 0.962 | H_m0 0.00 H_m1 0.00 | a-0.0000 c0.3963 ent0.0042 VRAM 35MB
Ep 3250 | M0_PDR 0.924 | M1_PDR 0.964 | H_m0 0.00 H_m1 0.00 | a-0.0002 c0.4037 ent0.0041 VRAM 35MB
Ep 3300 | M0_PDR 0.920 | M1_PDR 0.958 | H_m0 0.00 H_m1 0.00 | a-0.0000 c0.4007 ent0.0041 VRAM 35MB
Ep 3350 | M0_PDR 0.919 | M1_PDR 0.971 | H_m0 0.00 H_m1 0.00 | a-0.0002 c0.3798 ent0.0040 VRAM 35MB
Ep 3400 | M0_PDR 0.920 | M1_PDR 0.963 | H_m0 0.00 H_m1 0.00 | a-0.0000 c0.3884 ent0.0039 VRAM 35MB
Ep 3450 | M0_PDR 0.929 | M1_PDR 0.973 | H_m0 0.00 H_m1 0.00 | a-0.0000 c0.3932 ent0.0038 VRAM 35MB
Ep 3500 | M0_PDR 0.927 | M1_PDR 0.963 | H_m0 0.00 H_m1 0.00 | a-0.0002 c0.4053 ent0.0037 VRAM 35MB
Ep 3550 | M0_PDR 0.924 | M1_PDR 0.975 | H_m0 0.00 H_m1 0.00 | a-0.0000 c0.3821 ent0.0036 VRAM 35MB
Ep 3600 | M0_PDR 0.926 | M1_PDR 0.962 | H_m0 0.00 H_m1 0.00 | a-0.0000 c0.4070 ent0.0035 VRAM 35MB
Ep 3650 | M0_PDR 0.910 | M1_PDR 0.973 | H_m0 0.00 H_m1 0.00 | a-0.0000 c0.3799 ent0.0034 VRAM 35MB
Ep 3700 | M0_PDR 0.923 | M1_PDR 0.966 | H_m0 0.00 H_m1 0.00 | a-0.0000 c0.3949 ent0.0033 VRAM 35MB
Ep 3750 | M0_PDR 0.923 | M1_PDR 0.960 | H_m0 0.00 H_m1 0.00 | a-0.0000 c0.4023 ent0.0032 VRAM 35MB
Ep 3800 | M0_PDR 0.914 | M1_PDR 0.973 | H_m0 0.00 H_m1 0.00 | a-0.0000 c0.3844 ent0.0032 VRAM 35MB
Ep 3850 | M0_PDR 0.919 | M1_PDR 0.973 | H_m0 0.00 H_m1 0.00 | a-0.0000 c0.3846 ent0.0031 VRAM 35MB
Ep 3900 | M0_PDR 0.928 | M1_PDR 0.962 | H_m0 0.00 H_m1 0.00 | a-0.0000 c0.3990 ent0.0030 VRAM 35MB
Ep 3950 | M0_PDR 0.927 | M1_PDR 0.972 | H_m0 0.00 H_m1 0.00 | a-0.0000 c0.4010 ent0.0029 VRAM 35MB
Ep 4000 | M0_PDR 0.931 | M1_PDR 0.968 | H_m0 0.00 H_m1 0.00 | a-0.0000 c0.3927 ent0.0028 VRAM 35MB
Ep 4050 | M0_PDR 0.930 | M1_PDR 0.968 | H_m0 0.00 H_m1 0.00 | a-0.0000 c0.3940 ent0.0027 VRAM 35MB
Ep 4100 | M0_PDR 0.924 | M1_PDR 0.973 | H_m0 0.00 H_m1 0.00 | a-0.0000 c0.3830 ent0.0026 VRAM 35MB
Ep 4150 | M0_PDR 0.927 | M1_PDR 0.962 | H_m0 0.00 H_m1 0.00 | a-0.0000 c0.4015 ent0.0025 VRAM 35MB
Ep 4200 | M0_PDR 0.921 | M1_PDR 0.969 | H_m0 0.00 H_m1 0.00 | a0.0000 c0.3925 ent0.0024 VRAM 35MB
Ep 4250 | M0_PDR 0.927 | M1_PDR 0.973 | H_m0 0.00 H_m1 0.00 | a-0.0000 c0.3985 ent0.0023 VRAM 35MB
Ep 4300 | M0_PDR 0.927 | M1_PDR 0.965 | H_m0 0.00 H_m1 0.00 | a-0.0000 c0.4062 ent0.0023 VRAM 35MB
Ep 4350 | M0_PDR 0.916 | M1_PDR 0.969 | H_m0 0.00 H_m1 0.00 | a-0.0000 c0.3835 ent0.0022 VRAM 35MB
Ep 4400 | M0_PDR 0.921 | M1_PDR 0.967 | H_m0 0.00 H_m1 0.00 | a-0.0000 c0.3907 ent0.0021 VRAM 35MB
Ep 4450 | M0_PDR 0.916 | M1_PDR 0.959 | H_m0 0.00 H_m1 0.00 | a-0.0000 c0.3998 ent0.0020 VRAM 35MB
Ep 4500 | M0_PDR 0.919 | M1_PDR 0.968 | H_m0 0.00 H_m1 0.00 | a-0.0000 c0.3916 ent0.0019 VRAM 35MB
Ep 4550 | M0_PDR 0.933 | M1_PDR 0.975 | H_m0 0.00 H_m1 0.00 | a-0.0000 c0.3853 ent0.0018 VRAM 35MB
Ep 4600 | M0_PDR 0.929 | M1_PDR 0.957 | H_m0 0.00 H_m1 0.00 | a-0.0000 c0.4112 ent0.0017 VRAM 35MB
Ep 4650 | M0_PDR 0.932 | M1_PDR 0.968 | H_m0 0.00 H_m1 0.00 | a-0.0000 c0.3966 ent0.0016 VRAM 35MB
Ep 4700 | M0_PDR 0.939 | M1_PDR 0.970 | H_m0 0.00 H_m1 0.00 | a-0.0000 c0.4061 ent0.0015 VRAM 35MB
Ep 4750 | M0_PDR 0.924 | M1_PDR 0.969 | H_m0 0.00 H_m1 0.00 | a-0.0000 c0.4008 ent0.0014 VRAM 35MB
Ep 4800 | M0_PDR 0.933 | M1_PDR 0.967 | H_m0 0.00 H_m1 0.00 | a-0.0000 c0.3900 ent0.0014 VRAM 35MB
Ep 4850 | M0_PDR 0.935 | M1_PDR 0.971 | H_m0 0.00 H_m1 0.00 | a-0.0000 c0.3857 ent0.0013 VRAM 35MB
Ep 4900 | M0_PDR 0.934 | M1_PDR 0.970 | H_m0 0.00 H_m1 0.00 | a-0.0000 c0.3844 ent0.0012 VRAM 35MB
Ep 4950 | M0_PDR 0.920 | M1_PDR 0.966 | H_m0 0.00 H_m1 0.00 | a-0.0000 c0.3838 ent0.0011 VRAM 35MB

Training complete. Running 100 eval episodes...

  Eval ep   0: M0_PDR=0.934  M1_PDR=0.967
  Eval ep  20: M0_PDR=0.936  M1_PDR=0.971
  Eval ep  40: M0_PDR=0.920  M1_PDR=0.971
  Eval ep  60: M0_PDR=0.926  M1_PDR=0.964
  Eval ep  80: M0_PDR=0.904  M1_PDR=0.967

=== Eval Summary (100 episodes) ===
  M0_PDR_mean         : 0.9260
  M0_PDR_p05 (across) : 0.9125
  M0_PDR_p05 (intra)  : 0.7633
  M1_PDR_mean         : 0.9682
  M0_SINR_mean (dB)   : 17.56
  M1_SINR_mean (dB)   : 20.03
  M0_collision_rate   : 1.000
  M0_collision_within_pool : 0.000
  M1_collision_within_pool : 0.000

Result saved -> results/_A_mode0c_N10_seed3_gaefix_g05_ent01_d10.json
  N=10  rho=2.0  M0_PDR=0.926  M1_PDR=0.968
Checkpoint saved -> checkpoints/A_mode0c_N10_seed3_gaefix_g05_ent01_d10_actors.pt
[NS3Bridge] Shutdown complete.
Run complete.
