[seed] all RNGs seeded with 1
GPU : NVIDIA GeForce RTX 3060
VRAM: 12.9 GB
Device          : cuda:0
Actors          : 10 per-vehicle, total 212,730 params
Critic params   : 96,257
obs_dim=11  action_dim=25  gs_dim=115
M0 count: 5  M1 count: 5
Training for 5000 episodes (Config A_mode0c_N10_seed1, N=10)...

[NS3Bridge] Connected tcp://localhost:5766
Ep    0 | M0_PDR 0.537 | M1_PDR 0.597 | H_m0 3.22 H_m1 3.22 | a-0.1691 c27.3106 ent0.0500 VRAM 35MB
Ep   50 | M0_PDR 0.546 | M1_PDR 0.561 | H_m0 3.12 H_m1 3.19 | a-0.1585 c9.1645 ent0.0495 VRAM 35MB
Ep  100 | M0_PDR 0.611 | M1_PDR 0.544 | H_m0 2.80 H_m1 3.18 | a-0.1492 c8.2882 ent0.0490 VRAM 35MB
Ep  150 | M0_PDR 0.651 | M1_PDR 0.510 | H_m0 2.51 H_m1 3.19 | a-0.1417 c8.2144 ent0.0485 VRAM 35MB
Ep  200 | M0_PDR 0.790 | M1_PDR 0.511 | H_m0 1.74 H_m1 3.19 | a-0.1203 c5.8612 ent0.0480 VRAM 35MB
Ep  250 | M0_PDR 0.886 | M1_PDR 0.531 | H_m0 1.11 H_m1 3.16 | a-0.1035 c11.9953 ent0.0475 VRAM 35MB
Ep  300 | M0_PDR 0.917 | M1_PDR 0.550 | H_m0 0.92 H_m1 3.14 | a-0.0975 c3.6955 ent0.0471 VRAM 35MB
Ep  350 | M0_PDR 0.934 | M1_PDR 0.543 | H_m0 0.89 H_m1 3.15 | a-0.0966 c3.6503 ent0.0466 VRAM 35MB
Ep  400 | M0_PDR 0.914 | M1_PDR 0.550 | H_m0 0.94 H_m1 3.13 | a-0.0964 c3.8161 ent0.0461 VRAM 35MB
Ep  450 | M0_PDR 0.934 | M1_PDR 0.516 | H_m0 0.93 H_m1 3.12 | a-0.0953 c6.6385 ent0.0456 VRAM 35MB
Ep  500 | M0_PDR 0.937 | M1_PDR 0.542 | H_m0 0.93 H_m1 3.10 | a-0.0935 c2.5758 ent0.0451 VRAM 35MB
Ep  550 | M0_PDR 0.941 | M1_PDR 0.509 | H_m0 0.78 H_m1 3.10 | a-0.0873 c2.4648 ent0.0446 VRAM 35MB
Ep  600 | M0_PDR 0.958 | M1_PDR 0.541 | H_m0 0.76 H_m1 3.06 | a-0.0855 c2.8375 ent0.0441 VRAM 35MB
Ep  650 | M0_PDR 0.958 | M1_PDR 0.503 | H_m0 0.76 H_m1 3.08 | a-0.0854 c2.9281 ent0.0436 VRAM 35MB
Ep  700 | M0_PDR 0.963 | M1_PDR 0.556 | H_m0 0.77 H_m1 3.10 | a-0.0848 c3.2006 ent0.0431 VRAM 35MB
Ep  750 | M0_PDR 0.961 | M1_PDR 0.544 | H_m0 0.72 H_m1 3.07 | a-0.0815 c2.4822 ent0.0426 VRAM 35MB
Ep  800 | M0_PDR 0.945 | M1_PDR 0.553 | H_m0 0.71 H_m1 3.02 | a-0.0801 c1.7730 ent0.0422 VRAM 35MB
Ep  850 | M0_PDR 0.962 | M1_PDR 0.540 | H_m0 0.61 H_m1 3.06 | a-0.0777 c1.5630 ent0.0417 VRAM 35MB
Ep  900 | M0_PDR 0.944 | M1_PDR 0.537 | H_m0 0.82 H_m1 3.05 | a-0.0810 c4.2351 ent0.0412 VRAM 35MB
Ep  950 | M0_PDR 0.966 | M1_PDR 0.561 | H_m0 0.75 H_m1 3.02 | a-0.0780 c1.9398 ent0.0407 VRAM 35MB
Ep 1000 | M0_PDR 0.964 | M1_PDR 0.570 | H_m0 0.62 H_m1 3.00 | a-0.0738 c1.5616 ent0.0402 VRAM 35MB
Ep 1050 | M0_PDR 0.965 | M1_PDR 0.545 | H_m0 0.69 H_m1 3.05 | a-0.0750 c2.2614 ent0.0397 VRAM 35MB
Ep 1100 | M0_PDR 0.966 | M1_PDR 0.575 | H_m0 0.62 H_m1 3.06 | a-0.0730 c1.7265 ent0.0392 VRAM 35MB
Ep 1150 | M0_PDR 0.961 | M1_PDR 0.572 | H_m0 0.60 H_m1 3.05 | a-0.0715 c2.3563 ent0.0387 VRAM 35MB
Ep 1200 | M0_PDR 0.957 | M1_PDR 0.534 | H_m0 0.67 H_m1 3.06 | a-0.0723 c1.9538 ent0.0382 VRAM 35MB
Ep 1250 | M0_PDR 0.965 | M1_PDR 0.547 | H_m0 0.71 H_m1 3.05 | a-0.0719 c2.8298 ent0.0377 VRAM 35MB
Ep 1300 | M0_PDR 0.964 | M1_PDR 0.574 | H_m0 0.56 H_m1 3.03 | a-0.0671 c1.6884 ent0.0373 VRAM 35MB
Ep 1350 | M0_PDR 0.966 | M1_PDR 0.549 | H_m0 0.54 H_m1 3.05 | a-0.0668 c1.7591 ent0.0368 VRAM 35MB
Ep 1400 | M0_PDR 0.972 | M1_PDR 0.550 | H_m0 0.54 H_m1 3.07 | a-0.0665 c1.9059 ent0.0363 VRAM 35MB
Ep 1450 | M0_PDR 0.960 | M1_PDR 0.530 | H_m0 0.61 H_m1 3.02 | a-0.0662 c1.3831 ent0.0358 VRAM 35MB
Ep 1500 | M0_PDR 0.966 | M1_PDR 0.545 | H_m0 0.43 H_m1 3.05 | a-0.0621 c1.7503 ent0.0353 VRAM 35MB
Ep 1550 | M0_PDR 0.959 | M1_PDR 0.559 | H_m0 0.51 H_m1 2.92 | a-0.0612 c1.6067 ent0.0348 VRAM 35MB
Ep 1600 | M0_PDR 0.949 | M1_PDR 0.617 | H_m0 0.54 H_m1 2.94 | a-0.0609 c1.6384 ent0.0343 VRAM 35MB
Ep 1650 | M0_PDR 0.959 | M1_PDR 0.595 | H_m0 0.55 H_m1 2.85 | a-0.0588 c1.8431 ent0.0338 VRAM 35MB
Ep 1700 | M0_PDR 0.948 | M1_PDR 0.587 | H_m0 0.57 H_m1 2.84 | a-0.0582 c1.6115 ent0.0333 VRAM 35MB
Ep 1750 | M0_PDR 0.958 | M1_PDR 0.587 | H_m0 0.43 H_m1 2.84 | a-0.0553 c1.4608 ent0.0328 VRAM 35MB
Ep 1800 | M0_PDR 0.952 | M1_PDR 0.613 | H_m0 0.49 H_m1 2.78 | a-0.0540 c1.3187 ent0.0324 VRAM 35MB
Ep 1850 | M0_PDR 0.971 | M1_PDR 0.564 | H_m0 0.48 H_m1 2.87 | a-0.0543 c2.5030 ent0.0319 VRAM 35MB
Ep 1900 | M0_PDR 0.968 | M1_PDR 0.602 | H_m0 0.49 H_m1 2.89 | a-0.0535 c2.0492 ent0.0314 VRAM 35MB
Ep 1950 | M0_PDR 0.957 | M1_PDR 0.581 | H_m0 0.46 H_m1 2.83 | a-0.0516 c1.6875 ent0.0309 VRAM 35MB
Ep 2000 | M0_PDR 0.955 | M1_PDR 0.612 | H_m0 0.42 H_m1 2.79 | a-0.0493 c1.4152 ent0.0304 VRAM 35MB
Ep 2050 | M0_PDR 0.966 | M1_PDR 0.619 | H_m0 0.36 H_m1 2.67 | a-0.0459 c1.5628 ent0.0299 VRAM 35MB
Ep 2100 | M0_PDR 0.971 | M1_PDR 0.612 | H_m0 0.39 H_m1 2.68 | a-0.0460 c1.6354 ent0.0294 VRAM 35MB
Ep 2150 | M0_PDR 0.960 | M1_PDR 0.626 | H_m0 0.39 H_m1 2.66 | a-0.0446 c1.4872 ent0.0289 VRAM 35MB
Ep 2200 | M0_PDR 0.960 | M1_PDR 0.619 | H_m0 0.40 H_m1 2.71 | a-0.0449 c1.3165 ent0.0284 VRAM 35MB
Ep 2250 | M0_PDR 0.957 | M1_PDR 0.645 | H_m0 0.42 H_m1 2.59 | a-0.0428 c1.9354 ent0.0279 VRAM 35MB
Ep 2300 | M0_PDR 0.960 | M1_PDR 0.661 | H_m0 0.45 H_m1 2.66 | a-0.0437 c1.2806 ent0.0275 VRAM 35MB
Ep 2350 | M0_PDR 0.953 | M1_PDR 0.664 | H_m0 0.44 H_m1 2.57 | a-0.0425 c1.8836 ent0.0270 VRAM 35MB
Ep 2400 | M0_PDR 0.960 | M1_PDR 0.653 | H_m0 0.26 H_m1 2.56 | a-0.0380 c2.5064 ent0.0265 VRAM 35MB
Ep 2450 | M0_PDR 0.962 | M1_PDR 0.659 | H_m0 0.34 H_m1 2.58 | a-0.0387 c1.5754 ent0.0260 VRAM 35MB
Ep 2500 | M0_PDR 0.961 | M1_PDR 0.637 | H_m0 0.41 H_m1 2.60 | a-0.0390 c1.2025 ent0.0255 VRAM 35MB
Ep 2550 | M0_PDR 0.963 | M1_PDR 0.665 | H_m0 0.37 H_m1 2.49 | a-0.0366 c1.3938 ent0.0250 VRAM 35MB
Ep 2600 | M0_PDR 0.953 | M1_PDR 0.706 | H_m0 0.33 H_m1 2.36 | a-0.0336 c1.7904 ent0.0245 VRAM 35MB
Ep 2650 | M0_PDR 0.959 | M1_PDR 0.657 | H_m0 0.28 H_m1 2.39 | a-0.0331 c2.1880 ent0.0240 VRAM 35MB
Ep 2700 | M0_PDR 0.959 | M1_PDR 0.687 | H_m0 0.28 H_m1 2.30 | a-0.0310 c1.2389 ent0.0235 VRAM 35MB
Ep 2750 | M0_PDR 0.964 | M1_PDR 0.699 | H_m0 0.27 H_m1 2.32 | a-0.0304 c1.3411 ent0.0230 VRAM 35MB
Ep 2800 | M0_PDR 0.967 | M1_PDR 0.707 | H_m0 0.27 H_m1 2.19 | a-0.0282 c1.5090 ent0.0226 VRAM 35MB
Ep 2850 | M0_PDR 0.952 | M1_PDR 0.676 | H_m0 0.21 H_m1 2.25 | a-0.0274 c1.4272 ent0.0221 VRAM 35MB
Ep 2900 | M0_PDR 0.972 | M1_PDR 0.705 | H_m0 0.21 H_m1 2.20 | a-0.0266 c1.3421 ent0.0216 VRAM 35MB
Ep 2950 | M0_PDR 0.959 | M1_PDR 0.733 | H_m0 0.19 H_m1 2.21 | a-0.0258 c1.3524 ent0.0211 VRAM 35MB
Ep 3000 | M0_PDR 0.963 | M1_PDR 0.736 | H_m0 0.14 H_m1 2.18 | a-0.0243 c1.3667 ent0.0206 VRAM 35MB
Ep 3050 | M0_PDR 0.959 | M1_PDR 0.754 | H_m0 0.14 H_m1 2.04 | a-0.0223 c1.1401 ent0.0201 VRAM 35MB
Ep 3100 | M0_PDR 0.960 | M1_PDR 0.712 | H_m0 0.14 H_m1 2.04 | a-0.0219 c1.4199 ent0.0196 VRAM 35MB
Ep 3150 | M0_PDR 0.966 | M1_PDR 0.751 | H_m0 0.20 H_m1 1.96 | a-0.0208 c1.1377 ent0.0191 VRAM 35MB
Ep 3200 | M0_PDR 0.951 | M1_PDR 0.768 | H_m0 0.23 H_m1 1.80 | a-0.0193 c1.5581 ent0.0186 VRAM 35MB
Ep 3250 | M0_PDR 0.953 | M1_PDR 0.779 | H_m0 0.19 H_m1 1.82 | a-0.0185 c1.1176 ent0.0181 VRAM 35MB
Ep 3300 | M0_PDR 0.951 | M1_PDR 0.795 | H_m0 0.19 H_m1 1.61 | a-0.0162 c1.2695 ent0.0177 VRAM 35MB
Ep 3350 | M0_PDR 0.942 | M1_PDR 0.797 | H_m0 0.20 H_m1 1.62 | a-0.0158 c1.2643 ent0.0172 VRAM 35MB
Ep 3400 | M0_PDR 0.958 | M1_PDR 0.807 | H_m0 0.18 H_m1 1.64 | a-0.0154 c1.1998 ent0.0167 VRAM 35MB
Ep 3450 | M0_PDR 0.945 | M1_PDR 0.807 | H_m0 0.17 H_m1 1.56 | a-0.0142 c1.3665 ent0.0162 VRAM 35MB
Ep 3500 | M0_PDR 0.953 | M1_PDR 0.798 | H_m0 0.13 H_m1 1.49 | a-0.0130 c1.2405 ent0.0157 VRAM 35MB
Ep 3550 | M0_PDR 0.948 | M1_PDR 0.815 | H_m0 0.11 H_m1 1.42 | a-0.0119 c1.3347 ent0.0152 VRAM 35MB
Ep 3600 | M0_PDR 0.946 | M1_PDR 0.834 | H_m0 0.10 H_m1 1.27 | a-0.0103 c1.1031 ent0.0147 VRAM 35MB
Ep 3650 | M0_PDR 0.956 | M1_PDR 0.843 | H_m0 0.09 H_m1 1.27 | a-0.0098 c1.1306 ent0.0142 VRAM 35MB
Ep 3700 | M0_PDR 0.932 | M1_PDR 0.860 | H_m0 0.12 H_m1 1.22 | a-0.0093 c1.3411 ent0.0137 VRAM 35MB
Ep 3750 | M0_PDR 0.940 | M1_PDR 0.887 | H_m0 0.10 H_m1 1.11 | a-0.0082 c1.2036 ent0.0132 VRAM 35MB
Ep 3800 | M0_PDR 0.939 | M1_PDR 0.873 | H_m0 0.08 H_m1 1.08 | a-0.0075 c1.2509 ent0.0128 VRAM 35MB
Ep 3850 | M0_PDR 0.927 | M1_PDR 0.885 | H_m0 0.07 H_m1 1.03 | a-0.0069 c1.3439 ent0.0123 VRAM 35MB
Ep 3900 | M0_PDR 0.949 | M1_PDR 0.884 | H_m0 0.09 H_m1 0.95 | a-0.0062 c1.1822 ent0.0118 VRAM 35MB
Ep 3950 | M0_PDR 0.951 | M1_PDR 0.886 | H_m0 0.07 H_m1 0.91 | a-0.0058 c1.1015 ent0.0113 VRAM 35MB
Ep 4000 | M0_PDR 0.951 | M1_PDR 0.897 | H_m0 0.10 H_m1 0.79 | a-0.0049 c1.0850 ent0.0108 VRAM 35MB
Ep 4050 | M0_PDR 0.961 | M1_PDR 0.903 | H_m0 0.07 H_m1 0.72 | a-0.0042 c1.1775 ent0.0103 VRAM 35MB
Ep 4100 | M0_PDR 0.956 | M1_PDR 0.903 | H_m0 0.06 H_m1 0.63 | a-0.0034 c1.0605 ent0.0098 VRAM 35MB
Ep 4150 | M0_PDR 0.950 | M1_PDR 0.926 | H_m0 0.05 H_m1 0.52 | a-0.0027 c1.1910 ent0.0093 VRAM 35MB
Ep 4200 | M0_PDR 0.951 | M1_PDR 0.929 | H_m0 0.04 H_m1 0.52 | a-0.0026 c1.0973 ent0.0088 VRAM 35MB
Ep 4250 | M0_PDR 0.952 | M1_PDR 0.940 | H_m0 0.04 H_m1 0.44 | a-0.0020 c1.0593 ent0.0083 VRAM 35MB
Ep 4300 | M0_PDR 0.960 | M1_PDR 0.944 | H_m0 0.04 H_m1 0.39 | a-0.0017 c1.1823 ent0.0079 VRAM 35MB
Ep 4350 | M0_PDR 0.961 | M1_PDR 0.934 | H_m0 0.03 H_m1 0.36 | a-0.0016 c1.0265 ent0.0074 VRAM 35MB
Ep 4400 | M0_PDR 0.950 | M1_PDR 0.938 | H_m0 0.03 H_m1 0.31 | a-0.0013 c1.1105 ent0.0069 VRAM 35MB
Ep 4450 | M0_PDR 0.947 | M1_PDR 0.957 | H_m0 0.03 H_m1 0.30 | a-0.0011 c1.1705 ent0.0064 VRAM 35MB
Ep 4500 | M0_PDR 0.952 | M1_PDR 0.938 | H_m0 0.03 H_m1 0.29 | a-0.0010 c1.1817 ent0.0059 VRAM 35MB
Ep 4550 | M0_PDR 0.950 | M1_PDR 0.952 | H_m0 0.03 H_m1 0.28 | a-0.0009 c1.1384 ent0.0054 VRAM 35MB
Ep 4600 | M0_PDR 0.946 | M1_PDR 0.942 | H_m0 0.03 H_m1 0.25 | a-0.0007 c1.0523 ent0.0049 VRAM 35MB
Ep 4650 | M0_PDR 0.958 | M1_PDR 0.942 | H_m0 0.03 H_m1 0.25 | a-0.0006 c1.0401 ent0.0044 VRAM 35MB
Ep 4700 | M0_PDR 0.965 | M1_PDR 0.931 | H_m0 0.03 H_m1 0.25 | a-0.0006 c1.0728 ent0.0039 VRAM 35MB
Ep 4750 | M0_PDR 0.950 | M1_PDR 0.958 | H_m0 0.03 H_m1 0.23 | a-0.0005 c1.0919 ent0.0034 VRAM 35MB
Ep 4800 | M0_PDR 0.951 | M1_PDR 0.956 | H_m0 0.03 H_m1 0.21 | a-0.0004 c1.1149 ent0.0030 VRAM 35MB
Ep 4850 | M0_PDR 0.949 | M1_PDR 0.945 | H_m0 0.03 H_m1 0.21 | a-0.0003 c1.1737 ent0.0025 VRAM 35MB
Ep 4900 | M0_PDR 0.952 | M1_PDR 0.958 | H_m0 0.03 H_m1 0.20 | a-0.0002 c1.0458 ent0.0020 VRAM 35MB
Ep 4950 | M0_PDR 0.948 | M1_PDR 0.955 | H_m0 0.02 H_m1 0.20 | a-0.0002 c1.0869 ent0.0015 VRAM 35MB

Training complete. Running 100 eval episodes...

  Eval ep   0: M0_PDR=0.955  M1_PDR=0.954
  Eval ep  20: M0_PDR=0.950  M1_PDR=0.948
  Eval ep  40: M0_PDR=0.948  M1_PDR=0.948
  Eval ep  60: M0_PDR=0.947  M1_PDR=0.958
  Eval ep  80: M0_PDR=0.948  M1_PDR=0.953

=== Eval Summary (100 episodes) ===
  M0_PDR_mean         : 0.9510
  M0_PDR_p05 (across) : 0.9409
  M0_PDR_p05 (intra)  : 0.7973
  M1_PDR_mean         : 0.9527
  M0_SINR_mean (dB)   : 18.25
  M1_SINR_mean (dB)   : 19.37
  M0_collision_rate   : 0.982
  M0_collision_within_pool : 0.000
  M1_collision_within_pool : 0.036

Result saved -> results/_A_mode0c_N10_seed1.json
  N=10  rho=2.0  M0_PDR=0.951  M1_PDR=0.953
Checkpoint saved -> checkpoints/A_mode0c_N10_seed1_actors.pt
[NS3Bridge] Shutdown complete.
Run complete.
