[seed] all RNGs seeded with 2
GPU : NVIDIA GeForce RTX 3060
VRAM: 12.9 GB
Device          : cuda:0
Actors          : 4 per-vehicle, total 85,092 params
Critic params   : 82,177
obs_dim=11  action_dim=25  gs_dim=49
M0 count: 2  M1 count: 2
Training for 5000 episodes (Config A_mode0c_seed2_5000ep_gaefix_g05_ent01_as, N=4)...

[NS3Bridge] Connected tcp://localhost:8096
Ep    0 | M0_PDR 0.649 | M1_PDR 0.648 | H_m0 3.22 H_m1 3.21 | a-0.0389 c0.8166 ent0.0100 VRAM 24MB
Ep   50 | M0_PDR 0.833 | M1_PDR 0.624 | H_m0 1.18 H_m1 3.13 | a-0.0329 c0.1078 ent0.0099 VRAM 24MB
Ep  100 | M0_PDR 1.000 | M1_PDR 1.000 | H_m0 0.00 H_m1 0.74 | a-0.0039 c0.0049 ent0.0098 VRAM 24MB
Ep  150 | M0_PDR 1.000 | M1_PDR 1.000 | H_m0 0.00 H_m1 0.81 | a-0.0042 c0.0046 ent0.0097 VRAM 24MB
Ep  200 | M0_PDR 1.000 | M1_PDR 1.000 | H_m0 0.00 H_m1 0.90 | a-0.0043 c0.0045 ent0.0096 VRAM 24MB
Ep  250 | M0_PDR 1.000 | M1_PDR 1.000 | H_m0 0.00 H_m1 1.16 | a-0.0058 c0.0048 ent0.0095 VRAM 24MB
Ep  300 | M0_PDR 1.000 | M1_PDR 1.000 | H_m0 0.00 H_m1 0.96 | a-0.0047 c0.0042 ent0.0095 VRAM 24MB
Ep  350 | M0_PDR 1.000 | M1_PDR 1.000 | H_m0 0.00 H_m1 0.96 | a-0.0047 c0.0040 ent0.0094 VRAM 24MB
Ep  400 | M0_PDR 1.000 | M1_PDR 1.000 | H_m0 0.00 H_m1 1.03 | a-0.0048 c0.0040 ent0.0093 VRAM 24MB
Ep  450 | M0_PDR 1.000 | M1_PDR 1.000 | H_m0 0.00 H_m1 1.04 | a-0.0051 c0.0038 ent0.0092 VRAM 24MB
Ep  500 | M0_PDR 1.000 | M1_PDR 1.000 | H_m0 0.00 H_m1 0.83 | a-0.0039 c0.0032 ent0.0091 VRAM 24MB
Ep  550 | M0_PDR 1.000 | M1_PDR 1.000 | H_m0 0.00 H_m1 0.85 | a-0.0040 c0.0026 ent0.0090 VRAM 24MB
Ep  600 | M0_PDR 1.000 | M1_PDR 1.000 | H_m0 0.00 H_m1 0.75 | a-0.0043 c0.0052 ent0.0089 VRAM 24MB
Ep  650 | M0_PDR 1.000 | M1_PDR 1.000 | H_m0 0.01 H_m1 0.78 | a-0.0036 c0.0030 ent0.0088 VRAM 24MB
Ep  700 | M0_PDR 1.000 | M1_PDR 1.000 | H_m0 0.01 H_m1 0.75 | a-0.0038 c0.0021 ent0.0087 VRAM 24MB
Ep  750 | M0_PDR 1.000 | M1_PDR 1.000 | H_m0 0.25 H_m1 0.69 | a-0.0039 c0.0018 ent0.0086 VRAM 24MB
Ep  800 | M0_PDR 1.000 | M1_PDR 1.000 | H_m0 0.09 H_m1 0.83 | a-0.0041 c0.0014 ent0.0086 VRAM 24MB
Ep  850 | M0_PDR 1.000 | M1_PDR 1.000 | H_m0 0.05 H_m1 0.86 | a-0.0038 c0.0012 ent0.0085 VRAM 24MB
Ep  900 | M0_PDR 1.000 | M1_PDR 1.000 | H_m0 0.11 H_m1 0.67 | a-0.0034 c0.0010 ent0.0084 VRAM 24MB
Ep  950 | M0_PDR 0.998 | M1_PDR 1.000 | H_m0 0.20 H_m1 0.78 | a-0.0042 c0.0033 ent0.0083 VRAM 24MB
Ep 1000 | M0_PDR 1.000 | M1_PDR 1.000 | H_m0 0.29 H_m1 0.68 | a-0.0041 c0.0021 ent0.0082 VRAM 24MB
Ep 1050 | M0_PDR 1.000 | M1_PDR 1.000 | H_m0 0.35 H_m1 0.67 | a-0.0047 c0.0018 ent0.0081 VRAM 24MB
Ep 1100 | M0_PDR 1.000 | M1_PDR 1.000 | H_m0 0.32 H_m1 0.59 | a-0.0028 c0.0014 ent0.0080 VRAM 24MB
Ep 1150 | M0_PDR 1.000 | M1_PDR 1.000 | H_m0 0.36 H_m1 0.53 | a-0.0034 c0.0008 ent0.0079 VRAM 24MB
Ep 1200 | M0_PDR 1.000 | M1_PDR 1.000 | H_m0 0.14 H_m1 0.72 | a-0.0035 c0.0011 ent0.0078 VRAM 24MB
Ep 1250 | M0_PDR 1.000 | M1_PDR 1.000 | H_m0 0.31 H_m1 0.73 | a-0.0043 c0.0005 ent0.0077 VRAM 24MB
Ep 1300 | M0_PDR 1.000 | M1_PDR 1.000 | H_m0 0.34 H_m1 0.52 | a-0.0035 c0.0017 ent0.0077 VRAM 24MB
Ep 1350 | M0_PDR 1.000 | M1_PDR 1.000 | H_m0 0.37 H_m1 0.76 | a-0.0046 c0.0013 ent0.0076 VRAM 24MB
Ep 1400 | M0_PDR 1.000 | M1_PDR 1.000 | H_m0 0.39 H_m1 0.74 | a-0.0043 c0.0007 ent0.0075 VRAM 24MB
Ep 1450 | M0_PDR 1.000 | M1_PDR 1.000 | H_m0 0.54 H_m1 0.67 | a-0.0051 c0.0019 ent0.0074 VRAM 24MB
Ep 1500 | M0_PDR 1.000 | M1_PDR 1.000 | H_m0 0.40 H_m1 0.72 | a-0.0047 c0.0009 ent0.0073 VRAM 24MB
Ep 1550 | M0_PDR 1.000 | M1_PDR 1.000 | H_m0 0.51 H_m1 0.62 | a-0.0053 c0.0004 ent0.0072 VRAM 24MB
Ep 1600 | M0_PDR 1.000 | M1_PDR 1.000 | H_m0 0.45 H_m1 0.73 | a-0.0050 c0.0005 ent0.0071 VRAM 24MB
Ep 1650 | M0_PDR 1.000 | M1_PDR 1.000 | H_m0 0.40 H_m1 0.54 | a-0.0037 c0.0005 ent0.0070 VRAM 24MB
Ep 1700 | M0_PDR 1.000 | M1_PDR 1.000 | H_m0 0.38 H_m1 0.63 | a-0.0037 c0.0005 ent0.0069 VRAM 24MB
Ep 1750 | M0_PDR 1.000 | M1_PDR 1.000 | H_m0 0.37 H_m1 0.57 | a-0.0030 c0.0004 ent0.0068 VRAM 24MB
Ep 1800 | M0_PDR 1.000 | M1_PDR 1.000 | H_m0 0.42 H_m1 0.55 | a-0.0050 c0.0036 ent0.0068 VRAM 24MB
Ep 1850 | M0_PDR 1.000 | M1_PDR 1.000 | H_m0 0.41 H_m1 0.55 | a-0.0051 c0.0006 ent0.0067 VRAM 24MB
Ep 1900 | M0_PDR 1.000 | M1_PDR 1.000 | H_m0 0.46 H_m1 0.58 | a-0.0046 c0.0032 ent0.0066 VRAM 24MB
Ep 1950 | M0_PDR 1.000 | M1_PDR 1.000 | H_m0 0.23 H_m1 0.54 | a-0.0028 c0.0007 ent0.0065 VRAM 24MB
Ep 2000 | M0_PDR 1.000 | M1_PDR 1.000 | H_m0 0.38 H_m1 0.72 | a-0.0040 c0.0006 ent0.0064 VRAM 24MB
Ep 2050 | M0_PDR 1.000 | M1_PDR 1.000 | H_m0 0.32 H_m1 0.52 | a-0.0030 c0.0005 ent0.0063 VRAM 24MB
Ep 2100 | M0_PDR 1.000 | M1_PDR 1.000 | H_m0 0.29 H_m1 0.63 | a-0.0035 c0.0001 ent0.0062 VRAM 24MB
Ep 2150 | M0_PDR 1.000 | M1_PDR 1.000 | H_m0 0.09 H_m1 0.52 | a-0.0023 c0.0001 ent0.0061 VRAM 24MB
Ep 2200 | M0_PDR 1.000 | M1_PDR 1.000 | H_m0 0.36 H_m1 0.48 | a-0.0022 c0.0001 ent0.0060 VRAM 24MB
Ep 2250 | M0_PDR 1.000 | M1_PDR 1.000 | H_m0 0.33 H_m1 0.59 | a-0.0027 c0.0001 ent0.0059 VRAM 24MB
Ep 2300 | M0_PDR 1.000 | M1_PDR 1.000 | H_m0 0.33 H_m1 0.56 | a-0.0024 c0.0001 ent0.0059 VRAM 24MB
Ep 2350 | M0_PDR 1.000 | M1_PDR 1.000 | H_m0 0.35 H_m1 0.54 | a-0.0023 c0.0003 ent0.0058 VRAM 24MB
Ep 2400 | M0_PDR 1.000 | M1_PDR 1.000 | H_m0 0.54 H_m1 0.65 | a-0.0039 c0.0005 ent0.0057 VRAM 24MB
Ep 2450 | M0_PDR 1.000 | M1_PDR 1.000 | H_m0 0.49 H_m1 0.66 | a-0.0033 c0.0017 ent0.0056 VRAM 24MB
Ep 2500 | M0_PDR 1.000 | M1_PDR 1.000 | H_m0 0.47 H_m1 0.63 | a-0.0032 c0.0010 ent0.0055 VRAM 24MB
Ep 2550 | M0_PDR 1.000 | M1_PDR 1.000 | H_m0 0.32 H_m1 0.63 | a-0.0030 c0.0004 ent0.0054 VRAM 24MB
Ep 2600 | M0_PDR 1.000 | M1_PDR 0.998 | H_m0 0.38 H_m1 0.66 | a-0.0033 c0.0003 ent0.0053 VRAM 24MB
Ep 2650 | M0_PDR 1.000 | M1_PDR 1.000 | H_m0 0.39 H_m1 0.67 | a-0.0032 c0.0008 ent0.0052 VRAM 24MB
Ep 2700 | M0_PDR 1.000 | M1_PDR 0.999 | H_m0 0.29 H_m1 0.64 | a-0.0053 c0.0002 ent0.0051 VRAM 24MB
Ep 2750 | M0_PDR 1.000 | M1_PDR 1.000 | H_m0 0.32 H_m1 0.66 | a-0.0039 c0.0001 ent0.0050 VRAM 24MB
Ep 2800 | M0_PDR 1.000 | M1_PDR 1.000 | H_m0 0.23 H_m1 0.53 | a-0.0020 c0.0002 ent0.0050 VRAM 24MB
Ep 2850 | M0_PDR 1.000 | M1_PDR 1.000 | H_m0 0.19 H_m1 0.54 | a-0.0041 c0.0002 ent0.0049 VRAM 24MB
Ep 2900 | M0_PDR 1.000 | M1_PDR 1.000 | H_m0 0.34 H_m1 0.50 | a-0.0026 c0.0027 ent0.0048 VRAM 24MB
Ep 2950 | M0_PDR 1.000 | M1_PDR 1.000 | H_m0 0.48 H_m1 0.57 | a-0.0025 c0.0028 ent0.0047 VRAM 24MB
Ep 3000 | M0_PDR 1.000 | M1_PDR 1.000 | H_m0 0.49 H_m1 0.50 | a-0.0019 c0.0004 ent0.0046 VRAM 24MB
Ep 3050 | M0_PDR 1.000 | M1_PDR 1.000 | H_m0 0.41 H_m1 0.61 | a-0.0026 c0.0002 ent0.0045 VRAM 24MB
Ep 3100 | M0_PDR 1.000 | M1_PDR 1.000 | H_m0 0.38 H_m1 0.62 | a-0.0025 c0.0001 ent0.0044 VRAM 24MB
Ep 3150 | M0_PDR 1.000 | M1_PDR 1.000 | H_m0 0.39 H_m1 0.61 | a-0.0021 c0.0001 ent0.0043 VRAM 24MB
Ep 3200 | M0_PDR 1.000 | M1_PDR 1.000 | H_m0 0.39 H_m1 0.61 | a-0.0023 c0.0001 ent0.0042 VRAM 24MB
Ep 3250 | M0_PDR 1.000 | M1_PDR 1.000 | H_m0 0.40 H_m1 0.59 | a-0.0026 c0.0001 ent0.0041 VRAM 24MB
Ep 3300 | M0_PDR 1.000 | M1_PDR 1.000 | H_m0 0.43 H_m1 0.58 | a-0.0019 c0.0001 ent0.0041 VRAM 24MB
Ep 3350 | M0_PDR 1.000 | M1_PDR 1.000 | H_m0 0.41 H_m1 0.50 | a-0.0018 c0.0000 ent0.0040 VRAM 24MB
Ep 3400 | M0_PDR 1.000 | M1_PDR 1.000 | H_m0 0.38 H_m1 0.51 | a-0.0021 c0.0002 ent0.0039 VRAM 24MB
Ep 3450 | M0_PDR 1.000 | M1_PDR 1.000 | H_m0 0.35 H_m1 0.56 | a-0.0021 c0.0001 ent0.0038 VRAM 24MB
Ep 3500 | M0_PDR 1.000 | M1_PDR 1.000 | H_m0 0.32 H_m1 0.57 | a-0.0017 c0.0002 ent0.0037 VRAM 24MB
Ep 3550 | M0_PDR 1.000 | M1_PDR 1.000 | H_m0 0.36 H_m1 0.58 | a-0.0016 c0.0001 ent0.0036 VRAM 24MB
Ep 3600 | M0_PDR 1.000 | M1_PDR 1.000 | H_m0 0.37 H_m1 0.56 | a-0.0017 c0.0004 ent0.0035 VRAM 24MB
Ep 3650 | M0_PDR 1.000 | M1_PDR 1.000 | H_m0 0.32 H_m1 0.57 | a-0.0015 c0.0001 ent0.0034 VRAM 24MB
Ep 3700 | M0_PDR 1.000 | M1_PDR 1.000 | H_m0 0.32 H_m1 0.58 | a-0.0016 c0.0001 ent0.0033 VRAM 24MB
Ep 3750 | M0_PDR 1.000 | M1_PDR 1.000 | H_m0 0.31 H_m1 0.53 | a-0.0014 c0.0001 ent0.0032 VRAM 24MB
Ep 3800 | M0_PDR 1.000 | M1_PDR 1.000 | H_m0 0.31 H_m1 0.52 | a-0.0014 c0.0000 ent0.0032 VRAM 24MB
Ep 3850 | M0_PDR 1.000 | M1_PDR 1.000 | H_m0 0.34 H_m1 0.53 | a-0.0014 c0.0001 ent0.0031 VRAM 24MB
Ep 3900 | M0_PDR 1.000 | M1_PDR 1.000 | H_m0 0.37 H_m1 0.54 | a-0.0016 c0.0001 ent0.0030 VRAM 24MB
Ep 3950 | M0_PDR 1.000 | M1_PDR 1.000 | H_m0 0.36 H_m1 0.53 | a-0.0014 c0.0000 ent0.0029 VRAM 24MB
Ep 4000 | M0_PDR 1.000 | M1_PDR 1.000 | H_m0 0.31 H_m1 0.51 | a-0.0012 c0.0000 ent0.0028 VRAM 24MB
Ep 4050 | M0_PDR 1.000 | M1_PDR 1.000 | H_m0 0.28 H_m1 0.50 | a-0.0011 c0.0001 ent0.0027 VRAM 24MB
Ep 4100 | M0_PDR 1.000 | M1_PDR 1.000 | H_m0 0.22 H_m1 0.51 | a-0.0011 c0.0000 ent0.0026 VRAM 24MB
Ep 4150 | M0_PDR 1.000 | M1_PDR 1.000 | H_m0 0.21 H_m1 0.50 | a-0.0009 c0.0000 ent0.0025 VRAM 24MB
Ep 4200 | M0_PDR 1.000 | M1_PDR 1.000 | H_m0 0.22 H_m1 0.51 | a-0.0009 c0.0000 ent0.0024 VRAM 24MB
Ep 4250 | M0_PDR 1.000 | M1_PDR 1.000 | H_m0 0.22 H_m1 0.52 | a-0.0010 c0.0000 ent0.0023 VRAM 24MB
Ep 4300 | M0_PDR 1.000 | M1_PDR 1.000 | H_m0 0.23 H_m1 0.51 | a-0.0009 c0.0001 ent0.0023 VRAM 24MB
Ep 4350 | M0_PDR 1.000 | M1_PDR 1.000 | H_m0 0.22 H_m1 0.50 | a-0.0008 c0.0001 ent0.0022 VRAM 24MB
Ep 4400 | M0_PDR 1.000 | M1_PDR 1.000 | H_m0 0.22 H_m1 0.51 | a-0.0008 c0.0000 ent0.0021 VRAM 24MB
Ep 4450 | M0_PDR 1.000 | M1_PDR 1.000 | H_m0 0.19 H_m1 0.51 | a-0.0007 c0.0000 ent0.0020 VRAM 24MB
Ep 4500 | M0_PDR 1.000 | M1_PDR 1.000 | H_m0 0.20 H_m1 0.50 | a-0.0008 c0.0000 ent0.0019 VRAM 24MB
Ep 4550 | M0_PDR 1.000 | M1_PDR 1.000 | H_m0 0.20 H_m1 0.50 | a-0.0006 c0.0001 ent0.0018 VRAM 24MB
Ep 4600 | M0_PDR 1.000 | M1_PDR 1.000 | H_m0 0.18 H_m1 0.49 | a-0.0006 c0.0001 ent0.0017 VRAM 24MB
Ep 4650 | M0_PDR 1.000 | M1_PDR 1.000 | H_m0 0.18 H_m1 0.50 | a-0.0006 c0.0000 ent0.0016 VRAM 24MB
Ep 4700 | M0_PDR 1.000 | M1_PDR 1.000 | H_m0 0.18 H_m1 0.50 | a-0.0005 c0.0000 ent0.0015 VRAM 24MB
Ep 4750 | M0_PDR 1.000 | M1_PDR 1.000 | H_m0 0.18 H_m1 0.49 | a-0.0005 c0.0000 ent0.0014 VRAM 24MB
Ep 4800 | M0_PDR 1.000 | M1_PDR 1.000 | H_m0 0.16 H_m1 0.49 | a-0.0004 c0.0000 ent0.0014 VRAM 24MB
Ep 4850 | M0_PDR 1.000 | M1_PDR 1.000 | H_m0 0.17 H_m1 0.49 | a-0.0004 c0.0000 ent0.0013 VRAM 24MB
Ep 4900 | M0_PDR 1.000 | M1_PDR 1.000 | H_m0 0.16 H_m1 0.48 | a-0.0004 c0.0000 ent0.0012 VRAM 24MB
Ep 4950 | M0_PDR 1.000 | M1_PDR 1.000 | H_m0 0.17 H_m1 0.48 | a-0.0004 c0.0001 ent0.0011 VRAM 24MB

Training complete. Running 100 eval episodes...

  Eval ep   0: M0_PDR=1.000  M1_PDR=1.000
  Eval ep  20: M0_PDR=1.000  M1_PDR=1.000
  Eval ep  40: M0_PDR=1.000  M1_PDR=0.998
  Eval ep  60: M0_PDR=1.000  M1_PDR=1.000
  Eval ep  80: M0_PDR=1.000  M1_PDR=1.000

=== Eval Summary (100 episodes) ===
  M0_PDR_mean         : 1.0000
  M0_PDR_p05 (across) : 1.0000
  M0_PDR_p05 (intra)  : 1.0000
  M1_PDR_mean         : 1.0000
  M0_SINR_mean (dB)   : 46.98
  M1_SINR_mean (dB)   : 48.36
  M0_collision_rate   : 0.000
  M0_collision_within_pool : 0.000
  M1_collision_within_pool : 0.000

Result saved -> results/_A_mode0c_seed2_5000ep_gaefix_g05_ent01_as.json
  N=4  rho=0.8  M0_PDR=1.000  M1_PDR=1.000
Checkpoint saved -> checkpoints/A_mode0c_seed2_5000ep_gaefix_g05_ent01_as_actors.pt
[NS3Bridge] Shutdown complete.
Run complete.
