[seed] all RNGs seeded with 3
GPU : NVIDIA GeForce RTX 3060
VRAM: 12.9 GB
Device          : cuda:0
Actors          : 4 per-vehicle, total 85,092 params
Critic params   : 79,361
obs_dim=11  action_dim=25  gs_dim=49
M0 count: 2  M1 count: 2
Training for 3000 episodes (Config A_mode0c_seed3_gaefix_ent01, N=4)...

[NS3Bridge] Connected tcp://localhost:7076
Ep    0 | M0_PDR 0.659 | M1_PDR 0.702 | H_m0 3.22 H_m1 3.21 | a-0.0388 c78.8557 ent0.0100 VRAM 24MB
Ep   50 | M0_PDR 0.649 | M1_PDR 0.676 | H_m0 3.17 H_m1 3.17 | a-0.0332 c53.3588 ent0.0098 VRAM 24MB
Ep  100 | M0_PDR 0.650 | M1_PDR 0.667 | H_m0 3.12 H_m1 3.14 | a-0.0336 c38.1123 ent0.0097 VRAM 24MB
Ep  150 | M0_PDR 0.643 | M1_PDR 0.689 | H_m0 2.92 H_m1 3.15 | a-0.0319 c38.6573 ent0.0095 VRAM 24MB
Ep  200 | M0_PDR 0.683 | M1_PDR 0.617 | H_m0 2.75 H_m1 3.09 | a-0.0322 c41.8758 ent0.0094 VRAM 24MB
Ep  250 | M0_PDR 0.733 | M1_PDR 0.666 | H_m0 2.29 H_m1 2.98 | a-0.0270 c47.4255 ent0.0092 VRAM 24MB
Ep  300 | M0_PDR 0.791 | M1_PDR 0.664 | H_m0 1.67 H_m1 3.03 | a-0.0242 c53.4464 ent0.0091 VRAM 24MB
Ep  350 | M0_PDR 0.818 | M1_PDR 0.652 | H_m0 0.93 H_m1 3.04 | a-0.0214 c58.2223 ent0.0089 VRAM 24MB
Ep  400 | M0_PDR 0.835 | M1_PDR 0.671 | H_m0 0.64 H_m1 3.01 | a-0.0174 c58.3694 ent0.0088 VRAM 24MB
Ep  450 | M0_PDR 0.863 | M1_PDR 0.713 | H_m0 0.53 H_m1 2.61 | a-0.0154 c60.7927 ent0.0086 VRAM 24MB
Ep  500 | M0_PDR 0.907 | M1_PDR 0.731 | H_m0 0.83 H_m1 2.42 | a-0.0145 c66.1575 ent0.0085 VRAM 24MB
Ep  550 | M0_PDR 0.962 | M1_PDR 0.788 | H_m0 0.16 H_m1 2.11 | a-0.0102 c71.1256 ent0.0083 VRAM 24MB
Ep  600 | M0_PDR 0.936 | M1_PDR 0.723 | H_m0 0.05 H_m1 2.08 | a-0.0096 c70.0066 ent0.0082 VRAM 24MB
Ep  650 | M0_PDR 0.942 | M1_PDR 0.754 | H_m0 0.16 H_m1 2.00 | a-0.0100 c69.9861 ent0.0080 VRAM 24MB
Ep  700 | M0_PDR 0.965 | M1_PDR 0.771 | H_m0 0.04 H_m1 1.69 | a-0.0070 c72.1848 ent0.0079 VRAM 24MB
Ep  750 | M0_PDR 0.964 | M1_PDR 0.902 | H_m0 0.02 H_m1 1.46 | a-0.0075 c68.3213 ent0.0077 VRAM 24MB
Ep  800 | M0_PDR 0.961 | M1_PDR 0.823 | H_m0 0.01 H_m1 1.96 | a-0.0079 c70.1189 ent0.0076 VRAM 24MB
Ep  850 | M0_PDR 0.965 | M1_PDR 0.797 | H_m0 0.01 H_m1 2.06 | a-0.0093 c71.7277 ent0.0074 VRAM 24MB
Ep  900 | M0_PDR 0.933 | M1_PDR 0.775 | H_m0 0.02 H_m1 2.25 | a-0.0091 c67.9910 ent0.0073 VRAM 24MB
Ep  950 | M0_PDR 0.900 | M1_PDR 0.727 | H_m0 0.01 H_m1 2.50 | a-0.0088 c63.9532 ent0.0071 VRAM 24MB
Ep 1000 | M0_PDR 0.900 | M1_PDR 0.699 | H_m0 0.01 H_m1 2.64 | a-0.0097 c65.6497 ent0.0070 VRAM 24MB
Ep 1050 | M0_PDR 0.907 | M1_PDR 0.755 | H_m0 0.02 H_m1 2.37 | a-0.0095 c65.0072 ent0.0068 VRAM 24MB
Ep 1100 | M0_PDR 0.933 | M1_PDR 0.755 | H_m0 0.01 H_m1 2.17 | a-0.0082 c68.8303 ent0.0067 VRAM 24MB
Ep 1150 | M0_PDR 0.948 | M1_PDR 0.824 | H_m0 0.02 H_m1 2.06 | a-0.0075 c68.4541 ent0.0065 VRAM 24MB
Ep 1200 | M0_PDR 0.914 | M1_PDR 0.726 | H_m0 0.05 H_m1 2.42 | a-0.0093 c66.2512 ent0.0064 VRAM 24MB
Ep 1250 | M0_PDR 0.895 | M1_PDR 0.740 | H_m0 0.11 H_m1 2.46 | a-0.0084 c63.8829 ent0.0062 VRAM 24MB
Ep 1300 | M0_PDR 0.917 | M1_PDR 0.738 | H_m0 0.02 H_m1 2.47 | a-0.0083 c66.9784 ent0.0061 VRAM 24MB
Ep 1350 | M0_PDR 0.880 | M1_PDR 0.698 | H_m0 0.01 H_m1 2.76 | a-0.0086 c63.2292 ent0.0059 VRAM 24MB
Ep 1400 | M0_PDR 0.892 | M1_PDR 0.704 | H_m0 0.00 H_m1 2.91 | a-0.0092 c64.1447 ent0.0058 VRAM 24MB
Ep 1450 | M0_PDR 0.891 | M1_PDR 0.753 | H_m0 0.01 H_m1 2.91 | a-0.0086 c63.0340 ent0.0056 VRAM 24MB
Ep 1500 | M0_PDR 0.855 | M1_PDR 0.729 | H_m0 0.00 H_m1 2.98 | a-0.0088 c59.9507 ent0.0055 VRAM 24MB
Ep 1550 | M0_PDR 0.846 | M1_PDR 0.700 | H_m0 0.00 H_m1 3.01 | a-0.0085 c58.5975 ent0.0053 VRAM 24MB
Ep 1600 | M0_PDR 0.859 | M1_PDR 0.784 | H_m0 0.01 H_m1 2.97 | a-0.0081 c59.4781 ent0.0052 VRAM 24MB
Ep 1650 | M0_PDR 0.865 | M1_PDR 0.742 | H_m0 0.00 H_m1 2.96 | a-0.0078 c59.8212 ent0.0050 VRAM 24MB
Ep 1700 | M0_PDR 0.858 | M1_PDR 0.720 | H_m0 0.01 H_m1 3.03 | a-0.0077 c60.0475 ent0.0049 VRAM 24MB
Ep 1750 | M0_PDR 0.841 | M1_PDR 0.720 | H_m0 0.01 H_m1 3.00 | a-0.0074 c57.4169 ent0.0047 VRAM 24MB
Ep 1800 | M0_PDR 0.891 | M1_PDR 0.699 | H_m0 0.00 H_m1 2.95 | a-0.0070 c64.9642 ent0.0046 VRAM 24MB
Ep 1850 | M0_PDR 0.868 | M1_PDR 0.706 | H_m0 0.00 H_m1 2.97 | a-0.0069 c61.3707 ent0.0044 VRAM 24MB
Ep 1900 | M0_PDR 0.883 | M1_PDR 0.782 | H_m0 0.00 H_m1 2.89 | a-0.0066 c61.9525 ent0.0043 VRAM 24MB
Ep 1950 | M0_PDR 0.870 | M1_PDR 0.734 | H_m0 0.00 H_m1 2.99 | a-0.0063 c61.6530 ent0.0041 VRAM 24MB
Ep 2000 | M0_PDR 0.897 | M1_PDR 0.751 | H_m0 0.00 H_m1 2.90 | a-0.0061 c64.5801 ent0.0040 VRAM 24MB
Ep 2050 | M0_PDR 0.884 | M1_PDR 0.719 | H_m0 0.00 H_m1 2.90 | a-0.0056 c63.0440 ent0.0038 VRAM 24MB
Ep 2100 | M0_PDR 0.874 | M1_PDR 0.764 | H_m0 0.00 H_m1 2.85 | a-0.0054 c60.6607 ent0.0037 VRAM 24MB
Ep 2150 | M0_PDR 0.894 | M1_PDR 0.746 | H_m0 0.00 H_m1 2.90 | a-0.0053 c64.1061 ent0.0035 VRAM 24MB
Ep 2200 | M0_PDR 0.875 | M1_PDR 0.718 | H_m0 0.00 H_m1 2.84 | a-0.0049 c62.2496 ent0.0034 VRAM 24MB
Ep 2250 | M0_PDR 0.885 | M1_PDR 0.670 | H_m0 0.00 H_m1 2.89 | a-0.0049 c64.5251 ent0.0032 VRAM 24MB
Error: tcpip::Socket::accept() Unable to create listening socket: Address already in use
Quitting (on error).
Ep 2300 | M0_PDR 0.919 | M1_PDR 0.767 | H_m0 0.00 H_m1 2.83 | a-0.0045 c67.5898 ent0.0031 VRAM 24MB
Ep 2350 | M0_PDR 0.902 | M1_PDR 0.750 | H_m0 0.01 H_m1 2.84 | a-0.0044 c65.3480 ent0.0029 VRAM 24MB
Ep 2400 | M0_PDR 0.877 | M1_PDR 0.795 | H_m0 0.00 H_m1 2.82 | a-0.0041 c60.2647 ent0.0028 VRAM 24MB
Ep 2450 | M0_PDR 0.911 | M1_PDR 0.779 | H_m0 0.00 H_m1 2.85 | a-0.0040 c65.5902 ent0.0026 VRAM 24MB
Ep 2500 | M0_PDR 0.853 | M1_PDR 0.724 | H_m0 0.01 H_m1 2.87 | a-0.0037 c60.1677 ent0.0025 VRAM 24MB
Ep 2550 | M0_PDR 0.902 | M1_PDR 0.770 | H_m0 0.00 H_m1 2.85 | a-0.0034 c65.3165 ent0.0023 VRAM 24MB
Ep 2600 | M0_PDR 0.896 | M1_PDR 0.763 | H_m0 0.00 H_m1 2.86 | a-0.0032 c64.5602 ent0.0022 VRAM 24MB
Ep 2650 | M0_PDR 0.877 | M1_PDR 0.797 | H_m0 0.00 H_m1 2.83 | a-0.0030 c60.4946 ent0.0020 VRAM 24MB
Ep 2700 | M0_PDR 0.905 | M1_PDR 0.724 | H_m0 0.00 H_m1 2.85 | a-0.0028 c65.6765 ent0.0019 VRAM 24MB
Ep 2750 | M0_PDR 0.933 | M1_PDR 0.752 | H_m0 0.00 H_m1 2.84 | a-0.0026 c68.3858 ent0.0017 VRAM 24MB
Ep 2800 | M0_PDR 0.894 | M1_PDR 0.735 | H_m0 0.00 H_m1 2.83 | a-0.0023 c64.6791 ent0.0016 VRAM 24MB
Ep 2850 | M0_PDR 0.914 | M1_PDR 0.761 | H_m0 0.00 H_m1 2.83 | a-0.0021 c66.0773 ent0.0014 VRAM 24MB
Ep 2900 | M0_PDR 0.899 | M1_PDR 0.747 | H_m0 0.00 H_m1 2.84 | a-0.0019 c64.8491 ent0.0013 VRAM 24MB
Ep 2950 | M0_PDR 0.897 | M1_PDR 0.746 | H_m0 0.00 H_m1 2.82 | a-0.0017 c65.0346 ent0.0011 VRAM 24MB

Training complete. Running 100 eval episodes...

  Eval ep   0: M0_PDR=0.902  M1_PDR=0.739
  Eval ep  20: M0_PDR=0.906  M1_PDR=0.741
  Eval ep  40: M0_PDR=0.906  M1_PDR=0.761
  Eval ep  60: M0_PDR=0.905  M1_PDR=0.750
  Eval ep  80: M0_PDR=0.911  M1_PDR=0.751

=== Eval Summary (100 episodes) ===
  M0_PDR_mean         : 0.9063
  M0_PDR_p05 (across) : 0.8896
  M0_PDR_p05 (intra)  : 0.5000
  M1_PDR_mean         : 0.7586
  M0_SINR_mean (dB)   : 30.81
  M1_SINR_mean (dB)   : 19.13
  M0_collision_rate   : 0.141
  M0_collision_within_pool : 0.000
  M1_collision_within_pool : 0.224

Result saved -> results/_A_mode0c_seed3_gaefix_ent01.json
  N=4  rho=0.8  M0_PDR=0.906  M1_PDR=0.759
Checkpoint saved -> checkpoints/A_mode0c_seed3_gaefix_ent01_actors.pt
[NS3Bridge] Shutdown complete.
Run complete.
