[seed] all RNGs seeded with 1
GPU : NVIDIA GeForce RTX 3060
VRAM: 12.9 GB
Device          : cuda:0
Actors          : 10 per-vehicle, total 212,730 params
Critic params   : 99,073
obs_dim=11  action_dim=25  gs_dim=115
M0 count: 5  M1 count: 5
Training for 5000 episodes (Config A_mode0b_N10_seed1_gaefix_g05_ent01, N=10)...

[NS3Bridge] Connected tcp://localhost:9106
/home/jig/v2x_clean/train_d10_A_mode0b_N10_seed1_gaefix_g05_ent01.py:199: UserWarning: Detected call of `lr_scheduler.step()` before `optimizer.step()`. In PyTorch 1.1.0 and later, you should call them in the opposite order: `optimizer.step()` before `lr_scheduler.step()`.  Failure to do this will result in PyTorch skipping the first value of the learning rate schedule. See more details at https://pytorch.org/docs/stable/optim.html#how-to-adjust-learning-rate
  s.step()
Ep    0 | M0_PDR 0.521 | M1_PDR 0.580 | H_m0 3.22 H_m1 3.22 | a-0.1857 c0.6291 ent0.0100 VRAM 36MB
Ep   50 | M0_PDR 0.763 | M1_PDR 0.703 | H_m0 0.65 H_m1 1.04 | a-0.0845 c0.1152 ent0.0099 VRAM 36MB
Ep  100 | M0_PDR 0.804 | M1_PDR 0.724 | H_m0 0.20 H_m1 0.46 | a-0.0220 c0.0918 ent0.0098 VRAM 36MB
Ep  150 | M0_PDR 0.808 | M1_PDR 0.746 | H_m0 0.19 H_m1 0.42 | a-0.0171 c0.1003 ent0.0097 VRAM 36MB
Ep  200 | M0_PDR 0.811 | M1_PDR 0.715 | H_m0 0.20 H_m1 0.43 | a-0.0322 c0.0993 ent0.0096 VRAM 36MB
Ep  250 | M0_PDR 0.812 | M1_PDR 0.743 | H_m0 0.19 H_m1 0.40 | a-0.0081 c0.0735 ent0.0095 VRAM 36MB
Ep  300 | M0_PDR 0.888 | M1_PDR 0.735 | H_m0 0.11 H_m1 0.41 | a-0.0129 c0.0628 ent0.0095 VRAM 36MB
Ep  350 | M0_PDR 0.939 | M1_PDR 0.717 | H_m0 0.01 H_m1 0.43 | a-0.0343 c0.0390 ent0.0094 VRAM 36MB
Ep  400 | M0_PDR 0.941 | M1_PDR 0.739 | H_m0 0.01 H_m1 0.42 | a-0.0406 c0.0441 ent0.0093 VRAM 36MB
Ep  450 | M0_PDR 0.926 | M1_PDR 0.743 | H_m0 0.01 H_m1 0.41 | a-0.0146 c0.0454 ent0.0092 VRAM 36MB
Ep  500 | M0_PDR 0.928 | M1_PDR 0.723 | H_m0 0.00 H_m1 0.44 | a0.0039 c0.0429 ent0.0091 VRAM 36MB
Ep  550 | M0_PDR 0.945 | M1_PDR 0.738 | H_m0 0.00 H_m1 0.43 | a-0.0435 c0.0405 ent0.0090 VRAM 36MB
Ep  600 | M0_PDR 0.945 | M1_PDR 0.720 | H_m0 0.00 H_m1 0.43 | a-0.0296 c0.0356 ent0.0089 VRAM 36MB
Ep  650 | M0_PDR 0.928 | M1_PDR 0.722 | H_m0 0.00 H_m1 0.43 | a-0.0038 c0.0390 ent0.0088 VRAM 36MB
Ep  700 | M0_PDR 0.937 | M1_PDR 0.719 | H_m0 0.00 H_m1 0.42 | a-0.0038 c0.0346 ent0.0087 VRAM 36MB
Ep  750 | M0_PDR 0.935 | M1_PDR 0.714 | H_m0 0.00 H_m1 0.41 | a-0.0892 c0.0347 ent0.0086 VRAM 36MB
Ep  800 | M0_PDR 0.926 | M1_PDR 0.737 | H_m0 0.00 H_m1 0.40 | a0.0102 c0.0443 ent0.0086 VRAM 36MB
Ep  850 | M0_PDR 0.937 | M1_PDR 0.723 | H_m0 0.00 H_m1 0.41 | a-0.0394 c0.0352 ent0.0085 VRAM 36MB
Ep  900 | M0_PDR 0.943 | M1_PDR 0.733 | H_m0 0.00 H_m1 0.40 | a-0.0054 c0.0304 ent0.0084 VRAM 36MB
Ep  950 | M0_PDR 0.930 | M1_PDR 0.744 | H_m0 0.00 H_m1 0.41 | a0.0144 c0.0357 ent0.0083 VRAM 36MB
Ep 1000 | M0_PDR 0.939 | M1_PDR 0.724 | H_m0 0.00 H_m1 0.39 | a-0.0516 c0.0380 ent0.0082 VRAM 36MB
Ep 1050 | M0_PDR 0.926 | M1_PDR 0.712 | H_m0 0.00 H_m1 0.43 | a0.0519 c0.0417 ent0.0081 VRAM 36MB
Ep 1100 | M0_PDR 0.956 | M1_PDR 0.746 | H_m0 0.00 H_m1 0.41 | a-0.0377 c0.0310 ent0.0080 VRAM 36MB
Ep 1150 | M0_PDR 0.939 | M1_PDR 0.728 | H_m0 0.00 H_m1 0.40 | a-0.0069 c0.0346 ent0.0079 VRAM 36MB
Ep 1200 | M0_PDR 0.925 | M1_PDR 0.730 | H_m0 0.00 H_m1 0.42 | a-0.0072 c0.0437 ent0.0078 VRAM 36MB
Ep 1250 | M0_PDR 0.936 | M1_PDR 0.742 | H_m0 0.00 H_m1 0.42 | a0.0371 c0.0350 ent0.0077 VRAM 36MB
Ep 1300 | M0_PDR 0.938 | M1_PDR 0.724 | H_m0 0.00 H_m1 0.40 | a-0.0336 c0.0356 ent0.0077 VRAM 36MB
Ep 1350 | M0_PDR 0.927 | M1_PDR 0.732 | H_m0 0.00 H_m1 0.42 | a0.0040 c0.0365 ent0.0076 VRAM 36MB
Ep 1400 | M0_PDR 0.937 | M1_PDR 0.736 | H_m0 0.00 H_m1 0.41 | a-0.0216 c0.0361 ent0.0075 VRAM 36MB
Ep 1450 | M0_PDR 0.936 | M1_PDR 0.723 | H_m0 0.00 H_m1 0.42 | a-0.0018 c0.0350 ent0.0074 VRAM 36MB
Ep 1500 | M0_PDR 0.948 | M1_PDR 0.728 | H_m0 0.00 H_m1 0.42 | a-0.0344 c0.0301 ent0.0073 VRAM 36MB
Ep 1550 | M0_PDR 0.940 | M1_PDR 0.736 | H_m0 0.00 H_m1 0.45 | a0.0463 c0.0327 ent0.0072 VRAM 36MB
Ep 1600 | M0_PDR 0.939 | M1_PDR 0.748 | H_m0 0.00 H_m1 0.42 | a0.0433 c0.0326 ent0.0071 VRAM 36MB
Ep 1650 | M0_PDR 0.941 | M1_PDR 0.744 | H_m0 0.00 H_m1 0.42 | a-0.0065 c0.0344 ent0.0070 VRAM 36MB
Ep 1700 | M0_PDR 0.937 | M1_PDR 0.749 | H_m0 0.00 H_m1 0.42 | a-0.0266 c0.0377 ent0.0069 VRAM 36MB
Ep 1750 | M0_PDR 0.931 | M1_PDR 0.728 | H_m0 0.00 H_m1 0.41 | a-0.0415 c0.0353 ent0.0068 VRAM 36MB
Ep 1800 | M0_PDR 0.944 | M1_PDR 0.727 | H_m0 0.00 H_m1 0.42 | a0.0509 c0.0332 ent0.0068 VRAM 36MB
Ep 1850 | M0_PDR 0.927 | M1_PDR 0.729 | H_m0 0.00 H_m1 0.41 | a0.0193 c0.0384 ent0.0067 VRAM 36MB
Ep 1900 | M0_PDR 0.941 | M1_PDR 0.737 | H_m0 0.00 H_m1 0.41 | a-0.0339 c0.0344 ent0.0066 VRAM 36MB
Ep 1950 | M0_PDR 0.941 | M1_PDR 0.726 | H_m0 0.00 H_m1 0.41 | a-0.0375 c0.0342 ent0.0065 VRAM 36MB
Ep 2000 | M0_PDR 0.945 | M1_PDR 0.733 | H_m0 0.00 H_m1 0.41 | a-0.0045 c0.0322 ent0.0064 VRAM 36MB
Ep 2050 | M0_PDR 0.934 | M1_PDR 0.747 | H_m0 0.00 H_m1 0.42 | a0.0155 c0.0372 ent0.0063 VRAM 36MB
Ep 2100 | M0_PDR 0.935 | M1_PDR 0.742 | H_m0 0.00 H_m1 0.41 | a-0.0059 c0.0375 ent0.0062 VRAM 36MB
Ep 2150 | M0_PDR 0.934 | M1_PDR 0.727 | H_m0 0.00 H_m1 0.39 | a0.0130 c0.0358 ent0.0061 VRAM 36MB
Ep 2200 | M0_PDR 0.931 | M1_PDR 0.720 | H_m0 0.00 H_m1 0.39 | a0.0017 c0.0341 ent0.0060 VRAM 36MB
Ep 2250 | M0_PDR 0.939 | M1_PDR 0.737 | H_m0 0.00 H_m1 0.40 | a0.0323 c0.0370 ent0.0059 VRAM 36MB
Ep 2300 | M0_PDR 0.936 | M1_PDR 0.711 | H_m0 0.00 H_m1 0.39 | a-0.0369 c0.0356 ent0.0059 VRAM 36MB
Ep 2350 | M0_PDR 0.939 | M1_PDR 0.747 | H_m0 0.00 H_m1 0.41 | a-0.0106 c0.0391 ent0.0058 VRAM 36MB
Ep 2400 | M0_PDR 0.938 | M1_PDR 0.733 | H_m0 0.00 H_m1 0.39 | a-0.0308 c0.0366 ent0.0057 VRAM 36MB
Ep 2450 | M0_PDR 0.930 | M1_PDR 0.743 | H_m0 0.00 H_m1 0.40 | a0.0105 c0.0348 ent0.0056 VRAM 36MB
Ep 2500 | M0_PDR 0.938 | M1_PDR 0.750 | H_m0 0.00 H_m1 0.40 | a0.0044 c0.0372 ent0.0055 VRAM 36MB
Ep 2550 | M0_PDR 0.929 | M1_PDR 0.745 | H_m0 0.00 H_m1 0.40 | a-0.0179 c0.0505 ent0.0054 VRAM 36MB
Ep 2600 | M0_PDR 0.934 | M1_PDR 0.742 | H_m0 0.00 H_m1 0.40 | a0.0140 c0.0361 ent0.0053 VRAM 36MB
Ep 2650 | M0_PDR 0.928 | M1_PDR 0.742 | H_m0 0.00 H_m1 0.39 | a-0.0046 c0.0394 ent0.0052 VRAM 36MB
Ep 2700 | M0_PDR 0.937 | M1_PDR 0.715 | H_m0 0.00 H_m1 0.39 | a-0.0511 c0.0388 ent0.0051 VRAM 36MB
Ep 2750 | M0_PDR 0.934 | M1_PDR 0.726 | H_m0 0.00 H_m1 0.39 | a-0.0052 c0.0398 ent0.0050 VRAM 36MB
Ep 2800 | M0_PDR 0.929 | M1_PDR 0.716 | H_m0 0.00 H_m1 0.39 | a0.0163 c0.0368 ent0.0050 VRAM 36MB
Ep 2850 | M0_PDR 0.947 | M1_PDR 0.746 | H_m0 0.00 H_m1 0.39 | a0.0087 c0.0294 ent0.0049 VRAM 36MB
Ep 2900 | M0_PDR 0.923 | M1_PDR 0.709 | H_m0 0.00 H_m1 0.39 | a0.0186 c0.0404 ent0.0048 VRAM 36MB
Ep 2950 | M0_PDR 0.938 | M1_PDR 0.734 | H_m0 0.00 H_m1 0.40 | a-0.0271 c0.0375 ent0.0047 VRAM 36MB
Ep 3000 | M0_PDR 0.943 | M1_PDR 0.730 | H_m0 0.00 H_m1 0.39 | a-0.0408 c0.0337 ent0.0046 VRAM 36MB
Ep 3050 | M0_PDR 0.937 | M1_PDR 0.738 | H_m0 0.00 H_m1 0.40 | a-0.0100 c0.0366 ent0.0045 VRAM 36MB
Ep 3100 | M0_PDR 0.933 | M1_PDR 0.729 | H_m0 0.00 H_m1 0.39 | a0.0015 c0.0384 ent0.0044 VRAM 36MB
Ep 3150 | M0_PDR 0.939 | M1_PDR 0.734 | H_m0 0.00 H_m1 0.40 | a0.0007 c0.0313 ent0.0043 VRAM 36MB
Ep 3200 | M0_PDR 0.939 | M1_PDR 0.760 | H_m0 0.00 H_m1 0.40 | a0.0255 c0.0335 ent0.0042 VRAM 36MB
Ep 3250 | M0_PDR 0.943 | M1_PDR 0.754 | H_m0 0.00 H_m1 0.39 | a0.0105 c0.0294 ent0.0041 VRAM 36MB
Ep 3300 | M0_PDR 0.930 | M1_PDR 0.763 | H_m0 0.00 H_m1 0.39 | a-0.0110 c0.0368 ent0.0041 VRAM 36MB
Ep 3350 | M0_PDR 0.945 | M1_PDR 0.737 | H_m0 0.00 H_m1 0.38 | a0.0088 c0.0334 ent0.0040 VRAM 36MB
Ep 3400 | M0_PDR 0.938 | M1_PDR 0.753 | H_m0 0.00 H_m1 0.38 | a-0.0177 c0.0340 ent0.0039 VRAM 36MB
Ep 3450 | M0_PDR 0.938 | M1_PDR 0.750 | H_m0 0.00 H_m1 0.37 | a0.0106 c0.0346 ent0.0038 VRAM 36MB
Ep 3500 | M0_PDR 0.925 | M1_PDR 0.759 | H_m0 0.00 H_m1 0.37 | a-0.0129 c0.0379 ent0.0037 VRAM 36MB
Ep 3550 | M0_PDR 0.926 | M1_PDR 0.725 | H_m0 0.00 H_m1 0.37 | a-0.0036 c0.0430 ent0.0036 VRAM 36MB
Ep 3600 | M0_PDR 0.932 | M1_PDR 0.783 | H_m0 0.00 H_m1 0.35 | a0.0233 c0.0362 ent0.0035 VRAM 36MB
Ep 3650 | M0_PDR 0.933 | M1_PDR 0.755 | H_m0 0.00 H_m1 0.38 | a-0.0014 c0.0338 ent0.0034 VRAM 36MB
Ep 3700 | M0_PDR 0.918 | M1_PDR 0.777 | H_m0 0.00 H_m1 0.35 | a0.0048 c0.0396 ent0.0033 VRAM 36MB
Ep 3750 | M0_PDR 0.935 | M1_PDR 0.749 | H_m0 0.00 H_m1 0.35 | a0.0033 c0.0346 ent0.0032 VRAM 36MB
Ep 3800 | M0_PDR 0.927 | M1_PDR 0.769 | H_m0 0.00 H_m1 0.35 | a0.0249 c0.0353 ent0.0032 VRAM 36MB
Ep 3850 | M0_PDR 0.919 | M1_PDR 0.795 | H_m0 0.00 H_m1 0.34 | a0.0219 c0.0422 ent0.0031 VRAM 36MB
Ep 3900 | M0_PDR 0.942 | M1_PDR 0.737 | H_m0 0.00 H_m1 0.36 | a-0.0067 c0.0286 ent0.0030 VRAM 36MB
Ep 3950 | M0_PDR 0.926 | M1_PDR 0.804 | H_m0 0.00 H_m1 0.31 | a0.0309 c0.0322 ent0.0029 VRAM 36MB
Ep 4000 | M0_PDR 0.940 | M1_PDR 0.772 | H_m0 0.00 H_m1 0.34 | a-0.0257 c0.0292 ent0.0028 VRAM 36MB
Ep 4050 | M0_PDR 0.932 | M1_PDR 0.749 | H_m0 0.00 H_m1 0.36 | a-0.0095 c0.0312 ent0.0027 VRAM 36MB
Ep 4100 | M0_PDR 0.935 | M1_PDR 0.767 | H_m0 0.00 H_m1 0.33 | a-0.0005 c0.0336 ent0.0026 VRAM 36MB
Ep 4150 | M0_PDR 0.940 | M1_PDR 0.778 | H_m0 0.00 H_m1 0.33 | a0.0009 c0.0334 ent0.0025 VRAM 36MB
Ep 4200 | M0_PDR 0.914 | M1_PDR 0.773 | H_m0 0.00 H_m1 0.34 | a-0.0019 c0.0471 ent0.0024 VRAM 36MB
Ep 4250 | M0_PDR 0.940 | M1_PDR 0.762 | H_m0 0.00 H_m1 0.34 | a-0.0228 c0.0331 ent0.0023 VRAM 36MB
Ep 4300 | M0_PDR 0.930 | M1_PDR 0.752 | H_m0 0.00 H_m1 0.34 | a-0.0294 c0.0334 ent0.0023 VRAM 36MB
Ep 4350 | M0_PDR 0.927 | M1_PDR 0.773 | H_m0 0.00 H_m1 0.32 | a0.0086 c0.0337 ent0.0022 VRAM 36MB
Ep 4400 | M0_PDR 0.937 | M1_PDR 0.775 | H_m0 0.00 H_m1 0.33 | a-0.0186 c0.0354 ent0.0021 VRAM 36MB
Ep 4450 | M0_PDR 0.933 | M1_PDR 0.762 | H_m0 0.00 H_m1 0.38 | a-0.0257 c0.0355 ent0.0020 VRAM 36MB
Ep 4500 | M0_PDR 0.923 | M1_PDR 0.792 | H_m0 0.00 H_m1 0.31 | a0.0249 c0.0352 ent0.0019 VRAM 36MB
Ep 4550 | M0_PDR 0.942 | M1_PDR 0.762 | H_m0 0.00 H_m1 0.33 | a-0.0065 c0.0292 ent0.0018 VRAM 36MB
Ep 4600 | M0_PDR 0.936 | M1_PDR 0.781 | H_m0 0.00 H_m1 0.34 | a-0.0077 c0.0357 ent0.0017 VRAM 36MB
Ep 4650 | M0_PDR 0.934 | M1_PDR 0.763 | H_m0 0.00 H_m1 0.34 | a0.0086 c0.0312 ent0.0016 VRAM 36MB
Ep 4700 | M0_PDR 0.928 | M1_PDR 0.775 | H_m0 0.00 H_m1 0.31 | a0.0011 c0.0330 ent0.0015 VRAM 36MB
Ep 4750 | M0_PDR 0.932 | M1_PDR 0.771 | H_m0 0.00 H_m1 0.32 | a-0.0158 c0.0345 ent0.0014 VRAM 36MB
Ep 4800 | M0_PDR 0.934 | M1_PDR 0.770 | H_m0 0.00 H_m1 0.33 | a0.0098 c0.0321 ent0.0014 VRAM 36MB
Ep 4850 | M0_PDR 0.939 | M1_PDR 0.743 | H_m0 0.00 H_m1 0.35 | a-0.0291 c0.0316 ent0.0013 VRAM 36MB
Ep 4900 | M0_PDR 0.921 | M1_PDR 0.775 | H_m0 0.00 H_m1 0.32 | a0.0234 c0.0373 ent0.0012 VRAM 36MB
Ep 4950 | M0_PDR 0.925 | M1_PDR 0.815 | H_m0 0.00 H_m1 0.31 | a0.0031 c0.0397 ent0.0011 VRAM 36MB

Training complete. Running 100 eval episodes...

  Eval ep   0: M0_PDR=0.939  M1_PDR=0.810
  Eval ep  20: M0_PDR=0.931  M1_PDR=0.776
  Eval ep  40: M0_PDR=0.930  M1_PDR=0.805
  Eval ep  60: M0_PDR=0.922  M1_PDR=0.765
  Eval ep  80: M0_PDR=0.932  M1_PDR=0.773

=== Eval Summary (100 episodes) ===
  M0_PDR_mean         : 0.9314
  M0_PDR_p05 (across) : 0.9197
  M0_PDR_p05 (intra)  : 0.7975
  M1_PDR_mean         : 0.7858
  M0_SINR_mean (dB)   : 24.02
  M1_SINR_mean (dB)   : 9.51
  M0_collision_rate   : 0.772
  M0_collision_within_pool : 0.001
  M1_collision_within_pool : 0.446

Result saved -> results/_A_mode0b_N10_seed1_gaefix_g05_ent01.json
  N=10  rho=2.0  M0_PDR=0.931  M1_PDR=0.786
Checkpoint saved -> checkpoints/A_mode0b_N10_seed1_gaefix_g05_ent01_actors.pt
[NS3Bridge] Shutdown complete.
Run complete.
