[seed] all RNGs seeded with 3
GPU : NVIDIA GeForce RTX 3060
VRAM: 12.9 GB
Device          : cuda:0
Actors          : 10 per-vehicle, total 212,730 params
Critic params   : 96,257
obs_dim=11  action_dim=25  gs_dim=115
M0 count: 5  M1 count: 5
Training for 5000 episodes (Config A_mode0c_N10_seed3_gaefix_g05_ent01_armS, N=10)...

[NS3Bridge] Connected tcp://localhost:8656
Ep    0 | M0_PDR 0.600 | M1_PDR 0.674 | H_m0 3.21 H_m1 3.21 | a-0.0392 c0.7743 ent0.0100 VRAM 35MB
Ep   50 | M0_PDR 0.628 | M1_PDR 0.701 | H_m0 3.18 H_m1 3.17 | a-0.0331 c0.6401 ent0.0099 VRAM 35MB
Ep  100 | M0_PDR 0.888 | M1_PDR 0.696 | H_m0 1.16 H_m1 3.05 | a-0.0256 c0.9906 ent0.0098 VRAM 35MB
Ep  150 | M0_PDR 0.932 | M1_PDR 0.675 | H_m0 0.63 H_m1 3.10 | a-0.0202 c1.0609 ent0.0097 VRAM 35MB
Ep  200 | M0_PDR 0.939 | M1_PDR 0.702 | H_m0 0.60 H_m1 2.96 | a-0.0197 c1.0677 ent0.0096 VRAM 35MB
Ep  250 | M0_PDR 0.931 | M1_PDR 0.737 | H_m0 0.62 H_m1 2.79 | a-0.0178 c1.0484 ent0.0095 VRAM 35MB
Ep  300 | M0_PDR 0.936 | M1_PDR 0.688 | H_m0 0.52 H_m1 2.88 | a-0.0180 c1.0591 ent0.0095 VRAM 35MB
Ep  350 | M0_PDR 0.947 | M1_PDR 0.730 | H_m0 0.63 H_m1 2.60 | a-0.0176 c1.0733 ent0.0094 VRAM 35MB
Ep  400 | M0_PDR 0.942 | M1_PDR 0.757 | H_m0 0.53 H_m1 2.54 | a-0.0157 c1.0536 ent0.0093 VRAM 35MB
Ep  450 | M0_PDR 0.951 | M1_PDR 0.729 | H_m0 0.47 H_m1 2.35 | a-0.0149 c1.0828 ent0.0092 VRAM 35MB
Ep  500 | M0_PDR 0.929 | M1_PDR 0.777 | H_m0 0.25 H_m1 2.11 | a-0.0125 c1.0378 ent0.0091 VRAM 35MB
Ep  550 | M0_PDR 0.946 | M1_PDR 0.753 | H_m0 0.23 H_m1 2.20 | a-0.0133 c1.0548 ent0.0090 VRAM 35MB
Ep  600 | M0_PDR 0.946 | M1_PDR 0.748 | H_m0 0.39 H_m1 2.20 | a-0.0131 c1.0618 ent0.0089 VRAM 35MB
Ep  650 | M0_PDR 0.949 | M1_PDR 0.767 | H_m0 0.32 H_m1 2.18 | a-0.0119 c1.0599 ent0.0088 VRAM 35MB
Ep  700 | M0_PDR 0.953 | M1_PDR 0.798 | H_m0 0.26 H_m1 1.93 | a-0.0113 c1.0508 ent0.0087 VRAM 35MB
Ep  750 | M0_PDR 0.946 | M1_PDR 0.814 | H_m0 0.30 H_m1 1.95 | a-0.0115 c1.0398 ent0.0086 VRAM 35MB
Ep  800 | M0_PDR 0.951 | M1_PDR 0.857 | H_m0 0.28 H_m1 1.84 | a-0.0098 c1.0325 ent0.0086 VRAM 35MB
Ep  850 | M0_PDR 0.954 | M1_PDR 0.865 | H_m0 0.28 H_m1 1.54 | a-0.0091 c1.0237 ent0.0085 VRAM 35MB
Ep  900 | M0_PDR 0.946 | M1_PDR 0.869 | H_m0 0.24 H_m1 1.54 | a-0.0081 c1.0081 ent0.0084 VRAM 35MB
Ep  950 | M0_PDR 0.937 | M1_PDR 0.866 | H_m0 0.28 H_m1 1.68 | a-0.0096 c0.9997 ent0.0083 VRAM 35MB
Ep 1000 | M0_PDR 0.928 | M1_PDR 0.910 | H_m0 0.32 H_m1 1.63 | a-0.0081 c0.9674 ent0.0082 VRAM 35MB
Ep 1050 | M0_PDR 0.936 | M1_PDR 0.903 | H_m0 0.35 H_m1 1.48 | a-0.0087 c0.9767 ent0.0081 VRAM 35MB
Ep 1100 | M0_PDR 0.938 | M1_PDR 0.900 | H_m0 0.33 H_m1 1.33 | a-0.0078 c0.9904 ent0.0080 VRAM 35MB
Ep 1150 | M0_PDR 0.936 | M1_PDR 0.923 | H_m0 0.39 H_m1 1.30 | a-0.0071 c0.9837 ent0.0079 VRAM 35MB
Ep 1200 | M0_PDR 0.942 | M1_PDR 0.894 | H_m0 0.34 H_m1 1.55 | a-0.0080 c0.9848 ent0.0078 VRAM 35MB
Ep 1250 | M0_PDR 0.953 | M1_PDR 0.920 | H_m0 0.40 H_m1 1.37 | a-0.0080 c0.9858 ent0.0077 VRAM 35MB
Ep 1300 | M0_PDR 0.939 | M1_PDR 0.924 | H_m0 0.43 H_m1 1.51 | a-0.0082 c0.9719 ent0.0077 VRAM 35MB
Ep 1350 | M0_PDR 0.946 | M1_PDR 0.920 | H_m0 0.36 H_m1 1.49 | a-0.0088 c0.9700 ent0.0076 VRAM 35MB
Ep 1400 | M0_PDR 0.953 | M1_PDR 0.923 | H_m0 0.35 H_m1 1.42 | a-0.0075 c0.9896 ent0.0075 VRAM 35MB
Ep 1450 | M0_PDR 0.941 | M1_PDR 0.930 | H_m0 0.55 H_m1 1.44 | a-0.0084 c0.9793 ent0.0074 VRAM 35MB
Ep 1500 | M0_PDR 0.927 | M1_PDR 0.933 | H_m0 0.54 H_m1 1.37 | a-0.0080 c0.9502 ent0.0073 VRAM 35MB
Ep 1550 | M0_PDR 0.956 | M1_PDR 0.926 | H_m0 0.34 H_m1 1.52 | a-0.0069 c0.9857 ent0.0072 VRAM 35MB
Ep 1600 | M0_PDR 0.946 | M1_PDR 0.921 | H_m0 0.49 H_m1 1.59 | a-0.0083 c0.9831 ent0.0071 VRAM 35MB
Ep 1650 | M0_PDR 0.959 | M1_PDR 0.929 | H_m0 0.50 H_m1 1.58 | a-0.0082 c0.9911 ent0.0070 VRAM 35MB
Ep 1700 | M0_PDR 0.944 | M1_PDR 0.926 | H_m0 0.45 H_m1 1.60 | a-0.0088 c0.9780 ent0.0069 VRAM 35MB
Ep 1750 | M0_PDR 0.957 | M1_PDR 0.937 | H_m0 0.37 H_m1 1.50 | a-0.0070 c0.9862 ent0.0068 VRAM 35MB
Ep 1800 | M0_PDR 0.941 | M1_PDR 0.933 | H_m0 0.40 H_m1 1.51 | a-0.0070 c0.9616 ent0.0068 VRAM 35MB
Ep 1850 | M0_PDR 0.942 | M1_PDR 0.935 | H_m0 0.44 H_m1 1.41 | a-0.0068 c0.9688 ent0.0067 VRAM 35MB
Ep 1900 | M0_PDR 0.949 | M1_PDR 0.951 | H_m0 0.34 H_m1 1.49 | a-0.0064 c0.9564 ent0.0066 VRAM 35MB
Ep 1950 | M0_PDR 0.934 | M1_PDR 0.938 | H_m0 0.31 H_m1 1.49 | a-0.0069 c0.9514 ent0.0065 VRAM 35MB
Ep 2000 | M0_PDR 0.959 | M1_PDR 0.951 | H_m0 0.32 H_m1 1.44 | a-0.0070 c0.9718 ent0.0064 VRAM 35MB
Ep 2050 | M0_PDR 0.951 | M1_PDR 0.935 | H_m0 0.32 H_m1 1.34 | a-0.0058 c0.9679 ent0.0063 VRAM 35MB
Ep 2100 | M0_PDR 0.950 | M1_PDR 0.937 | H_m0 0.38 H_m1 1.28 | a-0.0055 c0.9671 ent0.0062 VRAM 35MB
Ep 2150 | M0_PDR 0.949 | M1_PDR 0.955 | H_m0 0.39 H_m1 1.30 | a-0.0063 c0.9537 ent0.0061 VRAM 35MB
Ep 2200 | M0_PDR 0.948 | M1_PDR 0.955 | H_m0 0.45 H_m1 1.07 | a-0.0055 c0.9578 ent0.0060 VRAM 35MB
Ep 2250 | M0_PDR 0.942 | M1_PDR 0.956 | H_m0 0.47 H_m1 1.25 | a-0.0061 c0.9526 ent0.0059 VRAM 35MB
Ep 2300 | M0_PDR 0.946 | M1_PDR 0.942 | H_m0 0.47 H_m1 1.41 | a-0.0061 c0.9546 ent0.0059 VRAM 35MB
Ep 2350 | M0_PDR 0.946 | M1_PDR 0.944 | H_m0 0.50 H_m1 1.38 | a-0.0061 c0.9606 ent0.0058 VRAM 35MB
Ep 2400 | M0_PDR 0.950 | M1_PDR 0.940 | H_m0 0.49 H_m1 1.36 | a-0.0062 c0.9584 ent0.0057 VRAM 35MB
Ep 2450 | M0_PDR 0.946 | M1_PDR 0.946 | H_m0 0.49 H_m1 1.36 | a-0.0061 c0.9601 ent0.0056 VRAM 35MB
Ep 2500 | M0_PDR 0.954 | M1_PDR 0.937 | H_m0 0.48 H_m1 1.44 | a-0.0060 c0.9757 ent0.0055 VRAM 35MB
Ep 2550 | M0_PDR 0.950 | M1_PDR 0.934 | H_m0 0.44 H_m1 1.50 | a-0.0060 c0.9719 ent0.0054 VRAM 35MB
Ep 2600 | M0_PDR 0.952 | M1_PDR 0.953 | H_m0 0.51 H_m1 1.48 | a-0.0059 c0.9644 ent0.0053 VRAM 35MB
Ep 2650 | M0_PDR 0.954 | M1_PDR 0.942 | H_m0 0.53 H_m1 1.44 | a-0.0058 c0.9661 ent0.0052 VRAM 35MB
Ep 2700 | M0_PDR 0.956 | M1_PDR 0.947 | H_m0 0.51 H_m1 1.38 | a-0.0052 c0.9722 ent0.0051 VRAM 35MB
Ep 2750 | M0_PDR 0.939 | M1_PDR 0.941 | H_m0 0.46 H_m1 1.39 | a-0.0050 c0.9501 ent0.0050 VRAM 35MB
Ep 2800 | M0_PDR 0.948 | M1_PDR 0.956 | H_m0 0.47 H_m1 1.41 | a-0.0051 c0.9535 ent0.0050 VRAM 35MB
Ep 2850 | M0_PDR 0.947 | M1_PDR 0.952 | H_m0 0.46 H_m1 1.35 | a-0.0048 c0.9551 ent0.0049 VRAM 35MB
Ep 2900 | M0_PDR 0.946 | M1_PDR 0.949 | H_m0 0.44 H_m1 1.36 | a-0.0046 c0.9551 ent0.0048 VRAM 35MB
Ep 2950 | M0_PDR 0.947 | M1_PDR 0.960 | H_m0 0.42 H_m1 1.40 | a-0.0048 c0.9511 ent0.0047 VRAM 35MB
Ep 3000 | M0_PDR 0.944 | M1_PDR 0.949 | H_m0 0.45 H_m1 1.39 | a-0.0044 c0.9529 ent0.0046 VRAM 35MB
Ep 3050 | M0_PDR 0.943 | M1_PDR 0.938 | H_m0 0.43 H_m1 1.46 | a-0.0046 c0.9559 ent0.0045 VRAM 35MB
Ep 3100 | M0_PDR 0.952 | M1_PDR 0.955 | H_m0 0.46 H_m1 1.34 | a-0.0043 c0.9591 ent0.0044 VRAM 35MB
Ep 3150 | M0_PDR 0.945 | M1_PDR 0.953 | H_m0 0.42 H_m1 1.31 | a-0.0042 c0.9450 ent0.0043 VRAM 35MB
Ep 3200 | M0_PDR 0.962 | M1_PDR 0.966 | H_m0 0.32 H_m1 1.22 | a-0.0034 c0.9702 ent0.0042 VRAM 35MB
Ep 3250 | M0_PDR 0.945 | M1_PDR 0.965 | H_m0 0.34 H_m1 1.26 | a-0.0036 c0.9523 ent0.0041 VRAM 35MB
Ep 3300 | M0_PDR 0.943 | M1_PDR 0.942 | H_m0 0.34 H_m1 1.32 | a-0.0037 c0.9605 ent0.0041 VRAM 35MB
Ep 3350 | M0_PDR 0.941 | M1_PDR 0.958 | H_m0 0.32 H_m1 1.33 | a-0.0036 c0.9470 ent0.0040 VRAM 35MB
Ep 3400 | M0_PDR 0.947 | M1_PDR 0.963 | H_m0 0.31 H_m1 1.40 | a-0.0035 c0.9524 ent0.0039 VRAM 35MB
Ep 3450 | M0_PDR 0.946 | M1_PDR 0.953 | H_m0 0.31 H_m1 1.43 | a-0.0036 c0.9537 ent0.0038 VRAM 35MB
Ep 3500 | M0_PDR 0.949 | M1_PDR 0.945 | H_m0 0.36 H_m1 1.43 | a-0.0035 c0.9537 ent0.0037 VRAM 35MB
Ep 3550 | M0_PDR 0.941 | M1_PDR 0.951 | H_m0 0.36 H_m1 1.42 | a-0.0035 c0.9448 ent0.0036 VRAM 35MB
Ep 3600 | M0_PDR 0.953 | M1_PDR 0.949 | H_m0 0.34 H_m1 1.45 | a-0.0035 c0.9541 ent0.0035 VRAM 35MB
Ep 3650 | M0_PDR 0.946 | M1_PDR 0.956 | H_m0 0.33 H_m1 1.47 | a-0.0034 c0.9592 ent0.0034 VRAM 35MB
Ep 3700 | M0_PDR 0.953 | M1_PDR 0.940 | H_m0 0.34 H_m1 1.46 | a-0.0032 c0.9638 ent0.0033 VRAM 35MB
Ep 3750 | M0_PDR 0.946 | M1_PDR 0.944 | H_m0 0.34 H_m1 1.48 | a-0.0030 c0.9583 ent0.0032 VRAM 35MB
Ep 3800 | M0_PDR 0.951 | M1_PDR 0.947 | H_m0 0.35 H_m1 1.48 | a-0.0030 c0.9674 ent0.0032 VRAM 35MB
Ep 3850 | M0_PDR 0.948 | M1_PDR 0.955 | H_m0 0.35 H_m1 1.46 | a-0.0030 c0.9530 ent0.0031 VRAM 35MB
Ep 3900 | M0_PDR 0.948 | M1_PDR 0.960 | H_m0 0.35 H_m1 1.46 | a-0.0028 c0.9525 ent0.0030 VRAM 35MB
Ep 3950 | M0_PDR 0.944 | M1_PDR 0.959 | H_m0 0.35 H_m1 1.47 | a-0.0027 c0.9476 ent0.0029 VRAM 35MB
Ep 4000 | M0_PDR 0.941 | M1_PDR 0.946 | H_m0 0.35 H_m1 1.46 | a-0.0026 c0.9526 ent0.0028 VRAM 35MB
Ep 4050 | M0_PDR 0.962 | M1_PDR 0.956 | H_m0 0.35 H_m1 1.44 | a-0.0025 c0.9737 ent0.0027 VRAM 35MB
Ep 4100 | M0_PDR 0.941 | M1_PDR 0.955 | H_m0 0.35 H_m1 1.44 | a-0.0025 c0.9511 ent0.0026 VRAM 35MB
Ep 4150 | M0_PDR 0.948 | M1_PDR 0.961 | H_m0 0.36 H_m1 1.43 | a-0.0023 c0.9538 ent0.0025 VRAM 35MB
Ep 4200 | M0_PDR 0.947 | M1_PDR 0.956 | H_m0 0.37 H_m1 1.42 | a-0.0024 c0.9418 ent0.0024 VRAM 35MB
Ep 4250 | M0_PDR 0.937 | M1_PDR 0.963 | H_m0 0.37 H_m1 1.40 | a-0.0021 c0.9368 ent0.0023 VRAM 35MB
Ep 4300 | M0_PDR 0.946 | M1_PDR 0.949 | H_m0 0.37 H_m1 1.40 | a-0.0022 c0.9545 ent0.0023 VRAM 35MB
Ep 4350 | M0_PDR 0.952 | M1_PDR 0.964 | H_m0 0.37 H_m1 1.40 | a-0.0020 c0.9560 ent0.0022 VRAM 35MB
Ep 4400 | M0_PDR 0.950 | M1_PDR 0.968 | H_m0 0.37 H_m1 1.40 | a-0.0019 c0.9489 ent0.0021 VRAM 35MB
Ep 4450 | M0_PDR 0.958 | M1_PDR 0.962 | H_m0 0.38 H_m1 1.39 | a-0.0018 c0.9639 ent0.0020 VRAM 35MB
Ep 4500 | M0_PDR 0.953 | M1_PDR 0.949 | H_m0 0.38 H_m1 1.39 | a-0.0017 c0.9641 ent0.0019 VRAM 35MB
Ep 4550 | M0_PDR 0.949 | M1_PDR 0.958 | H_m0 0.37 H_m1 1.39 | a-0.0017 c0.9468 ent0.0018 VRAM 35MB
Ep 4600 | M0_PDR 0.945 | M1_PDR 0.957 | H_m0 0.38 H_m1 1.39 | a-0.0016 c0.9469 ent0.0017 VRAM 35MB
Ep 4650 | M0_PDR 0.947 | M1_PDR 0.959 | H_m0 0.38 H_m1 1.40 | a-0.0015 c0.9477 ent0.0016 VRAM 35MB
Ep 4700 | M0_PDR 0.956 | M1_PDR 0.964 | H_m0 0.38 H_m1 1.39 | a-0.0014 c0.9513 ent0.0015 VRAM 35MB
Ep 4750 | M0_PDR 0.937 | M1_PDR 0.952 | H_m0 0.38 H_m1 1.38 | a-0.0013 c0.9330 ent0.0014 VRAM 35MB
Ep 4800 | M0_PDR 0.948 | M1_PDR 0.964 | H_m0 0.38 H_m1 1.37 | a-0.0012 c0.9455 ent0.0014 VRAM 35MB
Ep 4850 | M0_PDR 0.948 | M1_PDR 0.959 | H_m0 0.38 H_m1 1.37 | a-0.0011 c0.9499 ent0.0013 VRAM 35MB
Ep 4900 | M0_PDR 0.933 | M1_PDR 0.954 | H_m0 0.39 H_m1 1.37 | a-0.0011 c0.9309 ent0.0012 VRAM 35MB
Ep 4950 | M0_PDR 0.952 | M1_PDR 0.967 | H_m0 0.38 H_m1 1.37 | a-0.0010 c0.9567 ent0.0011 VRAM 35MB

Training complete. Running 100 eval episodes...

  Eval ep   0: M0_PDR=0.954  M1_PDR=0.953
  Eval ep  20: M0_PDR=0.943  M1_PDR=0.950
  Eval ep  40: M0_PDR=0.954  M1_PDR=0.961
  Eval ep  60: M0_PDR=0.956  M1_PDR=0.967
  Eval ep  80: M0_PDR=0.950  M1_PDR=0.958

=== Eval Summary (100 episodes) ===
  M0_PDR_mean         : 0.9500
  M0_PDR_p05 (across) : 0.9389
  M0_PDR_p05 (intra)  : 0.7968
  M1_PDR_mean         : 0.9596
  M0_SINR_mean (dB)   : 18.41
  M1_SINR_mean (dB)   : 19.28
  M0_collision_rate   : 0.970
  M0_collision_within_pool : 0.000
  M1_collision_within_pool : 0.059

Result saved -> results/_A_mode0c_N10_seed3_gaefix_g05_ent01_armS.json
  N=10  rho=2.0  M0_PDR=0.950  M1_PDR=0.960
Checkpoint saved -> checkpoints/A_mode0c_N10_seed3_gaefix_g05_ent01_armS_actors.pt
[NS3Bridge] Shutdown complete.
Run complete.
