[seed] all RNGs seeded with 1
GPU : NVIDIA GeForce RTX 3060
VRAM: 12.9 GB
Device          : cuda:0
Actors          : 4 per-vehicle, total 85,092 params
Critic params   : 79,361
obs_dim=11  action_dim=25  gs_dim=49
M0 count: 2  M1 count: 2
Training for 3000 episodes (Config A_mode0c_seed1_gaefix_g05_ent01, N=4)...

[NS3Bridge] Connected tcp://localhost:7516
Ep    0 | M0_PDR 0.675 | M1_PDR 0.686 | H_m0 3.22 H_m1 3.21 | a-0.0403 c1.0244 ent0.0100 VRAM 24MB
Ep   50 | M0_PDR 0.760 | M1_PDR 0.631 | H_m0 1.98 H_m1 3.13 | a-0.0294 c0.8936 ent0.0098 VRAM 24MB
Ep  100 | M0_PDR 0.970 | M1_PDR 0.847 | H_m0 0.18 H_m1 1.73 | a-0.0122 c1.0505 ent0.0097 VRAM 24MB
Ep  150 | M0_PDR 0.998 | M1_PDR 0.990 | H_m0 0.15 H_m1 0.51 | a-0.0033 c1.0224 ent0.0095 VRAM 24MB
Ep  200 | M0_PDR 1.000 | M1_PDR 0.998 | H_m0 0.02 H_m1 0.16 | a-0.0012 c1.0180 ent0.0094 VRAM 24MB
Ep  250 | M0_PDR 0.999 | M1_PDR 0.977 | H_m0 0.01 H_m1 0.49 | a-0.0047 c1.0246 ent0.0092 VRAM 24MB
Ep  300 | M0_PDR 1.000 | M1_PDR 0.954 | H_m0 0.01 H_m1 1.06 | a-0.0050 c1.0405 ent0.0091 VRAM 24MB
Ep  350 | M0_PDR 1.000 | M1_PDR 0.981 | H_m0 0.03 H_m1 0.91 | a-0.0043 c1.0278 ent0.0089 VRAM 24MB
Ep  400 | M0_PDR 0.998 | M1_PDR 0.997 | H_m0 0.02 H_m1 0.24 | a-0.0014 c1.0156 ent0.0088 VRAM 24MB
Ep  450 | M0_PDR 1.000 | M1_PDR 0.990 | H_m0 0.01 H_m1 0.14 | a-0.0012 c1.0235 ent0.0086 VRAM 24MB
Ep  500 | M0_PDR 0.997 | M1_PDR 0.958 | H_m0 0.03 H_m1 1.03 | a-0.0046 c1.0350 ent0.0085 VRAM 24MB
Ep  550 | M0_PDR 1.000 | M1_PDR 1.000 | H_m0 0.01 H_m1 0.50 | a-0.0021 c1.0179 ent0.0083 VRAM 24MB
Ep  600 | M0_PDR 1.000 | M1_PDR 1.000 | H_m0 0.01 H_m1 0.52 | a-0.0029 c1.0180 ent0.0082 VRAM 24MB
Ep  650 | M0_PDR 1.000 | M1_PDR 0.995 | H_m0 0.01 H_m1 0.58 | a-0.0031 c1.0186 ent0.0080 VRAM 24MB
Ep  700 | M0_PDR 1.000 | M1_PDR 0.990 | H_m0 0.01 H_m1 0.59 | a-0.0031 c1.0224 ent0.0079 VRAM 24MB
Ep  750 | M0_PDR 1.000 | M1_PDR 0.998 | H_m0 0.00 H_m1 0.57 | a-0.0028 c1.0180 ent0.0077 VRAM 24MB
Ep  800 | M0_PDR 1.000 | M1_PDR 0.994 | H_m0 0.00 H_m1 1.08 | a-0.0053 c1.0194 ent0.0076 VRAM 24MB
Ep  850 | M0_PDR 0.998 | M1_PDR 0.992 | H_m0 0.00 H_m1 1.22 | a-0.0050 c1.0187 ent0.0074 VRAM 24MB
Ep  900 | M0_PDR 1.000 | M1_PDR 0.993 | H_m0 0.00 H_m1 0.99 | a-0.0044 c1.0188 ent0.0073 VRAM 24MB
Ep  950 | M0_PDR 1.000 | M1_PDR 0.997 | H_m0 0.00 H_m1 0.71 | a-0.0038 c1.0166 ent0.0071 VRAM 24MB
Ep 1000 | M0_PDR 0.993 | M1_PDR 0.975 | H_m0 0.00 H_m1 1.23 | a-0.0051 c1.0240 ent0.0070 VRAM 24MB
Ep 1050 | M0_PDR 0.995 | M1_PDR 0.987 | H_m0 0.00 H_m1 1.29 | a-0.0049 c1.0144 ent0.0068 VRAM 24MB
Ep 1100 | M0_PDR 1.000 | M1_PDR 0.985 | H_m0 0.00 H_m1 1.17 | a-0.0047 c1.0237 ent0.0067 VRAM 24MB
Ep 1150 | M0_PDR 1.000 | M1_PDR 0.982 | H_m0 0.00 H_m1 1.31 | a-0.0048 c1.0252 ent0.0065 VRAM 24MB
Ep 1200 | M0_PDR 1.000 | M1_PDR 0.982 | H_m0 0.00 H_m1 1.34 | a-0.0048 c1.0295 ent0.0064 VRAM 24MB
Ep 1250 | M0_PDR 1.000 | M1_PDR 0.995 | H_m0 0.00 H_m1 0.98 | a-0.0028 c1.0182 ent0.0062 VRAM 24MB
Ep 1300 | M0_PDR 1.000 | M1_PDR 0.998 | H_m0 0.00 H_m1 1.12 | a-0.0037 c1.0168 ent0.0061 VRAM 24MB
Ep 1350 | M0_PDR 1.000 | M1_PDR 0.995 | H_m0 0.00 H_m1 0.98 | a-0.0037 c1.0161 ent0.0059 VRAM 24MB
Ep 1400 | M0_PDR 1.000 | M1_PDR 1.000 | H_m0 0.00 H_m1 1.04 | a-0.0039 c1.0156 ent0.0058 VRAM 24MB
Ep 1450 | M0_PDR 1.000 | M1_PDR 0.995 | H_m0 0.00 H_m1 1.03 | a-0.0034 c1.0183 ent0.0056 VRAM 24MB
Ep 1500 | M0_PDR 1.000 | M1_PDR 0.997 | H_m0 0.00 H_m1 1.16 | a-0.0039 c1.0159 ent0.0055 VRAM 24MB
Ep 1550 | M0_PDR 1.000 | M1_PDR 0.995 | H_m0 0.00 H_m1 1.31 | a-0.0040 c1.0181 ent0.0053 VRAM 24MB
Ep 1600 | M0_PDR 1.000 | M1_PDR 1.000 | H_m0 0.00 H_m1 1.10 | a-0.0033 c1.0165 ent0.0052 VRAM 24MB
Ep 1650 | M0_PDR 1.000 | M1_PDR 0.990 | H_m0 0.00 H_m1 1.19 | a-0.0034 c1.0191 ent0.0050 VRAM 24MB
Ep 1700 | M0_PDR 1.000 | M1_PDR 0.997 | H_m0 0.00 H_m1 1.23 | a-0.0033 c1.0175 ent0.0049 VRAM 24MB
Ep 1750 | M0_PDR 1.000 | M1_PDR 0.995 | H_m0 0.00 H_m1 1.16 | a-0.0029 c1.0184 ent0.0047 VRAM 24MB
Ep 1800 | M0_PDR 1.000 | M1_PDR 1.000 | H_m0 0.00 H_m1 1.13 | a-0.0030 c1.0163 ent0.0046 VRAM 24MB
Ep 1850 | M0_PDR 1.000 | M1_PDR 0.997 | H_m0 0.00 H_m1 1.22 | a-0.0032 c1.0159 ent0.0044 VRAM 24MB
Ep 1900 | M0_PDR 1.000 | M1_PDR 0.998 | H_m0 0.00 H_m1 0.98 | a-0.0022 c1.0157 ent0.0043 VRAM 24MB
Ep 1950 | M0_PDR 1.000 | M1_PDR 0.997 | H_m0 0.00 H_m1 0.86 | a-0.0019 c1.0157 ent0.0041 VRAM 24MB
Ep 2000 | M0_PDR 1.000 | M1_PDR 0.989 | H_m0 0.00 H_m1 0.95 | a-0.0022 c1.0200 ent0.0040 VRAM 24MB
Ep 2050 | M0_PDR 1.000 | M1_PDR 1.000 | H_m0 0.00 H_m1 1.06 | a-0.0023 c1.0135 ent0.0038 VRAM 24MB
Ep 2100 | M0_PDR 1.000 | M1_PDR 0.997 | H_m0 0.00 H_m1 1.13 | a-0.0026 c1.0154 ent0.0037 VRAM 24MB
Ep 2150 | M0_PDR 1.000 | M1_PDR 0.988 | H_m0 0.00 H_m1 1.20 | a-0.0026 c1.0194 ent0.0035 VRAM 24MB
Ep 2200 | M0_PDR 1.000 | M1_PDR 0.998 | H_m0 0.00 H_m1 1.13 | a-0.0021 c1.0148 ent0.0034 VRAM 24MB
Ep 2250 | M0_PDR 0.998 | M1_PDR 0.992 | H_m0 0.00 H_m1 1.16 | a-0.0022 c1.0160 ent0.0032 VRAM 24MB
Ep 2300 | M0_PDR 1.000 | M1_PDR 1.000 | H_m0 0.00 H_m1 1.15 | a-0.0023 c1.0147 ent0.0031 VRAM 24MB
Ep 2350 | M0_PDR 1.000 | M1_PDR 1.000 | H_m0 0.00 H_m1 1.17 | a-0.0020 c1.0140 ent0.0029 VRAM 24MB
Ep 2400 | M0_PDR 1.000 | M1_PDR 0.995 | H_m0 0.00 H_m1 1.20 | a-0.0018 c1.0156 ent0.0028 VRAM 24MB
Ep 2450 | M0_PDR 1.000 | M1_PDR 0.991 | H_m0 0.00 H_m1 1.19 | a-0.0017 c1.0178 ent0.0026 VRAM 24MB
Ep 2500 | M0_PDR 1.000 | M1_PDR 0.995 | H_m0 0.00 H_m1 1.21 | a-0.0018 c1.0184 ent0.0025 VRAM 24MB
Ep 2550 | M0_PDR 1.000 | M1_PDR 1.000 | H_m0 0.00 H_m1 1.24 | a-0.0017 c1.0152 ent0.0023 VRAM 24MB
Ep 2600 | M0_PDR 1.000 | M1_PDR 0.995 | H_m0 0.00 H_m1 1.27 | a-0.0013 c1.0160 ent0.0022 VRAM 24MB
Ep 2650 | M0_PDR 1.000 | M1_PDR 0.995 | H_m0 0.00 H_m1 1.31 | a-0.0014 c1.0167 ent0.0020 VRAM 24MB
Ep 2700 | M0_PDR 1.000 | M1_PDR 0.995 | H_m0 0.00 H_m1 1.31 | a-0.0013 c1.0164 ent0.0019 VRAM 24MB
Ep 2750 | M0_PDR 1.000 | M1_PDR 0.992 | H_m0 0.00 H_m1 1.35 | a-0.0012 c1.0194 ent0.0017 VRAM 24MB
Ep 2800 | M0_PDR 1.000 | M1_PDR 0.993 | H_m0 0.00 H_m1 1.36 | a-0.0011 c1.0170 ent0.0016 VRAM 24MB
Ep 2850 | M0_PDR 1.000 | M1_PDR 0.990 | H_m0 0.00 H_m1 1.35 | a-0.0010 c1.0204 ent0.0014 VRAM 24MB
Ep 2900 | M0_PDR 1.000 | M1_PDR 0.995 | H_m0 0.00 H_m1 1.35 | a-0.0008 c1.0154 ent0.0013 VRAM 24MB
Ep 2950 | M0_PDR 1.000 | M1_PDR 0.997 | H_m0 0.00 H_m1 1.34 | a-0.0008 c1.0155 ent0.0011 VRAM 24MB

Training complete. Running 100 eval episodes...

  Eval ep   0: M0_PDR=1.000  M1_PDR=0.988
  Eval ep  20: M0_PDR=1.000  M1_PDR=0.997
  Eval ep  40: M0_PDR=1.000  M1_PDR=1.000
  Eval ep  60: M0_PDR=1.000  M1_PDR=0.995
  Eval ep  80: M0_PDR=1.000  M1_PDR=1.000

=== Eval Summary (100 episodes) ===
  M0_PDR_mean         : 0.9998
  M0_PDR_p05 (across) : 0.9981
  M0_PDR_p05 (intra)  : 1.0000
  M1_PDR_mean         : 0.9958
  M0_SINR_mean (dB)   : 47.33
  M1_SINR_mean (dB)   : 40.74
  M0_collision_rate   : 0.001
  M0_collision_within_pool : 0.000
  M1_collision_within_pool : 0.005

Result saved -> results/_A_mode0c_seed1_gaefix_g05_ent01.json
  N=4  rho=0.8  M0_PDR=1.000  M1_PDR=0.996
Checkpoint saved -> checkpoints/A_mode0c_seed1_gaefix_g05_ent01_actors.pt
[NS3Bridge] Shutdown complete.
Run complete.
