[seed] all RNGs seeded with 3
GPU : NVIDIA GeForce RTX 3060
VRAM: 12.9 GB
Device          : cuda:0
Actors          : 10 per-vehicle, total 212,730 params
Critic params   : 96,257
obs_dim=11  action_dim=25  gs_dim=115
M0 count: 5  M1 count: 5
Training for 5000 episodes (Config A_mode0c_N10_seed3_gaefix_g05_ent01_armP, N=10)...

[NS3Bridge] Connected tcp://localhost:8476
Ep    0 | M0_PDR 0.544 | M1_PDR 0.591 | H_m0 3.21 H_m1 3.21 | a-0.0398 c0.6280 ent0.0100 VRAM 35MB
Ep   50 | M0_PDR 0.621 | M1_PDR 0.570 | H_m0 1.49 H_m1 2.90 | a-0.0262 c0.6562 ent0.0099 VRAM 35MB
Ep  100 | M0_PDR 0.649 | M1_PDR 0.629 | H_m0 0.84 H_m1 2.00 | a-0.0178 c0.6825 ent0.0098 VRAM 35MB
Ep  150 | M0_PDR 0.617 | M1_PDR 0.660 | H_m0 0.89 H_m1 1.35 | a-0.0135 c0.6242 ent0.0097 VRAM 35MB
Ep  200 | M0_PDR 0.607 | M1_PDR 0.674 | H_m0 0.85 H_m1 1.28 | a-0.0103 c0.6204 ent0.0096 VRAM 35MB
Ep  250 | M0_PDR 0.646 | M1_PDR 0.686 | H_m0 0.78 H_m1 1.10 | a-0.0119 c0.6744 ent0.0095 VRAM 35MB
Ep  300 | M0_PDR 0.638 | M1_PDR 0.673 | H_m0 0.74 H_m1 1.07 | a-0.0105 c0.6612 ent0.0095 VRAM 35MB
Ep  350 | M0_PDR 0.578 | M1_PDR 0.681 | H_m0 0.65 H_m1 1.08 | a-0.0110 c0.5851 ent0.0094 VRAM 35MB
Ep  400 | M0_PDR 0.620 | M1_PDR 0.652 | H_m0 0.74 H_m1 1.29 | a-0.0121 c0.6271 ent0.0093 VRAM 35MB
Ep  450 | M0_PDR 0.596 | M1_PDR 0.690 | H_m0 0.64 H_m1 1.07 | a-0.0087 c0.6084 ent0.0092 VRAM 35MB
Ep  500 | M0_PDR 0.605 | M1_PDR 0.674 | H_m0 0.42 H_m1 1.26 | a-0.0092 c0.6188 ent0.0091 VRAM 35MB
Ep  550 | M0_PDR 0.629 | M1_PDR 0.711 | H_m0 0.58 H_m1 1.23 | a-0.0098 c0.6479 ent0.0090 VRAM 35MB
Ep  600 | M0_PDR 0.620 | M1_PDR 0.732 | H_m0 0.49 H_m1 1.27 | a-0.0096 c0.6298 ent0.0089 VRAM 35MB
Ep  650 | M0_PDR 0.605 | M1_PDR 0.675 | H_m0 0.61 H_m1 1.14 | a-0.0089 c0.6216 ent0.0088 VRAM 35MB
Ep  700 | M0_PDR 0.636 | M1_PDR 0.701 | H_m0 0.76 H_m1 1.28 | a-0.0108 c0.6516 ent0.0087 VRAM 35MB
Ep  750 | M0_PDR 0.635 | M1_PDR 0.659 | H_m0 0.71 H_m1 1.58 | a-0.0113 c0.6515 ent0.0086 VRAM 35MB
Ep  800 | M0_PDR 0.628 | M1_PDR 0.640 | H_m0 0.77 H_m1 1.55 | a-0.0124 c0.6477 ent0.0086 VRAM 35MB
Ep  850 | M0_PDR 0.613 | M1_PDR 0.692 | H_m0 0.85 H_m1 1.29 | a-0.0115 c0.6133 ent0.0085 VRAM 35MB
Ep  900 | M0_PDR 0.641 | M1_PDR 0.649 | H_m0 0.69 H_m1 1.28 | a-0.0094 c0.6638 ent0.0084 VRAM 35MB
Ep  950 | M0_PDR 0.596 | M1_PDR 0.673 | H_m0 0.78 H_m1 1.48 | a-0.0119 c0.6026 ent0.0083 VRAM 35MB
Ep 1000 | M0_PDR 0.618 | M1_PDR 0.662 | H_m0 0.70 H_m1 1.63 | a-0.0106 c0.6233 ent0.0082 VRAM 35MB
Ep 1050 | M0_PDR 0.624 | M1_PDR 0.660 | H_m0 0.68 H_m1 1.46 | a-0.0101 c0.6454 ent0.0081 VRAM 35MB
Ep 1100 | M0_PDR 0.641 | M1_PDR 0.689 | H_m0 0.55 H_m1 1.45 | a-0.0096 c0.6721 ent0.0080 VRAM 35MB
Ep 1150 | M0_PDR 0.645 | M1_PDR 0.673 | H_m0 0.39 H_m1 1.28 | a-0.0077 c0.6541 ent0.0079 VRAM 35MB
Ep 1200 | M0_PDR 0.642 | M1_PDR 0.688 | H_m0 0.46 H_m1 1.42 | a-0.0081 c0.6541 ent0.0078 VRAM 35MB
Ep 1250 | M0_PDR 0.602 | M1_PDR 0.678 | H_m0 0.72 H_m1 1.37 | a-0.0091 c0.6162 ent0.0077 VRAM 35MB
Ep 1300 | M0_PDR 0.618 | M1_PDR 0.718 | H_m0 0.63 H_m1 1.47 | a-0.0093 c0.6128 ent0.0077 VRAM 35MB
Ep 1350 | M0_PDR 0.611 | M1_PDR 0.674 | H_m0 0.72 H_m1 1.55 | a-0.0105 c0.6176 ent0.0076 VRAM 35MB
Ep 1400 | M0_PDR 0.590 | M1_PDR 0.678 | H_m0 0.56 H_m1 1.56 | a-0.0088 c0.5963 ent0.0075 VRAM 35MB
Ep 1450 | M0_PDR 0.643 | M1_PDR 0.689 | H_m0 0.55 H_m1 1.67 | a-0.0089 c0.6700 ent0.0074 VRAM 35MB
Ep 1500 | M0_PDR 0.588 | M1_PDR 0.690 | H_m0 0.60 H_m1 1.53 | a-0.0085 c0.5820 ent0.0073 VRAM 35MB
Ep 1550 | M0_PDR 0.615 | M1_PDR 0.656 | H_m0 0.44 H_m1 1.57 | a-0.0086 c0.6221 ent0.0072 VRAM 35MB
Ep 1600 | M0_PDR 0.632 | M1_PDR 0.641 | H_m0 0.37 H_m1 1.64 | a-0.0077 c0.6536 ent0.0071 VRAM 35MB
Ep 1650 | M0_PDR 0.603 | M1_PDR 0.668 | H_m0 0.41 H_m1 1.64 | a-0.0082 c0.6075 ent0.0070 VRAM 35MB
Ep 1700 | M0_PDR 0.615 | M1_PDR 0.681 | H_m0 0.43 H_m1 1.69 | a-0.0084 c0.6201 ent0.0069 VRAM 35MB
Ep 1750 | M0_PDR 0.616 | M1_PDR 0.685 | H_m0 0.45 H_m1 1.65 | a-0.0076 c0.6391 ent0.0068 VRAM 35MB
Ep 1800 | M0_PDR 0.602 | M1_PDR 0.689 | H_m0 0.55 H_m1 1.55 | a-0.0073 c0.5977 ent0.0068 VRAM 35MB
Ep 1850 | M0_PDR 0.615 | M1_PDR 0.663 | H_m0 0.67 H_m1 1.50 | a-0.0079 c0.6442 ent0.0067 VRAM 35MB
Ep 1900 | M0_PDR 0.616 | M1_PDR 0.673 | H_m0 0.69 H_m1 1.57 | a-0.0080 c0.6291 ent0.0066 VRAM 35MB
Ep 1950 | M0_PDR 0.609 | M1_PDR 0.657 | H_m0 0.74 H_m1 1.66 | a-0.0090 c0.6317 ent0.0065 VRAM 35MB
Ep 2000 | M0_PDR 0.606 | M1_PDR 0.669 | H_m0 0.76 H_m1 1.67 | a-0.0092 c0.6182 ent0.0064 VRAM 35MB
Ep 2050 | M0_PDR 0.630 | M1_PDR 0.678 | H_m0 0.75 H_m1 1.78 | a-0.0086 c0.6435 ent0.0063 VRAM 35MB
Ep 2100 | M0_PDR 0.615 | M1_PDR 0.688 | H_m0 0.78 H_m1 1.57 | a-0.0092 c0.6320 ent0.0062 VRAM 35MB
Ep 2150 | M0_PDR 0.606 | M1_PDR 0.715 | H_m0 0.74 H_m1 1.65 | a-0.0083 c0.5909 ent0.0061 VRAM 35MB
Ep 2200 | M0_PDR 0.596 | M1_PDR 0.657 | H_m0 0.58 H_m1 1.66 | a-0.0074 c0.6170 ent0.0060 VRAM 35MB
Ep 2250 | M0_PDR 0.589 | M1_PDR 0.709 | H_m0 0.65 H_m1 1.60 | a-0.0082 c0.5893 ent0.0059 VRAM 35MB
Ep 2300 | M0_PDR 0.618 | M1_PDR 0.711 | H_m0 0.73 H_m1 1.62 | a-0.0083 c0.6283 ent0.0059 VRAM 35MB
Ep 2350 | M0_PDR 0.613 | M1_PDR 0.654 | H_m0 0.75 H_m1 1.74 | a-0.0082 c0.6496 ent0.0058 VRAM 35MB
Ep 2400 | M0_PDR 0.608 | M1_PDR 0.698 | H_m0 0.74 H_m1 1.60 | a-0.0072 c0.6072 ent0.0057 VRAM 35MB
Ep 2450 | M0_PDR 0.612 | M1_PDR 0.673 | H_m0 0.68 H_m1 1.61 | a-0.0068 c0.6295 ent0.0056 VRAM 35MB
Ep 2500 | M0_PDR 0.637 | M1_PDR 0.707 | H_m0 0.70 H_m1 1.54 | a-0.0068 c0.6477 ent0.0055 VRAM 35MB
Ep 2550 | M0_PDR 0.602 | M1_PDR 0.671 | H_m0 0.75 H_m1 1.42 | a-0.0063 c0.6091 ent0.0054 VRAM 35MB
Ep 2600 | M0_PDR 0.626 | M1_PDR 0.694 | H_m0 0.77 H_m1 1.43 | a-0.0067 c0.6399 ent0.0053 VRAM 35MB
Ep 2650 | M0_PDR 0.632 | M1_PDR 0.696 | H_m0 0.77 H_m1 1.48 | a-0.0067 c0.6342 ent0.0052 VRAM 35MB
Ep 2700 | M0_PDR 0.603 | M1_PDR 0.702 | H_m0 0.77 H_m1 1.44 | a-0.0070 c0.6088 ent0.0051 VRAM 35MB
Ep 2750 | M0_PDR 0.612 | M1_PDR 0.690 | H_m0 0.78 H_m1 1.33 | a-0.0062 c0.6135 ent0.0050 VRAM 35MB
Ep 2800 | M0_PDR 0.617 | M1_PDR 0.684 | H_m0 0.75 H_m1 1.40 | a-0.0057 c0.6143 ent0.0050 VRAM 35MB
Ep 2850 | M0_PDR 0.606 | M1_PDR 0.688 | H_m0 0.71 H_m1 1.41 | a-0.0059 c0.6105 ent0.0049 VRAM 35MB
Ep 2900 | M0_PDR 0.604 | M1_PDR 0.676 | H_m0 0.77 H_m1 1.39 | a-0.0055 c0.6135 ent0.0048 VRAM 35MB
Ep 2950 | M0_PDR 0.619 | M1_PDR 0.675 | H_m0 0.70 H_m1 1.37 | a-0.0056 c0.6240 ent0.0047 VRAM 35MB
Ep 3000 | M0_PDR 0.609 | M1_PDR 0.679 | H_m0 0.71 H_m1 1.44 | a-0.0056 c0.6128 ent0.0046 VRAM 35MB
Ep 3050 | M0_PDR 0.617 | M1_PDR 0.688 | H_m0 0.69 H_m1 1.38 | a-0.0051 c0.6162 ent0.0045 VRAM 35MB
Ep 3100 | M0_PDR 0.633 | M1_PDR 0.682 | H_m0 0.74 H_m1 1.38 | a-0.0053 c0.6535 ent0.0044 VRAM 35MB
Ep 3150 | M0_PDR 0.617 | M1_PDR 0.675 | H_m0 0.76 H_m1 1.46 | a-0.0051 c0.6330 ent0.0043 VRAM 35MB
Ep 3200 | M0_PDR 0.625 | M1_PDR 0.680 | H_m0 0.72 H_m1 1.43 | a-0.0050 c0.6356 ent0.0042 VRAM 35MB
Ep 3250 | M0_PDR 0.623 | M1_PDR 0.692 | H_m0 0.67 H_m1 1.47 | a-0.0047 c0.6361 ent0.0041 VRAM 35MB
Ep 3300 | M0_PDR 0.650 | M1_PDR 0.658 | H_m0 0.60 H_m1 1.45 | a-0.0047 c0.6715 ent0.0041 VRAM 35MB
Ep 3350 | M0_PDR 0.614 | M1_PDR 0.674 | H_m0 0.68 H_m1 1.40 | a-0.0044 c0.6097 ent0.0040 VRAM 35MB
Ep 3400 | M0_PDR 0.627 | M1_PDR 0.702 | H_m0 0.68 H_m1 1.44 | a-0.0044 c0.6361 ent0.0039 VRAM 35MB
Ep 3450 | M0_PDR 0.608 | M1_PDR 0.687 | H_m0 0.71 H_m1 1.50 | a-0.0044 c0.6297 ent0.0038 VRAM 35MB
Ep 3500 | M0_PDR 0.637 | M1_PDR 0.681 | H_m0 0.72 H_m1 1.49 | a-0.0044 c0.6571 ent0.0037 VRAM 35MB
Ep 3550 | M0_PDR 0.628 | M1_PDR 0.707 | H_m0 0.71 H_m1 1.48 | a-0.0044 c0.6275 ent0.0036 VRAM 35MB
Ep 3600 | M0_PDR 0.607 | M1_PDR 0.663 | H_m0 0.64 H_m1 1.51 | a-0.0042 c0.6114 ent0.0035 VRAM 35MB
Ep 3650 | M0_PDR 0.631 | M1_PDR 0.650 | H_m0 0.65 H_m1 1.53 | a-0.0039 c0.6707 ent0.0034 VRAM 35MB
Ep 3700 | M0_PDR 0.605 | M1_PDR 0.657 | H_m0 0.68 H_m1 1.48 | a-0.0040 c0.6130 ent0.0033 VRAM 35MB
Ep 3750 | M0_PDR 0.598 | M1_PDR 0.711 | H_m0 0.71 H_m1 1.48 | a-0.0039 c0.5964 ent0.0032 VRAM 35MB
Ep 3800 | M0_PDR 0.638 | M1_PDR 0.666 | H_m0 0.66 H_m1 1.49 | a-0.0035 c0.6558 ent0.0032 VRAM 35MB
Ep 3850 | M0_PDR 0.626 | M1_PDR 0.691 | H_m0 0.64 H_m1 1.49 | a-0.0034 c0.6363 ent0.0031 VRAM 35MB
Ep 3900 | M0_PDR 0.604 | M1_PDR 0.676 | H_m0 0.69 H_m1 1.52 | a-0.0035 c0.6128 ent0.0030 VRAM 35MB
Ep 3950 | M0_PDR 0.625 | M1_PDR 0.655 | H_m0 0.73 H_m1 1.52 | a-0.0035 c0.6536 ent0.0029 VRAM 35MB
Ep 4000 | M0_PDR 0.605 | M1_PDR 0.676 | H_m0 0.71 H_m1 1.49 | a-0.0033 c0.6230 ent0.0028 VRAM 35MB
Ep 4050 | M0_PDR 0.595 | M1_PDR 0.676 | H_m0 0.73 H_m1 1.48 | a-0.0033 c0.5931 ent0.0027 VRAM 35MB
Ep 4100 | M0_PDR 0.613 | M1_PDR 0.672 | H_m0 0.73 H_m1 1.48 | a-0.0031 c0.6291 ent0.0026 VRAM 35MB
Ep 4150 | M0_PDR 0.633 | M1_PDR 0.686 | H_m0 0.68 H_m1 1.46 | a-0.0028 c0.6294 ent0.0025 VRAM 35MB
Ep 4200 | M0_PDR 0.623 | M1_PDR 0.685 | H_m0 0.70 H_m1 1.45 | a-0.0028 c0.6222 ent0.0024 VRAM 35MB
Ep 4250 | M0_PDR 0.605 | M1_PDR 0.667 | H_m0 0.71 H_m1 1.47 | a-0.0026 c0.6075 ent0.0023 VRAM 35MB
Ep 4300 | M0_PDR 0.627 | M1_PDR 0.696 | H_m0 0.73 H_m1 1.45 | a-0.0026 c0.6429 ent0.0023 VRAM 35MB
Ep 4350 | M0_PDR 0.588 | M1_PDR 0.677 | H_m0 0.73 H_m1 1.44 | a-0.0024 c0.5806 ent0.0022 VRAM 35MB
Ep 4400 | M0_PDR 0.580 | M1_PDR 0.698 | H_m0 0.72 H_m1 1.42 | a-0.0024 c0.5847 ent0.0021 VRAM 35MB
Ep 4450 | M0_PDR 0.622 | M1_PDR 0.687 | H_m0 0.70 H_m1 1.42 | a-0.0022 c0.6376 ent0.0020 VRAM 35MB
Ep 4500 | M0_PDR 0.664 | M1_PDR 0.691 | H_m0 0.68 H_m1 1.42 | a-0.0021 c0.6771 ent0.0019 VRAM 35MB
Ep 4550 | M0_PDR 0.620 | M1_PDR 0.675 | H_m0 0.69 H_m1 1.43 | a-0.0020 c0.6310 ent0.0018 VRAM 35MB
Ep 4600 | M0_PDR 0.619 | M1_PDR 0.699 | H_m0 0.69 H_m1 1.44 | a-0.0019 c0.6232 ent0.0017 VRAM 35MB
Ep 4650 | M0_PDR 0.622 | M1_PDR 0.696 | H_m0 0.67 H_m1 1.43 | a-0.0018 c0.6289 ent0.0016 VRAM 35MB
Ep 4700 | M0_PDR 0.640 | M1_PDR 0.699 | H_m0 0.67 H_m1 1.42 | a-0.0017 c0.6574 ent0.0015 VRAM 35MB
Ep 4750 | M0_PDR 0.619 | M1_PDR 0.669 | H_m0 0.68 H_m1 1.43 | a-0.0016 c0.6315 ent0.0014 VRAM 35MB
Ep 4800 | M0_PDR 0.640 | M1_PDR 0.707 | H_m0 0.67 H_m1 1.40 | a-0.0014 c0.6482 ent0.0014 VRAM 35MB
Ep 4850 | M0_PDR 0.637 | M1_PDR 0.685 | H_m0 0.67 H_m1 1.42 | a-0.0014 c0.6561 ent0.0013 VRAM 35MB
Ep 4900 | M0_PDR 0.622 | M1_PDR 0.681 | H_m0 0.68 H_m1 1.43 | a-0.0013 c0.6239 ent0.0012 VRAM 35MB
Ep 4950 | M0_PDR 0.641 | M1_PDR 0.668 | H_m0 0.68 H_m1 1.43 | a-0.0012 c0.6568 ent0.0011 VRAM 35MB

Training complete. Running 100 eval episodes...

  Eval ep   0: M0_PDR=0.617  M1_PDR=0.653
  Eval ep  20: M0_PDR=0.614  M1_PDR=0.710
  Eval ep  40: M0_PDR=0.626  M1_PDR=0.648
  Eval ep  60: M0_PDR=0.635  M1_PDR=0.652
  Eval ep  80: M0_PDR=0.611  M1_PDR=0.716

=== Eval Summary (100 episodes) ===
  M0_PDR_mean         : 0.6152
  M0_PDR_p05 (across) : 0.5871
  M0_PDR_p05 (intra)  : 0.2130
  M1_PDR_mean         : 0.6868
  M0_SINR_mean (dB)   : 4.89
  M1_SINR_mean (dB)   : 8.58
  M0_collision_rate   : 0.866
  M0_collision_within_pool : 0.591
  M1_collision_within_pool : 0.590

Result saved -> results/_A_mode0c_N10_seed3_gaefix_g05_ent01_armP.json
  N=10  rho=2.0  M0_PDR=0.615  M1_PDR=0.687
Checkpoint saved -> checkpoints/A_mode0c_N10_seed3_gaefix_g05_ent01_armP_actors.pt
[NS3Bridge] Shutdown complete.
Run complete.
