[seed] all RNGs seeded with 1
GPU : NVIDIA GeForce RTX 3060
VRAM: 12.9 GB
Device          : cuda:0
Actor M0 params : 21,273
Actor M1 params : 21,273
Critic params   : 110,337
obs_dim=11  action_dim=25  gs_dim=170
M0 count: 7  M1 count: 8
Training for 5000 episodes (Config A_N15_seed1_5000ep, N=15)...

[NS3Bridge] Connected tcp://localhost:6626
Ep    0 | M0_PDR 0.513 | M1_PDR 0.519 | H_m0 3.21 H_m1 3.21 | a-0.1648 c19.9009 ent0.0500 VRAM 41MB
Ep   50 | M0_PDR 0.588 | M1_PDR 0.491 | H_m0 2.76 H_m1 3.20 | a-0.1496 c7.6371 ent0.0495 VRAM 41MB
Ep  100 | M0_PDR 0.576 | M1_PDR 0.467 | H_m0 2.67 H_m1 3.21 | a-0.1458 c5.1539 ent0.0490 VRAM 41MB
Ep  150 | M0_PDR 0.609 | M1_PDR 0.439 | H_m0 2.68 H_m1 3.21 | a-0.1444 c4.2931 ent0.0485 VRAM 41MB
Ep  200 | M0_PDR 0.605 | M1_PDR 0.475 | H_m0 2.69 H_m1 3.21 | a-0.1435 c5.9246 ent0.0480 VRAM 41MB
Ep  250 | M0_PDR 0.599 | M1_PDR 0.462 | H_m0 2.71 H_m1 3.20 | a-0.1432 c5.6317 ent0.0475 VRAM 41MB
Ep  300 | M0_PDR 0.595 | M1_PDR 0.523 | H_m0 2.55 H_m1 3.15 | a-0.1364 c4.8300 ent0.0471 VRAM 41MB
Ep  350 | M0_PDR 0.575 | M1_PDR 0.501 | H_m0 2.66 H_m1 3.18 | a-0.1379 c4.5887 ent0.0466 VRAM 41MB
Ep  400 | M0_PDR 0.620 | M1_PDR 0.482 | H_m0 2.57 H_m1 3.20 | a-0.1343 c5.7366 ent0.0461 VRAM 41MB
Ep  450 | M0_PDR 0.602 | M1_PDR 0.494 | H_m0 2.55 H_m1 3.17 | a-0.1323 c5.2068 ent0.0456 VRAM 41MB
Ep  500 | M0_PDR 0.620 | M1_PDR 0.497 | H_m0 2.51 H_m1 3.19 | a-0.1309 c3.2170 ent0.0451 VRAM 41MB
Ep  550 | M0_PDR 0.600 | M1_PDR 0.474 | H_m0 2.50 H_m1 3.17 | a-0.1283 c4.0081 ent0.0446 VRAM 41MB
Ep  600 | M0_PDR 0.624 | M1_PDR 0.494 | H_m0 2.36 H_m1 3.15 | a-0.1240 c2.9816 ent0.0441 VRAM 41MB
Ep  650 | M0_PDR 0.612 | M1_PDR 0.481 | H_m0 2.37 H_m1 3.18 | a-0.1228 c4.2528 ent0.0436 VRAM 41MB
Ep  700 | M0_PDR 0.635 | M1_PDR 0.489 | H_m0 2.44 H_m1 3.17 | a-0.1225 c4.0864 ent0.0431 VRAM 41MB
Ep  750 | M0_PDR 0.619 | M1_PDR 0.491 | H_m0 2.22 H_m1 3.14 | a-0.1169 c3.1078 ent0.0426 VRAM 41MB
Ep  800 | M0_PDR 0.614 | M1_PDR 0.480 | H_m0 2.30 H_m1 3.08 | a-0.1153 c3.3102 ent0.0422 VRAM 41MB
Ep  850 | M0_PDR 0.625 | M1_PDR 0.483 | H_m0 2.17 H_m1 3.16 | a-0.1137 c3.3257 ent0.0417 VRAM 41MB
Ep  900 | M0_PDR 0.612 | M1_PDR 0.483 | H_m0 2.46 H_m1 3.13 | a-0.1163 c5.2544 ent0.0412 VRAM 41MB
Ep  950 | M0_PDR 0.625 | M1_PDR 0.470 | H_m0 2.39 H_m1 3.16 | a-0.1148 c5.0162 ent0.0407 VRAM 41MB
Ep 1000 | M0_PDR 0.600 | M1_PDR 0.517 | H_m0 2.31 H_m1 3.12 | a-0.1108 c4.0886 ent0.0402 VRAM 41MB
Ep 1050 | M0_PDR 0.617 | M1_PDR 0.487 | H_m0 2.29 H_m1 3.14 | a-0.1096 c3.6661 ent0.0397 VRAM 41MB
Ep 1100 | M0_PDR 0.622 | M1_PDR 0.492 | H_m0 2.18 H_m1 3.13 | a-0.1063 c2.7507 ent0.0392 VRAM 41MB
Ep 1150 | M0_PDR 0.621 | M1_PDR 0.505 | H_m0 2.28 H_m1 3.13 | a-0.1073 c2.6542 ent0.0387 VRAM 41MB
Ep 1200 | M0_PDR 0.611 | M1_PDR 0.503 | H_m0 2.25 H_m1 3.15 | a-0.1044 c2.7436 ent0.0382 VRAM 41MB
Ep 1250 | M0_PDR 0.620 | M1_PDR 0.489 | H_m0 2.27 H_m1 3.15 | a-0.1033 c2.6269 ent0.0377 VRAM 41MB
Ep 1300 | M0_PDR 0.601 | M1_PDR 0.522 | H_m0 2.33 H_m1 3.08 | a-0.1023 c2.7388 ent0.0373 VRAM 41MB
Ep 1350 | M0_PDR 0.631 | M1_PDR 0.504 | H_m0 2.25 H_m1 3.13 | a-0.1000 c2.4488 ent0.0368 VRAM 41MB
Ep 1400 | M0_PDR 0.607 | M1_PDR 0.491 | H_m0 2.05 H_m1 3.16 | a-0.0969 c3.0069 ent0.0363 VRAM 41MB
Ep 1450 | M0_PDR 0.621 | M1_PDR 0.511 | H_m0 2.15 H_m1 3.12 | a-0.0958 c2.6334 ent0.0358 VRAM 41MB
Ep 1500 | M0_PDR 0.626 | M1_PDR 0.503 | H_m0 2.26 H_m1 3.11 | a-0.0965 c2.4728 ent0.0353 VRAM 41MB
Ep 1550 | M0_PDR 0.615 | M1_PDR 0.524 | H_m0 2.25 H_m1 3.06 | a-0.0939 c3.2662 ent0.0348 VRAM 41MB
Ep 1600 | M0_PDR 0.624 | M1_PDR 0.514 | H_m0 2.23 H_m1 3.08 | a-0.0925 c3.8275 ent0.0343 VRAM 41MB
Ep 1650 | M0_PDR 0.603 | M1_PDR 0.489 | H_m0 1.99 H_m1 3.10 | a-0.0888 c3.5716 ent0.0338 VRAM 41MB
Ep 1700 | M0_PDR 0.616 | M1_PDR 0.524 | H_m0 2.29 H_m1 3.14 | a-0.0916 c2.5271 ent0.0333 VRAM 41MB
Ep 1750 | M0_PDR 0.618 | M1_PDR 0.500 | H_m0 2.20 H_m1 3.13 | a-0.0896 c2.1727 ent0.0328 VRAM 41MB
Ep 1800 | M0_PDR 0.623 | M1_PDR 0.504 | H_m0 2.09 H_m1 3.09 | a-0.0858 c2.0808 ent0.0324 VRAM 41MB
Ep 1850 | M0_PDR 0.644 | M1_PDR 0.489 | H_m0 2.06 H_m1 3.15 | a-0.0845 c3.2735 ent0.0319 VRAM 41MB
Ep 1900 | M0_PDR 0.630 | M1_PDR 0.491 | H_m0 2.02 H_m1 3.14 | a-0.0824 c3.2381 ent0.0314 VRAM 41MB
Ep 1950 | M0_PDR 0.591 | M1_PDR 0.518 | H_m0 2.09 H_m1 3.11 | a-0.0820 c2.2761 ent0.0309 VRAM 41MB
Ep 2000 | M0_PDR 0.608 | M1_PDR 0.505 | H_m0 1.98 H_m1 3.11 | a-0.0787 c2.6564 ent0.0304 VRAM 41MB
Ep 2050 | M0_PDR 0.598 | M1_PDR 0.496 | H_m0 2.13 H_m1 3.08 | a-0.0799 c2.8897 ent0.0299 VRAM 41MB
Ep 2100 | M0_PDR 0.630 | M1_PDR 0.522 | H_m0 2.11 H_m1 3.04 | a-0.0771 c2.1746 ent0.0294 VRAM 41MB
Ep 2150 | M0_PDR 0.603 | M1_PDR 0.513 | H_m0 1.97 H_m1 2.97 | a-0.0728 c3.2415 ent0.0289 VRAM 41MB
Ep 2200 | M0_PDR 0.620 | M1_PDR 0.516 | H_m0 1.99 H_m1 3.05 | a-0.0732 c2.1170 ent0.0284 VRAM 41MB
Ep 2250 | M0_PDR 0.608 | M1_PDR 0.534 | H_m0 1.92 H_m1 2.99 | a-0.0703 c2.2307 ent0.0279 VRAM 41MB
Ep 2300 | M0_PDR 0.629 | M1_PDR 0.513 | H_m0 1.93 H_m1 3.08 | a-0.0706 c2.2543 ent0.0275 VRAM 41MB
Ep 2350 | M0_PDR 0.634 | M1_PDR 0.507 | H_m0 2.04 H_m1 3.06 | a-0.0702 c2.3746 ent0.0270 VRAM 41MB
Ep 2400 | M0_PDR 0.612 | M1_PDR 0.496 | H_m0 1.93 H_m1 3.04 | a-0.0671 c2.3221 ent0.0265 VRAM 41MB
Ep 2450 | M0_PDR 0.630 | M1_PDR 0.531 | H_m0 1.97 H_m1 3.05 | a-0.0664 c2.0096 ent0.0260 VRAM 41MB
Ep 2500 | M0_PDR 0.617 | M1_PDR 0.543 | H_m0 2.03 H_m1 2.99 | a-0.0654 c2.2660 ent0.0255 VRAM 41MB
Ep 2550 | M0_PDR 0.629 | M1_PDR 0.536 | H_m0 1.99 H_m1 3.03 | a-0.0639 c2.1722 ent0.0250 VRAM 41MB
Ep 2600 | M0_PDR 0.619 | M1_PDR 0.501 | H_m0 2.04 H_m1 3.05 | a-0.0632 c2.3148 ent0.0245 VRAM 41MB
Ep 2650 | M0_PDR 0.610 | M1_PDR 0.514 | H_m0 2.12 H_m1 3.04 | a-0.0628 c2.6286 ent0.0240 VRAM 41MB
Ep 2700 | M0_PDR 0.637 | M1_PDR 0.543 | H_m0 1.92 H_m1 3.02 | a-0.0592 c2.3640 ent0.0235 VRAM 41MB
Ep 2750 | M0_PDR 0.619 | M1_PDR 0.535 | H_m0 1.92 H_m1 2.93 | a-0.0571 c2.3200 ent0.0230 VRAM 41MB
Ep 2800 | M0_PDR 0.617 | M1_PDR 0.523 | H_m0 1.92 H_m1 3.01 | a-0.0567 c2.2589 ent0.0226 VRAM 41MB
Ep 2850 | M0_PDR 0.614 | M1_PDR 0.522 | H_m0 1.92 H_m1 3.01 | a-0.0557 c2.4157 ent0.0221 VRAM 41MB
Ep 2900 | M0_PDR 0.606 | M1_PDR 0.533 | H_m0 1.94 H_m1 3.05 | a-0.0547 c2.4344 ent0.0216 VRAM 41MB
Ep 2950 | M0_PDR 0.619 | M1_PDR 0.517 | H_m0 1.76 H_m1 2.96 | a-0.0509 c2.4108 ent0.0211 VRAM 41MB
Ep 3000 | M0_PDR 0.630 | M1_PDR 0.542 | H_m0 1.79 H_m1 2.97 | a-0.0504 c2.2929 ent0.0206 VRAM 41MB
Ep 3050 | M0_PDR 0.625 | M1_PDR 0.555 | H_m0 1.93 H_m1 2.96 | a-0.0500 c2.5826 ent0.0201 VRAM 41MB
Ep 3100 | M0_PDR 0.633 | M1_PDR 0.528 | H_m0 1.87 H_m1 2.96 | a-0.0485 c2.4200 ent0.0196 VRAM 41MB
Ep 3150 | M0_PDR 0.613 | M1_PDR 0.545 | H_m0 1.87 H_m1 2.92 | a-0.0466 c2.2396 ent0.0191 VRAM 41MB
Ep 3200 | M0_PDR 0.607 | M1_PDR 0.558 | H_m0 1.79 H_m1 2.86 | a-0.0441 c2.2024 ent0.0186 VRAM 41MB
Ep 3250 | M0_PDR 0.615 | M1_PDR 0.547 | H_m0 1.77 H_m1 2.91 | a-0.0433 c2.1259 ent0.0181 VRAM 41MB
Ep 3300 | M0_PDR 0.635 | M1_PDR 0.539 | H_m0 1.74 H_m1 2.92 | a-0.0422 c2.3954 ent0.0177 VRAM 41MB
Ep 3350 | M0_PDR 0.610 | M1_PDR 0.548 | H_m0 1.74 H_m1 2.82 | a-0.0401 c2.6349 ent0.0172 VRAM 41MB
Ep 3400 | M0_PDR 0.624 | M1_PDR 0.527 | H_m0 1.73 H_m1 2.83 | a-0.0388 c2.3641 ent0.0167 VRAM 41MB
Ep 3450 | M0_PDR 0.596 | M1_PDR 0.557 | H_m0 1.74 H_m1 2.75 | a-0.0369 c2.0290 ent0.0162 VRAM 41MB
Ep 3500 | M0_PDR 0.610 | M1_PDR 0.571 | H_m0 1.72 H_m1 2.70 | a-0.0353 c2.2933 ent0.0157 VRAM 41MB
Ep 3550 | M0_PDR 0.608 | M1_PDR 0.544 | H_m0 1.70 H_m1 2.66 | a-0.0339 c2.1563 ent0.0152 VRAM 41MB
Ep 3600 | M0_PDR 0.625 | M1_PDR 0.556 | H_m0 1.74 H_m1 2.74 | a-0.0336 c2.0671 ent0.0147 VRAM 41MB
Ep 3650 | M0_PDR 0.615 | M1_PDR 0.565 | H_m0 1.76 H_m1 2.76 | a-0.0327 c2.5131 ent0.0142 VRAM 41MB
Ep 3700 | M0_PDR 0.619 | M1_PDR 0.557 | H_m0 1.76 H_m1 2.76 | a-0.0317 c2.4344 ent0.0137 VRAM 41MB
Ep 3750 | M0_PDR 0.636 | M1_PDR 0.556 | H_m0 1.75 H_m1 2.76 | a-0.0304 c2.2991 ent0.0132 VRAM 41MB
Ep 3800 | M0_PDR 0.597 | M1_PDR 0.558 | H_m0 1.72 H_m1 2.77 | a-0.0292 c2.1764 ent0.0128 VRAM 41MB
Ep 3850 | M0_PDR 0.599 | M1_PDR 0.564 | H_m0 1.72 H_m1 2.76 | a-0.0279 c2.3177 ent0.0123 VRAM 41MB
Ep 3900 | M0_PDR 0.607 | M1_PDR 0.572 | H_m0 1.78 H_m1 2.75 | a-0.0272 c2.2890 ent0.0118 VRAM 41MB
Ep 3950 | M0_PDR 0.618 | M1_PDR 0.553 | H_m0 1.74 H_m1 2.71 | a-0.0256 c2.1430 ent0.0113 VRAM 41MB
Ep 4000 | M0_PDR 0.610 | M1_PDR 0.567 | H_m0 1.75 H_m1 2.70 | a-0.0244 c2.4391 ent0.0108 VRAM 41MB
Ep 4050 | M0_PDR 0.593 | M1_PDR 0.589 | H_m0 1.73 H_m1 2.68 | a-0.0230 c2.2833 ent0.0103 VRAM 41MB
Ep 4100 | M0_PDR 0.607 | M1_PDR 0.590 | H_m0 1.76 H_m1 2.68 | a-0.0222 c2.4738 ent0.0098 VRAM 41MB
Ep 4150 | M0_PDR 0.617 | M1_PDR 0.581 | H_m0 1.75 H_m1 2.65 | a-0.0209 c2.3145 ent0.0093 VRAM 41MB
Ep 4200 | M0_PDR 0.595 | M1_PDR 0.573 | H_m0 1.72 H_m1 2.63 | a-0.0195 c2.1902 ent0.0088 VRAM 41MB
Ep 4250 | M0_PDR 0.610 | M1_PDR 0.597 | H_m0 1.74 H_m1 2.56 | a-0.0182 c2.1373 ent0.0083 VRAM 41MB
Ep 4300 | M0_PDR 0.585 | M1_PDR 0.596 | H_m0 1.72 H_m1 2.53 | a-0.0170 c2.0912 ent0.0079 VRAM 41MB
Ep 4350 | M0_PDR 0.596 | M1_PDR 0.602 | H_m0 1.73 H_m1 2.51 | a-0.0158 c2.3414 ent0.0074 VRAM 41MB
Ep 4400 | M0_PDR 0.574 | M1_PDR 0.619 | H_m0 1.73 H_m1 2.51 | a-0.0148 c1.9772 ent0.0069 VRAM 41MB
Ep 4450 | M0_PDR 0.578 | M1_PDR 0.609 | H_m0 1.71 H_m1 2.47 | a-0.0136 c2.1213 ent0.0064 VRAM 41MB
Ep 4500 | M0_PDR 0.604 | M1_PDR 0.604 | H_m0 1.72 H_m1 2.44 | a-0.0124 c2.4122 ent0.0059 VRAM 41MB
Ep 4550 | M0_PDR 0.591 | M1_PDR 0.611 | H_m0 1.70 H_m1 2.43 | a-0.0114 c1.9628 ent0.0054 VRAM 41MB
Ep 4600 | M0_PDR 0.615 | M1_PDR 0.606 | H_m0 1.70 H_m1 2.42 | a-0.0103 c2.0111 ent0.0049 VRAM 41MB
Ep 4650 | M0_PDR 0.598 | M1_PDR 0.598 | H_m0 1.69 H_m1 2.41 | a-0.0092 c2.3719 ent0.0044 VRAM 41MB
Ep 4700 | M0_PDR 0.593 | M1_PDR 0.613 | H_m0 1.70 H_m1 2.38 | a-0.0081 c2.0862 ent0.0039 VRAM 41MB
Ep 4750 | M0_PDR 0.607 | M1_PDR 0.623 | H_m0 1.69 H_m1 2.36 | a-0.0071 c2.0428 ent0.0034 VRAM 41MB
Ep 4800 | M0_PDR 0.591 | M1_PDR 0.596 | H_m0 1.70 H_m1 2.36 | a-0.0061 c2.1161 ent0.0030 VRAM 41MB
Ep 4850 | M0_PDR 0.609 | M1_PDR 0.587 | H_m0 1.68 H_m1 2.36 | a-0.0051 c2.4917 ent0.0025 VRAM 41MB
Ep 4900 | M0_PDR 0.600 | M1_PDR 0.621 | H_m0 1.67 H_m1 2.34 | a-0.0040 c2.0036 ent0.0020 VRAM 41MB
Ep 4950 | M0_PDR 0.615 | M1_PDR 0.619 | H_m0 1.68 H_m1 2.32 | a-0.0030 c2.4262 ent0.0015 VRAM 41MB

Training complete. Running 100 eval episodes...

  Eval ep   0: M0_PDR=0.588  M1_PDR=0.591
  Eval ep  20: M0_PDR=0.588  M1_PDR=0.616
  Eval ep  40: M0_PDR=0.592  M1_PDR=0.619
  Eval ep  60: M0_PDR=0.584  M1_PDR=0.618
  Eval ep  80: M0_PDR=0.595  M1_PDR=0.605

=== Eval Summary (100 episodes) ===
  M0_PDR_mean         : 0.5934
  M0_PDR_p05 (across) : 0.5743
  M0_PDR_p05 (intra)  : 0.2957
  M1_PDR_mean         : 0.6142
  M0_SINR_mean (dB)   : 2.69
  M1_SINR_mean (dB)   : 3.20
  M0_collision_rate   : 0.956
  M0_collision_within_pool : 0.738
  M1_collision_within_pool : 0.791

Result saved -> results/_A_N15_seed1_5000ep.json
  N=15  rho=3.0  M0_PDR=0.593  M1_PDR=0.614
[NS3Bridge] Shutdown complete.
Run complete.
