[seed] all RNGs seeded with 2
GPU : NVIDIA GeForce RTX 3060
VRAM: 12.9 GB
Device          : cuda:0
Actor M0 params : 21,273
Actor M1 params : 21,273
Critic params   : 96,257
obs_dim=11  action_dim=25  gs_dim=115
M0 count: 5  M1 count: 5
Training for 5000 episodes (Config A_N10_delta10_seed2, N=10)...

[NS3Bridge] Connected tcp://localhost:6026
Ep    0 | M0_PDR 0.512 | M1_PDR 0.558 | H_m0 3.22 H_m1 3.22 | a-0.1642 c45.4589 ent0.0500 VRAM 33MB
Ep   50 | M0_PDR 0.556 | M1_PDR 0.601 | H_m0 3.16 H_m1 3.17 | a-0.1578 c16.8306 ent0.0495 VRAM 33MB
Ep  100 | M0_PDR 0.553 | M1_PDR 0.596 | H_m0 3.03 H_m1 3.09 | a-0.1514 c11.4789 ent0.0490 VRAM 33MB
Ep  150 | M0_PDR 0.521 | M1_PDR 0.633 | H_m0 3.04 H_m1 2.97 | a-0.1472 c13.3898 ent0.0485 VRAM 33MB
Ep  200 | M0_PDR 0.567 | M1_PDR 0.615 | H_m0 2.92 H_m1 2.89 | a-0.1413 c8.1708 ent0.0480 VRAM 33MB
Ep  250 | M0_PDR 0.571 | M1_PDR 0.599 | H_m0 2.94 H_m1 2.96 | a-0.1411 c8.8333 ent0.0475 VRAM 33MB
Ep  300 | M0_PDR 0.569 | M1_PDR 0.644 | H_m0 2.90 H_m1 2.90 | a-0.1371 c6.6287 ent0.0471 VRAM 33MB
Ep  350 | M0_PDR 0.602 | M1_PDR 0.574 | H_m0 2.82 H_m1 2.96 | a-0.1359 c6.4265 ent0.0466 VRAM 33MB
Ep  400 | M0_PDR 0.593 | M1_PDR 0.629 | H_m0 2.87 H_m1 2.81 | a-0.1328 c4.4703 ent0.0461 VRAM 33MB
Ep  450 | M0_PDR 0.571 | M1_PDR 0.640 | H_m0 2.69 H_m1 2.72 | a-0.1250 c3.3754 ent0.0456 VRAM 33MB
Ep  500 | M0_PDR 0.564 | M1_PDR 0.620 | H_m0 2.84 H_m1 2.95 | a-0.1316 c6.9291 ent0.0451 VRAM 33MB
Ep  550 | M0_PDR 0.589 | M1_PDR 0.640 | H_m0 2.76 H_m1 2.83 | a-0.1250 c5.7947 ent0.0446 VRAM 33MB
Ep  600 | M0_PDR 0.591 | M1_PDR 0.661 | H_m0 2.62 H_m1 2.70 | a-0.1187 c4.9068 ent0.0441 VRAM 33MB
Ep  650 | M0_PDR 0.597 | M1_PDR 0.626 | H_m0 2.77 H_m1 2.82 | a-0.1222 c3.1434 ent0.0436 VRAM 33MB
Ep  700 | M0_PDR 0.605 | M1_PDR 0.647 | H_m0 2.76 H_m1 2.78 | a-0.1202 c2.7386 ent0.0431 VRAM 33MB
Ep  750 | M0_PDR 0.537 | M1_PDR 0.668 | H_m0 2.70 H_m1 2.75 | a-0.1166 c6.4155 ent0.0426 VRAM 33MB
Ep  800 | M0_PDR 0.623 | M1_PDR 0.643 | H_m0 2.50 H_m1 2.69 | a-0.1105 c2.9595 ent0.0422 VRAM 33MB
Ep  850 | M0_PDR 0.579 | M1_PDR 0.654 | H_m0 2.62 H_m1 2.75 | a-0.1125 c2.7462 ent0.0417 VRAM 33MB
Ep  900 | M0_PDR 0.577 | M1_PDR 0.632 | H_m0 2.43 H_m1 2.66 | a-0.1065 c2.7164 ent0.0412 VRAM 33MB
Ep  950 | M0_PDR 0.561 | M1_PDR 0.641 | H_m0 2.63 H_m1 2.80 | a-0.1113 c4.9471 ent0.0407 VRAM 33MB
Ep 1000 | M0_PDR 0.553 | M1_PDR 0.634 | H_m0 2.65 H_m1 2.71 | a-0.1085 c3.8730 ent0.0402 VRAM 33MB
Ep 1050 | M0_PDR 0.590 | M1_PDR 0.635 | H_m0 2.48 H_m1 2.57 | a-0.1011 c3.9007 ent0.0397 VRAM 33MB
Ep 1100 | M0_PDR 0.610 | M1_PDR 0.636 | H_m0 2.44 H_m1 2.76 | a-0.1025 c2.3290 ent0.0392 VRAM 33MB
Ep 1150 | M0_PDR 0.581 | M1_PDR 0.652 | H_m0 2.42 H_m1 2.57 | a-0.0975 c3.4161 ent0.0387 VRAM 33MB
Ep 1200 | M0_PDR 0.565 | M1_PDR 0.634 | H_m0 2.45 H_m1 2.55 | a-0.0961 c2.4321 ent0.0382 VRAM 33MB
Ep 1250 | M0_PDR 0.568 | M1_PDR 0.642 | H_m0 2.60 H_m1 2.58 | a-0.0991 c2.1480 ent0.0377 VRAM 33MB
Ep 1300 | M0_PDR 0.594 | M1_PDR 0.630 | H_m0 2.49 H_m1 2.40 | a-0.0929 c2.8483 ent0.0373 VRAM 33MB
Ep 1350 | M0_PDR 0.606 | M1_PDR 0.654 | H_m0 2.35 H_m1 2.38 | a-0.0881 c1.9748 ent0.0368 VRAM 33MB
Ep 1400 | M0_PDR 0.620 | M1_PDR 0.651 | H_m0 2.24 H_m1 2.57 | a-0.0881 c2.6232 ent0.0363 VRAM 33MB
Ep 1450 | M0_PDR 0.600 | M1_PDR 0.635 | H_m0 2.44 H_m1 2.50 | a-0.0893 c2.4460 ent0.0358 VRAM 33MB
Ep 1500 | M0_PDR 0.589 | M1_PDR 0.638 | H_m0 2.25 H_m1 2.46 | a-0.0844 c2.7636 ent0.0353 VRAM 33MB
Ep 1550 | M0_PDR 0.604 | M1_PDR 0.625 | H_m0 2.45 H_m1 2.59 | a-0.0891 c2.4093 ent0.0348 VRAM 33MB
Ep 1600 | M0_PDR 0.592 | M1_PDR 0.648 | H_m0 2.26 H_m1 2.28 | a-0.0785 c3.3140 ent0.0343 VRAM 33MB
Ep 1650 | M0_PDR 0.613 | M1_PDR 0.661 | H_m0 2.43 H_m1 2.55 | a-0.0857 c2.5123 ent0.0338 VRAM 33MB
Ep 1700 | M0_PDR 0.598 | M1_PDR 0.663 | H_m0 2.22 H_m1 2.31 | a-0.0765 c3.2079 ent0.0333 VRAM 33MB
Ep 1750 | M0_PDR 0.602 | M1_PDR 0.680 | H_m0 2.26 H_m1 2.42 | a-0.0783 c3.3076 ent0.0328 VRAM 33MB
Ep 1800 | M0_PDR 0.588 | M1_PDR 0.655 | H_m0 2.36 H_m1 2.37 | a-0.0770 c2.8034 ent0.0324 VRAM 33MB
Ep 1850 | M0_PDR 0.586 | M1_PDR 0.659 | H_m0 2.20 H_m1 2.43 | a-0.0750 c2.3300 ent0.0319 VRAM 33MB
Ep 1900 | M0_PDR 0.609 | M1_PDR 0.643 | H_m0 2.28 H_m1 2.47 | a-0.0753 c2.2877 ent0.0314 VRAM 33MB
Ep 1950 | M0_PDR 0.571 | M1_PDR 0.634 | H_m0 2.35 H_m1 2.44 | a-0.0744 c2.7014 ent0.0309 VRAM 33MB
Ep 2000 | M0_PDR 0.607 | M1_PDR 0.664 | H_m0 2.19 H_m1 2.40 | a-0.0709 c4.0843 ent0.0304 VRAM 33MB
Ep 2050 | M0_PDR 0.613 | M1_PDR 0.661 | H_m0 2.00 H_m1 2.43 | a-0.0681 c2.2554 ent0.0299 VRAM 33MB
Ep 2100 | M0_PDR 0.598 | M1_PDR 0.628 | H_m0 2.08 H_m1 2.44 | a-0.0672 c2.8287 ent0.0294 VRAM 33MB
Ep 2150 | M0_PDR 0.618 | M1_PDR 0.656 | H_m0 2.25 H_m1 2.47 | a-0.0693 c2.8267 ent0.0289 VRAM 33MB
Ep 2200 | M0_PDR 0.607 | M1_PDR 0.657 | H_m0 2.14 H_m1 2.44 | a-0.0659 c2.3930 ent0.0284 VRAM 33MB
Ep 2250 | M0_PDR 0.606 | M1_PDR 0.670 | H_m0 2.11 H_m1 2.33 | a-0.0624 c2.2985 ent0.0279 VRAM 33MB
Ep 2300 | M0_PDR 0.627 | M1_PDR 0.690 | H_m0 2.18 H_m1 2.44 | a-0.0639 c2.7071 ent0.0275 VRAM 33MB
Ep 2350 | M0_PDR 0.621 | M1_PDR 0.635 | H_m0 2.20 H_m1 2.40 | a-0.0623 c3.1146 ent0.0270 VRAM 33MB
Ep 2400 | M0_PDR 0.615 | M1_PDR 0.665 | H_m0 2.21 H_m1 2.45 | a-0.0622 c2.5088 ent0.0265 VRAM 33MB
Ep 2450 | M0_PDR 0.593 | M1_PDR 0.670 | H_m0 2.12 H_m1 2.30 | a-0.0576 c2.5108 ent0.0260 VRAM 33MB
Ep 2500 | M0_PDR 0.610 | M1_PDR 0.678 | H_m0 2.17 H_m1 2.18 | a-0.0564 c2.3466 ent0.0255 VRAM 33MB
Ep 2550 | M0_PDR 0.598 | M1_PDR 0.639 | H_m0 2.23 H_m1 2.24 | a-0.0564 c2.4498 ent0.0250 VRAM 33MB
Ep 2600 | M0_PDR 0.616 | M1_PDR 0.692 | H_m0 2.03 H_m1 2.20 | a-0.0521 c2.3736 ent0.0245 VRAM 33MB
Ep 2650 | M0_PDR 0.597 | M1_PDR 0.682 | H_m0 2.05 H_m1 2.12 | a-0.0505 c2.4427 ent0.0240 VRAM 33MB
Ep 2700 | M0_PDR 0.601 | M1_PDR 0.697 | H_m0 2.12 H_m1 2.18 | a-0.0510 c3.0559 ent0.0235 VRAM 33MB
Ep 2750 | M0_PDR 0.589 | M1_PDR 0.668 | H_m0 1.98 H_m1 2.14 | a-0.0479 c3.0256 ent0.0230 VRAM 33MB
Ep 2800 | M0_PDR 0.605 | M1_PDR 0.678 | H_m0 1.98 H_m1 2.20 | a-0.0479 c2.4857 ent0.0226 VRAM 33MB
Ep 2850 | M0_PDR 0.632 | M1_PDR 0.706 | H_m0 2.04 H_m1 2.12 | a-0.0462 c2.9512 ent0.0221 VRAM 33MB
Ep 2900 | M0_PDR 0.619 | M1_PDR 0.657 | H_m0 1.97 H_m1 2.10 | a-0.0443 c2.3127 ent0.0216 VRAM 33MB
Ep 2950 | M0_PDR 0.619 | M1_PDR 0.658 | H_m0 1.99 H_m1 2.02 | a-0.0431 c2.3047 ent0.0211 VRAM 33MB
Ep 3000 | M0_PDR 0.610 | M1_PDR 0.682 | H_m0 1.94 H_m1 2.08 | a-0.0420 c2.2730 ent0.0206 VRAM 33MB
Ep 3050 | M0_PDR 0.622 | M1_PDR 0.696 | H_m0 1.84 H_m1 2.06 | a-0.0397 c2.5013 ent0.0201 VRAM 33MB
Ep 3100 | M0_PDR 0.618 | M1_PDR 0.674 | H_m0 1.85 H_m1 1.96 | a-0.0375 c2.2657 ent0.0196 VRAM 33MB
Ep 3150 | M0_PDR 0.608 | M1_PDR 0.684 | H_m0 1.87 H_m1 2.01 | a-0.0375 c2.8274 ent0.0191 VRAM 33MB
Ep 3200 | M0_PDR 0.625 | M1_PDR 0.663 | H_m0 1.83 H_m1 2.06 | a-0.0366 c2.0883 ent0.0186 VRAM 33MB
Ep 3250 | M0_PDR 0.621 | M1_PDR 0.668 | H_m0 1.95 H_m1 2.01 | a-0.0364 c2.6968 ent0.0181 VRAM 33MB
Ep 3300 | M0_PDR 0.616 | M1_PDR 0.694 | H_m0 1.99 H_m1 1.96 | a-0.0352 c2.3580 ent0.0177 VRAM 33MB
Ep 3350 | M0_PDR 0.599 | M1_PDR 0.679 | H_m0 1.92 H_m1 1.94 | a-0.0333 c3.6616 ent0.0172 VRAM 33MB
Ep 3400 | M0_PDR 0.633 | M1_PDR 0.705 | H_m0 1.88 H_m1 1.98 | a-0.0327 c2.4311 ent0.0167 VRAM 33MB
Ep 3450 | M0_PDR 0.606 | M1_PDR 0.687 | H_m0 1.88 H_m1 2.06 | a-0.0323 c2.9316 ent0.0162 VRAM 33MB
Ep 3500 | M0_PDR 0.597 | M1_PDR 0.697 | H_m0 1.91 H_m1 2.03 | a-0.0311 c2.5649 ent0.0157 VRAM 33MB
Ep 3550 | M0_PDR 0.625 | M1_PDR 0.662 | H_m0 1.86 H_m1 2.02 | a-0.0297 c2.1281 ent0.0152 VRAM 33MB
Ep 3600 | M0_PDR 0.614 | M1_PDR 0.663 | H_m0 1.87 H_m1 2.00 | a-0.0287 c2.1289 ent0.0147 VRAM 33MB
Ep 3650 | M0_PDR 0.618 | M1_PDR 0.675 | H_m0 1.83 H_m1 1.88 | a-0.0267 c2.5154 ent0.0142 VRAM 33MB
Ep 3700 | M0_PDR 0.643 | M1_PDR 0.696 | H_m0 1.84 H_m1 1.84 | a-0.0258 c2.1889 ent0.0137 VRAM 33MB
Ep 3750 | M0_PDR 0.596 | M1_PDR 0.688 | H_m0 1.86 H_m1 1.85 | a-0.0247 c2.5023 ent0.0132 VRAM 33MB
Ep 3800 | M0_PDR 0.614 | M1_PDR 0.712 | H_m0 1.88 H_m1 1.85 | a-0.0243 c2.4495 ent0.0128 VRAM 33MB
Ep 3850 | M0_PDR 0.611 | M1_PDR 0.668 | H_m0 1.82 H_m1 1.85 | a-0.0225 c1.7658 ent0.0123 VRAM 33MB
Ep 3900 | M0_PDR 0.598 | M1_PDR 0.687 | H_m0 1.80 H_m1 1.83 | a-0.0214 c2.2699 ent0.0118 VRAM 33MB
Ep 3950 | M0_PDR 0.616 | M1_PDR 0.679 | H_m0 1.77 H_m1 1.82 | a-0.0203 c2.3201 ent0.0113 VRAM 33MB
Ep 4000 | M0_PDR 0.594 | M1_PDR 0.681 | H_m0 1.77 H_m1 1.82 | a-0.0194 c2.6944 ent0.0108 VRAM 33MB
Ep 4050 | M0_PDR 0.584 | M1_PDR 0.674 | H_m0 1.75 H_m1 1.79 | a-0.0184 c2.7344 ent0.0103 VRAM 33MB
Ep 4100 | M0_PDR 0.618 | M1_PDR 0.654 | H_m0 1.75 H_m1 1.80 | a-0.0174 c2.2319 ent0.0098 VRAM 33MB
Ep 4150 | M0_PDR 0.631 | M1_PDR 0.684 | H_m0 1.74 H_m1 1.79 | a-0.0166 c2.2894 ent0.0093 VRAM 33MB
Ep 4200 | M0_PDR 0.637 | M1_PDR 0.696 | H_m0 1.73 H_m1 1.79 | a-0.0157 c2.6403 ent0.0088 VRAM 33MB
Ep 4250 | M0_PDR 0.612 | M1_PDR 0.660 | H_m0 1.73 H_m1 1.79 | a-0.0147 c2.7281 ent0.0083 VRAM 33MB
Ep 4300 | M0_PDR 0.623 | M1_PDR 0.700 | H_m0 1.74 H_m1 1.79 | a-0.0139 c2.6224 ent0.0079 VRAM 33MB
Ep 4350 | M0_PDR 0.586 | M1_PDR 0.665 | H_m0 1.73 H_m1 1.79 | a-0.0130 c2.4468 ent0.0074 VRAM 33MB
Ep 4400 | M0_PDR 0.625 | M1_PDR 0.684 | H_m0 1.72 H_m1 1.78 | a-0.0121 c2.6547 ent0.0069 VRAM 33MB
Ep 4450 | M0_PDR 0.613 | M1_PDR 0.688 | H_m0 1.71 H_m1 1.76 | a-0.0112 c1.9316 ent0.0064 VRAM 33MB
Ep 4500 | M0_PDR 0.627 | M1_PDR 0.686 | H_m0 1.71 H_m1 1.76 | a-0.0102 c2.5875 ent0.0059 VRAM 33MB
Ep 4550 | M0_PDR 0.636 | M1_PDR 0.682 | H_m0 1.70 H_m1 1.75 | a-0.0094 c2.4201 ent0.0054 VRAM 33MB
Ep 4600 | M0_PDR 0.626 | M1_PDR 0.688 | H_m0 1.69 H_m1 1.76 | a-0.0085 c2.0801 ent0.0049 VRAM 33MB
Ep 4650 | M0_PDR 0.633 | M1_PDR 0.724 | H_m0 1.69 H_m1 1.75 | a-0.0077 c2.4143 ent0.0044 VRAM 33MB
Ep 4700 | M0_PDR 0.641 | M1_PDR 0.709 | H_m0 1.69 H_m1 1.74 | a-0.0068 c2.3279 ent0.0039 VRAM 33MB
Ep 4750 | M0_PDR 0.602 | M1_PDR 0.672 | H_m0 1.68 H_m1 1.74 | a-0.0059 c2.5655 ent0.0034 VRAM 33MB
Ep 4800 | M0_PDR 0.592 | M1_PDR 0.680 | H_m0 1.68 H_m1 1.73 | a-0.0050 c2.3284 ent0.0030 VRAM 33MB
Ep 4850 | M0_PDR 0.597 | M1_PDR 0.687 | H_m0 1.68 H_m1 1.73 | a-0.0042 c2.0639 ent0.0025 VRAM 33MB
Ep 4900 | M0_PDR 0.633 | M1_PDR 0.642 | H_m0 1.68 H_m1 1.73 | a-0.0034 c2.1672 ent0.0020 VRAM 33MB
Ep 4950 | M0_PDR 0.658 | M1_PDR 0.708 | H_m0 1.68 H_m1 1.72 | a-0.0025 c2.8687 ent0.0015 VRAM 33MB

Training complete. Running 100 eval episodes...

  Eval ep   0: M0_PDR=0.634  M1_PDR=0.710
  Eval ep  20: M0_PDR=0.596  M1_PDR=0.678
  Eval ep  40: M0_PDR=0.648  M1_PDR=0.676
  Eval ep  60: M0_PDR=0.624  M1_PDR=0.680
  Eval ep  80: M0_PDR=0.629  M1_PDR=0.701

=== Eval Summary (100 episodes) ===
  M0_PDR_mean         : 0.6171
  M0_PDR_p05 (across) : 0.5880
  M0_PDR_p05 (intra)  : 0.2216
  M1_PDR_mean         : 0.6872
  M0_SINR_mean (dB)   : 5.04
  M1_SINR_mean (dB)   : 8.64
  M0_collision_rate   : 0.865
  M0_collision_within_pool : 0.589
  M1_collision_within_pool : 0.591

Result saved -> results/_A_N10_delta10_seed2.json
  N=10  rho=2.0  M0_PDR=0.617  M1_PDR=0.687
[NS3Bridge] Shutdown complete.
Run complete.
