[seed] all RNGs seeded with 3
GPU : NVIDIA GeForce RTX 3060
VRAM: 12.9 GB
Device          : cuda:0
Actor M0 params : 21,273
Actor M1 params : 21,273
Critic params   : 99,073
obs_dim=11  action_dim=25  gs_dim=115
M0 count: 5  M1 count: 5
Training for 5000 episodes (Config A_N10_seed3_5000ep_gaefix_g05_ent01_as, N=10)...

[NS3Bridge] Connected tcp://localhost:8456
Ep    0 | M0_PDR 0.511 | M1_PDR 0.611 | H_m0 3.22 H_m1 3.22 | a-0.0369 c0.5352 ent0.0100 VRAM 34MB
Ep   50 | M0_PDR 0.611 | M1_PDR 0.685 | H_m0 1.68 H_m1 1.76 | a-0.0172 c0.1536 ent0.0099 VRAM 34MB
Ep  100 | M0_PDR 0.650 | M1_PDR 0.667 | H_m0 1.63 H_m1 1.67 | a-0.0203 c0.1508 ent0.0098 VRAM 34MB
Ep  150 | M0_PDR 0.614 | M1_PDR 0.669 | H_m0 1.62 H_m1 1.65 | a-0.0194 c0.1398 ent0.0097 VRAM 34MB
Ep  200 | M0_PDR 0.632 | M1_PDR 0.699 | H_m0 1.62 H_m1 1.64 | a-0.0174 c0.1244 ent0.0096 VRAM 34MB
Ep  250 | M0_PDR 0.607 | M1_PDR 0.686 | H_m0 1.61 H_m1 1.63 | a-0.0168 c0.1326 ent0.0095 VRAM 34MB
Ep  300 | M0_PDR 0.637 | M1_PDR 0.660 | H_m0 1.61 H_m1 1.63 | a-0.0170 c0.1416 ent0.0095 VRAM 34MB
Ep  350 | M0_PDR 0.588 | M1_PDR 0.660 | H_m0 1.61 H_m1 1.62 | a-0.0132 c0.1454 ent0.0094 VRAM 34MB
Ep  400 | M0_PDR 0.623 | M1_PDR 0.683 | H_m0 1.62 H_m1 1.62 | a-0.0164 c0.1338 ent0.0093 VRAM 34MB
Ep  450 | M0_PDR 0.619 | M1_PDR 0.696 | H_m0 1.61 H_m1 1.64 | a-0.0171 c0.1501 ent0.0092 VRAM 34MB
Ep  500 | M0_PDR 0.627 | M1_PDR 0.724 | H_m0 1.61 H_m1 1.63 | a-0.0124 c0.1354 ent0.0091 VRAM 34MB
Ep  550 | M0_PDR 0.628 | M1_PDR 0.660 | H_m0 1.61 H_m1 1.64 | a-0.0168 c0.1302 ent0.0090 VRAM 34MB
Ep  600 | M0_PDR 0.615 | M1_PDR 0.676 | H_m0 1.61 H_m1 1.64 | a-0.0180 c0.1414 ent0.0089 VRAM 34MB
Ep  650 | M0_PDR 0.616 | M1_PDR 0.712 | H_m0 1.61 H_m1 1.63 | a-0.0161 c0.1485 ent0.0088 VRAM 34MB
Ep  700 | M0_PDR 0.620 | M1_PDR 0.652 | H_m0 1.62 H_m1 1.62 | a-0.0146 c0.1255 ent0.0087 VRAM 34MB
Ep  750 | M0_PDR 0.622 | M1_PDR 0.706 | H_m0 1.61 H_m1 1.62 | a-0.0147 c0.1384 ent0.0086 VRAM 34MB
Ep  800 | M0_PDR 0.611 | M1_PDR 0.684 | H_m0 1.61 H_m1 1.62 | a-0.0149 c0.1350 ent0.0086 VRAM 34MB
Ep  850 | M0_PDR 0.620 | M1_PDR 0.707 | H_m0 1.62 H_m1 1.62 | a-0.0144 c0.1447 ent0.0085 VRAM 34MB
Ep  900 | M0_PDR 0.611 | M1_PDR 0.704 | H_m0 1.62 H_m1 1.64 | a-0.0138 c0.1521 ent0.0084 VRAM 34MB
Ep  950 | M0_PDR 0.646 | M1_PDR 0.661 | H_m0 1.61 H_m1 1.65 | a-0.0150 c0.1222 ent0.0083 VRAM 34MB
Ep 1000 | M0_PDR 0.604 | M1_PDR 0.653 | H_m0 1.63 H_m1 1.63 | a-0.0139 c0.1314 ent0.0082 VRAM 34MB
Ep 1050 | M0_PDR 0.635 | M1_PDR 0.656 | H_m0 1.61 H_m1 1.62 | a-0.0134 c0.1391 ent0.0081 VRAM 34MB
Ep 1100 | M0_PDR 0.601 | M1_PDR 0.680 | H_m0 1.62 H_m1 1.62 | a-0.0139 c0.1367 ent0.0080 VRAM 34MB
Ep 1150 | M0_PDR 0.606 | M1_PDR 0.684 | H_m0 1.61 H_m1 1.62 | a-0.0135 c0.1400 ent0.0079 VRAM 34MB
Ep 1200 | M0_PDR 0.648 | M1_PDR 0.700 | H_m0 1.61 H_m1 1.61 | a-0.0134 c0.1359 ent0.0078 VRAM 34MB
Ep 1250 | M0_PDR 0.588 | M1_PDR 0.679 | H_m0 1.61 H_m1 1.61 | a-0.0151 c0.1445 ent0.0077 VRAM 34MB
Ep 1300 | M0_PDR 0.604 | M1_PDR 0.695 | H_m0 1.61 H_m1 1.62 | a-0.0131 c0.1407 ent0.0077 VRAM 34MB
Ep 1350 | M0_PDR 0.622 | M1_PDR 0.696 | H_m0 1.61 H_m1 1.61 | a-0.0122 c0.1449 ent0.0076 VRAM 34MB
Ep 1400 | M0_PDR 0.643 | M1_PDR 0.716 | H_m0 1.61 H_m1 1.61 | a-0.0130 c0.1239 ent0.0075 VRAM 34MB
Ep 1450 | M0_PDR 0.632 | M1_PDR 0.669 | H_m0 1.62 H_m1 1.63 | a-0.0115 c0.1307 ent0.0074 VRAM 34MB
Ep 1500 | M0_PDR 0.608 | M1_PDR 0.670 | H_m0 1.62 H_m1 1.61 | a-0.0117 c0.1364 ent0.0073 VRAM 34MB
Ep 1550 | M0_PDR 0.625 | M1_PDR 0.668 | H_m0 1.61 H_m1 1.61 | a-0.0134 c0.1375 ent0.0072 VRAM 34MB
Ep 1600 | M0_PDR 0.627 | M1_PDR 0.699 | H_m0 1.61 H_m1 1.62 | a-0.0121 c0.1435 ent0.0071 VRAM 34MB
Ep 1650 | M0_PDR 0.624 | M1_PDR 0.718 | H_m0 1.61 H_m1 1.62 | a-0.0111 c0.1338 ent0.0070 VRAM 34MB
Error: tcpip::Socket::accept() Unable to create listening socket: Address already in use
Quitting (on error).
Ep 1700 | M0_PDR 0.605 | M1_PDR 0.676 | H_m0 1.61 H_m1 1.62 | a-0.0122 c0.1435 ent0.0069 VRAM 34MB
Ep 1750 | M0_PDR 0.615 | M1_PDR 0.667 | H_m0 1.61 H_m1 1.62 | a-0.0107 c0.1398 ent0.0068 VRAM 34MB
Ep 1800 | M0_PDR 0.610 | M1_PDR 0.689 | H_m0 1.61 H_m1 1.62 | a-0.0124 c0.1273 ent0.0068 VRAM 34MB
Ep 1850 | M0_PDR 0.613 | M1_PDR 0.684 | H_m0 1.61 H_m1 1.64 | a-0.0112 c0.1440 ent0.0067 VRAM 34MB
Ep 1900 | M0_PDR 0.649 | M1_PDR 0.731 | H_m0 1.61 H_m1 1.62 | a-0.0107 c0.1344 ent0.0066 VRAM 34MB
Ep 1950 | M0_PDR 0.640 | M1_PDR 0.712 | H_m0 1.61 H_m1 1.61 | a-0.0117 c0.1260 ent0.0065 VRAM 34MB
Ep 2000 | M0_PDR 0.626 | M1_PDR 0.724 | H_m0 1.61 H_m1 1.61 | a-0.0102 c0.1381 ent0.0064 VRAM 34MB
Ep 2050 | M0_PDR 0.607 | M1_PDR 0.698 | H_m0 1.61 H_m1 1.62 | a-0.0111 c0.1373 ent0.0063 VRAM 34MB
Ep 2100 | M0_PDR 0.611 | M1_PDR 0.692 | H_m0 1.61 H_m1 1.62 | a-0.0105 c0.1421 ent0.0062 VRAM 34MB
Ep 2150 | M0_PDR 0.615 | M1_PDR 0.671 | H_m0 1.61 H_m1 1.62 | a-0.0098 c0.1344 ent0.0061 VRAM 34MB
Ep 2200 | M0_PDR 0.594 | M1_PDR 0.706 | H_m0 1.61 H_m1 1.62 | a-0.0099 c0.1390 ent0.0060 VRAM 34MB
Ep 2250 | M0_PDR 0.626 | M1_PDR 0.673 | H_m0 1.61 H_m1 1.61 | a-0.0104 c0.1207 ent0.0059 VRAM 34MB
Ep 2300 | M0_PDR 0.623 | M1_PDR 0.694 | H_m0 1.61 H_m1 1.62 | a-0.0098 c0.1463 ent0.0059 VRAM 34MB
Ep 2350 | M0_PDR 0.595 | M1_PDR 0.691 | H_m0 1.61 H_m1 1.62 | a-0.0098 c0.1296 ent0.0058 VRAM 34MB
Ep 2400 | M0_PDR 0.612 | M1_PDR 0.677 | H_m0 1.61 H_m1 1.62 | a-0.0097 c0.1354 ent0.0057 VRAM 34MB
Ep 2450 | M0_PDR 0.636 | M1_PDR 0.695 | H_m0 1.61 H_m1 1.62 | a-0.0095 c0.1225 ent0.0056 VRAM 34MB
Ep 2500 | M0_PDR 0.625 | M1_PDR 0.695 | H_m0 1.61 H_m1 1.62 | a-0.0092 c0.1275 ent0.0055 VRAM 34MB
Ep 2550 | M0_PDR 0.624 | M1_PDR 0.679 | H_m0 1.61 H_m1 1.62 | a-0.0086 c0.1378 ent0.0054 VRAM 34MB
Ep 2600 | M0_PDR 0.646 | M1_PDR 0.664 | H_m0 1.61 H_m1 1.61 | a-0.0090 c0.1322 ent0.0053 VRAM 34MB
Ep 2650 | M0_PDR 0.622 | M1_PDR 0.681 | H_m0 1.61 H_m1 1.61 | a-0.0088 c0.1322 ent0.0052 VRAM 34MB
Ep 2700 | M0_PDR 0.595 | M1_PDR 0.681 | H_m0 1.61 H_m1 1.61 | a-0.0085 c0.1376 ent0.0051 VRAM 34MB
Ep 2750 | M0_PDR 0.613 | M1_PDR 0.731 | H_m0 1.61 H_m1 1.61 | a-0.0088 c0.1287 ent0.0050 VRAM 34MB
Ep 2800 | M0_PDR 0.617 | M1_PDR 0.695 | H_m0 1.61 H_m1 1.61 | a-0.0085 c0.1411 ent0.0050 VRAM 34MB
Ep 2850 | M0_PDR 0.595 | M1_PDR 0.689 | H_m0 1.61 H_m1 1.61 | a-0.0078 c0.1483 ent0.0049 VRAM 34MB
Ep 2900 | M0_PDR 0.616 | M1_PDR 0.701 | H_m0 1.61 H_m1 1.61 | a-0.0082 c0.1374 ent0.0048 VRAM 34MB
Ep 2950 | M0_PDR 0.596 | M1_PDR 0.662 | H_m0 1.61 H_m1 1.61 | a-0.0077 c0.1457 ent0.0047 VRAM 34MB
Ep 3000 | M0_PDR 0.619 | M1_PDR 0.686 | H_m0 1.61 H_m1 1.61 | a-0.0080 c0.1362 ent0.0046 VRAM 34MB
Ep 3050 | M0_PDR 0.603 | M1_PDR 0.689 | H_m0 1.61 H_m1 1.61 | a-0.0074 c0.1405 ent0.0045 VRAM 34MB
Ep 3100 | M0_PDR 0.634 | M1_PDR 0.711 | H_m0 1.61 H_m1 1.61 | a-0.0072 c0.1312 ent0.0044 VRAM 34MB
Ep 3150 | M0_PDR 0.623 | M1_PDR 0.655 | H_m0 1.61 H_m1 1.62 | a-0.0071 c0.1248 ent0.0043 VRAM 34MB
Ep 3200 | M0_PDR 0.616 | M1_PDR 0.681 | H_m0 1.61 H_m1 1.61 | a-0.0071 c0.1379 ent0.0042 VRAM 34MB
Ep 3250 | M0_PDR 0.615 | M1_PDR 0.706 | H_m0 1.61 H_m1 1.61 | a-0.0069 c0.1386 ent0.0041 VRAM 34MB
Ep 3300 | M0_PDR 0.613 | M1_PDR 0.684 | H_m0 1.61 H_m1 1.62 | a-0.0067 c0.1327 ent0.0041 VRAM 34MB
Ep 3350 | M0_PDR 0.592 | M1_PDR 0.692 | H_m0 1.61 H_m1 1.61 | a-0.0065 c0.1379 ent0.0040 VRAM 34MB
Ep 3400 | M0_PDR 0.609 | M1_PDR 0.742 | H_m0 1.61 H_m1 1.61 | a-0.0064 c0.1291 ent0.0039 VRAM 34MB
Ep 3450 | M0_PDR 0.619 | M1_PDR 0.688 | H_m0 1.61 H_m1 1.61 | a-0.0063 c0.1341 ent0.0038 VRAM 34MB
Ep 3500 | M0_PDR 0.601 | M1_PDR 0.680 | H_m0 1.61 H_m1 1.61 | a-0.0062 c0.1489 ent0.0037 VRAM 34MB
Ep 3550 | M0_PDR 0.620 | M1_PDR 0.701 | H_m0 1.61 H_m1 1.61 | a-0.0063 c0.1439 ent0.0036 VRAM 34MB
Ep 3600 | M0_PDR 0.638 | M1_PDR 0.704 | H_m0 1.61 H_m1 1.61 | a-0.0055 c0.1186 ent0.0035 VRAM 34MB
Ep 3650 | M0_PDR 0.613 | M1_PDR 0.699 | H_m0 1.61 H_m1 1.61 | a-0.0056 c0.1282 ent0.0034 VRAM 34MB
Ep 3700 | M0_PDR 0.631 | M1_PDR 0.669 | H_m0 1.61 H_m1 1.61 | a-0.0054 c0.1290 ent0.0033 VRAM 34MB
Ep 3750 | M0_PDR 0.616 | M1_PDR 0.675 | H_m0 1.61 H_m1 1.61 | a-0.0054 c0.1288 ent0.0032 VRAM 34MB
Ep 3800 | M0_PDR 0.605 | M1_PDR 0.683 | H_m0 1.61 H_m1 1.61 | a-0.0051 c0.1420 ent0.0032 VRAM 34MB
Ep 3850 | M0_PDR 0.624 | M1_PDR 0.710 | H_m0 1.61 H_m1 1.61 | a-0.0050 c0.1385 ent0.0031 VRAM 34MB
Ep 3900 | M0_PDR 0.630 | M1_PDR 0.696 | H_m0 1.61 H_m1 1.61 | a-0.0051 c0.1253 ent0.0030 VRAM 34MB
Ep 3950 | M0_PDR 0.609 | M1_PDR 0.690 | H_m0 1.61 H_m1 1.61 | a-0.0048 c0.1255 ent0.0029 VRAM 34MB
Ep 4000 | M0_PDR 0.622 | M1_PDR 0.694 | H_m0 1.61 H_m1 1.61 | a-0.0047 c0.1283 ent0.0028 VRAM 34MB
Ep 4050 | M0_PDR 0.623 | M1_PDR 0.724 | H_m0 1.61 H_m1 1.61 | a-0.0045 c0.1295 ent0.0027 VRAM 34MB
Ep 4100 | M0_PDR 0.616 | M1_PDR 0.711 | H_m0 1.61 H_m1 1.61 | a-0.0044 c0.1424 ent0.0026 VRAM 34MB
Ep 4150 | M0_PDR 0.618 | M1_PDR 0.689 | H_m0 1.61 H_m1 1.61 | a-0.0041 c0.1409 ent0.0025 VRAM 34MB
Ep 4200 | M0_PDR 0.624 | M1_PDR 0.648 | H_m0 1.61 H_m1 1.61 | a-0.0039 c0.1364 ent0.0024 VRAM 34MB
Ep 4250 | M0_PDR 0.636 | M1_PDR 0.699 | H_m0 1.61 H_m1 1.61 | a-0.0039 c0.1335 ent0.0023 VRAM 34MB
Ep 4300 | M0_PDR 0.610 | M1_PDR 0.711 | H_m0 1.61 H_m1 1.61 | a-0.0037 c0.1376 ent0.0023 VRAM 34MB
Ep 4350 | M0_PDR 0.613 | M1_PDR 0.663 | H_m0 1.61 H_m1 1.61 | a-0.0035 c0.1286 ent0.0022 VRAM 34MB
Ep 4400 | M0_PDR 0.599 | M1_PDR 0.661 | H_m0 1.61 H_m1 1.61 | a-0.0034 c0.1501 ent0.0021 VRAM 34MB
Ep 4450 | M0_PDR 0.608 | M1_PDR 0.645 | H_m0 1.61 H_m1 1.61 | a-0.0033 c0.1349 ent0.0020 VRAM 34MB
Ep 4500 | M0_PDR 0.616 | M1_PDR 0.688 | H_m0 1.61 H_m1 1.61 | a-0.0031 c0.1360 ent0.0019 VRAM 34MB
Ep 4550 | M0_PDR 0.586 | M1_PDR 0.680 | H_m0 1.61 H_m1 1.61 | a-0.0029 c0.1349 ent0.0018 VRAM 34MB
Ep 4600 | M0_PDR 0.620 | M1_PDR 0.689 | H_m0 1.61 H_m1 1.61 | a-0.0028 c0.1317 ent0.0017 VRAM 34MB
Ep 4650 | M0_PDR 0.590 | M1_PDR 0.687 | H_m0 1.61 H_m1 1.61 | a-0.0027 c0.1326 ent0.0016 VRAM 34MB
Ep 4700 | M0_PDR 0.569 | M1_PDR 0.653 | H_m0 1.61 H_m1 1.61 | a-0.0025 c0.1520 ent0.0015 VRAM 34MB
Ep 4750 | M0_PDR 0.620 | M1_PDR 0.697 | H_m0 1.61 H_m1 1.61 | a-0.0024 c0.1355 ent0.0014 VRAM 34MB
Ep 4800 | M0_PDR 0.597 | M1_PDR 0.688 | H_m0 1.61 H_m1 1.61 | a-0.0022 c0.1303 ent0.0014 VRAM 34MB
Ep 4850 | M0_PDR 0.625 | M1_PDR 0.670 | H_m0 1.61 H_m1 1.61 | a-0.0021 c0.1405 ent0.0013 VRAM 34MB
Ep 4900 | M0_PDR 0.610 | M1_PDR 0.709 | H_m0 1.61 H_m1 1.61 | a-0.0019 c0.1266 ent0.0012 VRAM 34MB
Ep 4950 | M0_PDR 0.624 | M1_PDR 0.711 | H_m0 1.61 H_m1 1.61 | a-0.0017 c0.1291 ent0.0011 VRAM 34MB

Training complete. Running 100 eval episodes...

  Eval ep   0: M0_PDR=0.590  M1_PDR=0.658
  Eval ep  20: M0_PDR=0.598  M1_PDR=0.708
  Eval ep  40: M0_PDR=0.607  M1_PDR=0.683
  Eval ep  60: M0_PDR=0.603  M1_PDR=0.711
  Eval ep  80: M0_PDR=0.619  M1_PDR=0.676

=== Eval Summary (100 episodes) ===
  M0_PDR_mean         : 0.6130
  M0_PDR_p05 (across) : 0.5920
  M0_PDR_p05 (intra)  : 0.2104
  M1_PDR_mean         : 0.6878
  M0_SINR_mean (dB)   : 4.85
  M1_SINR_mean (dB)   : 8.59
  M0_collision_rate   : 0.866
  M0_collision_within_pool : 0.593
  M1_collision_within_pool : 0.592

Result saved -> results/_A_N10_seed3_5000ep_gaefix_g05_ent01_as.json
  N=10  rho=2.0  M0_PDR=0.613  M1_PDR=0.688
[NS3Bridge] Shutdown complete.
Run complete.
