[seed] all RNGs seeded with 1
GPU : NVIDIA GeForce RTX 3060
VRAM: 12.9 GB
Device          : cuda:0
Actor M0 params : 21,273
Actor M1 params : 21,273
Critic params   : 96,257
obs_dim=11  action_dim=25  gs_dim=115
M0 count: 5  M1 count: 5
Training for 5000 episodes (Config A_N10_seed1_5000ep_gaefix_g05_ent01, N=10)...

[NS3Bridge] Connected tcp://localhost:7456
Ep    0 | M0_PDR 0.549 | M1_PDR 0.595 | H_m0 3.21 H_m1 3.22 | a-0.0371 c0.5620 ent0.0100 VRAM 33MB
Ep   50 | M0_PDR 0.638 | M1_PDR 0.620 | H_m0 1.74 H_m1 2.53 | a-0.0243 c0.6689 ent0.0099 VRAM 33MB
Ep  100 | M0_PDR 0.617 | M1_PDR 0.674 | H_m0 1.65 H_m1 2.07 | a-0.0210 c0.6463 ent0.0098 VRAM 33MB
Ep  150 | M0_PDR 0.612 | M1_PDR 0.688 | H_m0 1.64 H_m1 1.96 | a-0.0193 c0.6158 ent0.0097 VRAM 33MB
Ep  200 | M0_PDR 0.596 | M1_PDR 0.679 | H_m0 1.64 H_m1 1.67 | a-0.0172 c0.5977 ent0.0096 VRAM 33MB
Ep  250 | M0_PDR 0.614 | M1_PDR 0.673 | H_m0 1.64 H_m1 1.74 | a-0.0181 c0.6152 ent0.0095 VRAM 33MB
Ep  300 | M0_PDR 0.599 | M1_PDR 0.674 | H_m0 1.64 H_m1 1.77 | a-0.0176 c0.6066 ent0.0095 VRAM 33MB
Ep  350 | M0_PDR 0.579 | M1_PDR 0.660 | H_m0 1.63 H_m1 1.82 | a-0.0173 c0.5877 ent0.0094 VRAM 33MB
Ep  400 | M0_PDR 0.621 | M1_PDR 0.680 | H_m0 1.62 H_m1 1.98 | a-0.0187 c0.6253 ent0.0093 VRAM 33MB
Ep  450 | M0_PDR 0.634 | M1_PDR 0.670 | H_m0 1.62 H_m1 1.75 | a-0.0171 c0.6452 ent0.0092 VRAM 33MB
Ep  500 | M0_PDR 0.621 | M1_PDR 0.681 | H_m0 1.62 H_m1 1.84 | a-0.0170 c0.6342 ent0.0091 VRAM 33MB
Ep  550 | M0_PDR 0.622 | M1_PDR 0.648 | H_m0 1.62 H_m1 1.88 | a-0.0168 c0.6547 ent0.0090 VRAM 33MB
Ep  600 | M0_PDR 0.624 | M1_PDR 0.655 | H_m0 1.61 H_m1 1.79 | a-0.0157 c0.6438 ent0.0089 VRAM 33MB
Ep  650 | M0_PDR 0.627 | M1_PDR 0.657 | H_m0 1.61 H_m1 1.73 | a-0.0159 c0.6453 ent0.0088 VRAM 33MB
Ep  700 | M0_PDR 0.601 | M1_PDR 0.667 | H_m0 1.62 H_m1 1.73 | a-0.0153 c0.5990 ent0.0087 VRAM 33MB
Ep  750 | M0_PDR 0.620 | M1_PDR 0.661 | H_m0 1.62 H_m1 1.76 | a-0.0154 c0.6485 ent0.0086 VRAM 33MB
Ep  800 | M0_PDR 0.603 | M1_PDR 0.666 | H_m0 1.62 H_m1 1.77 | a-0.0156 c0.6037 ent0.0086 VRAM 33MB
Ep  850 | M0_PDR 0.616 | M1_PDR 0.688 | H_m0 1.61 H_m1 1.71 | a-0.0149 c0.6242 ent0.0085 VRAM 33MB
Ep  900 | M0_PDR 0.587 | M1_PDR 0.677 | H_m0 1.62 H_m1 1.70 | a-0.0146 c0.6037 ent0.0084 VRAM 33MB
Ep  950 | M0_PDR 0.630 | M1_PDR 0.668 | H_m0 1.62 H_m1 1.74 | a-0.0143 c0.6578 ent0.0083 VRAM 33MB
Ep 1000 | M0_PDR 0.611 | M1_PDR 0.662 | H_m0 1.62 H_m1 1.89 | a-0.0152 c0.6390 ent0.0082 VRAM 33MB
Ep 1050 | M0_PDR 0.618 | M1_PDR 0.689 | H_m0 1.61 H_m1 1.85 | a-0.0147 c0.6305 ent0.0081 VRAM 33MB
Ep 1100 | M0_PDR 0.606 | M1_PDR 0.654 | H_m0 1.61 H_m1 1.71 | a-0.0150 c0.6108 ent0.0080 VRAM 33MB
Ep 1150 | M0_PDR 0.614 | M1_PDR 0.651 | H_m0 1.61 H_m1 1.73 | a-0.0135 c0.6269 ent0.0079 VRAM 33MB
Ep 1200 | M0_PDR 0.619 | M1_PDR 0.631 | H_m0 1.61 H_m1 1.75 | a-0.0149 c0.6469 ent0.0078 VRAM 33MB
Ep 1250 | M0_PDR 0.608 | M1_PDR 0.662 | H_m0 1.61 H_m1 1.87 | a-0.0143 c0.6126 ent0.0077 VRAM 33MB
Ep 1300 | M0_PDR 0.630 | M1_PDR 0.679 | H_m0 1.61 H_m1 1.77 | a-0.0138 c0.6498 ent0.0077 VRAM 33MB
Ep 1350 | M0_PDR 0.615 | M1_PDR 0.640 | H_m0 1.62 H_m1 1.81 | a-0.0142 c0.6436 ent0.0076 VRAM 33MB
Ep 1400 | M0_PDR 0.644 | M1_PDR 0.675 | H_m0 1.61 H_m1 1.71 | a-0.0134 c0.6685 ent0.0075 VRAM 33MB
Ep 1450 | M0_PDR 0.610 | M1_PDR 0.663 | H_m0 1.62 H_m1 1.68 | a-0.0138 c0.6302 ent0.0074 VRAM 33MB
Ep 1500 | M0_PDR 0.610 | M1_PDR 0.689 | H_m0 1.61 H_m1 1.73 | a-0.0124 c0.6100 ent0.0073 VRAM 33MB
Ep 1550 | M0_PDR 0.644 | M1_PDR 0.674 | H_m0 1.61 H_m1 1.94 | a-0.0144 c0.6752 ent0.0072 VRAM 33MB
Ep 1600 | M0_PDR 0.616 | M1_PDR 0.663 | H_m0 1.61 H_m1 1.75 | a-0.0122 c0.6298 ent0.0071 VRAM 33MB
Ep 1650 | M0_PDR 0.600 | M1_PDR 0.675 | H_m0 1.61 H_m1 1.63 | a-0.0111 c0.6081 ent0.0070 VRAM 33MB
Ep 1700 | M0_PDR 0.607 | M1_PDR 0.670 | H_m0 1.61 H_m1 1.61 | a-0.0122 c0.6101 ent0.0069 VRAM 33MB
Ep 1750 | M0_PDR 0.603 | M1_PDR 0.658 | H_m0 1.61 H_m1 1.64 | a-0.0109 c0.6201 ent0.0068 VRAM 33MB
Ep 1800 | M0_PDR 0.598 | M1_PDR 0.686 | H_m0 1.61 H_m1 1.64 | a-0.0114 c0.6060 ent0.0068 VRAM 33MB
Ep 1850 | M0_PDR 0.626 | M1_PDR 0.712 | H_m0 1.61 H_m1 1.65 | a-0.0113 c0.6367 ent0.0067 VRAM 33MB
Ep 1900 | M0_PDR 0.651 | M1_PDR 0.679 | H_m0 1.61 H_m1 1.65 | a-0.0115 c0.6717 ent0.0066 VRAM 33MB
Ep 1950 | M0_PDR 0.612 | M1_PDR 0.666 | H_m0 1.61 H_m1 1.74 | a-0.0119 c0.6268 ent0.0065 VRAM 33MB
Ep 2000 | M0_PDR 0.609 | M1_PDR 0.668 | H_m0 1.61 H_m1 1.68 | a-0.0107 c0.6126 ent0.0064 VRAM 33MB
Ep 2050 | M0_PDR 0.632 | M1_PDR 0.660 | H_m0 1.61 H_m1 1.71 | a-0.0109 c0.6455 ent0.0063 VRAM 33MB
Ep 2100 | M0_PDR 0.605 | M1_PDR 0.686 | H_m0 1.61 H_m1 1.69 | a-0.0106 c0.6136 ent0.0062 VRAM 33MB
Ep 2150 | M0_PDR 0.617 | M1_PDR 0.653 | H_m0 1.61 H_m1 1.69 | a-0.0106 c0.6388 ent0.0061 VRAM 33MB
Ep 2200 | M0_PDR 0.619 | M1_PDR 0.713 | H_m0 1.61 H_m1 1.66 | a-0.0109 c0.6234 ent0.0060 VRAM 33MB
Ep 2250 | M0_PDR 0.584 | M1_PDR 0.677 | H_m0 1.61 H_m1 1.71 | a-0.0108 c0.6023 ent0.0059 VRAM 33MB
Ep 2300 | M0_PDR 0.633 | M1_PDR 0.684 | H_m0 1.61 H_m1 1.68 | a-0.0109 c0.6419 ent0.0059 VRAM 33MB
Ep 2350 | M0_PDR 0.640 | M1_PDR 0.676 | H_m0 1.61 H_m1 1.67 | a-0.0105 c0.6591 ent0.0058 VRAM 33MB
Ep 2400 | M0_PDR 0.613 | M1_PDR 0.691 | H_m0 1.61 H_m1 1.66 | a-0.0093 c0.6094 ent0.0057 VRAM 33MB
Ep 2450 | M0_PDR 0.641 | M1_PDR 0.672 | H_m0 1.61 H_m1 1.65 | a-0.0093 c0.6561 ent0.0056 VRAM 33MB
Ep 2500 | M0_PDR 0.621 | M1_PDR 0.686 | H_m0 1.61 H_m1 1.64 | a-0.0093 c0.6195 ent0.0055 VRAM 33MB
Ep 2550 | M0_PDR 0.601 | M1_PDR 0.656 | H_m0 1.61 H_m1 1.64 | a-0.0095 c0.6119 ent0.0054 VRAM 33MB
Ep 2600 | M0_PDR 0.612 | M1_PDR 0.665 | H_m0 1.61 H_m1 1.68 | a-0.0092 c0.6101 ent0.0053 VRAM 33MB
Ep 2650 | M0_PDR 0.611 | M1_PDR 0.708 | H_m0 1.61 H_m1 1.66 | a-0.0091 c0.6110 ent0.0052 VRAM 33MB
Ep 2700 | M0_PDR 0.630 | M1_PDR 0.649 | H_m0 1.61 H_m1 1.64 | a-0.0092 c0.6371 ent0.0051 VRAM 33MB
Ep 2750 | M0_PDR 0.579 | M1_PDR 0.711 | H_m0 1.61 H_m1 1.64 | a-0.0084 c0.5785 ent0.0050 VRAM 33MB
Ep 2800 | M0_PDR 0.626 | M1_PDR 0.681 | H_m0 1.61 H_m1 1.64 | a-0.0082 c0.6324 ent0.0050 VRAM 33MB
Ep 2850 | M0_PDR 0.603 | M1_PDR 0.690 | H_m0 1.61 H_m1 1.66 | a-0.0083 c0.6117 ent0.0049 VRAM 33MB
Ep 2900 | M0_PDR 0.587 | M1_PDR 0.695 | H_m0 1.61 H_m1 1.64 | a-0.0081 c0.5880 ent0.0048 VRAM 33MB
Ep 2950 | M0_PDR 0.604 | M1_PDR 0.670 | H_m0 1.61 H_m1 1.63 | a-0.0082 c0.6179 ent0.0047 VRAM 33MB
Ep 3000 | M0_PDR 0.616 | M1_PDR 0.668 | H_m0 1.61 H_m1 1.62 | a-0.0079 c0.6292 ent0.0046 VRAM 33MB
Ep 3050 | M0_PDR 0.617 | M1_PDR 0.688 | H_m0 1.61 H_m1 1.64 | a-0.0074 c0.6268 ent0.0045 VRAM 33MB
Ep 3100 | M0_PDR 0.606 | M1_PDR 0.697 | H_m0 1.61 H_m1 1.64 | a-0.0076 c0.6077 ent0.0044 VRAM 33MB
Ep 3150 | M0_PDR 0.626 | M1_PDR 0.663 | H_m0 1.61 H_m1 1.64 | a-0.0072 c0.6250 ent0.0043 VRAM 33MB
Ep 3200 | M0_PDR 0.618 | M1_PDR 0.691 | H_m0 1.61 H_m1 1.64 | a-0.0069 c0.6221 ent0.0042 VRAM 33MB
Ep 3250 | M0_PDR 0.607 | M1_PDR 0.700 | H_m0 1.61 H_m1 1.62 | a-0.0069 c0.6077 ent0.0041 VRAM 33MB
Ep 3300 | M0_PDR 0.631 | M1_PDR 0.705 | H_m0 1.61 H_m1 1.63 | a-0.0066 c0.6502 ent0.0041 VRAM 33MB
Ep 3350 | M0_PDR 0.596 | M1_PDR 0.661 | H_m0 1.61 H_m1 1.64 | a-0.0065 c0.6145 ent0.0040 VRAM 33MB
Ep 3400 | M0_PDR 0.626 | M1_PDR 0.682 | H_m0 1.61 H_m1 1.64 | a-0.0063 c0.6278 ent0.0039 VRAM 33MB
Ep 3450 | M0_PDR 0.596 | M1_PDR 0.693 | H_m0 1.61 H_m1 1.65 | a-0.0064 c0.6010 ent0.0038 VRAM 33MB
Ep 3500 | M0_PDR 0.612 | M1_PDR 0.693 | H_m0 1.61 H_m1 1.64 | a-0.0062 c0.6090 ent0.0037 VRAM 33MB
Ep 3550 | M0_PDR 0.618 | M1_PDR 0.677 | H_m0 1.61 H_m1 1.64 | a-0.0059 c0.6295 ent0.0036 VRAM 33MB
Ep 3600 | M0_PDR 0.627 | M1_PDR 0.669 | H_m0 1.61 H_m1 1.64 | a-0.0061 c0.6350 ent0.0035 VRAM 33MB
Ep 3650 | M0_PDR 0.620 | M1_PDR 0.674 | H_m0 1.61 H_m1 1.65 | a-0.0056 c0.6477 ent0.0034 VRAM 33MB
Ep 3700 | M0_PDR 0.621 | M1_PDR 0.676 | H_m0 1.61 H_m1 1.65 | a-0.0056 c0.6179 ent0.0033 VRAM 33MB
Ep 3750 | M0_PDR 0.623 | M1_PDR 0.697 | H_m0 1.61 H_m1 1.65 | a-0.0056 c0.6260 ent0.0032 VRAM 33MB
Ep 3800 | M0_PDR 0.601 | M1_PDR 0.709 | H_m0 1.61 H_m1 1.65 | a-0.0054 c0.6067 ent0.0032 VRAM 33MB
Ep 3850 | M0_PDR 0.606 | M1_PDR 0.687 | H_m0 1.61 H_m1 1.65 | a-0.0051 c0.6212 ent0.0031 VRAM 33MB
Ep 3900 | M0_PDR 0.614 | M1_PDR 0.684 | H_m0 1.61 H_m1 1.66 | a-0.0050 c0.6201 ent0.0030 VRAM 33MB
Ep 3950 | M0_PDR 0.633 | M1_PDR 0.711 | H_m0 1.61 H_m1 1.65 | a-0.0048 c0.6467 ent0.0029 VRAM 33MB
Ep 4000 | M0_PDR 0.604 | M1_PDR 0.654 | H_m0 1.61 H_m1 1.66 | a-0.0046 c0.6126 ent0.0028 VRAM 33MB
Ep 4050 | M0_PDR 0.608 | M1_PDR 0.680 | H_m0 1.61 H_m1 1.65 | a-0.0045 c0.6225 ent0.0027 VRAM 33MB
Ep 4100 | M0_PDR 0.606 | M1_PDR 0.678 | H_m0 1.61 H_m1 1.65 | a-0.0044 c0.6245 ent0.0026 VRAM 33MB
Ep 4150 | M0_PDR 0.618 | M1_PDR 0.679 | H_m0 1.61 H_m1 1.64 | a-0.0042 c0.6315 ent0.0025 VRAM 33MB
Ep 4200 | M0_PDR 0.607 | M1_PDR 0.716 | H_m0 1.61 H_m1 1.64 | a-0.0040 c0.6096 ent0.0024 VRAM 33MB
Ep 4250 | M0_PDR 0.610 | M1_PDR 0.715 | H_m0 1.61 H_m1 1.64 | a-0.0039 c0.6055 ent0.0023 VRAM 33MB
Ep 4300 | M0_PDR 0.594 | M1_PDR 0.716 | H_m0 1.61 H_m1 1.64 | a-0.0037 c0.5892 ent0.0023 VRAM 33MB
Ep 4350 | M0_PDR 0.615 | M1_PDR 0.692 | H_m0 1.61 H_m1 1.64 | a-0.0035 c0.6234 ent0.0022 VRAM 33MB
Ep 4400 | M0_PDR 0.588 | M1_PDR 0.697 | H_m0 1.61 H_m1 1.64 | a-0.0034 c0.5914 ent0.0021 VRAM 33MB
Ep 4450 | M0_PDR 0.619 | M1_PDR 0.693 | H_m0 1.61 H_m1 1.64 | a-0.0032 c0.6238 ent0.0020 VRAM 33MB
Ep 4500 | M0_PDR 0.602 | M1_PDR 0.644 | H_m0 1.61 H_m1 1.64 | a-0.0032 c0.6293 ent0.0019 VRAM 33MB
Ep 4550 | M0_PDR 0.605 | M1_PDR 0.706 | H_m0 1.61 H_m1 1.63 | a-0.0030 c0.6099 ent0.0018 VRAM 33MB
Ep 4600 | M0_PDR 0.604 | M1_PDR 0.691 | H_m0 1.61 H_m1 1.63 | a-0.0028 c0.6045 ent0.0017 VRAM 33MB
Ep 4650 | M0_PDR 0.608 | M1_PDR 0.720 | H_m0 1.61 H_m1 1.63 | a-0.0027 c0.5995 ent0.0016 VRAM 33MB
Ep 4700 | M0_PDR 0.596 | M1_PDR 0.674 | H_m0 1.61 H_m1 1.63 | a-0.0025 c0.6070 ent0.0015 VRAM 33MB
Ep 4750 | M0_PDR 0.617 | M1_PDR 0.673 | H_m0 1.61 H_m1 1.63 | a-0.0024 c0.6263 ent0.0014 VRAM 33MB
Ep 4800 | M0_PDR 0.613 | M1_PDR 0.709 | H_m0 1.61 H_m1 1.63 | a-0.0022 c0.6193 ent0.0014 VRAM 33MB
Ep 4850 | M0_PDR 0.607 | M1_PDR 0.679 | H_m0 1.61 H_m1 1.63 | a-0.0021 c0.6161 ent0.0013 VRAM 33MB
Ep 4900 | M0_PDR 0.624 | M1_PDR 0.684 | H_m0 1.61 H_m1 1.63 | a-0.0019 c0.6183 ent0.0012 VRAM 33MB
Ep 4950 | M0_PDR 0.603 | M1_PDR 0.674 | H_m0 1.61 H_m1 1.63 | a-0.0018 c0.6201 ent0.0011 VRAM 33MB

Training complete. Running 100 eval episodes...

  Eval ep   0: M0_PDR=0.603  M1_PDR=0.683
  Eval ep  20: M0_PDR=0.607  M1_PDR=0.687
  Eval ep  40: M0_PDR=0.605  M1_PDR=0.702
  Eval ep  60: M0_PDR=0.599  M1_PDR=0.680
  Eval ep  80: M0_PDR=0.613  M1_PDR=0.689

=== Eval Summary (100 episodes) ===
  M0_PDR_mean         : 0.6166
  M0_PDR_p05 (across) : 0.5916
  M0_PDR_p05 (intra)  : 0.2258
  M1_PDR_mean         : 0.6891
  M0_SINR_mean (dB)   : 5.01
  M1_SINR_mean (dB)   : 8.68
  M0_collision_rate   : 0.866
  M0_collision_within_pool : 0.589
  M1_collision_within_pool : 0.589

Result saved -> results/_A_N10_seed1_5000ep_gaefix_g05_ent01.json
  N=10  rho=2.0  M0_PDR=0.617  M1_PDR=0.689
[NS3Bridge] Shutdown complete.
Run complete.
