[seed] all RNGs seeded with 1
GPU : NVIDIA GeForce RTX 3060
VRAM: 12.9 GB
Device          : cuda:0
Actor M0 params : 21,273
Actor M1 params : 21,273
Critic params   : 113,153
obs_dim=11  action_dim=25  gs_dim=170
M0 count: 7  M1 count: 8
Training for 5000 episodes (Config A_N15_seed1_5000ep_gaefix_g05_ent01_as, N=15)...

[NS3Bridge] Connected tcp://localhost:8786
Ep    0 | M0_PDR 0.512 | M1_PDR 0.522 | H_m0 3.21 H_m1 3.21 | a-0.0372 c0.5171 ent0.0100 VRAM 43MB
Ep   50 | M0_PDR 0.601 | M1_PDR 0.643 | H_m0 1.53 H_m1 1.61 | a-0.0212 c0.1278 ent0.0099 VRAM 43MB
Ep  100 | M0_PDR 0.582 | M1_PDR 0.667 | H_m0 1.32 H_m1 1.45 | a-0.0155 c0.1192 ent0.0098 VRAM 43MB
Ep  150 | M0_PDR 0.665 | M1_PDR 0.655 | H_m0 0.90 H_m1 1.41 | a-0.0127 c0.1077 ent0.0097 VRAM 43MB
Ep  200 | M0_PDR 0.663 | M1_PDR 0.664 | H_m0 0.74 H_m1 1.36 | a-0.0108 c0.1058 ent0.0096 VRAM 43MB
Ep  250 | M0_PDR 0.705 | M1_PDR 0.679 | H_m0 0.67 H_m1 1.35 | a-0.0112 c0.0978 ent0.0095 VRAM 43MB
Ep  300 | M0_PDR 0.730 | M1_PDR 0.670 | H_m0 0.54 H_m1 1.32 | a-0.0122 c0.0967 ent0.0095 VRAM 43MB
Ep  350 | M0_PDR 0.759 | M1_PDR 0.668 | H_m0 0.49 H_m1 1.28 | a-0.0103 c0.0996 ent0.0094 VRAM 43MB
Ep  400 | M0_PDR 0.795 | M1_PDR 0.662 | H_m0 0.44 H_m1 1.27 | a-0.0088 c0.0908 ent0.0093 VRAM 43MB
Ep  450 | M0_PDR 0.769 | M1_PDR 0.673 | H_m0 0.46 H_m1 1.21 | a-0.0114 c0.0846 ent0.0092 VRAM 43MB
Ep  500 | M0_PDR 0.684 | M1_PDR 0.747 | H_m0 0.56 H_m1 1.02 | a-0.0073 c0.1057 ent0.0091 VRAM 43MB
Ep  550 | M0_PDR 0.761 | M1_PDR 0.709 | H_m0 0.52 H_m1 0.99 | a-0.0122 c0.0870 ent0.0090 VRAM 43MB
Ep  600 | M0_PDR 0.698 | M1_PDR 0.720 | H_m0 0.61 H_m1 0.94 | a-0.0087 c0.0982 ent0.0089 VRAM 43MB
Ep  650 | M0_PDR 0.782 | M1_PDR 0.718 | H_m0 0.52 H_m1 0.89 | a-0.0062 c0.0941 ent0.0088 VRAM 43MB
Ep  700 | M0_PDR 0.760 | M1_PDR 0.682 | H_m0 0.51 H_m1 0.93 | a-0.0104 c0.0964 ent0.0087 VRAM 43MB
Ep  750 | M0_PDR 0.734 | M1_PDR 0.709 | H_m0 0.64 H_m1 0.87 | a-0.0078 c0.0962 ent0.0086 VRAM 43MB
Ep  800 | M0_PDR 0.771 | M1_PDR 0.711 | H_m0 0.58 H_m1 0.94 | a-0.0073 c0.0826 ent0.0086 VRAM 43MB
Ep  850 | M0_PDR 0.734 | M1_PDR 0.710 | H_m0 0.67 H_m1 1.03 | a-0.0069 c0.1175 ent0.0085 VRAM 43MB
Ep  900 | M0_PDR 0.749 | M1_PDR 0.720 | H_m0 0.64 H_m1 0.94 | a-0.0096 c0.0899 ent0.0084 VRAM 43MB
Ep  950 | M0_PDR 0.759 | M1_PDR 0.681 | H_m0 0.65 H_m1 0.97 | a-0.0096 c0.0931 ent0.0083 VRAM 43MB
Ep 1000 | M0_PDR 0.756 | M1_PDR 0.736 | H_m0 0.58 H_m1 0.81 | a-0.0083 c0.0896 ent0.0082 VRAM 43MB
Ep 1050 | M0_PDR 0.746 | M1_PDR 0.763 | H_m0 0.58 H_m1 0.68 | a-0.0065 c0.0871 ent0.0081 VRAM 43MB
Ep 1100 | M0_PDR 0.741 | M1_PDR 0.758 | H_m0 0.63 H_m1 0.62 | a-0.0055 c0.0940 ent0.0080 VRAM 43MB
Ep 1150 | M0_PDR 0.729 | M1_PDR 0.793 | H_m0 0.59 H_m1 0.48 | a-0.0049 c0.0973 ent0.0079 VRAM 43MB
Ep 1200 | M0_PDR 0.743 | M1_PDR 0.766 | H_m0 0.56 H_m1 0.52 | a-0.0040 c0.0932 ent0.0078 VRAM 43MB
Ep 1250 | M0_PDR 0.731 | M1_PDR 0.783 | H_m0 0.56 H_m1 0.50 | a-0.0052 c0.0895 ent0.0077 VRAM 43MB
Ep 1300 | M0_PDR 0.738 | M1_PDR 0.817 | H_m0 0.66 H_m1 0.36 | a-0.0053 c0.0840 ent0.0077 VRAM 43MB
Ep 1350 | M0_PDR 0.686 | M1_PDR 0.868 | H_m0 0.66 H_m1 0.27 | a-0.0042 c0.1044 ent0.0076 VRAM 43MB
Ep 1400 | M0_PDR 0.769 | M1_PDR 0.856 | H_m0 0.45 H_m1 0.23 | a-0.0025 c0.1030 ent0.0075 VRAM 43MB
Ep 1450 | M0_PDR 0.730 | M1_PDR 0.853 | H_m0 0.47 H_m1 0.18 | a-0.0030 c0.1038 ent0.0074 VRAM 43MB
Ep 1500 | M0_PDR 0.762 | M1_PDR 0.884 | H_m0 0.35 H_m1 0.14 | a-0.0019 c0.0953 ent0.0073 VRAM 43MB
Ep 1550 | M0_PDR 0.794 | M1_PDR 0.893 | H_m0 0.34 H_m1 0.08 | a-0.0029 c0.0815 ent0.0072 VRAM 43MB
Ep 1600 | M0_PDR 0.846 | M1_PDR 0.868 | H_m0 0.26 H_m1 0.16 | a-0.0019 c0.0707 ent0.0071 VRAM 43MB
Ep 1650 | M0_PDR 0.788 | M1_PDR 0.858 | H_m0 0.34 H_m1 0.14 | a-0.0026 c0.0773 ent0.0070 VRAM 43MB
Ep 1700 | M0_PDR 0.780 | M1_PDR 0.864 | H_m0 0.26 H_m1 0.16 | a-0.0024 c0.0798 ent0.0069 VRAM 43MB
Ep 1750 | M0_PDR 0.781 | M1_PDR 0.895 | H_m0 0.34 H_m1 0.09 | a-0.0020 c0.0798 ent0.0068 VRAM 43MB
Ep 1800 | M0_PDR 0.743 | M1_PDR 0.856 | H_m0 0.40 H_m1 0.18 | a-0.0020 c0.0921 ent0.0068 VRAM 43MB
Ep 1850 | M0_PDR 0.824 | M1_PDR 0.870 | H_m0 0.19 H_m1 0.12 | a-0.0008 c0.0847 ent0.0067 VRAM 43MB
Ep 1900 | M0_PDR 0.833 | M1_PDR 0.841 | H_m0 0.16 H_m1 0.15 | a-0.0008 c0.0840 ent0.0066 VRAM 43MB
Ep 1950 | M0_PDR 0.810 | M1_PDR 0.842 | H_m0 0.12 H_m1 0.13 | a-0.0006 c0.0899 ent0.0065 VRAM 43MB
Ep 2000 | M0_PDR 0.842 | M1_PDR 0.866 | H_m0 0.11 H_m1 0.11 | a-0.0010 c0.0722 ent0.0064 VRAM 43MB
Ep 2050 | M0_PDR 0.826 | M1_PDR 0.880 | H_m0 0.11 H_m1 0.09 | a-0.0016 c0.0841 ent0.0063 VRAM 43MB
Ep 2100 | M0_PDR 0.839 | M1_PDR 0.878 | H_m0 0.10 H_m1 0.09 | a-0.0011 c0.0798 ent0.0062 VRAM 43MB
Ep 2150 | M0_PDR 0.872 | M1_PDR 0.886 | H_m0 0.06 H_m1 0.09 | a-0.0013 c0.0758 ent0.0061 VRAM 43MB
Ep 2200 | M0_PDR 0.834 | M1_PDR 0.890 | H_m0 0.08 H_m1 0.10 | a-0.0007 c0.0742 ent0.0060 VRAM 43MB
Ep 2250 | M0_PDR 0.773 | M1_PDR 0.897 | H_m0 0.12 H_m1 0.07 | a-0.0014 c0.0934 ent0.0059 VRAM 43MB
Ep 2300 | M0_PDR 0.814 | M1_PDR 0.896 | H_m0 0.12 H_m1 0.08 | a-0.0012 c0.0821 ent0.0059 VRAM 43MB
Ep 2350 | M0_PDR 0.836 | M1_PDR 0.859 | H_m0 0.08 H_m1 0.09 | a-0.0012 c0.0754 ent0.0058 VRAM 43MB
Ep 2400 | M0_PDR 0.840 | M1_PDR 0.906 | H_m0 0.08 H_m1 0.06 | a-0.0012 c0.0734 ent0.0057 VRAM 43MB
Ep 2450 | M0_PDR 0.833 | M1_PDR 0.894 | H_m0 0.08 H_m1 0.07 | a-0.0013 c0.0661 ent0.0056 VRAM 43MB
Ep 2500 | M0_PDR 0.823 | M1_PDR 0.878 | H_m0 0.07 H_m1 0.07 | a-0.0009 c0.0761 ent0.0055 VRAM 43MB
Ep 2550 | M0_PDR 0.823 | M1_PDR 0.870 | H_m0 0.08 H_m1 0.09 | a-0.0004 c0.0856 ent0.0054 VRAM 43MB
Ep 2600 | M0_PDR 0.808 | M1_PDR 0.883 | H_m0 0.09 H_m1 0.06 | a-0.0005 c0.0822 ent0.0053 VRAM 43MB
Ep 2650 | M0_PDR 0.829 | M1_PDR 0.890 | H_m0 0.07 H_m1 0.07 | a-0.0011 c0.0755 ent0.0052 VRAM 43MB
Ep 2700 | M0_PDR 0.840 | M1_PDR 0.876 | H_m0 0.08 H_m1 0.07 | a-0.0007 c0.0732 ent0.0051 VRAM 43MB
Ep 2750 | M0_PDR 0.815 | M1_PDR 0.890 | H_m0 0.10 H_m1 0.06 | a-0.0007 c0.0797 ent0.0050 VRAM 43MB
Ep 2800 | M0_PDR 0.824 | M1_PDR 0.888 | H_m0 0.09 H_m1 0.07 | a-0.0027 c0.0819 ent0.0050 VRAM 43MB
Ep 2850 | M0_PDR 0.795 | M1_PDR 0.883 | H_m0 0.09 H_m1 0.06 | a-0.0010 c0.0786 ent0.0049 VRAM 43MB
Ep 2900 | M0_PDR 0.811 | M1_PDR 0.897 | H_m0 0.09 H_m1 0.06 | a-0.0008 c0.0861 ent0.0048 VRAM 43MB
Ep 2950 | M0_PDR 0.844 | M1_PDR 0.890 | H_m0 0.07 H_m1 0.06 | a-0.0005 c0.0709 ent0.0047 VRAM 43MB
Ep 3000 | M0_PDR 0.830 | M1_PDR 0.908 | H_m0 0.06 H_m1 0.04 | a-0.0009 c0.0734 ent0.0046 VRAM 43MB
Ep 3050 | M0_PDR 0.860 | M1_PDR 0.878 | H_m0 0.05 H_m1 0.06 | a-0.0007 c0.0670 ent0.0045 VRAM 43MB
Ep 3100 | M0_PDR 0.845 | M1_PDR 0.884 | H_m0 0.07 H_m1 0.08 | a-0.0020 c0.0697 ent0.0044 VRAM 43MB
Ep 3150 | M0_PDR 0.820 | M1_PDR 0.908 | H_m0 0.07 H_m1 0.05 | a-0.0003 c0.0823 ent0.0043 VRAM 43MB
Ep 3200 | M0_PDR 0.848 | M1_PDR 0.916 | H_m0 0.06 H_m1 0.03 | a-0.0007 c0.0746 ent0.0042 VRAM 43MB
Ep 3250 | M0_PDR 0.849 | M1_PDR 0.891 | H_m0 0.06 H_m1 0.07 | a-0.0004 c0.0681 ent0.0041 VRAM 43MB
Ep 3300 | M0_PDR 0.855 | M1_PDR 0.886 | H_m0 0.06 H_m1 0.06 | a-0.0002 c0.0715 ent0.0041 VRAM 43MB
Ep 3350 | M0_PDR 0.847 | M1_PDR 0.909 | H_m0 0.05 H_m1 0.05 | a-0.0002 c0.0720 ent0.0040 VRAM 43MB
Ep 3400 | M0_PDR 0.871 | M1_PDR 0.896 | H_m0 0.04 H_m1 0.05 | a-0.0005 c0.0592 ent0.0039 VRAM 43MB
Ep 3450 | M0_PDR 0.836 | M1_PDR 0.896 | H_m0 0.07 H_m1 0.05 | a-0.0015 c0.0720 ent0.0038 VRAM 43MB
Ep 3500 | M0_PDR 0.824 | M1_PDR 0.884 | H_m0 0.09 H_m1 0.06 | a-0.0010 c0.0773 ent0.0037 VRAM 43MB
Ep 3550 | M0_PDR 0.824 | M1_PDR 0.899 | H_m0 0.07 H_m1 0.05 | a-0.0003 c0.0713 ent0.0036 VRAM 43MB
Ep 3600 | M0_PDR 0.834 | M1_PDR 0.887 | H_m0 0.07 H_m1 0.06 | a-0.0004 c0.0691 ent0.0035 VRAM 43MB
Ep 3650 | M0_PDR 0.855 | M1_PDR 0.890 | H_m0 0.06 H_m1 0.06 | a-0.0004 c0.0639 ent0.0034 VRAM 43MB
Ep 3700 | M0_PDR 0.849 | M1_PDR 0.899 | H_m0 0.06 H_m1 0.06 | a-0.0003 c0.0657 ent0.0033 VRAM 43MB
Ep 3750 | M0_PDR 0.824 | M1_PDR 0.887 | H_m0 0.07 H_m1 0.05 | a-0.0003 c0.0746 ent0.0032 VRAM 43MB
Ep 3800 | M0_PDR 0.822 | M1_PDR 0.896 | H_m0 0.06 H_m1 0.05 | a-0.0003 c0.0729 ent0.0032 VRAM 43MB
Ep 3850 | M0_PDR 0.835 | M1_PDR 0.894 | H_m0 0.06 H_m1 0.05 | a-0.0003 c0.0745 ent0.0031 VRAM 43MB
Ep 3900 | M0_PDR 0.831 | M1_PDR 0.893 | H_m0 0.07 H_m1 0.06 | a-0.0003 c0.0787 ent0.0030 VRAM 43MB
Ep 3950 | M0_PDR 0.823 | M1_PDR 0.905 | H_m0 0.06 H_m1 0.04 | a-0.0004 c0.0774 ent0.0029 VRAM 43MB
Ep 4000 | M0_PDR 0.862 | M1_PDR 0.907 | H_m0 0.06 H_m1 0.04 | a-0.0001 c0.0615 ent0.0028 VRAM 43MB
Ep 4050 | M0_PDR 0.837 | M1_PDR 0.890 | H_m0 0.08 H_m1 0.06 | a-0.0003 c0.0762 ent0.0027 VRAM 43MB
Ep 4100 | M0_PDR 0.820 | M1_PDR 0.891 | H_m0 0.07 H_m1 0.05 | a-0.0004 c0.0810 ent0.0026 VRAM 43MB
Ep 4150 | M0_PDR 0.827 | M1_PDR 0.881 | H_m0 0.08 H_m1 0.06 | a-0.0002 c0.0767 ent0.0025 VRAM 43MB
Ep 4200 | M0_PDR 0.848 | M1_PDR 0.892 | H_m0 0.06 H_m1 0.06 | a-0.0003 c0.0676 ent0.0024 VRAM 43MB
Ep 4250 | M0_PDR 0.849 | M1_PDR 0.902 | H_m0 0.06 H_m1 0.04 | a-0.0003 c0.0672 ent0.0023 VRAM 43MB
Ep 4300 | M0_PDR 0.843 | M1_PDR 0.887 | H_m0 0.07 H_m1 0.05 | a-0.0003 c0.0764 ent0.0023 VRAM 43MB
Ep 4350 | M0_PDR 0.839 | M1_PDR 0.887 | H_m0 0.06 H_m1 0.08 | a-0.0003 c0.0699 ent0.0022 VRAM 43MB
Ep 4400 | M0_PDR 0.877 | M1_PDR 0.902 | H_m0 0.04 H_m1 0.05 | a-0.0001 c0.0634 ent0.0021 VRAM 43MB
Ep 4450 | M0_PDR 0.865 | M1_PDR 0.880 | H_m0 0.05 H_m1 0.06 | a-0.0002 c0.0693 ent0.0020 VRAM 43MB
Ep 4500 | M0_PDR 0.833 | M1_PDR 0.911 | H_m0 0.07 H_m1 0.04 | a-0.0002 c0.0709 ent0.0019 VRAM 43MB
Ep 4550 | M0_PDR 0.812 | M1_PDR 0.896 | H_m0 0.08 H_m1 0.05 | a-0.0002 c0.0797 ent0.0018 VRAM 43MB
Ep 4600 | M0_PDR 0.843 | M1_PDR 0.917 | H_m0 0.06 H_m1 0.04 | a-0.0001 c0.0725 ent0.0017 VRAM 43MB
Ep 4650 | M0_PDR 0.817 | M1_PDR 0.891 | H_m0 0.08 H_m1 0.06 | a-0.0002 c0.0801 ent0.0016 VRAM 43MB
Ep 4700 | M0_PDR 0.826 | M1_PDR 0.894 | H_m0 0.07 H_m1 0.05 | a-0.0001 c0.0753 ent0.0015 VRAM 43MB
Ep 4750 | M0_PDR 0.854 | M1_PDR 0.895 | H_m0 0.06 H_m1 0.05 | a-0.0002 c0.0653 ent0.0014 VRAM 43MB
Ep 4800 | M0_PDR 0.875 | M1_PDR 0.885 | H_m0 0.04 H_m1 0.06 | a-0.0001 c0.0612 ent0.0014 VRAM 43MB
Ep 4850 | M0_PDR 0.832 | M1_PDR 0.881 | H_m0 0.08 H_m1 0.06 | a-0.0002 c0.0734 ent0.0013 VRAM 43MB
Ep 4900 | M0_PDR 0.829 | M1_PDR 0.919 | H_m0 0.06 H_m1 0.05 | a-0.0001 c0.0717 ent0.0012 VRAM 43MB
Ep 4950 | M0_PDR 0.835 | M1_PDR 0.887 | H_m0 0.07 H_m1 0.06 | a-0.0001 c0.0691 ent0.0011 VRAM 43MB

Training complete. Running 100 eval episodes...

  Eval ep   0: M0_PDR=0.846  M1_PDR=0.890
  Eval ep  20: M0_PDR=0.835  M1_PDR=0.905
  Eval ep  40: M0_PDR=0.818  M1_PDR=0.922
  Eval ep  60: M0_PDR=0.820  M1_PDR=0.899
  Eval ep  80: M0_PDR=0.866  M1_PDR=0.913

=== Eval Summary (100 episodes) ===
  M0_PDR_mean         : 0.8363
  M0_PDR_p05 (across) : 0.8048
  M0_PDR_p05 (intra)  : 0.5921
  M1_PDR_mean         : 0.8973
  M0_SINR_mean (dB)   : 13.21
  M1_SINR_mean (dB)   : 15.51
  M0_collision_rate   : 0.998
  M0_collision_within_pool : 0.622
  M1_collision_within_pool : 0.760

Result saved -> results/_A_N15_seed1_5000ep_gaefix_g05_ent01_as.json
  N=15  rho=3.0  M0_PDR=0.836  M1_PDR=0.897
[NS3Bridge] Shutdown complete.
Run complete.
