GPU : NVIDIA GeForce RTX 3060
VRAM: 12.9 GB
Device          : cuda:0
Actor M0 params : 21,273
Actor M1 params : 21,273
Critic params   : 96,257
obs_dim=11  action_dim=25  gs_dim=115
M0 count: 5  M1 count: 5
Training for 3000 episodes (Config A_N10_check, N=10)...

[NS3Bridge] Connected tcp://localhost:5566
Ep    0 | M0_PDR 0.549 | M1_PDR 0.579 | H_m0 3.22 H_m1 3.21 | a-0.1643 c29.9329 ent0.0500 VRAM 33MB
Ep   50 | M0_PDR 0.571 | M1_PDR 0.569 | H_m0 2.99 H_m1 3.19 | a-0.1529 c10.8369 ent0.0492 VRAM 33MB
Ep  100 | M0_PDR 0.589 | M1_PDR 0.566 | H_m0 3.00 H_m1 3.17 | a-0.1503 c7.1221 ent0.0484 VRAM 33MB
Ep  150 | M0_PDR 0.615 | M1_PDR 0.561 | H_m0 2.86 H_m1 3.19 | a-0.1451 c8.4188 ent0.0475 VRAM 33MB
Ep  200 | M0_PDR 0.575 | M1_PDR 0.574 | H_m0 2.87 H_m1 3.13 | a-0.1418 c6.3121 ent0.0467 VRAM 33MB
Ep  250 | M0_PDR 0.571 | M1_PDR 0.565 | H_m0 2.76 H_m1 3.14 | a-0.1370 c6.6667 ent0.0459 VRAM 33MB
Ep  300 | M0_PDR 0.623 | M1_PDR 0.559 | H_m0 2.82 H_m1 3.19 | a-0.1363 c5.9272 ent0.0451 VRAM 33MB
Ep  350 | M0_PDR 0.600 | M1_PDR 0.553 | H_m0 2.72 H_m1 3.16 | a-0.1316 c3.0182 ent0.0443 VRAM 33MB
Ep  400 | M0_PDR 0.602 | M1_PDR 0.534 | H_m0 2.76 H_m1 3.13 | a-0.1306 c2.5305 ent0.0435 VRAM 33MB
Ep  450 | M0_PDR 0.604 | M1_PDR 0.541 | H_m0 2.72 H_m1 3.18 | a-0.1262 c3.0724 ent0.0426 VRAM 33MB
Ep  500 | M0_PDR 0.618 | M1_PDR 0.565 | H_m0 2.58 H_m1 3.16 | a-0.1208 c3.8713 ent0.0418 VRAM 33MB
Ep  550 | M0_PDR 0.601 | M1_PDR 0.563 | H_m0 2.52 H_m1 3.13 | a-0.1170 c2.9722 ent0.0410 VRAM 33MB
Ep  600 | M0_PDR 0.573 | M1_PDR 0.589 | H_m0 2.68 H_m1 3.05 | a-0.1170 c5.4297 ent0.0402 VRAM 33MB
Ep  650 | M0_PDR 0.611 | M1_PDR 0.551 | H_m0 2.42 H_m1 3.17 | a-0.1108 c3.0421 ent0.0394 VRAM 33MB
Ep  700 | M0_PDR 0.592 | M1_PDR 0.569 | H_m0 2.50 H_m1 3.12 | a-0.1087 c2.7228 ent0.0386 VRAM 33MB
Ep  750 | M0_PDR 0.623 | M1_PDR 0.543 | H_m0 2.28 H_m1 3.08 | a-0.1018 c2.6512 ent0.0377 VRAM 33MB
Ep  800 | M0_PDR 0.613 | M1_PDR 0.558 | H_m0 2.34 H_m1 3.09 | a-0.1013 c2.9057 ent0.0369 VRAM 33MB
Ep  850 | M0_PDR 0.634 | M1_PDR 0.585 | H_m0 2.37 H_m1 3.08 | a-0.0995 c2.5784 ent0.0361 VRAM 33MB
Ep  900 | M0_PDR 0.605 | M1_PDR 0.552 | H_m0 2.49 H_m1 3.17 | a-0.1007 c2.8934 ent0.0353 VRAM 33MB
Ep  950 | M0_PDR 0.634 | M1_PDR 0.581 | H_m0 2.40 H_m1 3.14 | a-0.0958 c3.1404 ent0.0345 VRAM 33MB
Ep 1000 | M0_PDR 0.612 | M1_PDR 0.544 | H_m0 2.21 H_m1 3.11 | a-0.0901 c2.3672 ent0.0337 VRAM 33MB
Ep 1050 | M0_PDR 0.610 | M1_PDR 0.595 | H_m0 2.37 H_m1 3.05 | a-0.0904 c2.3253 ent0.0328 VRAM 33MB
Ep 1100 | M0_PDR 0.620 | M1_PDR 0.592 | H_m0 2.39 H_m1 3.08 | a-0.0882 c2.5009 ent0.0320 VRAM 33MB
Ep 1150 | M0_PDR 0.621 | M1_PDR 0.573 | H_m0 2.17 H_m1 3.14 | a-0.0831 c2.3160 ent0.0312 VRAM 33MB
Ep 1200 | M0_PDR 0.619 | M1_PDR 0.556 | H_m0 2.04 H_m1 3.14 | a-0.0792 c2.1075 ent0.0304 VRAM 33MB
Ep 1250 | M0_PDR 0.639 | M1_PDR 0.536 | H_m0 2.07 H_m1 3.13 | a-0.0781 c1.9954 ent0.0296 VRAM 33MB
Ep 1300 | M0_PDR 0.633 | M1_PDR 0.553 | H_m0 2.10 H_m1 3.12 | a-0.0752 c1.9397 ent0.0288 VRAM 33MB
Ep 1350 | M0_PDR 0.631 | M1_PDR 0.575 | H_m0 2.13 H_m1 3.07 | a-0.0740 c2.1191 ent0.0279 VRAM 33MB
Ep 1400 | M0_PDR 0.614 | M1_PDR 0.591 | H_m0 2.16 H_m1 3.04 | a-0.0710 c2.4094 ent0.0271 VRAM 33MB
Ep 1450 | M0_PDR 0.589 | M1_PDR 0.589 | H_m0 2.17 H_m1 2.94 | a-0.0675 c2.5804 ent0.0263 VRAM 33MB
Ep 1500 | M0_PDR 0.621 | M1_PDR 0.578 | H_m0 2.09 H_m1 3.01 | a-0.0659 c2.2060 ent0.0255 VRAM 33MB
Ep 1550 | M0_PDR 0.610 | M1_PDR 0.597 | H_m0 2.14 H_m1 2.92 | a-0.0631 c2.3766 ent0.0247 VRAM 33MB
Ep 1600 | M0_PDR 0.618 | M1_PDR 0.617 | H_m0 1.97 H_m1 2.93 | a-0.0595 c2.8298 ent0.0239 VRAM 33MB
Ep 1650 | M0_PDR 0.612 | M1_PDR 0.574 | H_m0 2.06 H_m1 3.03 | a-0.0586 c2.5277 ent0.0230 VRAM 33MB
Ep 1700 | M0_PDR 0.623 | M1_PDR 0.596 | H_m0 1.96 H_m1 2.97 | a-0.0554 c2.6811 ent0.0222 VRAM 33MB
Ep 1750 | M0_PDR 0.618 | M1_PDR 0.572 | H_m0 1.92 H_m1 2.97 | a-0.0526 c1.8883 ent0.0214 VRAM 33MB
Ep 1800 | M0_PDR 0.630 | M1_PDR 0.585 | H_m0 1.85 H_m1 2.96 | a-0.0498 c2.5814 ent0.0206 VRAM 33MB
Ep 1850 | M0_PDR 0.642 | M1_PDR 0.606 | H_m0 1.92 H_m1 2.96 | a-0.0486 c2.2944 ent0.0198 VRAM 33MB
Ep 1900 | M0_PDR 0.639 | M1_PDR 0.603 | H_m0 1.86 H_m1 2.92 | a-0.0457 c1.8203 ent0.0190 VRAM 33MB
Ep 1950 | M0_PDR 0.604 | M1_PDR 0.610 | H_m0 1.90 H_m1 2.89 | a-0.0438 c2.1496 ent0.0181 VRAM 33MB
Ep 2000 | M0_PDR 0.621 | M1_PDR 0.619 | H_m0 1.92 H_m1 2.87 | a-0.0418 c2.5817 ent0.0173 VRAM 33MB
Ep 2050 | M0_PDR 0.621 | M1_PDR 0.613 | H_m0 1.93 H_m1 2.87 | a-0.0400 c2.4964 ent0.0165 VRAM 33MB
Ep 2100 | M0_PDR 0.626 | M1_PDR 0.587 | H_m0 1.93 H_m1 2.75 | a-0.0372 c2.4601 ent0.0157 VRAM 33MB
Ep 2150 | M0_PDR 0.614 | M1_PDR 0.640 | H_m0 1.88 H_m1 2.64 | a-0.0339 c2.1393 ent0.0149 VRAM 33MB
Ep 2200 | M0_PDR 0.602 | M1_PDR 0.634 | H_m0 1.86 H_m1 2.67 | a-0.0322 c2.5757 ent0.0141 VRAM 33MB
Ep 2250 | M0_PDR 0.624 | M1_PDR 0.651 | H_m0 1.82 H_m1 2.75 | a-0.0305 c1.9332 ent0.0132 VRAM 33MB
Ep 2300 | M0_PDR 0.627 | M1_PDR 0.597 | H_m0 1.80 H_m1 2.74 | a-0.0283 c2.3059 ent0.0124 VRAM 33MB
Ep 2350 | M0_PDR 0.652 | M1_PDR 0.623 | H_m0 1.78 H_m1 2.69 | a-0.0262 c2.1044 ent0.0116 VRAM 33MB
Ep 2400 | M0_PDR 0.642 | M1_PDR 0.635 | H_m0 1.78 H_m1 2.69 | a-0.0243 c2.1037 ent0.0108 VRAM 33MB
Ep 2450 | M0_PDR 0.634 | M1_PDR 0.640 | H_m0 1.77 H_m1 2.66 | a-0.0221 c2.7680 ent0.0100 VRAM 33MB
Ep 2500 | M0_PDR 0.641 | M1_PDR 0.616 | H_m0 1.75 H_m1 2.65 | a-0.0202 c2.5110 ent0.0092 VRAM 33MB
Ep 2550 | M0_PDR 0.616 | M1_PDR 0.647 | H_m0 1.74 H_m1 2.60 | a-0.0182 c1.9412 ent0.0083 VRAM 33MB
Ep 2600 | M0_PDR 0.642 | M1_PDR 0.620 | H_m0 1.73 H_m1 2.58 | a-0.0162 c2.0147 ent0.0075 VRAM 33MB
Ep 2650 | M0_PDR 0.610 | M1_PDR 0.648 | H_m0 1.72 H_m1 2.54 | a-0.0144 c2.1984 ent0.0067 VRAM 33MB
Ep 2700 | M0_PDR 0.615 | M1_PDR 0.643 | H_m0 1.71 H_m1 2.53 | a-0.0125 c2.3199 ent0.0059 VRAM 33MB
Ep 2750 | M0_PDR 0.615 | M1_PDR 0.639 | H_m0 1.70 H_m1 2.53 | a-0.0108 c2.1367 ent0.0051 VRAM 33MB
Ep 2800 | M0_PDR 0.602 | M1_PDR 0.661 | H_m0 1.70 H_m1 2.52 | a-0.0090 c2.3158 ent0.0043 VRAM 33MB
Ep 2850 | M0_PDR 0.607 | M1_PDR 0.655 | H_m0 1.70 H_m1 2.50 | a-0.0073 c2.0233 ent0.0034 VRAM 33MB
Ep 2900 | M0_PDR 0.611 | M1_PDR 0.646 | H_m0 1.69 H_m1 2.48 | a-0.0055 c2.3809 ent0.0026 VRAM 33MB
Ep 2950 | M0_PDR 0.631 | M1_PDR 0.667 | H_m0 1.69 H_m1 2.44 | a-0.0037 c2.0145 ent0.0018 VRAM 33MB

Training complete. Running 100 eval episodes...

  Eval ep   0: M0_PDR=0.622  M1_PDR=0.624
  Eval ep  20: M0_PDR=0.657  M1_PDR=0.633
  Eval ep  40: M0_PDR=0.611  M1_PDR=0.657
  Eval ep  60: M0_PDR=0.605  M1_PDR=0.626
  Eval ep  80: M0_PDR=0.618  M1_PDR=0.666

=== Eval Summary (100 episodes) ===
  M0_PDR_mean         : 0.6214
  M0_PDR_p05 (across) : 0.5952
  M0_PDR_p05 (intra)  : 0.2243
  M1_PDR_mean         : 0.6492
  M0_SINR_mean (dB)   : 5.57
  M1_SINR_mean (dB)   : 6.94
  M0_collision_rate   : 0.866
  M0_collision_within_pool : 0.592
  M1_collision_within_pool : 0.591

Result saved -> results/_A_N10_check.json
  N=10  rho=2.0  M0_PDR=0.621  M1_PDR=0.649
[NS3Bridge] Shutdown complete.
Run complete.
