[seed] all RNGs seeded with 3
GPU : NVIDIA GeForce RTX 3060
VRAM: 12.9 GB
Device          : cuda:0
Actor M0 params : 21,273
Actor M1 params : 21,273
Critic params   : 96,257
obs_dim=11  action_dim=25  gs_dim=115
M0 count: 5  M1 count: 5
Training for 5000 episodes (Config A_N10_delta10_seed3, N=10)...

[NS3Bridge] Connected tcp://localhost:6036
Ep    0 | M0_PDR 0.518 | M1_PDR 0.610 | H_m0 3.22 H_m1 3.22 | a-0.1648 c49.9502 ent0.0500 VRAM 33MB
Ep   50 | M0_PDR 0.568 | M1_PDR 0.575 | H_m0 3.09 H_m1 3.16 | a-0.1572 c16.7610 ent0.0495 VRAM 33MB
Ep  100 | M0_PDR 0.562 | M1_PDR 0.590 | H_m0 2.99 H_m1 3.09 | a-0.1509 c12.1064 ent0.0490 VRAM 33MB
Ep  150 | M0_PDR 0.577 | M1_PDR 0.598 | H_m0 2.98 H_m1 3.08 | a-0.1486 c6.3978 ent0.0485 VRAM 33MB
Ep  200 | M0_PDR 0.552 | M1_PDR 0.648 | H_m0 3.00 H_m1 2.96 | a-0.1454 c7.0236 ent0.0480 VRAM 33MB
Ep  250 | M0_PDR 0.545 | M1_PDR 0.611 | H_m0 2.93 H_m1 3.03 | a-0.1436 c9.8561 ent0.0475 VRAM 33MB
Ep  300 | M0_PDR 0.571 | M1_PDR 0.635 | H_m0 2.90 H_m1 2.91 | a-0.1382 c8.3193 ent0.0471 VRAM 33MB
Ep  350 | M0_PDR 0.574 | M1_PDR 0.603 | H_m0 2.80 H_m1 2.93 | a-0.1355 c6.4313 ent0.0466 VRAM 33MB
Ep  400 | M0_PDR 0.557 | M1_PDR 0.655 | H_m0 2.84 H_m1 2.76 | a-0.1305 c3.9375 ent0.0461 VRAM 33MB
Ep  450 | M0_PDR 0.617 | M1_PDR 0.607 | H_m0 2.74 H_m1 2.92 | a-0.1312 c3.3792 ent0.0456 VRAM 33MB
Ep  500 | M0_PDR 0.584 | M1_PDR 0.662 | H_m0 2.73 H_m1 2.84 | a-0.1270 c3.6056 ent0.0451 VRAM 33MB
Ep  550 | M0_PDR 0.580 | M1_PDR 0.615 | H_m0 2.77 H_m1 2.88 | a-0.1271 c2.7503 ent0.0446 VRAM 33MB
Ep  600 | M0_PDR 0.574 | M1_PDR 0.652 | H_m0 2.71 H_m1 2.75 | a-0.1215 c5.1061 ent0.0441 VRAM 33MB
Ep  650 | M0_PDR 0.581 | M1_PDR 0.611 | H_m0 2.66 H_m1 2.81 | a-0.1203 c2.7747 ent0.0436 VRAM 33MB
Ep  700 | M0_PDR 0.583 | M1_PDR 0.636 | H_m0 2.71 H_m1 2.75 | a-0.1189 c2.9020 ent0.0431 VRAM 33MB
Ep  750 | M0_PDR 0.601 | M1_PDR 0.613 | H_m0 2.47 H_m1 2.85 | a-0.1150 c3.6776 ent0.0426 VRAM 33MB
Ep  800 | M0_PDR 0.579 | M1_PDR 0.632 | H_m0 2.68 H_m1 2.74 | a-0.1146 c3.0783 ent0.0422 VRAM 33MB
Ep  850 | M0_PDR 0.578 | M1_PDR 0.659 | H_m0 2.54 H_m1 2.62 | a-0.1087 c3.4452 ent0.0417 VRAM 33MB
Ep  900 | M0_PDR 0.593 | M1_PDR 0.634 | H_m0 2.42 H_m1 2.67 | a-0.1051 c3.5935 ent0.0412 VRAM 33MB
Ep  950 | M0_PDR 0.582 | M1_PDR 0.640 | H_m0 2.51 H_m1 2.82 | a-0.1096 c3.1401 ent0.0407 VRAM 33MB
Ep 1000 | M0_PDR 0.595 | M1_PDR 0.643 | H_m0 2.48 H_m1 2.63 | a-0.1042 c2.3770 ent0.0402 VRAM 33MB
Ep 1050 | M0_PDR 0.564 | M1_PDR 0.646 | H_m0 2.60 H_m1 2.63 | a-0.1050 c2.5403 ent0.0397 VRAM 33MB
Ep 1100 | M0_PDR 0.603 | M1_PDR 0.642 | H_m0 2.51 H_m1 2.72 | a-0.1034 c2.5697 ent0.0392 VRAM 33MB
Ep 1150 | M0_PDR 0.574 | M1_PDR 0.632 | H_m0 2.44 H_m1 2.66 | a-0.0996 c3.3398 ent0.0387 VRAM 33MB
Ep 1200 | M0_PDR 0.597 | M1_PDR 0.664 | H_m0 2.60 H_m1 2.44 | a-0.0975 c2.0003 ent0.0382 VRAM 33MB
Ep 1250 | M0_PDR 0.565 | M1_PDR 0.639 | H_m0 2.58 H_m1 2.51 | a-0.0963 c2.5952 ent0.0377 VRAM 33MB
Ep 1300 | M0_PDR 0.582 | M1_PDR 0.625 | H_m0 2.53 H_m1 2.61 | a-0.0973 c3.0278 ent0.0373 VRAM 33MB
Ep 1350 | M0_PDR 0.588 | M1_PDR 0.681 | H_m0 2.44 H_m1 2.60 | a-0.0941 c2.8644 ent0.0368 VRAM 33MB
Ep 1400 | M0_PDR 0.618 | M1_PDR 0.658 | H_m0 2.29 H_m1 2.65 | a-0.0907 c2.5660 ent0.0363 VRAM 33MB
Ep 1450 | M0_PDR 0.601 | M1_PDR 0.642 | H_m0 2.38 H_m1 2.47 | a-0.0873 c2.5208 ent0.0358 VRAM 33MB
Ep 1500 | M0_PDR 0.581 | M1_PDR 0.653 | H_m0 2.49 H_m1 2.46 | a-0.0886 c3.4465 ent0.0353 VRAM 33MB
Ep 1550 | M0_PDR 0.575 | M1_PDR 0.638 | H_m0 2.29 H_m1 2.75 | a-0.0886 c2.9951 ent0.0348 VRAM 33MB
Ep 1600 | M0_PDR 0.593 | M1_PDR 0.672 | H_m0 2.30 H_m1 2.57 | a-0.0844 c3.4848 ent0.0343 VRAM 33MB
Ep 1650 | M0_PDR 0.615 | M1_PDR 0.705 | H_m0 2.21 H_m1 2.36 | a-0.0788 c2.4222 ent0.0338 VRAM 33MB
Ep 1700 | M0_PDR 0.589 | M1_PDR 0.651 | H_m0 2.23 H_m1 2.46 | a-0.0792 c2.5216 ent0.0333 VRAM 33MB
Ep 1750 | M0_PDR 0.600 | M1_PDR 0.630 | H_m0 2.18 H_m1 2.43 | a-0.0763 c2.6527 ent0.0328 VRAM 33MB
Ep 1800 | M0_PDR 0.596 | M1_PDR 0.667 | H_m0 2.36 H_m1 2.58 | a-0.0808 c2.6843 ent0.0324 VRAM 33MB
Ep 1850 | M0_PDR 0.587 | M1_PDR 0.647 | H_m0 2.31 H_m1 2.34 | a-0.0755 c2.5700 ent0.0319 VRAM 33MB
Ep 1900 | M0_PDR 0.622 | M1_PDR 0.666 | H_m0 2.44 H_m1 2.64 | a-0.0807 c2.3572 ent0.0314 VRAM 33MB
Ep 1950 | M0_PDR 0.582 | M1_PDR 0.669 | H_m0 2.37 H_m1 2.48 | a-0.0756 c3.1980 ent0.0309 VRAM 33MB
Ep 2000 | M0_PDR 0.619 | M1_PDR 0.670 | H_m0 2.17 H_m1 2.35 | a-0.0693 c1.9993 ent0.0304 VRAM 33MB
Ep 2050 | M0_PDR 0.611 | M1_PDR 0.642 | H_m0 2.27 H_m1 2.54 | a-0.0725 c2.1908 ent0.0299 VRAM 33MB
Ep 2100 | M0_PDR 0.628 | M1_PDR 0.656 | H_m0 2.13 H_m1 2.40 | a-0.0682 c3.0510 ent0.0294 VRAM 33MB
Ep 2150 | M0_PDR 0.602 | M1_PDR 0.656 | H_m0 2.28 H_m1 2.48 | a-0.0692 c2.9273 ent0.0289 VRAM 33MB
Ep 2200 | M0_PDR 0.583 | M1_PDR 0.694 | H_m0 2.20 H_m1 2.37 | a-0.0658 c2.9287 ent0.0284 VRAM 33MB
Ep 2250 | M0_PDR 0.608 | M1_PDR 0.672 | H_m0 2.23 H_m1 2.40 | a-0.0653 c2.2781 ent0.0279 VRAM 33MB
Ep 2300 | M0_PDR 0.610 | M1_PDR 0.680 | H_m0 2.16 H_m1 2.31 | a-0.0618 c2.1757 ent0.0275 VRAM 33MB
Ep 2350 | M0_PDR 0.579 | M1_PDR 0.668 | H_m0 2.08 H_m1 2.15 | a-0.0581 c2.3208 ent0.0270 VRAM 33MB
Ep 2400 | M0_PDR 0.597 | M1_PDR 0.673 | H_m0 2.21 H_m1 2.21 | a-0.0594 c2.0861 ent0.0265 VRAM 33MB
Ep 2450 | M0_PDR 0.621 | M1_PDR 0.663 | H_m0 1.95 H_m1 2.23 | a-0.0549 c2.7318 ent0.0260 VRAM 33MB
Ep 2500 | M0_PDR 0.596 | M1_PDR 0.692 | H_m0 1.90 H_m1 2.24 | a-0.0534 c2.4888 ent0.0255 VRAM 33MB
Ep 2550 | M0_PDR 0.600 | M1_PDR 0.672 | H_m0 2.08 H_m1 2.18 | a-0.0537 c2.8348 ent0.0250 VRAM 33MB
Ep 2600 | M0_PDR 0.616 | M1_PDR 0.640 | H_m0 2.03 H_m1 2.12 | a-0.0519 c2.2449 ent0.0245 VRAM 33MB
Ep 2650 | M0_PDR 0.617 | M1_PDR 0.668 | H_m0 2.11 H_m1 2.19 | a-0.0522 c2.5624 ent0.0240 VRAM 33MB
Ep 2700 | M0_PDR 0.616 | M1_PDR 0.683 | H_m0 2.17 H_m1 2.15 | a-0.0516 c2.1899 ent0.0235 VRAM 33MB
Ep 2750 | M0_PDR 0.611 | M1_PDR 0.684 | H_m0 2.13 H_m1 2.03 | a-0.0485 c2.4689 ent0.0230 VRAM 33MB
Ep 2800 | M0_PDR 0.602 | M1_PDR 0.695 | H_m0 2.03 H_m1 2.00 | a-0.0461 c3.2417 ent0.0226 VRAM 33MB
Ep 2850 | M0_PDR 0.628 | M1_PDR 0.663 | H_m0 1.97 H_m1 1.97 | a-0.0439 c2.5155 ent0.0221 VRAM 33MB
Ep 2900 | M0_PDR 0.600 | M1_PDR 0.672 | H_m0 1.92 H_m1 2.03 | a-0.0428 c2.2146 ent0.0216 VRAM 33MB
Ep 2950 | M0_PDR 0.595 | M1_PDR 0.669 | H_m0 1.88 H_m1 1.97 | a-0.0409 c2.9465 ent0.0211 VRAM 33MB
Ep 3000 | M0_PDR 0.613 | M1_PDR 0.676 | H_m0 1.96 H_m1 2.02 | a-0.0414 c2.1922 ent0.0206 VRAM 33MB
Ep 3050 | M0_PDR 0.607 | M1_PDR 0.669 | H_m0 1.86 H_m1 2.08 | a-0.0398 c2.3632 ent0.0201 VRAM 33MB
Ep 3100 | M0_PDR 0.605 | M1_PDR 0.666 | H_m0 1.89 H_m1 2.06 | a-0.0388 c2.4321 ent0.0196 VRAM 33MB
Ep 3150 | M0_PDR 0.654 | M1_PDR 0.649 | H_m0 1.84 H_m1 2.08 | a-0.0378 c2.1790 ent0.0191 VRAM 33MB
Ep 3200 | M0_PDR 0.620 | M1_PDR 0.667 | H_m0 1.82 H_m1 2.02 | a-0.0361 c2.7293 ent0.0186 VRAM 33MB
Ep 3250 | M0_PDR 0.609 | M1_PDR 0.663 | H_m0 1.80 H_m1 1.95 | a-0.0343 c3.4286 ent0.0181 VRAM 33MB
Ep 3300 | M0_PDR 0.607 | M1_PDR 0.686 | H_m0 1.84 H_m1 1.92 | a-0.0337 c2.3472 ent0.0177 VRAM 33MB
Ep 3350 | M0_PDR 0.601 | M1_PDR 0.681 | H_m0 1.89 H_m1 1.92 | a-0.0330 c2.6252 ent0.0172 VRAM 33MB
Ep 3400 | M0_PDR 0.617 | M1_PDR 0.704 | H_m0 1.88 H_m1 1.91 | a-0.0321 c2.1944 ent0.0167 VRAM 33MB
Ep 3450 | M0_PDR 0.648 | M1_PDR 0.667 | H_m0 1.84 H_m1 1.93 | a-0.0309 c2.5308 ent0.0162 VRAM 33MB
Ep 3500 | M0_PDR 0.621 | M1_PDR 0.674 | H_m0 1.82 H_m1 1.92 | a-0.0296 c2.7471 ent0.0157 VRAM 33MB
Ep 3550 | M0_PDR 0.631 | M1_PDR 0.683 | H_m0 1.79 H_m1 1.91 | a-0.0285 c2.4812 ent0.0152 VRAM 33MB
Ep 3600 | M0_PDR 0.633 | M1_PDR 0.695 | H_m0 1.75 H_m1 1.88 | a-0.0268 c2.5818 ent0.0147 VRAM 33MB
Ep 3650 | M0_PDR 0.602 | M1_PDR 0.728 | H_m0 1.74 H_m1 1.82 | a-0.0255 c2.8873 ent0.0142 VRAM 33MB
Ep 3700 | M0_PDR 0.628 | M1_PDR 0.667 | H_m0 1.78 H_m1 1.79 | a-0.0247 c2.6173 ent0.0137 VRAM 33MB
Ep 3750 | M0_PDR 0.614 | M1_PDR 0.666 | H_m0 1.77 H_m1 1.81 | a-0.0239 c3.2710 ent0.0132 VRAM 33MB
Ep 3800 | M0_PDR 0.611 | M1_PDR 0.686 | H_m0 1.76 H_m1 1.83 | a-0.0230 c2.7005 ent0.0128 VRAM 33MB
Ep 3850 | M0_PDR 0.633 | M1_PDR 0.716 | H_m0 1.76 H_m1 1.79 | a-0.0219 c2.6566 ent0.0123 VRAM 33MB
Ep 3900 | M0_PDR 0.599 | M1_PDR 0.695 | H_m0 1.74 H_m1 1.78 | a-0.0209 c2.5012 ent0.0118 VRAM 33MB
Ep 3950 | M0_PDR 0.618 | M1_PDR 0.692 | H_m0 1.71 H_m1 1.78 | a-0.0199 c2.3848 ent0.0113 VRAM 33MB
Ep 4000 | M0_PDR 0.616 | M1_PDR 0.725 | H_m0 1.72 H_m1 1.78 | a-0.0192 c2.4560 ent0.0108 VRAM 33MB
Ep 4050 | M0_PDR 0.628 | M1_PDR 0.700 | H_m0 1.73 H_m1 1.80 | a-0.0183 c2.3530 ent0.0103 VRAM 33MB
Ep 4100 | M0_PDR 0.630 | M1_PDR 0.712 | H_m0 1.71 H_m1 1.79 | a-0.0174 c2.2386 ent0.0098 VRAM 33MB
Ep 4150 | M0_PDR 0.612 | M1_PDR 0.670 | H_m0 1.70 H_m1 1.77 | a-0.0163 c2.1976 ent0.0093 VRAM 33MB
Ep 4200 | M0_PDR 0.604 | M1_PDR 0.657 | H_m0 1.70 H_m1 1.77 | a-0.0154 c2.4533 ent0.0088 VRAM 33MB
Ep 4250 | M0_PDR 0.599 | M1_PDR 0.683 | H_m0 1.70 H_m1 1.76 | a-0.0146 c2.8644 ent0.0083 VRAM 33MB
Ep 4300 | M0_PDR 0.597 | M1_PDR 0.717 | H_m0 1.69 H_m1 1.76 | a-0.0137 c2.3069 ent0.0079 VRAM 33MB
Ep 4350 | M0_PDR 0.621 | M1_PDR 0.660 | H_m0 1.69 H_m1 1.75 | a-0.0127 c2.5511 ent0.0074 VRAM 33MB
Ep 4400 | M0_PDR 0.609 | M1_PDR 0.681 | H_m0 1.69 H_m1 1.76 | a-0.0119 c2.5102 ent0.0069 VRAM 33MB
Ep 4450 | M0_PDR 0.610 | M1_PDR 0.658 | H_m0 1.68 H_m1 1.75 | a-0.0111 c2.0041 ent0.0064 VRAM 33MB
Ep 4500 | M0_PDR 0.617 | M1_PDR 0.681 | H_m0 1.68 H_m1 1.74 | a-0.0102 c2.3903 ent0.0059 VRAM 33MB
Ep 4550 | M0_PDR 0.588 | M1_PDR 0.683 | H_m0 1.67 H_m1 1.74 | a-0.0093 c2.8759 ent0.0054 VRAM 33MB
Ep 4600 | M0_PDR 0.614 | M1_PDR 0.680 | H_m0 1.68 H_m1 1.74 | a-0.0084 c2.3155 ent0.0049 VRAM 33MB
Ep 4650 | M0_PDR 0.609 | M1_PDR 0.668 | H_m0 1.67 H_m1 1.73 | a-0.0076 c1.9688 ent0.0044 VRAM 33MB
Ep 4700 | M0_PDR 0.581 | M1_PDR 0.652 | H_m0 1.67 H_m1 1.73 | a-0.0067 c2.7176 ent0.0039 VRAM 33MB
Ep 4750 | M0_PDR 0.617 | M1_PDR 0.691 | H_m0 1.67 H_m1 1.72 | a-0.0059 c2.3298 ent0.0034 VRAM 33MB
Ep 4800 | M0_PDR 0.617 | M1_PDR 0.705 | H_m0 1.67 H_m1 1.72 | a-0.0050 c2.6625 ent0.0030 VRAM 33MB
Ep 4850 | M0_PDR 0.621 | M1_PDR 0.655 | H_m0 1.67 H_m1 1.71 | a-0.0042 c2.7089 ent0.0025 VRAM 33MB
Ep 4900 | M0_PDR 0.604 | M1_PDR 0.698 | H_m0 1.66 H_m1 1.71 | a-0.0033 c2.1722 ent0.0020 VRAM 33MB
Ep 4950 | M0_PDR 0.636 | M1_PDR 0.694 | H_m0 1.66 H_m1 1.71 | a-0.0025 c2.2957 ent0.0015 VRAM 33MB

Training complete. Running 100 eval episodes...

  Eval ep   0: M0_PDR=0.605  M1_PDR=0.651
  Eval ep  20: M0_PDR=0.601  M1_PDR=0.691
  Eval ep  40: M0_PDR=0.610  M1_PDR=0.666
  Eval ep  60: M0_PDR=0.607  M1_PDR=0.704
  Eval ep  80: M0_PDR=0.618  M1_PDR=0.673

=== Eval Summary (100 episodes) ===
  M0_PDR_mean         : 0.6146
  M0_PDR_p05 (across) : 0.5862
  M0_PDR_p05 (intra)  : 0.2223
  M1_PDR_mean         : 0.6864
  M0_SINR_mean (dB)   : 4.89
  M1_SINR_mean (dB)   : 8.58
  M0_collision_rate   : 0.867
  M0_collision_within_pool : 0.593
  M1_collision_within_pool : 0.592

Result saved -> results/_A_N10_delta10_seed3.json
  N=10  rho=2.0  M0_PDR=0.615  M1_PDR=0.686
[NS3Bridge] Shutdown complete.
Run complete.
