[seed] all RNGs seeded with 2
GPU : NVIDIA GeForce RTX 3060
VRAM: 12.9 GB
Device          : cuda:0
Actor M0 params : 21,273
Actor M1 params : 21,273
Critic params   : 96,257
obs_dim=11  action_dim=25  gs_dim=115
M0 count: 5  M1 count: 5
Training for 5000 episodes (Config A_N10_seed2_5000ep, N=10)...

[NS3Bridge] Connected tcp://localhost:6896
Ep    0 | M0_PDR 0.524 | M1_PDR 0.562 | H_m0 3.22 H_m1 3.22 | a-0.1642 c26.1089 ent0.0500 VRAM 33MB
Ep   50 | M0_PDR 0.586 | M1_PDR 0.569 | H_m0 3.09 H_m1 3.21 | a-0.1569 c10.8145 ent0.0495 VRAM 33MB
Ep  100 | M0_PDR 0.591 | M1_PDR 0.569 | H_m0 2.82 H_m1 3.19 | a-0.1484 c9.6620 ent0.0490 VRAM 33MB
Ep  150 | M0_PDR 0.552 | M1_PDR 0.576 | H_m0 2.94 H_m1 3.17 | a-0.1490 c6.9207 ent0.0485 VRAM 33MB
Ep  200 | M0_PDR 0.612 | M1_PDR 0.577 | H_m0 2.83 H_m1 3.14 | a-0.1459 c6.6917 ent0.0480 VRAM 33MB
Ep  250 | M0_PDR 0.593 | M1_PDR 0.584 | H_m0 2.82 H_m1 3.15 | a-0.1424 c7.9200 ent0.0475 VRAM 33MB
Ep  300 | M0_PDR 0.585 | M1_PDR 0.577 | H_m0 2.82 H_m1 3.10 | a-0.1400 c5.2418 ent0.0471 VRAM 33MB
Ep  350 | M0_PDR 0.621 | M1_PDR 0.567 | H_m0 2.65 H_m1 3.10 | a-0.1358 c4.8024 ent0.0466 VRAM 33MB
Ep  400 | M0_PDR 0.605 | M1_PDR 0.596 | H_m0 2.72 H_m1 3.09 | a-0.1348 c3.9560 ent0.0461 VRAM 33MB
Ep  450 | M0_PDR 0.606 | M1_PDR 0.549 | H_m0 2.72 H_m1 3.18 | a-0.1349 c4.0503 ent0.0456 VRAM 33MB
Ep  500 | M0_PDR 0.569 | M1_PDR 0.563 | H_m0 2.81 H_m1 3.14 | a-0.1347 c4.5829 ent0.0451 VRAM 33MB
Ep  550 | M0_PDR 0.579 | M1_PDR 0.529 | H_m0 2.72 H_m1 3.16 | a-0.1326 c3.2025 ent0.0446 VRAM 33MB
Ep  600 | M0_PDR 0.635 | M1_PDR 0.567 | H_m0 2.64 H_m1 3.15 | a-0.1290 c3.1693 ent0.0441 VRAM 33MB
Ep  650 | M0_PDR 0.619 | M1_PDR 0.544 | H_m0 2.70 H_m1 3.17 | a-0.1293 c3.5339 ent0.0436 VRAM 33MB
Ep  700 | M0_PDR 0.594 | M1_PDR 0.576 | H_m0 2.64 H_m1 3.11 | a-0.1250 c3.4850 ent0.0431 VRAM 33MB
Ep  750 | M0_PDR 0.578 | M1_PDR 0.587 | H_m0 2.54 H_m1 3.05 | a-0.1205 c3.3122 ent0.0426 VRAM 33MB
Ep  800 | M0_PDR 0.623 | M1_PDR 0.546 | H_m0 2.55 H_m1 3.13 | a-0.1205 c4.2259 ent0.0422 VRAM 33MB
Ep  850 | M0_PDR 0.607 | M1_PDR 0.574 | H_m0 2.49 H_m1 3.16 | a-0.1186 c2.8011 ent0.0417 VRAM 33MB
Ep  900 | M0_PDR 0.587 | M1_PDR 0.570 | H_m0 2.50 H_m1 3.14 | a-0.1169 c2.3251 ent0.0412 VRAM 33MB
Ep  950 | M0_PDR 0.599 | M1_PDR 0.585 | H_m0 2.59 H_m1 3.14 | a-0.1170 c2.9449 ent0.0407 VRAM 33MB
Ep 1000 | M0_PDR 0.566 | M1_PDR 0.588 | H_m0 2.68 H_m1 3.10 | a-0.1173 c2.8241 ent0.0402 VRAM 33MB
Ep 1050 | M0_PDR 0.602 | M1_PDR 0.550 | H_m0 2.48 H_m1 3.09 | a-0.1114 c2.3800 ent0.0397 VRAM 33MB
Ep 1100 | M0_PDR 0.636 | M1_PDR 0.575 | H_m0 2.35 H_m1 3.09 | a-0.1072 c2.8809 ent0.0392 VRAM 33MB
Ep 1150 | M0_PDR 0.598 | M1_PDR 0.590 | H_m0 2.32 H_m1 3.01 | a-0.1044 c2.2978 ent0.0387 VRAM 33MB
Ep 1200 | M0_PDR 0.591 | M1_PDR 0.592 | H_m0 2.31 H_m1 3.11 | a-0.1047 c3.3964 ent0.0382 VRAM 33MB
Ep 1250 | M0_PDR 0.614 | M1_PDR 0.578 | H_m0 2.48 H_m1 3.13 | a-0.1064 c2.8611 ent0.0377 VRAM 33MB
Ep 1300 | M0_PDR 0.621 | M1_PDR 0.583 | H_m0 2.46 H_m1 3.07 | a-0.1048 c2.0567 ent0.0373 VRAM 33MB
Ep 1350 | M0_PDR 0.640 | M1_PDR 0.601 | H_m0 2.38 H_m1 3.06 | a-0.1009 c2.0722 ent0.0368 VRAM 33MB
Ep 1400 | M0_PDR 0.624 | M1_PDR 0.595 | H_m0 2.28 H_m1 3.10 | a-0.0981 c2.3370 ent0.0363 VRAM 33MB
Ep 1450 | M0_PDR 0.605 | M1_PDR 0.594 | H_m0 2.45 H_m1 3.01 | a-0.0992 c1.8416 ent0.0358 VRAM 33MB
Ep 1500 | M0_PDR 0.613 | M1_PDR 0.584 | H_m0 2.31 H_m1 3.00 | a-0.0949 c2.3302 ent0.0353 VRAM 33MB
Ep 1550 | M0_PDR 0.620 | M1_PDR 0.584 | H_m0 2.48 H_m1 3.09 | a-0.0978 c2.2920 ent0.0348 VRAM 33MB
Ep 1600 | M0_PDR 0.610 | M1_PDR 0.607 | H_m0 2.20 H_m1 3.02 | a-0.0904 c1.8581 ent0.0343 VRAM 33MB
Ep 1650 | M0_PDR 0.620 | M1_PDR 0.607 | H_m0 2.39 H_m1 3.07 | a-0.0926 c2.1105 ent0.0338 VRAM 33MB
Ep 1700 | M0_PDR 0.615 | M1_PDR 0.585 | H_m0 2.33 H_m1 3.08 | a-0.0911 c2.5699 ent0.0333 VRAM 33MB
Ep 1750 | M0_PDR 0.591 | M1_PDR 0.559 | H_m0 2.43 H_m1 3.07 | a-0.0910 c2.5447 ent0.0328 VRAM 33MB
Ep 1800 | M0_PDR 0.609 | M1_PDR 0.582 | H_m0 2.37 H_m1 3.04 | a-0.0882 c2.4093 ent0.0324 VRAM 33MB
Ep 1850 | M0_PDR 0.594 | M1_PDR 0.559 | H_m0 2.20 H_m1 3.00 | a-0.0832 c2.4813 ent0.0319 VRAM 33MB
Ep 1900 | M0_PDR 0.596 | M1_PDR 0.571 | H_m0 2.26 H_m1 2.99 | a-0.0827 c3.0857 ent0.0314 VRAM 33MB
Ep 1950 | M0_PDR 0.614 | M1_PDR 0.571 | H_m0 2.28 H_m1 3.10 | a-0.0835 c2.2625 ent0.0309 VRAM 33MB
Ep 2000 | M0_PDR 0.631 | M1_PDR 0.577 | H_m0 2.13 H_m1 3.10 | a-0.0804 c3.0497 ent0.0304 VRAM 33MB
Ep 2050 | M0_PDR 0.618 | M1_PDR 0.616 | H_m0 1.96 H_m1 3.05 | a-0.0762 c2.0871 ent0.0299 VRAM 33MB
Ep 2100 | M0_PDR 0.638 | M1_PDR 0.580 | H_m0 2.07 H_m1 2.97 | a-0.0750 c2.3789 ent0.0294 VRAM 33MB
Ep 2150 | M0_PDR 0.624 | M1_PDR 0.593 | H_m0 2.28 H_m1 3.06 | a-0.0778 c2.2476 ent0.0289 VRAM 33MB
Ep 2200 | M0_PDR 0.619 | M1_PDR 0.587 | H_m0 2.20 H_m1 3.06 | a-0.0757 c2.1853 ent0.0284 VRAM 33MB
Ep 2250 | M0_PDR 0.593 | M1_PDR 0.572 | H_m0 2.05 H_m1 3.10 | a-0.0726 c2.0838 ent0.0279 VRAM 33MB
Ep 2300 | M0_PDR 0.648 | M1_PDR 0.621 | H_m0 2.12 H_m1 3.05 | a-0.0717 c2.1272 ent0.0275 VRAM 33MB
Ep 2350 | M0_PDR 0.634 | M1_PDR 0.570 | H_m0 2.07 H_m1 3.05 | a-0.0695 c2.3052 ent0.0270 VRAM 33MB
Ep 2400 | M0_PDR 0.650 | M1_PDR 0.573 | H_m0 2.05 H_m1 3.05 | a-0.0678 c2.1243 ent0.0265 VRAM 33MB
Ep 2450 | M0_PDR 0.627 | M1_PDR 0.554 | H_m0 1.99 H_m1 3.10 | a-0.0668 c2.0554 ent0.0260 VRAM 33MB
Ep 2500 | M0_PDR 0.611 | M1_PDR 0.575 | H_m0 2.08 H_m1 3.13 | a-0.0668 c2.6172 ent0.0255 VRAM 33MB
Ep 2550 | M0_PDR 0.640 | M1_PDR 0.561 | H_m0 2.16 H_m1 3.09 | a-0.0659 c2.4790 ent0.0250 VRAM 33MB
Ep 2600 | M0_PDR 0.638 | M1_PDR 0.596 | H_m0 2.00 H_m1 3.11 | a-0.0631 c2.1720 ent0.0245 VRAM 33MB
Ep 2650 | M0_PDR 0.601 | M1_PDR 0.602 | H_m0 2.08 H_m1 3.05 | a-0.0619 c2.7798 ent0.0240 VRAM 33MB
Ep 2700 | M0_PDR 0.620 | M1_PDR 0.604 | H_m0 2.16 H_m1 3.06 | a-0.0617 c2.2903 ent0.0235 VRAM 33MB
Ep 2750 | M0_PDR 0.611 | M1_PDR 0.581 | H_m0 2.09 H_m1 3.05 | a-0.0599 c3.0956 ent0.0230 VRAM 33MB
Ep 2800 | M0_PDR 0.632 | M1_PDR 0.596 | H_m0 1.92 H_m1 3.05 | a-0.0565 c2.0004 ent0.0226 VRAM 33MB
Ep 2850 | M0_PDR 0.621 | M1_PDR 0.614 | H_m0 1.99 H_m1 3.03 | a-0.0557 c2.1722 ent0.0221 VRAM 33MB
Ep 2900 | M0_PDR 0.636 | M1_PDR 0.561 | H_m0 1.91 H_m1 3.04 | a-0.0537 c2.6934 ent0.0216 VRAM 33MB
Ep 2950 | M0_PDR 0.637 | M1_PDR 0.601 | H_m0 1.88 H_m1 3.03 | a-0.0521 c2.4146 ent0.0211 VRAM 33MB
Ep 3000 | M0_PDR 0.623 | M1_PDR 0.582 | H_m0 1.94 H_m1 2.99 | a-0.0513 c1.9799 ent0.0206 VRAM 33MB
Ep 3050 | M0_PDR 0.628 | M1_PDR 0.610 | H_m0 1.91 H_m1 2.87 | a-0.0482 c1.8823 ent0.0201 VRAM 33MB
Ep 3100 | M0_PDR 0.639 | M1_PDR 0.606 | H_m0 1.94 H_m1 2.93 | a-0.0481 c1.9852 ent0.0196 VRAM 33MB
Ep 3150 | M0_PDR 0.620 | M1_PDR 0.580 | H_m0 1.92 H_m1 2.92 | a-0.0468 c1.9669 ent0.0191 VRAM 33MB
Ep 3200 | M0_PDR 0.632 | M1_PDR 0.606 | H_m0 1.89 H_m1 2.87 | a-0.0448 c1.8513 ent0.0186 VRAM 33MB
Ep 3250 | M0_PDR 0.609 | M1_PDR 0.620 | H_m0 1.98 H_m1 2.87 | a-0.0442 c2.5427 ent0.0181 VRAM 33MB
Ep 3300 | M0_PDR 0.641 | M1_PDR 0.599 | H_m0 1.97 H_m1 2.87 | a-0.0431 c2.4924 ent0.0177 VRAM 33MB
Ep 3350 | M0_PDR 0.608 | M1_PDR 0.596 | H_m0 1.87 H_m1 2.88 | a-0.0408 c2.3023 ent0.0172 VRAM 33MB
Ep 3400 | M0_PDR 0.633 | M1_PDR 0.608 | H_m0 1.83 H_m1 2.85 | a-0.0393 c2.1176 ent0.0167 VRAM 33MB
Ep 3450 | M0_PDR 0.638 | M1_PDR 0.599 | H_m0 1.87 H_m1 2.81 | a-0.0381 c1.9831 ent0.0162 VRAM 33MB
Ep 3500 | M0_PDR 0.627 | M1_PDR 0.599 | H_m0 1.89 H_m1 2.88 | a-0.0377 c2.1655 ent0.0157 VRAM 33MB
Ep 3550 | M0_PDR 0.633 | M1_PDR 0.568 | H_m0 1.88 H_m1 2.87 | a-0.0365 c1.9905 ent0.0152 VRAM 33MB
Ep 3600 | M0_PDR 0.633 | M1_PDR 0.559 | H_m0 1.90 H_m1 2.85 | a-0.0352 c1.9568 ent0.0147 VRAM 33MB
Ep 3650 | M0_PDR 0.638 | M1_PDR 0.607 | H_m0 1.81 H_m1 2.80 | a-0.0331 c2.3261 ent0.0142 VRAM 33MB
Ep 3700 | M0_PDR 0.660 | M1_PDR 0.602 | H_m0 1.78 H_m1 2.79 | a-0.0317 c1.7619 ent0.0137 VRAM 33MB
Ep 3750 | M0_PDR 0.635 | M1_PDR 0.625 | H_m0 1.77 H_m1 2.76 | a-0.0304 c1.9431 ent0.0132 VRAM 33MB
Ep 3800 | M0_PDR 0.633 | M1_PDR 0.611 | H_m0 1.77 H_m1 2.80 | a-0.0294 c2.1516 ent0.0128 VRAM 33MB
Ep 3850 | M0_PDR 0.641 | M1_PDR 0.617 | H_m0 1.77 H_m1 2.77 | a-0.0279 c1.8674 ent0.0123 VRAM 33MB
Ep 3900 | M0_PDR 0.619 | M1_PDR 0.640 | H_m0 1.77 H_m1 2.71 | a-0.0265 c2.0619 ent0.0118 VRAM 33MB
Ep 3950 | M0_PDR 0.631 | M1_PDR 0.645 | H_m0 1.75 H_m1 2.70 | a-0.0252 c2.1872 ent0.0113 VRAM 33MB
Ep 4000 | M0_PDR 0.604 | M1_PDR 0.632 | H_m0 1.74 H_m1 2.73 | a-0.0241 c2.3795 ent0.0108 VRAM 33MB
Ep 4050 | M0_PDR 0.625 | M1_PDR 0.627 | H_m0 1.72 H_m1 2.73 | a-0.0231 c2.1493 ent0.0103 VRAM 33MB
Ep 4100 | M0_PDR 0.609 | M1_PDR 0.638 | H_m0 1.72 H_m1 2.69 | a-0.0217 c2.2017 ent0.0098 VRAM 33MB
Ep 4150 | M0_PDR 0.662 | M1_PDR 0.599 | H_m0 1.71 H_m1 2.66 | a-0.0205 c2.6601 ent0.0093 VRAM 33MB
Ep 4200 | M0_PDR 0.627 | M1_PDR 0.662 | H_m0 1.71 H_m1 2.61 | a-0.0192 c2.1761 ent0.0088 VRAM 33MB
Ep 4250 | M0_PDR 0.611 | M1_PDR 0.632 | H_m0 1.70 H_m1 2.62 | a-0.0181 c1.9937 ent0.0083 VRAM 33MB
Ep 4300 | M0_PDR 0.623 | M1_PDR 0.654 | H_m0 1.70 H_m1 2.58 | a-0.0169 c2.3819 ent0.0079 VRAM 33MB
Ep 4350 | M0_PDR 0.614 | M1_PDR 0.644 | H_m0 1.71 H_m1 2.54 | a-0.0157 c2.0647 ent0.0074 VRAM 33MB
Ep 4400 | M0_PDR 0.609 | M1_PDR 0.623 | H_m0 1.70 H_m1 2.53 | a-0.0147 c2.1361 ent0.0069 VRAM 33MB
Ep 4450 | M0_PDR 0.623 | M1_PDR 0.637 | H_m0 1.70 H_m1 2.51 | a-0.0135 c1.8702 ent0.0064 VRAM 33MB
Ep 4500 | M0_PDR 0.638 | M1_PDR 0.638 | H_m0 1.69 H_m1 2.49 | a-0.0124 c2.0057 ent0.0059 VRAM 33MB
Ep 4550 | M0_PDR 0.644 | M1_PDR 0.659 | H_m0 1.69 H_m1 2.44 | a-0.0112 c2.2208 ent0.0054 VRAM 33MB
Ep 4600 | M0_PDR 0.605 | M1_PDR 0.624 | H_m0 1.68 H_m1 2.45 | a-0.0102 c2.4745 ent0.0049 VRAM 33MB
Ep 4650 | M0_PDR 0.621 | M1_PDR 0.635 | H_m0 1.68 H_m1 2.47 | a-0.0092 c2.2608 ent0.0044 VRAM 33MB
Ep 4700 | M0_PDR 0.638 | M1_PDR 0.650 | H_m0 1.68 H_m1 2.44 | a-0.0081 c2.0348 ent0.0039 VRAM 33MB
Ep 4750 | M0_PDR 0.607 | M1_PDR 0.620 | H_m0 1.66 H_m1 2.41 | a-0.0071 c1.9317 ent0.0034 VRAM 33MB
Ep 4800 | M0_PDR 0.595 | M1_PDR 0.649 | H_m0 1.67 H_m1 2.39 | a-0.0060 c2.3496 ent0.0030 VRAM 33MB
Ep 4850 | M0_PDR 0.598 | M1_PDR 0.654 | H_m0 1.67 H_m1 2.37 | a-0.0050 c2.2259 ent0.0025 VRAM 33MB
Ep 4900 | M0_PDR 0.624 | M1_PDR 0.654 | H_m0 1.67 H_m1 2.34 | a-0.0040 c2.1929 ent0.0020 VRAM 33MB
Ep 4950 | M0_PDR 0.632 | M1_PDR 0.692 | H_m0 1.67 H_m1 2.32 | a-0.0030 c2.6820 ent0.0015 VRAM 33MB

Training complete. Running 100 eval episodes...

  Eval ep   0: M0_PDR=0.643  M1_PDR=0.655
  Eval ep  20: M0_PDR=0.599  M1_PDR=0.649
  Eval ep  40: M0_PDR=0.636  M1_PDR=0.630
  Eval ep  60: M0_PDR=0.609  M1_PDR=0.638
  Eval ep  80: M0_PDR=0.636  M1_PDR=0.684

=== Eval Summary (100 episodes) ===
  M0_PDR_mean         : 0.6219
  M0_PDR_p05 (across) : 0.5983
  M0_PDR_p05 (intra)  : 0.2265
  M1_PDR_mean         : 0.6592
  M0_SINR_mean (dB)   : 5.52
  M1_SINR_mean (dB)   : 7.33
  M0_collision_rate   : 0.866
  M0_collision_within_pool : 0.590
  M1_collision_within_pool : 0.592

Result saved -> results/_A_N10_seed2_5000ep.json
  N=10  rho=2.0  M0_PDR=0.622  M1_PDR=0.659
[NS3Bridge] Shutdown complete.
Run complete.
