[seed] all RNGs seeded with 1
GPU : NVIDIA GeForce RTX 3060
VRAM: 12.9 GB
Device          : cuda:0
Actor M0 params : 21,273
Actor M1 params : 21,273
Critic params   : 96,257
obs_dim=11  action_dim=25  gs_dim=115
M0 count: 5  M1 count: 5
Training for 5000 episodes (Config A_N10_delta10_seed1, N=10)...

[NS3Bridge] Connected tcp://localhost:6016
Ep    0 | M0_PDR 0.555 | M1_PDR 0.602 | H_m0 3.21 H_m1 3.21 | a-0.1651 c52.0816 ent0.0500 VRAM 33MB
Ep   50 | M0_PDR 0.565 | M1_PDR 0.562 | H_m0 3.08 H_m1 3.16 | a-0.1554 c15.5437 ent0.0495 VRAM 33MB
Ep  100 | M0_PDR 0.560 | M1_PDR 0.593 | H_m0 2.95 H_m1 3.07 | a-0.1482 c11.1794 ent0.0490 VRAM 33MB
Ep  150 | M0_PDR 0.594 | M1_PDR 0.587 | H_m0 3.02 H_m1 3.08 | a-0.1491 c8.6300 ent0.0485 VRAM 33MB
Ep  200 | M0_PDR 0.561 | M1_PDR 0.616 | H_m0 2.98 H_m1 3.06 | a-0.1463 c5.1145 ent0.0480 VRAM 33MB
Ep  250 | M0_PDR 0.544 | M1_PDR 0.622 | H_m0 2.98 H_m1 2.84 | a-0.1407 c6.6348 ent0.0475 VRAM 33MB
Ep  300 | M0_PDR 0.549 | M1_PDR 0.612 | H_m0 2.88 H_m1 2.90 | a-0.1370 c4.4674 ent0.0471 VRAM 33MB
Ep  350 | M0_PDR 0.547 | M1_PDR 0.652 | H_m0 2.80 H_m1 2.75 | a-0.1312 c5.3089 ent0.0466 VRAM 33MB
Ep  400 | M0_PDR 0.586 | M1_PDR 0.645 | H_m0 2.78 H_m1 2.91 | a-0.1317 c5.1098 ent0.0461 VRAM 33MB
Ep  450 | M0_PDR 0.572 | M1_PDR 0.632 | H_m0 2.83 H_m1 2.84 | a-0.1304 c4.2809 ent0.0456 VRAM 33MB
Ep  500 | M0_PDR 0.575 | M1_PDR 0.615 | H_m0 2.83 H_m1 2.94 | a-0.1321 c2.6954 ent0.0451 VRAM 33MB
Ep  550 | M0_PDR 0.596 | M1_PDR 0.621 | H_m0 2.75 H_m1 2.89 | a-0.1272 c3.3309 ent0.0446 VRAM 33MB
Ep  600 | M0_PDR 0.577 | M1_PDR 0.612 | H_m0 2.80 H_m1 2.85 | a-0.1255 c2.9173 ent0.0441 VRAM 33MB
Ep  650 | M0_PDR 0.591 | M1_PDR 0.628 | H_m0 2.62 H_m1 2.75 | a-0.1182 c3.2827 ent0.0436 VRAM 33MB
Ep  700 | M0_PDR 0.587 | M1_PDR 0.651 | H_m0 2.45 H_m1 2.77 | a-0.1140 c3.3055 ent0.0431 VRAM 33MB
Ep  750 | M0_PDR 0.592 | M1_PDR 0.599 | H_m0 2.51 H_m1 2.73 | a-0.1135 c5.1022 ent0.0426 VRAM 33MB
Ep  800 | M0_PDR 0.576 | M1_PDR 0.629 | H_m0 2.60 H_m1 2.63 | a-0.1111 c3.5175 ent0.0422 VRAM 33MB
Ep  850 | M0_PDR 0.570 | M1_PDR 0.638 | H_m0 2.61 H_m1 2.51 | a-0.1072 c3.9836 ent0.0417 VRAM 33MB
Ep  900 | M0_PDR 0.574 | M1_PDR 0.630 | H_m0 2.44 H_m1 2.56 | a-0.1034 c4.3045 ent0.0412 VRAM 33MB
Ep  950 | M0_PDR 0.606 | M1_PDR 0.644 | H_m0 2.58 H_m1 2.45 | a-0.1033 c3.3983 ent0.0407 VRAM 33MB
Ep 1000 | M0_PDR 0.582 | M1_PDR 0.643 | H_m0 2.61 H_m1 2.66 | a-0.1069 c3.0176 ent0.0402 VRAM 33MB
Ep 1050 | M0_PDR 0.599 | M1_PDR 0.668 | H_m0 2.50 H_m1 2.63 | a-0.1028 c3.5908 ent0.0397 VRAM 33MB
Ep 1100 | M0_PDR 0.566 | M1_PDR 0.626 | H_m0 2.33 H_m1 2.66 | a-0.0995 c2.9299 ent0.0392 VRAM 33MB
Ep 1150 | M0_PDR 0.584 | M1_PDR 0.621 | H_m0 2.51 H_m1 2.65 | a-0.1005 c2.5203 ent0.0387 VRAM 33MB
Ep 1200 | M0_PDR 0.589 | M1_PDR 0.638 | H_m0 2.38 H_m1 2.55 | a-0.0947 c3.1908 ent0.0382 VRAM 33MB
Ep 1250 | M0_PDR 0.575 | M1_PDR 0.621 | H_m0 2.48 H_m1 2.67 | a-0.0980 c3.5268 ent0.0377 VRAM 33MB
Ep 1300 | M0_PDR 0.586 | M1_PDR 0.633 | H_m0 2.42 H_m1 2.57 | a-0.0937 c2.4941 ent0.0373 VRAM 33MB
Ep 1350 | M0_PDR 0.603 | M1_PDR 0.628 | H_m0 2.38 H_m1 2.61 | a-0.0929 c2.2890 ent0.0368 VRAM 33MB
Ep 1400 | M0_PDR 0.609 | M1_PDR 0.660 | H_m0 2.41 H_m1 2.64 | a-0.0931 c2.5668 ent0.0363 VRAM 33MB
Ep 1450 | M0_PDR 0.612 | M1_PDR 0.654 | H_m0 2.39 H_m1 2.47 | a-0.0879 c2.4776 ent0.0358 VRAM 33MB
Ep 1500 | M0_PDR 0.576 | M1_PDR 0.655 | H_m0 2.33 H_m1 2.56 | a-0.0874 c2.6533 ent0.0353 VRAM 33MB
Ep 1550 | M0_PDR 0.592 | M1_PDR 0.650 | H_m0 2.39 H_m1 2.38 | a-0.0834 c5.1392 ent0.0348 VRAM 33MB
Ep 1600 | M0_PDR 0.609 | M1_PDR 0.632 | H_m0 2.48 H_m1 2.58 | a-0.0881 c2.0715 ent0.0343 VRAM 33MB
Ep 1650 | M0_PDR 0.593 | M1_PDR 0.668 | H_m0 2.28 H_m1 2.52 | a-0.0815 c2.3324 ent0.0338 VRAM 33MB
Ep 1700 | M0_PDR 0.592 | M1_PDR 0.645 | H_m0 2.23 H_m1 2.60 | a-0.0816 c2.9757 ent0.0333 VRAM 33MB
Ep 1750 | M0_PDR 0.610 | M1_PDR 0.645 | H_m0 2.20 H_m1 2.65 | a-0.0805 c2.3454 ent0.0328 VRAM 33MB
Ep 1800 | M0_PDR 0.619 | M1_PDR 0.670 | H_m0 2.22 H_m1 2.32 | a-0.0736 c2.5463 ent0.0324 VRAM 33MB
Ep 1850 | M0_PDR 0.627 | M1_PDR 0.629 | H_m0 2.22 H_m1 2.58 | a-0.0781 c3.3036 ent0.0319 VRAM 33MB
Ep 1900 | M0_PDR 0.593 | M1_PDR 0.663 | H_m0 2.24 H_m1 2.33 | a-0.0738 c3.2074 ent0.0314 VRAM 33MB
Ep 1950 | M0_PDR 0.616 | M1_PDR 0.648 | H_m0 2.18 H_m1 2.38 | a-0.0708 c2.5132 ent0.0309 VRAM 33MB
Ep 2000 | M0_PDR 0.623 | M1_PDR 0.624 | H_m0 2.08 H_m1 2.43 | a-0.0688 c2.4671 ent0.0304 VRAM 33MB
Ep 2050 | M0_PDR 0.619 | M1_PDR 0.650 | H_m0 2.13 H_m1 2.28 | a-0.0664 c4.7998 ent0.0299 VRAM 33MB
Ep 2100 | M0_PDR 0.628 | M1_PDR 0.669 | H_m0 2.07 H_m1 2.37 | a-0.0661 c3.8383 ent0.0294 VRAM 33MB
Ep 2150 | M0_PDR 0.589 | M1_PDR 0.661 | H_m0 2.16 H_m1 2.15 | a-0.0634 c2.4304 ent0.0289 VRAM 33MB
Ep 2200 | M0_PDR 0.600 | M1_PDR 0.683 | H_m0 2.13 H_m1 2.20 | a-0.0626 c2.5068 ent0.0284 VRAM 33MB
Ep 2250 | M0_PDR 0.594 | M1_PDR 0.659 | H_m0 2.13 H_m1 2.11 | a-0.0600 c2.3088 ent0.0279 VRAM 33MB
Ep 2300 | M0_PDR 0.618 | M1_PDR 0.689 | H_m0 2.14 H_m1 2.17 | a-0.0598 c3.0614 ent0.0275 VRAM 33MB
Ep 2350 | M0_PDR 0.618 | M1_PDR 0.685 | H_m0 2.14 H_m1 2.25 | a-0.0604 c2.4487 ent0.0270 VRAM 33MB
Ep 2400 | M0_PDR 0.614 | M1_PDR 0.660 | H_m0 2.07 H_m1 2.38 | a-0.0594 c2.2732 ent0.0265 VRAM 33MB
Ep 2450 | M0_PDR 0.624 | M1_PDR 0.690 | H_m0 2.11 H_m1 2.30 | a-0.0576 c2.3168 ent0.0260 VRAM 33MB
Ep 2500 | M0_PDR 0.598 | M1_PDR 0.690 | H_m0 2.17 H_m1 2.18 | a-0.0560 c3.0726 ent0.0255 VRAM 33MB
Ep 2550 | M0_PDR 0.603 | M1_PDR 0.643 | H_m0 1.85 H_m1 2.27 | a-0.0519 c2.6633 ent0.0250 VRAM 33MB
Ep 2600 | M0_PDR 0.605 | M1_PDR 0.671 | H_m0 1.94 H_m1 2.19 | a-0.0519 c2.7954 ent0.0245 VRAM 33MB
Ep 2650 | M0_PDR 0.603 | M1_PDR 0.697 | H_m0 2.04 H_m1 2.16 | a-0.0507 c2.4589 ent0.0240 VRAM 33MB
Ep 2700 | M0_PDR 0.628 | M1_PDR 0.639 | H_m0 2.00 H_m1 2.08 | a-0.0488 c2.3373 ent0.0235 VRAM 33MB
Ep 2750 | M0_PDR 0.608 | M1_PDR 0.682 | H_m0 1.94 H_m1 2.17 | a-0.0475 c2.8960 ent0.0230 VRAM 33MB
Ep 2800 | M0_PDR 0.622 | M1_PDR 0.676 | H_m0 1.94 H_m1 2.12 | a-0.0462 c2.2338 ent0.0226 VRAM 33MB
Ep 2850 | M0_PDR 0.599 | M1_PDR 0.647 | H_m0 1.95 H_m1 2.07 | a-0.0449 c3.8489 ent0.0221 VRAM 33MB
Ep 2900 | M0_PDR 0.585 | M1_PDR 0.673 | H_m0 1.92 H_m1 2.22 | a-0.0457 c2.4975 ent0.0216 VRAM 33MB
Ep 2950 | M0_PDR 0.639 | M1_PDR 0.654 | H_m0 1.94 H_m1 2.03 | a-0.0423 c2.2500 ent0.0211 VRAM 33MB
Ep 3000 | M0_PDR 0.618 | M1_PDR 0.673 | H_m0 2.00 H_m1 1.98 | a-0.0413 c2.8173 ent0.0206 VRAM 33MB
Ep 3050 | M0_PDR 0.635 | M1_PDR 0.683 | H_m0 1.89 H_m1 1.95 | a-0.0389 c2.1497 ent0.0201 VRAM 33MB
Ep 3100 | M0_PDR 0.607 | M1_PDR 0.692 | H_m0 1.94 H_m1 1.98 | a-0.0391 c2.2561 ent0.0196 VRAM 33MB
Ep 3150 | M0_PDR 0.624 | M1_PDR 0.631 | H_m0 1.90 H_m1 1.96 | a-0.0369 c2.5123 ent0.0191 VRAM 33MB
Ep 3200 | M0_PDR 0.603 | M1_PDR 0.676 | H_m0 1.85 H_m1 1.94 | a-0.0359 c2.6119 ent0.0186 VRAM 33MB
Ep 3250 | M0_PDR 0.609 | M1_PDR 0.699 | H_m0 1.86 H_m1 1.97 | a-0.0352 c2.5822 ent0.0181 VRAM 33MB
Ep 3300 | M0_PDR 0.611 | M1_PDR 0.690 | H_m0 1.85 H_m1 1.89 | a-0.0334 c2.4476 ent0.0177 VRAM 33MB
Ep 3350 | M0_PDR 0.590 | M1_PDR 0.669 | H_m0 1.82 H_m1 1.94 | a-0.0326 c2.6149 ent0.0172 VRAM 33MB
Ep 3400 | M0_PDR 0.608 | M1_PDR 0.684 | H_m0 1.83 H_m1 1.91 | a-0.0313 c2.1254 ent0.0167 VRAM 33MB
Ep 3450 | M0_PDR 0.603 | M1_PDR 0.687 | H_m0 1.80 H_m1 1.92 | a-0.0304 c3.2741 ent0.0162 VRAM 33MB
Ep 3500 | M0_PDR 0.610 | M1_PDR 0.677 | H_m0 1.84 H_m1 1.89 | a-0.0297 c2.3473 ent0.0157 VRAM 33MB
Ep 3550 | M0_PDR 0.644 | M1_PDR 0.679 | H_m0 1.81 H_m1 1.88 | a-0.0283 c2.8387 ent0.0152 VRAM 33MB
Ep 3600 | M0_PDR 0.608 | M1_PDR 0.674 | H_m0 1.76 H_m1 1.85 | a-0.0266 c2.7522 ent0.0147 VRAM 33MB
Ep 3650 | M0_PDR 0.636 | M1_PDR 0.688 | H_m0 1.78 H_m1 1.85 | a-0.0259 c2.3562 ent0.0142 VRAM 33MB
Ep 3700 | M0_PDR 0.610 | M1_PDR 0.686 | H_m0 1.76 H_m1 1.84 | a-0.0249 c2.3756 ent0.0137 VRAM 33MB
Ep 3750 | M0_PDR 0.631 | M1_PDR 0.680 | H_m0 1.77 H_m1 1.86 | a-0.0241 c2.8933 ent0.0132 VRAM 33MB
Ep 3800 | M0_PDR 0.595 | M1_PDR 0.720 | H_m0 1.77 H_m1 1.82 | a-0.0231 c2.7449 ent0.0128 VRAM 33MB
Ep 3850 | M0_PDR 0.623 | M1_PDR 0.692 | H_m0 1.77 H_m1 1.82 | a-0.0220 c3.1479 ent0.0123 VRAM 33MB
Ep 3900 | M0_PDR 0.609 | M1_PDR 0.678 | H_m0 1.76 H_m1 1.81 | a-0.0213 c2.5070 ent0.0118 VRAM 33MB
Ep 3950 | M0_PDR 0.654 | M1_PDR 0.675 | H_m0 1.77 H_m1 1.80 | a-0.0202 c2.2798 ent0.0113 VRAM 33MB
Ep 4000 | M0_PDR 0.606 | M1_PDR 0.656 | H_m0 1.73 H_m1 1.80 | a-0.0193 c1.8239 ent0.0108 VRAM 33MB
Ep 4050 | M0_PDR 0.612 | M1_PDR 0.660 | H_m0 1.73 H_m1 1.83 | a-0.0185 c2.6172 ent0.0103 VRAM 33MB
Ep 4100 | M0_PDR 0.596 | M1_PDR 0.679 | H_m0 1.72 H_m1 1.84 | a-0.0174 c2.4784 ent0.0098 VRAM 33MB
Ep 4150 | M0_PDR 0.601 | M1_PDR 0.673 | H_m0 1.72 H_m1 1.84 | a-0.0167 c2.3636 ent0.0093 VRAM 33MB
Ep 4200 | M0_PDR 0.606 | M1_PDR 0.703 | H_m0 1.71 H_m1 1.84 | a-0.0157 c2.7108 ent0.0088 VRAM 33MB
Ep 4250 | M0_PDR 0.595 | M1_PDR 0.711 | H_m0 1.71 H_m1 1.81 | a-0.0148 c2.5511 ent0.0083 VRAM 33MB
Ep 4300 | M0_PDR 0.590 | M1_PDR 0.707 | H_m0 1.71 H_m1 1.78 | a-0.0137 c2.2685 ent0.0079 VRAM 33MB
Ep 4350 | M0_PDR 0.605 | M1_PDR 0.697 | H_m0 1.70 H_m1 1.78 | a-0.0129 c2.2642 ent0.0074 VRAM 33MB
Ep 4400 | M0_PDR 0.566 | M1_PDR 0.703 | H_m0 1.70 H_m1 1.78 | a-0.0121 c2.5992 ent0.0069 VRAM 33MB
Ep 4450 | M0_PDR 0.628 | M1_PDR 0.686 | H_m0 1.70 H_m1 1.76 | a-0.0111 c2.2181 ent0.0064 VRAM 33MB
Ep 4500 | M0_PDR 0.620 | M1_PDR 0.660 | H_m0 1.70 H_m1 1.76 | a-0.0102 c2.4957 ent0.0059 VRAM 33MB
Ep 4550 | M0_PDR 0.589 | M1_PDR 0.683 | H_m0 1.69 H_m1 1.75 | a-0.0094 c2.9568 ent0.0054 VRAM 33MB
Ep 4600 | M0_PDR 0.623 | M1_PDR 0.676 | H_m0 1.69 H_m1 1.76 | a-0.0085 c2.3839 ent0.0049 VRAM 33MB
Ep 4650 | M0_PDR 0.622 | M1_PDR 0.696 | H_m0 1.69 H_m1 1.74 | a-0.0076 c2.1769 ent0.0044 VRAM 33MB
Ep 4700 | M0_PDR 0.599 | M1_PDR 0.662 | H_m0 1.68 H_m1 1.74 | a-0.0068 c3.2874 ent0.0039 VRAM 33MB
Ep 4750 | M0_PDR 0.600 | M1_PDR 0.668 | H_m0 1.68 H_m1 1.74 | a-0.0060 c2.4487 ent0.0034 VRAM 33MB
Ep 4800 | M0_PDR 0.631 | M1_PDR 0.689 | H_m0 1.68 H_m1 1.73 | a-0.0051 c2.4021 ent0.0030 VRAM 33MB
Ep 4850 | M0_PDR 0.622 | M1_PDR 0.676 | H_m0 1.68 H_m1 1.73 | a-0.0043 c2.4866 ent0.0025 VRAM 33MB
Ep 4900 | M0_PDR 0.605 | M1_PDR 0.664 | H_m0 1.68 H_m1 1.73 | a-0.0034 c2.1975 ent0.0020 VRAM 33MB
Ep 4950 | M0_PDR 0.619 | M1_PDR 0.688 | H_m0 1.68 H_m1 1.72 | a-0.0025 c2.0853 ent0.0015 VRAM 33MB

Training complete. Running 100 eval episodes...

  Eval ep   0: M0_PDR=0.610  M1_PDR=0.708
  Eval ep  20: M0_PDR=0.612  M1_PDR=0.691
  Eval ep  40: M0_PDR=0.615  M1_PDR=0.690
  Eval ep  60: M0_PDR=0.596  M1_PDR=0.667
  Eval ep  80: M0_PDR=0.612  M1_PDR=0.682

=== Eval Summary (100 episodes) ===
  M0_PDR_mean         : 0.6160
  M0_PDR_p05 (across) : 0.5925
  M0_PDR_p05 (intra)  : 0.2249
  M1_PDR_mean         : 0.6876
  M0_SINR_mean (dB)   : 4.96
  M1_SINR_mean (dB)   : 8.68
  M0_collision_rate   : 0.866
  M0_collision_within_pool : 0.589
  M1_collision_within_pool : 0.589

Result saved -> results/_A_N10_delta10_seed1.json
  N=10  rho=2.0  M0_PDR=0.616  M1_PDR=0.688
[NS3Bridge] Shutdown complete.
Run complete.
