[seed] all RNGs seeded with 2
GPU : NVIDIA GeForce RTX 3060
VRAM: 12.9 GB
Device          : cuda:0
Actor M0 params : 21,273
Actor M1 params : 21,273
Critic params   : 96,257
obs_dim=11  action_dim=25  gs_dim=115
M0 count: 5  M1 count: 5
Training for 5000 episodes (Config A_N10_seed2_5000ep_gaefix_g05_ent01, N=10)...

[NS3Bridge] Connected tcp://localhost:7256
Ep    0 | M0_PDR 0.511 | M1_PDR 0.560 | H_m0 3.22 H_m1 3.22 | a-0.0358 c0.5408 ent0.0100 VRAM 33MB
Ep   50 | M0_PDR 0.605 | M1_PDR 0.617 | H_m0 1.78 H_m1 2.39 | a-0.0217 c0.6335 ent0.0099 VRAM 33MB
Ep  100 | M0_PDR 0.612 | M1_PDR 0.700 | H_m0 1.65 H_m1 2.05 | a-0.0196 c0.6176 ent0.0098 VRAM 33MB
Ep  150 | M0_PDR 0.600 | M1_PDR 0.682 | H_m0 1.63 H_m1 1.82 | a-0.0182 c0.6045 ent0.0097 VRAM 33MB
Ep  200 | M0_PDR 0.658 | M1_PDR 0.671 | H_m0 1.63 H_m1 1.76 | a-0.0163 c0.6912 ent0.0096 VRAM 33MB
Ep  250 | M0_PDR 0.636 | M1_PDR 0.664 | H_m0 1.63 H_m1 1.75 | a-0.0158 c0.6663 ent0.0095 VRAM 33MB
Ep  300 | M0_PDR 0.630 | M1_PDR 0.685 | H_m0 1.62 H_m1 1.80 | a-0.0189 c0.6487 ent0.0095 VRAM 33MB
Ep  350 | M0_PDR 0.623 | M1_PDR 0.664 | H_m0 1.61 H_m1 1.89 | a-0.0166 c0.6374 ent0.0094 VRAM 33MB
Ep  400 | M0_PDR 0.615 | M1_PDR 0.650 | H_m0 1.63 H_m1 1.69 | a-0.0192 c0.6315 ent0.0093 VRAM 33MB
Ep  450 | M0_PDR 0.620 | M1_PDR 0.690 | H_m0 1.62 H_m1 1.77 | a-0.0171 c0.6282 ent0.0092 VRAM 33MB
Ep  500 | M0_PDR 0.638 | M1_PDR 0.671 | H_m0 1.62 H_m1 1.81 | a-0.0180 c0.6629 ent0.0091 VRAM 33MB
Ep  550 | M0_PDR 0.617 | M1_PDR 0.663 | H_m0 1.61 H_m1 1.68 | a-0.0155 c0.6259 ent0.0090 VRAM 33MB
Ep  600 | M0_PDR 0.610 | M1_PDR 0.655 | H_m0 1.61 H_m1 1.75 | a-0.0163 c0.6223 ent0.0089 VRAM 33MB
Ep  650 | M0_PDR 0.643 | M1_PDR 0.670 | H_m0 1.63 H_m1 1.77 | a-0.0157 c0.6770 ent0.0088 VRAM 33MB
Ep  700 | M0_PDR 0.638 | M1_PDR 0.663 | H_m0 1.62 H_m1 1.87 | a-0.0177 c0.6573 ent0.0087 VRAM 33MB
Ep  750 | M0_PDR 0.619 | M1_PDR 0.655 | H_m0 1.62 H_m1 1.91 | a-0.0157 c0.6304 ent0.0086 VRAM 33MB
Ep  800 | M0_PDR 0.599 | M1_PDR 0.694 | H_m0 1.62 H_m1 1.78 | a-0.0152 c0.5940 ent0.0086 VRAM 33MB
Ep  850 | M0_PDR 0.589 | M1_PDR 0.655 | H_m0 1.61 H_m1 1.94 | a-0.0166 c0.5939 ent0.0085 VRAM 33MB
Ep  900 | M0_PDR 0.607 | M1_PDR 0.641 | H_m0 1.62 H_m1 1.85 | a-0.0160 c0.6344 ent0.0084 VRAM 33MB
Ep  950 | M0_PDR 0.646 | M1_PDR 0.663 | H_m0 1.62 H_m1 1.85 | a-0.0151 c0.6679 ent0.0083 VRAM 33MB
Ep 1000 | M0_PDR 0.611 | M1_PDR 0.662 | H_m0 1.61 H_m1 1.73 | a-0.0153 c0.6129 ent0.0082 VRAM 33MB
Ep 1050 | M0_PDR 0.628 | M1_PDR 0.673 | H_m0 1.61 H_m1 1.82 | a-0.0158 c0.6619 ent0.0081 VRAM 33MB
Ep 1100 | M0_PDR 0.601 | M1_PDR 0.674 | H_m0 1.61 H_m1 1.79 | a-0.0141 c0.6044 ent0.0080 VRAM 33MB
Ep 1150 | M0_PDR 0.614 | M1_PDR 0.667 | H_m0 1.61 H_m1 1.78 | a-0.0142 c0.6179 ent0.0079 VRAM 33MB
Ep 1200 | M0_PDR 0.594 | M1_PDR 0.665 | H_m0 1.61 H_m1 1.80 | a-0.0146 c0.6108 ent0.0078 VRAM 33MB
Ep 1250 | M0_PDR 0.613 | M1_PDR 0.706 | H_m0 1.61 H_m1 1.71 | a-0.0133 c0.6127 ent0.0077 VRAM 33MB
Ep 1300 | M0_PDR 0.613 | M1_PDR 0.693 | H_m0 1.62 H_m1 1.72 | a-0.0135 c0.6306 ent0.0077 VRAM 33MB
Ep 1350 | M0_PDR 0.623 | M1_PDR 0.677 | H_m0 1.61 H_m1 1.73 | a-0.0131 c0.6362 ent0.0076 VRAM 33MB
Ep 1400 | M0_PDR 0.608 | M1_PDR 0.693 | H_m0 1.62 H_m1 1.71 | a-0.0135 c0.6136 ent0.0075 VRAM 33MB
Ep 1450 | M0_PDR 0.600 | M1_PDR 0.673 | H_m0 1.61 H_m1 1.70 | a-0.0125 c0.6125 ent0.0074 VRAM 33MB
Ep 1500 | M0_PDR 0.605 | M1_PDR 0.670 | H_m0 1.62 H_m1 1.74 | a-0.0126 c0.6028 ent0.0073 VRAM 33MB
Ep 1550 | M0_PDR 0.610 | M1_PDR 0.651 | H_m0 1.61 H_m1 1.69 | a-0.0131 c0.6254 ent0.0072 VRAM 33MB
Ep 1600 | M0_PDR 0.621 | M1_PDR 0.671 | H_m0 1.61 H_m1 1.65 | a-0.0129 c0.6283 ent0.0071 VRAM 33MB
Ep 1650 | M0_PDR 0.638 | M1_PDR 0.674 | H_m0 1.61 H_m1 1.72 | a-0.0116 c0.6509 ent0.0070 VRAM 33MB
Ep 1700 | M0_PDR 0.592 | M1_PDR 0.670 | H_m0 1.61 H_m1 1.75 | a-0.0124 c0.5917 ent0.0069 VRAM 33MB
Ep 1750 | M0_PDR 0.614 | M1_PDR 0.689 | H_m0 1.61 H_m1 1.64 | a-0.0114 c0.6234 ent0.0068 VRAM 33MB
Ep 1800 | M0_PDR 0.609 | M1_PDR 0.650 | H_m0 1.61 H_m1 1.75 | a-0.0115 c0.6134 ent0.0068 VRAM 33MB
Ep 1850 | M0_PDR 0.610 | M1_PDR 0.664 | H_m0 1.61 H_m1 1.71 | a-0.0120 c0.6333 ent0.0067 VRAM 33MB
Ep 1900 | M0_PDR 0.597 | M1_PDR 0.674 | H_m0 1.61 H_m1 1.74 | a-0.0113 c0.6009 ent0.0066 VRAM 33MB
Ep 1950 | M0_PDR 0.589 | M1_PDR 0.651 | H_m0 1.61 H_m1 1.65 | a-0.0112 c0.6073 ent0.0065 VRAM 33MB
Ep 2000 | M0_PDR 0.629 | M1_PDR 0.686 | H_m0 1.61 H_m1 1.64 | a-0.0104 c0.6315 ent0.0064 VRAM 33MB
Ep 2050 | M0_PDR 0.629 | M1_PDR 0.675 | H_m0 1.61 H_m1 1.74 | a-0.0114 c0.6401 ent0.0063 VRAM 33MB
Ep 2100 | M0_PDR 0.628 | M1_PDR 0.655 | H_m0 1.61 H_m1 1.78 | a-0.0112 c0.6534 ent0.0062 VRAM 33MB
Ep 2150 | M0_PDR 0.637 | M1_PDR 0.690 | H_m0 1.61 H_m1 1.69 | a-0.0107 c0.6485 ent0.0061 VRAM 33MB
Ep 2200 | M0_PDR 0.614 | M1_PDR 0.702 | H_m0 1.61 H_m1 1.68 | a-0.0100 c0.6157 ent0.0060 VRAM 33MB
Ep 2250 | M0_PDR 0.616 | M1_PDR 0.682 | H_m0 1.61 H_m1 1.67 | a-0.0100 c0.6352 ent0.0059 VRAM 33MB
Ep 2300 | M0_PDR 0.602 | M1_PDR 0.710 | H_m0 1.61 H_m1 1.67 | a-0.0104 c0.5965 ent0.0059 VRAM 33MB
Ep 2350 | M0_PDR 0.634 | M1_PDR 0.663 | H_m0 1.61 H_m1 1.67 | a-0.0094 c0.6542 ent0.0058 VRAM 33MB
Ep 2400 | M0_PDR 0.632 | M1_PDR 0.682 | H_m0 1.61 H_m1 1.64 | a-0.0094 c0.6459 ent0.0057 VRAM 33MB
Ep 2450 | M0_PDR 0.621 | M1_PDR 0.711 | H_m0 1.61 H_m1 1.67 | a-0.0096 c0.6224 ent0.0056 VRAM 33MB
Ep 2500 | M0_PDR 0.598 | M1_PDR 0.656 | H_m0 1.61 H_m1 1.65 | a-0.0092 c0.6219 ent0.0055 VRAM 33MB
Ep 2550 | M0_PDR 0.615 | M1_PDR 0.637 | H_m0 1.61 H_m1 1.67 | a-0.0102 c0.6316 ent0.0054 VRAM 33MB
Ep 2600 | M0_PDR 0.621 | M1_PDR 0.697 | H_m0 1.61 H_m1 1.64 | a-0.0089 c0.6300 ent0.0053 VRAM 33MB
Ep 2650 | M0_PDR 0.616 | M1_PDR 0.679 | H_m0 1.61 H_m1 1.67 | a-0.0089 c0.6351 ent0.0052 VRAM 33MB
Ep 2700 | M0_PDR 0.618 | M1_PDR 0.688 | H_m0 1.61 H_m1 1.67 | a-0.0089 c0.6276 ent0.0051 VRAM 33MB
Ep 2750 | M0_PDR 0.600 | M1_PDR 0.690 | H_m0 1.61 H_m1 1.65 | a-0.0088 c0.6066 ent0.0050 VRAM 33MB
Ep 2800 | M0_PDR 0.619 | M1_PDR 0.681 | H_m0 1.61 H_m1 1.64 | a-0.0081 c0.6309 ent0.0050 VRAM 33MB
Ep 2850 | M0_PDR 0.616 | M1_PDR 0.681 | H_m0 1.61 H_m1 1.69 | a-0.0081 c0.6239 ent0.0049 VRAM 33MB
Ep 2900 | M0_PDR 0.609 | M1_PDR 0.659 | H_m0 1.61 H_m1 1.66 | a-0.0079 c0.6202 ent0.0048 VRAM 33MB
Ep 2950 | M0_PDR 0.615 | M1_PDR 0.664 | H_m0 1.61 H_m1 1.69 | a-0.0080 c0.6387 ent0.0047 VRAM 33MB
Ep 3000 | M0_PDR 0.621 | M1_PDR 0.712 | H_m0 1.61 H_m1 1.67 | a-0.0080 c0.6286 ent0.0046 VRAM 33MB
Ep 3050 | M0_PDR 0.615 | M1_PDR 0.715 | H_m0 1.61 H_m1 1.67 | a-0.0083 c0.6148 ent0.0045 VRAM 33MB
Ep 3100 | M0_PDR 0.623 | M1_PDR 0.673 | H_m0 1.61 H_m1 1.69 | a-0.0075 c0.6465 ent0.0044 VRAM 33MB
Ep 3150 | M0_PDR 0.607 | M1_PDR 0.702 | H_m0 1.61 H_m1 1.68 | a-0.0073 c0.5912 ent0.0043 VRAM 33MB
Ep 3200 | M0_PDR 0.629 | M1_PDR 0.695 | H_m0 1.61 H_m1 1.66 | a-0.0069 c0.6393 ent0.0042 VRAM 33MB
Ep 3250 | M0_PDR 0.623 | M1_PDR 0.670 | H_m0 1.61 H_m1 1.65 | a-0.0073 c0.6331 ent0.0041 VRAM 33MB
Ep 3300 | M0_PDR 0.605 | M1_PDR 0.696 | H_m0 1.61 H_m1 1.66 | a-0.0071 c0.6094 ent0.0041 VRAM 33MB
Ep 3350 | M0_PDR 0.605 | M1_PDR 0.690 | H_m0 1.61 H_m1 1.65 | a-0.0070 c0.6097 ent0.0040 VRAM 33MB
Ep 3400 | M0_PDR 0.636 | M1_PDR 0.685 | H_m0 1.61 H_m1 1.65 | a-0.0065 c0.6430 ent0.0039 VRAM 33MB
Ep 3450 | M0_PDR 0.623 | M1_PDR 0.689 | H_m0 1.61 H_m1 1.65 | a-0.0063 c0.6373 ent0.0038 VRAM 33MB
Ep 3500 | M0_PDR 0.623 | M1_PDR 0.695 | H_m0 1.61 H_m1 1.65 | a-0.0064 c0.6372 ent0.0037 VRAM 33MB
Ep 3550 | M0_PDR 0.619 | M1_PDR 0.659 | H_m0 1.61 H_m1 1.65 | a-0.0061 c0.6372 ent0.0036 VRAM 33MB
Ep 3600 | M0_PDR 0.625 | M1_PDR 0.678 | H_m0 1.61 H_m1 1.64 | a-0.0059 c0.6358 ent0.0035 VRAM 33MB
Ep 3650 | M0_PDR 0.618 | M1_PDR 0.670 | H_m0 1.61 H_m1 1.65 | a-0.0056 c0.6367 ent0.0034 VRAM 33MB
Ep 3700 | M0_PDR 0.626 | M1_PDR 0.688 | H_m0 1.61 H_m1 1.64 | a-0.0055 c0.6382 ent0.0033 VRAM 33MB
Ep 3750 | M0_PDR 0.621 | M1_PDR 0.711 | H_m0 1.61 H_m1 1.64 | a-0.0053 c0.6135 ent0.0032 VRAM 33MB
Ep 3800 | M0_PDR 0.613 | M1_PDR 0.710 | H_m0 1.61 H_m1 1.64 | a-0.0053 c0.6271 ent0.0032 VRAM 33MB
Ep 3850 | M0_PDR 0.639 | M1_PDR 0.677 | H_m0 1.61 H_m1 1.64 | a-0.0052 c0.6411 ent0.0031 VRAM 33MB
Ep 3900 | M0_PDR 0.622 | M1_PDR 0.696 | H_m0 1.61 H_m1 1.64 | a-0.0049 c0.6263 ent0.0030 VRAM 33MB
Ep 3950 | M0_PDR 0.624 | M1_PDR 0.691 | H_m0 1.61 H_m1 1.64 | a-0.0048 c0.6361 ent0.0029 VRAM 33MB
Ep 4000 | M0_PDR 0.605 | M1_PDR 0.671 | H_m0 1.61 H_m1 1.64 | a-0.0047 c0.6103 ent0.0028 VRAM 33MB
Ep 4050 | M0_PDR 0.592 | M1_PDR 0.682 | H_m0 1.61 H_m1 1.64 | a-0.0045 c0.5985 ent0.0027 VRAM 33MB
Ep 4100 | M0_PDR 0.600 | M1_PDR 0.673 | H_m0 1.61 H_m1 1.64 | a-0.0044 c0.5945 ent0.0026 VRAM 33MB
Ep 4150 | M0_PDR 0.624 | M1_PDR 0.649 | H_m0 1.61 H_m1 1.64 | a-0.0042 c0.6432 ent0.0025 VRAM 33MB
Ep 4200 | M0_PDR 0.610 | M1_PDR 0.696 | H_m0 1.61 H_m1 1.64 | a-0.0041 c0.6050 ent0.0024 VRAM 33MB
Ep 4250 | M0_PDR 0.616 | M1_PDR 0.660 | H_m0 1.61 H_m1 1.64 | a-0.0040 c0.6256 ent0.0023 VRAM 33MB
Ep 4300 | M0_PDR 0.632 | M1_PDR 0.716 | H_m0 1.61 H_m1 1.63 | a-0.0039 c0.6440 ent0.0023 VRAM 33MB
Ep 4350 | M0_PDR 0.616 | M1_PDR 0.644 | H_m0 1.61 H_m1 1.64 | a-0.0036 c0.6343 ent0.0022 VRAM 33MB
Ep 4400 | M0_PDR 0.609 | M1_PDR 0.673 | H_m0 1.61 H_m1 1.63 | a-0.0034 c0.6055 ent0.0021 VRAM 33MB
Ep 4450 | M0_PDR 0.633 | M1_PDR 0.697 | H_m0 1.61 H_m1 1.63 | a-0.0034 c0.6470 ent0.0020 VRAM 33MB
Ep 4500 | M0_PDR 0.615 | M1_PDR 0.707 | H_m0 1.61 H_m1 1.64 | a-0.0031 c0.6333 ent0.0019 VRAM 33MB
Ep 4550 | M0_PDR 0.642 | M1_PDR 0.702 | H_m0 1.61 H_m1 1.63 | a-0.0030 c0.6519 ent0.0018 VRAM 33MB
Ep 4600 | M0_PDR 0.620 | M1_PDR 0.698 | H_m0 1.61 H_m1 1.63 | a-0.0029 c0.6233 ent0.0017 VRAM 33MB
Ep 4650 | M0_PDR 0.628 | M1_PDR 0.710 | H_m0 1.61 H_m1 1.63 | a-0.0027 c0.6367 ent0.0016 VRAM 33MB
Ep 4700 | M0_PDR 0.627 | M1_PDR 0.675 | H_m0 1.61 H_m1 1.63 | a-0.0025 c0.6472 ent0.0015 VRAM 33MB
Ep 4750 | M0_PDR 0.611 | M1_PDR 0.674 | H_m0 1.61 H_m1 1.63 | a-0.0024 c0.6227 ent0.0014 VRAM 33MB
Ep 4800 | M0_PDR 0.586 | M1_PDR 0.690 | H_m0 1.61 H_m1 1.63 | a-0.0022 c0.6042 ent0.0014 VRAM 33MB
Ep 4850 | M0_PDR 0.596 | M1_PDR 0.692 | H_m0 1.61 H_m1 1.63 | a-0.0021 c0.5841 ent0.0013 VRAM 33MB
Ep 4900 | M0_PDR 0.629 | M1_PDR 0.636 | H_m0 1.61 H_m1 1.63 | a-0.0019 c0.6389 ent0.0012 VRAM 33MB
Ep 4950 | M0_PDR 0.619 | M1_PDR 0.698 | H_m0 1.61 H_m1 1.63 | a-0.0018 c0.6252 ent0.0011 VRAM 33MB

Training complete. Running 100 eval episodes...

  Eval ep   0: M0_PDR=0.637  M1_PDR=0.725
  Eval ep  20: M0_PDR=0.607  M1_PDR=0.706
  Eval ep  40: M0_PDR=0.648  M1_PDR=0.681
  Eval ep  60: M0_PDR=0.618  M1_PDR=0.707
  Eval ep  80: M0_PDR=0.637  M1_PDR=0.694

=== Eval Summary (100 episodes) ===
  M0_PDR_mean         : 0.6174
  M0_PDR_p05 (across) : 0.5911
  M0_PDR_p05 (intra)  : 0.2206
  M1_PDR_mean         : 0.6886
  M0_SINR_mean (dB)   : 5.13
  M1_SINR_mean (dB)   : 8.69
  M0_collision_rate   : 0.865
  M0_collision_within_pool : 0.589
  M1_collision_within_pool : 0.591

Result saved -> results/_A_N10_seed2_5000ep_gaefix_g05_ent01.json
  N=10  rho=2.0  M0_PDR=0.617  M1_PDR=0.689
[NS3Bridge] Shutdown complete.
Run complete.
