[seed] all RNGs seeded with 2
GPU : NVIDIA GeForce RTX 3060
VRAM: 12.9 GB
Device          : cuda:0
Actor M0 params : 21,273
Actor M1 params : 21,273
Critic params   : 113,153
obs_dim=11  action_dim=25  gs_dim=170
M0 count: 7  M1 count: 8
Training for 5000 episodes (Config A_N15_seed2_5000ep_gaefix_g05_ent01_as, N=15)...

[NS3Bridge] Connected tcp://localhost:8766
Ep    0 | M0_PDR 0.502 | M1_PDR 0.514 | H_m0 3.22 H_m1 3.22 | a-0.0355 c0.5104 ent0.0100 VRAM 43MB
Ep   50 | M0_PDR 0.578 | M1_PDR 0.647 | H_m0 1.52 H_m1 1.62 | a-0.0168 c0.1280 ent0.0099 VRAM 43MB
Ep  100 | M0_PDR 0.602 | M1_PDR 0.631 | H_m0 1.29 H_m1 1.44 | a-0.0165 c0.1239 ent0.0098 VRAM 43MB
Ep  150 | M0_PDR 0.659 | M1_PDR 0.679 | H_m0 0.89 H_m1 1.40 | a-0.0120 c0.1092 ent0.0097 VRAM 43MB
Ep  200 | M0_PDR 0.711 | M1_PDR 0.671 | H_m0 0.67 H_m1 1.36 | a-0.0111 c0.0956 ent0.0096 VRAM 43MB
Ep  250 | M0_PDR 0.744 | M1_PDR 0.655 | H_m0 0.52 H_m1 1.36 | a-0.0120 c0.1005 ent0.0095 VRAM 43MB
Ep  300 | M0_PDR 0.707 | M1_PDR 0.649 | H_m0 0.58 H_m1 1.35 | a-0.0125 c0.1024 ent0.0095 VRAM 43MB
Ep  350 | M0_PDR 0.746 | M1_PDR 0.654 | H_m0 0.54 H_m1 1.34 | a-0.0107 c0.0835 ent0.0094 VRAM 43MB
Ep  400 | M0_PDR 0.770 | M1_PDR 0.654 | H_m0 0.45 H_m1 1.31 | a-0.0080 c0.0848 ent0.0093 VRAM 43MB
Ep  450 | M0_PDR 0.718 | M1_PDR 0.677 | H_m0 0.48 H_m1 1.31 | a-0.0099 c0.0944 ent0.0092 VRAM 43MB
Ep  500 | M0_PDR 0.721 | M1_PDR 0.714 | H_m0 0.70 H_m1 1.18 | a-0.0116 c0.1152 ent0.0091 VRAM 43MB
Ep  550 | M0_PDR 0.757 | M1_PDR 0.737 | H_m0 0.47 H_m1 1.15 | a-0.0088 c0.0864 ent0.0090 VRAM 43MB
Ep  600 | M0_PDR 0.751 | M1_PDR 0.704 | H_m0 0.45 H_m1 1.08 | a-0.0093 c0.0934 ent0.0089 VRAM 43MB
Ep  650 | M0_PDR 0.779 | M1_PDR 0.716 | H_m0 0.42 H_m1 1.03 | a-0.0082 c0.0958 ent0.0088 VRAM 43MB
Ep  700 | M0_PDR 0.727 | M1_PDR 0.724 | H_m0 0.51 H_m1 0.99 | a-0.0060 c0.1038 ent0.0087 VRAM 43MB
Ep  750 | M0_PDR 0.715 | M1_PDR 0.732 | H_m0 0.56 H_m1 0.88 | a-0.0072 c0.0890 ent0.0086 VRAM 43MB
Ep  800 | M0_PDR 0.769 | M1_PDR 0.719 | H_m0 0.49 H_m1 0.93 | a-0.0068 c0.0967 ent0.0086 VRAM 43MB
Ep  850 | M0_PDR 0.732 | M1_PDR 0.731 | H_m0 0.51 H_m1 0.89 | a-0.0078 c0.0916 ent0.0085 VRAM 43MB
Ep  900 | M0_PDR 0.777 | M1_PDR 0.711 | H_m0 0.58 H_m1 0.88 | a-0.0079 c0.0756 ent0.0084 VRAM 43MB
Ep  950 | M0_PDR 0.763 | M1_PDR 0.709 | H_m0 0.59 H_m1 0.83 | a-0.0088 c0.0830 ent0.0083 VRAM 43MB
Ep 1000 | M0_PDR 0.758 | M1_PDR 0.672 | H_m0 0.57 H_m1 0.88 | a-0.0067 c0.0848 ent0.0082 VRAM 43MB
Ep 1050 | M0_PDR 0.746 | M1_PDR 0.729 | H_m0 0.48 H_m1 0.80 | a-0.0067 c0.0857 ent0.0081 VRAM 43MB
Ep 1100 | M0_PDR 0.759 | M1_PDR 0.735 | H_m0 0.52 H_m1 0.77 | a-0.0058 c0.0834 ent0.0080 VRAM 43MB
Ep 1150 | M0_PDR 0.743 | M1_PDR 0.745 | H_m0 0.50 H_m1 0.67 | a-0.0051 c0.0975 ent0.0079 VRAM 43MB
Ep 1200 | M0_PDR 0.735 | M1_PDR 0.774 | H_m0 0.50 H_m1 0.51 | a-0.0069 c0.0818 ent0.0078 VRAM 43MB
Ep 1250 | M0_PDR 0.749 | M1_PDR 0.745 | H_m0 0.58 H_m1 0.48 | a-0.0057 c0.0779 ent0.0077 VRAM 43MB
Ep 1300 | M0_PDR 0.746 | M1_PDR 0.745 | H_m0 0.53 H_m1 0.56 | a-0.0066 c0.0972 ent0.0077 VRAM 43MB
Ep 1350 | M0_PDR 0.737 | M1_PDR 0.791 | H_m0 0.54 H_m1 0.63 | a-0.0056 c0.1121 ent0.0076 VRAM 43MB
Ep 1400 | M0_PDR 0.745 | M1_PDR 0.772 | H_m0 0.47 H_m1 0.52 | a-0.0038 c0.0923 ent0.0075 VRAM 43MB
Ep 1450 | M0_PDR 0.781 | M1_PDR 0.738 | H_m0 0.36 H_m1 0.65 | a-0.0048 c0.0879 ent0.0074 VRAM 43MB
Ep 1500 | M0_PDR 0.773 | M1_PDR 0.788 | H_m0 0.39 H_m1 0.53 | a-0.0037 c0.0840 ent0.0073 VRAM 43MB
Ep 1550 | M0_PDR 0.805 | M1_PDR 0.830 | H_m0 0.34 H_m1 0.46 | a-0.0030 c0.0827 ent0.0072 VRAM 43MB
Ep 1600 | M0_PDR 0.791 | M1_PDR 0.828 | H_m0 0.35 H_m1 0.45 | a-0.0029 c0.0842 ent0.0071 VRAM 43MB
Ep 1650 | M0_PDR 0.806 | M1_PDR 0.811 | H_m0 0.32 H_m1 0.46 | a-0.0058 c0.0860 ent0.0070 VRAM 43MB
Ep 1700 | M0_PDR 0.790 | M1_PDR 0.806 | H_m0 0.30 H_m1 0.44 | a-0.0030 c0.0866 ent0.0069 VRAM 43MB
Ep 1750 | M0_PDR 0.791 | M1_PDR 0.840 | H_m0 0.30 H_m1 0.46 | a-0.0038 c0.0786 ent0.0068 VRAM 43MB
Ep 1800 | M0_PDR 0.747 | M1_PDR 0.842 | H_m0 0.37 H_m1 0.39 | a-0.0049 c0.0899 ent0.0068 VRAM 43MB
Ep 1850 | M0_PDR 0.800 | M1_PDR 0.838 | H_m0 0.24 H_m1 0.32 | a-0.0042 c0.0824 ent0.0067 VRAM 43MB
Ep 1900 | M0_PDR 0.808 | M1_PDR 0.854 | H_m0 0.24 H_m1 0.17 | a-0.0022 c0.0852 ent0.0066 VRAM 43MB
Ep 1950 | M0_PDR 0.825 | M1_PDR 0.872 | H_m0 0.13 H_m1 0.15 | a-0.0014 c0.0802 ent0.0065 VRAM 43MB
Ep 2000 | M0_PDR 0.830 | M1_PDR 0.854 | H_m0 0.16 H_m1 0.20 | a-0.0022 c0.0716 ent0.0064 VRAM 43MB
Ep 2050 | M0_PDR 0.838 | M1_PDR 0.885 | H_m0 0.12 H_m1 0.13 | a-0.0012 c0.0764 ent0.0063 VRAM 43MB
Ep 2100 | M0_PDR 0.855 | M1_PDR 0.887 | H_m0 0.11 H_m1 0.13 | a-0.0009 c0.0743 ent0.0062 VRAM 43MB
Ep 2150 | M0_PDR 0.839 | M1_PDR 0.860 | H_m0 0.09 H_m1 0.16 | a-0.0034 c0.0786 ent0.0061 VRAM 43MB
Ep 2200 | M0_PDR 0.841 | M1_PDR 0.867 | H_m0 0.10 H_m1 0.15 | a-0.0015 c0.0732 ent0.0060 VRAM 43MB
Ep 2250 | M0_PDR 0.815 | M1_PDR 0.882 | H_m0 0.10 H_m1 0.12 | a-0.0017 c0.0835 ent0.0059 VRAM 43MB
Ep 2300 | M0_PDR 0.825 | M1_PDR 0.899 | H_m0 0.10 H_m1 0.10 | a-0.0024 c0.0825 ent0.0059 VRAM 43MB
Ep 2350 | M0_PDR 0.836 | M1_PDR 0.882 | H_m0 0.07 H_m1 0.13 | a-0.0012 c0.0747 ent0.0058 VRAM 43MB
Ep 2400 | M0_PDR 0.846 | M1_PDR 0.885 | H_m0 0.09 H_m1 0.09 | a-0.0004 c0.0779 ent0.0057 VRAM 43MB
Ep 2450 | M0_PDR 0.837 | M1_PDR 0.892 | H_m0 0.07 H_m1 0.11 | a-0.0009 c0.0773 ent0.0056 VRAM 43MB
Ep 2500 | M0_PDR 0.849 | M1_PDR 0.887 | H_m0 0.06 H_m1 0.08 | a-0.0006 c0.0668 ent0.0055 VRAM 43MB
Ep 2550 | M0_PDR 0.849 | M1_PDR 0.890 | H_m0 0.07 H_m1 0.09 | a-0.0008 c0.0657 ent0.0054 VRAM 43MB
Ep 2600 | M0_PDR 0.817 | M1_PDR 0.881 | H_m0 0.08 H_m1 0.10 | a-0.0006 c0.0845 ent0.0053 VRAM 43MB
Ep 2650 | M0_PDR 0.834 | M1_PDR 0.879 | H_m0 0.08 H_m1 0.09 | a-0.0006 c0.0744 ent0.0052 VRAM 43MB
Ep 2700 | M0_PDR 0.835 | M1_PDR 0.882 | H_m0 0.07 H_m1 0.09 | a-0.0010 c0.0757 ent0.0051 VRAM 43MB
Ep 2750 | M0_PDR 0.820 | M1_PDR 0.880 | H_m0 0.06 H_m1 0.08 | a-0.0012 c0.0771 ent0.0050 VRAM 43MB
Ep 2800 | M0_PDR 0.806 | M1_PDR 0.867 | H_m0 0.09 H_m1 0.12 | a-0.0008 c0.0842 ent0.0050 VRAM 43MB
Ep 2850 | M0_PDR 0.821 | M1_PDR 0.883 | H_m0 0.08 H_m1 0.08 | a-0.0007 c0.0795 ent0.0049 VRAM 43MB
Ep 2900 | M0_PDR 0.804 | M1_PDR 0.885 | H_m0 0.09 H_m1 0.06 | a-0.0007 c0.0822 ent0.0048 VRAM 43MB
Ep 2950 | M0_PDR 0.804 | M1_PDR 0.901 | H_m0 0.10 H_m1 0.06 | a-0.0020 c0.0856 ent0.0047 VRAM 43MB
Ep 3000 | M0_PDR 0.826 | M1_PDR 0.870 | H_m0 0.08 H_m1 0.09 | a-0.0012 c0.0749 ent0.0046 VRAM 43MB
Ep 3050 | M0_PDR 0.832 | M1_PDR 0.895 | H_m0 0.08 H_m1 0.08 | a-0.0012 c0.0857 ent0.0045 VRAM 43MB
Ep 3100 | M0_PDR 0.824 | M1_PDR 0.875 | H_m0 0.07 H_m1 0.08 | a-0.0006 c0.0759 ent0.0044 VRAM 43MB
Ep 3150 | M0_PDR 0.801 | M1_PDR 0.894 | H_m0 0.09 H_m1 0.07 | a-0.0004 c0.0878 ent0.0043 VRAM 43MB
Ep 3200 | M0_PDR 0.867 | M1_PDR 0.882 | H_m0 0.05 H_m1 0.05 | a-0.0009 c0.0621 ent0.0042 VRAM 43MB
Ep 3250 | M0_PDR 0.789 | M1_PDR 0.888 | H_m0 0.11 H_m1 0.08 | a-0.0006 c0.0830 ent0.0041 VRAM 43MB
Ep 3300 | M0_PDR 0.866 | M1_PDR 0.899 | H_m0 0.06 H_m1 0.05 | a-0.0012 c0.0672 ent0.0041 VRAM 43MB
Ep 3350 | M0_PDR 0.836 | M1_PDR 0.901 | H_m0 0.08 H_m1 0.06 | a-0.0006 c0.0791 ent0.0040 VRAM 43MB
Ep 3400 | M0_PDR 0.825 | M1_PDR 0.890 | H_m0 0.08 H_m1 0.06 | a-0.0015 c0.0771 ent0.0039 VRAM 43MB
Ep 3450 | M0_PDR 0.829 | M1_PDR 0.882 | H_m0 0.08 H_m1 0.08 | a-0.0006 c0.0751 ent0.0038 VRAM 43MB
Ep 3500 | M0_PDR 0.842 | M1_PDR 0.876 | H_m0 0.08 H_m1 0.07 | a-0.0013 c0.0711 ent0.0037 VRAM 43MB
Ep 3550 | M0_PDR 0.851 | M1_PDR 0.898 | H_m0 0.07 H_m1 0.06 | a-0.0007 c0.0770 ent0.0036 VRAM 43MB
Ep 3600 | M0_PDR 0.820 | M1_PDR 0.886 | H_m0 0.07 H_m1 0.08 | a-0.0005 c0.0798 ent0.0035 VRAM 43MB
Ep 3650 | M0_PDR 0.848 | M1_PDR 0.891 | H_m0 0.06 H_m1 0.07 | a-0.0005 c0.0726 ent0.0034 VRAM 43MB
Ep 3700 | M0_PDR 0.862 | M1_PDR 0.906 | H_m0 0.05 H_m1 0.05 | a-0.0003 c0.0641 ent0.0033 VRAM 43MB
Ep 3750 | M0_PDR 0.789 | M1_PDR 0.912 | H_m0 0.10 H_m1 0.05 | a-0.0010 c0.0857 ent0.0032 VRAM 43MB
Ep 3800 | M0_PDR 0.825 | M1_PDR 0.905 | H_m0 0.06 H_m1 0.06 | a-0.0002 c0.0701 ent0.0032 VRAM 43MB
Ep 3850 | M0_PDR 0.810 | M1_PDR 0.919 | H_m0 0.08 H_m1 0.05 | a-0.0003 c0.0802 ent0.0031 VRAM 43MB
Ep 3900 | M0_PDR 0.846 | M1_PDR 0.881 | H_m0 0.05 H_m1 0.07 | a-0.0002 c0.0703 ent0.0030 VRAM 43MB
Ep 3950 | M0_PDR 0.836 | M1_PDR 0.913 | H_m0 0.06 H_m1 0.06 | a-0.0004 c0.0702 ent0.0029 VRAM 43MB
Ep 4000 | M0_PDR 0.858 | M1_PDR 0.893 | H_m0 0.05 H_m1 0.06 | a-0.0005 c0.0643 ent0.0028 VRAM 43MB
Ep 4050 | M0_PDR 0.859 | M1_PDR 0.909 | H_m0 0.06 H_m1 0.05 | a-0.0003 c0.0686 ent0.0027 VRAM 43MB
Ep 4100 | M0_PDR 0.841 | M1_PDR 0.897 | H_m0 0.06 H_m1 0.06 | a-0.0001 c0.0666 ent0.0026 VRAM 43MB
Ep 4150 | M0_PDR 0.815 | M1_PDR 0.892 | H_m0 0.08 H_m1 0.06 | a-0.0002 c0.0765 ent0.0025 VRAM 43MB
Ep 4200 | M0_PDR 0.819 | M1_PDR 0.881 | H_m0 0.07 H_m1 0.07 | a-0.0002 c0.0777 ent0.0024 VRAM 43MB
Ep 4250 | M0_PDR 0.848 | M1_PDR 0.922 | H_m0 0.05 H_m1 0.04 | a-0.0002 c0.0672 ent0.0023 VRAM 43MB
Ep 4300 | M0_PDR 0.871 | M1_PDR 0.872 | H_m0 0.05 H_m1 0.07 | a-0.0003 c0.0666 ent0.0023 VRAM 43MB
Ep 4350 | M0_PDR 0.830 | M1_PDR 0.892 | H_m0 0.06 H_m1 0.05 | a-0.0002 c0.0726 ent0.0022 VRAM 43MB
Ep 4400 | M0_PDR 0.831 | M1_PDR 0.889 | H_m0 0.05 H_m1 0.07 | a-0.0002 c0.0689 ent0.0021 VRAM 43MB
Ep 4450 | M0_PDR 0.835 | M1_PDR 0.909 | H_m0 0.06 H_m1 0.05 | a-0.0003 c0.0756 ent0.0020 VRAM 43MB
Ep 4500 | M0_PDR 0.834 | M1_PDR 0.909 | H_m0 0.06 H_m1 0.05 | a-0.0002 c0.0716 ent0.0019 VRAM 43MB
Ep 4550 | M0_PDR 0.832 | M1_PDR 0.875 | H_m0 0.07 H_m1 0.07 | a-0.0002 c0.0746 ent0.0018 VRAM 43MB
Ep 4600 | M0_PDR 0.789 | M1_PDR 0.889 | H_m0 0.08 H_m1 0.07 | a-0.0003 c0.0829 ent0.0017 VRAM 43MB
Ep 4650 | M0_PDR 0.860 | M1_PDR 0.905 | H_m0 0.04 H_m1 0.05 | a-0.0000 c0.0614 ent0.0016 VRAM 43MB
Ep 4700 | M0_PDR 0.819 | M1_PDR 0.887 | H_m0 0.07 H_m1 0.08 | a-0.0003 c0.0753 ent0.0015 VRAM 43MB
Ep 4750 | M0_PDR 0.834 | M1_PDR 0.896 | H_m0 0.07 H_m1 0.06 | a-0.0001 c0.0709 ent0.0014 VRAM 43MB
Ep 4800 | M0_PDR 0.824 | M1_PDR 0.876 | H_m0 0.06 H_m1 0.07 | a-0.0001 c0.0752 ent0.0014 VRAM 43MB
Ep 4850 | M0_PDR 0.834 | M1_PDR 0.905 | H_m0 0.07 H_m1 0.05 | a-0.0001 c0.0714 ent0.0013 VRAM 43MB
Ep 4900 | M0_PDR 0.825 | M1_PDR 0.879 | H_m0 0.09 H_m1 0.08 | a-0.0001 c0.0729 ent0.0012 VRAM 43MB
Ep 4950 | M0_PDR 0.833 | M1_PDR 0.905 | H_m0 0.06 H_m1 0.05 | a-0.0001 c0.0684 ent0.0011 VRAM 43MB

Training complete. Running 100 eval episodes...

  Eval ep   0: M0_PDR=0.836  M1_PDR=0.887
  Eval ep  20: M0_PDR=0.811  M1_PDR=0.908
  Eval ep  40: M0_PDR=0.856  M1_PDR=0.897
  Eval ep  60: M0_PDR=0.853  M1_PDR=0.852
  Eval ep  80: M0_PDR=0.830  M1_PDR=0.900

=== Eval Summary (100 episodes) ===
  M0_PDR_mean         : 0.8350
  M0_PDR_p05 (across) : 0.8103
  M0_PDR_p05 (intra)  : 0.5887
  M1_PDR_mean         : 0.8921
  M0_SINR_mean (dB)   : 13.14
  M1_SINR_mean (dB)   : 15.49
  M0_collision_rate   : 0.998
  M0_collision_within_pool : 0.645
  M1_collision_within_pool : 0.756

Result saved -> results/_A_N15_seed2_5000ep_gaefix_g05_ent01_as.json
  N=15  rho=3.0  M0_PDR=0.835  M1_PDR=0.892
[NS3Bridge] Shutdown complete.
Run complete.
