[seed] all RNGs seeded with 1
GPU : NVIDIA GeForce RTX 3060
VRAM: 12.9 GB
Device          : cuda:0
Actor M0 params : 21,273
Actor M1 params : 21,273
Critic params   : 96,257
obs_dim=11  action_dim=25  gs_dim=115
M0 count: 5  M1 count: 5
Training for 5000 episodes (Config A_N10_5000ep, N=10)...

[NS3Bridge] Connected tcp://localhost:5746
Ep    0 | M0_PDR 0.546 | M1_PDR 0.587 | H_m0 3.21 H_m1 3.22 | a-0.1649 c27.5096 ent0.0500 VRAM 33MB
Ep   50 | M0_PDR 0.580 | M1_PDR 0.552 | H_m0 2.98 H_m1 3.17 | a-0.1532 c10.7096 ent0.0495 VRAM 33MB
Ep  100 | M0_PDR 0.601 | M1_PDR 0.539 | H_m0 2.75 H_m1 3.19 | a-0.1475 c7.8257 ent0.0490 VRAM 33MB
Ep  150 | M0_PDR 0.594 | M1_PDR 0.555 | H_m0 2.95 H_m1 3.19 | a-0.1504 c5.7097 ent0.0485 VRAM 33MB
Ep  200 | M0_PDR 0.584 | M1_PDR 0.579 | H_m0 2.95 H_m1 3.17 | a-0.1480 c4.8078 ent0.0480 VRAM 33MB
Ep  250 | M0_PDR 0.593 | M1_PDR 0.576 | H_m0 2.89 H_m1 3.15 | a-0.1449 c6.5554 ent0.0475 VRAM 33MB
Ep  300 | M0_PDR 0.564 | M1_PDR 0.545 | H_m0 2.91 H_m1 3.13 | a-0.1428 c4.0350 ent0.0471 VRAM 33MB
Ep  350 | M0_PDR 0.573 | M1_PDR 0.587 | H_m0 2.81 H_m1 3.16 | a-0.1402 c3.9400 ent0.0466 VRAM 33MB
Ep  400 | M0_PDR 0.601 | M1_PDR 0.583 | H_m0 2.75 H_m1 3.18 | a-0.1371 c3.2246 ent0.0461 VRAM 33MB
Ep  450 | M0_PDR 0.624 | M1_PDR 0.552 | H_m0 2.76 H_m1 3.15 | a-0.1357 c3.3059 ent0.0456 VRAM 33MB
Ep  500 | M0_PDR 0.579 | M1_PDR 0.567 | H_m0 2.85 H_m1 3.13 | a-0.1354 c2.7121 ent0.0451 VRAM 33MB
Ep  550 | M0_PDR 0.589 | M1_PDR 0.557 | H_m0 2.66 H_m1 3.13 | a-0.1303 c4.0903 ent0.0446 VRAM 33MB
Ep  600 | M0_PDR 0.608 | M1_PDR 0.574 | H_m0 2.72 H_m1 3.14 | a-0.1300 c2.8962 ent0.0441 VRAM 33MB
Ep  650 | M0_PDR 0.621 | M1_PDR 0.572 | H_m0 2.42 H_m1 3.07 | a-0.1215 c2.7316 ent0.0436 VRAM 33MB
Ep  700 | M0_PDR 0.610 | M1_PDR 0.588 | H_m0 2.47 H_m1 3.07 | a-0.1197 c3.9260 ent0.0431 VRAM 33MB
Ep  750 | M0_PDR 0.604 | M1_PDR 0.549 | H_m0 2.39 H_m1 3.12 | a-0.1184 c2.4942 ent0.0426 VRAM 33MB
Ep  800 | M0_PDR 0.596 | M1_PDR 0.537 | H_m0 2.49 H_m1 3.14 | a-0.1202 c2.8013 ent0.0422 VRAM 33MB
Ep  850 | M0_PDR 0.580 | M1_PDR 0.568 | H_m0 2.51 H_m1 3.12 | a-0.1180 c4.3680 ent0.0417 VRAM 33MB
Ep  900 | M0_PDR 0.592 | M1_PDR 0.584 | H_m0 2.65 H_m1 3.10 | a-0.1194 c2.8214 ent0.0412 VRAM 33MB
Ep  950 | M0_PDR 0.638 | M1_PDR 0.547 | H_m0 2.53 H_m1 3.16 | a-0.1166 c2.9908 ent0.0407 VRAM 33MB
Ep 1000 | M0_PDR 0.597 | M1_PDR 0.573 | H_m0 2.66 H_m1 3.13 | a-0.1166 c2.9381 ent0.0402 VRAM 33MB
Ep 1050 | M0_PDR 0.609 | M1_PDR 0.540 | H_m0 2.42 H_m1 3.12 | a-0.1106 c2.2818 ent0.0397 VRAM 33MB
Ep 1100 | M0_PDR 0.607 | M1_PDR 0.572 | H_m0 2.45 H_m1 3.09 | a-0.1089 c4.3560 ent0.0392 VRAM 33MB
Ep 1150 | M0_PDR 0.581 | M1_PDR 0.573 | H_m0 2.46 H_m1 3.10 | a-0.1084 c1.8788 ent0.0387 VRAM 33MB
Ep 1200 | M0_PDR 0.627 | M1_PDR 0.543 | H_m0 2.41 H_m1 3.12 | a-0.1060 c2.3927 ent0.0382 VRAM 33MB
Ep 1250 | M0_PDR 0.592 | M1_PDR 0.585 | H_m0 2.35 H_m1 3.07 | a-0.1030 c2.2146 ent0.0377 VRAM 33MB
Ep 1300 | M0_PDR 0.609 | M1_PDR 0.558 | H_m0 2.40 H_m1 3.13 | a-0.1033 c2.5213 ent0.0373 VRAM 33MB
Ep 1350 | M0_PDR 0.626 | M1_PDR 0.547 | H_m0 2.37 H_m1 3.12 | a-0.1015 c2.1698 ent0.0368 VRAM 33MB
Ep 1400 | M0_PDR 0.646 | M1_PDR 0.577 | H_m0 2.48 H_m1 3.17 | a-0.1031 c2.8493 ent0.0363 VRAM 33MB
Ep 1450 | M0_PDR 0.626 | M1_PDR 0.557 | H_m0 2.29 H_m1 3.11 | a-0.0977 c2.4001 ent0.0358 VRAM 33MB
Ep 1500 | M0_PDR 0.603 | M1_PDR 0.576 | H_m0 2.18 H_m1 3.10 | a-0.0935 c2.2875 ent0.0353 VRAM 33MB
Ep 1550 | M0_PDR 0.618 | M1_PDR 0.549 | H_m0 2.45 H_m1 3.13 | a-0.0974 c2.5913 ent0.0348 VRAM 33MB
Ep 1600 | M0_PDR 0.631 | M1_PDR 0.565 | H_m0 2.30 H_m1 3.12 | a-0.0935 c2.7989 ent0.0343 VRAM 33MB
Ep 1650 | M0_PDR 0.600 | M1_PDR 0.540 | H_m0 2.16 H_m1 3.09 | a-0.0894 c2.2757 ent0.0338 VRAM 33MB
Ep 1700 | M0_PDR 0.630 | M1_PDR 0.586 | H_m0 2.22 H_m1 3.04 | a-0.0895 c1.6105 ent0.0333 VRAM 33MB
Ep 1750 | M0_PDR 0.616 | M1_PDR 0.566 | H_m0 2.14 H_m1 3.11 | a-0.0866 c2.3177 ent0.0328 VRAM 33MB
Ep 1800 | M0_PDR 0.628 | M1_PDR 0.577 | H_m0 2.33 H_m1 3.12 | a-0.0886 c3.0973 ent0.0324 VRAM 33MB
Ep 1850 | M0_PDR 0.634 | M1_PDR 0.567 | H_m0 2.34 H_m1 3.12 | a-0.0876 c1.8257 ent0.0319 VRAM 33MB
Ep 1900 | M0_PDR 0.609 | M1_PDR 0.580 | H_m0 2.29 H_m1 3.13 | a-0.0857 c2.1073 ent0.0314 VRAM 33MB
Ep 1950 | M0_PDR 0.626 | M1_PDR 0.566 | H_m0 2.13 H_m1 3.06 | a-0.0812 c2.1184 ent0.0309 VRAM 33MB
Ep 2000 | M0_PDR 0.619 | M1_PDR 0.586 | H_m0 2.11 H_m1 3.12 | a-0.0794 c2.2063 ent0.0304 VRAM 33MB
Ep 2050 | M0_PDR 0.616 | M1_PDR 0.569 | H_m0 2.21 H_m1 3.08 | a-0.0794 c2.2000 ent0.0299 VRAM 33MB
Ep 2100 | M0_PDR 0.643 | M1_PDR 0.586 | H_m0 2.18 H_m1 3.08 | a-0.0775 c2.3914 ent0.0294 VRAM 33MB
Ep 2150 | M0_PDR 0.608 | M1_PDR 0.575 | H_m0 2.24 H_m1 3.07 | a-0.0773 c1.9749 ent0.0289 VRAM 33MB
Ep 2200 | M0_PDR 0.609 | M1_PDR 0.613 | H_m0 2.07 H_m1 3.03 | a-0.0728 c2.0723 ent0.0284 VRAM 33MB
Ep 2250 | M0_PDR 0.591 | M1_PDR 0.573 | H_m0 2.17 H_m1 2.97 | a-0.0722 c2.8681 ent0.0279 VRAM 33MB
Ep 2300 | M0_PDR 0.628 | M1_PDR 0.585 | H_m0 2.10 H_m1 3.04 | a-0.0713 c2.5908 ent0.0275 VRAM 33MB
Ep 2350 | M0_PDR 0.642 | M1_PDR 0.549 | H_m0 2.17 H_m1 3.04 | a-0.0709 c2.3130 ent0.0270 VRAM 33MB
Ep 2400 | M0_PDR 0.624 | M1_PDR 0.590 | H_m0 2.16 H_m1 3.05 | a-0.0700 c2.2418 ent0.0265 VRAM 33MB
Ep 2450 | M0_PDR 0.600 | M1_PDR 0.591 | H_m0 2.14 H_m1 2.99 | a-0.0671 c2.3161 ent0.0260 VRAM 33MB
Ep 2500 | M0_PDR 0.633 | M1_PDR 0.606 | H_m0 2.06 H_m1 2.93 | a-0.0639 c2.1453 ent0.0255 VRAM 33MB
Ep 2550 | M0_PDR 0.608 | M1_PDR 0.560 | H_m0 2.04 H_m1 3.06 | a-0.0646 c2.0717 ent0.0250 VRAM 33MB
Ep 2600 | M0_PDR 0.615 | M1_PDR 0.584 | H_m0 2.05 H_m1 3.07 | a-0.0631 c2.4379 ent0.0245 VRAM 33MB
Ep 2650 | M0_PDR 0.628 | M1_PDR 0.591 | H_m0 2.10 H_m1 3.02 | a-0.0617 c2.5166 ent0.0240 VRAM 33MB
Ep 2700 | M0_PDR 0.625 | M1_PDR 0.576 | H_m0 2.08 H_m1 2.95 | a-0.0597 c2.0424 ent0.0235 VRAM 33MB
Ep 2750 | M0_PDR 0.623 | M1_PDR 0.604 | H_m0 1.98 H_m1 2.94 | a-0.0566 c1.9529 ent0.0230 VRAM 33MB
Ep 2800 | M0_PDR 0.637 | M1_PDR 0.581 | H_m0 2.04 H_m1 2.97 | a-0.0568 c2.3459 ent0.0226 VRAM 33MB
Ep 2850 | M0_PDR 0.615 | M1_PDR 0.566 | H_m0 2.04 H_m1 2.98 | a-0.0553 c2.3715 ent0.0221 VRAM 33MB
Ep 2900 | M0_PDR 0.600 | M1_PDR 0.612 | H_m0 1.96 H_m1 2.98 | a-0.0537 c2.4783 ent0.0216 VRAM 33MB
Ep 2950 | M0_PDR 0.631 | M1_PDR 0.567 | H_m0 1.93 H_m1 2.91 | a-0.0516 c1.8844 ent0.0211 VRAM 33MB
Ep 3000 | M0_PDR 0.633 | M1_PDR 0.609 | H_m0 1.86 H_m1 2.87 | a-0.0489 c2.1469 ent0.0206 VRAM 33MB
Ep 3050 | M0_PDR 0.638 | M1_PDR 0.617 | H_m0 1.83 H_m1 2.83 | a-0.0471 c2.2543 ent0.0201 VRAM 33MB
Ep 3100 | M0_PDR 0.622 | M1_PDR 0.587 | H_m0 1.81 H_m1 2.93 | a-0.0468 c2.4353 ent0.0196 VRAM 33MB
Ep 3150 | M0_PDR 0.622 | M1_PDR 0.581 | H_m0 1.82 H_m1 2.96 | a-0.0459 c2.0815 ent0.0191 VRAM 33MB
Ep 3200 | M0_PDR 0.623 | M1_PDR 0.577 | H_m0 1.83 H_m1 2.94 | a-0.0447 c1.9217 ent0.0186 VRAM 33MB
Ep 3250 | M0_PDR 0.607 | M1_PDR 0.604 | H_m0 1.85 H_m1 2.96 | a-0.0438 c2.1907 ent0.0181 VRAM 33MB
Ep 3300 | M0_PDR 0.646 | M1_PDR 0.592 | H_m0 1.89 H_m1 2.92 | a-0.0427 c2.2592 ent0.0177 VRAM 33MB
Ep 3350 | M0_PDR 0.609 | M1_PDR 0.599 | H_m0 1.85 H_m1 2.86 | a-0.0409 c2.3804 ent0.0172 VRAM 33MB
Ep 3400 | M0_PDR 0.630 | M1_PDR 0.591 | H_m0 1.84 H_m1 2.83 | a-0.0390 c1.8531 ent0.0167 VRAM 33MB
Ep 3450 | M0_PDR 0.617 | M1_PDR 0.590 | H_m0 1.83 H_m1 2.80 | a-0.0378 c2.2700 ent0.0162 VRAM 33MB
Ep 3500 | M0_PDR 0.604 | M1_PDR 0.623 | H_m0 1.79 H_m1 2.82 | a-0.0364 c2.3872 ent0.0157 VRAM 33MB
Ep 3550 | M0_PDR 0.643 | M1_PDR 0.587 | H_m0 1.76 H_m1 2.76 | a-0.0346 c2.6750 ent0.0152 VRAM 33MB
Ep 3600 | M0_PDR 0.633 | M1_PDR 0.610 | H_m0 1.74 H_m1 2.69 | a-0.0328 c2.0879 ent0.0147 VRAM 33MB
Ep 3650 | M0_PDR 0.647 | M1_PDR 0.636 | H_m0 1.76 H_m1 2.69 | a-0.0318 c2.4945 ent0.0142 VRAM 33MB
Ep 3700 | M0_PDR 0.626 | M1_PDR 0.641 | H_m0 1.73 H_m1 2.64 | a-0.0303 c1.9103 ent0.0137 VRAM 33MB
Ep 3750 | M0_PDR 0.637 | M1_PDR 0.637 | H_m0 1.73 H_m1 2.65 | a-0.0292 c2.0251 ent0.0132 VRAM 33MB
Ep 3800 | M0_PDR 0.617 | M1_PDR 0.653 | H_m0 1.72 H_m1 2.60 | a-0.0278 c2.5082 ent0.0128 VRAM 33MB
Ep 3850 | M0_PDR 0.633 | M1_PDR 0.637 | H_m0 1.72 H_m1 2.60 | a-0.0265 c2.4368 ent0.0123 VRAM 33MB
Ep 3900 | M0_PDR 0.628 | M1_PDR 0.619 | H_m0 1.72 H_m1 2.53 | a-0.0251 c2.3492 ent0.0118 VRAM 33MB
Ep 3950 | M0_PDR 0.638 | M1_PDR 0.645 | H_m0 1.72 H_m1 2.60 | a-0.0245 c2.1439 ent0.0113 VRAM 33MB
Ep 4000 | M0_PDR 0.624 | M1_PDR 0.636 | H_m0 1.71 H_m1 2.60 | a-0.0234 c1.6285 ent0.0108 VRAM 33MB
Ep 4050 | M0_PDR 0.616 | M1_PDR 0.637 | H_m0 1.72 H_m1 2.60 | a-0.0225 c1.8839 ent0.0103 VRAM 33MB
Ep 4100 | M0_PDR 0.615 | M1_PDR 0.626 | H_m0 1.71 H_m1 2.55 | a-0.0210 c2.0437 ent0.0098 VRAM 33MB
Ep 4150 | M0_PDR 0.632 | M1_PDR 0.661 | H_m0 1.72 H_m1 2.54 | a-0.0199 c2.0648 ent0.0093 VRAM 33MB
Ep 4200 | M0_PDR 0.621 | M1_PDR 0.636 | H_m0 1.71 H_m1 2.49 | a-0.0187 c2.0850 ent0.0088 VRAM 33MB
Ep 4250 | M0_PDR 0.609 | M1_PDR 0.635 | H_m0 1.72 H_m1 2.48 | a-0.0176 c2.5632 ent0.0083 VRAM 33MB
Ep 4300 | M0_PDR 0.601 | M1_PDR 0.648 | H_m0 1.71 H_m1 2.48 | a-0.0166 c2.0071 ent0.0079 VRAM 33MB
Ep 4350 | M0_PDR 0.620 | M1_PDR 0.669 | H_m0 1.72 H_m1 2.46 | a-0.0155 c1.9574 ent0.0074 VRAM 33MB
Ep 4400 | M0_PDR 0.596 | M1_PDR 0.647 | H_m0 1.71 H_m1 2.45 | a-0.0144 c2.5246 ent0.0069 VRAM 33MB
Ep 4450 | M0_PDR 0.638 | M1_PDR 0.661 | H_m0 1.71 H_m1 2.43 | a-0.0133 c2.1534 ent0.0064 VRAM 33MB
Ep 4500 | M0_PDR 0.621 | M1_PDR 0.635 | H_m0 1.71 H_m1 2.43 | a-0.0122 c2.2774 ent0.0059 VRAM 33MB
Ep 4550 | M0_PDR 0.603 | M1_PDR 0.655 | H_m0 1.71 H_m1 2.43 | a-0.0112 c2.6859 ent0.0054 VRAM 33MB
Ep 4600 | M0_PDR 0.604 | M1_PDR 0.652 | H_m0 1.71 H_m1 2.40 | a-0.0101 c2.2897 ent0.0049 VRAM 33MB
Ep 4650 | M0_PDR 0.613 | M1_PDR 0.677 | H_m0 1.71 H_m1 2.39 | a-0.0091 c2.2766 ent0.0044 VRAM 33MB
Ep 4700 | M0_PDR 0.622 | M1_PDR 0.637 | H_m0 1.70 H_m1 2.36 | a-0.0080 c1.8702 ent0.0039 VRAM 33MB
Ep 4750 | M0_PDR 0.626 | M1_PDR 0.658 | H_m0 1.70 H_m1 2.34 | a-0.0070 c1.9888 ent0.0034 VRAM 33MB
Ep 4800 | M0_PDR 0.629 | M1_PDR 0.675 | H_m0 1.69 H_m1 2.32 | a-0.0059 c1.9944 ent0.0030 VRAM 33MB
Ep 4850 | M0_PDR 0.608 | M1_PDR 0.650 | H_m0 1.69 H_m1 2.32 | a-0.0050 c2.3231 ent0.0025 VRAM 33MB
Ep 4900 | M0_PDR 0.619 | M1_PDR 0.652 | H_m0 1.68 H_m1 2.31 | a-0.0040 c2.0959 ent0.0020 VRAM 33MB
Ep 4950 | M0_PDR 0.604 | M1_PDR 0.648 | H_m0 1.68 H_m1 2.27 | a-0.0029 c2.1140 ent0.0015 VRAM 33MB

Training complete. Running 100 eval episodes...

  Eval ep   0: M0_PDR=0.618  M1_PDR=0.647
  Eval ep  20: M0_PDR=0.619  M1_PDR=0.665
  Eval ep  40: M0_PDR=0.604  M1_PDR=0.679
  Eval ep  60: M0_PDR=0.615  M1_PDR=0.659
  Eval ep  80: M0_PDR=0.610  M1_PDR=0.637

=== Eval Summary (100 episodes) ===
  M0_PDR_mean         : 0.6210
  M0_PDR_p05 (across) : 0.5969
  M0_PDR_p05 (intra)  : 0.2293
  M1_PDR_mean         : 0.6637
  M0_SINR_mean (dB)   : 5.48
  M1_SINR_mean (dB)   : 7.60
  M0_collision_rate   : 0.865
  M0_collision_within_pool : 0.589
  M1_collision_within_pool : 0.590

Result saved -> results/_A_N10_5000ep.json
  N=10  rho=2.0  M0_PDR=0.621  M1_PDR=0.664
[NS3Bridge] Shutdown complete.
Run complete.
