[seed] all RNGs seeded with 1
GPU : NVIDIA GeForce RTX 3060
VRAM: 12.9 GB
Device          : cuda:0
Actor M0 params : 21,273
Actor M1 params : 21,273
Critic params   : 99,073
obs_dim=11  action_dim=25  gs_dim=115
M0 count: 5  M1 count: 5
Training for 5000 episodes (Config A_N10_seed1_5000ep_gaefix_g05_ent01_as, N=10)...

[NS3Bridge] Connected tcp://localhost:8436
Ep    0 | M0_PDR 0.553 | M1_PDR 0.591 | H_m0 3.21 H_m1 3.22 | a-0.0374 c0.6170 ent0.0100 VRAM 34MB
Ep   50 | M0_PDR 0.589 | M1_PDR 0.655 | H_m0 1.67 H_m1 1.79 | a-0.0199 c0.1549 ent0.0099 VRAM 34MB
Ep  100 | M0_PDR 0.613 | M1_PDR 0.668 | H_m0 1.64 H_m1 1.65 | a-0.0196 c0.1425 ent0.0098 VRAM 34MB
Ep  150 | M0_PDR 0.615 | M1_PDR 0.686 | H_m0 1.62 H_m1 1.64 | a-0.0205 c0.1366 ent0.0097 VRAM 34MB
Ep  200 | M0_PDR 0.604 | M1_PDR 0.674 | H_m0 1.60 H_m1 1.64 | a-0.0166 c0.1444 ent0.0096 VRAM 34MB
Ep  250 | M0_PDR 0.604 | M1_PDR 0.666 | H_m0 1.62 H_m1 1.62 | a-0.0167 c0.1465 ent0.0095 VRAM 34MB
Ep  300 | M0_PDR 0.617 | M1_PDR 0.659 | H_m0 1.62 H_m1 1.62 | a-0.0159 c0.1557 ent0.0095 VRAM 34MB
Ep  350 | M0_PDR 0.572 | M1_PDR 0.662 | H_m0 1.61 H_m1 1.62 | a-0.0177 c0.1424 ent0.0094 VRAM 34MB
Ep  400 | M0_PDR 0.579 | M1_PDR 0.673 | H_m0 1.61 H_m1 1.63 | a-0.0164 c0.1537 ent0.0093 VRAM 34MB
Ep  450 | M0_PDR 0.631 | M1_PDR 0.699 | H_m0 1.62 H_m1 1.63 | a-0.0170 c0.1336 ent0.0092 VRAM 34MB
Ep  500 | M0_PDR 0.611 | M1_PDR 0.698 | H_m0 1.61 H_m1 1.63 | a-0.0144 c0.1485 ent0.0091 VRAM 34MB
Ep  550 | M0_PDR 0.630 | M1_PDR 0.675 | H_m0 1.61 H_m1 1.62 | a-0.0172 c0.1355 ent0.0090 VRAM 34MB
Ep  600 | M0_PDR 0.638 | M1_PDR 0.679 | H_m0 1.60 H_m1 1.61 | a-0.0173 c0.1297 ent0.0089 VRAM 34MB
Ep  650 | M0_PDR 0.603 | M1_PDR 0.670 | H_m0 1.61 H_m1 1.62 | a-0.0172 c0.1408 ent0.0088 VRAM 34MB
Ep  700 | M0_PDR 0.612 | M1_PDR 0.673 | H_m0 1.61 H_m1 1.62 | a-0.0168 c0.1451 ent0.0087 VRAM 34MB
Ep  750 | M0_PDR 0.621 | M1_PDR 0.680 | H_m0 1.62 H_m1 1.63 | a-0.0150 c0.1334 ent0.0086 VRAM 34MB
Ep  800 | M0_PDR 0.610 | M1_PDR 0.707 | H_m0 1.61 H_m1 1.62 | a-0.0160 c0.1356 ent0.0086 VRAM 34MB
Ep  850 | M0_PDR 0.581 | M1_PDR 0.686 | H_m0 1.62 H_m1 1.62 | a-0.0154 c0.1396 ent0.0085 VRAM 34MB
Ep  900 | M0_PDR 0.574 | M1_PDR 0.702 | H_m0 1.61 H_m1 1.64 | a-0.0165 c0.1538 ent0.0084 VRAM 34MB
Ep  950 | M0_PDR 0.620 | M1_PDR 0.665 | H_m0 1.64 H_m1 1.63 | a-0.0146 c0.1356 ent0.0083 VRAM 34MB
Ep 1000 | M0_PDR 0.630 | M1_PDR 0.675 | H_m0 1.61 H_m1 1.62 | a-0.0135 c0.1412 ent0.0082 VRAM 34MB
Ep 1050 | M0_PDR 0.613 | M1_PDR 0.701 | H_m0 1.61 H_m1 1.62 | a-0.0162 c0.1368 ent0.0081 VRAM 34MB
Ep 1100 | M0_PDR 0.601 | M1_PDR 0.660 | H_m0 1.62 H_m1 1.63 | a-0.0137 c0.1343 ent0.0080 VRAM 34MB
Ep 1150 | M0_PDR 0.629 | M1_PDR 0.690 | H_m0 1.62 H_m1 1.63 | a-0.0126 c0.1426 ent0.0079 VRAM 34MB
Ep 1200 | M0_PDR 0.611 | M1_PDR 0.664 | H_m0 1.61 H_m1 1.63 | a-0.0151 c0.1419 ent0.0078 VRAM 34MB
Ep 1250 | M0_PDR 0.601 | M1_PDR 0.673 | H_m0 1.61 H_m1 1.62 | a-0.0126 c0.1287 ent0.0077 VRAM 34MB
Ep 1300 | M0_PDR 0.643 | M1_PDR 0.675 | H_m0 1.61 H_m1 1.62 | a-0.0129 c0.1451 ent0.0077 VRAM 34MB
Ep 1350 | M0_PDR 0.622 | M1_PDR 0.652 | H_m0 1.61 H_m1 1.63 | a-0.0124 c0.1336 ent0.0076 VRAM 34MB
Ep 1400 | M0_PDR 0.618 | M1_PDR 0.685 | H_m0 1.61 H_m1 1.62 | a-0.0133 c0.1377 ent0.0075 VRAM 34MB
Ep 1450 | M0_PDR 0.617 | M1_PDR 0.665 | H_m0 1.61 H_m1 1.64 | a-0.0126 c0.1399 ent0.0074 VRAM 34MB
Ep 1500 | M0_PDR 0.594 | M1_PDR 0.699 | H_m0 1.61 H_m1 1.61 | a-0.0117 c0.1404 ent0.0073 VRAM 34MB
Ep 1550 | M0_PDR 0.664 | M1_PDR 0.684 | H_m0 1.61 H_m1 1.62 | a-0.0115 c0.1444 ent0.0072 VRAM 34MB
Ep 1600 | M0_PDR 0.625 | M1_PDR 0.657 | H_m0 1.61 H_m1 1.62 | a-0.0116 c0.1348 ent0.0071 VRAM 34MB
Ep 1650 | M0_PDR 0.606 | M1_PDR 0.695 | H_m0 1.61 H_m1 1.62 | a-0.0114 c0.1343 ent0.0070 VRAM 34MB
Ep 1700 | M0_PDR 0.617 | M1_PDR 0.667 | H_m0 1.61 H_m1 1.63 | a-0.0116 c0.1295 ent0.0069 VRAM 34MB
Ep 1750 | M0_PDR 0.604 | M1_PDR 0.681 | H_m0 1.61 H_m1 1.61 | a-0.0114 c0.1391 ent0.0068 VRAM 34MB
Ep 1800 | M0_PDR 0.589 | M1_PDR 0.686 | H_m0 1.61 H_m1 1.62 | a-0.0117 c0.1356 ent0.0068 VRAM 34MB
Ep 1850 | M0_PDR 0.625 | M1_PDR 0.684 | H_m0 1.61 H_m1 1.61 | a-0.0125 c0.1340 ent0.0067 VRAM 34MB
Ep 1900 | M0_PDR 0.630 | M1_PDR 0.672 | H_m0 1.61 H_m1 1.62 | a-0.0121 c0.1457 ent0.0066 VRAM 34MB
Ep 1950 | M0_PDR 0.614 | M1_PDR 0.678 | H_m0 1.61 H_m1 1.62 | a-0.0105 c0.1343 ent0.0065 VRAM 34MB
Ep 2000 | M0_PDR 0.597 | M1_PDR 0.666 | H_m0 1.61 H_m1 1.62 | a-0.0104 c0.1455 ent0.0064 VRAM 34MB
Ep 2050 | M0_PDR 0.642 | M1_PDR 0.672 | H_m0 1.61 H_m1 1.63 | a-0.0105 c0.1327 ent0.0063 VRAM 34MB
Ep 2100 | M0_PDR 0.605 | M1_PDR 0.691 | H_m0 1.61 H_m1 1.62 | a-0.0107 c0.1350 ent0.0062 VRAM 34MB
Ep 2150 | M0_PDR 0.637 | M1_PDR 0.692 | H_m0 1.61 H_m1 1.62 | a-0.0101 c0.1297 ent0.0061 VRAM 34MB
Ep 2200 | M0_PDR 0.612 | M1_PDR 0.704 | H_m0 1.61 H_m1 1.62 | a-0.0100 c0.1307 ent0.0060 VRAM 34MB
Ep 2250 | M0_PDR 0.573 | M1_PDR 0.686 | H_m0 1.61 H_m1 1.61 | a-0.0101 c0.1407 ent0.0059 VRAM 34MB
Ep 2300 | M0_PDR 0.644 | M1_PDR 0.696 | H_m0 1.61 H_m1 1.61 | a-0.0096 c0.1334 ent0.0059 VRAM 34MB
Ep 2350 | M0_PDR 0.630 | M1_PDR 0.712 | H_m0 1.61 H_m1 1.62 | a-0.0097 c0.1311 ent0.0058 VRAM 34MB
Ep 2400 | M0_PDR 0.616 | M1_PDR 0.704 | H_m0 1.61 H_m1 1.62 | a-0.0095 c0.1284 ent0.0057 VRAM 34MB
Ep 2450 | M0_PDR 0.626 | M1_PDR 0.680 | H_m0 1.61 H_m1 1.62 | a-0.0088 c0.1280 ent0.0056 VRAM 34MB
Ep 2500 | M0_PDR 0.613 | M1_PDR 0.697 | H_m0 1.61 H_m1 1.61 | a-0.0091 c0.1261 ent0.0055 VRAM 34MB
Ep 2550 | M0_PDR 0.605 | M1_PDR 0.689 | H_m0 1.61 H_m1 1.62 | a-0.0090 c0.1377 ent0.0054 VRAM 34MB
Ep 2600 | M0_PDR 0.630 | M1_PDR 0.656 | H_m0 1.61 H_m1 1.61 | a-0.0099 c0.1200 ent0.0053 VRAM 34MB
Ep 2650 | M0_PDR 0.600 | M1_PDR 0.689 | H_m0 1.61 H_m1 1.61 | a-0.0091 c0.1434 ent0.0052 VRAM 34MB
Ep 2700 | M0_PDR 0.628 | M1_PDR 0.662 | H_m0 1.61 H_m1 1.62 | a-0.0086 c0.1317 ent0.0051 VRAM 34MB
Ep 2750 | M0_PDR 0.590 | M1_PDR 0.705 | H_m0 1.61 H_m1 1.62 | a-0.0079 c0.1468 ent0.0050 VRAM 34MB
Ep 2800 | M0_PDR 0.610 | M1_PDR 0.686 | H_m0 1.61 H_m1 1.61 | a-0.0088 c0.1370 ent0.0050 VRAM 34MB
Ep 2850 | M0_PDR 0.582 | M1_PDR 0.682 | H_m0 1.61 H_m1 1.61 | a-0.0084 c0.1388 ent0.0049 VRAM 34MB
Ep 2900 | M0_PDR 0.592 | M1_PDR 0.700 | H_m0 1.61 H_m1 1.61 | a-0.0081 c0.1460 ent0.0048 VRAM 34MB
Ep 2950 | M0_PDR 0.605 | M1_PDR 0.684 | H_m0 1.61 H_m1 1.61 | a-0.0078 c0.1332 ent0.0047 VRAM 34MB
Ep 3000 | M0_PDR 0.638 | M1_PDR 0.692 | H_m0 1.61 H_m1 1.61 | a-0.0076 c0.1201 ent0.0046 VRAM 34MB
Ep 3050 | M0_PDR 0.639 | M1_PDR 0.681 | H_m0 1.61 H_m1 1.61 | a-0.0077 c0.1292 ent0.0045 VRAM 34MB
Ep 3100 | M0_PDR 0.617 | M1_PDR 0.707 | H_m0 1.61 H_m1 1.61 | a-0.0076 c0.1307 ent0.0044 VRAM 34MB
Ep 3150 | M0_PDR 0.609 | M1_PDR 0.675 | H_m0 1.61 H_m1 1.61 | a-0.0067 c0.1384 ent0.0043 VRAM 34MB
Ep 3200 | M0_PDR 0.627 | M1_PDR 0.665 | H_m0 1.61 H_m1 1.61 | a-0.0069 c0.1286 ent0.0042 VRAM 34MB
Ep 3250 | M0_PDR 0.609 | M1_PDR 0.680 | H_m0 1.61 H_m1 1.61 | a-0.0069 c0.1492 ent0.0041 VRAM 34MB
Ep 3300 | M0_PDR 0.623 | M1_PDR 0.707 | H_m0 1.61 H_m1 1.61 | a-0.0069 c0.1403 ent0.0041 VRAM 34MB
Ep 3350 | M0_PDR 0.578 | M1_PDR 0.659 | H_m0 1.61 H_m1 1.61 | a-0.0066 c0.1362 ent0.0040 VRAM 34MB
Ep 3400 | M0_PDR 0.615 | M1_PDR 0.687 | H_m0 1.61 H_m1 1.61 | a-0.0063 c0.1260 ent0.0039 VRAM 34MB
Ep 3450 | M0_PDR 0.588 | M1_PDR 0.695 | H_m0 1.61 H_m1 1.61 | a-0.0063 c0.1398 ent0.0038 VRAM 34MB
Ep 3500 | M0_PDR 0.615 | M1_PDR 0.708 | H_m0 1.61 H_m1 1.61 | a-0.0061 c0.1324 ent0.0037 VRAM 34MB
Ep 3550 | M0_PDR 0.647 | M1_PDR 0.677 | H_m0 1.61 H_m1 1.61 | a-0.0060 c0.1339 ent0.0036 VRAM 34MB
Ep 3600 | M0_PDR 0.613 | M1_PDR 0.686 | H_m0 1.61 H_m1 1.61 | a-0.0057 c0.1412 ent0.0035 VRAM 34MB
Ep 3650 | M0_PDR 0.635 | M1_PDR 0.672 | H_m0 1.61 H_m1 1.61 | a-0.0056 c0.1342 ent0.0034 VRAM 34MB
Ep 3700 | M0_PDR 0.623 | M1_PDR 0.676 | H_m0 1.61 H_m1 1.61 | a-0.0056 c0.1271 ent0.0033 VRAM 34MB
Ep 3750 | M0_PDR 0.637 | M1_PDR 0.690 | H_m0 1.61 H_m1 1.61 | a-0.0053 c0.1316 ent0.0032 VRAM 34MB
Ep 3800 | M0_PDR 0.611 | M1_PDR 0.715 | H_m0 1.61 H_m1 1.61 | a-0.0054 c0.1298 ent0.0032 VRAM 34MB
Ep 3850 | M0_PDR 0.605 | M1_PDR 0.691 | H_m0 1.61 H_m1 1.61 | a-0.0050 c0.1385 ent0.0031 VRAM 34MB
Ep 3900 | M0_PDR 0.617 | M1_PDR 0.709 | H_m0 1.61 H_m1 1.61 | a-0.0051 c0.1381 ent0.0030 VRAM 34MB
Ep 3950 | M0_PDR 0.636 | M1_PDR 0.689 | H_m0 1.61 H_m1 1.61 | a-0.0047 c0.1363 ent0.0029 VRAM 34MB
Ep 4000 | M0_PDR 0.597 | M1_PDR 0.668 | H_m0 1.61 H_m1 1.61 | a-0.0045 c0.1275 ent0.0028 VRAM 34MB
Ep 4050 | M0_PDR 0.620 | M1_PDR 0.669 | H_m0 1.61 H_m1 1.61 | a-0.0045 c0.1338 ent0.0027 VRAM 34MB
Ep 4100 | M0_PDR 0.609 | M1_PDR 0.670 | H_m0 1.61 H_m1 1.61 | a-0.0044 c0.1249 ent0.0026 VRAM 34MB
Ep 4150 | M0_PDR 0.621 | M1_PDR 0.670 | H_m0 1.61 H_m1 1.61 | a-0.0043 c0.1369 ent0.0025 VRAM 34MB
Ep 4200 | M0_PDR 0.620 | M1_PDR 0.692 | H_m0 1.61 H_m1 1.61 | a-0.0040 c0.1397 ent0.0024 VRAM 34MB
Ep 4250 | M0_PDR 0.612 | M1_PDR 0.706 | H_m0 1.61 H_m1 1.61 | a-0.0039 c0.1329 ent0.0023 VRAM 34MB
Ep 4300 | M0_PDR 0.602 | M1_PDR 0.708 | H_m0 1.61 H_m1 1.61 | a-0.0037 c0.1412 ent0.0023 VRAM 34MB
Ep 4350 | M0_PDR 0.617 | M1_PDR 0.704 | H_m0 1.61 H_m1 1.61 | a-0.0036 c0.1421 ent0.0022 VRAM 34MB
Ep 4400 | M0_PDR 0.591 | M1_PDR 0.702 | H_m0 1.61 H_m1 1.61 | a-0.0034 c0.1344 ent0.0021 VRAM 34MB
Ep 4450 | M0_PDR 0.628 | M1_PDR 0.699 | H_m0 1.61 H_m1 1.61 | a-0.0032 c0.1306 ent0.0020 VRAM 34MB
Ep 4500 | M0_PDR 0.597 | M1_PDR 0.667 | H_m0 1.61 H_m1 1.61 | a-0.0031 c0.1390 ent0.0019 VRAM 34MB
Ep 4550 | M0_PDR 0.601 | M1_PDR 0.705 | H_m0 1.61 H_m1 1.61 | a-0.0029 c0.1381 ent0.0018 VRAM 34MB
Ep 4600 | M0_PDR 0.607 | M1_PDR 0.679 | H_m0 1.61 H_m1 1.61 | a-0.0028 c0.1285 ent0.0017 VRAM 34MB
Ep 4650 | M0_PDR 0.603 | M1_PDR 0.708 | H_m0 1.61 H_m1 1.61 | a-0.0026 c0.1401 ent0.0016 VRAM 34MB
Ep 4700 | M0_PDR 0.605 | M1_PDR 0.677 | H_m0 1.61 H_m1 1.61 | a-0.0025 c0.1368 ent0.0015 VRAM 34MB
Ep 4750 | M0_PDR 0.610 | M1_PDR 0.688 | H_m0 1.61 H_m1 1.61 | a-0.0023 c0.1434 ent0.0014 VRAM 34MB
Ep 4800 | M0_PDR 0.621 | M1_PDR 0.726 | H_m0 1.61 H_m1 1.61 | a-0.0022 c0.1334 ent0.0014 VRAM 34MB
Ep 4850 | M0_PDR 0.600 | M1_PDR 0.666 | H_m0 1.61 H_m1 1.61 | a-0.0021 c0.1290 ent0.0013 VRAM 34MB
Ep 4900 | M0_PDR 0.620 | M1_PDR 0.666 | H_m0 1.61 H_m1 1.61 | a-0.0019 c0.1304 ent0.0012 VRAM 34MB
Ep 4950 | M0_PDR 0.599 | M1_PDR 0.700 | H_m0 1.61 H_m1 1.61 | a-0.0018 c0.1341 ent0.0011 VRAM 34MB

Training complete. Running 100 eval episodes...

  Eval ep   0: M0_PDR=0.610  M1_PDR=0.683
  Eval ep  20: M0_PDR=0.610  M1_PDR=0.678
  Eval ep  40: M0_PDR=0.616  M1_PDR=0.694
  Eval ep  60: M0_PDR=0.602  M1_PDR=0.665
  Eval ep  80: M0_PDR=0.613  M1_PDR=0.699

=== Eval Summary (100 episodes) ===
  M0_PDR_mean         : 0.6177
  M0_PDR_p05 (across) : 0.5952
  M0_PDR_p05 (intra)  : 0.2226
  M1_PDR_mean         : 0.6887
  M0_SINR_mean (dB)   : 5.02
  M1_SINR_mean (dB)   : 8.69
  M0_collision_rate   : 0.865
  M0_collision_within_pool : 0.588
  M1_collision_within_pool : 0.589

Result saved -> results/_A_N10_seed1_5000ep_gaefix_g05_ent01_as.json
  N=10  rho=2.0  M0_PDR=0.618  M1_PDR=0.689
[NS3Bridge] Shutdown complete.
Run complete.
