[seed] all RNGs seeded with 3
GPU : NVIDIA GeForce RTX 3060
VRAM: 12.9 GB
Device          : cuda:0
Actor M0 params : 21,273
Actor M1 params : 21,273
Critic params   : 96,257
obs_dim=11  action_dim=25  gs_dim=115
M0 count: 5  M1 count: 5
Training for 5000 episodes (Config A_N10_seed3_5000ep_gaefix_g05_ent01, N=10)...

[NS3Bridge] Connected tcp://localhost:7266
Ep    0 | M0_PDR 0.525 | M1_PDR 0.605 | H_m0 3.22 H_m1 3.22 | a-0.0367 c0.5253 ent0.0100 VRAM 33MB
Ep   50 | M0_PDR 0.649 | M1_PDR 0.606 | H_m0 1.71 H_m1 2.68 | a-0.0235 c0.6947 ent0.0099 VRAM 33MB
Ep  100 | M0_PDR 0.634 | M1_PDR 0.643 | H_m0 1.66 H_m1 2.35 | a-0.0203 c0.6568 ent0.0098 VRAM 33MB
Ep  150 | M0_PDR 0.591 | M1_PDR 0.642 | H_m0 1.64 H_m1 2.01 | a-0.0185 c0.6043 ent0.0097 VRAM 33MB
Ep  200 | M0_PDR 0.658 | M1_PDR 0.679 | H_m0 1.64 H_m1 2.01 | a-0.0191 c0.6722 ent0.0096 VRAM 33MB
Ep  250 | M0_PDR 0.613 | M1_PDR 0.660 | H_m0 1.63 H_m1 1.98 | a-0.0207 c0.6203 ent0.0095 VRAM 33MB
Ep  300 | M0_PDR 0.652 | M1_PDR 0.652 | H_m0 1.61 H_m1 1.69 | a-0.0177 c0.6650 ent0.0095 VRAM 33MB
Ep  350 | M0_PDR 0.605 | M1_PDR 0.635 | H_m0 1.63 H_m1 1.88 | a-0.0179 c0.6224 ent0.0094 VRAM 33MB
Ep  400 | M0_PDR 0.627 | M1_PDR 0.694 | H_m0 1.63 H_m1 1.73 | a-0.0159 c0.6330 ent0.0093 VRAM 33MB
Ep  450 | M0_PDR 0.633 | M1_PDR 0.674 | H_m0 1.61 H_m1 1.62 | a-0.0154 c0.6400 ent0.0092 VRAM 33MB
Ep  500 | M0_PDR 0.612 | M1_PDR 0.696 | H_m0 1.62 H_m1 1.68 | a-0.0163 c0.6075 ent0.0091 VRAM 33MB
Ep  550 | M0_PDR 0.605 | M1_PDR 0.651 | H_m0 1.61 H_m1 1.67 | a-0.0155 c0.6163 ent0.0090 VRAM 33MB
Ep  600 | M0_PDR 0.620 | M1_PDR 0.696 | H_m0 1.62 H_m1 1.71 | a-0.0161 c0.6184 ent0.0089 VRAM 33MB
Ep  650 | M0_PDR 0.615 | M1_PDR 0.680 | H_m0 1.61 H_m1 1.71 | a-0.0168 c0.6381 ent0.0088 VRAM 33MB
Ep  700 | M0_PDR 0.617 | M1_PDR 0.679 | H_m0 1.61 H_m1 1.80 | a-0.0166 c0.6261 ent0.0087 VRAM 33MB
Ep  750 | M0_PDR 0.622 | M1_PDR 0.658 | H_m0 1.61 H_m1 1.77 | a-0.0160 c0.6403 ent0.0086 VRAM 33MB
Ep  800 | M0_PDR 0.604 | M1_PDR 0.694 | H_m0 1.61 H_m1 1.73 | a-0.0148 c0.6144 ent0.0086 VRAM 33MB
Ep  850 | M0_PDR 0.628 | M1_PDR 0.671 | H_m0 1.62 H_m1 1.76 | a-0.0159 c0.6440 ent0.0085 VRAM 33MB
Ep  900 | M0_PDR 0.612 | M1_PDR 0.699 | H_m0 1.62 H_m1 1.88 | a-0.0164 c0.6196 ent0.0084 VRAM 33MB
Ep  950 | M0_PDR 0.635 | M1_PDR 0.665 | H_m0 1.64 H_m1 1.82 | a-0.0151 c0.6621 ent0.0083 VRAM 33MB
Ep 1000 | M0_PDR 0.610 | M1_PDR 0.648 | H_m0 1.62 H_m1 1.92 | a-0.0150 c0.6195 ent0.0082 VRAM 33MB
Ep 1050 | M0_PDR 0.623 | M1_PDR 0.642 | H_m0 1.61 H_m1 1.72 | a-0.0144 c0.6449 ent0.0081 VRAM 33MB
Ep 1100 | M0_PDR 0.597 | M1_PDR 0.649 | H_m0 1.61 H_m1 1.66 | a-0.0139 c0.6033 ent0.0080 VRAM 33MB
Ep 1150 | M0_PDR 0.611 | M1_PDR 0.681 | H_m0 1.61 H_m1 1.66 | a-0.0140 c0.6319 ent0.0079 VRAM 33MB
Ep 1200 | M0_PDR 0.643 | M1_PDR 0.701 | H_m0 1.61 H_m1 1.67 | a-0.0141 c0.6651 ent0.0078 VRAM 33MB
Ep 1250 | M0_PDR 0.570 | M1_PDR 0.664 | H_m0 1.61 H_m1 1.76 | a-0.0140 c0.5724 ent0.0077 VRAM 33MB
Ep 1300 | M0_PDR 0.615 | M1_PDR 0.695 | H_m0 1.62 H_m1 1.71 | a-0.0135 c0.6138 ent0.0077 VRAM 33MB
Ep 1350 | M0_PDR 0.620 | M1_PDR 0.713 | H_m0 1.60 H_m1 1.70 | a-0.0121 c0.6216 ent0.0076 VRAM 33MB
Ep 1400 | M0_PDR 0.633 | M1_PDR 0.722 | H_m0 1.61 H_m1 1.67 | a-0.0128 c0.6449 ent0.0075 VRAM 33MB
Ep 1450 | M0_PDR 0.619 | M1_PDR 0.667 | H_m0 1.61 H_m1 1.74 | a-0.0142 c0.6331 ent0.0074 VRAM 33MB
Ep 1500 | M0_PDR 0.610 | M1_PDR 0.680 | H_m0 1.61 H_m1 1.78 | a-0.0133 c0.6142 ent0.0073 VRAM 33MB
Ep 1550 | M0_PDR 0.608 | M1_PDR 0.644 | H_m0 1.62 H_m1 1.73 | a-0.0122 c0.6249 ent0.0072 VRAM 33MB
Ep 1600 | M0_PDR 0.630 | M1_PDR 0.689 | H_m0 1.61 H_m1 1.90 | a-0.0134 c0.6471 ent0.0071 VRAM 33MB
Ep 1650 | M0_PDR 0.623 | M1_PDR 0.686 | H_m0 1.61 H_m1 1.81 | a-0.0124 c0.6213 ent0.0070 VRAM 33MB
Ep 1700 | M0_PDR 0.601 | M1_PDR 0.670 | H_m0 1.61 H_m1 1.79 | a-0.0125 c0.6113 ent0.0069 VRAM 33MB
Ep 1750 | M0_PDR 0.611 | M1_PDR 0.643 | H_m0 1.61 H_m1 1.77 | a-0.0114 c0.6204 ent0.0068 VRAM 33MB
Ep 1800 | M0_PDR 0.580 | M1_PDR 0.692 | H_m0 1.61 H_m1 1.79 | a-0.0124 c0.5807 ent0.0068 VRAM 33MB
Ep 1850 | M0_PDR 0.595 | M1_PDR 0.682 | H_m0 1.61 H_m1 1.70 | a-0.0124 c0.5965 ent0.0067 VRAM 33MB
Ep 1900 | M0_PDR 0.637 | M1_PDR 0.713 | H_m0 1.61 H_m1 1.67 | a-0.0109 c0.6418 ent0.0066 VRAM 33MB
Ep 1950 | M0_PDR 0.643 | M1_PDR 0.690 | H_m0 1.61 H_m1 1.67 | a-0.0114 c0.6458 ent0.0065 VRAM 33MB
Ep 2000 | M0_PDR 0.623 | M1_PDR 0.718 | H_m0 1.61 H_m1 1.68 | a-0.0108 c0.6407 ent0.0064 VRAM 33MB
Ep 2050 | M0_PDR 0.622 | M1_PDR 0.678 | H_m0 1.62 H_m1 1.79 | a-0.0109 c0.6406 ent0.0063 VRAM 33MB
Ep 2100 | M0_PDR 0.631 | M1_PDR 0.679 | H_m0 1.62 H_m1 1.71 | a-0.0115 c0.6486 ent0.0062 VRAM 33MB
Ep 2150 | M0_PDR 0.610 | M1_PDR 0.648 | H_m0 1.62 H_m1 1.78 | a-0.0107 c0.6393 ent0.0061 VRAM 33MB
Ep 2200 | M0_PDR 0.586 | M1_PDR 0.702 | H_m0 1.62 H_m1 1.67 | a-0.0108 c0.5892 ent0.0060 VRAM 33MB
Ep 2250 | M0_PDR 0.636 | M1_PDR 0.690 | H_m0 1.62 H_m1 1.66 | a-0.0097 c0.6530 ent0.0059 VRAM 33MB
Ep 2300 | M0_PDR 0.627 | M1_PDR 0.682 | H_m0 1.61 H_m1 1.67 | a-0.0100 c0.6366 ent0.0059 VRAM 33MB
Ep 2350 | M0_PDR 0.594 | M1_PDR 0.695 | H_m0 1.61 H_m1 1.65 | a-0.0102 c0.5919 ent0.0058 VRAM 33MB
Ep 2400 | M0_PDR 0.592 | M1_PDR 0.671 | H_m0 1.61 H_m1 1.67 | a-0.0095 c0.5980 ent0.0057 VRAM 33MB
Ep 2450 | M0_PDR 0.634 | M1_PDR 0.704 | H_m0 1.61 H_m1 1.63 | a-0.0097 c0.6480 ent0.0056 VRAM 33MB
Ep 2500 | M0_PDR 0.636 | M1_PDR 0.674 | H_m0 1.61 H_m1 1.64 | a-0.0095 c0.6545 ent0.0055 VRAM 33MB
Ep 2550 | M0_PDR 0.634 | M1_PDR 0.674 | H_m0 1.62 H_m1 1.63 | a-0.0091 c0.6562 ent0.0054 VRAM 33MB
Ep 2600 | M0_PDR 0.624 | M1_PDR 0.665 | H_m0 1.62 H_m1 1.63 | a-0.0090 c0.6390 ent0.0053 VRAM 33MB
Ep 2650 | M0_PDR 0.629 | M1_PDR 0.670 | H_m0 1.62 H_m1 1.64 | a-0.0089 c0.6415 ent0.0052 VRAM 33MB
Ep 2700 | M0_PDR 0.613 | M1_PDR 0.701 | H_m0 1.62 H_m1 1.66 | a-0.0087 c0.6046 ent0.0051 VRAM 33MB
Ep 2750 | M0_PDR 0.632 | M1_PDR 0.716 | H_m0 1.62 H_m1 1.63 | a-0.0084 c0.6329 ent0.0050 VRAM 33MB
Ep 2800 | M0_PDR 0.607 | M1_PDR 0.677 | H_m0 1.61 H_m1 1.64 | a-0.0085 c0.6219 ent0.0050 VRAM 33MB
Ep 2850 | M0_PDR 0.604 | M1_PDR 0.681 | H_m0 1.61 H_m1 1.66 | a-0.0081 c0.6260 ent0.0049 VRAM 33MB
Ep 2900 | M0_PDR 0.618 | M1_PDR 0.704 | H_m0 1.61 H_m1 1.69 | a-0.0081 c0.6286 ent0.0048 VRAM 33MB
Ep 2950 | M0_PDR 0.585 | M1_PDR 0.691 | H_m0 1.61 H_m1 1.69 | a-0.0080 c0.5794 ent0.0047 VRAM 33MB
Ep 3000 | M0_PDR 0.618 | M1_PDR 0.684 | H_m0 1.61 H_m1 1.66 | a-0.0076 c0.6231 ent0.0046 VRAM 33MB
Ep 3050 | M0_PDR 0.614 | M1_PDR 0.680 | H_m0 1.61 H_m1 1.65 | a-0.0075 c0.6118 ent0.0045 VRAM 33MB
Ep 3100 | M0_PDR 0.609 | M1_PDR 0.708 | H_m0 1.61 H_m1 1.67 | a-0.0075 c0.6140 ent0.0044 VRAM 33MB
Ep 3150 | M0_PDR 0.621 | M1_PDR 0.668 | H_m0 1.61 H_m1 1.71 | a-0.0075 c0.6408 ent0.0043 VRAM 33MB
Ep 3200 | M0_PDR 0.602 | M1_PDR 0.682 | H_m0 1.61 H_m1 1.65 | a-0.0073 c0.6271 ent0.0042 VRAM 33MB
Ep 3250 | M0_PDR 0.617 | M1_PDR 0.690 | H_m0 1.61 H_m1 1.68 | a-0.0073 c0.6398 ent0.0041 VRAM 33MB
Ep 3300 | M0_PDR 0.612 | M1_PDR 0.681 | H_m0 1.61 H_m1 1.67 | a-0.0069 c0.6252 ent0.0041 VRAM 33MB
Ep 3350 | M0_PDR 0.603 | M1_PDR 0.677 | H_m0 1.61 H_m1 1.67 | a-0.0066 c0.6089 ent0.0040 VRAM 33MB
Ep 3400 | M0_PDR 0.582 | M1_PDR 0.688 | H_m0 1.61 H_m1 1.67 | a-0.0069 c0.5893 ent0.0039 VRAM 33MB
Ep 3450 | M0_PDR 0.618 | M1_PDR 0.675 | H_m0 1.61 H_m1 1.65 | a-0.0063 c0.6332 ent0.0038 VRAM 33MB
Ep 3500 | M0_PDR 0.610 | M1_PDR 0.679 | H_m0 1.61 H_m1 1.64 | a-0.0064 c0.6257 ent0.0037 VRAM 33MB
Ep 3550 | M0_PDR 0.653 | M1_PDR 0.698 | H_m0 1.61 H_m1 1.64 | a-0.0061 c0.6690 ent0.0036 VRAM 33MB
Ep 3600 | M0_PDR 0.633 | M1_PDR 0.714 | H_m0 1.61 H_m1 1.65 | a-0.0057 c0.6374 ent0.0035 VRAM 33MB
Ep 3650 | M0_PDR 0.610 | M1_PDR 0.712 | H_m0 1.61 H_m1 1.65 | a-0.0057 c0.6105 ent0.0034 VRAM 33MB
Ep 3700 | M0_PDR 0.626 | M1_PDR 0.663 | H_m0 1.61 H_m1 1.65 | a-0.0057 c0.6388 ent0.0033 VRAM 33MB
Ep 3750 | M0_PDR 0.631 | M1_PDR 0.680 | H_m0 1.61 H_m1 1.65 | a-0.0057 c0.6510 ent0.0032 VRAM 33MB
Ep 3800 | M0_PDR 0.617 | M1_PDR 0.662 | H_m0 1.61 H_m1 1.65 | a-0.0052 c0.6328 ent0.0032 VRAM 33MB
Ep 3850 | M0_PDR 0.615 | M1_PDR 0.709 | H_m0 1.61 H_m1 1.64 | a-0.0052 c0.6239 ent0.0031 VRAM 33MB
Ep 3900 | M0_PDR 0.605 | M1_PDR 0.683 | H_m0 1.61 H_m1 1.65 | a-0.0050 c0.6058 ent0.0030 VRAM 33MB
Ep 3950 | M0_PDR 0.612 | M1_PDR 0.697 | H_m0 1.61 H_m1 1.64 | a-0.0049 c0.6144 ent0.0029 VRAM 33MB
Ep 4000 | M0_PDR 0.620 | M1_PDR 0.696 | H_m0 1.61 H_m1 1.63 | a-0.0047 c0.6209 ent0.0028 VRAM 33MB
Ep 4050 | M0_PDR 0.624 | M1_PDR 0.723 | H_m0 1.61 H_m1 1.64 | a-0.0045 c0.6258 ent0.0027 VRAM 33MB
Ep 4100 | M0_PDR 0.632 | M1_PDR 0.676 | H_m0 1.61 H_m1 1.64 | a-0.0043 c0.6423 ent0.0026 VRAM 33MB
Ep 4150 | M0_PDR 0.632 | M1_PDR 0.671 | H_m0 1.61 H_m1 1.64 | a-0.0041 c0.6510 ent0.0025 VRAM 33MB
Ep 4200 | M0_PDR 0.620 | M1_PDR 0.645 | H_m0 1.61 H_m1 1.65 | a-0.0040 c0.6420 ent0.0024 VRAM 33MB
Ep 4250 | M0_PDR 0.627 | M1_PDR 0.686 | H_m0 1.61 H_m1 1.64 | a-0.0039 c0.6359 ent0.0023 VRAM 33MB
Ep 4300 | M0_PDR 0.620 | M1_PDR 0.718 | H_m0 1.61 H_m1 1.63 | a-0.0038 c0.6165 ent0.0023 VRAM 33MB
Ep 4350 | M0_PDR 0.609 | M1_PDR 0.654 | H_m0 1.61 H_m1 1.64 | a-0.0036 c0.6239 ent0.0022 VRAM 33MB
Ep 4400 | M0_PDR 0.592 | M1_PDR 0.661 | H_m0 1.61 H_m1 1.64 | a-0.0034 c0.6032 ent0.0021 VRAM 33MB
Ep 4450 | M0_PDR 0.605 | M1_PDR 0.667 | H_m0 1.61 H_m1 1.64 | a-0.0033 c0.6172 ent0.0020 VRAM 33MB
Ep 4500 | M0_PDR 0.619 | M1_PDR 0.686 | H_m0 1.61 H_m1 1.64 | a-0.0031 c0.6329 ent0.0019 VRAM 33MB
Ep 4550 | M0_PDR 0.580 | M1_PDR 0.707 | H_m0 1.61 H_m1 1.63 | a-0.0030 c0.5737 ent0.0018 VRAM 33MB
Ep 4600 | M0_PDR 0.620 | M1_PDR 0.693 | H_m0 1.61 H_m1 1.63 | a-0.0028 c0.6308 ent0.0017 VRAM 33MB
Ep 4650 | M0_PDR 0.610 | M1_PDR 0.681 | H_m0 1.61 H_m1 1.63 | a-0.0027 c0.6157 ent0.0016 VRAM 33MB
Ep 4700 | M0_PDR 0.578 | M1_PDR 0.665 | H_m0 1.61 H_m1 1.64 | a-0.0025 c0.5932 ent0.0015 VRAM 33MB
Ep 4750 | M0_PDR 0.619 | M1_PDR 0.688 | H_m0 1.61 H_m1 1.63 | a-0.0023 c0.6185 ent0.0014 VRAM 33MB
Ep 4800 | M0_PDR 0.627 | M1_PDR 0.695 | H_m0 1.61 H_m1 1.63 | a-0.0022 c0.6341 ent0.0014 VRAM 33MB
Ep 4850 | M0_PDR 0.598 | M1_PDR 0.644 | H_m0 1.61 H_m1 1.64 | a-0.0021 c0.6355 ent0.0013 VRAM 33MB
Ep 4900 | M0_PDR 0.615 | M1_PDR 0.686 | H_m0 1.61 H_m1 1.63 | a-0.0019 c0.6256 ent0.0012 VRAM 33MB
Ep 4950 | M0_PDR 0.622 | M1_PDR 0.702 | H_m0 1.61 H_m1 1.63 | a-0.0018 c0.6258 ent0.0011 VRAM 33MB

Training complete. Running 100 eval episodes...

  Eval ep   0: M0_PDR=0.584  M1_PDR=0.671
  Eval ep  20: M0_PDR=0.603  M1_PDR=0.703
  Eval ep  40: M0_PDR=0.617  M1_PDR=0.661
  Eval ep  60: M0_PDR=0.609  M1_PDR=0.723
  Eval ep  80: M0_PDR=0.617  M1_PDR=0.657

=== Eval Summary (100 episodes) ===
  M0_PDR_mean         : 0.6142
  M0_PDR_p05 (across) : 0.5878
  M0_PDR_p05 (intra)  : 0.2159
  M1_PDR_mean         : 0.6860
  M0_SINR_mean (dB)   : 4.88
  M1_SINR_mean (dB)   : 8.57
  M0_collision_rate   : 0.866
  M0_collision_within_pool : 0.593
  M1_collision_within_pool : 0.592

Result saved -> results/_A_N10_seed3_5000ep_gaefix_g05_ent01.json
  N=10  rho=2.0  M0_PDR=0.614  M1_PDR=0.686
[NS3Bridge] Shutdown complete.
Run complete.
