[seed] all RNGs seeded with 2
GPU : NVIDIA GeForce RTX 3060
VRAM: 12.9 GB
Device          : cuda:0
Actor M0 params : 21,273
Actor M1 params : 21,273
Critic params   : 99,073
obs_dim=11  action_dim=25  gs_dim=115
M0 count: 5  M1 count: 5
Training for 5000 episodes (Config A_N10_seed2_5000ep_gaefix_g05_ent01_as, N=10)...

[NS3Bridge] Connected tcp://localhost:8446
Ep    0 | M0_PDR 0.520 | M1_PDR 0.567 | H_m0 3.22 H_m1 3.22 | a-0.0358 c0.5067 ent0.0100 VRAM 34MB
Ep   50 | M0_PDR 0.606 | M1_PDR 0.676 | H_m0 1.70 H_m1 1.77 | a-0.0184 c0.1494 ent0.0099 VRAM 34MB
Ep  100 | M0_PDR 0.595 | M1_PDR 0.691 | H_m0 1.63 H_m1 1.66 | a-0.0159 c0.1361 ent0.0098 VRAM 34MB
Ep  150 | M0_PDR 0.591 | M1_PDR 0.703 | H_m0 1.62 H_m1 1.64 | a-0.0175 c0.1502 ent0.0097 VRAM 34MB
Ep  200 | M0_PDR 0.640 | M1_PDR 0.666 | H_m0 1.62 H_m1 1.63 | a-0.0181 c0.1428 ent0.0096 VRAM 34MB
Ep  250 | M0_PDR 0.623 | M1_PDR 0.657 | H_m0 1.62 H_m1 1.65 | a-0.0165 c0.1550 ent0.0095 VRAM 34MB
Ep  300 | M0_PDR 0.632 | M1_PDR 0.680 | H_m0 1.61 H_m1 1.66 | a-0.0163 c0.1380 ent0.0095 VRAM 34MB
Ep  350 | M0_PDR 0.646 | M1_PDR 0.672 | H_m0 1.61 H_m1 1.65 | a-0.0156 c0.1387 ent0.0094 VRAM 34MB
Ep  400 | M0_PDR 0.611 | M1_PDR 0.676 | H_m0 1.61 H_m1 1.63 | a-0.0146 c0.1438 ent0.0093 VRAM 34MB
Ep  450 | M0_PDR 0.633 | M1_PDR 0.692 | H_m0 1.61 H_m1 1.63 | a-0.0141 c0.1339 ent0.0092 VRAM 34MB
Ep  500 | M0_PDR 0.641 | M1_PDR 0.667 | H_m0 1.62 H_m1 1.63 | a-0.0182 c0.1350 ent0.0091 VRAM 34MB
Ep  550 | M0_PDR 0.633 | M1_PDR 0.651 | H_m0 1.62 H_m1 1.63 | a-0.0171 c0.1449 ent0.0090 VRAM 34MB
Ep  600 | M0_PDR 0.620 | M1_PDR 0.684 | H_m0 1.61 H_m1 1.63 | a-0.0142 c0.1292 ent0.0089 VRAM 34MB
Ep  650 | M0_PDR 0.626 | M1_PDR 0.688 | H_m0 1.61 H_m1 1.67 | a-0.0166 c0.1404 ent0.0088 VRAM 34MB
Ep  700 | M0_PDR 0.611 | M1_PDR 0.666 | H_m0 1.62 H_m1 1.66 | a-0.0171 c0.1429 ent0.0087 VRAM 34MB
Ep  750 | M0_PDR 0.614 | M1_PDR 0.668 | H_m0 1.61 H_m1 1.63 | a-0.0162 c0.1358 ent0.0086 VRAM 34MB
Ep  800 | M0_PDR 0.608 | M1_PDR 0.669 | H_m0 1.61 H_m1 1.64 | a-0.0156 c0.1375 ent0.0086 VRAM 34MB
Ep  850 | M0_PDR 0.602 | M1_PDR 0.681 | H_m0 1.61 H_m1 1.62 | a-0.0163 c0.1432 ent0.0085 VRAM 34MB
Ep  900 | M0_PDR 0.629 | M1_PDR 0.646 | H_m0 1.62 H_m1 1.63 | a-0.0137 c0.1362 ent0.0084 VRAM 34MB
Ep  950 | M0_PDR 0.628 | M1_PDR 0.697 | H_m0 1.62 H_m1 1.63 | a-0.0135 c0.1454 ent0.0083 VRAM 34MB
Ep 1000 | M0_PDR 0.614 | M1_PDR 0.691 | H_m0 1.61 H_m1 1.62 | a-0.0138 c0.1347 ent0.0082 VRAM 34MB
Ep 1050 | M0_PDR 0.620 | M1_PDR 0.684 | H_m0 1.60 H_m1 1.62 | a-0.0155 c0.1462 ent0.0081 VRAM 34MB
Ep 1100 | M0_PDR 0.601 | M1_PDR 0.683 | H_m0 1.61 H_m1 1.63 | a-0.0136 c0.1415 ent0.0080 VRAM 34MB
Ep 1150 | M0_PDR 0.611 | M1_PDR 0.669 | H_m0 1.62 H_m1 1.62 | a-0.0136 c0.1234 ent0.0079 VRAM 34MB
Ep 1200 | M0_PDR 0.603 | M1_PDR 0.672 | H_m0 1.61 H_m1 1.63 | a-0.0129 c0.1298 ent0.0078 VRAM 34MB
Ep 1250 | M0_PDR 0.618 | M1_PDR 0.694 | H_m0 1.61 H_m1 1.63 | a-0.0139 c0.1331 ent0.0077 VRAM 34MB
Ep 1300 | M0_PDR 0.621 | M1_PDR 0.700 | H_m0 1.61 H_m1 1.62 | a-0.0142 c0.1323 ent0.0077 VRAM 34MB
Ep 1350 | M0_PDR 0.644 | M1_PDR 0.702 | H_m0 1.61 H_m1 1.63 | a-0.0123 c0.1195 ent0.0076 VRAM 34MB
Ep 1400 | M0_PDR 0.609 | M1_PDR 0.709 | H_m0 1.61 H_m1 1.61 | a-0.0128 c0.1300 ent0.0075 VRAM 34MB
Ep 1450 | M0_PDR 0.608 | M1_PDR 0.681 | H_m0 1.61 H_m1 1.61 | a-0.0123 c0.1412 ent0.0074 VRAM 34MB
Ep 1500 | M0_PDR 0.587 | M1_PDR 0.708 | H_m0 1.61 H_m1 1.61 | a-0.0131 c0.1423 ent0.0073 VRAM 34MB
Ep 1550 | M0_PDR 0.598 | M1_PDR 0.658 | H_m0 1.61 H_m1 1.62 | a-0.0122 c0.1446 ent0.0072 VRAM 34MB
Ep 1600 | M0_PDR 0.615 | M1_PDR 0.682 | H_m0 1.61 H_m1 1.62 | a-0.0120 c0.1389 ent0.0071 VRAM 34MB
Ep 1650 | M0_PDR 0.626 | M1_PDR 0.693 | H_m0 1.61 H_m1 1.63 | a-0.0124 c0.1284 ent0.0070 VRAM 34MB
Ep 1700 | M0_PDR 0.603 | M1_PDR 0.691 | H_m0 1.61 H_m1 1.63 | a-0.0108 c0.1454 ent0.0069 VRAM 34MB
Ep 1750 | M0_PDR 0.612 | M1_PDR 0.713 | H_m0 1.61 H_m1 1.62 | a-0.0111 c0.1282 ent0.0068 VRAM 34MB
Ep 1800 | M0_PDR 0.627 | M1_PDR 0.661 | H_m0 1.61 H_m1 1.62 | a-0.0114 c0.1321 ent0.0068 VRAM 34MB
Ep 1850 | M0_PDR 0.618 | M1_PDR 0.698 | H_m0 1.61 H_m1 1.63 | a-0.0110 c0.1281 ent0.0067 VRAM 34MB
Ep 1900 | M0_PDR 0.609 | M1_PDR 0.686 | H_m0 1.61 H_m1 1.62 | a-0.0115 c0.1270 ent0.0066 VRAM 34MB
Ep 1950 | M0_PDR 0.577 | M1_PDR 0.683 | H_m0 1.62 H_m1 1.61 | a-0.0107 c0.1411 ent0.0065 VRAM 34MB
Ep 2000 | M0_PDR 0.608 | M1_PDR 0.686 | H_m0 1.61 H_m1 1.61 | a-0.0115 c0.1333 ent0.0064 VRAM 34MB
Ep 2050 | M0_PDR 0.604 | M1_PDR 0.708 | H_m0 1.61 H_m1 1.63 | a-0.0104 c0.1358 ent0.0063 VRAM 34MB
Ep 2100 | M0_PDR 0.625 | M1_PDR 0.655 | H_m0 1.61 H_m1 1.62 | a-0.0105 c0.1317 ent0.0062 VRAM 34MB
Ep 2150 | M0_PDR 0.626 | M1_PDR 0.696 | H_m0 1.61 H_m1 1.62 | a-0.0102 c0.1204 ent0.0061 VRAM 34MB
Ep 2200 | M0_PDR 0.625 | M1_PDR 0.721 | H_m0 1.61 H_m1 1.62 | a-0.0100 c0.1369 ent0.0060 VRAM 34MB
Ep 2250 | M0_PDR 0.599 | M1_PDR 0.689 | H_m0 1.61 H_m1 1.62 | a-0.0101 c0.1434 ent0.0059 VRAM 34MB
Ep 2300 | M0_PDR 0.583 | M1_PDR 0.696 | H_m0 1.61 H_m1 1.62 | a-0.0099 c0.1483 ent0.0059 VRAM 34MB
Ep 2350 | M0_PDR 0.613 | M1_PDR 0.664 | H_m0 1.61 H_m1 1.62 | a-0.0095 c0.1412 ent0.0058 VRAM 34MB
Ep 2400 | M0_PDR 0.621 | M1_PDR 0.692 | H_m0 1.61 H_m1 1.61 | a-0.0102 c0.1386 ent0.0057 VRAM 34MB
Ep 2450 | M0_PDR 0.614 | M1_PDR 0.721 | H_m0 1.61 H_m1 1.62 | a-0.0090 c0.1335 ent0.0056 VRAM 34MB
Ep 2500 | M0_PDR 0.589 | M1_PDR 0.681 | H_m0 1.61 H_m1 1.62 | a-0.0096 c0.1387 ent0.0055 VRAM 34MB
Ep 2550 | M0_PDR 0.618 | M1_PDR 0.642 | H_m0 1.61 H_m1 1.62 | a-0.0094 c0.1280 ent0.0054 VRAM 34MB
Ep 2600 | M0_PDR 0.636 | M1_PDR 0.687 | H_m0 1.61 H_m1 1.61 | a-0.0091 c0.1140 ent0.0053 VRAM 34MB
Ep 2650 | M0_PDR 0.619 | M1_PDR 0.692 | H_m0 1.61 H_m1 1.62 | a-0.0095 c0.1381 ent0.0052 VRAM 34MB
Ep 2700 | M0_PDR 0.588 | M1_PDR 0.678 | H_m0 1.61 H_m1 1.62 | a-0.0088 c0.1317 ent0.0051 VRAM 34MB
Ep 2750 | M0_PDR 0.596 | M1_PDR 0.687 | H_m0 1.61 H_m1 1.62 | a-0.0086 c0.1476 ent0.0050 VRAM 34MB
Ep 2800 | M0_PDR 0.603 | M1_PDR 0.682 | H_m0 1.61 H_m1 1.61 | a-0.0088 c0.1310 ent0.0050 VRAM 34MB
Ep 2850 | M0_PDR 0.622 | M1_PDR 0.687 | H_m0 1.61 H_m1 1.61 | a-0.0081 c0.1288 ent0.0049 VRAM 34MB
Ep 2900 | M0_PDR 0.622 | M1_PDR 0.652 | H_m0 1.61 H_m1 1.62 | a-0.0079 c0.1288 ent0.0048 VRAM 34MB
Ep 2950 | M0_PDR 0.622 | M1_PDR 0.678 | H_m0 1.61 H_m1 1.61 | a-0.0081 c0.1358 ent0.0047 VRAM 34MB
Ep 3000 | M0_PDR 0.620 | M1_PDR 0.695 | H_m0 1.61 H_m1 1.61 | a-0.0074 c0.1352 ent0.0046 VRAM 34MB
Ep 3050 | M0_PDR 0.589 | M1_PDR 0.721 | H_m0 1.61 H_m1 1.61 | a-0.0077 c0.1293 ent0.0045 VRAM 34MB
Ep 3100 | M0_PDR 0.629 | M1_PDR 0.680 | H_m0 1.61 H_m1 1.61 | a-0.0074 c0.1199 ent0.0044 VRAM 34MB
Ep 3150 | M0_PDR 0.595 | M1_PDR 0.687 | H_m0 1.61 H_m1 1.61 | a-0.0070 c0.1306 ent0.0043 VRAM 34MB
Ep 3200 | M0_PDR 0.647 | M1_PDR 0.678 | H_m0 1.61 H_m1 1.61 | a-0.0072 c0.1333 ent0.0042 VRAM 34MB
Ep 3250 | M0_PDR 0.618 | M1_PDR 0.671 | H_m0 1.61 H_m1 1.61 | a-0.0069 c0.1247 ent0.0041 VRAM 34MB
Ep 3300 | M0_PDR 0.617 | M1_PDR 0.684 | H_m0 1.61 H_m1 1.61 | a-0.0067 c0.1429 ent0.0041 VRAM 34MB
Ep 3350 | M0_PDR 0.619 | M1_PDR 0.689 | H_m0 1.61 H_m1 1.61 | a-0.0073 c0.1434 ent0.0040 VRAM 34MB
Ep 3400 | M0_PDR 0.630 | M1_PDR 0.698 | H_m0 1.61 H_m1 1.61 | a-0.0064 c0.1215 ent0.0039 VRAM 34MB
Ep 3450 | M0_PDR 0.617 | M1_PDR 0.676 | H_m0 1.61 H_m1 1.61 | a-0.0063 c0.1306 ent0.0038 VRAM 34MB
Ep 3500 | M0_PDR 0.623 | M1_PDR 0.687 | H_m0 1.61 H_m1 1.61 | a-0.0059 c0.1320 ent0.0037 VRAM 34MB
Ep 3550 | M0_PDR 0.614 | M1_PDR 0.657 | H_m0 1.61 H_m1 1.61 | a-0.0060 c0.1306 ent0.0036 VRAM 34MB
Ep 3600 | M0_PDR 0.635 | M1_PDR 0.686 | H_m0 1.61 H_m1 1.61 | a-0.0058 c0.1292 ent0.0035 VRAM 34MB
Ep 3650 | M0_PDR 0.634 | M1_PDR 0.681 | H_m0 1.61 H_m1 1.61 | a-0.0055 c0.1274 ent0.0034 VRAM 34MB
Ep 3700 | M0_PDR 0.640 | M1_PDR 0.690 | H_m0 1.61 H_m1 1.61 | a-0.0054 c0.1227 ent0.0033 VRAM 34MB
Ep 3750 | M0_PDR 0.625 | M1_PDR 0.690 | H_m0 1.61 H_m1 1.61 | a-0.0054 c0.1338 ent0.0032 VRAM 34MB
Ep 3800 | M0_PDR 0.604 | M1_PDR 0.681 | H_m0 1.61 H_m1 1.61 | a-0.0052 c0.1367 ent0.0032 VRAM 34MB
Ep 3850 | M0_PDR 0.625 | M1_PDR 0.689 | H_m0 1.61 H_m1 1.61 | a-0.0050 c0.1291 ent0.0031 VRAM 34MB
Ep 3900 | M0_PDR 0.618 | M1_PDR 0.682 | H_m0 1.61 H_m1 1.61 | a-0.0047 c0.1305 ent0.0030 VRAM 34MB
Ep 3950 | M0_PDR 0.610 | M1_PDR 0.694 | H_m0 1.61 H_m1 1.61 | a-0.0048 c0.1304 ent0.0029 VRAM 34MB
Ep 4000 | M0_PDR 0.616 | M1_PDR 0.699 | H_m0 1.61 H_m1 1.61 | a-0.0045 c0.1352 ent0.0028 VRAM 34MB
Ep 4050 | M0_PDR 0.595 | M1_PDR 0.685 | H_m0 1.61 H_m1 1.61 | a-0.0044 c0.1354 ent0.0027 VRAM 34MB
Ep 4100 | M0_PDR 0.600 | M1_PDR 0.671 | H_m0 1.61 H_m1 1.61 | a-0.0043 c0.1285 ent0.0026 VRAM 34MB
Ep 4150 | M0_PDR 0.616 | M1_PDR 0.667 | H_m0 1.61 H_m1 1.61 | a-0.0042 c0.1308 ent0.0025 VRAM 34MB
Ep 4200 | M0_PDR 0.616 | M1_PDR 0.676 | H_m0 1.61 H_m1 1.61 | a-0.0041 c0.1358 ent0.0024 VRAM 34MB
Ep 4250 | M0_PDR 0.610 | M1_PDR 0.669 | H_m0 1.61 H_m1 1.61 | a-0.0039 c0.1280 ent0.0023 VRAM 34MB
Ep 4300 | M0_PDR 0.631 | M1_PDR 0.714 | H_m0 1.61 H_m1 1.61 | a-0.0037 c0.1272 ent0.0023 VRAM 34MB
Ep 4350 | M0_PDR 0.621 | M1_PDR 0.648 | H_m0 1.61 H_m1 1.61 | a-0.0037 c0.1317 ent0.0022 VRAM 34MB
Ep 4400 | M0_PDR 0.609 | M1_PDR 0.684 | H_m0 1.61 H_m1 1.61 | a-0.0034 c0.1381 ent0.0021 VRAM 34MB
Ep 4450 | M0_PDR 0.646 | M1_PDR 0.711 | H_m0 1.61 H_m1 1.61 | a-0.0033 c0.1249 ent0.0020 VRAM 34MB
Ep 4500 | M0_PDR 0.616 | M1_PDR 0.699 | H_m0 1.61 H_m1 1.61 | a-0.0030 c0.1354 ent0.0019 VRAM 34MB
Ep 4550 | M0_PDR 0.629 | M1_PDR 0.699 | H_m0 1.61 H_m1 1.61 | a-0.0029 c0.1216 ent0.0018 VRAM 34MB
Ep 4600 | M0_PDR 0.610 | M1_PDR 0.688 | H_m0 1.61 H_m1 1.61 | a-0.0028 c0.1274 ent0.0017 VRAM 34MB
Ep 4650 | M0_PDR 0.625 | M1_PDR 0.702 | H_m0 1.61 H_m1 1.61 | a-0.0027 c0.1283 ent0.0016 VRAM 34MB
Ep 4700 | M0_PDR 0.623 | M1_PDR 0.699 | H_m0 1.61 H_m1 1.61 | a-0.0025 c0.1294 ent0.0015 VRAM 34MB
Ep 4750 | M0_PDR 0.610 | M1_PDR 0.683 | H_m0 1.61 H_m1 1.61 | a-0.0024 c0.1357 ent0.0014 VRAM 34MB
Ep 4800 | M0_PDR 0.581 | M1_PDR 0.686 | H_m0 1.61 H_m1 1.61 | a-0.0022 c0.1438 ent0.0014 VRAM 34MB
Ep 4850 | M0_PDR 0.595 | M1_PDR 0.694 | H_m0 1.61 H_m1 1.61 | a-0.0020 c0.1329 ent0.0013 VRAM 34MB
Ep 4900 | M0_PDR 0.621 | M1_PDR 0.655 | H_m0 1.61 H_m1 1.61 | a-0.0019 c0.1249 ent0.0012 VRAM 34MB
Ep 4950 | M0_PDR 0.634 | M1_PDR 0.719 | H_m0 1.61 H_m1 1.61 | a-0.0018 c0.1278 ent0.0011 VRAM 34MB

Training complete. Running 100 eval episodes...

  Eval ep   0: M0_PDR=0.625  M1_PDR=0.699
  Eval ep  20: M0_PDR=0.611  M1_PDR=0.685
  Eval ep  40: M0_PDR=0.638  M1_PDR=0.679
  Eval ep  60: M0_PDR=0.621  M1_PDR=0.688
  Eval ep  80: M0_PDR=0.634  M1_PDR=0.701

=== Eval Summary (100 episodes) ===
  M0_PDR_mean         : 0.6169
  M0_PDR_p05 (across) : 0.5863
  M0_PDR_p05 (intra)  : 0.2180
  M1_PDR_mean         : 0.6861
  M0_SINR_mean (dB)   : 5.04
  M1_SINR_mean (dB)   : 8.61
  M0_collision_rate   : 0.865
  M0_collision_within_pool : 0.589
  M1_collision_within_pool : 0.591

Result saved -> results/_A_N10_seed2_5000ep_gaefix_g05_ent01_as.json
  N=10  rho=2.0  M0_PDR=0.617  M1_PDR=0.686
[NS3Bridge] Shutdown complete.
Run complete.
