[seed] all RNGs seeded with 2
GPU : NVIDIA GeForce RTX 3060
VRAM: 12.9 GB
Device          : cuda:0
Actor M0 params : 21,273
Actor M1 params : 21,273
Critic params   : 110,337
obs_dim=11  action_dim=25  gs_dim=170
M0 count: 7  M1 count: 8
Training for 5000 episodes (Config A_N15_seed2_5000ep, N=15)...

[NS3Bridge] Connected tcp://localhost:6636
Ep    0 | M0_PDR 0.494 | M1_PDR 0.527 | H_m0 3.22 H_m1 3.22 | a-0.1638 c17.9368 ent0.0500 VRAM 41MB
Ep   50 | M0_PDR 0.571 | M1_PDR 0.497 | H_m0 2.87 H_m1 3.20 | a-0.1518 c7.9488 ent0.0495 VRAM 41MB
Ep  100 | M0_PDR 0.586 | M1_PDR 0.500 | H_m0 2.77 H_m1 3.20 | a-0.1474 c6.2339 ent0.0490 VRAM 41MB
Ep  150 | M0_PDR 0.595 | M1_PDR 0.513 | H_m0 2.64 H_m1 3.16 | a-0.1421 c4.6803 ent0.0485 VRAM 41MB
Ep  200 | M0_PDR 0.589 | M1_PDR 0.494 | H_m0 2.64 H_m1 3.17 | a-0.1414 c5.6346 ent0.0480 VRAM 41MB
Ep  250 | M0_PDR 0.618 | M1_PDR 0.490 | H_m0 2.52 H_m1 3.17 | a-0.1362 c3.8129 ent0.0475 VRAM 41MB
Ep  300 | M0_PDR 0.615 | M1_PDR 0.494 | H_m0 2.54 H_m1 3.17 | a-0.1364 c4.2189 ent0.0471 VRAM 41MB
Ep  350 | M0_PDR 0.618 | M1_PDR 0.525 | H_m0 2.57 H_m1 3.11 | a-0.1345 c3.8295 ent0.0466 VRAM 41MB
Ep  400 | M0_PDR 0.593 | M1_PDR 0.497 | H_m0 2.51 H_m1 3.15 | a-0.1330 c3.7206 ent0.0461 VRAM 41MB
Ep  450 | M0_PDR 0.610 | M1_PDR 0.506 | H_m0 2.40 H_m1 3.12 | a-0.1284 c3.2803 ent0.0456 VRAM 41MB
Ep  500 | M0_PDR 0.598 | M1_PDR 0.486 | H_m0 2.65 H_m1 3.17 | a-0.1327 c3.6239 ent0.0451 VRAM 41MB
Ep  550 | M0_PDR 0.587 | M1_PDR 0.482 | H_m0 2.50 H_m1 3.18 | a-0.1290 c3.1741 ent0.0446 VRAM 41MB
Ep  600 | M0_PDR 0.622 | M1_PDR 0.504 | H_m0 2.32 H_m1 3.14 | a-0.1224 c4.7808 ent0.0441 VRAM 41MB
Ep  650 | M0_PDR 0.597 | M1_PDR 0.488 | H_m0 2.44 H_m1 3.18 | a-0.1250 c3.3912 ent0.0436 VRAM 41MB
Ep  700 | M0_PDR 0.611 | M1_PDR 0.488 | H_m0 2.58 H_m1 3.18 | a-0.1262 c3.5486 ent0.0431 VRAM 41MB
Ep  750 | M0_PDR 0.619 | M1_PDR 0.505 | H_m0 2.34 H_m1 3.13 | a-0.1180 c2.7619 ent0.0426 VRAM 41MB
Ep  800 | M0_PDR 0.615 | M1_PDR 0.480 | H_m0 2.29 H_m1 3.17 | a-0.1174 c3.8300 ent0.0422 VRAM 41MB
Ep  850 | M0_PDR 0.617 | M1_PDR 0.456 | H_m0 2.36 H_m1 3.19 | a-0.1185 c2.4616 ent0.0417 VRAM 41MB
Ep  900 | M0_PDR 0.629 | M1_PDR 0.498 | H_m0 2.19 H_m1 3.18 | a-0.1134 c3.1589 ent0.0412 VRAM 41MB
Ep  950 | M0_PDR 0.600 | M1_PDR 0.521 | H_m0 2.48 H_m1 3.15 | a-0.1162 c2.7877 ent0.0407 VRAM 41MB
Ep 1000 | M0_PDR 0.581 | M1_PDR 0.516 | H_m0 2.34 H_m1 3.13 | a-0.1113 c2.5782 ent0.0402 VRAM 41MB
Ep 1050 | M0_PDR 0.621 | M1_PDR 0.500 | H_m0 2.21 H_m1 3.11 | a-0.1086 c2.8372 ent0.0397 VRAM 41MB
Ep 1100 | M0_PDR 0.646 | M1_PDR 0.487 | H_m0 2.21 H_m1 3.14 | a-0.1066 c2.4817 ent0.0392 VRAM 41MB
Ep 1150 | M0_PDR 0.576 | M1_PDR 0.538 | H_m0 2.25 H_m1 2.98 | a-0.1036 c3.3003 ent0.0387 VRAM 41MB
Ep 1200 | M0_PDR 0.598 | M1_PDR 0.511 | H_m0 2.21 H_m1 3.06 | a-0.1029 c2.7465 ent0.0382 VRAM 41MB
Ep 1250 | M0_PDR 0.626 | M1_PDR 0.508 | H_m0 2.20 H_m1 3.11 | a-0.1023 c3.4853 ent0.0377 VRAM 41MB
Ep 1300 | M0_PDR 0.628 | M1_PDR 0.490 | H_m0 2.29 H_m1 3.15 | a-0.1034 c2.6571 ent0.0373 VRAM 41MB
Ep 1350 | M0_PDR 0.622 | M1_PDR 0.497 | H_m0 2.16 H_m1 3.13 | a-0.0999 c2.4190 ent0.0368 VRAM 41MB
Ep 1400 | M0_PDR 0.616 | M1_PDR 0.510 | H_m0 2.20 H_m1 3.12 | a-0.0983 c3.1201 ent0.0363 VRAM 41MB
Ep 1450 | M0_PDR 0.627 | M1_PDR 0.501 | H_m0 2.14 H_m1 3.08 | a-0.0950 c2.7575 ent0.0358 VRAM 41MB
Ep 1500 | M0_PDR 0.622 | M1_PDR 0.524 | H_m0 2.05 H_m1 3.00 | a-0.0915 c2.9664 ent0.0353 VRAM 41MB
Ep 1550 | M0_PDR 0.603 | M1_PDR 0.514 | H_m0 2.25 H_m1 3.11 | a-0.0954 c2.2054 ent0.0348 VRAM 41MB
Ep 1600 | M0_PDR 0.625 | M1_PDR 0.517 | H_m0 2.09 H_m1 3.06 | a-0.0896 c2.5018 ent0.0343 VRAM 41MB
Ep 1650 | M0_PDR 0.600 | M1_PDR 0.527 | H_m0 2.15 H_m1 3.09 | a-0.0903 c2.5538 ent0.0338 VRAM 41MB
Ep 1700 | M0_PDR 0.617 | M1_PDR 0.497 | H_m0 2.12 H_m1 3.15 | a-0.0895 c3.3056 ent0.0333 VRAM 41MB
Ep 1750 | M0_PDR 0.612 | M1_PDR 0.518 | H_m0 2.13 H_m1 3.08 | a-0.0872 c2.3127 ent0.0328 VRAM 41MB
Ep 1800 | M0_PDR 0.612 | M1_PDR 0.522 | H_m0 2.02 H_m1 3.06 | a-0.0836 c2.3737 ent0.0324 VRAM 41MB
Ep 1850 | M0_PDR 0.601 | M1_PDR 0.484 | H_m0 2.02 H_m1 3.12 | a-0.0831 c4.0402 ent0.0319 VRAM 41MB
Ep 1900 | M0_PDR 0.631 | M1_PDR 0.490 | H_m0 2.06 H_m1 3.13 | a-0.0827 c2.8190 ent0.0314 VRAM 41MB
Ep 1950 | M0_PDR 0.601 | M1_PDR 0.501 | H_m0 2.18 H_m1 3.09 | a-0.0829 c2.4327 ent0.0309 VRAM 41MB
Ep 2000 | M0_PDR 0.612 | M1_PDR 0.515 | H_m0 1.93 H_m1 3.03 | a-0.0776 c2.4033 ent0.0304 VRAM 41MB
Ep 2050 | M0_PDR 0.633 | M1_PDR 0.515 | H_m0 1.93 H_m1 3.07 | a-0.0763 c2.4014 ent0.0299 VRAM 41MB
Ep 2100 | M0_PDR 0.623 | M1_PDR 0.516 | H_m0 1.96 H_m1 3.05 | a-0.0752 c2.2589 ent0.0294 VRAM 41MB
Ep 2150 | M0_PDR 0.604 | M1_PDR 0.520 | H_m0 2.07 H_m1 3.02 | a-0.0748 c2.4650 ent0.0289 VRAM 41MB
Ep 2200 | M0_PDR 0.608 | M1_PDR 0.535 | H_m0 1.92 H_m1 3.05 | a-0.0720 c4.7716 ent0.0284 VRAM 41MB
Ep 2250 | M0_PDR 0.610 | M1_PDR 0.532 | H_m0 1.86 H_m1 3.01 | a-0.0697 c2.4742 ent0.0279 VRAM 41MB
Ep 2300 | M0_PDR 0.630 | M1_PDR 0.536 | H_m0 1.94 H_m1 3.00 | a-0.0693 c2.2334 ent0.0275 VRAM 41MB
Ep 2350 | M0_PDR 0.648 | M1_PDR 0.518 | H_m0 1.88 H_m1 3.07 | a-0.0681 c3.0912 ent0.0270 VRAM 41MB
Ep 2400 | M0_PDR 0.614 | M1_PDR 0.511 | H_m0 2.05 H_m1 3.11 | a-0.0695 c1.9898 ent0.0265 VRAM 41MB
Ep 2450 | M0_PDR 0.629 | M1_PDR 0.494 | H_m0 1.96 H_m1 3.09 | a-0.0669 c2.4074 ent0.0260 VRAM 41MB
Ep 2500 | M0_PDR 0.625 | M1_PDR 0.519 | H_m0 2.01 H_m1 3.10 | a-0.0668 c3.1880 ent0.0255 VRAM 41MB
Ep 2550 | M0_PDR 0.617 | M1_PDR 0.537 | H_m0 1.99 H_m1 3.06 | a-0.0647 c2.2861 ent0.0250 VRAM 41MB
Ep 2600 | M0_PDR 0.621 | M1_PDR 0.539 | H_m0 1.99 H_m1 2.99 | a-0.0623 c2.4487 ent0.0245 VRAM 41MB
Ep 2650 | M0_PDR 0.628 | M1_PDR 0.527 | H_m0 1.93 H_m1 3.01 | a-0.0607 c2.3221 ent0.0240 VRAM 41MB
Ep 2700 | M0_PDR 0.622 | M1_PDR 0.523 | H_m0 1.95 H_m1 3.01 | a-0.0596 c3.1340 ent0.0235 VRAM 41MB
Ep 2750 | M0_PDR 0.626 | M1_PDR 0.534 | H_m0 1.94 H_m1 2.99 | a-0.0581 c2.2828 ent0.0230 VRAM 41MB
Ep 2800 | M0_PDR 0.634 | M1_PDR 0.546 | H_m0 1.97 H_m1 3.00 | a-0.0571 c2.1930 ent0.0226 VRAM 41MB
Ep 2850 | M0_PDR 0.617 | M1_PDR 0.512 | H_m0 1.91 H_m1 2.99 | a-0.0550 c2.3238 ent0.0221 VRAM 41MB
Ep 2900 | M0_PDR 0.609 | M1_PDR 0.514 | H_m0 1.91 H_m1 2.95 | a-0.0533 c2.0355 ent0.0216 VRAM 41MB
Ep 2950 | M0_PDR 0.616 | M1_PDR 0.570 | H_m0 1.98 H_m1 2.89 | a-0.0521 c2.5167 ent0.0211 VRAM 41MB
Ep 3000 | M0_PDR 0.619 | M1_PDR 0.565 | H_m0 1.95 H_m1 2.79 | a-0.0496 c2.1928 ent0.0206 VRAM 41MB
Ep 3050 | M0_PDR 0.610 | M1_PDR 0.569 | H_m0 1.87 H_m1 2.77 | a-0.0476 c2.3828 ent0.0201 VRAM 41MB
Ep 3100 | M0_PDR 0.613 | M1_PDR 0.558 | H_m0 1.76 H_m1 2.88 | a-0.0465 c2.3839 ent0.0196 VRAM 41MB
Ep 3150 | M0_PDR 0.621 | M1_PDR 0.545 | H_m0 1.85 H_m1 2.87 | a-0.0463 c2.5387 ent0.0191 VRAM 41MB
Ep 3200 | M0_PDR 0.618 | M1_PDR 0.551 | H_m0 1.77 H_m1 2.83 | a-0.0440 c2.2044 ent0.0186 VRAM 41MB
Ep 3250 | M0_PDR 0.573 | M1_PDR 0.584 | H_m0 1.74 H_m1 2.71 | a-0.0417 c2.1055 ent0.0181 VRAM 41MB
Ep 3300 | M0_PDR 0.634 | M1_PDR 0.555 | H_m0 1.83 H_m1 2.73 | a-0.0410 c2.0404 ent0.0177 VRAM 41MB
Ep 3350 | M0_PDR 0.617 | M1_PDR 0.551 | H_m0 1.84 H_m1 2.79 | a-0.0406 c2.6442 ent0.0172 VRAM 41MB
Ep 3400 | M0_PDR 0.621 | M1_PDR 0.539 | H_m0 1.81 H_m1 2.83 | a-0.0393 c2.5315 ent0.0167 VRAM 41MB
Ep 3450 | M0_PDR 0.605 | M1_PDR 0.576 | H_m0 1.80 H_m1 2.72 | a-0.0372 c2.2879 ent0.0162 VRAM 41MB
Ep 3500 | M0_PDR 0.605 | M1_PDR 0.564 | H_m0 1.83 H_m1 2.69 | a-0.0362 c2.1819 ent0.0157 VRAM 41MB
Ep 3550 | M0_PDR 0.590 | M1_PDR 0.580 | H_m0 1.77 H_m1 2.73 | a-0.0349 c2.6395 ent0.0152 VRAM 41MB
Ep 3600 | M0_PDR 0.595 | M1_PDR 0.565 | H_m0 1.81 H_m1 2.73 | a-0.0341 c2.0573 ent0.0147 VRAM 41MB
Ep 3650 | M0_PDR 0.598 | M1_PDR 0.565 | H_m0 1.79 H_m1 2.69 | a-0.0323 c2.2743 ent0.0142 VRAM 41MB
Ep 3700 | M0_PDR 0.615 | M1_PDR 0.565 | H_m0 1.82 H_m1 2.73 | a-0.0317 c2.2966 ent0.0137 VRAM 41MB
Ep 3750 | M0_PDR 0.594 | M1_PDR 0.589 | H_m0 1.78 H_m1 2.70 | a-0.0302 c2.3560 ent0.0132 VRAM 41MB
Ep 3800 | M0_PDR 0.624 | M1_PDR 0.548 | H_m0 1.77 H_m1 2.73 | a-0.0293 c2.1670 ent0.0128 VRAM 41MB
Ep 3850 | M0_PDR 0.606 | M1_PDR 0.558 | H_m0 1.80 H_m1 2.70 | a-0.0282 c2.2366 ent0.0123 VRAM 41MB
Ep 3900 | M0_PDR 0.594 | M1_PDR 0.561 | H_m0 1.76 H_m1 2.70 | a-0.0270 c2.0193 ent0.0118 VRAM 41MB
Ep 3950 | M0_PDR 0.596 | M1_PDR 0.580 | H_m0 1.76 H_m1 2.66 | a-0.0255 c2.3511 ent0.0113 VRAM 41MB
Ep 4000 | M0_PDR 0.629 | M1_PDR 0.579 | H_m0 1.76 H_m1 2.66 | a-0.0244 c2.4265 ent0.0108 VRAM 41MB
Ep 4050 | M0_PDR 0.602 | M1_PDR 0.598 | H_m0 1.73 H_m1 2.64 | a-0.0229 c2.5217 ent0.0103 VRAM 41MB
Ep 4100 | M0_PDR 0.614 | M1_PDR 0.575 | H_m0 1.74 H_m1 2.60 | a-0.0217 c2.1831 ent0.0098 VRAM 41MB
Ep 4150 | M0_PDR 0.592 | M1_PDR 0.556 | H_m0 1.75 H_m1 2.57 | a-0.0205 c1.9757 ent0.0093 VRAM 41MB
Ep 4200 | M0_PDR 0.580 | M1_PDR 0.590 | H_m0 1.74 H_m1 2.53 | a-0.0192 c2.2752 ent0.0088 VRAM 41MB
Ep 4250 | M0_PDR 0.612 | M1_PDR 0.612 | H_m0 1.74 H_m1 2.48 | a-0.0180 c2.2593 ent0.0083 VRAM 41MB
Ep 4300 | M0_PDR 0.592 | M1_PDR 0.624 | H_m0 1.73 H_m1 2.45 | a-0.0166 c2.1950 ent0.0079 VRAM 41MB
Ep 4350 | M0_PDR 0.599 | M1_PDR 0.602 | H_m0 1.73 H_m1 2.44 | a-0.0155 c2.0769 ent0.0074 VRAM 41MB
Ep 4400 | M0_PDR 0.592 | M1_PDR 0.593 | H_m0 1.72 H_m1 2.43 | a-0.0145 c2.3380 ent0.0069 VRAM 41MB
Ep 4450 | M0_PDR 0.600 | M1_PDR 0.614 | H_m0 1.71 H_m1 2.38 | a-0.0133 c1.8494 ent0.0064 VRAM 41MB
Ep 4500 | M0_PDR 0.605 | M1_PDR 0.614 | H_m0 1.73 H_m1 2.34 | a-0.0121 c2.0387 ent0.0059 VRAM 41MB
Ep 4550 | M0_PDR 0.583 | M1_PDR 0.629 | H_m0 1.71 H_m1 2.28 | a-0.0110 c1.9798 ent0.0054 VRAM 41MB
Ep 4600 | M0_PDR 0.599 | M1_PDR 0.628 | H_m0 1.71 H_m1 2.26 | a-0.0099 c2.2812 ent0.0049 VRAM 41MB
Ep 4650 | M0_PDR 0.602 | M1_PDR 0.637 | H_m0 1.70 H_m1 2.25 | a-0.0089 c2.1534 ent0.0044 VRAM 41MB
Ep 4700 | M0_PDR 0.602 | M1_PDR 0.618 | H_m0 1.71 H_m1 2.25 | a-0.0079 c2.6313 ent0.0039 VRAM 41MB
Ep 4750 | M0_PDR 0.581 | M1_PDR 0.612 | H_m0 1.69 H_m1 2.23 | a-0.0069 c1.8794 ent0.0034 VRAM 41MB
Ep 4800 | M0_PDR 0.577 | M1_PDR 0.618 | H_m0 1.68 H_m1 2.19 | a-0.0058 c2.0070 ent0.0030 VRAM 41MB
Ep 4850 | M0_PDR 0.597 | M1_PDR 0.630 | H_m0 1.71 H_m1 2.18 | a-0.0048 c2.3549 ent0.0025 VRAM 41MB
Ep 4900 | M0_PDR 0.582 | M1_PDR 0.619 | H_m0 1.69 H_m1 2.17 | a-0.0038 c2.6139 ent0.0020 VRAM 41MB
Ep 4950 | M0_PDR 0.568 | M1_PDR 0.640 | H_m0 1.70 H_m1 2.14 | a-0.0029 c2.3966 ent0.0015 VRAM 41MB

Training complete. Running 100 eval episodes...

  Eval ep   0: M0_PDR=0.610  M1_PDR=0.616
  Eval ep  20: M0_PDR=0.581  M1_PDR=0.629
  Eval ep  40: M0_PDR=0.608  M1_PDR=0.619
  Eval ep  60: M0_PDR=0.599  M1_PDR=0.626
  Eval ep  80: M0_PDR=0.591  M1_PDR=0.606

=== Eval Summary (100 episodes) ===
  M0_PDR_mean         : 0.5942
  M0_PDR_p05 (across) : 0.5756
  M0_PDR_p05 (intra)  : 0.2984
  M1_PDR_mean         : 0.6283
  M0_SINR_mean (dB)   : 2.68
  M1_SINR_mean (dB)   : 3.69
  M0_collision_rate   : 0.956
  M0_collision_within_pool : 0.737
  M1_collision_within_pool : 0.793

Result saved -> results/_A_N15_seed2_5000ep.json
  N=15  rho=3.0  M0_PDR=0.594  M1_PDR=0.628
[NS3Bridge] Shutdown complete.
Run complete.
