[seed] all RNGs seeded with 3
GPU : NVIDIA GeForce RTX 3060
VRAM: 12.9 GB
Device          : cuda:0
Actor M0 params : 21,273
Actor M1 params : 21,273
Critic params   : 96,257
obs_dim=11  action_dim=25  gs_dim=115
M0 count: 5  M1 count: 5
Training for 5000 episodes (Config A_N10_seed3_5000ep, N=10)...

[NS3Bridge] Connected tcp://localhost:6906
Ep    0 | M0_PDR 0.516 | M1_PDR 0.602 | H_m0 3.22 H_m1 3.22 | a-0.1647 c25.1950 ent0.0500 VRAM 33MB
Ep   50 | M0_PDR 0.561 | M1_PDR 0.552 | H_m0 3.02 H_m1 3.20 | a-0.1564 c10.5017 ent0.0495 VRAM 33MB
Ep  100 | M0_PDR 0.599 | M1_PDR 0.535 | H_m0 2.88 H_m1 3.20 | a-0.1508 c6.4183 ent0.0490 VRAM 33MB
Ep  150 | M0_PDR 0.604 | M1_PDR 0.545 | H_m0 2.90 H_m1 3.17 | a-0.1484 c6.7606 ent0.0485 VRAM 33MB
Ep  200 | M0_PDR 0.616 | M1_PDR 0.556 | H_m0 2.82 H_m1 3.20 | a-0.1455 c6.7207 ent0.0480 VRAM 33MB
Ep  250 | M0_PDR 0.600 | M1_PDR 0.538 | H_m0 2.79 H_m1 3.20 | a-0.1433 c4.6714 ent0.0475 VRAM 33MB
Ep  300 | M0_PDR 0.609 | M1_PDR 0.546 | H_m0 2.72 H_m1 3.18 | a-0.1400 c4.8219 ent0.0471 VRAM 33MB
Ep  350 | M0_PDR 0.569 | M1_PDR 0.554 | H_m0 2.77 H_m1 3.16 | a-0.1399 c3.3585 ent0.0466 VRAM 33MB
Ep  400 | M0_PDR 0.589 | M1_PDR 0.596 | H_m0 2.76 H_m1 3.14 | a-0.1375 c4.5215 ent0.0461 VRAM 33MB
Ep  450 | M0_PDR 0.603 | M1_PDR 0.577 | H_m0 2.77 H_m1 3.17 | a-0.1365 c3.3070 ent0.0456 VRAM 33MB
Ep  500 | M0_PDR 0.578 | M1_PDR 0.598 | H_m0 2.82 H_m1 3.16 | a-0.1364 c2.3769 ent0.0451 VRAM 33MB
Ep  550 | M0_PDR 0.605 | M1_PDR 0.505 | H_m0 2.62 H_m1 3.18 | a-0.1312 c2.9512 ent0.0446 VRAM 33MB
Ep  600 | M0_PDR 0.607 | M1_PDR 0.549 | H_m0 2.59 H_m1 3.15 | a-0.1275 c3.1840 ent0.0441 VRAM 33MB
Ep  650 | M0_PDR 0.620 | M1_PDR 0.559 | H_m0 2.58 H_m1 3.16 | a-0.1258 c3.2816 ent0.0436 VRAM 33MB
Ep  700 | M0_PDR 0.617 | M1_PDR 0.567 | H_m0 2.64 H_m1 3.14 | a-0.1258 c3.5625 ent0.0431 VRAM 33MB
Ep  750 | M0_PDR 0.611 | M1_PDR 0.541 | H_m0 2.48 H_m1 3.16 | a-0.1214 c3.0051 ent0.0426 VRAM 33MB
Ep  800 | M0_PDR 0.604 | M1_PDR 0.540 | H_m0 2.62 H_m1 3.14 | a-0.1220 c2.3095 ent0.0422 VRAM 33MB
Ep  850 | M0_PDR 0.592 | M1_PDR 0.595 | H_m0 2.58 H_m1 3.09 | a-0.1188 c2.7741 ent0.0417 VRAM 33MB
Ep  900 | M0_PDR 0.607 | M1_PDR 0.562 | H_m0 2.35 H_m1 3.12 | a-0.1126 c2.3153 ent0.0412 VRAM 33MB
Ep  950 | M0_PDR 0.607 | M1_PDR 0.544 | H_m0 2.41 H_m1 3.15 | a-0.1146 c2.8075 ent0.0407 VRAM 33MB
Ep 1000 | M0_PDR 0.594 | M1_PDR 0.551 | H_m0 2.42 H_m1 3.12 | a-0.1117 c2.3144 ent0.0402 VRAM 33MB
Ep 1050 | M0_PDR 0.600 | M1_PDR 0.540 | H_m0 2.41 H_m1 3.14 | a-0.1111 c2.3550 ent0.0397 VRAM 33MB
Ep 1100 | M0_PDR 0.605 | M1_PDR 0.604 | H_m0 2.47 H_m1 3.07 | a-0.1093 c2.3465 ent0.0392 VRAM 33MB
Ep 1150 | M0_PDR 0.602 | M1_PDR 0.562 | H_m0 2.40 H_m1 3.12 | a-0.1077 c2.5350 ent0.0387 VRAM 33MB
Ep 1200 | M0_PDR 0.607 | M1_PDR 0.586 | H_m0 2.65 H_m1 3.08 | a-0.1103 c2.2961 ent0.0382 VRAM 33MB
Ep 1250 | M0_PDR 0.580 | M1_PDR 0.572 | H_m0 2.49 H_m1 3.13 | a-0.1062 c2.8443 ent0.0377 VRAM 33MB
Ep 1300 | M0_PDR 0.615 | M1_PDR 0.532 | H_m0 2.41 H_m1 3.12 | a-0.1048 c2.5121 ent0.0373 VRAM 33MB
Ep 1350 | M0_PDR 0.605 | M1_PDR 0.560 | H_m0 2.40 H_m1 3.12 | a-0.1019 c2.3354 ent0.0368 VRAM 33MB
Ep 1400 | M0_PDR 0.609 | M1_PDR 0.600 | H_m0 2.50 H_m1 3.13 | a-0.1027 c2.4538 ent0.0363 VRAM 33MB
Ep 1450 | M0_PDR 0.611 | M1_PDR 0.586 | H_m0 2.37 H_m1 3.14 | a-0.0997 c2.5558 ent0.0358 VRAM 33MB
Ep 1500 | M0_PDR 0.617 | M1_PDR 0.558 | H_m0 2.43 H_m1 3.12 | a-0.0989 c1.9405 ent0.0353 VRAM 33MB
Ep 1550 | M0_PDR 0.595 | M1_PDR 0.561 | H_m0 2.39 H_m1 3.10 | a-0.0965 c2.2763 ent0.0348 VRAM 33MB
Ep 1600 | M0_PDR 0.590 | M1_PDR 0.603 | H_m0 2.39 H_m1 3.06 | a-0.0947 c2.7175 ent0.0343 VRAM 33MB
Ep 1650 | M0_PDR 0.628 | M1_PDR 0.561 | H_m0 2.18 H_m1 3.08 | a-0.0901 c2.4435 ent0.0338 VRAM 33MB
Ep 1700 | M0_PDR 0.597 | M1_PDR 0.568 | H_m0 2.27 H_m1 3.13 | a-0.0901 c1.9507 ent0.0333 VRAM 33MB
Ep 1750 | M0_PDR 0.622 | M1_PDR 0.579 | H_m0 2.25 H_m1 3.02 | a-0.0875 c2.1661 ent0.0328 VRAM 33MB
Ep 1800 | M0_PDR 0.618 | M1_PDR 0.590 | H_m0 2.18 H_m1 3.04 | a-0.0859 c2.6577 ent0.0324 VRAM 33MB
Ep 1850 | M0_PDR 0.609 | M1_PDR 0.552 | H_m0 2.14 H_m1 3.03 | a-0.0830 c2.6447 ent0.0319 VRAM 33MB
Ep 1900 | M0_PDR 0.634 | M1_PDR 0.558 | H_m0 2.27 H_m1 3.07 | a-0.0844 c2.8005 ent0.0314 VRAM 33MB
Ep 1950 | M0_PDR 0.603 | M1_PDR 0.573 | H_m0 2.18 H_m1 3.04 | a-0.0811 c2.4214 ent0.0309 VRAM 33MB
Ep 2000 | M0_PDR 0.628 | M1_PDR 0.568 | H_m0 2.34 H_m1 2.99 | a-0.0820 c1.9062 ent0.0304 VRAM 33MB
Ep 2050 | M0_PDR 0.620 | M1_PDR 0.571 | H_m0 2.40 H_m1 3.07 | a-0.0823 c2.3717 ent0.0299 VRAM 33MB
Ep 2100 | M0_PDR 0.629 | M1_PDR 0.601 | H_m0 2.24 H_m1 3.03 | a-0.0785 c2.3929 ent0.0294 VRAM 33MB
Ep 2150 | M0_PDR 0.605 | M1_PDR 0.565 | H_m0 2.30 H_m1 3.11 | a-0.0787 c2.0533 ent0.0289 VRAM 33MB
Ep 2200 | M0_PDR 0.606 | M1_PDR 0.583 | H_m0 2.25 H_m1 3.05 | a-0.0758 c2.6342 ent0.0284 VRAM 33MB
Ep 2250 | M0_PDR 0.631 | M1_PDR 0.569 | H_m0 2.17 H_m1 3.05 | a-0.0735 c1.9574 ent0.0279 VRAM 33MB
Ep 2300 | M0_PDR 0.631 | M1_PDR 0.582 | H_m0 2.21 H_m1 3.05 | a-0.0729 c2.3565 ent0.0275 VRAM 33MB
Ep 2350 | M0_PDR 0.608 | M1_PDR 0.582 | H_m0 2.03 H_m1 3.00 | a-0.0684 c2.4734 ent0.0270 VRAM 33MB
Ep 2400 | M0_PDR 0.602 | M1_PDR 0.581 | H_m0 2.14 H_m1 3.07 | a-0.0697 c2.1979 ent0.0265 VRAM 33MB
Ep 2450 | M0_PDR 0.634 | M1_PDR 0.582 | H_m0 2.00 H_m1 3.07 | a-0.0660 c2.5767 ent0.0260 VRAM 33MB
Ep 2500 | M0_PDR 0.639 | M1_PDR 0.601 | H_m0 1.89 H_m1 3.04 | a-0.0631 c2.2256 ent0.0255 VRAM 33MB
Ep 2550 | M0_PDR 0.613 | M1_PDR 0.602 | H_m0 2.05 H_m1 2.86 | a-0.0617 c2.3304 ent0.0250 VRAM 33MB
Ep 2600 | M0_PDR 0.622 | M1_PDR 0.582 | H_m0 1.93 H_m1 2.84 | a-0.0595 c2.2558 ent0.0245 VRAM 33MB
Ep 2650 | M0_PDR 0.618 | M1_PDR 0.634 | H_m0 2.03 H_m1 2.78 | a-0.0582 c2.4146 ent0.0240 VRAM 33MB
Ep 2700 | M0_PDR 0.614 | M1_PDR 0.621 | H_m0 2.02 H_m1 2.80 | a-0.0574 c2.0372 ent0.0235 VRAM 33MB
Ep 2750 | M0_PDR 0.620 | M1_PDR 0.611 | H_m0 2.03 H_m1 2.97 | a-0.0580 c2.3177 ent0.0230 VRAM 33MB
Ep 2800 | M0_PDR 0.610 | M1_PDR 0.602 | H_m0 1.94 H_m1 2.93 | a-0.0554 c2.4763 ent0.0226 VRAM 33MB
Ep 2850 | M0_PDR 0.630 | M1_PDR 0.584 | H_m0 1.98 H_m1 2.88 | a-0.0542 c1.8853 ent0.0221 VRAM 33MB
Ep 2900 | M0_PDR 0.598 | M1_PDR 0.608 | H_m0 1.97 H_m1 2.89 | a-0.0526 c1.9972 ent0.0216 VRAM 33MB
Ep 2950 | M0_PDR 0.616 | M1_PDR 0.607 | H_m0 1.86 H_m1 2.92 | a-0.0508 c2.3766 ent0.0211 VRAM 33MB
Ep 3000 | M0_PDR 0.623 | M1_PDR 0.585 | H_m0 1.86 H_m1 2.87 | a-0.0492 c2.7035 ent0.0206 VRAM 33MB
Ep 3050 | M0_PDR 0.602 | M1_PDR 0.599 | H_m0 1.82 H_m1 2.77 | a-0.0462 c1.8284 ent0.0201 VRAM 33MB
Ep 3100 | M0_PDR 0.603 | M1_PDR 0.613 | H_m0 1.85 H_m1 2.82 | a-0.0463 c2.2793 ent0.0196 VRAM 33MB
Ep 3150 | M0_PDR 0.636 | M1_PDR 0.587 | H_m0 1.83 H_m1 2.87 | a-0.0454 c2.0888 ent0.0191 VRAM 33MB
Ep 3200 | M0_PDR 0.624 | M1_PDR 0.597 | H_m0 1.80 H_m1 2.89 | a-0.0438 c2.4108 ent0.0186 VRAM 33MB
Ep 3250 | M0_PDR 0.621 | M1_PDR 0.624 | H_m0 1.79 H_m1 2.81 | a-0.0421 c3.0575 ent0.0181 VRAM 33MB
Ep 3300 | M0_PDR 0.628 | M1_PDR 0.640 | H_m0 1.77 H_m1 2.74 | a-0.0402 c2.9543 ent0.0177 VRAM 33MB
Ep 3350 | M0_PDR 0.614 | M1_PDR 0.621 | H_m0 1.85 H_m1 2.75 | a-0.0396 c2.1449 ent0.0172 VRAM 33MB
Ep 3400 | M0_PDR 0.623 | M1_PDR 0.636 | H_m0 1.87 H_m1 2.76 | a-0.0390 c2.0427 ent0.0167 VRAM 33MB
Ep 3450 | M0_PDR 0.649 | M1_PDR 0.623 | H_m0 1.79 H_m1 2.85 | a-0.0379 c2.0427 ent0.0162 VRAM 33MB
Ep 3500 | M0_PDR 0.621 | M1_PDR 0.615 | H_m0 1.77 H_m1 2.80 | a-0.0361 c2.4606 ent0.0157 VRAM 33MB
Ep 3550 | M0_PDR 0.653 | M1_PDR 0.636 | H_m0 1.76 H_m1 2.77 | a-0.0349 c2.4023 ent0.0152 VRAM 33MB
Ep 3600 | M0_PDR 0.630 | M1_PDR 0.627 | H_m0 1.73 H_m1 2.75 | a-0.0332 c2.2687 ent0.0147 VRAM 33MB
Ep 3650 | M0_PDR 0.614 | M1_PDR 0.637 | H_m0 1.76 H_m1 2.74 | a-0.0322 c1.9349 ent0.0142 VRAM 33MB
Ep 3700 | M0_PDR 0.630 | M1_PDR 0.637 | H_m0 1.75 H_m1 2.74 | a-0.0310 c2.1742 ent0.0137 VRAM 33MB
Ep 3750 | M0_PDR 0.625 | M1_PDR 0.601 | H_m0 1.74 H_m1 2.77 | a-0.0300 c2.3826 ent0.0132 VRAM 33MB
Ep 3800 | M0_PDR 0.608 | M1_PDR 0.601 | H_m0 1.74 H_m1 2.78 | a-0.0290 c2.4539 ent0.0128 VRAM 33MB
Ep 3850 | M0_PDR 0.650 | M1_PDR 0.632 | H_m0 1.73 H_m1 2.73 | a-0.0276 c2.4017 ent0.0123 VRAM 33MB
Ep 3900 | M0_PDR 0.631 | M1_PDR 0.614 | H_m0 1.71 H_m1 2.65 | a-0.0259 c2.1075 ent0.0118 VRAM 33MB
Ep 3950 | M0_PDR 0.617 | M1_PDR 0.655 | H_m0 1.69 H_m1 2.64 | a-0.0246 c2.3010 ent0.0113 VRAM 33MB
Ep 4000 | M0_PDR 0.628 | M1_PDR 0.643 | H_m0 1.69 H_m1 2.61 | a-0.0232 c2.1589 ent0.0108 VRAM 33MB
Ep 4050 | M0_PDR 0.633 | M1_PDR 0.623 | H_m0 1.69 H_m1 2.60 | a-0.0223 c2.1560 ent0.0103 VRAM 33MB
Ep 4100 | M0_PDR 0.634 | M1_PDR 0.657 | H_m0 1.68 H_m1 2.59 | a-0.0210 c1.8644 ent0.0098 VRAM 33MB
Ep 4150 | M0_PDR 0.633 | M1_PDR 0.623 | H_m0 1.67 H_m1 2.59 | a-0.0200 c2.5020 ent0.0093 VRAM 33MB
Ep 4200 | M0_PDR 0.621 | M1_PDR 0.616 | H_m0 1.67 H_m1 2.58 | a-0.0188 c2.2780 ent0.0088 VRAM 33MB
Ep 4250 | M0_PDR 0.627 | M1_PDR 0.641 | H_m0 1.67 H_m1 2.59 | a-0.0178 c2.3046 ent0.0083 VRAM 33MB
Ep 4300 | M0_PDR 0.610 | M1_PDR 0.675 | H_m0 1.66 H_m1 2.56 | a-0.0168 c2.2222 ent0.0079 VRAM 33MB
Ep 4350 | M0_PDR 0.611 | M1_PDR 0.639 | H_m0 1.67 H_m1 2.55 | a-0.0156 c2.6200 ent0.0074 VRAM 33MB
Ep 4400 | M0_PDR 0.604 | M1_PDR 0.605 | H_m0 1.67 H_m1 2.55 | a-0.0145 c2.8208 ent0.0069 VRAM 33MB
Ep 4450 | M0_PDR 0.606 | M1_PDR 0.629 | H_m0 1.66 H_m1 2.53 | a-0.0135 c2.2224 ent0.0064 VRAM 33MB
Ep 4500 | M0_PDR 0.627 | M1_PDR 0.650 | H_m0 1.67 H_m1 2.51 | a-0.0124 c1.8935 ent0.0059 VRAM 33MB
Ep 4550 | M0_PDR 0.605 | M1_PDR 0.654 | H_m0 1.66 H_m1 2.50 | a-0.0113 c2.5456 ent0.0054 VRAM 33MB
Ep 4600 | M0_PDR 0.628 | M1_PDR 0.622 | H_m0 1.66 H_m1 2.51 | a-0.0103 c1.9291 ent0.0049 VRAM 33MB
Ep 4650 | M0_PDR 0.610 | M1_PDR 0.649 | H_m0 1.66 H_m1 2.49 | a-0.0093 c1.9691 ent0.0044 VRAM 33MB
Ep 4700 | M0_PDR 0.589 | M1_PDR 0.619 | H_m0 1.66 H_m1 2.49 | a-0.0082 c2.5428 ent0.0039 VRAM 33MB
Ep 4750 | M0_PDR 0.619 | M1_PDR 0.670 | H_m0 1.66 H_m1 2.46 | a-0.0071 c2.2451 ent0.0034 VRAM 33MB
Ep 4800 | M0_PDR 0.637 | M1_PDR 0.691 | H_m0 1.66 H_m1 2.44 | a-0.0061 c2.0444 ent0.0030 VRAM 33MB
Ep 4850 | M0_PDR 0.613 | M1_PDR 0.644 | H_m0 1.66 H_m1 2.44 | a-0.0051 c2.4609 ent0.0025 VRAM 33MB
Ep 4900 | M0_PDR 0.634 | M1_PDR 0.655 | H_m0 1.66 H_m1 2.42 | a-0.0040 c2.0975 ent0.0020 VRAM 33MB
Ep 4950 | M0_PDR 0.627 | M1_PDR 0.663 | H_m0 1.65 H_m1 2.41 | a-0.0031 c2.1168 ent0.0015 VRAM 33MB

Training complete. Running 100 eval episodes...

  Eval ep   0: M0_PDR=0.606  M1_PDR=0.664
  Eval ep  20: M0_PDR=0.593  M1_PDR=0.655
  Eval ep  40: M0_PDR=0.615  M1_PDR=0.632
  Eval ep  60: M0_PDR=0.608  M1_PDR=0.648
  Eval ep  80: M0_PDR=0.638  M1_PDR=0.640

=== Eval Summary (100 episodes) ===
  M0_PDR_mean         : 0.6198
  M0_PDR_p05 (across) : 0.5958
  M0_PDR_p05 (intra)  : 0.2186
  M1_PDR_mean         : 0.6514
  M0_SINR_mean (dB)   : 5.56
  M1_SINR_mean (dB)   : 7.02
  M0_collision_rate   : 0.866
  M0_collision_within_pool : 0.593
  M1_collision_within_pool : 0.593

Result saved -> results/_A_N10_seed3_5000ep.json
  N=10  rho=2.0  M0_PDR=0.620  M1_PDR=0.651
[NS3Bridge] Shutdown complete.
Run complete.
