[seed] all RNGs seeded with 3
GPU : NVIDIA GeForce RTX 3060
VRAM: 12.9 GB
Device          : cuda:0
Actor M0 params : 21,273
Actor M1 params : 21,273
Critic params   : 113,153
obs_dim=11  action_dim=25  gs_dim=170
M0 count: 7  M1 count: 8
Training for 5000 episodes (Config A_N15_seed3_5000ep_gaefix_g05_ent01_as, N=15)...

[NS3Bridge] Connected tcp://localhost:8796
Ep    0 | M0_PDR 0.469 | M1_PDR 0.509 | H_m0 3.22 H_m1 3.22 | a-0.0361 c0.4710 ent0.0100 VRAM 43MB
Ep   50 | M0_PDR 0.581 | M1_PDR 0.631 | H_m0 1.59 H_m1 1.65 | a-0.0159 c0.1389 ent0.0099 VRAM 43MB
Ep  100 | M0_PDR 0.588 | M1_PDR 0.680 | H_m0 1.41 H_m1 1.47 | a-0.0161 c0.1164 ent0.0098 VRAM 43MB
Ep  150 | M0_PDR 0.634 | M1_PDR 0.643 | H_m0 1.24 H_m1 1.42 | a-0.0179 c0.1193 ent0.0097 VRAM 43MB
Ep  200 | M0_PDR 0.671 | M1_PDR 0.656 | H_m0 0.89 H_m1 1.42 | a-0.0117 c0.1217 ent0.0096 VRAM 43MB
Ep  250 | M0_PDR 0.712 | M1_PDR 0.671 | H_m0 0.69 H_m1 1.35 | a-0.0113 c0.0982 ent0.0095 VRAM 43MB
Ep  300 | M0_PDR 0.740 | M1_PDR 0.663 | H_m0 0.55 H_m1 1.28 | a-0.0113 c0.1024 ent0.0095 VRAM 43MB
Ep  350 | M0_PDR 0.790 | M1_PDR 0.640 | H_m0 0.42 H_m1 1.29 | a-0.0120 c0.0936 ent0.0094 VRAM 43MB
Ep  400 | M0_PDR 0.747 | M1_PDR 0.665 | H_m0 0.49 H_m1 1.36 | a-0.0118 c0.1055 ent0.0093 VRAM 43MB
Ep  450 | M0_PDR 0.767 | M1_PDR 0.688 | H_m0 0.49 H_m1 1.25 | a-0.0081 c0.0877 ent0.0092 VRAM 43MB
Ep  500 | M0_PDR 0.761 | M1_PDR 0.698 | H_m0 0.41 H_m1 1.20 | a-0.0088 c0.0853 ent0.0091 VRAM 43MB
Ep  550 | M0_PDR 0.718 | M1_PDR 0.717 | H_m0 0.59 H_m1 1.01 | a-0.0122 c0.1030 ent0.0090 VRAM 43MB
Ep  600 | M0_PDR 0.735 | M1_PDR 0.706 | H_m0 0.48 H_m1 1.01 | a-0.0072 c0.1037 ent0.0089 VRAM 43MB
Ep  650 | M0_PDR 0.710 | M1_PDR 0.721 | H_m0 0.61 H_m1 0.93 | a-0.0084 c0.0899 ent0.0088 VRAM 43MB
Ep  700 | M0_PDR 0.752 | M1_PDR 0.715 | H_m0 0.54 H_m1 0.93 | a-0.0088 c0.0855 ent0.0087 VRAM 43MB
Ep  750 | M0_PDR 0.744 | M1_PDR 0.669 | H_m0 0.63 H_m1 0.93 | a-0.0083 c0.0833 ent0.0086 VRAM 43MB
Ep  800 | M0_PDR 0.741 | M1_PDR 0.713 | H_m0 0.63 H_m1 0.89 | a-0.0075 c0.0817 ent0.0086 VRAM 43MB
Ep  850 | M0_PDR 0.739 | M1_PDR 0.709 | H_m0 0.68 H_m1 0.89 | a-0.0081 c0.0886 ent0.0085 VRAM 43MB
Ep  900 | M0_PDR 0.744 | M1_PDR 0.742 | H_m0 0.62 H_m1 1.02 | a-0.0078 c0.1059 ent0.0084 VRAM 43MB
Ep  950 | M0_PDR 0.765 | M1_PDR 0.736 | H_m0 0.48 H_m1 0.98 | a-0.0079 c0.0878 ent0.0083 VRAM 43MB
Error: tcpip::Socket::accept() Unable to create listening socket: Address already in use
Quitting (on error).
Ep 1000 | M0_PDR 0.658 | M1_PDR 0.749 | H_m0 0.81 H_m1 0.95 | a-0.0079 c0.1088 ent0.0082 VRAM 43MB
Ep 1050 | M0_PDR 0.744 | M1_PDR 0.723 | H_m0 0.62 H_m1 0.90 | a-0.0062 c0.0998 ent0.0081 VRAM 43MB
Ep 1100 | M0_PDR 0.697 | M1_PDR 0.770 | H_m0 0.69 H_m1 0.86 | a-0.0082 c0.0982 ent0.0080 VRAM 43MB
Ep 1150 | M0_PDR 0.737 | M1_PDR 0.756 | H_m0 0.64 H_m1 0.86 | a-0.0074 c0.0895 ent0.0079 VRAM 43MB
Ep 1200 | M0_PDR 0.736 | M1_PDR 0.737 | H_m0 0.64 H_m1 0.90 | a-0.0066 c0.0945 ent0.0078 VRAM 43MB
Ep 1250 | M0_PDR 0.736 | M1_PDR 0.772 | H_m0 0.65 H_m1 0.82 | a-0.0058 c0.0974 ent0.0077 VRAM 43MB
Ep 1300 | M0_PDR 0.739 | M1_PDR 0.735 | H_m0 0.64 H_m1 0.84 | a-0.0072 c0.0937 ent0.0077 VRAM 43MB
Ep 1350 | M0_PDR 0.743 | M1_PDR 0.759 | H_m0 0.53 H_m1 0.79 | a-0.0058 c0.0840 ent0.0076 VRAM 43MB
Ep 1400 | M0_PDR 0.715 | M1_PDR 0.781 | H_m0 0.62 H_m1 0.76 | a-0.0063 c0.0921 ent0.0075 VRAM 43MB
Ep 1450 | M0_PDR 0.749 | M1_PDR 0.718 | H_m0 0.62 H_m1 0.79 | a-0.0050 c0.0877 ent0.0074 VRAM 43MB
Ep 1500 | M0_PDR 0.743 | M1_PDR 0.783 | H_m0 0.56 H_m1 0.75 | a-0.0061 c0.0894 ent0.0073 VRAM 43MB
Ep 1550 | M0_PDR 0.712 | M1_PDR 0.767 | H_m0 0.67 H_m1 0.77 | a-0.0072 c0.0991 ent0.0072 VRAM 43MB
Ep 1600 | M0_PDR 0.761 | M1_PDR 0.750 | H_m0 0.58 H_m1 0.78 | a-0.0063 c0.0756 ent0.0071 VRAM 43MB
Ep 1650 | M0_PDR 0.709 | M1_PDR 0.783 | H_m0 0.68 H_m1 0.63 | a-0.0047 c0.0952 ent0.0070 VRAM 43MB
Ep 1700 | M0_PDR 0.699 | M1_PDR 0.797 | H_m0 0.70 H_m1 0.69 | a-0.0049 c0.0918 ent0.0069 VRAM 43MB
Ep 1750 | M0_PDR 0.709 | M1_PDR 0.777 | H_m0 0.71 H_m1 0.71 | a-0.0066 c0.0920 ent0.0068 VRAM 43MB
Ep 1800 | M0_PDR 0.711 | M1_PDR 0.789 | H_m0 0.65 H_m1 0.66 | a-0.0063 c0.0923 ent0.0068 VRAM 43MB
Ep 1850 | M0_PDR 0.691 | M1_PDR 0.751 | H_m0 0.63 H_m1 0.64 | a-0.0063 c0.0972 ent0.0067 VRAM 43MB
Ep 1900 | M0_PDR 0.756 | M1_PDR 0.810 | H_m0 0.53 H_m1 0.55 | a-0.0052 c0.0925 ent0.0066 VRAM 43MB
Ep 1950 | M0_PDR 0.739 | M1_PDR 0.818 | H_m0 0.49 H_m1 0.55 | a-0.0047 c0.0881 ent0.0065 VRAM 43MB
Ep 2000 | M0_PDR 0.781 | M1_PDR 0.815 | H_m0 0.42 H_m1 0.47 | a-0.0047 c0.0885 ent0.0064 VRAM 43MB
Ep 2050 | M0_PDR 0.770 | M1_PDR 0.837 | H_m0 0.37 H_m1 0.34 | a-0.0026 c0.0887 ent0.0063 VRAM 43MB
Ep 2100 | M0_PDR 0.805 | M1_PDR 0.853 | H_m0 0.36 H_m1 0.29 | a-0.0020 c0.0900 ent0.0062 VRAM 43MB
Ep 2150 | M0_PDR 0.815 | M1_PDR 0.861 | H_m0 0.26 H_m1 0.18 | a-0.0021 c0.0795 ent0.0061 VRAM 43MB
Ep 2200 | M0_PDR 0.783 | M1_PDR 0.880 | H_m0 0.28 H_m1 0.15 | a-0.0014 c0.0814 ent0.0060 VRAM 43MB
Ep 2250 | M0_PDR 0.820 | M1_PDR 0.854 | H_m0 0.26 H_m1 0.20 | a-0.0034 c0.0757 ent0.0059 VRAM 43MB
Ep 2300 | M0_PDR 0.765 | M1_PDR 0.853 | H_m0 0.28 H_m1 0.20 | a-0.0007 c0.0890 ent0.0059 VRAM 43MB
Ep 2350 | M0_PDR 0.798 | M1_PDR 0.875 | H_m0 0.25 H_m1 0.15 | a-0.0017 c0.0762 ent0.0058 VRAM 43MB
Ep 2400 | M0_PDR 0.775 | M1_PDR 0.843 | H_m0 0.35 H_m1 0.17 | a-0.0025 c0.0848 ent0.0057 VRAM 43MB
Ep 2450 | M0_PDR 0.773 | M1_PDR 0.877 | H_m0 0.34 H_m1 0.17 | a-0.0015 c0.0938 ent0.0056 VRAM 43MB
Ep 2500 | M0_PDR 0.790 | M1_PDR 0.859 | H_m0 0.24 H_m1 0.20 | a-0.0023 c0.0836 ent0.0055 VRAM 43MB
Ep 2550 | M0_PDR 0.828 | M1_PDR 0.871 | H_m0 0.25 H_m1 0.14 | a-0.0029 c0.0746 ent0.0054 VRAM 43MB
Ep 2600 | M0_PDR 0.813 | M1_PDR 0.902 | H_m0 0.27 H_m1 0.09 | a-0.0027 c0.0766 ent0.0053 VRAM 43MB
Ep 2650 | M0_PDR 0.767 | M1_PDR 0.880 | H_m0 0.24 H_m1 0.13 | a-0.0027 c0.0838 ent0.0052 VRAM 43MB
Ep 2700 | M0_PDR 0.843 | M1_PDR 0.890 | H_m0 0.24 H_m1 0.15 | a-0.0016 c0.0679 ent0.0051 VRAM 43MB
Ep 2750 | M0_PDR 0.811 | M1_PDR 0.872 | H_m0 0.21 H_m1 0.13 | a-0.0012 c0.0727 ent0.0050 VRAM 43MB
Ep 2800 | M0_PDR 0.780 | M1_PDR 0.881 | H_m0 0.26 H_m1 0.12 | a-0.0015 c0.0824 ent0.0050 VRAM 43MB
Ep 2850 | M0_PDR 0.780 | M1_PDR 0.883 | H_m0 0.21 H_m1 0.12 | a-0.0014 c0.0846 ent0.0049 VRAM 43MB
Ep 2900 | M0_PDR 0.773 | M1_PDR 0.875 | H_m0 0.21 H_m1 0.11 | a-0.0016 c0.0897 ent0.0048 VRAM 43MB
Ep 2950 | M0_PDR 0.811 | M1_PDR 0.873 | H_m0 0.18 H_m1 0.10 | a-0.0021 c0.0777 ent0.0047 VRAM 43MB
Ep 3000 | M0_PDR 0.837 | M1_PDR 0.869 | H_m0 0.20 H_m1 0.10 | a-0.0008 c0.0737 ent0.0046 VRAM 43MB
Ep 3050 | M0_PDR 0.813 | M1_PDR 0.915 | H_m0 0.21 H_m1 0.08 | a-0.0012 c0.0775 ent0.0045 VRAM 43MB
Ep 3100 | M0_PDR 0.836 | M1_PDR 0.884 | H_m0 0.20 H_m1 0.08 | a-0.0016 c0.0738 ent0.0044 VRAM 43MB
Ep 3150 | M0_PDR 0.809 | M1_PDR 0.889 | H_m0 0.16 H_m1 0.10 | a-0.0013 c0.0871 ent0.0043 VRAM 43MB
Ep 3200 | M0_PDR 0.794 | M1_PDR 0.878 | H_m0 0.17 H_m1 0.10 | a-0.0010 c0.0853 ent0.0042 VRAM 43MB
Ep 3250 | M0_PDR 0.820 | M1_PDR 0.873 | H_m0 0.13 H_m1 0.08 | a-0.0008 c0.0754 ent0.0041 VRAM 43MB
Ep 3300 | M0_PDR 0.834 | M1_PDR 0.890 | H_m0 0.11 H_m1 0.08 | a-0.0008 c0.0772 ent0.0041 VRAM 43MB
Ep 3350 | M0_PDR 0.809 | M1_PDR 0.879 | H_m0 0.13 H_m1 0.10 | a-0.0010 c0.0819 ent0.0040 VRAM 43MB
Ep 3400 | M0_PDR 0.860 | M1_PDR 0.898 | H_m0 0.09 H_m1 0.07 | a-0.0002 c0.0658 ent0.0039 VRAM 43MB
Ep 3450 | M0_PDR 0.802 | M1_PDR 0.879 | H_m0 0.15 H_m1 0.09 | a-0.0009 c0.0885 ent0.0038 VRAM 43MB
Ep 3500 | M0_PDR 0.844 | M1_PDR 0.879 | H_m0 0.07 H_m1 0.09 | a-0.0007 c0.0666 ent0.0037 VRAM 43MB
Ep 3550 | M0_PDR 0.821 | M1_PDR 0.882 | H_m0 0.11 H_m1 0.08 | a-0.0006 c0.0755 ent0.0036 VRAM 43MB
Ep 3600 | M0_PDR 0.821 | M1_PDR 0.913 | H_m0 0.09 H_m1 0.06 | a-0.0011 c0.0814 ent0.0035 VRAM 43MB
Ep 3650 | M0_PDR 0.835 | M1_PDR 0.885 | H_m0 0.11 H_m1 0.07 | a-0.0004 c0.0745 ent0.0034 VRAM 43MB
Ep 3700 | M0_PDR 0.825 | M1_PDR 0.883 | H_m0 0.10 H_m1 0.08 | a-0.0009 c0.0750 ent0.0033 VRAM 43MB
Ep 3750 | M0_PDR 0.802 | M1_PDR 0.892 | H_m0 0.13 H_m1 0.07 | a-0.0008 c0.0881 ent0.0032 VRAM 43MB
Ep 3800 | M0_PDR 0.842 | M1_PDR 0.891 | H_m0 0.07 H_m1 0.06 | a-0.0002 c0.0684 ent0.0032 VRAM 43MB
Ep 3850 | M0_PDR 0.840 | M1_PDR 0.904 | H_m0 0.11 H_m1 0.05 | a-0.0006 c0.0681 ent0.0031 VRAM 43MB
Ep 3900 | M0_PDR 0.832 | M1_PDR 0.891 | H_m0 0.07 H_m1 0.07 | a-0.0003 c0.0789 ent0.0030 VRAM 43MB
Ep 3950 | M0_PDR 0.840 | M1_PDR 0.885 | H_m0 0.09 H_m1 0.08 | a-0.0005 c0.0735 ent0.0029 VRAM 43MB
Ep 4000 | M0_PDR 0.856 | M1_PDR 0.900 | H_m0 0.06 H_m1 0.06 | a-0.0003 c0.0625 ent0.0028 VRAM 43MB
Ep 4050 | M0_PDR 0.826 | M1_PDR 0.893 | H_m0 0.09 H_m1 0.07 | a-0.0003 c0.0787 ent0.0027 VRAM 43MB
Ep 4100 | M0_PDR 0.826 | M1_PDR 0.891 | H_m0 0.08 H_m1 0.07 | a-0.0005 c0.0719 ent0.0026 VRAM 43MB
Ep 4150 | M0_PDR 0.815 | M1_PDR 0.896 | H_m0 0.10 H_m1 0.06 | a-0.0003 c0.0770 ent0.0025 VRAM 43MB
Ep 4200 | M0_PDR 0.827 | M1_PDR 0.889 | H_m0 0.09 H_m1 0.07 | a-0.0002 c0.0752 ent0.0024 VRAM 43MB
Ep 4250 | M0_PDR 0.836 | M1_PDR 0.884 | H_m0 0.08 H_m1 0.08 | a-0.0004 c0.0756 ent0.0023 VRAM 43MB
Ep 4300 | M0_PDR 0.828 | M1_PDR 0.898 | H_m0 0.08 H_m1 0.07 | a-0.0003 c0.0760 ent0.0023 VRAM 43MB
Ep 4350 | M0_PDR 0.819 | M1_PDR 0.890 | H_m0 0.11 H_m1 0.06 | a-0.0002 c0.0746 ent0.0022 VRAM 43MB
Ep 4400 | M0_PDR 0.844 | M1_PDR 0.900 | H_m0 0.10 H_m1 0.06 | a-0.0002 c0.0724 ent0.0021 VRAM 43MB
Ep 4450 | M0_PDR 0.847 | M1_PDR 0.894 | H_m0 0.07 H_m1 0.06 | a-0.0003 c0.0684 ent0.0020 VRAM 43MB
Ep 4500 | M0_PDR 0.834 | M1_PDR 0.909 | H_m0 0.07 H_m1 0.04 | a-0.0002 c0.0685 ent0.0019 VRAM 43MB
Ep 4550 | M0_PDR 0.816 | M1_PDR 0.877 | H_m0 0.10 H_m1 0.08 | a-0.0002 c0.0786 ent0.0018 VRAM 43MB
Ep 4600 | M0_PDR 0.845 | M1_PDR 0.879 | H_m0 0.09 H_m1 0.08 | a-0.0002 c0.0694 ent0.0017 VRAM 43MB
Ep 4650 | M0_PDR 0.861 | M1_PDR 0.908 | H_m0 0.05 H_m1 0.05 | a-0.0003 c0.0704 ent0.0016 VRAM 43MB
Ep 4700 | M0_PDR 0.840 | M1_PDR 0.866 | H_m0 0.07 H_m1 0.08 | a-0.0002 c0.0688 ent0.0015 VRAM 43MB
Ep 4750 | M0_PDR 0.819 | M1_PDR 0.880 | H_m0 0.09 H_m1 0.06 | a-0.0004 c0.0743 ent0.0014 VRAM 43MB
Ep 4800 | M0_PDR 0.861 | M1_PDR 0.892 | H_m0 0.06 H_m1 0.07 | a-0.0001 c0.0604 ent0.0014 VRAM 43MB
Ep 4850 | M0_PDR 0.834 | M1_PDR 0.890 | H_m0 0.09 H_m1 0.07 | a-0.0003 c0.0786 ent0.0013 VRAM 43MB
Ep 4900 | M0_PDR 0.833 | M1_PDR 0.905 | H_m0 0.09 H_m1 0.04 | a-0.0002 c0.0720 ent0.0012 VRAM 43MB
Ep 4950 | M0_PDR 0.864 | M1_PDR 0.904 | H_m0 0.05 H_m1 0.05 | a-0.0002 c0.0614 ent0.0011 VRAM 43MB

Training complete. Running 100 eval episodes...

  Eval ep   0: M0_PDR=0.783  M1_PDR=0.885
  Eval ep  20: M0_PDR=0.806  M1_PDR=0.892
  Eval ep  40: M0_PDR=0.832  M1_PDR=0.899
  Eval ep  60: M0_PDR=0.834  M1_PDR=0.885
  Eval ep  80: M0_PDR=0.829  M1_PDR=0.887

=== Eval Summary (100 episodes) ===
  M0_PDR_mean         : 0.8303
  M0_PDR_p05 (across) : 0.8005
  M0_PDR_p05 (intra)  : 0.5923
  M1_PDR_mean         : 0.8906
  M0_SINR_mean (dB)   : 13.07
  M1_SINR_mean (dB)   : 15.30
  M0_collision_rate   : 0.999
  M0_collision_within_pool : 0.626
  M1_collision_within_pool : 0.766

Result saved -> results/_A_N15_seed3_5000ep_gaefix_g05_ent01_as.json
  N=15  rho=3.0  M0_PDR=0.830  M1_PDR=0.891
[NS3Bridge] Shutdown complete.
Run complete.
