[seed] all RNGs seeded with 2
GPU : NVIDIA GeForce RTX 3060
VRAM: 12.9 GB
Device          : cuda:0
Actor M0 params : 21,273
Actor M1 params : 21,273
Critic params   : 127,233
obs_dim=11  action_dim=25  gs_dim=225
M0 count: 10  M1 count: 10
Training for 5000 episodes (Config A_N20_seed2_5000ep_gaefix_g05_ent01_as, N=20)...

[NS3Bridge] Connected tcp://localhost:9206
Ep    0 | M0_PDR 0.441 | M1_PDR 0.523 | H_m0 3.22 H_m1 3.22 | a-0.0356 c0.4297 ent0.0100 VRAM 54MB
Ep   50 | M0_PDR 0.569 | M1_PDR 0.619 | H_m0 1.53 H_m1 1.66 | a-0.0182 c0.1563 ent0.0099 VRAM 54MB
Ep  100 | M0_PDR 0.568 | M1_PDR 0.641 | H_m0 1.45 H_m1 1.45 | a-0.0159 c0.1485 ent0.0098 VRAM 54MB
Ep  150 | M0_PDR 0.622 | M1_PDR 0.658 | H_m0 1.16 H_m1 1.45 | a-0.0142 c0.1383 ent0.0097 VRAM 54MB
Ep  200 | M0_PDR 0.664 | M1_PDR 0.637 | H_m0 1.03 H_m1 1.40 | a-0.0140 c0.1043 ent0.0096 VRAM 54MB
Ep  250 | M0_PDR 0.646 | M1_PDR 0.644 | H_m0 1.02 H_m1 1.41 | a-0.0113 c0.1143 ent0.0095 VRAM 54MB
Ep  300 | M0_PDR 0.668 | M1_PDR 0.647 | H_m0 0.96 H_m1 1.42 | a-0.0144 c0.1078 ent0.0095 VRAM 54MB
Ep  350 | M0_PDR 0.661 | M1_PDR 0.640 | H_m0 0.97 H_m1 1.42 | a-0.0130 c0.1241 ent0.0094 VRAM 54MB
Ep  400 | M0_PDR 0.675 | M1_PDR 0.638 | H_m0 0.90 H_m1 1.39 | a-0.0114 c0.0954 ent0.0093 VRAM 54MB
Ep  450 | M0_PDR 0.661 | M1_PDR 0.655 | H_m0 0.85 H_m1 1.38 | a-0.0119 c0.1082 ent0.0092 VRAM 54MB
Ep  500 | M0_PDR 0.679 | M1_PDR 0.646 | H_m0 0.82 H_m1 1.37 | a-0.0102 c0.1048 ent0.0091 VRAM 54MB
Ep  550 | M0_PDR 0.699 | M1_PDR 0.612 | H_m0 0.75 H_m1 1.34 | a-0.0102 c0.0954 ent0.0090 VRAM 54MB
Ep  600 | M0_PDR 0.702 | M1_PDR 0.633 | H_m0 0.69 H_m1 1.35 | a-0.0102 c0.0942 ent0.0089 VRAM 54MB
Ep  650 | M0_PDR 0.747 | M1_PDR 0.642 | H_m0 0.49 H_m1 1.34 | a-0.0100 c0.0983 ent0.0088 VRAM 54MB
Ep  700 | M0_PDR 0.742 | M1_PDR 0.649 | H_m0 0.51 H_m1 1.33 | a-0.0083 c0.0923 ent0.0087 VRAM 54MB
Ep  750 | M0_PDR 0.742 | M1_PDR 0.655 | H_m0 0.46 H_m1 1.37 | a-0.0089 c0.1224 ent0.0086 VRAM 54MB
Ep  800 | M0_PDR 0.672 | M1_PDR 0.762 | H_m0 0.73 H_m1 0.87 | a-0.0109 c0.1122 ent0.0086 VRAM 54MB
Ep  850 | M0_PDR 0.732 | M1_PDR 0.741 | H_m0 0.64 H_m1 0.84 | a-0.0074 c0.0878 ent0.0085 VRAM 54MB
Ep  900 | M0_PDR 0.687 | M1_PDR 0.800 | H_m0 0.78 H_m1 0.68 | a-0.0062 c0.0931 ent0.0084 VRAM 54MB
Ep  950 | M0_PDR 0.657 | M1_PDR 0.776 | H_m0 0.72 H_m1 0.79 | a-0.0070 c0.1023 ent0.0083 VRAM 54MB
Ep 1000 | M0_PDR 0.674 | M1_PDR 0.796 | H_m0 0.60 H_m1 0.65 | a-0.0058 c0.0959 ent0.0082 VRAM 54MB
Ep 1050 | M0_PDR 0.712 | M1_PDR 0.780 | H_m0 0.48 H_m1 0.54 | a-0.0066 c0.1041 ent0.0081 VRAM 54MB
Ep 1100 | M0_PDR 0.774 | M1_PDR 0.831 | H_m0 0.30 H_m1 0.37 | a-0.0041 c0.1000 ent0.0080 VRAM 54MB
Ep 1150 | M0_PDR 0.814 | M1_PDR 0.821 | H_m0 0.25 H_m1 0.20 | a-0.0024 c0.0861 ent0.0079 VRAM 54MB
Ep 1200 | M0_PDR 0.800 | M1_PDR 0.819 | H_m0 0.22 H_m1 0.24 | a-0.0025 c0.0954 ent0.0078 VRAM 54MB
Ep 1250 | M0_PDR 0.750 | M1_PDR 0.852 | H_m0 0.19 H_m1 0.26 | a-0.0020 c0.0913 ent0.0077 VRAM 54MB
Ep 1300 | M0_PDR 0.822 | M1_PDR 0.863 | H_m0 0.12 H_m1 0.20 | a-0.0017 c0.0864 ent0.0077 VRAM 54MB
Ep 1350 | M0_PDR 0.807 | M1_PDR 0.881 | H_m0 0.12 H_m1 0.19 | a-0.0024 c0.0929 ent0.0076 VRAM 54MB
Ep 1400 | M0_PDR 0.824 | M1_PDR 0.885 | H_m0 0.09 H_m1 0.16 | a-0.0021 c0.0833 ent0.0075 VRAM 54MB
Ep 1450 | M0_PDR 0.822 | M1_PDR 0.881 | H_m0 0.10 H_m1 0.16 | a-0.0009 c0.0734 ent0.0074 VRAM 54MB
Ep 1500 | M0_PDR 0.803 | M1_PDR 0.877 | H_m0 0.09 H_m1 0.22 | a-0.0028 c0.0914 ent0.0073 VRAM 54MB
Ep 1550 | M0_PDR 0.822 | M1_PDR 0.886 | H_m0 0.08 H_m1 0.19 | a-0.0013 c0.0788 ent0.0072 VRAM 54MB
Ep 1600 | M0_PDR 0.812 | M1_PDR 0.878 | H_m0 0.10 H_m1 0.17 | a-0.0011 c0.0868 ent0.0071 VRAM 54MB
Ep 1650 | M0_PDR 0.837 | M1_PDR 0.892 | H_m0 0.10 H_m1 0.11 | a-0.0010 c0.0806 ent0.0070 VRAM 54MB
Ep 1700 | M0_PDR 0.838 | M1_PDR 0.884 | H_m0 0.07 H_m1 0.12 | a-0.0009 c0.0766 ent0.0069 VRAM 54MB
Ep 1750 | M0_PDR 0.834 | M1_PDR 0.885 | H_m0 0.09 H_m1 0.12 | a-0.0016 c0.0785 ent0.0068 VRAM 54MB
Ep 1800 | M0_PDR 0.810 | M1_PDR 0.895 | H_m0 0.07 H_m1 0.10 | a-0.0009 c0.0860 ent0.0068 VRAM 54MB
Ep 1850 | M0_PDR 0.821 | M1_PDR 0.890 | H_m0 0.08 H_m1 0.13 | a-0.0022 c0.0854 ent0.0067 VRAM 54MB
Ep 1900 | M0_PDR 0.832 | M1_PDR 0.899 | H_m0 0.07 H_m1 0.09 | a-0.0005 c0.0765 ent0.0066 VRAM 54MB
Ep 1950 | M0_PDR 0.791 | M1_PDR 0.877 | H_m0 0.10 H_m1 0.11 | a-0.0011 c0.0914 ent0.0065 VRAM 54MB
Ep 2000 | M0_PDR 0.818 | M1_PDR 0.896 | H_m0 0.08 H_m1 0.08 | a-0.0011 c0.0842 ent0.0064 VRAM 54MB
Ep 2050 | M0_PDR 0.821 | M1_PDR 0.887 | H_m0 0.08 H_m1 0.09 | a-0.0011 c0.0787 ent0.0063 VRAM 54MB
Ep 2100 | M0_PDR 0.808 | M1_PDR 0.899 | H_m0 0.09 H_m1 0.07 | a-0.0004 c0.0951 ent0.0062 VRAM 54MB
Ep 2150 | M0_PDR 0.805 | M1_PDR 0.884 | H_m0 0.08 H_m1 0.13 | a-0.0007 c0.0844 ent0.0061 VRAM 54MB
Ep 2200 | M0_PDR 0.844 | M1_PDR 0.892 | H_m0 0.05 H_m1 0.08 | a-0.0004 c0.0747 ent0.0060 VRAM 54MB
Ep 2250 | M0_PDR 0.808 | M1_PDR 0.892 | H_m0 0.08 H_m1 0.08 | a-0.0002 c0.0785 ent0.0059 VRAM 54MB
Ep 2300 | M0_PDR 0.834 | M1_PDR 0.878 | H_m0 0.07 H_m1 0.09 | a-0.0008 c0.0895 ent0.0059 VRAM 54MB
Ep 2350 | M0_PDR 0.800 | M1_PDR 0.902 | H_m0 0.08 H_m1 0.06 | a-0.0009 c0.0838 ent0.0058 VRAM 54MB
Ep 2400 | M0_PDR 0.803 | M1_PDR 0.877 | H_m0 0.08 H_m1 0.08 | a-0.0011 c0.0840 ent0.0057 VRAM 54MB
Ep 2450 | M0_PDR 0.788 | M1_PDR 0.887 | H_m0 0.10 H_m1 0.06 | a-0.0004 c0.0893 ent0.0056 VRAM 54MB
Ep 2500 | M0_PDR 0.801 | M1_PDR 0.887 | H_m0 0.09 H_m1 0.08 | a-0.0016 c0.0981 ent0.0055 VRAM 54MB
Ep 2550 | M0_PDR 0.813 | M1_PDR 0.882 | H_m0 0.09 H_m1 0.09 | a-0.0007 c0.0874 ent0.0054 VRAM 54MB
Ep 2600 | M0_PDR 0.802 | M1_PDR 0.888 | H_m0 0.07 H_m1 0.07 | a-0.0009 c0.0876 ent0.0053 VRAM 54MB
Ep 2650 | M0_PDR 0.807 | M1_PDR 0.899 | H_m0 0.08 H_m1 0.06 | a-0.0013 c0.0893 ent0.0052 VRAM 54MB
Ep 2700 | M0_PDR 0.817 | M1_PDR 0.887 | H_m0 0.06 H_m1 0.08 | a-0.0004 c0.0751 ent0.0051 VRAM 54MB
Ep 2750 | M0_PDR 0.833 | M1_PDR 0.884 | H_m0 0.05 H_m1 0.08 | a-0.0003 c0.0834 ent0.0050 VRAM 54MB
Ep 2800 | M0_PDR 0.810 | M1_PDR 0.902 | H_m0 0.07 H_m1 0.06 | a-0.0010 c0.0899 ent0.0050 VRAM 54MB
Ep 2850 | M0_PDR 0.812 | M1_PDR 0.897 | H_m0 0.07 H_m1 0.05 | a-0.0006 c0.0801 ent0.0049 VRAM 54MB
Ep 2900 | M0_PDR 0.818 | M1_PDR 0.877 | H_m0 0.08 H_m1 0.09 | a-0.0018 c0.0846 ent0.0048 VRAM 54MB
Ep 2950 | M0_PDR 0.821 | M1_PDR 0.889 | H_m0 0.06 H_m1 0.07 | a-0.0007 c0.0813 ent0.0047 VRAM 54MB
Ep 3000 | M0_PDR 0.846 | M1_PDR 0.906 | H_m0 0.05 H_m1 0.05 | a0.0000 c0.0763 ent0.0046 VRAM 54MB
Ep 3050 | M0_PDR 0.809 | M1_PDR 0.886 | H_m0 0.08 H_m1 0.07 | a-0.0004 c0.0889 ent0.0045 VRAM 54MB
Ep 3100 | M0_PDR 0.806 | M1_PDR 0.888 | H_m0 0.07 H_m1 0.06 | a-0.0006 c0.0811 ent0.0044 VRAM 54MB
Ep 3150 | M0_PDR 0.808 | M1_PDR 0.900 | H_m0 0.07 H_m1 0.06 | a-0.0004 c0.0854 ent0.0043 VRAM 54MB
Ep 3200 | M0_PDR 0.837 | M1_PDR 0.887 | H_m0 0.06 H_m1 0.07 | a-0.0003 c0.0939 ent0.0042 VRAM 54MB
Ep 3250 | M0_PDR 0.818 | M1_PDR 0.892 | H_m0 0.06 H_m1 0.07 | a-0.0005 c0.0809 ent0.0041 VRAM 54MB
Ep 3300 | M0_PDR 0.825 | M1_PDR 0.895 | H_m0 0.07 H_m1 0.06 | a-0.0009 c0.0793 ent0.0041 VRAM 54MB
Ep 3350 | M0_PDR 0.839 | M1_PDR 0.899 | H_m0 0.05 H_m1 0.07 | a-0.0004 c0.0731 ent0.0040 VRAM 54MB
Ep 3400 | M0_PDR 0.815 | M1_PDR 0.893 | H_m0 0.07 H_m1 0.05 | a-0.0008 c0.0832 ent0.0039 VRAM 54MB
Ep 3450 | M0_PDR 0.778 | M1_PDR 0.876 | H_m0 0.08 H_m1 0.07 | a-0.0007 c0.0946 ent0.0038 VRAM 54MB
Ep 3500 | M0_PDR 0.813 | M1_PDR 0.878 | H_m0 0.07 H_m1 0.07 | a-0.0002 c0.0786 ent0.0037 VRAM 54MB
Ep 3550 | M0_PDR 0.807 | M1_PDR 0.890 | H_m0 0.07 H_m1 0.06 | a-0.0003 c0.0836 ent0.0036 VRAM 54MB
Ep 3600 | M0_PDR 0.831 | M1_PDR 0.892 | H_m0 0.05 H_m1 0.05 | a-0.0004 c0.0754 ent0.0035 VRAM 54MB
Ep 3650 | M0_PDR 0.807 | M1_PDR 0.895 | H_m0 0.08 H_m1 0.06 | a-0.0006 c0.0792 ent0.0034 VRAM 54MB
Ep 3700 | M0_PDR 0.794 | M1_PDR 0.892 | H_m0 0.08 H_m1 0.06 | a-0.0010 c0.0812 ent0.0033 VRAM 54MB
Ep 3750 | M0_PDR 0.795 | M1_PDR 0.901 | H_m0 0.08 H_m1 0.05 | a-0.0004 c0.0871 ent0.0032 VRAM 54MB
Ep 3800 | M0_PDR 0.815 | M1_PDR 0.896 | H_m0 0.07 H_m1 0.06 | a-0.0003 c0.0819 ent0.0032 VRAM 54MB
Ep 3850 | M0_PDR 0.833 | M1_PDR 0.905 | H_m0 0.06 H_m1 0.04 | a-0.0003 c0.0775 ent0.0031 VRAM 54MB
Ep 3900 | M0_PDR 0.809 | M1_PDR 0.869 | H_m0 0.07 H_m1 0.08 | a-0.0002 c0.0761 ent0.0030 VRAM 54MB
Ep 3950 | M0_PDR 0.830 | M1_PDR 0.896 | H_m0 0.06 H_m1 0.06 | a-0.0005 c0.0744 ent0.0029 VRAM 54MB
Ep 4000 | M0_PDR 0.833 | M1_PDR 0.900 | H_m0 0.06 H_m1 0.06 | a-0.0003 c0.0741 ent0.0028 VRAM 54MB
Ep 4050 | M0_PDR 0.801 | M1_PDR 0.890 | H_m0 0.07 H_m1 0.06 | a-0.0004 c0.0860 ent0.0027 VRAM 54MB
Ep 4100 | M0_PDR 0.794 | M1_PDR 0.884 | H_m0 0.07 H_m1 0.06 | a-0.0002 c0.0839 ent0.0026 VRAM 54MB
Ep 4150 | M0_PDR 0.814 | M1_PDR 0.862 | H_m0 0.07 H_m1 0.08 | a-0.0003 c0.0823 ent0.0025 VRAM 54MB
Ep 4200 | M0_PDR 0.806 | M1_PDR 0.879 | H_m0 0.07 H_m1 0.07 | a-0.0002 c0.0895 ent0.0024 VRAM 54MB
Ep 4250 | M0_PDR 0.820 | M1_PDR 0.903 | H_m0 0.06 H_m1 0.05 | a-0.0003 c0.0791 ent0.0023 VRAM 54MB
Ep 4300 | M0_PDR 0.819 | M1_PDR 0.885 | H_m0 0.06 H_m1 0.07 | a-0.0002 c0.0808 ent0.0023 VRAM 54MB
Ep 4350 | M0_PDR 0.846 | M1_PDR 0.909 | H_m0 0.05 H_m1 0.04 | a-0.0003 c0.0652 ent0.0022 VRAM 54MB
Ep 4400 | M0_PDR 0.775 | M1_PDR 0.896 | H_m0 0.09 H_m1 0.05 | a-0.0002 c0.0921 ent0.0021 VRAM 54MB
Ep 4450 | M0_PDR 0.826 | M1_PDR 0.886 | H_m0 0.05 H_m1 0.06 | a-0.0002 c0.0766 ent0.0020 VRAM 54MB
Ep 4500 | M0_PDR 0.834 | M1_PDR 0.907 | H_m0 0.05 H_m1 0.05 | a-0.0001 c0.0722 ent0.0019 VRAM 54MB
Ep 4550 | M0_PDR 0.835 | M1_PDR 0.906 | H_m0 0.06 H_m1 0.04 | a-0.0001 c0.0728 ent0.0018 VRAM 54MB
Ep 4600 | M0_PDR 0.827 | M1_PDR 0.912 | H_m0 0.06 H_m1 0.04 | a-0.0001 c0.0752 ent0.0017 VRAM 54MB
Ep 4650 | M0_PDR 0.798 | M1_PDR 0.876 | H_m0 0.08 H_m1 0.07 | a-0.0002 c0.0821 ent0.0016 VRAM 54MB
Ep 4700 | M0_PDR 0.828 | M1_PDR 0.879 | H_m0 0.06 H_m1 0.06 | a-0.0002 c0.0772 ent0.0015 VRAM 54MB
Ep 4750 | M0_PDR 0.835 | M1_PDR 0.898 | H_m0 0.05 H_m1 0.04 | a-0.0001 c0.0698 ent0.0014 VRAM 54MB
Ep 4800 | M0_PDR 0.825 | M1_PDR 0.877 | H_m0 0.06 H_m1 0.06 | a-0.0001 c0.0794 ent0.0014 VRAM 54MB
Ep 4850 | M0_PDR 0.810 | M1_PDR 0.884 | H_m0 0.07 H_m1 0.08 | a-0.0002 c0.0805 ent0.0013 VRAM 54MB
Ep 4900 | M0_PDR 0.828 | M1_PDR 0.905 | H_m0 0.06 H_m1 0.05 | a-0.0001 c0.0763 ent0.0012 VRAM 54MB
Ep 4950 | M0_PDR 0.814 | M1_PDR 0.910 | H_m0 0.06 H_m1 0.04 | a-0.0001 c0.0782 ent0.0011 VRAM 54MB

Training complete. Running 100 eval episodes...

  Eval ep   0: M0_PDR=0.838  M1_PDR=0.895
  Eval ep  20: M0_PDR=0.829  M1_PDR=0.900
  Eval ep  40: M0_PDR=0.808  M1_PDR=0.899
  Eval ep  60: M0_PDR=0.814  M1_PDR=0.903
  Eval ep  80: M0_PDR=0.802  M1_PDR=0.900

=== Eval Summary (100 episodes) ===
  M0_PDR_mean         : 0.8155
  M0_PDR_p05 (across) : 0.7898
  M0_PDR_p05 (intra)  : 0.6180
  M1_PDR_mean         : 0.8937
  M0_SINR_mean (dB)   : 10.72
  M1_SINR_mean (dB)   : 16.02
  M0_collision_rate   : 1.000
  M0_collision_within_pool : 0.879
  M1_collision_within_pool : 0.881

Result saved -> results/_A_N20_seed2_5000ep_gaefix_g05_ent01_as.json
  N=20  rho=4.0  M0_PDR=0.815  M1_PDR=0.894
[NS3Bridge] Shutdown complete.
Run complete.
