[seed] all RNGs seeded with 3
GPU : NVIDIA GeForce RTX 3060
VRAM: 12.9 GB
Device          : cuda:0
Actor M0 params : 21,273
Actor M1 params : 21,273
Critic params   : 124,417
obs_dim=11  action_dim=25  gs_dim=225
M0 count: 10  M1 count: 10
Training for 5000 episodes (Config A_N20_seed3_5000ep, N=20)...

[NS3Bridge] Connected tcp://localhost:6616
Ep    0 | M0_PDR 0.415 | M1_PDR 0.517 | H_m0 3.22 H_m1 3.22 | a-0.1641 c13.1726 ent0.0500 VRAM 50MB
Ep   50 | M0_PDR 0.547 | M1_PDR 0.441 | H_m0 2.69 H_m1 3.20 | a-0.1471 c8.4234 ent0.0495 VRAM 50MB
Ep  100 | M0_PDR 0.562 | M1_PDR 0.498 | H_m0 2.58 H_m1 3.12 | a-0.1412 c6.4348 ent0.0490 VRAM 50MB
Ep  150 | M0_PDR 0.584 | M1_PDR 0.489 | H_m0 2.55 H_m1 3.15 | a-0.1387 c6.2494 ent0.0485 VRAM 50MB
Ep  200 | M0_PDR 0.574 | M1_PDR 0.466 | H_m0 2.55 H_m1 3.18 | a-0.1386 c5.1457 ent0.0480 VRAM 50MB
Ep  250 | M0_PDR 0.578 | M1_PDR 0.472 | H_m0 2.46 H_m1 3.20 | a-0.1345 c6.0274 ent0.0475 VRAM 50MB
Ep  300 | M0_PDR 0.565 | M1_PDR 0.478 | H_m0 2.52 H_m1 3.18 | a-0.1351 c5.8248 ent0.0471 VRAM 50MB
Ep  350 | M0_PDR 0.583 | M1_PDR 0.506 | H_m0 2.35 H_m1 3.16 | a-0.1296 c8.9102 ent0.0466 VRAM 50MB
Ep  400 | M0_PDR 0.565 | M1_PDR 0.506 | H_m0 2.44 H_m1 3.07 | a-0.1271 c4.7397 ent0.0461 VRAM 50MB
Ep  450 | M0_PDR 0.581 | M1_PDR 0.493 | H_m0 2.45 H_m1 3.16 | a-0.1287 c7.7615 ent0.0456 VRAM 50MB
Ep  500 | M0_PDR 0.563 | M1_PDR 0.508 | H_m0 2.58 H_m1 3.16 | a-0.1303 c3.9893 ent0.0451 VRAM 50MB
Ep  550 | M0_PDR 0.581 | M1_PDR 0.475 | H_m0 2.37 H_m1 3.17 | a-0.1240 c3.8063 ent0.0446 VRAM 50MB
Ep  600 | M0_PDR 0.593 | M1_PDR 0.448 | H_m0 2.46 H_m1 3.18 | a-0.1248 c3.3877 ent0.0441 VRAM 50MB
Ep  650 | M0_PDR 0.600 | M1_PDR 0.481 | H_m0 2.43 H_m1 3.18 | a-0.1228 c6.8205 ent0.0436 VRAM 50MB
Ep  700 | M0_PDR 0.588 | M1_PDR 0.505 | H_m0 2.36 H_m1 3.12 | a-0.1182 c2.9616 ent0.0431 VRAM 50MB
Ep  750 | M0_PDR 0.583 | M1_PDR 0.460 | H_m0 2.35 H_m1 3.18 | a-0.1182 c9.4380 ent0.0426 VRAM 50MB
Ep  800 | M0_PDR 0.603 | M1_PDR 0.460 | H_m0 2.37 H_m1 3.19 | a-0.1175 c3.1714 ent0.0422 VRAM 50MB
Ep  850 | M0_PDR 0.595 | M1_PDR 0.490 | H_m0 2.27 H_m1 3.14 | a-0.1142 c4.8145 ent0.0417 VRAM 50MB
Ep  900 | M0_PDR 0.597 | M1_PDR 0.501 | H_m0 2.31 H_m1 3.14 | a-0.1126 c5.2091 ent0.0412 VRAM 50MB
Ep  950 | M0_PDR 0.571 | M1_PDR 0.485 | H_m0 2.34 H_m1 3.16 | a-0.1127 c3.9777 ent0.0407 VRAM 50MB
Ep 1000 | M0_PDR 0.603 | M1_PDR 0.485 | H_m0 2.12 H_m1 3.15 | a-0.1065 c3.9101 ent0.0402 VRAM 50MB
Ep 1050 | M0_PDR 0.596 | M1_PDR 0.466 | H_m0 2.32 H_m1 3.16 | a-0.1095 c4.1325 ent0.0397 VRAM 50MB
Ep 1100 | M0_PDR 0.587 | M1_PDR 0.481 | H_m0 2.10 H_m1 3.12 | a-0.1033 c3.4832 ent0.0392 VRAM 50MB
Ep 1150 | M0_PDR 0.585 | M1_PDR 0.465 | H_m0 2.32 H_m1 3.16 | a-0.1062 c3.5285 ent0.0387 VRAM 50MB
Ep 1200 | M0_PDR 0.579 | M1_PDR 0.486 | H_m0 2.19 H_m1 3.12 | a-0.1024 c3.6898 ent0.0382 VRAM 50MB
Ep 1250 | M0_PDR 0.606 | M1_PDR 0.492 | H_m0 2.24 H_m1 3.15 | a-0.1023 c4.8576 ent0.0377 VRAM 50MB
Ep 1300 | M0_PDR 0.606 | M1_PDR 0.482 | H_m0 2.12 H_m1 3.12 | a-0.0983 c3.8675 ent0.0373 VRAM 50MB
Ep 1350 | M0_PDR 0.610 | M1_PDR 0.481 | H_m0 2.02 H_m1 3.12 | a-0.0951 c3.2933 ent0.0368 VRAM 50MB
Error: tcpip::Socket::accept() Unable to create listening socket: Address already in use
Quitting (on error).
Ep 1400 | M0_PDR 0.592 | M1_PDR 0.498 | H_m0 2.16 H_m1 3.11 | a-0.0963 c3.6136 ent0.0363 VRAM 50MB
Ep 1450 | M0_PDR 0.587 | M1_PDR 0.492 | H_m0 2.16 H_m1 3.11 | a-0.0945 c3.8074 ent0.0358 VRAM 50MB
Ep 1500 | M0_PDR 0.608 | M1_PDR 0.477 | H_m0 2.08 H_m1 3.12 | a-0.0924 c3.4562 ent0.0353 VRAM 50MB
Ep 1550 | M0_PDR 0.591 | M1_PDR 0.499 | H_m0 2.07 H_m1 3.13 | a-0.0910 c3.0932 ent0.0348 VRAM 50MB
Ep 1600 | M0_PDR 0.576 | M1_PDR 0.514 | H_m0 2.04 H_m1 3.06 | a-0.0882 c3.9828 ent0.0343 VRAM 50MB
Ep 1650 | M0_PDR 0.589 | M1_PDR 0.485 | H_m0 2.12 H_m1 3.07 | a-0.0881 c4.2725 ent0.0338 VRAM 50MB
Ep 1700 | M0_PDR 0.594 | M1_PDR 0.519 | H_m0 2.10 H_m1 3.06 | a-0.0862 c4.3774 ent0.0333 VRAM 50MB
Ep 1750 | M0_PDR 0.598 | M1_PDR 0.500 | H_m0 1.97 H_m1 3.05 | a-0.0832 c3.4355 ent0.0328 VRAM 50MB
Ep 1800 | M0_PDR 0.617 | M1_PDR 0.493 | H_m0 2.14 H_m1 3.07 | a-0.0847 c3.0921 ent0.0324 VRAM 50MB
Ep 1850 | M0_PDR 0.608 | M1_PDR 0.510 | H_m0 1.99 H_m1 3.06 | a-0.0810 c3.3895 ent0.0319 VRAM 50MB
Ep 1900 | M0_PDR 0.596 | M1_PDR 0.492 | H_m0 2.04 H_m1 3.08 | a-0.0810 c3.9401 ent0.0314 VRAM 50MB
Ep 1950 | M0_PDR 0.617 | M1_PDR 0.488 | H_m0 2.03 H_m1 3.13 | a-0.0799 c3.4547 ent0.0309 VRAM 50MB
Ep 2000 | M0_PDR 0.604 | M1_PDR 0.485 | H_m0 2.08 H_m1 3.10 | a-0.0791 c3.4870 ent0.0304 VRAM 50MB
Ep 2050 | M0_PDR 0.597 | M1_PDR 0.498 | H_m0 2.02 H_m1 3.06 | a-0.0765 c2.7569 ent0.0299 VRAM 50MB
Ep 2100 | M0_PDR 0.590 | M1_PDR 0.511 | H_m0 1.93 H_m1 2.98 | a-0.0727 c3.3115 ent0.0294 VRAM 50MB
Ep 2150 | M0_PDR 0.602 | M1_PDR 0.514 | H_m0 2.02 H_m1 3.08 | a-0.0736 c3.3790 ent0.0289 VRAM 50MB
Ep 2200 | M0_PDR 0.602 | M1_PDR 0.502 | H_m0 2.11 H_m1 3.10 | a-0.0744 c2.6801 ent0.0284 VRAM 50MB
Ep 2250 | M0_PDR 0.577 | M1_PDR 0.524 | H_m0 1.96 H_m1 3.01 | a-0.0697 c3.7710 ent0.0279 VRAM 50MB
Ep 2300 | M0_PDR 0.625 | M1_PDR 0.517 | H_m0 1.90 H_m1 2.97 | a-0.0674 c3.1241 ent0.0275 VRAM 50MB
Ep 2350 | M0_PDR 0.588 | M1_PDR 0.509 | H_m0 1.84 H_m1 3.06 | a-0.0661 c3.7359 ent0.0270 VRAM 50MB
Ep 2400 | M0_PDR 0.608 | M1_PDR 0.484 | H_m0 1.84 H_m1 3.09 | a-0.0654 c3.6309 ent0.0265 VRAM 50MB
Ep 2450 | M0_PDR 0.602 | M1_PDR 0.494 | H_m0 1.91 H_m1 3.08 | a-0.0650 c4.6435 ent0.0260 VRAM 50MB
Ep 2500 | M0_PDR 0.615 | M1_PDR 0.491 | H_m0 1.86 H_m1 3.06 | a-0.0628 c3.6126 ent0.0255 VRAM 50MB
Ep 2550 | M0_PDR 0.586 | M1_PDR 0.536 | H_m0 1.80 H_m1 2.95 | a-0.0594 c3.2804 ent0.0250 VRAM 50MB
Ep 2600 | M0_PDR 0.623 | M1_PDR 0.524 | H_m0 1.83 H_m1 2.99 | a-0.0595 c3.0409 ent0.0245 VRAM 50MB
Ep 2650 | M0_PDR 0.610 | M1_PDR 0.523 | H_m0 1.85 H_m1 2.98 | a-0.0586 c2.9383 ent0.0240 VRAM 50MB
Ep 2700 | M0_PDR 0.600 | M1_PDR 0.521 | H_m0 1.92 H_m1 3.01 | a-0.0583 c3.0107 ent0.0235 VRAM 50MB
Ep 2750 | M0_PDR 0.589 | M1_PDR 0.530 | H_m0 1.87 H_m1 2.97 | a-0.0560 c2.8546 ent0.0230 VRAM 50MB
Ep 2800 | M0_PDR 0.602 | M1_PDR 0.541 | H_m0 1.86 H_m1 2.92 | a-0.0545 c3.2731 ent0.0226 VRAM 50MB
Ep 2850 | M0_PDR 0.596 | M1_PDR 0.522 | H_m0 1.84 H_m1 2.90 | a-0.0524 c3.1852 ent0.0221 VRAM 50MB
Ep 2900 | M0_PDR 0.593 | M1_PDR 0.536 | H_m0 1.80 H_m1 2.93 | a-0.0513 c2.5987 ent0.0216 VRAM 50MB
Ep 2950 | M0_PDR 0.578 | M1_PDR 0.517 | H_m0 1.79 H_m1 2.97 | a-0.0504 c3.4512 ent0.0211 VRAM 50MB
Ep 3000 | M0_PDR 0.588 | M1_PDR 0.523 | H_m0 1.80 H_m1 2.89 | a-0.0486 c3.2896 ent0.0206 VRAM 50MB
Ep 3050 | M0_PDR 0.594 | M1_PDR 0.518 | H_m0 1.83 H_m1 2.90 | a-0.0477 c3.1112 ent0.0201 VRAM 50MB
Ep 3100 | M0_PDR 0.600 | M1_PDR 0.568 | H_m0 1.80 H_m1 2.76 | a-0.0450 c2.8056 ent0.0196 VRAM 50MB
Ep 3150 | M0_PDR 0.600 | M1_PDR 0.552 | H_m0 1.81 H_m1 2.76 | a-0.0440 c2.7377 ent0.0191 VRAM 50MB
Ep 3200 | M0_PDR 0.598 | M1_PDR 0.541 | H_m0 1.75 H_m1 2.75 | a-0.0423 c2.6442 ent0.0186 VRAM 50MB
Ep 3250 | M0_PDR 0.563 | M1_PDR 0.541 | H_m0 1.69 H_m1 2.81 | a-0.0410 c3.1160 ent0.0181 VRAM 50MB
Ep 3300 | M0_PDR 0.584 | M1_PDR 0.550 | H_m0 1.71 H_m1 2.77 | a-0.0398 c2.9895 ent0.0177 VRAM 50MB
Ep 3350 | M0_PDR 0.600 | M1_PDR 0.554 | H_m0 1.73 H_m1 2.86 | a-0.0395 c2.8039 ent0.0172 VRAM 50MB
Ep 3400 | M0_PDR 0.598 | M1_PDR 0.544 | H_m0 1.73 H_m1 2.84 | a-0.0383 c2.7251 ent0.0167 VRAM 50MB
Ep 3450 | M0_PDR 0.596 | M1_PDR 0.560 | H_m0 1.74 H_m1 2.78 | a-0.0367 c3.0133 ent0.0162 VRAM 50MB
Ep 3500 | M0_PDR 0.576 | M1_PDR 0.553 | H_m0 1.72 H_m1 2.83 | a-0.0358 c3.0703 ent0.0157 VRAM 50MB
Ep 3550 | M0_PDR 0.591 | M1_PDR 0.545 | H_m0 1.70 H_m1 2.81 | a-0.0345 c3.0605 ent0.0152 VRAM 50MB
Ep 3600 | M0_PDR 0.605 | M1_PDR 0.564 | H_m0 1.70 H_m1 2.76 | a-0.0330 c2.5949 ent0.0147 VRAM 50MB
Ep 3650 | M0_PDR 0.579 | M1_PDR 0.549 | H_m0 1.68 H_m1 2.73 | a-0.0314 c2.9909 ent0.0142 VRAM 50MB
Ep 3700 | M0_PDR 0.599 | M1_PDR 0.576 | H_m0 1.68 H_m1 2.69 | a-0.0302 c2.8890 ent0.0137 VRAM 50MB
Ep 3750 | M0_PDR 0.590 | M1_PDR 0.542 | H_m0 1.69 H_m1 2.71 | a-0.0294 c2.9782 ent0.0132 VRAM 50MB
Ep 3800 | M0_PDR 0.584 | M1_PDR 0.550 | H_m0 1.70 H_m1 2.73 | a-0.0283 c3.0136 ent0.0128 VRAM 50MB
Ep 3850 | M0_PDR 0.583 | M1_PDR 0.568 | H_m0 1.70 H_m1 2.65 | a-0.0269 c2.8717 ent0.0123 VRAM 50MB
Ep 3900 | M0_PDR 0.577 | M1_PDR 0.554 | H_m0 1.68 H_m1 2.68 | a-0.0258 c2.6935 ent0.0118 VRAM 50MB
Ep 3950 | M0_PDR 0.570 | M1_PDR 0.578 | H_m0 1.69 H_m1 2.68 | a-0.0248 c2.5790 ent0.0113 VRAM 50MB
Ep 4000 | M0_PDR 0.583 | M1_PDR 0.572 | H_m0 1.68 H_m1 2.64 | a-0.0234 c2.9606 ent0.0108 VRAM 50MB
Ep 4050 | M0_PDR 0.584 | M1_PDR 0.589 | H_m0 1.67 H_m1 2.65 | a-0.0224 c2.7579 ent0.0103 VRAM 50MB
Ep 4100 | M0_PDR 0.591 | M1_PDR 0.577 | H_m0 1.66 H_m1 2.63 | a-0.0212 c2.6471 ent0.0098 VRAM 50MB
Ep 4150 | M0_PDR 0.586 | M1_PDR 0.576 | H_m0 1.65 H_m1 2.63 | a-0.0201 c2.7162 ent0.0093 VRAM 50MB
Ep 4200 | M0_PDR 0.593 | M1_PDR 0.579 | H_m0 1.65 H_m1 2.61 | a-0.0189 c2.7165 ent0.0088 VRAM 50MB
Ep 4250 | M0_PDR 0.574 | M1_PDR 0.577 | H_m0 1.65 H_m1 2.58 | a-0.0177 c2.6020 ent0.0083 VRAM 50MB
Ep 4300 | M0_PDR 0.591 | M1_PDR 0.561 | H_m0 1.65 H_m1 2.58 | a-0.0167 c2.6476 ent0.0079 VRAM 50MB
Ep 4350 | M0_PDR 0.600 | M1_PDR 0.581 | H_m0 1.65 H_m1 2.55 | a-0.0154 c2.7393 ent0.0074 VRAM 50MB
Ep 4400 | M0_PDR 0.577 | M1_PDR 0.570 | H_m0 1.64 H_m1 2.55 | a-0.0146 c2.7710 ent0.0069 VRAM 50MB
Ep 4450 | M0_PDR 0.586 | M1_PDR 0.592 | H_m0 1.64 H_m1 2.49 | a-0.0132 c2.8541 ent0.0064 VRAM 50MB
Ep 4500 | M0_PDR 0.593 | M1_PDR 0.570 | H_m0 1.64 H_m1 2.50 | a-0.0122 c3.0458 ent0.0059 VRAM 50MB
Ep 4550 | M0_PDR 0.559 | M1_PDR 0.605 | H_m0 1.64 H_m1 2.44 | a-0.0110 c2.7510 ent0.0054 VRAM 50MB
Ep 4600 | M0_PDR 0.594 | M1_PDR 0.580 | H_m0 1.64 H_m1 2.45 | a-0.0101 c2.8484 ent0.0049 VRAM 50MB
Ep 4650 | M0_PDR 0.569 | M1_PDR 0.591 | H_m0 1.64 H_m1 2.43 | a-0.0090 c3.1218 ent0.0044 VRAM 50MB
Ep 4700 | M0_PDR 0.575 | M1_PDR 0.592 | H_m0 1.63 H_m1 2.38 | a-0.0079 c2.5599 ent0.0039 VRAM 50MB
Ep 4750 | M0_PDR 0.584 | M1_PDR 0.600 | H_m0 1.63 H_m1 2.35 | a-0.0069 c2.7693 ent0.0034 VRAM 50MB
Ep 4800 | M0_PDR 0.587 | M1_PDR 0.598 | H_m0 1.63 H_m1 2.33 | a-0.0058 c2.6899 ent0.0030 VRAM 50MB
Ep 4850 | M0_PDR 0.571 | M1_PDR 0.590 | H_m0 1.63 H_m1 2.32 | a-0.0049 c3.0773 ent0.0025 VRAM 50MB
Ep 4900 | M0_PDR 0.603 | M1_PDR 0.609 | H_m0 1.63 H_m1 2.29 | a-0.0039 c3.0617 ent0.0020 VRAM 50MB
Ep 4950 | M0_PDR 0.559 | M1_PDR 0.585 | H_m0 1.63 H_m1 2.31 | a-0.0030 c2.5300 ent0.0015 VRAM 50MB

Training complete. Running 100 eval episodes...

  Eval ep   0: M0_PDR=0.594  M1_PDR=0.602
  Eval ep  20: M0_PDR=0.590  M1_PDR=0.605
  Eval ep  40: M0_PDR=0.565  M1_PDR=0.580
  Eval ep  60: M0_PDR=0.589  M1_PDR=0.588
  Eval ep  80: M0_PDR=0.569  M1_PDR=0.627

=== Eval Summary (100 episodes) ===
  M0_PDR_mean         : 0.5782
  M0_PDR_p05 (across) : 0.5608
  M0_PDR_p05 (intra)  : 0.3222
  M1_PDR_mean         : 0.6038
  M0_SINR_mean (dB)   : -0.09
  M1_SINR_mean (dB)   : 2.44
  M0_collision_rate   : 0.986
  M0_collision_within_pool : 0.866
  M1_collision_within_pool : 0.866

Result saved -> results/_A_N20_seed3_5000ep.json
  N=20  rho=4.0  M0_PDR=0.578  M1_PDR=0.604
[NS3Bridge] Shutdown complete.
Run complete.
