[seed] all RNGs seeded with 1
GPU : NVIDIA GeForce RTX 3060
VRAM: 12.9 GB
Device          : cuda:0
Actor M0 params : 21,273
Actor M1 params : 21,273
Critic params   : 127,233
obs_dim=11  action_dim=25  gs_dim=225
M0 count: 10  M1 count: 10
Training for 5000 episodes (Config A_N20_seed1_5000ep_gaefix_g05_ent01_as, N=20)...

[NS3Bridge] Connected tcp://localhost:9196
Ep    0 | M0_PDR 0.443 | M1_PDR 0.490 | H_m0 3.21 H_m1 3.21 | a-0.0374 c0.4456 ent0.0100 VRAM 54MB
Ep   50 | M0_PDR 0.560 | M1_PDR 0.661 | H_m0 1.50 H_m1 1.59 | a-0.0184 c0.1379 ent0.0099 VRAM 54MB
Ep  100 | M0_PDR 0.586 | M1_PDR 0.638 | H_m0 1.44 H_m1 1.44 | a-0.0142 c0.1280 ent0.0098 VRAM 54MB
Ep  150 | M0_PDR 0.613 | M1_PDR 0.641 | H_m0 1.20 H_m1 1.42 | a-0.0151 c0.1255 ent0.0097 VRAM 54MB
Ep  200 | M0_PDR 0.646 | M1_PDR 0.678 | H_m0 1.04 H_m1 1.41 | a-0.0130 c0.2750 ent0.0096 VRAM 54MB
Ep  250 | M0_PDR 0.645 | M1_PDR 0.668 | H_m0 1.01 H_m1 1.41 | a-0.0127 c0.1023 ent0.0095 VRAM 54MB
Ep  300 | M0_PDR 0.668 | M1_PDR 0.650 | H_m0 0.95 H_m1 1.41 | a-0.0128 c0.1243 ent0.0095 VRAM 54MB
Ep  350 | M0_PDR 0.682 | M1_PDR 0.654 | H_m0 0.78 H_m1 1.34 | a-0.0107 c0.1160 ent0.0094 VRAM 54MB
Ep  400 | M0_PDR 0.694 | M1_PDR 0.634 | H_m0 0.74 H_m1 1.33 | a-0.0098 c0.0966 ent0.0093 VRAM 54MB
Ep  450 | M0_PDR 0.695 | M1_PDR 0.632 | H_m0 0.74 H_m1 1.37 | a-0.0132 c0.1246 ent0.0092 VRAM 54MB
Ep  500 | M0_PDR 0.706 | M1_PDR 0.660 | H_m0 0.70 H_m1 1.38 | a-0.0100 c0.1065 ent0.0091 VRAM 54MB
Ep  550 | M0_PDR 0.737 | M1_PDR 0.647 | H_m0 0.62 H_m1 1.32 | a-0.0101 c0.1001 ent0.0090 VRAM 54MB
Ep  600 | M0_PDR 0.688 | M1_PDR 0.741 | H_m0 0.79 H_m1 0.93 | a-0.0106 c0.1050 ent0.0089 VRAM 54MB
Ep  650 | M0_PDR 0.644 | M1_PDR 0.775 | H_m0 0.81 H_m1 0.73 | a-0.0113 c0.1249 ent0.0088 VRAM 54MB
Ep  700 | M0_PDR 0.702 | M1_PDR 0.789 | H_m0 0.65 H_m1 0.64 | a-0.0076 c0.0913 ent0.0087 VRAM 54MB
Ep  750 | M0_PDR 0.627 | M1_PDR 0.777 | H_m0 0.63 H_m1 0.76 | a-0.0054 c0.0914 ent0.0086 VRAM 54MB
Ep  800 | M0_PDR 0.716 | M1_PDR 0.789 | H_m0 0.63 H_m1 0.67 | a-0.0053 c0.0963 ent0.0086 VRAM 54MB
Ep  850 | M0_PDR 0.687 | M1_PDR 0.795 | H_m0 0.63 H_m1 0.67 | a-0.0066 c0.1039 ent0.0085 VRAM 54MB
Ep  900 | M0_PDR 0.686 | M1_PDR 0.806 | H_m0 0.63 H_m1 0.59 | a-0.0075 c0.0994 ent0.0084 VRAM 54MB
Ep  950 | M0_PDR 0.751 | M1_PDR 0.821 | H_m0 0.51 H_m1 0.39 | a-0.0067 c0.1010 ent0.0083 VRAM 54MB
Ep 1000 | M0_PDR 0.779 | M1_PDR 0.841 | H_m0 0.32 H_m1 0.28 | a-0.0049 c0.0842 ent0.0082 VRAM 54MB
Ep 1050 | M0_PDR 0.793 | M1_PDR 0.868 | H_m0 0.26 H_m1 0.24 | a-0.0047 c0.0923 ent0.0081 VRAM 54MB
Ep 1100 | M0_PDR 0.822 | M1_PDR 0.880 | H_m0 0.17 H_m1 0.18 | a-0.0024 c0.0694 ent0.0080 VRAM 54MB
Ep 1150 | M0_PDR 0.812 | M1_PDR 0.878 | H_m0 0.17 H_m1 0.19 | a-0.0016 c0.0881 ent0.0079 VRAM 54MB
Ep 1200 | M0_PDR 0.788 | M1_PDR 0.867 | H_m0 0.15 H_m1 0.20 | a-0.0028 c0.0844 ent0.0078 VRAM 54MB
Ep 1250 | M0_PDR 0.801 | M1_PDR 0.869 | H_m0 0.12 H_m1 0.21 | a-0.0010 c0.0941 ent0.0077 VRAM 54MB
Ep 1300 | M0_PDR 0.761 | M1_PDR 0.828 | H_m0 0.16 H_m1 0.27 | a-0.0046 c0.1046 ent0.0077 VRAM 54MB
Ep 1350 | M0_PDR 0.795 | M1_PDR 0.859 | H_m0 0.12 H_m1 0.19 | a-0.0045 c0.0901 ent0.0076 VRAM 54MB
Ep 1400 | M0_PDR 0.799 | M1_PDR 0.874 | H_m0 0.08 H_m1 0.22 | a-0.0018 c0.0972 ent0.0075 VRAM 54MB
Ep 1450 | M0_PDR 0.773 | M1_PDR 0.882 | H_m0 0.10 H_m1 0.15 | a-0.0014 c0.0847 ent0.0074 VRAM 54MB
Ep 1500 | M0_PDR 0.776 | M1_PDR 0.883 | H_m0 0.10 H_m1 0.13 | a-0.0016 c0.0834 ent0.0073 VRAM 54MB
Ep 1550 | M0_PDR 0.819 | M1_PDR 0.895 | H_m0 0.07 H_m1 0.10 | a-0.0021 c0.0778 ent0.0072 VRAM 54MB
Ep 1600 | M0_PDR 0.761 | M1_PDR 0.878 | H_m0 0.09 H_m1 0.13 | a-0.0015 c0.0929 ent0.0071 VRAM 54MB
Ep 1650 | M0_PDR 0.825 | M1_PDR 0.900 | H_m0 0.07 H_m1 0.10 | a-0.0021 c0.0724 ent0.0070 VRAM 54MB
Ep 1700 | M0_PDR 0.793 | M1_PDR 0.895 | H_m0 0.08 H_m1 0.10 | a-0.0010 c0.0855 ent0.0069 VRAM 54MB
Ep 1750 | M0_PDR 0.765 | M1_PDR 0.856 | H_m0 0.09 H_m1 0.15 | a-0.0020 c0.0935 ent0.0068 VRAM 54MB
Ep 1800 | M0_PDR 0.795 | M1_PDR 0.876 | H_m0 0.09 H_m1 0.10 | a-0.0011 c0.0853 ent0.0068 VRAM 54MB
Ep 1850 | M0_PDR 0.823 | M1_PDR 0.870 | H_m0 0.07 H_m1 0.13 | a-0.0006 c0.0828 ent0.0067 VRAM 54MB
Ep 1900 | M0_PDR 0.804 | M1_PDR 0.890 | H_m0 0.07 H_m1 0.10 | a-0.0014 c0.0918 ent0.0066 VRAM 54MB
Ep 1950 | M0_PDR 0.832 | M1_PDR 0.897 | H_m0 0.05 H_m1 0.07 | a-0.0004 c0.0744 ent0.0065 VRAM 54MB
Ep 2000 | M0_PDR 0.800 | M1_PDR 0.882 | H_m0 0.06 H_m1 0.10 | a-0.0007 c0.0862 ent0.0064 VRAM 54MB
Ep 2050 | M0_PDR 0.773 | M1_PDR 0.893 | H_m0 0.08 H_m1 0.08 | a-0.0005 c0.0895 ent0.0063 VRAM 54MB
Ep 2100 | M0_PDR 0.821 | M1_PDR 0.871 | H_m0 0.11 H_m1 0.11 | a-0.0017 c0.0874 ent0.0062 VRAM 54MB
Ep 2150 | M0_PDR 0.788 | M1_PDR 0.858 | H_m0 0.14 H_m1 0.11 | a-0.0020 c0.0937 ent0.0061 VRAM 54MB
Ep 2200 | M0_PDR 0.815 | M1_PDR 0.889 | H_m0 0.10 H_m1 0.08 | a-0.0004 c0.0806 ent0.0060 VRAM 54MB
Ep 2250 | M0_PDR 0.815 | M1_PDR 0.912 | H_m0 0.09 H_m1 0.08 | a-0.0018 c0.0859 ent0.0059 VRAM 54MB
Ep 2300 | M0_PDR 0.778 | M1_PDR 0.868 | H_m0 0.10 H_m1 0.09 | a-0.0011 c0.0918 ent0.0059 VRAM 54MB
Ep 2350 | M0_PDR 0.848 | M1_PDR 0.897 | H_m0 0.05 H_m1 0.06 | a-0.0013 c0.0892 ent0.0058 VRAM 54MB
Ep 2400 | M0_PDR 0.811 | M1_PDR 0.884 | H_m0 0.09 H_m1 0.07 | a-0.0008 c0.0887 ent0.0057 VRAM 54MB
Ep 2450 | M0_PDR 0.812 | M1_PDR 0.883 | H_m0 0.09 H_m1 0.08 | a-0.0018 c0.0788 ent0.0056 VRAM 54MB
Ep 2500 | M0_PDR 0.794 | M1_PDR 0.888 | H_m0 0.09 H_m1 0.08 | a-0.0007 c0.0954 ent0.0055 VRAM 54MB
Ep 2550 | M0_PDR 0.810 | M1_PDR 0.895 | H_m0 0.08 H_m1 0.07 | a-0.0002 c0.0833 ent0.0054 VRAM 54MB
Ep 2600 | M0_PDR 0.833 | M1_PDR 0.875 | H_m0 0.07 H_m1 0.09 | a-0.0015 c0.0757 ent0.0053 VRAM 54MB
Ep 2650 | M0_PDR 0.806 | M1_PDR 0.887 | H_m0 0.09 H_m1 0.09 | a-0.0010 c0.0898 ent0.0052 VRAM 54MB
Ep 2700 | M0_PDR 0.814 | M1_PDR 0.875 | H_m0 0.08 H_m1 0.08 | a-0.0012 c0.0872 ent0.0051 VRAM 54MB
Ep 2750 | M0_PDR 0.824 | M1_PDR 0.883 | H_m0 0.07 H_m1 0.07 | a-0.0003 c0.0783 ent0.0050 VRAM 54MB
Ep 2800 | M0_PDR 0.846 | M1_PDR 0.889 | H_m0 0.06 H_m1 0.07 | a-0.0013 c0.0726 ent0.0050 VRAM 54MB
Ep 2850 | M0_PDR 0.836 | M1_PDR 0.894 | H_m0 0.07 H_m1 0.06 | a-0.0003 c0.0779 ent0.0049 VRAM 54MB
Ep 2900 | M0_PDR 0.834 | M1_PDR 0.903 | H_m0 0.06 H_m1 0.05 | a-0.0004 c0.0751 ent0.0048 VRAM 54MB
Ep 2950 | M0_PDR 0.826 | M1_PDR 0.877 | H_m0 0.07 H_m1 0.09 | a-0.0008 c0.0728 ent0.0047 VRAM 54MB
Ep 3000 | M0_PDR 0.787 | M1_PDR 0.888 | H_m0 0.09 H_m1 0.07 | a-0.0006 c0.0835 ent0.0046 VRAM 54MB
Ep 3050 | M0_PDR 0.825 | M1_PDR 0.875 | H_m0 0.06 H_m1 0.06 | a-0.0004 c0.0769 ent0.0045 VRAM 54MB
Ep 3100 | M0_PDR 0.808 | M1_PDR 0.912 | H_m0 0.07 H_m1 0.05 | a-0.0016 c0.0804 ent0.0044 VRAM 54MB
Ep 3150 | M0_PDR 0.817 | M1_PDR 0.895 | H_m0 0.07 H_m1 0.05 | a-0.0006 c0.0804 ent0.0043 VRAM 54MB
Ep 3200 | M0_PDR 0.783 | M1_PDR 0.893 | H_m0 0.09 H_m1 0.06 | a-0.0004 c0.0900 ent0.0042 VRAM 54MB
Ep 3250 | M0_PDR 0.817 | M1_PDR 0.880 | H_m0 0.07 H_m1 0.07 | a-0.0013 c0.0804 ent0.0041 VRAM 54MB
Ep 3300 | M0_PDR 0.815 | M1_PDR 0.880 | H_m0 0.07 H_m1 0.07 | a-0.0003 c0.0781 ent0.0041 VRAM 54MB
Ep 3350 | M0_PDR 0.797 | M1_PDR 0.867 | H_m0 0.08 H_m1 0.07 | a-0.0006 c0.0876 ent0.0040 VRAM 54MB
Ep 3400 | M0_PDR 0.839 | M1_PDR 0.894 | H_m0 0.05 H_m1 0.06 | a-0.0004 c0.0728 ent0.0039 VRAM 54MB
Ep 3450 | M0_PDR 0.816 | M1_PDR 0.889 | H_m0 0.07 H_m1 0.06 | a-0.0004 c0.0884 ent0.0038 VRAM 54MB
Ep 3500 | M0_PDR 0.781 | M1_PDR 0.886 | H_m0 0.08 H_m1 0.06 | a-0.0010 c0.0949 ent0.0037 VRAM 54MB
Ep 3550 | M0_PDR 0.838 | M1_PDR 0.888 | H_m0 0.07 H_m1 0.06 | a-0.0008 c0.0765 ent0.0036 VRAM 54MB
Ep 3600 | M0_PDR 0.803 | M1_PDR 0.901 | H_m0 0.08 H_m1 0.05 | a-0.0006 c0.0860 ent0.0035 VRAM 54MB
Ep 3650 | M0_PDR 0.797 | M1_PDR 0.888 | H_m0 0.09 H_m1 0.06 | a-0.0005 c0.0898 ent0.0034 VRAM 54MB
Ep 3700 | M0_PDR 0.817 | M1_PDR 0.886 | H_m0 0.06 H_m1 0.06 | a-0.0005 c0.0817 ent0.0033 VRAM 54MB
Ep 3750 | M0_PDR 0.815 | M1_PDR 0.881 | H_m0 0.07 H_m1 0.06 | a-0.0002 c0.0832 ent0.0032 VRAM 54MB
Ep 3800 | M0_PDR 0.848 | M1_PDR 0.880 | H_m0 0.05 H_m1 0.06 | a-0.0005 c0.0734 ent0.0032 VRAM 54MB
Ep 3850 | M0_PDR 0.791 | M1_PDR 0.882 | H_m0 0.08 H_m1 0.06 | a-0.0004 c0.0882 ent0.0031 VRAM 54MB
Ep 3900 | M0_PDR 0.836 | M1_PDR 0.893 | H_m0 0.06 H_m1 0.05 | a-0.0004 c0.0765 ent0.0030 VRAM 54MB
Ep 3950 | M0_PDR 0.830 | M1_PDR 0.900 | H_m0 0.06 H_m1 0.05 | a-0.0002 c0.0766 ent0.0029 VRAM 54MB
Ep 4000 | M0_PDR 0.821 | M1_PDR 0.898 | H_m0 0.06 H_m1 0.06 | a-0.0003 c0.0764 ent0.0028 VRAM 54MB
Ep 4050 | M0_PDR 0.806 | M1_PDR 0.890 | H_m0 0.09 H_m1 0.06 | a-0.0004 c0.0817 ent0.0027 VRAM 54MB
Ep 4100 | M0_PDR 0.813 | M1_PDR 0.896 | H_m0 0.07 H_m1 0.05 | a-0.0003 c0.0864 ent0.0026 VRAM 54MB
Ep 4150 | M0_PDR 0.821 | M1_PDR 0.892 | H_m0 0.07 H_m1 0.05 | a-0.0002 c0.0754 ent0.0025 VRAM 54MB
Ep 4200 | M0_PDR 0.826 | M1_PDR 0.913 | H_m0 0.06 H_m1 0.03 | a-0.0001 c0.0748 ent0.0024 VRAM 54MB
Ep 4250 | M0_PDR 0.808 | M1_PDR 0.880 | H_m0 0.07 H_m1 0.07 | a-0.0004 c0.0788 ent0.0023 VRAM 54MB
Ep 4300 | M0_PDR 0.829 | M1_PDR 0.908 | H_m0 0.05 H_m1 0.04 | a-0.0001 c0.0768 ent0.0023 VRAM 54MB
Ep 4350 | M0_PDR 0.819 | M1_PDR 0.902 | H_m0 0.08 H_m1 0.05 | a-0.0002 c0.0804 ent0.0022 VRAM 54MB
Ep 4400 | M0_PDR 0.793 | M1_PDR 0.890 | H_m0 0.09 H_m1 0.07 | a-0.0002 c0.0897 ent0.0021 VRAM 54MB
Ep 4450 | M0_PDR 0.817 | M1_PDR 0.881 | H_m0 0.08 H_m1 0.06 | a-0.0003 c0.0829 ent0.0020 VRAM 54MB
Ep 4500 | M0_PDR 0.825 | M1_PDR 0.899 | H_m0 0.07 H_m1 0.05 | a-0.0002 c0.0782 ent0.0019 VRAM 54MB
Ep 4550 | M0_PDR 0.831 | M1_PDR 0.899 | H_m0 0.06 H_m1 0.05 | a-0.0000 c0.0785 ent0.0018 VRAM 54MB
Ep 4600 | M0_PDR 0.840 | M1_PDR 0.901 | H_m0 0.06 H_m1 0.06 | a-0.0002 c0.0691 ent0.0017 VRAM 54MB
Ep 4650 | M0_PDR 0.845 | M1_PDR 0.892 | H_m0 0.06 H_m1 0.05 | a-0.0002 c0.0713 ent0.0016 VRAM 54MB
Ep 4700 | M0_PDR 0.815 | M1_PDR 0.910 | H_m0 0.07 H_m1 0.04 | a-0.0003 c0.0810 ent0.0015 VRAM 54MB
Ep 4750 | M0_PDR 0.834 | M1_PDR 0.885 | H_m0 0.06 H_m1 0.06 | a-0.0001 c0.0701 ent0.0014 VRAM 54MB
Ep 4800 | M0_PDR 0.807 | M1_PDR 0.895 | H_m0 0.07 H_m1 0.06 | a-0.0001 c0.0783 ent0.0014 VRAM 54MB
Ep 4850 | M0_PDR 0.840 | M1_PDR 0.892 | H_m0 0.05 H_m1 0.05 | a-0.0001 c0.0698 ent0.0013 VRAM 54MB
Ep 4900 | M0_PDR 0.830 | M1_PDR 0.903 | H_m0 0.07 H_m1 0.05 | a-0.0001 c0.0815 ent0.0012 VRAM 54MB
Ep 4950 | M0_PDR 0.851 | M1_PDR 0.890 | H_m0 0.05 H_m1 0.06 | a-0.0001 c0.0660 ent0.0011 VRAM 54MB

Training complete. Running 100 eval episodes...

  Eval ep   0: M0_PDR=0.847  M1_PDR=0.888
  Eval ep  20: M0_PDR=0.809  M1_PDR=0.875
  Eval ep  40: M0_PDR=0.850  M1_PDR=0.902
  Eval ep  60: M0_PDR=0.818  M1_PDR=0.877
  Eval ep  80: M0_PDR=0.834  M1_PDR=0.881

=== Eval Summary (100 episodes) ===
  M0_PDR_mean         : 0.8180
  M0_PDR_p05 (across) : 0.7953
  M0_PDR_p05 (intra)  : 0.6188
  M1_PDR_mean         : 0.8923
  M0_SINR_mean (dB)   : 10.76
  M1_SINR_mean (dB)   : 15.90
  M0_collision_rate   : 1.000
  M0_collision_within_pool : 0.892
  M1_collision_within_pool : 0.858

Result saved -> results/_A_N20_seed1_5000ep_gaefix_g05_ent01_as.json
  N=20  rho=4.0  M0_PDR=0.818  M1_PDR=0.892
[NS3Bridge] Shutdown complete.
Run complete.
