[seed] all RNGs seeded with 1
GPU : NVIDIA GeForce RTX 3060
VRAM: 12.9 GB
Device          : cuda:0
Actor M0 params : 21,273
Actor M1 params : 21,273
Critic params   : 124,417
obs_dim=11  action_dim=25  gs_dim=225
M0 count: 10  M1 count: 10
Training for 5000 episodes (Config A_N20_seed1_5000ep, N=20)...

[NS3Bridge] Connected tcp://localhost:6596
Ep    0 | M0_PDR 0.459 | M1_PDR 0.494 | H_m0 3.21 H_m1 3.21 | a-0.1646 c16.7723 ent0.0500 VRAM 50MB
Ep   50 | M0_PDR 0.556 | M1_PDR 0.475 | H_m0 2.79 H_m1 3.18 | a-0.1494 c8.5942 ent0.0495 VRAM 50MB
Ep  100 | M0_PDR 0.558 | M1_PDR 0.480 | H_m0 2.52 H_m1 3.19 | a-0.1412 c6.6359 ent0.0490 VRAM 50MB
Ep  150 | M0_PDR 0.569 | M1_PDR 0.459 | H_m0 2.62 H_m1 3.19 | a-0.1414 c6.2538 ent0.0485 VRAM 50MB
Ep  200 | M0_PDR 0.585 | M1_PDR 0.491 | H_m0 2.62 H_m1 3.20 | a-0.1409 c7.1566 ent0.0480 VRAM 50MB
Ep  250 | M0_PDR 0.549 | M1_PDR 0.485 | H_m0 2.58 H_m1 3.16 | a-0.1380 c5.0918 ent0.0475 VRAM 50MB
Ep  300 | M0_PDR 0.579 | M1_PDR 0.491 | H_m0 2.50 H_m1 3.16 | a-0.1343 c4.8083 ent0.0471 VRAM 50MB
Ep  350 | M0_PDR 0.559 | M1_PDR 0.505 | H_m0 2.58 H_m1 3.16 | a-0.1341 c4.4915 ent0.0466 VRAM 50MB
Ep  400 | M0_PDR 0.561 | M1_PDR 0.498 | H_m0 2.56 H_m1 3.15 | a-0.1326 c4.7580 ent0.0461 VRAM 50MB
Ep  450 | M0_PDR 0.583 | M1_PDR 0.492 | H_m0 2.54 H_m1 3.15 | a-0.1309 c6.6801 ent0.0456 VRAM 50MB
Ep  500 | M0_PDR 0.568 | M1_PDR 0.493 | H_m0 2.43 H_m1 3.15 | a-0.1271 c5.1333 ent0.0451 VRAM 50MB
Ep  550 | M0_PDR 0.571 | M1_PDR 0.448 | H_m0 2.38 H_m1 3.19 | a-0.1246 c3.5114 ent0.0446 VRAM 50MB
Ep  600 | M0_PDR 0.576 | M1_PDR 0.496 | H_m0 2.45 H_m1 3.10 | a-0.1237 c4.2221 ent0.0441 VRAM 50MB
Ep  650 | M0_PDR 0.579 | M1_PDR 0.477 | H_m0 2.38 H_m1 3.14 | a-0.1205 c4.4571 ent0.0436 VRAM 50MB
Ep  700 | M0_PDR 0.606 | M1_PDR 0.494 | H_m0 2.30 H_m1 3.14 | a-0.1176 c4.2553 ent0.0431 VRAM 50MB
Ep  750 | M0_PDR 0.591 | M1_PDR 0.502 | H_m0 2.16 H_m1 3.08 | a-0.1122 c3.1198 ent0.0426 VRAM 50MB
Ep  800 | M0_PDR 0.597 | M1_PDR 0.479 | H_m0 2.34 H_m1 3.14 | a-0.1162 c3.1176 ent0.0422 VRAM 50MB
Ep  850 | M0_PDR 0.603 | M1_PDR 0.461 | H_m0 2.20 H_m1 3.16 | a-0.1120 c3.2989 ent0.0417 VRAM 50MB
Ep  900 | M0_PDR 0.584 | M1_PDR 0.531 | H_m0 2.45 H_m1 3.08 | a-0.1139 c3.9193 ent0.0412 VRAM 50MB
Ep  950 | M0_PDR 0.599 | M1_PDR 0.465 | H_m0 2.35 H_m1 3.17 | a-0.1123 c3.8020 ent0.0407 VRAM 50MB
Ep 1000 | M0_PDR 0.596 | M1_PDR 0.486 | H_m0 2.23 H_m1 3.15 | a-0.1088 c5.7452 ent0.0402 VRAM 50MB
Ep 1050 | M0_PDR 0.588 | M1_PDR 0.467 | H_m0 2.37 H_m1 3.17 | a-0.1104 c3.5614 ent0.0397 VRAM 50MB
Ep 1100 | M0_PDR 0.591 | M1_PDR 0.480 | H_m0 2.16 H_m1 3.12 | a-0.1039 c3.4341 ent0.0392 VRAM 50MB
Ep 1150 | M0_PDR 0.606 | M1_PDR 0.494 | H_m0 2.27 H_m1 3.12 | a-0.1049 c4.2767 ent0.0387 VRAM 50MB
Ep 1200 | M0_PDR 0.589 | M1_PDR 0.459 | H_m0 2.30 H_m1 3.16 | a-0.1049 c5.9290 ent0.0382 VRAM 50MB
Ep 1250 | M0_PDR 0.594 | M1_PDR 0.481 | H_m0 2.24 H_m1 3.14 | a-0.1023 c4.4534 ent0.0377 VRAM 50MB
Ep 1300 | M0_PDR 0.578 | M1_PDR 0.490 | H_m0 2.17 H_m1 3.16 | a-0.0995 c5.6423 ent0.0373 VRAM 50MB
Ep 1350 | M0_PDR 0.583 | M1_PDR 0.476 | H_m0 2.19 H_m1 3.16 | a-0.0986 c4.1860 ent0.0368 VRAM 50MB
Ep 1400 | M0_PDR 0.569 | M1_PDR 0.513 | H_m0 2.22 H_m1 3.10 | a-0.0970 c4.1487 ent0.0363 VRAM 50MB
Ep 1450 | M0_PDR 0.597 | M1_PDR 0.467 | H_m0 2.19 H_m1 3.13 | a-0.0962 c4.4593 ent0.0358 VRAM 50MB
Ep 1500 | M0_PDR 0.599 | M1_PDR 0.518 | H_m0 2.11 H_m1 3.06 | a-0.0916 c3.6318 ent0.0353 VRAM 50MB
Ep 1550 | M0_PDR 0.586 | M1_PDR 0.516 | H_m0 2.23 H_m1 3.08 | a-0.0929 c3.8460 ent0.0348 VRAM 50MB
Ep 1600 | M0_PDR 0.595 | M1_PDR 0.519 | H_m0 2.19 H_m1 3.06 | a-0.0905 c3.0495 ent0.0343 VRAM 50MB
Ep 1650 | M0_PDR 0.594 | M1_PDR 0.476 | H_m0 2.09 H_m1 3.12 | a-0.0888 c4.6739 ent0.0338 VRAM 50MB
Ep 1700 | M0_PDR 0.601 | M1_PDR 0.522 | H_m0 2.13 H_m1 3.05 | a-0.0867 c2.7983 ent0.0333 VRAM 50MB
Ep 1750 | M0_PDR 0.617 | M1_PDR 0.528 | H_m0 2.14 H_m1 3.10 | a-0.0864 c3.2034 ent0.0328 VRAM 50MB
Ep 1800 | M0_PDR 0.596 | M1_PDR 0.476 | H_m0 2.06 H_m1 3.12 | a-0.0839 c6.3173 ent0.0324 VRAM 50MB
Ep 1850 | M0_PDR 0.592 | M1_PDR 0.490 | H_m0 2.00 H_m1 3.10 | a-0.0816 c2.7753 ent0.0319 VRAM 50MB
Ep 1900 | M0_PDR 0.593 | M1_PDR 0.466 | H_m0 2.00 H_m1 3.16 | a-0.0814 c3.3237 ent0.0314 VRAM 50MB
Ep 1950 | M0_PDR 0.581 | M1_PDR 0.526 | H_m0 1.97 H_m1 3.00 | a-0.0773 c3.7353 ent0.0309 VRAM 50MB
Ep 2000 | M0_PDR 0.579 | M1_PDR 0.490 | H_m0 2.04 H_m1 3.12 | a-0.0788 c3.1033 ent0.0304 VRAM 50MB
Ep 2050 | M0_PDR 0.601 | M1_PDR 0.506 | H_m0 2.04 H_m1 3.10 | a-0.0772 c4.0980 ent0.0299 VRAM 50MB
Ep 2100 | M0_PDR 0.609 | M1_PDR 0.515 | H_m0 2.12 H_m1 3.06 | a-0.0764 c3.6019 ent0.0294 VRAM 50MB
Ep 2150 | M0_PDR 0.576 | M1_PDR 0.513 | H_m0 1.90 H_m1 3.00 | a-0.0708 c3.0101 ent0.0289 VRAM 50MB
Ep 2200 | M0_PDR 0.589 | M1_PDR 0.536 | H_m0 1.86 H_m1 3.00 | a-0.0700 c2.7236 ent0.0284 VRAM 50MB
Ep 2250 | M0_PDR 0.589 | M1_PDR 0.522 | H_m0 1.94 H_m1 3.01 | a-0.0696 c3.6628 ent0.0279 VRAM 50MB
Ep 2300 | M0_PDR 0.600 | M1_PDR 0.488 | H_m0 1.84 H_m1 3.06 | a-0.0678 c3.7489 ent0.0275 VRAM 50MB
Ep 2350 | M0_PDR 0.611 | M1_PDR 0.487 | H_m0 1.83 H_m1 3.06 | a-0.0659 c3.3970 ent0.0270 VRAM 50MB
Ep 2400 | M0_PDR 0.599 | M1_PDR 0.509 | H_m0 1.92 H_m1 2.96 | a-0.0649 c3.2564 ent0.0265 VRAM 50MB
Ep 2450 | M0_PDR 0.611 | M1_PDR 0.529 | H_m0 1.92 H_m1 2.97 | a-0.0639 c4.3137 ent0.0260 VRAM 50MB
Ep 2500 | M0_PDR 0.587 | M1_PDR 0.514 | H_m0 2.00 H_m1 3.04 | a-0.0644 c4.7214 ent0.0255 VRAM 50MB
Ep 2550 | M0_PDR 0.595 | M1_PDR 0.504 | H_m0 1.86 H_m1 3.06 | a-0.0617 c4.1552 ent0.0250 VRAM 50MB
Ep 2600 | M0_PDR 0.596 | M1_PDR 0.470 | H_m0 1.93 H_m1 3.11 | a-0.0618 c5.1112 ent0.0245 VRAM 50MB
Ep 2650 | M0_PDR 0.601 | M1_PDR 0.525 | H_m0 1.96 H_m1 3.02 | a-0.0602 c2.9724 ent0.0240 VRAM 50MB
Ep 2700 | M0_PDR 0.601 | M1_PDR 0.505 | H_m0 1.87 H_m1 3.01 | a-0.0578 c2.7831 ent0.0235 VRAM 50MB
Ep 2750 | M0_PDR 0.602 | M1_PDR 0.501 | H_m0 1.81 H_m1 2.96 | a-0.0557 c2.9325 ent0.0230 VRAM 50MB
Ep 2800 | M0_PDR 0.603 | M1_PDR 0.513 | H_m0 1.76 H_m1 2.96 | a-0.0536 c3.5794 ent0.0226 VRAM 50MB
Ep 2850 | M0_PDR 0.614 | M1_PDR 0.533 | H_m0 1.80 H_m1 2.91 | a-0.0522 c3.2015 ent0.0221 VRAM 50MB
Ep 2900 | M0_PDR 0.581 | M1_PDR 0.522 | H_m0 1.82 H_m1 2.94 | a-0.0516 c3.0269 ent0.0216 VRAM 50MB
Ep 2950 | M0_PDR 0.615 | M1_PDR 0.498 | H_m0 1.78 H_m1 3.00 | a-0.0504 c2.7693 ent0.0211 VRAM 50MB
Ep 3000 | M0_PDR 0.603 | M1_PDR 0.536 | H_m0 1.75 H_m1 2.87 | a-0.0478 c4.3201 ent0.0206 VRAM 50MB
Ep 3050 | M0_PDR 0.601 | M1_PDR 0.517 | H_m0 1.79 H_m1 2.90 | a-0.0472 c2.7923 ent0.0201 VRAM 50MB
Ep 3100 | M0_PDR 0.598 | M1_PDR 0.510 | H_m0 1.78 H_m1 2.92 | a-0.0464 c3.1191 ent0.0196 VRAM 50MB
Ep 3150 | M0_PDR 0.604 | M1_PDR 0.528 | H_m0 1.85 H_m1 2.93 | a-0.0460 c2.9572 ent0.0191 VRAM 50MB
Ep 3200 | M0_PDR 0.589 | M1_PDR 0.525 | H_m0 1.77 H_m1 2.93 | a-0.0439 c3.8178 ent0.0186 VRAM 50MB
Ep 3250 | M0_PDR 0.608 | M1_PDR 0.509 | H_m0 1.76 H_m1 3.00 | a-0.0432 c3.3886 ent0.0181 VRAM 50MB
Ep 3300 | M0_PDR 0.615 | M1_PDR 0.534 | H_m0 1.75 H_m1 2.92 | a-0.0416 c3.0045 ent0.0177 VRAM 50MB
Ep 3350 | M0_PDR 0.592 | M1_PDR 0.520 | H_m0 1.74 H_m1 2.96 | a-0.0407 c3.5399 ent0.0172 VRAM 50MB
Ep 3400 | M0_PDR 0.605 | M1_PDR 0.514 | H_m0 1.71 H_m1 2.93 | a-0.0387 c2.6660 ent0.0167 VRAM 50MB
Ep 3450 | M0_PDR 0.596 | M1_PDR 0.551 | H_m0 1.70 H_m1 2.75 | a-0.0361 c2.4995 ent0.0162 VRAM 50MB
Ep 3500 | M0_PDR 0.594 | M1_PDR 0.577 | H_m0 1.68 H_m1 2.74 | a-0.0348 c2.8741 ent0.0157 VRAM 50MB
Ep 3550 | M0_PDR 0.583 | M1_PDR 0.543 | H_m0 1.72 H_m1 2.75 | a-0.0340 c3.1443 ent0.0152 VRAM 50MB
Ep 3600 | M0_PDR 0.591 | M1_PDR 0.541 | H_m0 1.71 H_m1 2.74 | a-0.0330 c2.9310 ent0.0147 VRAM 50MB
Ep 3650 | M0_PDR 0.593 | M1_PDR 0.555 | H_m0 1.69 H_m1 2.75 | a-0.0317 c3.1117 ent0.0142 VRAM 50MB
Ep 3700 | M0_PDR 0.578 | M1_PDR 0.556 | H_m0 1.66 H_m1 2.73 | a-0.0303 c2.9098 ent0.0137 VRAM 50MB
Ep 3750 | M0_PDR 0.594 | M1_PDR 0.565 | H_m0 1.66 H_m1 2.74 | a-0.0292 c2.7823 ent0.0132 VRAM 50MB
Ep 3800 | M0_PDR 0.575 | M1_PDR 0.555 | H_m0 1.67 H_m1 2.73 | a-0.0283 c3.0602 ent0.0128 VRAM 50MB
Ep 3850 | M0_PDR 0.595 | M1_PDR 0.549 | H_m0 1.66 H_m1 2.74 | a-0.0271 c3.0473 ent0.0123 VRAM 50MB
Ep 3900 | M0_PDR 0.595 | M1_PDR 0.551 | H_m0 1.66 H_m1 2.71 | a-0.0259 c3.1122 ent0.0118 VRAM 50MB
Ep 3950 | M0_PDR 0.608 | M1_PDR 0.558 | H_m0 1.65 H_m1 2.67 | a-0.0245 c2.9782 ent0.0113 VRAM 50MB
Ep 4000 | M0_PDR 0.594 | M1_PDR 0.568 | H_m0 1.65 H_m1 2.62 | a-0.0232 c2.8941 ent0.0108 VRAM 50MB
Ep 4050 | M0_PDR 0.593 | M1_PDR 0.561 | H_m0 1.65 H_m1 2.64 | a-0.0224 c2.8805 ent0.0103 VRAM 50MB
Ep 4100 | M0_PDR 0.574 | M1_PDR 0.579 | H_m0 1.65 H_m1 2.62 | a-0.0211 c2.7032 ent0.0098 VRAM 50MB
Ep 4150 | M0_PDR 0.584 | M1_PDR 0.589 | H_m0 1.65 H_m1 2.60 | a-0.0199 c2.6055 ent0.0093 VRAM 50MB
Ep 4200 | M0_PDR 0.587 | M1_PDR 0.577 | H_m0 1.64 H_m1 2.59 | a-0.0187 c2.6091 ent0.0088 VRAM 50MB
Ep 4250 | M0_PDR 0.574 | M1_PDR 0.585 | H_m0 1.64 H_m1 2.56 | a-0.0176 c2.5406 ent0.0083 VRAM 50MB
Ep 4300 | M0_PDR 0.576 | M1_PDR 0.596 | H_m0 1.64 H_m1 2.54 | a-0.0165 c2.5715 ent0.0079 VRAM 50MB
Ep 4350 | M0_PDR 0.583 | M1_PDR 0.594 | H_m0 1.63 H_m1 2.51 | a-0.0154 c2.8442 ent0.0074 VRAM 50MB
Ep 4400 | M0_PDR 0.578 | M1_PDR 0.571 | H_m0 1.63 H_m1 2.52 | a-0.0143 c2.4607 ent0.0069 VRAM 50MB
Ep 4450 | M0_PDR 0.572 | M1_PDR 0.576 | H_m0 1.63 H_m1 2.47 | a-0.0132 c3.2739 ent0.0064 VRAM 50MB
Ep 4500 | M0_PDR 0.584 | M1_PDR 0.591 | H_m0 1.63 H_m1 2.43 | a-0.0120 c3.1903 ent0.0059 VRAM 50MB
Ep 4550 | M0_PDR 0.563 | M1_PDR 0.598 | H_m0 1.63 H_m1 2.42 | a-0.0109 c3.1247 ent0.0054 VRAM 50MB
Ep 4600 | M0_PDR 0.585 | M1_PDR 0.591 | H_m0 1.63 H_m1 2.38 | a-0.0099 c2.8514 ent0.0049 VRAM 50MB
Ep 4650 | M0_PDR 0.582 | M1_PDR 0.601 | H_m0 1.63 H_m1 2.37 | a-0.0088 c3.1029 ent0.0044 VRAM 50MB
Ep 4700 | M0_PDR 0.573 | M1_PDR 0.586 | H_m0 1.63 H_m1 2.37 | a-0.0079 c3.0734 ent0.0039 VRAM 50MB
Ep 4750 | M0_PDR 0.564 | M1_PDR 0.592 | H_m0 1.63 H_m1 2.34 | a-0.0069 c2.3680 ent0.0034 VRAM 50MB
Ep 4800 | M0_PDR 0.575 | M1_PDR 0.607 | H_m0 1.63 H_m1 2.32 | a-0.0059 c2.2761 ent0.0030 VRAM 50MB
Ep 4850 | M0_PDR 0.573 | M1_PDR 0.587 | H_m0 1.63 H_m1 2.32 | a-0.0049 c2.7113 ent0.0025 VRAM 50MB
Ep 4900 | M0_PDR 0.572 | M1_PDR 0.603 | H_m0 1.63 H_m1 2.30 | a-0.0039 c2.5521 ent0.0020 VRAM 50MB
Ep 4950 | M0_PDR 0.574 | M1_PDR 0.597 | H_m0 1.63 H_m1 2.29 | a-0.0029 c3.1650 ent0.0015 VRAM 50MB

Training complete. Running 100 eval episodes...

  Eval ep   0: M0_PDR=0.594  M1_PDR=0.602
  Eval ep  20: M0_PDR=0.580  M1_PDR=0.620
  Eval ep  40: M0_PDR=0.573  M1_PDR=0.617
  Eval ep  60: M0_PDR=0.585  M1_PDR=0.602
  Eval ep  80: M0_PDR=0.580  M1_PDR=0.609

=== Eval Summary (100 episodes) ===
  M0_PDR_mean         : 0.5766
  M0_PDR_p05 (across) : 0.5620
  M0_PDR_p05 (intra)  : 0.3195
  M1_PDR_mean         : 0.6069
  M0_SINR_mean (dB)   : -0.13
  M1_SINR_mean (dB)   : 2.58
  M0_collision_rate   : 0.986
  M0_collision_within_pool : 0.865
  M1_collision_within_pool : 0.866

Result saved -> results/_A_N20_seed1_5000ep.json
  N=20  rho=4.0  M0_PDR=0.577  M1_PDR=0.607
[NS3Bridge] Shutdown complete.
Run complete.
