[seed] all RNGs seeded with 2
GPU : NVIDIA GeForce RTX 3060
VRAM: 12.9 GB
Device          : cuda:0
Actor M0 params : 21,273
Actor M1 params : 21,273
Critic params   : 124,417
obs_dim=11  action_dim=25  gs_dim=225
M0 count: 10  M1 count: 10
Training for 5000 episodes (Config A_N20_seed2_5000ep, N=20)...

[NS3Bridge] Connected tcp://localhost:6606
Ep    0 | M0_PDR 0.453 | M1_PDR 0.529 | H_m0 3.22 H_m1 3.22 | a-0.1636 c16.3024 ent0.0500 VRAM 50MB
Ep   50 | M0_PDR 0.554 | M1_PDR 0.459 | H_m0 2.83 H_m1 3.20 | a-0.1496 c8.4744 ent0.0495 VRAM 50MB
Ep  100 | M0_PDR 0.559 | M1_PDR 0.473 | H_m0 2.68 H_m1 3.17 | a-0.1445 c6.6779 ent0.0490 VRAM 50MB
Ep  150 | M0_PDR 0.556 | M1_PDR 0.515 | H_m0 2.68 H_m1 3.12 | a-0.1420 c6.0073 ent0.0485 VRAM 50MB
Ep  200 | M0_PDR 0.572 | M1_PDR 0.492 | H_m0 2.58 H_m1 3.15 | a-0.1379 c5.2601 ent0.0480 VRAM 50MB
Ep  250 | M0_PDR 0.597 | M1_PDR 0.480 | H_m0 2.55 H_m1 3.19 | a-0.1369 c6.0064 ent0.0475 VRAM 50MB
Ep  300 | M0_PDR 0.568 | M1_PDR 0.465 | H_m0 2.47 H_m1 3.18 | a-0.1337 c6.5634 ent0.0471 VRAM 50MB
Ep  350 | M0_PDR 0.570 | M1_PDR 0.492 | H_m0 2.62 H_m1 3.15 | a-0.1350 c3.6138 ent0.0466 VRAM 50MB
Ep  400 | M0_PDR 0.572 | M1_PDR 0.488 | H_m0 2.42 H_m1 3.14 | a-0.1288 c6.0079 ent0.0461 VRAM 50MB
Ep  450 | M0_PDR 0.587 | M1_PDR 0.490 | H_m0 2.41 H_m1 3.12 | a-0.1270 c3.9310 ent0.0456 VRAM 50MB
Ep  500 | M0_PDR 0.569 | M1_PDR 0.489 | H_m0 2.44 H_m1 3.12 | a-0.1259 c3.5464 ent0.0451 VRAM 50MB
Ep  550 | M0_PDR 0.586 | M1_PDR 0.491 | H_m0 2.54 H_m1 3.14 | a-0.1274 c4.4688 ent0.0446 VRAM 50MB
Ep  600 | M0_PDR 0.589 | M1_PDR 0.499 | H_m0 2.40 H_m1 3.14 | a-0.1227 c3.8505 ent0.0441 VRAM 50MB
Ep  650 | M0_PDR 0.553 | M1_PDR 0.485 | H_m0 2.57 H_m1 3.14 | a-0.1258 c3.4616 ent0.0436 VRAM 50MB
Ep  700 | M0_PDR 0.584 | M1_PDR 0.514 | H_m0 2.31 H_m1 3.06 | a-0.1169 c5.4879 ent0.0431 VRAM 50MB
Ep  750 | M0_PDR 0.578 | M1_PDR 0.519 | H_m0 2.37 H_m1 3.09 | a-0.1176 c4.3387 ent0.0426 VRAM 50MB
Ep  800 | M0_PDR 0.600 | M1_PDR 0.504 | H_m0 2.38 H_m1 3.13 | a-0.1172 c7.0300 ent0.0422 VRAM 50MB
Ep  850 | M0_PDR 0.596 | M1_PDR 0.468 | H_m0 2.40 H_m1 3.16 | a-0.1171 c4.2074 ent0.0417 VRAM 50MB
Ep  900 | M0_PDR 0.586 | M1_PDR 0.497 | H_m0 2.22 H_m1 3.16 | a-0.1113 c5.0113 ent0.0412 VRAM 50MB
Ep  950 | M0_PDR 0.596 | M1_PDR 0.485 | H_m0 2.23 H_m1 3.15 | a-0.1106 c4.2676 ent0.0407 VRAM 50MB
Ep 1000 | M0_PDR 0.554 | M1_PDR 0.515 | H_m0 2.24 H_m1 2.99 | a-0.1056 c3.8014 ent0.0402 VRAM 50MB
Ep 1050 | M0_PDR 0.601 | M1_PDR 0.501 | H_m0 2.07 H_m1 3.07 | a-0.1029 c4.2943 ent0.0397 VRAM 50MB
Ep 1100 | M0_PDR 0.618 | M1_PDR 0.487 | H_m0 2.25 H_m1 3.12 | a-0.1059 c3.7546 ent0.0392 VRAM 50MB
Ep 1150 | M0_PDR 0.589 | M1_PDR 0.534 | H_m0 2.18 H_m1 3.04 | a-0.1022 c4.4681 ent0.0387 VRAM 50MB
Ep 1200 | M0_PDR 0.563 | M1_PDR 0.520 | H_m0 2.10 H_m1 3.06 | a-0.0992 c3.5629 ent0.0382 VRAM 50MB
Ep 1250 | M0_PDR 0.575 | M1_PDR 0.494 | H_m0 2.25 H_m1 3.14 | a-0.1024 c4.5715 ent0.0377 VRAM 50MB
Ep 1300 | M0_PDR 0.597 | M1_PDR 0.508 | H_m0 2.35 H_m1 3.10 | a-0.1022 c4.7870 ent0.0373 VRAM 50MB
Ep 1350 | M0_PDR 0.589 | M1_PDR 0.479 | H_m0 1.97 H_m1 3.14 | a-0.0948 c3.3417 ent0.0368 VRAM 50MB
Ep 1400 | M0_PDR 0.574 | M1_PDR 0.511 | H_m0 2.23 H_m1 3.09 | a-0.0971 c4.0679 ent0.0363 VRAM 50MB
Ep 1450 | M0_PDR 0.591 | M1_PDR 0.474 | H_m0 1.96 H_m1 3.15 | a-0.0920 c3.5578 ent0.0358 VRAM 50MB
Ep 1500 | M0_PDR 0.621 | M1_PDR 0.450 | H_m0 2.07 H_m1 3.18 | a-0.0931 c3.5433 ent0.0353 VRAM 50MB
Ep 1550 | M0_PDR 0.596 | M1_PDR 0.503 | H_m0 2.03 H_m1 3.09 | a-0.0895 c3.9772 ent0.0348 VRAM 50MB
Ep 1600 | M0_PDR 0.571 | M1_PDR 0.519 | H_m0 2.33 H_m1 3.07 | a-0.0930 c3.8090 ent0.0343 VRAM 50MB
Ep 1650 | M0_PDR 0.574 | M1_PDR 0.532 | H_m0 2.22 H_m1 2.99 | a-0.0888 c2.7864 ent0.0338 VRAM 50MB
Ep 1700 | M0_PDR 0.591 | M1_PDR 0.510 | H_m0 2.10 H_m1 3.09 | a-0.0868 c3.9215 ent0.0333 VRAM 50MB
Ep 1750 | M0_PDR 0.581 | M1_PDR 0.527 | H_m0 2.14 H_m1 2.98 | a-0.0847 c2.7016 ent0.0328 VRAM 50MB
Ep 1800 | M0_PDR 0.601 | M1_PDR 0.498 | H_m0 2.08 H_m1 3.06 | a-0.0833 c3.5091 ent0.0324 VRAM 50MB
Ep 1850 | M0_PDR 0.602 | M1_PDR 0.473 | H_m0 2.00 H_m1 3.11 | a-0.0821 c3.2991 ent0.0319 VRAM 50MB
Ep 1900 | M0_PDR 0.604 | M1_PDR 0.476 | H_m0 2.04 H_m1 3.07 | a-0.0809 c6.0624 ent0.0314 VRAM 50MB
Ep 1950 | M0_PDR 0.581 | M1_PDR 0.475 | H_m0 2.03 H_m1 3.14 | a-0.0798 c3.0281 ent0.0309 VRAM 50MB
Ep 2000 | M0_PDR 0.580 | M1_PDR 0.515 | H_m0 2.02 H_m1 3.09 | a-0.0778 c3.3243 ent0.0304 VRAM 50MB
Ep 2050 | M0_PDR 0.598 | M1_PDR 0.517 | H_m0 1.98 H_m1 3.05 | a-0.0754 c3.1468 ent0.0299 VRAM 50MB
Ep 2100 | M0_PDR 0.621 | M1_PDR 0.510 | H_m0 2.02 H_m1 3.04 | a-0.0745 c4.0051 ent0.0294 VRAM 50MB
Ep 2150 | M0_PDR 0.596 | M1_PDR 0.532 | H_m0 2.04 H_m1 2.94 | a-0.0724 c2.7439 ent0.0289 VRAM 50MB
Ep 2200 | M0_PDR 0.599 | M1_PDR 0.503 | H_m0 1.88 H_m1 3.05 | a-0.0705 c4.2792 ent0.0284 VRAM 50MB
Ep 2250 | M0_PDR 0.611 | M1_PDR 0.526 | H_m0 1.78 H_m1 3.00 | a-0.0672 c3.1327 ent0.0279 VRAM 50MB
Ep 2300 | M0_PDR 0.604 | M1_PDR 0.529 | H_m0 1.89 H_m1 2.97 | a-0.0670 c3.0083 ent0.0275 VRAM 50MB
Ep 2350 | M0_PDR 0.610 | M1_PDR 0.499 | H_m0 1.91 H_m1 3.04 | a-0.0670 c3.5515 ent0.0270 VRAM 50MB
Ep 2400 | M0_PDR 0.604 | M1_PDR 0.498 | H_m0 1.98 H_m1 3.08 | a-0.0673 c3.2010 ent0.0265 VRAM 50MB
Ep 2450 | M0_PDR 0.617 | M1_PDR 0.490 | H_m0 1.89 H_m1 3.09 | a-0.0650 c3.2973 ent0.0260 VRAM 50MB
Ep 2500 | M0_PDR 0.594 | M1_PDR 0.503 | H_m0 1.89 H_m1 3.02 | a-0.0627 c3.1362 ent0.0255 VRAM 50MB
Ep 2550 | M0_PDR 0.608 | M1_PDR 0.514 | H_m0 1.83 H_m1 2.99 | a-0.0608 c2.8763 ent0.0250 VRAM 50MB
Ep 2600 | M0_PDR 0.604 | M1_PDR 0.536 | H_m0 1.92 H_m1 2.95 | a-0.0600 c3.3415 ent0.0245 VRAM 50MB
Ep 2650 | M0_PDR 0.612 | M1_PDR 0.537 | H_m0 1.86 H_m1 2.92 | a-0.0580 c3.2933 ent0.0240 VRAM 50MB
Ep 2700 | M0_PDR 0.582 | M1_PDR 0.534 | H_m0 1.88 H_m1 2.92 | a-0.0568 c4.2440 ent0.0235 VRAM 50MB
Ep 2750 | M0_PDR 0.593 | M1_PDR 0.534 | H_m0 1.83 H_m1 2.97 | a-0.0556 c2.9965 ent0.0230 VRAM 50MB
Ep 2800 | M0_PDR 0.617 | M1_PDR 0.521 | H_m0 1.79 H_m1 3.00 | a-0.0543 c4.1885 ent0.0226 VRAM 50MB
Ep 2850 | M0_PDR 0.596 | M1_PDR 0.527 | H_m0 1.81 H_m1 2.92 | a-0.0525 c3.2102 ent0.0221 VRAM 50MB
Ep 2900 | M0_PDR 0.601 | M1_PDR 0.525 | H_m0 1.78 H_m1 2.97 | a-0.0517 c3.5055 ent0.0216 VRAM 50MB
Ep 2950 | M0_PDR 0.597 | M1_PDR 0.519 | H_m0 1.78 H_m1 2.94 | a-0.0501 c2.7601 ent0.0211 VRAM 50MB
Ep 3000 | M0_PDR 0.597 | M1_PDR 0.530 | H_m0 1.75 H_m1 2.86 | a-0.0479 c2.7207 ent0.0206 VRAM 50MB
Ep 3050 | M0_PDR 0.573 | M1_PDR 0.564 | H_m0 1.75 H_m1 2.73 | a-0.0453 c2.8501 ent0.0201 VRAM 50MB
Ep 3100 | M0_PDR 0.588 | M1_PDR 0.563 | H_m0 1.74 H_m1 2.73 | a-0.0440 c2.7110 ent0.0196 VRAM 50MB
Ep 3150 | M0_PDR 0.600 | M1_PDR 0.526 | H_m0 1.75 H_m1 2.84 | a-0.0442 c2.9183 ent0.0191 VRAM 50MB
Ep 3200 | M0_PDR 0.597 | M1_PDR 0.557 | H_m0 1.77 H_m1 2.80 | a-0.0428 c2.7932 ent0.0186 VRAM 50MB
Ep 3250 | M0_PDR 0.582 | M1_PDR 0.566 | H_m0 1.75 H_m1 2.75 | a-0.0412 c3.0893 ent0.0181 VRAM 50MB
Ep 3300 | M0_PDR 0.597 | M1_PDR 0.548 | H_m0 1.73 H_m1 2.79 | a-0.0400 c2.7420 ent0.0177 VRAM 50MB
Ep 3350 | M0_PDR 0.576 | M1_PDR 0.555 | H_m0 1.71 H_m1 2.77 | a-0.0384 c2.8849 ent0.0172 VRAM 50MB
Ep 3400 | M0_PDR 0.610 | M1_PDR 0.553 | H_m0 1.76 H_m1 2.78 | a-0.0379 c3.1117 ent0.0167 VRAM 50MB
Ep 3450 | M0_PDR 0.597 | M1_PDR 0.531 | H_m0 1.75 H_m1 2.82 | a-0.0371 c2.8577 ent0.0162 VRAM 50MB
Ep 3500 | M0_PDR 0.591 | M1_PDR 0.555 | H_m0 1.74 H_m1 2.83 | a-0.0361 c2.8922 ent0.0157 VRAM 50MB
Ep 3550 | M0_PDR 0.593 | M1_PDR 0.536 | H_m0 1.72 H_m1 2.87 | a-0.0350 c2.8913 ent0.0152 VRAM 50MB
Ep 3600 | M0_PDR 0.593 | M1_PDR 0.557 | H_m0 1.70 H_m1 2.81 | a-0.0334 c3.3794 ent0.0147 VRAM 50MB
Ep 3650 | M0_PDR 0.595 | M1_PDR 0.566 | H_m0 1.70 H_m1 2.77 | a-0.0319 c2.8364 ent0.0142 VRAM 50MB
Ep 3700 | M0_PDR 0.596 | M1_PDR 0.545 | H_m0 1.70 H_m1 2.81 | a-0.0311 c2.7821 ent0.0137 VRAM 50MB
Ep 3750 | M0_PDR 0.596 | M1_PDR 0.558 | H_m0 1.68 H_m1 2.80 | a-0.0297 c3.2139 ent0.0132 VRAM 50MB
Ep 3800 | M0_PDR 0.627 | M1_PDR 0.555 | H_m0 1.66 H_m1 2.82 | a-0.0287 c2.9536 ent0.0128 VRAM 50MB
Ep 3850 | M0_PDR 0.615 | M1_PDR 0.554 | H_m0 1.67 H_m1 2.80 | a-0.0275 c2.6963 ent0.0123 VRAM 50MB
Ep 3900 | M0_PDR 0.592 | M1_PDR 0.573 | H_m0 1.68 H_m1 2.72 | a-0.0260 c2.8340 ent0.0118 VRAM 50MB
Ep 3950 | M0_PDR 0.592 | M1_PDR 0.566 | H_m0 1.67 H_m1 2.71 | a-0.0247 c2.7708 ent0.0113 VRAM 50MB
Ep 4000 | M0_PDR 0.593 | M1_PDR 0.560 | H_m0 1.67 H_m1 2.69 | a-0.0237 c2.7634 ent0.0108 VRAM 50MB
Ep 4050 | M0_PDR 0.608 | M1_PDR 0.560 | H_m0 1.66 H_m1 2.68 | a-0.0224 c2.7802 ent0.0103 VRAM 50MB
Ep 4100 | M0_PDR 0.593 | M1_PDR 0.578 | H_m0 1.66 H_m1 2.66 | a-0.0213 c2.6780 ent0.0098 VRAM 50MB
Ep 4150 | M0_PDR 0.574 | M1_PDR 0.568 | H_m0 1.66 H_m1 2.65 | a-0.0202 c2.8806 ent0.0093 VRAM 50MB
Ep 4200 | M0_PDR 0.596 | M1_PDR 0.566 | H_m0 1.66 H_m1 2.60 | a-0.0189 c2.7417 ent0.0088 VRAM 50MB
Ep 4250 | M0_PDR 0.585 | M1_PDR 0.570 | H_m0 1.66 H_m1 2.61 | a-0.0178 c2.6800 ent0.0083 VRAM 50MB
Ep 4300 | M0_PDR 0.573 | M1_PDR 0.581 | H_m0 1.65 H_m1 2.56 | a-0.0166 c2.5309 ent0.0079 VRAM 50MB
Ep 4350 | M0_PDR 0.582 | M1_PDR 0.560 | H_m0 1.65 H_m1 2.54 | a-0.0155 c2.6428 ent0.0074 VRAM 50MB
Ep 4400 | M0_PDR 0.581 | M1_PDR 0.574 | H_m0 1.65 H_m1 2.52 | a-0.0144 c2.8597 ent0.0069 VRAM 50MB
Ep 4450 | M0_PDR 0.588 | M1_PDR 0.616 | H_m0 1.65 H_m1 2.46 | a-0.0132 c2.9018 ent0.0064 VRAM 50MB
Ep 4500 | M0_PDR 0.579 | M1_PDR 0.589 | H_m0 1.65 H_m1 2.47 | a-0.0121 c2.6677 ent0.0059 VRAM 50MB
Ep 4550 | M0_PDR 0.578 | M1_PDR 0.622 | H_m0 1.64 H_m1 2.43 | a-0.0110 c2.7403 ent0.0054 VRAM 50MB
Ep 4600 | M0_PDR 0.587 | M1_PDR 0.576 | H_m0 1.64 H_m1 2.45 | a-0.0101 c2.7869 ent0.0049 VRAM 50MB
Ep 4650 | M0_PDR 0.571 | M1_PDR 0.575 | H_m0 1.64 H_m1 2.44 | a-0.0090 c2.6350 ent0.0044 VRAM 50MB
Ep 4700 | M0_PDR 0.589 | M1_PDR 0.585 | H_m0 1.64 H_m1 2.43 | a-0.0080 c2.8867 ent0.0039 VRAM 50MB
Ep 4750 | M0_PDR 0.557 | M1_PDR 0.589 | H_m0 1.63 H_m1 2.40 | a-0.0069 c2.5002 ent0.0034 VRAM 50MB
Ep 4800 | M0_PDR 0.565 | M1_PDR 0.600 | H_m0 1.63 H_m1 2.36 | a-0.0059 c2.6221 ent0.0030 VRAM 50MB
Ep 4850 | M0_PDR 0.581 | M1_PDR 0.601 | H_m0 1.63 H_m1 2.35 | a-0.0049 c2.6372 ent0.0025 VRAM 50MB
Ep 4900 | M0_PDR 0.588 | M1_PDR 0.603 | H_m0 1.63 H_m1 2.33 | a-0.0039 c2.7679 ent0.0020 VRAM 50MB
Ep 4950 | M0_PDR 0.568 | M1_PDR 0.621 | H_m0 1.63 H_m1 2.29 | a-0.0029 c2.8346 ent0.0015 VRAM 50MB

Training complete. Running 100 eval episodes...

  Eval ep   0: M0_PDR=0.587  M1_PDR=0.611
  Eval ep  20: M0_PDR=0.581  M1_PDR=0.606
  Eval ep  40: M0_PDR=0.576  M1_PDR=0.607
  Eval ep  60: M0_PDR=0.555  M1_PDR=0.589
  Eval ep  80: M0_PDR=0.574  M1_PDR=0.618

=== Eval Summary (100 episodes) ===
  M0_PDR_mean         : 0.5778
  M0_PDR_p05 (across) : 0.5593
  M0_PDR_p05 (intra)  : 0.3218
  M1_PDR_mean         : 0.6059
  M0_SINR_mean (dB)   : -0.08
  M1_SINR_mean (dB)   : 2.47
  M0_collision_rate   : 0.986
  M0_collision_within_pool : 0.866
  M1_collision_within_pool : 0.866

Result saved -> results/_A_N20_seed2_5000ep.json
  N=20  rho=4.0  M0_PDR=0.578  M1_PDR=0.606
[NS3Bridge] Shutdown complete.
Run complete.
