[seed] all RNGs seeded with 3
GPU : NVIDIA GeForce RTX 3060
VRAM: 12.9 GB
Device          : cuda:0
Actor M0 params : 21,273
Actor M1 params : 21,273
Critic params   : 127,233
obs_dim=11  action_dim=25  gs_dim=225
M0 count: 10  M1 count: 10
Training for 5000 episodes (Config A_N20_seed3_5000ep_gaefix_g05_ent01_as, N=20)...

[NS3Bridge] Connected tcp://localhost:9216
Ep    0 | M0_PDR 0.427 | M1_PDR 0.519 | H_m0 3.22 H_m1 3.22 | a-0.0368 c0.4090 ent0.0100 VRAM 54MB
Ep   50 | M0_PDR 0.555 | M1_PDR 0.644 | H_m0 1.58 H_m1 1.68 | a-0.0211 c0.1351 ent0.0099 VRAM 54MB
Ep  100 | M0_PDR 0.585 | M1_PDR 0.621 | H_m0 1.47 H_m1 1.52 | a-0.0182 c0.1981 ent0.0098 VRAM 54MB
Ep  150 | M0_PDR 0.573 | M1_PDR 0.631 | H_m0 1.38 H_m1 1.46 | a-0.0157 c0.1289 ent0.0097 VRAM 54MB
Ep  200 | M0_PDR 0.658 | M1_PDR 0.653 | H_m0 1.04 H_m1 1.40 | a-0.0159 c0.1252 ent0.0096 VRAM 54MB
Ep  250 | M0_PDR 0.665 | M1_PDR 0.638 | H_m0 0.99 H_m1 1.40 | a-0.0134 c0.2394 ent0.0095 VRAM 54MB
Ep  300 | M0_PDR 0.678 | M1_PDR 0.615 | H_m0 0.94 H_m1 1.40 | a-0.0114 c0.1351 ent0.0095 VRAM 54MB
Ep  350 | M0_PDR 0.704 | M1_PDR 0.633 | H_m0 0.77 H_m1 1.33 | a-0.0099 c0.1103 ent0.0094 VRAM 54MB
Ep  400 | M0_PDR 0.699 | M1_PDR 0.636 | H_m0 0.82 H_m1 1.34 | a-0.0102 c0.1060 ent0.0093 VRAM 54MB
Ep  450 | M0_PDR 0.699 | M1_PDR 0.648 | H_m0 0.78 H_m1 1.37 | a-0.0121 c0.1108 ent0.0092 VRAM 54MB
Ep  500 | M0_PDR 0.698 | M1_PDR 0.632 | H_m0 0.67 H_m1 1.34 | a-0.0110 c0.1159 ent0.0091 VRAM 54MB
Ep  550 | M0_PDR 0.694 | M1_PDR 0.628 | H_m0 0.61 H_m1 1.35 | a-0.0112 c0.1062 ent0.0090 VRAM 54MB
Ep  600 | M0_PDR 0.720 | M1_PDR 0.645 | H_m0 0.57 H_m1 1.32 | a-0.0092 c0.1106 ent0.0089 VRAM 54MB
Ep  650 | M0_PDR 0.718 | M1_PDR 0.666 | H_m0 0.49 H_m1 1.33 | a-0.0084 c0.0906 ent0.0088 VRAM 54MB
Ep  700 | M0_PDR 0.733 | M1_PDR 0.655 | H_m0 0.51 H_m1 1.35 | a-0.0084 c0.1241 ent0.0087 VRAM 54MB
Ep  750 | M0_PDR 0.763 | M1_PDR 0.673 | H_m0 0.47 H_m1 1.20 | a-0.0087 c0.0891 ent0.0086 VRAM 54MB
Ep  800 | M0_PDR 0.700 | M1_PDR 0.793 | H_m0 0.59 H_m1 0.64 | a-0.0070 c0.0996 ent0.0086 VRAM 54MB
Ep  850 | M0_PDR 0.678 | M1_PDR 0.823 | H_m0 0.70 H_m1 0.44 | a-0.0056 c0.0862 ent0.0085 VRAM 54MB
Ep  900 | M0_PDR 0.688 | M1_PDR 0.806 | H_m0 0.61 H_m1 0.29 | a-0.0076 c0.1030 ent0.0084 VRAM 54MB
Ep  950 | M0_PDR 0.737 | M1_PDR 0.834 | H_m0 0.54 H_m1 0.22 | a-0.0046 c0.0879 ent0.0083 VRAM 54MB
Ep 1000 | M0_PDR 0.780 | M1_PDR 0.847 | H_m0 0.33 H_m1 0.16 | a-0.0034 c0.0852 ent0.0082 VRAM 54MB
Ep 1050 | M0_PDR 0.751 | M1_PDR 0.845 | H_m0 0.30 H_m1 0.22 | a-0.0038 c0.1529 ent0.0081 VRAM 54MB
Ep 1100 | M0_PDR 0.806 | M1_PDR 0.869 | H_m0 0.19 H_m1 0.17 | a-0.0035 c0.0853 ent0.0080 VRAM 54MB
Ep 1150 | M0_PDR 0.824 | M1_PDR 0.852 | H_m0 0.12 H_m1 0.15 | a-0.0024 c0.0877 ent0.0079 VRAM 54MB
Ep 1200 | M0_PDR 0.809 | M1_PDR 0.864 | H_m0 0.18 H_m1 0.12 | a-0.0027 c0.0883 ent0.0078 VRAM 54MB
Ep 1250 | M0_PDR 0.823 | M1_PDR 0.873 | H_m0 0.12 H_m1 0.15 | a-0.0027 c0.0810 ent0.0077 VRAM 54MB
Ep 1300 | M0_PDR 0.776 | M1_PDR 0.872 | H_m0 0.16 H_m1 0.10 | a-0.0014 c0.0881 ent0.0077 VRAM 54MB
Ep 1350 | M0_PDR 0.800 | M1_PDR 0.892 | H_m0 0.11 H_m1 0.09 | a-0.0013 c0.0908 ent0.0076 VRAM 54MB
Ep 1400 | M0_PDR 0.810 | M1_PDR 0.850 | H_m0 0.12 H_m1 0.21 | a-0.0019 c0.0897 ent0.0075 VRAM 54MB
Ep 1450 | M0_PDR 0.831 | M1_PDR 0.882 | H_m0 0.10 H_m1 0.15 | a-0.0012 c0.0946 ent0.0074 VRAM 54MB
Ep 1500 | M0_PDR 0.781 | M1_PDR 0.862 | H_m0 0.14 H_m1 0.29 | a-0.0052 c0.1137 ent0.0073 VRAM 54MB
Ep 1550 | M0_PDR 0.790 | M1_PDR 0.855 | H_m0 0.10 H_m1 0.19 | a-0.0011 c0.0878 ent0.0072 VRAM 54MB
Ep 1600 | M0_PDR 0.799 | M1_PDR 0.884 | H_m0 0.10 H_m1 0.17 | a-0.0016 c0.0835 ent0.0071 VRAM 54MB
Ep 1650 | M0_PDR 0.817 | M1_PDR 0.875 | H_m0 0.09 H_m1 0.13 | a-0.0010 c0.1046 ent0.0070 VRAM 54MB
Ep 1700 | M0_PDR 0.821 | M1_PDR 0.862 | H_m0 0.08 H_m1 0.14 | a-0.0009 c0.0797 ent0.0069 VRAM 54MB
Ep 1750 | M0_PDR 0.793 | M1_PDR 0.872 | H_m0 0.10 H_m1 0.16 | a-0.0017 c0.0839 ent0.0068 VRAM 54MB
Ep 1800 | M0_PDR 0.824 | M1_PDR 0.872 | H_m0 0.07 H_m1 0.16 | a-0.0018 c0.0786 ent0.0068 VRAM 54MB
Ep 1850 | M0_PDR 0.792 | M1_PDR 0.871 | H_m0 0.11 H_m1 0.14 | a-0.0024 c0.0947 ent0.0067 VRAM 54MB
Ep 1900 | M0_PDR 0.808 | M1_PDR 0.890 | H_m0 0.09 H_m1 0.10 | a-0.0012 c0.0877 ent0.0066 VRAM 54MB
Ep 1950 | M0_PDR 0.832 | M1_PDR 0.895 | H_m0 0.07 H_m1 0.10 | a-0.0017 c0.0890 ent0.0065 VRAM 54MB
Ep 2000 | M0_PDR 0.808 | M1_PDR 0.894 | H_m0 0.09 H_m1 0.10 | a-0.0011 c0.0874 ent0.0064 VRAM 54MB
Ep 2050 | M0_PDR 0.813 | M1_PDR 0.869 | H_m0 0.09 H_m1 0.10 | a-0.0019 c0.0848 ent0.0063 VRAM 54MB
Ep 2100 | M0_PDR 0.830 | M1_PDR 0.880 | H_m0 0.07 H_m1 0.09 | a-0.0017 c0.0806 ent0.0062 VRAM 54MB
Ep 2150 | M0_PDR 0.825 | M1_PDR 0.898 | H_m0 0.07 H_m1 0.07 | a-0.0009 c0.0867 ent0.0061 VRAM 54MB
Ep 2200 | M0_PDR 0.803 | M1_PDR 0.887 | H_m0 0.07 H_m1 0.08 | a-0.0007 c0.0803 ent0.0060 VRAM 54MB
Ep 2250 | M0_PDR 0.812 | M1_PDR 0.883 | H_m0 0.09 H_m1 0.08 | a-0.0013 c0.0922 ent0.0059 VRAM 54MB
Ep 2300 | M0_PDR 0.837 | M1_PDR 0.898 | H_m0 0.06 H_m1 0.07 | a-0.0011 c0.0861 ent0.0059 VRAM 54MB
Ep 2350 | M0_PDR 0.796 | M1_PDR 0.883 | H_m0 0.08 H_m1 0.08 | a-0.0008 c0.0872 ent0.0058 VRAM 54MB
Ep 2400 | M0_PDR 0.779 | M1_PDR 0.897 | H_m0 0.11 H_m1 0.06 | a-0.0027 c0.0893 ent0.0057 VRAM 54MB
Ep 2450 | M0_PDR 0.831 | M1_PDR 0.877 | H_m0 0.07 H_m1 0.10 | a-0.0006 c0.0809 ent0.0056 VRAM 54MB
Ep 2500 | M0_PDR 0.831 | M1_PDR 0.897 | H_m0 0.06 H_m1 0.07 | a-0.0008 c0.0768 ent0.0055 VRAM 54MB
Ep 2550 | M0_PDR 0.821 | M1_PDR 0.873 | H_m0 0.08 H_m1 0.08 | a-0.0010 c0.0825 ent0.0054 VRAM 54MB
Ep 2600 | M0_PDR 0.812 | M1_PDR 0.903 | H_m0 0.08 H_m1 0.05 | a-0.0019 c0.0808 ent0.0053 VRAM 54MB
Ep 2650 | M0_PDR 0.840 | M1_PDR 0.885 | H_m0 0.06 H_m1 0.07 | a-0.0006 c0.0753 ent0.0052 VRAM 54MB
Ep 2700 | M0_PDR 0.815 | M1_PDR 0.896 | H_m0 0.06 H_m1 0.06 | a-0.0015 c0.0796 ent0.0051 VRAM 54MB
Ep 2750 | M0_PDR 0.820 | M1_PDR 0.884 | H_m0 0.07 H_m1 0.08 | a-0.0009 c0.0788 ent0.0050 VRAM 54MB
Ep 2800 | M0_PDR 0.836 | M1_PDR 0.896 | H_m0 0.06 H_m1 0.06 | a-0.0007 c0.0817 ent0.0050 VRAM 54MB
Ep 2850 | M0_PDR 0.807 | M1_PDR 0.899 | H_m0 0.06 H_m1 0.06 | a-0.0001 c0.0780 ent0.0049 VRAM 54MB
Ep 2900 | M0_PDR 0.817 | M1_PDR 0.888 | H_m0 0.06 H_m1 0.07 | a-0.0004 c0.0756 ent0.0048 VRAM 54MB
Ep 2950 | M0_PDR 0.816 | M1_PDR 0.890 | H_m0 0.07 H_m1 0.06 | a-0.0007 c0.0852 ent0.0047 VRAM 54MB
Ep 3000 | M0_PDR 0.844 | M1_PDR 0.881 | H_m0 0.07 H_m1 0.07 | a-0.0006 c0.0749 ent0.0046 VRAM 54MB
Ep 3050 | M0_PDR 0.827 | M1_PDR 0.893 | H_m0 0.07 H_m1 0.05 | a-0.0008 c0.0766 ent0.0045 VRAM 54MB
Ep 3100 | M0_PDR 0.830 | M1_PDR 0.890 | H_m0 0.07 H_m1 0.06 | a-0.0004 c0.0752 ent0.0044 VRAM 54MB
Ep 3150 | M0_PDR 0.821 | M1_PDR 0.903 | H_m0 0.07 H_m1 0.06 | a-0.0015 c0.0775 ent0.0043 VRAM 54MB
Ep 3200 | M0_PDR 0.821 | M1_PDR 0.891 | H_m0 0.06 H_m1 0.07 | a-0.0007 c0.0777 ent0.0042 VRAM 54MB
Ep 3250 | M0_PDR 0.818 | M1_PDR 0.884 | H_m0 0.07 H_m1 0.06 | a-0.0006 c0.0820 ent0.0041 VRAM 54MB
Ep 3300 | M0_PDR 0.825 | M1_PDR 0.901 | H_m0 0.07 H_m1 0.05 | a-0.0007 c0.0747 ent0.0041 VRAM 54MB
Ep 3350 | M0_PDR 0.828 | M1_PDR 0.892 | H_m0 0.07 H_m1 0.06 | a-0.0006 c0.0757 ent0.0040 VRAM 54MB
Ep 3400 | M0_PDR 0.836 | M1_PDR 0.908 | H_m0 0.06 H_m1 0.05 | a-0.0003 c0.0735 ent0.0039 VRAM 54MB
Ep 3450 | M0_PDR 0.833 | M1_PDR 0.888 | H_m0 0.05 H_m1 0.06 | a-0.0009 c0.0708 ent0.0038 VRAM 54MB
Ep 3500 | M0_PDR 0.833 | M1_PDR 0.896 | H_m0 0.06 H_m1 0.05 | a-0.0004 c0.0750 ent0.0037 VRAM 54MB
Ep 3550 | M0_PDR 0.829 | M1_PDR 0.899 | H_m0 0.06 H_m1 0.06 | a-0.0003 c0.0784 ent0.0036 VRAM 54MB
Ep 3600 | M0_PDR 0.815 | M1_PDR 0.893 | H_m0 0.07 H_m1 0.06 | a-0.0003 c0.0791 ent0.0035 VRAM 54MB
Ep 3650 | M0_PDR 0.816 | M1_PDR 0.877 | H_m0 0.06 H_m1 0.07 | a-0.0004 c0.0802 ent0.0034 VRAM 54MB
Ep 3700 | M0_PDR 0.811 | M1_PDR 0.904 | H_m0 0.07 H_m1 0.05 | a-0.0004 c0.0781 ent0.0033 VRAM 54MB
Ep 3750 | M0_PDR 0.812 | M1_PDR 0.901 | H_m0 0.07 H_m1 0.06 | a-0.0003 c0.0774 ent0.0032 VRAM 54MB
Ep 3800 | M0_PDR 0.828 | M1_PDR 0.896 | H_m0 0.06 H_m1 0.06 | a-0.0001 c0.0863 ent0.0032 VRAM 54MB
Ep 3850 | M0_PDR 0.828 | M1_PDR 0.896 | H_m0 0.06 H_m1 0.05 | a-0.0004 c0.0711 ent0.0031 VRAM 54MB
Ep 3900 | M0_PDR 0.810 | M1_PDR 0.875 | H_m0 0.08 H_m1 0.08 | a-0.0005 c0.0808 ent0.0030 VRAM 54MB
Ep 3950 | M0_PDR 0.831 | M1_PDR 0.891 | H_m0 0.06 H_m1 0.05 | a-0.0003 c0.0723 ent0.0029 VRAM 54MB
Ep 4000 | M0_PDR 0.800 | M1_PDR 0.906 | H_m0 0.07 H_m1 0.04 | a-0.0001 c0.0821 ent0.0028 VRAM 54MB
Ep 4050 | M0_PDR 0.795 | M1_PDR 0.872 | H_m0 0.09 H_m1 0.07 | a-0.0007 c0.0836 ent0.0027 VRAM 54MB
Ep 4100 | M0_PDR 0.809 | M1_PDR 0.906 | H_m0 0.06 H_m1 0.05 | a-0.0003 c0.0836 ent0.0026 VRAM 54MB
Ep 4150 | M0_PDR 0.814 | M1_PDR 0.891 | H_m0 0.07 H_m1 0.06 | a-0.0001 c0.0905 ent0.0025 VRAM 54MB
Ep 4200 | M0_PDR 0.829 | M1_PDR 0.893 | H_m0 0.05 H_m1 0.06 | a-0.0002 c0.0780 ent0.0024 VRAM 54MB
Ep 4250 | M0_PDR 0.819 | M1_PDR 0.885 | H_m0 0.07 H_m1 0.05 | a-0.0004 c0.0860 ent0.0023 VRAM 54MB
Ep 4300 | M0_PDR 0.842 | M1_PDR 0.884 | H_m0 0.05 H_m1 0.07 | a-0.0001 c0.0729 ent0.0023 VRAM 54MB
Ep 4350 | M0_PDR 0.816 | M1_PDR 0.886 | H_m0 0.07 H_m1 0.08 | a-0.0003 c0.0793 ent0.0022 VRAM 54MB
Ep 4400 | M0_PDR 0.791 | M1_PDR 0.892 | H_m0 0.07 H_m1 0.06 | a-0.0002 c0.0851 ent0.0021 VRAM 54MB
Ep 4450 | M0_PDR 0.840 | M1_PDR 0.895 | H_m0 0.05 H_m1 0.07 | a-0.0002 c0.0768 ent0.0020 VRAM 54MB
Ep 4500 | M0_PDR 0.793 | M1_PDR 0.893 | H_m0 0.09 H_m1 0.05 | a-0.0003 c0.0860 ent0.0019 VRAM 54MB
Ep 4550 | M0_PDR 0.804 | M1_PDR 0.883 | H_m0 0.08 H_m1 0.07 | a-0.0002 c0.0818 ent0.0018 VRAM 54MB
Ep 4600 | M0_PDR 0.823 | M1_PDR 0.896 | H_m0 0.07 H_m1 0.05 | a-0.0002 c0.0743 ent0.0017 VRAM 54MB
Ep 4650 | M0_PDR 0.809 | M1_PDR 0.889 | H_m0 0.09 H_m1 0.05 | a-0.0001 c0.0845 ent0.0016 VRAM 54MB
Ep 4700 | M0_PDR 0.836 | M1_PDR 0.895 | H_m0 0.05 H_m1 0.05 | a-0.0001 c0.0710 ent0.0015 VRAM 54MB
Ep 4750 | M0_PDR 0.829 | M1_PDR 0.886 | H_m0 0.06 H_m1 0.06 | a-0.0002 c0.0706 ent0.0014 VRAM 54MB
Ep 4800 | M0_PDR 0.862 | M1_PDR 0.894 | H_m0 0.04 H_m1 0.05 | a-0.0001 c0.0645 ent0.0014 VRAM 54MB
Ep 4850 | M0_PDR 0.850 | M1_PDR 0.889 | H_m0 0.05 H_m1 0.06 | a-0.0001 c0.0674 ent0.0013 VRAM 54MB
Ep 4900 | M0_PDR 0.814 | M1_PDR 0.891 | H_m0 0.08 H_m1 0.06 | a-0.0001 c0.0803 ent0.0012 VRAM 54MB
Ep 4950 | M0_PDR 0.832 | M1_PDR 0.904 | H_m0 0.06 H_m1 0.05 | a-0.0001 c0.0773 ent0.0011 VRAM 54MB

Training complete. Running 100 eval episodes...

  Eval ep   0: M0_PDR=0.806  M1_PDR=0.890
  Eval ep  20: M0_PDR=0.816  M1_PDR=0.880
  Eval ep  40: M0_PDR=0.823  M1_PDR=0.897
  Eval ep  60: M0_PDR=0.825  M1_PDR=0.911
  Eval ep  80: M0_PDR=0.805  M1_PDR=0.878

=== Eval Summary (100 episodes) ===
  M0_PDR_mean         : 0.8172
  M0_PDR_p05 (across) : 0.7923
  M0_PDR_p05 (intra)  : 0.6148
  M1_PDR_mean         : 0.8929
  M0_SINR_mean (dB)   : 10.76
  M1_SINR_mean (dB)   : 15.93
  M0_collision_rate   : 1.000
  M0_collision_within_pool : 0.878
  M1_collision_within_pool : 0.878

Result saved -> results/_A_N20_seed3_5000ep_gaefix_g05_ent01_as.json
  N=20  rho=4.0  M0_PDR=0.817  M1_PDR=0.893
[NS3Bridge] Shutdown complete.
Run complete.
