[seed] all RNGs seeded with 6
GPU : NVIDIA GeForce RTX 3060
VRAM: 12.9 GB
Device          : cuda:0
Actor M0 params : 21,273
Actor M1 params : 21,273
Critic params   : 79,361
obs_dim=11  action_dim=25  gs_dim=49
M0 count: 2  M1 count: 2
Training for 5000 episodes (Config A_N4_seed6_5000ep, N=4)...

[NS3Bridge] Connected tcp://localhost:5726
Ep    0 | M0_PDR 0.635 | M1_PDR 0.674 | H_m0 3.21 H_m1 3.21 | a-0.1668 c46.3281 ent0.0500 VRAM 23MB
Ep   50 | M0_PDR 0.705 | M1_PDR 0.593 | H_m0 3.17 H_m1 3.19 | a-0.1592 c19.2394 ent0.0495 VRAM 23MB
Ep  100 | M0_PDR 0.691 | M1_PDR 0.596 | H_m0 3.07 H_m1 3.21 | a-0.1552 c11.0787 ent0.0490 VRAM 23MB
Ep  150 | M0_PDR 0.623 | M1_PDR 0.663 | H_m0 3.13 H_m1 3.18 | a-0.1551 c6.4724 ent0.0485 VRAM 23MB
Ep  200 | M0_PDR 0.697 | M1_PDR 0.642 | H_m0 2.95 H_m1 3.10 | a-0.1487 c6.9554 ent0.0480 VRAM 23MB
Ep  250 | M0_PDR 0.689 | M1_PDR 0.646 | H_m0 2.90 H_m1 3.10 | a-0.1433 c2.1603 ent0.0475 VRAM 23MB
Ep  300 | M0_PDR 0.698 | M1_PDR 0.627 | H_m0 2.88 H_m1 3.14 | a-0.1425 c1.9118 ent0.0471 VRAM 23MB
Ep  350 | M0_PDR 0.748 | M1_PDR 0.622 | H_m0 2.92 H_m1 3.18 | a-0.1432 c2.4352 ent0.0466 VRAM 23MB
Ep  400 | M0_PDR 0.690 | M1_PDR 0.663 | H_m0 2.93 H_m1 3.19 | a-0.1423 c2.3180 ent0.0461 VRAM 23MB
Ep  450 | M0_PDR 0.694 | M1_PDR 0.601 | H_m0 2.62 H_m1 3.19 | a-0.1345 c2.7145 ent0.0456 VRAM 23MB
Ep  500 | M0_PDR 0.681 | M1_PDR 0.604 | H_m0 2.74 H_m1 3.17 | a-0.1341 c3.1623 ent0.0451 VRAM 23MB
Ep  550 | M0_PDR 0.724 | M1_PDR 0.638 | H_m0 2.73 H_m1 3.18 | a-0.1352 c1.8743 ent0.0446 VRAM 23MB
Ep  600 | M0_PDR 0.696 | M1_PDR 0.632 | H_m0 2.72 H_m1 3.15 | a-0.1309 c2.6802 ent0.0441 VRAM 23MB
Ep  650 | M0_PDR 0.691 | M1_PDR 0.613 | H_m0 2.78 H_m1 3.19 | a-0.1317 c2.2865 ent0.0436 VRAM 23MB
Ep  700 | M0_PDR 0.722 | M1_PDR 0.631 | H_m0 2.77 H_m1 3.19 | a-0.1303 c1.9685 ent0.0431 VRAM 23MB
Ep  750 | M0_PDR 0.730 | M1_PDR 0.628 | H_m0 2.65 H_m1 3.20 | a-0.1246 c1.6972 ent0.0426 VRAM 23MB
Ep  800 | M0_PDR 0.720 | M1_PDR 0.622 | H_m0 2.76 H_m1 3.19 | a-0.1263 c2.1559 ent0.0422 VRAM 23MB
Ep  850 | M0_PDR 0.720 | M1_PDR 0.594 | H_m0 2.58 H_m1 3.18 | a-0.1206 c1.5694 ent0.0417 VRAM 23MB
Ep  900 | M0_PDR 0.697 | M1_PDR 0.616 | H_m0 2.58 H_m1 3.19 | a-0.1209 c1.7887 ent0.0412 VRAM 23MB
Ep  950 | M0_PDR 0.740 | M1_PDR 0.623 | H_m0 2.62 H_m1 3.20 | a-0.1194 c1.8717 ent0.0407 VRAM 23MB
Ep 1000 | M0_PDR 0.673 | M1_PDR 0.606 | H_m0 2.73 H_m1 3.20 | a-0.1198 c2.4782 ent0.0402 VRAM 23MB
Ep 1050 | M0_PDR 0.699 | M1_PDR 0.604 | H_m0 2.64 H_m1 3.19 | a-0.1167 c1.6883 ent0.0397 VRAM 23MB
Ep 1100 | M0_PDR 0.695 | M1_PDR 0.617 | H_m0 2.62 H_m1 3.20 | a-0.1148 c1.2599 ent0.0392 VRAM 23MB
Ep 1150 | M0_PDR 0.707 | M1_PDR 0.629 | H_m0 2.71 H_m1 3.11 | a-0.1162 c2.3734 ent0.0387 VRAM 23MB
Ep 1200 | M0_PDR 0.689 | M1_PDR 0.643 | H_m0 2.45 H_m1 3.14 | a-0.1080 c1.8481 ent0.0382 VRAM 23MB
Ep 1250 | M0_PDR 0.724 | M1_PDR 0.666 | H_m0 2.66 H_m1 3.14 | a-0.1104 c1.7926 ent0.0377 VRAM 23MB
Ep 1300 | M0_PDR 0.705 | M1_PDR 0.646 | H_m0 2.87 H_m1 3.10 | a-0.1124 c1.9384 ent0.0373 VRAM 23MB
Ep 1350 | M0_PDR 0.685 | M1_PDR 0.654 | H_m0 2.61 H_m1 3.07 | a-0.1051 c1.5425 ent0.0368 VRAM 23MB
Ep 1400 | M0_PDR 0.699 | M1_PDR 0.618 | H_m0 2.43 H_m1 3.08 | a-0.1020 c1.7265 ent0.0363 VRAM 23MB
Ep 1450 | M0_PDR 0.692 | M1_PDR 0.659 | H_m0 2.43 H_m1 3.10 | a-0.0999 c1.1397 ent0.0358 VRAM 23MB
Ep 1500 | M0_PDR 0.738 | M1_PDR 0.588 | H_m0 2.53 H_m1 3.15 | a-0.1005 c2.0311 ent0.0353 VRAM 23MB
Ep 1550 | M0_PDR 0.681 | M1_PDR 0.630 | H_m0 2.61 H_m1 3.08 | a-0.0999 c1.9208 ent0.0348 VRAM 23MB
Ep 1600 | M0_PDR 0.689 | M1_PDR 0.661 | H_m0 2.85 H_m1 3.18 | a-0.1041 c2.0870 ent0.0343 VRAM 23MB
Ep 1650 | M0_PDR 0.710 | M1_PDR 0.639 | H_m0 2.85 H_m1 3.20 | a-0.1034 c1.8508 ent0.0338 VRAM 23MB
Ep 1700 | M0_PDR 0.693 | M1_PDR 0.649 | H_m0 2.74 H_m1 3.18 | a-0.0998 c1.8774 ent0.0333 VRAM 23MB
Ep 1750 | M0_PDR 0.727 | M1_PDR 0.633 | H_m0 2.57 H_m1 3.17 | a-0.0953 c1.9963 ent0.0328 VRAM 23MB
Ep 1800 | M0_PDR 0.736 | M1_PDR 0.652 | H_m0 2.49 H_m1 3.18 | a-0.0923 c1.1394 ent0.0324 VRAM 23MB
Ep 1850 | M0_PDR 0.717 | M1_PDR 0.613 | H_m0 2.58 H_m1 3.18 | a-0.0925 c1.9266 ent0.0319 VRAM 23MB
Ep 1900 | M0_PDR 0.706 | M1_PDR 0.627 | H_m0 2.59 H_m1 3.18 | a-0.0915 c2.0403 ent0.0314 VRAM 23MB
Ep 1950 | M0_PDR 0.737 | M1_PDR 0.625 | H_m0 2.33 H_m1 3.18 | a-0.0860 c2.2278 ent0.0309 VRAM 23MB
Ep 2000 | M0_PDR 0.707 | M1_PDR 0.635 | H_m0 2.40 H_m1 3.12 | a-0.0842 c1.9911 ent0.0304 VRAM 23MB
Ep 2050 | M0_PDR 0.755 | M1_PDR 0.640 | H_m0 2.37 H_m1 3.14 | a-0.0828 c1.6726 ent0.0299 VRAM 23MB
Ep 2100 | M0_PDR 0.761 | M1_PDR 0.664 | H_m0 2.00 H_m1 3.09 | a-0.0765 c2.4959 ent0.0294 VRAM 23MB
Ep 2150 | M0_PDR 0.817 | M1_PDR 0.662 | H_m0 1.60 H_m1 3.14 | a-0.0697 c1.8534 ent0.0289 VRAM 23MB
Ep 2200 | M0_PDR 0.873 | M1_PDR 0.671 | H_m0 0.86 H_m1 3.02 | a-0.0561 c1.3234 ent0.0284 VRAM 23MB
Ep 2250 | M0_PDR 0.916 | M1_PDR 0.716 | H_m0 0.71 H_m1 2.90 | a-0.0512 c1.1079 ent0.0279 VRAM 23MB
Ep 2300 | M0_PDR 0.932 | M1_PDR 0.743 | H_m0 0.54 H_m1 2.85 | a-0.0475 c0.8563 ent0.0275 VRAM 23MB
Ep 2350 | M0_PDR 0.926 | M1_PDR 0.749 | H_m0 0.25 H_m1 2.76 | a-0.0411 c0.8505 ent0.0270 VRAM 23MB
Ep 2400 | M0_PDR 0.958 | M1_PDR 0.796 | H_m0 0.06 H_m1 2.58 | a-0.0356 c0.7590 ent0.0265 VRAM 23MB
Ep 2450 | M0_PDR 0.986 | M1_PDR 0.811 | H_m0 0.03 H_m1 2.46 | a-0.0325 c0.4495 ent0.0260 VRAM 23MB
Ep 2500 | M0_PDR 0.977 | M1_PDR 0.779 | H_m0 0.01 H_m1 2.48 | a-0.0323 c0.5865 ent0.0255 VRAM 23MB
Ep 2550 | M0_PDR 0.992 | M1_PDR 0.758 | H_m0 0.01 H_m1 2.49 | a-0.0313 c0.4594 ent0.0250 VRAM 23MB
Ep 2600 | M0_PDR 0.987 | M1_PDR 0.790 | H_m0 0.01 H_m1 2.47 | a-0.0311 c0.4216 ent0.0245 VRAM 23MB
Ep 2650 | M0_PDR 0.990 | M1_PDR 0.789 | H_m0 0.01 H_m1 2.57 | a-0.0311 c0.4024 ent0.0240 VRAM 23MB
Ep 2700 | M0_PDR 0.984 | M1_PDR 0.775 | H_m0 0.00 H_m1 2.55 | a-0.0303 c0.4764 ent0.0235 VRAM 23MB
Ep 2750 | M0_PDR 0.995 | M1_PDR 0.804 | H_m0 0.00 H_m1 2.49 | a-0.0292 c0.4820 ent0.0230 VRAM 23MB
Ep 2800 | M0_PDR 0.985 | M1_PDR 0.739 | H_m0 0.00 H_m1 2.47 | a-0.0282 c0.5073 ent0.0226 VRAM 23MB
Ep 2850 | M0_PDR 0.990 | M1_PDR 0.767 | H_m0 0.00 H_m1 2.50 | a-0.0277 c0.4216 ent0.0221 VRAM 23MB
Ep 2900 | M0_PDR 0.987 | M1_PDR 0.793 | H_m0 0.00 H_m1 2.53 | a-0.0281 c0.3928 ent0.0216 VRAM 23MB
Ep 2950 | M0_PDR 0.991 | M1_PDR 0.770 | H_m0 0.00 H_m1 2.49 | a-0.0266 c0.3801 ent0.0211 VRAM 23MB
Ep 3000 | M0_PDR 0.985 | M1_PDR 0.775 | H_m0 0.00 H_m1 2.48 | a-0.0261 c0.5280 ent0.0206 VRAM 23MB
Ep 3050 | M0_PDR 0.992 | M1_PDR 0.803 | H_m0 0.00 H_m1 2.46 | a-0.0247 c0.4591 ent0.0201 VRAM 23MB
Ep 3100 | M0_PDR 0.995 | M1_PDR 0.796 | H_m0 0.00 H_m1 2.37 | a-0.0237 c0.4085 ent0.0196 VRAM 23MB
Ep 3150 | M0_PDR 0.994 | M1_PDR 0.805 | H_m0 0.00 H_m1 2.43 | a-0.0234 c0.4140 ent0.0191 VRAM 23MB
Ep 3200 | M0_PDR 0.997 | M1_PDR 0.777 | H_m0 0.00 H_m1 2.44 | a-0.0230 c0.3348 ent0.0186 VRAM 23MB
Ep 3250 | M0_PDR 1.000 | M1_PDR 0.749 | H_m0 0.00 H_m1 2.35 | a-0.0217 c0.3508 ent0.0181 VRAM 23MB
Ep 3300 | M0_PDR 0.990 | M1_PDR 0.787 | H_m0 0.00 H_m1 2.42 | a-0.0218 c0.4277 ent0.0177 VRAM 23MB
Ep 3350 | M0_PDR 0.986 | M1_PDR 0.823 | H_m0 0.00 H_m1 2.38 | a-0.0214 c0.3566 ent0.0172 VRAM 23MB
Ep 3400 | M0_PDR 0.997 | M1_PDR 0.812 | H_m0 0.00 H_m1 2.34 | a-0.0197 c0.3304 ent0.0167 VRAM 23MB
Ep 3450 | M0_PDR 0.995 | M1_PDR 0.768 | H_m0 0.00 H_m1 2.33 | a-0.0199 c0.3671 ent0.0162 VRAM 23MB
Ep 3500 | M0_PDR 0.995 | M1_PDR 0.800 | H_m0 0.00 H_m1 2.34 | a-0.0185 c0.3654 ent0.0157 VRAM 23MB
Ep 3550 | M0_PDR 0.997 | M1_PDR 0.813 | H_m0 0.00 H_m1 2.31 | a-0.0179 c0.3561 ent0.0152 VRAM 23MB
Ep 3600 | M0_PDR 0.993 | M1_PDR 0.785 | H_m0 0.00 H_m1 2.30 | a-0.0170 c0.4106 ent0.0147 VRAM 23MB
Ep 3650 | M0_PDR 0.992 | M1_PDR 0.797 | H_m0 0.00 H_m1 2.24 | a-0.0160 c0.3415 ent0.0142 VRAM 23MB
Ep 3700 | M0_PDR 1.000 | M1_PDR 0.794 | H_m0 0.00 H_m1 2.26 | a-0.0157 c0.3396 ent0.0137 VRAM 23MB
Ep 3750 | M0_PDR 0.990 | M1_PDR 0.793 | H_m0 0.00 H_m1 2.27 | a-0.0152 c0.4049 ent0.0132 VRAM 23MB
Ep 3800 | M0_PDR 0.995 | M1_PDR 0.792 | H_m0 0.00 H_m1 2.30 | a-0.0147 c0.3521 ent0.0128 VRAM 23MB
Ep 3850 | M0_PDR 0.992 | M1_PDR 0.787 | H_m0 0.00 H_m1 2.28 | a-0.0141 c0.3790 ent0.0123 VRAM 23MB
Ep 3900 | M0_PDR 0.988 | M1_PDR 0.788 | H_m0 0.00 H_m1 2.25 | a-0.0141 c0.4715 ent0.0118 VRAM 23MB
Ep 3950 | M0_PDR 0.997 | M1_PDR 0.758 | H_m0 0.00 H_m1 2.27 | a-0.0131 c0.3592 ent0.0113 VRAM 23MB
Ep 4000 | M0_PDR 0.990 | M1_PDR 0.792 | H_m0 0.00 H_m1 2.23 | a-0.0123 c0.4043 ent0.0108 VRAM 23MB
Ep 4050 | M0_PDR 0.998 | M1_PDR 0.779 | H_m0 0.00 H_m1 2.21 | a-0.0116 c0.3628 ent0.0103 VRAM 23MB
Ep 4100 | M0_PDR 0.998 | M1_PDR 0.780 | H_m0 0.00 H_m1 2.15 | a-0.0106 c0.3209 ent0.0098 VRAM 23MB
Ep 4150 | M0_PDR 1.000 | M1_PDR 0.809 | H_m0 0.00 H_m1 2.11 | a-0.0099 c0.3054 ent0.0093 VRAM 23MB
Ep 4200 | M0_PDR 0.998 | M1_PDR 0.797 | H_m0 0.00 H_m1 2.10 | a-0.0094 c0.3196 ent0.0088 VRAM 23MB
Ep 4250 | M0_PDR 0.997 | M1_PDR 0.784 | H_m0 0.00 H_m1 2.12 | a-0.0089 c0.3441 ent0.0083 VRAM 23MB
Ep 4300 | M0_PDR 0.997 | M1_PDR 0.818 | H_m0 0.00 H_m1 2.08 | a-0.0082 c0.3424 ent0.0079 VRAM 23MB
Ep 4350 | M0_PDR 1.000 | M1_PDR 0.781 | H_m0 0.00 H_m1 2.07 | a-0.0076 c0.3456 ent0.0074 VRAM 23MB
Ep 4400 | M0_PDR 0.998 | M1_PDR 0.786 | H_m0 0.00 H_m1 2.08 | a-0.0073 c0.3601 ent0.0069 VRAM 23MB
Ep 4450 | M0_PDR 0.998 | M1_PDR 0.775 | H_m0 0.00 H_m1 2.06 | a-0.0067 c0.3173 ent0.0064 VRAM 23MB
Ep 4500 | M0_PDR 1.000 | M1_PDR 0.769 | H_m0 0.00 H_m1 2.06 | a-0.0061 c0.3276 ent0.0059 VRAM 23MB
Ep 4550 | M0_PDR 1.000 | M1_PDR 0.795 | H_m0 0.00 H_m1 2.03 | a-0.0055 c0.3168 ent0.0054 VRAM 23MB
Ep 4600 | M0_PDR 0.995 | M1_PDR 0.758 | H_m0 0.00 H_m1 2.03 | a-0.0050 c0.4039 ent0.0049 VRAM 23MB
Ep 4650 | M0_PDR 1.000 | M1_PDR 0.795 | H_m0 0.00 H_m1 1.99 | a-0.0044 c0.3052 ent0.0044 VRAM 23MB
Ep 4700 | M0_PDR 1.000 | M1_PDR 0.792 | H_m0 0.00 H_m1 1.98 | a-0.0040 c0.3322 ent0.0039 VRAM 23MB
Ep 4750 | M0_PDR 1.000 | M1_PDR 0.763 | H_m0 0.00 H_m1 2.00 | a-0.0035 c0.3156 ent0.0034 VRAM 23MB
Ep 4800 | M0_PDR 1.000 | M1_PDR 0.751 | H_m0 0.00 H_m1 1.99 | a-0.0030 c0.3117 ent0.0030 VRAM 23MB
Ep 4850 | M0_PDR 0.998 | M1_PDR 0.809 | H_m0 0.00 H_m1 1.95 | a-0.0025 c0.3263 ent0.0025 VRAM 23MB
Ep 4900 | M0_PDR 1.000 | M1_PDR 0.786 | H_m0 0.00 H_m1 1.97 | a-0.0020 c0.3154 ent0.0020 VRAM 23MB
Ep 4950 | M0_PDR 0.998 | M1_PDR 0.790 | H_m0 0.00 H_m1 1.96 | a-0.0015 c0.3162 ent0.0015 VRAM 23MB

Training complete. Running 100 eval episodes...

  Eval ep   0: M0_PDR=0.998  M1_PDR=0.756
  Eval ep  20: M0_PDR=1.000  M1_PDR=0.775
  Eval ep  40: M0_PDR=1.000  M1_PDR=0.734
  Eval ep  60: M0_PDR=1.000  M1_PDR=0.797
  Eval ep  80: M0_PDR=0.998  M1_PDR=0.784

=== Eval Summary (100 episodes) ===
  M0_PDR_mean         : 0.9987
  M0_PDR_p05 (across) : 0.9950
  M0_PDR_p05 (intra)  : 1.0000
  M1_PDR_mean         : 0.7877
  M0_SINR_mean (dB)   : 47.19
  M1_SINR_mean (dB)   : 24.84
  M0_collision_rate   : 0.002
  M0_collision_within_pool : 0.000
  M1_collision_within_pool : 0.337

Result saved -> results/_A_N4_seed6_5000ep.json
  N=4  rho=0.8  M0_PDR=0.999  M1_PDR=0.788
[NS3Bridge] Shutdown complete.
Run complete.
