[seed] all RNGs seeded with 4
GPU : NVIDIA GeForce RTX 3060
VRAM: 12.9 GB
Device          : cuda:0
Actor M0 params : 21,273
Actor M1 params : 21,273
Critic params   : 82,177
obs_dim=11  action_dim=25  gs_dim=49
M0 count: 2  M1 count: 2
Training for 5000 episodes (Config A_N4_seed4_5000ep_gaefix_g05_ent01_as, N=4)...

[NS3Bridge] Connected tcp://localhost:8396
Ep    0 | M0_PDR 0.673 | M1_PDR 0.705 | H_m0 3.21 H_m1 3.21 | a-0.0380 c0.8557 ent0.0100 VRAM 23MB
Ep   50 | M0_PDR 0.727 | M1_PDR 0.633 | H_m0 1.70 H_m1 2.57 | a-0.0270 c0.2252 ent0.0099 VRAM 23MB
Ep  100 | M0_PDR 0.793 | M1_PDR 0.694 | H_m0 1.14 H_m1 1.19 | a-0.0125 c0.1527 ent0.0098 VRAM 23MB
Ep  150 | M0_PDR 0.780 | M1_PDR 0.704 | H_m0 1.12 H_m1 1.26 | a-0.0128 c0.1822 ent0.0097 VRAM 23MB
Ep  200 | M0_PDR 0.791 | M1_PDR 0.692 | H_m0 1.13 H_m1 0.96 | a-0.0116 c0.1334 ent0.0096 VRAM 23MB
Ep  250 | M0_PDR 0.843 | M1_PDR 0.698 | H_m0 1.10 H_m1 1.01 | a-0.0108 c0.1190 ent0.0095 VRAM 23MB
Ep  300 | M0_PDR 0.805 | M1_PDR 0.934 | H_m0 1.09 H_m1 0.27 | a-0.0101 c0.1222 ent0.0095 VRAM 23MB
Ep  350 | M0_PDR 0.868 | M1_PDR 0.982 | H_m0 0.77 H_m1 0.04 | a-0.0072 c0.0996 ent0.0094 VRAM 23MB
Ep  400 | M0_PDR 0.998 | M1_PDR 0.987 | H_m0 0.25 H_m1 0.03 | a-0.0012 c0.0068 ent0.0093 VRAM 23MB
Ep  450 | M0_PDR 1.000 | M1_PDR 1.000 | H_m0 0.12 H_m1 0.01 | a-0.0006 c0.0049 ent0.0092 VRAM 23MB
Ep  500 | M0_PDR 0.995 | M1_PDR 1.000 | H_m0 0.25 H_m1 0.00 | a-0.0048 c0.0102 ent0.0091 VRAM 23MB
Ep  550 | M0_PDR 0.997 | M1_PDR 1.000 | H_m0 0.29 H_m1 0.02 | a-0.0040 c0.0066 ent0.0090 VRAM 23MB
Ep  600 | M0_PDR 1.000 | M1_PDR 0.997 | H_m0 0.21 H_m1 0.01 | a-0.0013 c0.0048 ent0.0089 VRAM 23MB
Ep  650 | M0_PDR 1.000 | M1_PDR 1.000 | H_m0 0.15 H_m1 0.00 | a-0.0021 c0.0046 ent0.0088 VRAM 23MB
Ep  700 | M0_PDR 1.000 | M1_PDR 1.000 | H_m0 0.12 H_m1 0.00 | a0.0011 c0.0048 ent0.0087 VRAM 23MB
Ep  750 | M0_PDR 1.000 | M1_PDR 1.000 | H_m0 0.14 H_m1 0.00 | a-0.0011 c0.0043 ent0.0086 VRAM 23MB
Ep  800 | M0_PDR 1.000 | M1_PDR 1.000 | H_m0 0.13 H_m1 0.00 | a-0.0014 c0.0042 ent0.0086 VRAM 23MB
Ep  850 | M0_PDR 1.000 | M1_PDR 1.000 | H_m0 0.32 H_m1 0.00 | a-0.0005 c0.0041 ent0.0085 VRAM 23MB
Ep  900 | M0_PDR 1.000 | M1_PDR 1.000 | H_m0 0.25 H_m1 0.00 | a-0.0067 c0.0040 ent0.0084 VRAM 23MB
Ep  950 | M0_PDR 1.000 | M1_PDR 1.000 | H_m0 0.28 H_m1 0.00 | a-0.0046 c0.0036 ent0.0083 VRAM 23MB
Ep 1000 | M0_PDR 1.000 | M1_PDR 1.000 | H_m0 0.11 H_m1 0.00 | a0.0006 c0.0035 ent0.0082 VRAM 23MB
Ep 1050 | M0_PDR 1.000 | M1_PDR 0.997 | H_m0 0.28 H_m1 0.00 | a-0.0017 c0.0036 ent0.0081 VRAM 23MB
Ep 1100 | M0_PDR 1.000 | M1_PDR 1.000 | H_m0 0.18 H_m1 0.00 | a-0.0013 c0.0030 ent0.0080 VRAM 23MB
Ep 1150 | M0_PDR 1.000 | M1_PDR 1.000 | H_m0 0.33 H_m1 0.00 | a-0.0017 c0.0025 ent0.0079 VRAM 23MB
Ep 1200 | M0_PDR 1.000 | M1_PDR 1.000 | H_m0 0.33 H_m1 0.00 | a-0.0013 c0.0024 ent0.0078 VRAM 23MB
Ep 1250 | M0_PDR 1.000 | M1_PDR 1.000 | H_m0 0.31 H_m1 0.00 | a-0.0013 c0.0027 ent0.0077 VRAM 23MB
Ep 1300 | M0_PDR 1.000 | M1_PDR 1.000 | H_m0 0.33 H_m1 0.00 | a-0.0013 c0.0021 ent0.0077 VRAM 23MB
Ep 1350 | M0_PDR 1.000 | M1_PDR 0.998 | H_m0 0.22 H_m1 0.00 | a-0.0021 c0.0023 ent0.0076 VRAM 23MB
Ep 1400 | M0_PDR 1.000 | M1_PDR 1.000 | H_m0 0.22 H_m1 0.00 | a-0.0021 c0.0041 ent0.0075 VRAM 23MB
Ep 1450 | M0_PDR 1.000 | M1_PDR 1.000 | H_m0 0.32 H_m1 0.00 | a-0.0010 c0.0015 ent0.0074 VRAM 23MB
Ep 1500 | M0_PDR 1.000 | M1_PDR 1.000 | H_m0 0.34 H_m1 0.00 | a-0.0017 c0.0016 ent0.0073 VRAM 23MB
Ep 1550 | M0_PDR 1.000 | M1_PDR 1.000 | H_m0 0.34 H_m1 0.00 | a-0.0031 c0.0113 ent0.0072 VRAM 23MB
Ep 1600 | M0_PDR 1.000 | M1_PDR 1.000 | H_m0 0.33 H_m1 0.00 | a-0.0006 c0.0041 ent0.0071 VRAM 23MB
Ep 1650 | M0_PDR 1.000 | M1_PDR 1.000 | H_m0 0.26 H_m1 0.00 | a-0.0015 c0.0036 ent0.0070 VRAM 23MB
Ep 1700 | M0_PDR 1.000 | M1_PDR 1.000 | H_m0 0.34 H_m1 0.00 | a-0.0034 c0.0030 ent0.0069 VRAM 23MB
Ep 1750 | M0_PDR 1.000 | M1_PDR 1.000 | H_m0 0.26 H_m1 0.00 | a-0.0009 c0.0026 ent0.0068 VRAM 23MB
Ep 1800 | M0_PDR 1.000 | M1_PDR 1.000 | H_m0 0.18 H_m1 0.00 | a-0.0005 c0.0043 ent0.0068 VRAM 23MB
Ep 1850 | M0_PDR 1.000 | M1_PDR 1.000 | H_m0 0.32 H_m1 0.00 | a-0.0015 c0.0031 ent0.0067 VRAM 23MB
Ep 1900 | M0_PDR 1.000 | M1_PDR 1.000 | H_m0 0.34 H_m1 0.00 | a-0.0011 c0.0047 ent0.0066 VRAM 23MB
Ep 1950 | M0_PDR 1.000 | M1_PDR 1.000 | H_m0 0.34 H_m1 0.00 | a-0.0026 c0.0023 ent0.0065 VRAM 23MB
Ep 2000 | M0_PDR 1.000 | M1_PDR 1.000 | H_m0 0.35 H_m1 0.00 | a-0.0023 c0.0028 ent0.0064 VRAM 23MB
Ep 2050 | M0_PDR 1.000 | M1_PDR 1.000 | H_m0 0.35 H_m1 0.00 | a-0.0014 c0.0015 ent0.0063 VRAM 23MB
Ep 2100 | M0_PDR 1.000 | M1_PDR 1.000 | H_m0 0.37 H_m1 0.00 | a-0.0012 c0.0016 ent0.0062 VRAM 23MB
Ep 2150 | M0_PDR 1.000 | M1_PDR 1.000 | H_m0 0.32 H_m1 0.00 | a-0.0011 c0.0026 ent0.0061 VRAM 23MB
Ep 2200 | M0_PDR 1.000 | M1_PDR 1.000 | H_m0 0.35 H_m1 0.00 | a-0.0008 c0.0024 ent0.0060 VRAM 23MB
Ep 2250 | M0_PDR 1.000 | M1_PDR 1.000 | H_m0 0.35 H_m1 0.00 | a-0.0011 c0.0013 ent0.0059 VRAM 23MB
Ep 2300 | M0_PDR 1.000 | M1_PDR 1.000 | H_m0 0.36 H_m1 0.00 | a-0.0015 c0.0010 ent0.0059 VRAM 23MB
Ep 2350 | M0_PDR 1.000 | M1_PDR 1.000 | H_m0 0.37 H_m1 0.00 | a-0.0019 c0.0014 ent0.0058 VRAM 23MB
Ep 2400 | M0_PDR 1.000 | M1_PDR 1.000 | H_m0 0.32 H_m1 0.00 | a-0.0014 c0.0007 ent0.0057 VRAM 23MB
Ep 2450 | M0_PDR 1.000 | M1_PDR 1.000 | H_m0 0.41 H_m1 0.00 | a-0.0013 c0.0020 ent0.0056 VRAM 23MB
Ep 2500 | M0_PDR 1.000 | M1_PDR 1.000 | H_m0 0.42 H_m1 0.00 | a-0.0017 c0.0007 ent0.0055 VRAM 23MB
Ep 2550 | M0_PDR 1.000 | M1_PDR 1.000 | H_m0 0.48 H_m1 0.00 | a-0.0019 c0.0006 ent0.0054 VRAM 23MB
Ep 2600 | M0_PDR 1.000 | M1_PDR 1.000 | H_m0 0.60 H_m1 0.00 | a-0.0024 c0.0006 ent0.0053 VRAM 23MB
Ep 2650 | M0_PDR 1.000 | M1_PDR 1.000 | H_m0 0.44 H_m1 0.00 | a-0.0010 c0.0005 ent0.0052 VRAM 23MB
Ep 2700 | M0_PDR 1.000 | M1_PDR 1.000 | H_m0 0.24 H_m1 0.00 | a-0.0007 c0.0008 ent0.0051 VRAM 23MB
Ep 2750 | M0_PDR 1.000 | M1_PDR 1.000 | H_m0 0.38 H_m1 0.00 | a-0.0007 c0.0003 ent0.0050 VRAM 23MB
Ep 2800 | M0_PDR 1.000 | M1_PDR 1.000 | H_m0 0.30 H_m1 0.00 | a-0.0011 c0.0005 ent0.0050 VRAM 23MB
Ep 2850 | M0_PDR 1.000 | M1_PDR 1.000 | H_m0 0.23 H_m1 0.00 | a-0.0004 c0.0002 ent0.0049 VRAM 23MB
Ep 2900 | M0_PDR 1.000 | M1_PDR 1.000 | H_m0 0.24 H_m1 0.00 | a-0.0007 c0.0001 ent0.0048 VRAM 23MB
Ep 2950 | M0_PDR 1.000 | M1_PDR 1.000 | H_m0 0.24 H_m1 0.00 | a-0.0004 c0.0003 ent0.0047 VRAM 23MB
Ep 3000 | M0_PDR 1.000 | M1_PDR 1.000 | H_m0 0.14 H_m1 0.00 | a-0.0002 c0.0006 ent0.0046 VRAM 23MB
Ep 3050 | M0_PDR 1.000 | M1_PDR 1.000 | H_m0 0.18 H_m1 0.00 | a-0.0005 c0.0001 ent0.0045 VRAM 23MB
Ep 3100 | M0_PDR 1.000 | M1_PDR 1.000 | H_m0 0.21 H_m1 0.00 | a-0.0005 c0.0001 ent0.0044 VRAM 23MB
Ep 3150 | M0_PDR 1.000 | M1_PDR 1.000 | H_m0 0.37 H_m1 0.00 | a-0.0016 c0.0001 ent0.0043 VRAM 23MB
Ep 3200 | M0_PDR 0.998 | M1_PDR 1.000 | H_m0 0.36 H_m1 0.00 | a-0.0026 c0.0018 ent0.0042 VRAM 23MB
Ep 3250 | M0_PDR 1.000 | M1_PDR 1.000 | H_m0 0.37 H_m1 0.00 | a-0.0010 c0.0001 ent0.0041 VRAM 23MB
Ep 3300 | M0_PDR 1.000 | M1_PDR 1.000 | H_m0 0.32 H_m1 0.00 | a-0.0005 c0.0001 ent0.0041 VRAM 23MB
Ep 3350 | M0_PDR 1.000 | M1_PDR 1.000 | H_m0 0.28 H_m1 0.00 | a-0.0005 c0.0001 ent0.0040 VRAM 23MB
Ep 3400 | M0_PDR 1.000 | M1_PDR 1.000 | H_m0 0.22 H_m1 0.00 | a-0.0010 c0.0001 ent0.0039 VRAM 23MB
Ep 3450 | M0_PDR 1.000 | M1_PDR 1.000 | H_m0 0.18 H_m1 0.00 | a-0.0003 c0.0001 ent0.0038 VRAM 23MB
Ep 3500 | M0_PDR 1.000 | M1_PDR 1.000 | H_m0 0.21 H_m1 0.00 | a-0.0003 c0.0000 ent0.0037 VRAM 23MB
Ep 3550 | M0_PDR 1.000 | M1_PDR 1.000 | H_m0 0.23 H_m1 0.00 | a-0.0005 c0.0001 ent0.0036 VRAM 23MB
Ep 3600 | M0_PDR 1.000 | M1_PDR 1.000 | H_m0 0.29 H_m1 0.00 | a-0.0011 c0.0001 ent0.0035 VRAM 23MB
Ep 3650 | M0_PDR 1.000 | M1_PDR 1.000 | H_m0 0.25 H_m1 0.00 | a-0.0004 c0.0001 ent0.0034 VRAM 23MB
Ep 3700 | M0_PDR 1.000 | M1_PDR 1.000 | H_m0 0.24 H_m1 0.00 | a-0.0004 c0.0001 ent0.0033 VRAM 23MB
Ep 3750 | M0_PDR 1.000 | M1_PDR 1.000 | H_m0 0.23 H_m1 0.00 | a-0.0004 c0.0001 ent0.0032 VRAM 23MB
Ep 3800 | M0_PDR 1.000 | M1_PDR 1.000 | H_m0 0.17 H_m1 0.00 | a-0.0004 c0.0001 ent0.0032 VRAM 23MB
Ep 3850 | M0_PDR 1.000 | M1_PDR 1.000 | H_m0 0.12 H_m1 0.00 | a-0.0002 c0.0003 ent0.0031 VRAM 23MB
Ep 3900 | M0_PDR 1.000 | M1_PDR 1.000 | H_m0 0.13 H_m1 0.00 | a-0.0003 c0.0001 ent0.0030 VRAM 23MB
Ep 3950 | M0_PDR 1.000 | M1_PDR 1.000 | H_m0 0.13 H_m1 0.00 | a-0.0002 c0.0003 ent0.0029 VRAM 23MB
Ep 4000 | M0_PDR 1.000 | M1_PDR 1.000 | H_m0 0.15 H_m1 0.00 | a-0.0003 c0.0001 ent0.0028 VRAM 23MB
Ep 4050 | M0_PDR 1.000 | M1_PDR 1.000 | H_m0 0.15 H_m1 0.00 | a-0.0003 c0.0002 ent0.0027 VRAM 23MB
Ep 4100 | M0_PDR 1.000 | M1_PDR 1.000 | H_m0 0.16 H_m1 0.00 | a-0.0002 c0.0002 ent0.0026 VRAM 23MB
Ep 4150 | M0_PDR 1.000 | M1_PDR 1.000 | H_m0 0.16 H_m1 0.00 | a-0.0003 c0.0003 ent0.0025 VRAM 23MB
Ep 4200 | M0_PDR 1.000 | M1_PDR 1.000 | H_m0 0.17 H_m1 0.00 | a-0.0002 c0.0000 ent0.0024 VRAM 23MB
Ep 4250 | M0_PDR 1.000 | M1_PDR 1.000 | H_m0 0.17 H_m1 0.00 | a-0.0002 c0.0000 ent0.0023 VRAM 23MB
Ep 4300 | M0_PDR 1.000 | M1_PDR 1.000 | H_m0 0.16 H_m1 0.00 | a-0.0002 c0.0000 ent0.0023 VRAM 23MB
Ep 4350 | M0_PDR 1.000 | M1_PDR 1.000 | H_m0 0.21 H_m1 0.00 | a-0.0003 c0.0001 ent0.0022 VRAM 23MB
Ep 4400 | M0_PDR 1.000 | M1_PDR 1.000 | H_m0 0.23 H_m1 0.00 | a-0.0002 c0.0000 ent0.0021 VRAM 23MB
Ep 4450 | M0_PDR 1.000 | M1_PDR 1.000 | H_m0 0.24 H_m1 0.00 | a-0.0003 c0.0001 ent0.0020 VRAM 23MB
Ep 4500 | M0_PDR 1.000 | M1_PDR 1.000 | H_m0 0.24 H_m1 0.00 | a-0.0002 c0.0000 ent0.0019 VRAM 23MB
Ep 4550 | M0_PDR 1.000 | M1_PDR 1.000 | H_m0 0.25 H_m1 0.00 | a-0.0002 c0.0000 ent0.0018 VRAM 23MB
Ep 4600 | M0_PDR 1.000 | M1_PDR 1.000 | H_m0 0.26 H_m1 0.00 | a-0.0003 c0.0000 ent0.0017 VRAM 23MB
Ep 4650 | M0_PDR 1.000 | M1_PDR 1.000 | H_m0 0.27 H_m1 0.00 | a-0.0002 c0.0001 ent0.0016 VRAM 23MB
Ep 4700 | M0_PDR 1.000 | M1_PDR 1.000 | H_m0 0.27 H_m1 0.00 | a-0.0003 c0.0000 ent0.0015 VRAM 23MB
Ep 4750 | M0_PDR 1.000 | M1_PDR 1.000 | H_m0 0.28 H_m1 0.00 | a-0.0002 c0.0000 ent0.0014 VRAM 23MB
Ep 4800 | M0_PDR 1.000 | M1_PDR 1.000 | H_m0 0.30 H_m1 0.00 | a-0.0002 c0.0001 ent0.0014 VRAM 23MB
Ep 4850 | M0_PDR 1.000 | M1_PDR 1.000 | H_m0 0.29 H_m1 0.00 | a-0.0002 c0.0001 ent0.0013 VRAM 23MB
Ep 4900 | M0_PDR 1.000 | M1_PDR 1.000 | H_m0 0.29 H_m1 0.00 | a-0.0002 c0.0001 ent0.0012 VRAM 23MB
Ep 4950 | M0_PDR 1.000 | M1_PDR 1.000 | H_m0 0.29 H_m1 0.00 | a-0.0001 c0.0001 ent0.0011 VRAM 23MB

Training complete. Running 100 eval episodes...

  Eval ep   0: M0_PDR=1.000  M1_PDR=1.000
  Eval ep  20: M0_PDR=1.000  M1_PDR=1.000
  Eval ep  40: M0_PDR=1.000  M1_PDR=1.000
  Eval ep  60: M0_PDR=1.000  M1_PDR=1.000
  Eval ep  80: M0_PDR=1.000  M1_PDR=1.000

=== Eval Summary (100 episodes) ===
  M0_PDR_mean         : 1.0000
  M0_PDR_p05 (across) : 1.0000
  M0_PDR_p05 (intra)  : 1.0000
  M1_PDR_mean         : 1.0000
  M0_SINR_mean (dB)   : 47.31
  M1_SINR_mean (dB)   : 48.63
  M0_collision_rate   : 0.000
  M0_collision_within_pool : 0.000
  M1_collision_within_pool : 0.000

Result saved -> results/_A_N4_seed4_5000ep_gaefix_g05_ent01_as.json
  N=4  rho=0.8  M0_PDR=1.000  M1_PDR=1.000
[NS3Bridge] Shutdown complete.
Run complete.
