[seed] all RNGs seeded with 6
GPU : NVIDIA GeForce RTX 3060
VRAM: 12.9 GB
Device          : cuda:0
Actor M0 params : 21,273
Actor M1 params : 21,273
Critic params   : 79,361
obs_dim=11  action_dim=25  gs_dim=49
M0 count: 2  M1 count: 2
Training for 3000 episodes (Config A_N4_seed6, N=4)...

[NS3Bridge] Connected tcp://localhost:5616
Ep    0 | M0_PDR 0.648 | M1_PDR 0.649 | H_m0 3.21 H_m1 3.21 | a-0.1671 c47.4270 ent0.0500 VRAM 23MB
Ep   50 | M0_PDR 0.712 | M1_PDR 0.592 | H_m0 3.16 H_m1 3.20 | a-0.1581 c20.0969 ent0.0492 VRAM 23MB
Ep  100 | M0_PDR 0.678 | M1_PDR 0.630 | H_m0 3.10 H_m1 3.21 | a-0.1540 c12.9598 ent0.0484 VRAM 23MB
Ep  150 | M0_PDR 0.626 | M1_PDR 0.660 | H_m0 3.14 H_m1 3.17 | a-0.1522 c8.2597 ent0.0475 VRAM 23MB
Ep  200 | M0_PDR 0.678 | M1_PDR 0.615 | H_m0 3.06 H_m1 3.15 | a-0.1467 c4.2857 ent0.0467 VRAM 23MB
Ep  250 | M0_PDR 0.664 | M1_PDR 0.609 | H_m0 2.94 H_m1 3.17 | a-0.1412 c2.7642 ent0.0459 VRAM 23MB
Ep  300 | M0_PDR 0.662 | M1_PDR 0.638 | H_m0 2.96 H_m1 3.15 | a-0.1390 c2.7971 ent0.0451 VRAM 23MB
Ep  350 | M0_PDR 0.711 | M1_PDR 0.623 | H_m0 2.87 H_m1 3.20 | a-0.1352 c3.2607 ent0.0443 VRAM 23MB
Ep  400 | M0_PDR 0.677 | M1_PDR 0.646 | H_m0 2.89 H_m1 3.18 | a-0.1343 c2.3316 ent0.0435 VRAM 23MB
Ep  450 | M0_PDR 0.681 | M1_PDR 0.596 | H_m0 2.62 H_m1 3.20 | a-0.1249 c3.0316 ent0.0426 VRAM 23MB
Ep  500 | M0_PDR 0.677 | M1_PDR 0.594 | H_m0 2.77 H_m1 3.20 | a-0.1259 c3.0135 ent0.0418 VRAM 23MB
Ep  550 | M0_PDR 0.698 | M1_PDR 0.629 | H_m0 2.77 H_m1 3.21 | a-0.1248 c2.2907 ent0.0410 VRAM 23MB
Ep  600 | M0_PDR 0.693 | M1_PDR 0.619 | H_m0 2.62 H_m1 3.20 | a-0.1193 c2.5954 ent0.0402 VRAM 23MB
Ep  650 | M0_PDR 0.706 | M1_PDR 0.626 | H_m0 2.68 H_m1 3.20 | a-0.1167 c1.4012 ent0.0394 VRAM 23MB
Ep  700 | M0_PDR 0.708 | M1_PDR 0.642 | H_m0 2.80 H_m1 3.20 | a-0.1165 c2.2118 ent0.0386 VRAM 23MB
Ep  750 | M0_PDR 0.712 | M1_PDR 0.625 | H_m0 2.63 H_m1 3.19 | a-0.1107 c2.2918 ent0.0377 VRAM 23MB
Ep  800 | M0_PDR 0.688 | M1_PDR 0.638 | H_m0 2.72 H_m1 3.20 | a-0.1100 c2.4454 ent0.0369 VRAM 23MB
Ep  850 | M0_PDR 0.716 | M1_PDR 0.637 | H_m0 2.75 H_m1 3.20 | a-0.1077 c2.5645 ent0.0361 VRAM 23MB
Ep  900 | M0_PDR 0.703 | M1_PDR 0.640 | H_m0 2.65 H_m1 3.20 | a-0.1045 c1.7847 ent0.0353 VRAM 23MB
Ep  950 | M0_PDR 0.746 | M1_PDR 0.631 | H_m0 2.50 H_m1 3.20 | a-0.0988 c2.1853 ent0.0345 VRAM 23MB
Ep 1000 | M0_PDR 0.689 | M1_PDR 0.614 | H_m0 2.54 H_m1 3.20 | a-0.0971 c1.5785 ent0.0337 VRAM 23MB
Ep 1050 | M0_PDR 0.711 | M1_PDR 0.621 | H_m0 2.56 H_m1 3.19 | a-0.0950 c1.5836 ent0.0328 VRAM 23MB
Ep 1100 | M0_PDR 0.704 | M1_PDR 0.633 | H_m0 2.53 H_m1 3.19 | a-0.0927 c1.5625 ent0.0320 VRAM 23MB
Ep 1150 | M0_PDR 0.717 | M1_PDR 0.639 | H_m0 2.55 H_m1 3.15 | a-0.0902 c2.0959 ent0.0312 VRAM 23MB
Ep 1200 | M0_PDR 0.742 | M1_PDR 0.661 | H_m0 2.28 H_m1 3.12 | a-0.0831 c2.1611 ent0.0304 VRAM 23MB
Ep 1250 | M0_PDR 0.715 | M1_PDR 0.648 | H_m0 2.58 H_m1 3.13 | a-0.0854 c1.5368 ent0.0296 VRAM 23MB
Ep 1300 | M0_PDR 0.677 | M1_PDR 0.638 | H_m0 2.38 H_m1 3.11 | a-0.0803 c2.8260 ent0.0288 VRAM 23MB
Ep 1350 | M0_PDR 0.697 | M1_PDR 0.650 | H_m0 2.27 H_m1 3.10 | a-0.0758 c1.5604 ent0.0279 VRAM 23MB
Ep 1400 | M0_PDR 0.722 | M1_PDR 0.595 | H_m0 2.23 H_m1 3.12 | a-0.0734 c1.2666 ent0.0271 VRAM 23MB
Ep 1450 | M0_PDR 0.708 | M1_PDR 0.648 | H_m0 2.15 H_m1 3.13 | a-0.0704 c1.3735 ent0.0263 VRAM 23MB
Ep 1500 | M0_PDR 0.722 | M1_PDR 0.591 | H_m0 2.32 H_m1 3.16 | a-0.0710 c1.8724 ent0.0255 VRAM 23MB
Ep 1550 | M0_PDR 0.687 | M1_PDR 0.584 | H_m0 2.34 H_m1 3.11 | a-0.0675 c2.6771 ent0.0247 VRAM 23MB
Ep 1600 | M0_PDR 0.710 | M1_PDR 0.642 | H_m0 2.41 H_m1 3.12 | a-0.0664 c3.0376 ent0.0239 VRAM 23MB
Ep 1650 | M0_PDR 0.732 | M1_PDR 0.655 | H_m0 2.39 H_m1 3.14 | a-0.0639 c1.6099 ent0.0230 VRAM 23MB
Ep 1700 | M0_PDR 0.715 | M1_PDR 0.629 | H_m0 2.52 H_m1 3.13 | a-0.0631 c1.4903 ent0.0222 VRAM 23MB
Ep 1750 | M0_PDR 0.712 | M1_PDR 0.633 | H_m0 2.30 H_m1 3.07 | a-0.0591 c1.6324 ent0.0214 VRAM 23MB
Ep 1800 | M0_PDR 0.737 | M1_PDR 0.645 | H_m0 2.21 H_m1 3.08 | a-0.0545 c1.5868 ent0.0206 VRAM 23MB
Ep 1850 | M0_PDR 0.660 | M1_PDR 0.621 | H_m0 2.13 H_m1 3.08 | a-0.0523 c2.4792 ent0.0198 VRAM 23MB
Ep 1900 | M0_PDR 0.710 | M1_PDR 0.647 | H_m0 2.17 H_m1 3.09 | a-0.0501 c3.2241 ent0.0190 VRAM 23MB
Ep 1950 | M0_PDR 0.730 | M1_PDR 0.653 | H_m0 2.14 H_m1 3.08 | a-0.0478 c1.7335 ent0.0181 VRAM 23MB
Ep 2000 | M0_PDR 0.744 | M1_PDR 0.629 | H_m0 2.07 H_m1 3.03 | a-0.0446 c2.4154 ent0.0173 VRAM 23MB
Ep 2050 | M0_PDR 0.780 | M1_PDR 0.672 | H_m0 2.02 H_m1 3.07 | a-0.0426 c2.1091 ent0.0165 VRAM 23MB
Ep 2100 | M0_PDR 0.682 | M1_PDR 0.630 | H_m0 2.04 H_m1 3.06 | a-0.0403 c2.0877 ent0.0157 VRAM 23MB
Ep 2150 | M0_PDR 0.711 | M1_PDR 0.686 | H_m0 2.13 H_m1 3.08 | a-0.0390 c1.9067 ent0.0149 VRAM 23MB
Ep 2200 | M0_PDR 0.738 | M1_PDR 0.630 | H_m0 2.09 H_m1 3.06 | a-0.0364 c1.6750 ent0.0141 VRAM 23MB
Ep 2250 | M0_PDR 0.749 | M1_PDR 0.610 | H_m0 2.06 H_m1 3.06 | a-0.0341 c1.5437 ent0.0132 VRAM 23MB
Ep 2300 | M0_PDR 0.749 | M1_PDR 0.643 | H_m0 2.00 H_m1 3.08 | a-0.0319 c1.9330 ent0.0124 VRAM 23MB
Ep 2350 | M0_PDR 0.700 | M1_PDR 0.628 | H_m0 2.11 H_m1 3.07 | a-0.0302 c2.5625 ent0.0116 VRAM 23MB
Ep 2400 | M0_PDR 0.701 | M1_PDR 0.651 | H_m0 2.07 H_m1 3.06 | a-0.0278 c2.2758 ent0.0108 VRAM 23MB
Ep 2450 | M0_PDR 0.765 | M1_PDR 0.635 | H_m0 1.96 H_m1 3.02 | a-0.0252 c2.0181 ent0.0100 VRAM 23MB
Ep 2500 | M0_PDR 0.724 | M1_PDR 0.654 | H_m0 1.95 H_m1 3.02 | a-0.0228 c1.3982 ent0.0092 VRAM 23MB
Ep 2550 | M0_PDR 0.692 | M1_PDR 0.628 | H_m0 1.96 H_m1 3.02 | a-0.0210 c2.3131 ent0.0083 VRAM 23MB
Ep 2600 | M0_PDR 0.709 | M1_PDR 0.646 | H_m0 1.91 H_m1 3.03 | a-0.0186 c2.0791 ent0.0075 VRAM 23MB
Ep 2650 | M0_PDR 0.708 | M1_PDR 0.657 | H_m0 1.91 H_m1 3.04 | a-0.0168 c2.0453 ent0.0067 VRAM 23MB
Ep 2700 | M0_PDR 0.746 | M1_PDR 0.624 | H_m0 1.89 H_m1 3.03 | a-0.0145 c2.2010 ent0.0059 VRAM 23MB
Ep 2750 | M0_PDR 0.756 | M1_PDR 0.659 | H_m0 1.79 H_m1 3.03 | a-0.0123 c2.3011 ent0.0051 VRAM 23MB
Ep 2800 | M0_PDR 0.730 | M1_PDR 0.656 | H_m0 1.84 H_m1 3.02 | a-0.0104 c1.7812 ent0.0043 VRAM 23MB
Ep 2850 | M0_PDR 0.731 | M1_PDR 0.620 | H_m0 1.79 H_m1 3.02 | a-0.0083 c1.8648 ent0.0034 VRAM 23MB
Ep 2900 | M0_PDR 0.760 | M1_PDR 0.652 | H_m0 1.79 H_m1 2.99 | a-0.0063 c1.8878 ent0.0026 VRAM 23MB
Ep 2950 | M0_PDR 0.792 | M1_PDR 0.661 | H_m0 1.77 H_m1 2.98 | a-0.0043 c1.9354 ent0.0018 VRAM 23MB

Training complete. Running 100 eval episodes...

  Eval ep   0: M0_PDR=0.743  M1_PDR=0.651
  Eval ep  20: M0_PDR=0.782  M1_PDR=0.643
  Eval ep  40: M0_PDR=0.728  M1_PDR=0.614
  Eval ep  60: M0_PDR=0.740  M1_PDR=0.644
  Eval ep  80: M0_PDR=0.794  M1_PDR=0.652

=== Eval Summary (100 episodes) ===
  M0_PDR_mean         : 0.7445
  M0_PDR_p05 (across) : 0.7070
  M0_PDR_p05 (intra)  : 0.1079
  M1_PDR_mean         : 0.6448
  M0_SINR_mean (dB)   : 21.10
  M1_SINR_mean (dB)   : 11.72
  M0_collision_rate   : 0.455
  M0_collision_within_pool : 0.221
  M1_collision_within_pool : 0.231

Result saved -> results/_A_N4_seed6.json
  N=4  rho=0.8  M0_PDR=0.744  M1_PDR=0.645
[NS3Bridge] Shutdown complete.
Run complete.
