[seed] all RNGs seeded with 10
GPU : NVIDIA GeForce RTX 3060
VRAM: 12.9 GB
Device          : cuda:0
Actor M0 params : 21,273
Actor M1 params : 21,273
Critic params   : 79,361
obs_dim=11  action_dim=25  gs_dim=49
M0 count: 2  M1 count: 2
Training for 3000 episodes (Config A_N4_seed10, N=4)...

[NS3Bridge] Connected tcp://localhost:5656
Ep    0 | M0_PDR 0.620 | M1_PDR 0.647 | H_m0 3.22 H_m1 3.21 | a-0.1657 c43.0048 ent0.0500 VRAM 23MB
Ep   50 | M0_PDR 0.673 | M1_PDR 0.621 | H_m0 3.18 H_m1 3.20 | a-0.1582 c21.3264 ent0.0492 VRAM 23MB
Ep  100 | M0_PDR 0.668 | M1_PDR 0.691 | H_m0 3.10 H_m1 3.21 | a-0.1539 c13.9833 ent0.0484 VRAM 23MB
Ep  150 | M0_PDR 0.703 | M1_PDR 0.654 | H_m0 3.06 H_m1 3.20 | a-0.1499 c8.4319 ent0.0475 VRAM 23MB
Ep  200 | M0_PDR 0.684 | M1_PDR 0.647 | H_m0 3.08 H_m1 3.19 | a-0.1481 c3.9183 ent0.0467 VRAM 23MB
Ep  250 | M0_PDR 0.662 | M1_PDR 0.645 | H_m0 3.06 H_m1 3.19 | a-0.1440 c4.8451 ent0.0459 VRAM 23MB
Ep  300 | M0_PDR 0.710 | M1_PDR 0.639 | H_m0 2.96 H_m1 3.20 | a-0.1399 c2.4922 ent0.0451 VRAM 23MB
Ep  350 | M0_PDR 0.742 | M1_PDR 0.630 | H_m0 3.06 H_m1 3.21 | a-0.1394 c3.4985 ent0.0443 VRAM 23MB
Ep  400 | M0_PDR 0.638 | M1_PDR 0.560 | H_m0 2.93 H_m1 3.20 | a-0.1342 c2.7714 ent0.0435 VRAM 23MB
Ep  450 | M0_PDR 0.679 | M1_PDR 0.598 | H_m0 2.72 H_m1 3.19 | a-0.1269 c1.5249 ent0.0426 VRAM 23MB
Ep  500 | M0_PDR 0.716 | M1_PDR 0.634 | H_m0 2.79 H_m1 3.17 | a-0.1258 c1.8359 ent0.0418 VRAM 23MB
Ep  550 | M0_PDR 0.686 | M1_PDR 0.623 | H_m0 2.75 H_m1 3.17 | a-0.1226 c1.5770 ent0.0410 VRAM 23MB
Ep  600 | M0_PDR 0.685 | M1_PDR 0.602 | H_m0 2.74 H_m1 3.18 | a-0.1208 c1.5713 ent0.0402 VRAM 23MB
Ep  650 | M0_PDR 0.714 | M1_PDR 0.576 | H_m0 2.69 H_m1 3.19 | a-0.1171 c1.8716 ent0.0394 VRAM 23MB
Ep  700 | M0_PDR 0.671 | M1_PDR 0.665 | H_m0 2.85 H_m1 3.20 | a-0.1173 c1.7403 ent0.0386 VRAM 23MB
Ep  750 | M0_PDR 0.718 | M1_PDR 0.613 | H_m0 2.59 H_m1 3.21 | a-0.1100 c2.1094 ent0.0377 VRAM 23MB
Ep  800 | M0_PDR 0.721 | M1_PDR 0.574 | H_m0 2.49 H_m1 3.20 | a-0.1055 c1.8677 ent0.0369 VRAM 23MB
Ep  850 | M0_PDR 0.706 | M1_PDR 0.601 | H_m0 2.36 H_m1 3.20 | a-0.1014 c1.9113 ent0.0361 VRAM 23MB
Ep  900 | M0_PDR 0.749 | M1_PDR 0.615 | H_m0 2.42 H_m1 3.20 | a-0.0993 c1.9623 ent0.0353 VRAM 23MB
Ep  950 | M0_PDR 0.730 | M1_PDR 0.618 | H_m0 2.61 H_m1 3.19 | a-0.1008 c1.5626 ent0.0345 VRAM 23MB
Ep 1000 | M0_PDR 0.635 | M1_PDR 0.600 | H_m0 2.61 H_m1 3.19 | a-0.0987 c2.6908 ent0.0337 VRAM 23MB
Ep 1050 | M0_PDR 0.697 | M1_PDR 0.629 | H_m0 2.45 H_m1 3.18 | a-0.0933 c1.4415 ent0.0328 VRAM 23MB
Ep 1100 | M0_PDR 0.738 | M1_PDR 0.650 | H_m0 2.46 H_m1 3.15 | a-0.0918 c1.5478 ent0.0320 VRAM 23MB
Ep 1150 | M0_PDR 0.693 | M1_PDR 0.685 | H_m0 2.28 H_m1 3.16 | a-0.0851 c2.0604 ent0.0312 VRAM 23MB
Ep 1200 | M0_PDR 0.700 | M1_PDR 0.613 | H_m0 2.46 H_m1 3.19 | a-0.0866 c1.7861 ent0.0304 VRAM 23MB
Ep 1250 | M0_PDR 0.738 | M1_PDR 0.646 | H_m0 2.34 H_m1 3.18 | a-0.0829 c1.6997 ent0.0296 VRAM 23MB
Ep 1300 | M0_PDR 0.720 | M1_PDR 0.656 | H_m0 2.42 H_m1 3.16 | a-0.0809 c1.4614 ent0.0288 VRAM 23MB
Ep 1350 | M0_PDR 0.707 | M1_PDR 0.607 | H_m0 2.41 H_m1 3.16 | a-0.0791 c1.4871 ent0.0279 VRAM 23MB
Ep 1400 | M0_PDR 0.744 | M1_PDR 0.595 | H_m0 2.30 H_m1 3.17 | a-0.0751 c2.0392 ent0.0271 VRAM 23MB
Ep 1450 | M0_PDR 0.703 | M1_PDR 0.669 | H_m0 2.30 H_m1 3.17 | a-0.0723 c1.9517 ent0.0263 VRAM 23MB
Ep 1500 | M0_PDR 0.733 | M1_PDR 0.587 | H_m0 2.29 H_m1 3.17 | a-0.0702 c2.4165 ent0.0255 VRAM 23MB
Ep 1550 | M0_PDR 0.733 | M1_PDR 0.637 | H_m0 2.28 H_m1 3.16 | a-0.0677 c1.6223 ent0.0247 VRAM 23MB
Ep 1600 | M0_PDR 0.717 | M1_PDR 0.592 | H_m0 2.36 H_m1 3.15 | a-0.0666 c2.0114 ent0.0239 VRAM 23MB
Ep 1650 | M0_PDR 0.706 | M1_PDR 0.592 | H_m0 2.12 H_m1 3.11 | a-0.0610 c1.6050 ent0.0230 VRAM 23MB
Ep 1700 | M0_PDR 0.731 | M1_PDR 0.659 | H_m0 1.95 H_m1 3.03 | a-0.0557 c1.7089 ent0.0222 VRAM 23MB
Ep 1750 | M0_PDR 0.721 | M1_PDR 0.635 | H_m0 1.98 H_m1 3.01 | a-0.0534 c2.6195 ent0.0214 VRAM 23MB
Ep 1800 | M0_PDR 0.712 | M1_PDR 0.668 | H_m0 1.85 H_m1 2.96 | a-0.0501 c2.6433 ent0.0206 VRAM 23MB
Ep 1850 | M0_PDR 0.711 | M1_PDR 0.657 | H_m0 1.89 H_m1 2.88 | a-0.0476 c2.2480 ent0.0198 VRAM 23MB
Ep 1900 | M0_PDR 0.745 | M1_PDR 0.668 | H_m0 1.82 H_m1 2.93 | a-0.0464 c1.9971 ent0.0190 VRAM 23MB
Ep 1950 | M0_PDR 0.699 | M1_PDR 0.634 | H_m0 1.82 H_m1 2.95 | a-0.0431 c2.3586 ent0.0181 VRAM 23MB
Ep 2000 | M0_PDR 0.714 | M1_PDR 0.633 | H_m0 1.86 H_m1 2.96 | a-0.0421 c2.0778 ent0.0173 VRAM 23MB
Ep 2050 | M0_PDR 0.718 | M1_PDR 0.654 | H_m0 1.87 H_m1 2.96 | a-0.0400 c1.6337 ent0.0165 VRAM 23MB
Ep 2100 | M0_PDR 0.734 | M1_PDR 0.692 | H_m0 1.87 H_m1 2.96 | a-0.0386 c2.8386 ent0.0157 VRAM 23MB
Ep 2150 | M0_PDR 0.741 | M1_PDR 0.678 | H_m0 1.89 H_m1 3.01 | a-0.0367 c1.4978 ent0.0149 VRAM 23MB
Ep 2200 | M0_PDR 0.716 | M1_PDR 0.667 | H_m0 1.91 H_m1 3.04 | a-0.0351 c2.4952 ent0.0141 VRAM 23MB
Ep 2250 | M0_PDR 0.724 | M1_PDR 0.616 | H_m0 1.94 H_m1 3.02 | a-0.0332 c1.6729 ent0.0132 VRAM 23MB
Ep 2300 | M0_PDR 0.721 | M1_PDR 0.702 | H_m0 1.85 H_m1 3.05 | a-0.0307 c2.0525 ent0.0124 VRAM 23MB
Ep 2350 | M0_PDR 0.742 | M1_PDR 0.687 | H_m0 1.88 H_m1 3.01 | a-0.0287 c1.8372 ent0.0116 VRAM 23MB
Ep 2400 | M0_PDR 0.743 | M1_PDR 0.668 | H_m0 1.85 H_m1 2.99 | a-0.0263 c1.6833 ent0.0108 VRAM 23MB
Ep 2450 | M0_PDR 0.723 | M1_PDR 0.657 | H_m0 1.90 H_m1 2.97 | a-0.0244 c1.5218 ent0.0100 VRAM 23MB
Ep 2500 | M0_PDR 0.744 | M1_PDR 0.673 | H_m0 1.88 H_m1 2.96 | a-0.0225 c1.8880 ent0.0092 VRAM 23MB
Ep 2550 | M0_PDR 0.728 | M1_PDR 0.682 | H_m0 1.87 H_m1 2.93 | a-0.0201 c2.2052 ent0.0083 VRAM 23MB
Ep 2600 | M0_PDR 0.742 | M1_PDR 0.657 | H_m0 1.85 H_m1 2.93 | a-0.0180 c1.8234 ent0.0075 VRAM 23MB
Ep 2650 | M0_PDR 0.716 | M1_PDR 0.676 | H_m0 1.84 H_m1 2.92 | a-0.0160 c2.2955 ent0.0067 VRAM 23MB
Ep 2700 | M0_PDR 0.689 | M1_PDR 0.711 | H_m0 1.85 H_m1 2.89 | a-0.0140 c1.7026 ent0.0059 VRAM 23MB
Ep 2750 | M0_PDR 0.750 | M1_PDR 0.704 | H_m0 1.69 H_m1 2.89 | a-0.0117 c1.5891 ent0.0051 VRAM 23MB
Ep 2800 | M0_PDR 0.704 | M1_PDR 0.658 | H_m0 1.77 H_m1 2.88 | a-0.0100 c2.2350 ent0.0043 VRAM 23MB
Ep 2850 | M0_PDR 0.738 | M1_PDR 0.677 | H_m0 1.72 H_m1 2.88 | a-0.0080 c1.5909 ent0.0034 VRAM 23MB
Ep 2900 | M0_PDR 0.750 | M1_PDR 0.673 | H_m0 1.71 H_m1 2.86 | a-0.0060 c2.6621 ent0.0026 VRAM 23MB
Ep 2950 | M0_PDR 0.711 | M1_PDR 0.682 | H_m0 1.74 H_m1 2.85 | a-0.0041 c1.7547 ent0.0018 VRAM 23MB

Training complete. Running 100 eval episodes...

  Eval ep   0: M0_PDR=0.764  M1_PDR=0.625
  Eval ep  20: M0_PDR=0.702  M1_PDR=0.639
  Eval ep  40: M0_PDR=0.751  M1_PDR=0.656
  Eval ep  60: M0_PDR=0.759  M1_PDR=0.701
  Eval ep  80: M0_PDR=0.719  M1_PDR=0.676

=== Eval Summary (100 episodes) ===
  M0_PDR_mean         : 0.7315
  M0_PDR_p05 (across) : 0.6969
  M0_PDR_p05 (intra)  : 0.0825
  M1_PDR_mean         : 0.6755
  M0_SINR_mean (dB)   : 20.15
  M1_SINR_mean (dB)   : 14.67
  M0_collision_rate   : 0.458
  M0_collision_within_pool : 0.257
  M1_collision_within_pool : 0.251

Result saved -> results/_A_N4_seed10.json
  N=4  rho=0.8  M0_PDR=0.731  M1_PDR=0.676
[NS3Bridge] Shutdown complete.
Run complete.
