[seed] all RNGs seeded with 10
GPU : NVIDIA GeForce RTX 3060
VRAM: 12.9 GB
Device          : cuda:0
Actor M0 params : 21,273
Actor M1 params : 21,273
Critic params   : 79,361
obs_dim=11  action_dim=25  gs_dim=49
M0 count: 2  M1 count: 2
Training for 5000 episodes (Config A_N4_seed10_5000ep_gaefix_g05_ent01, N=4)...

[NS3Bridge] Connected tcp://localhost:7476
Ep    0 | M0_PDR 0.618 | M1_PDR 0.649 | H_m0 3.22 H_m1 3.21 | a-0.0381 c1.0592 ent0.0100 VRAM 23MB
Ep   50 | M0_PDR 0.731 | M1_PDR 0.641 | H_m0 1.83 H_m1 3.10 | a-0.0283 c0.8225 ent0.0099 VRAM 23MB
Ep  100 | M0_PDR 0.805 | M1_PDR 0.677 | H_m0 1.20 H_m1 2.16 | a-0.0211 c0.9188 ent0.0098 VRAM 23MB
Ep  150 | M0_PDR 0.754 | M1_PDR 0.655 | H_m0 1.21 H_m1 1.93 | a-0.0191 c0.8546 ent0.0097 VRAM 23MB
Ep  200 | M0_PDR 0.802 | M1_PDR 0.595 | H_m0 1.38 H_m1 1.39 | a-0.0167 c0.9605 ent0.0096 VRAM 23MB
Ep  250 | M0_PDR 0.764 | M1_PDR 0.711 | H_m0 1.28 H_m1 1.70 | a-0.0158 c0.8719 ent0.0095 VRAM 23MB
Ep  300 | M0_PDR 0.802 | M1_PDR 0.721 | H_m0 1.16 H_m1 1.71 | a-0.0147 c0.9077 ent0.0095 VRAM 23MB
Ep  350 | M0_PDR 0.757 | M1_PDR 0.697 | H_m0 1.07 H_m1 1.01 | a-0.0116 c0.8419 ent0.0094 VRAM 23MB
Ep  400 | M0_PDR 0.826 | M1_PDR 0.684 | H_m0 0.92 H_m1 1.10 | a-0.0118 c0.9516 ent0.0093 VRAM 23MB
Ep  450 | M0_PDR 0.964 | M1_PDR 0.723 | H_m0 0.25 H_m1 0.99 | a-0.0080 c1.1347 ent0.0092 VRAM 23MB
Ep  500 | M0_PDR 0.998 | M1_PDR 0.664 | H_m0 0.18 H_m1 0.88 | a-0.0069 c1.2002 ent0.0091 VRAM 23MB
Ep  550 | M0_PDR 0.992 | M1_PDR 0.617 | H_m0 0.12 H_m1 0.78 | a-0.0047 c1.2199 ent0.0090 VRAM 23MB
Ep  600 | M0_PDR 0.995 | M1_PDR 0.675 | H_m0 0.16 H_m1 1.10 | a-0.0061 c1.1917 ent0.0089 VRAM 23MB
Ep  650 | M0_PDR 0.997 | M1_PDR 0.634 | H_m0 0.17 H_m1 1.59 | a-0.0101 c1.2036 ent0.0088 VRAM 23MB
Ep  700 | M0_PDR 1.000 | M1_PDR 0.641 | H_m0 0.05 H_m1 1.56 | a-0.0078 c1.2077 ent0.0087 VRAM 23MB
Ep  750 | M0_PDR 0.973 | M1_PDR 0.703 | H_m0 0.03 H_m1 1.94 | a-0.0132 c1.1363 ent0.0086 VRAM 23MB
Ep  800 | M0_PDR 1.000 | M1_PDR 0.704 | H_m0 0.01 H_m1 1.82 | a-0.0088 c1.1688 ent0.0086 VRAM 23MB
Ep  850 | M0_PDR 1.000 | M1_PDR 0.783 | H_m0 0.01 H_m1 1.35 | a-0.0058 c1.1367 ent0.0085 VRAM 23MB
Ep  900 | M0_PDR 1.000 | M1_PDR 0.778 | H_m0 0.00 H_m1 1.40 | a-0.0061 c1.1318 ent0.0084 VRAM 23MB
Ep  950 | M0_PDR 0.995 | M1_PDR 0.743 | H_m0 0.00 H_m1 1.52 | a-0.0067 c1.1472 ent0.0083 VRAM 23MB
Ep 1000 | M0_PDR 0.992 | M1_PDR 0.796 | H_m0 0.01 H_m1 1.64 | a-0.0077 c1.1220 ent0.0082 VRAM 23MB
Ep 1050 | M0_PDR 0.998 | M1_PDR 0.814 | H_m0 0.00 H_m1 1.74 | a-0.0080 c1.1125 ent0.0081 VRAM 23MB
Ep 1100 | M0_PDR 0.992 | M1_PDR 0.752 | H_m0 0.00 H_m1 1.91 | a-0.0079 c1.1293 ent0.0080 VRAM 23MB
Ep 1150 | M0_PDR 1.000 | M1_PDR 0.829 | H_m0 0.00 H_m1 1.72 | a-0.0067 c1.1133 ent0.0079 VRAM 23MB
Ep 1200 | M0_PDR 1.000 | M1_PDR 0.813 | H_m0 0.00 H_m1 1.43 | a-0.0056 c1.1279 ent0.0078 VRAM 23MB
Ep 1250 | M0_PDR 1.000 | M1_PDR 0.827 | H_m0 0.00 H_m1 1.49 | a-0.0057 c1.1141 ent0.0077 VRAM 23MB
Ep 1300 | M0_PDR 1.000 | M1_PDR 0.815 | H_m0 0.00 H_m1 1.62 | a-0.0077 c1.1170 ent0.0077 VRAM 23MB
Ep 1350 | M0_PDR 1.000 | M1_PDR 0.822 | H_m0 0.02 H_m1 1.60 | a-0.0068 c1.1137 ent0.0076 VRAM 23MB
Ep 1400 | M0_PDR 1.000 | M1_PDR 0.799 | H_m0 0.00 H_m1 1.94 | a-0.0073 c1.1236 ent0.0075 VRAM 23MB
Ep 1450 | M0_PDR 1.000 | M1_PDR 0.751 | H_m0 0.00 H_m1 1.88 | a-0.0079 c1.1488 ent0.0074 VRAM 23MB
Ep 1500 | M0_PDR 1.000 | M1_PDR 0.792 | H_m0 0.00 H_m1 1.94 | a-0.0086 c1.1259 ent0.0073 VRAM 23MB
Ep 1550 | M0_PDR 1.000 | M1_PDR 0.799 | H_m0 0.00 H_m1 1.94 | a-0.0080 c1.1218 ent0.0072 VRAM 23MB
Ep 1600 | M0_PDR 1.000 | M1_PDR 0.731 | H_m0 0.00 H_m1 1.91 | a-0.0072 c1.1590 ent0.0071 VRAM 23MB
Ep 1650 | M0_PDR 0.998 | M1_PDR 0.819 | H_m0 0.00 H_m1 1.79 | a-0.0076 c1.1128 ent0.0070 VRAM 23MB
Ep 1700 | M0_PDR 1.000 | M1_PDR 0.747 | H_m0 0.00 H_m1 1.67 | a-0.0096 c1.1529 ent0.0069 VRAM 23MB
Ep 1750 | M0_PDR 1.000 | M1_PDR 0.794 | H_m0 0.00 H_m1 1.58 | a-0.0065 c1.1280 ent0.0068 VRAM 23MB
Ep 1800 | M0_PDR 1.000 | M1_PDR 0.820 | H_m0 0.00 H_m1 1.73 | a-0.0072 c1.1159 ent0.0068 VRAM 23MB
Ep 1850 | M0_PDR 1.000 | M1_PDR 0.794 | H_m0 0.00 H_m1 1.75 | a-0.0055 c1.1264 ent0.0067 VRAM 23MB
Ep 1900 | M0_PDR 1.000 | M1_PDR 0.779 | H_m0 0.00 H_m1 1.52 | a-0.0052 c1.1356 ent0.0066 VRAM 23MB
Ep 1950 | M0_PDR 0.999 | M1_PDR 0.771 | H_m0 0.00 H_m1 1.80 | a-0.0063 c1.1347 ent0.0065 VRAM 23MB
Ep 2000 | M0_PDR 1.000 | M1_PDR 0.802 | H_m0 0.00 H_m1 1.67 | a-0.0049 c1.1240 ent0.0064 VRAM 23MB
Ep 2050 | M0_PDR 1.000 | M1_PDR 0.728 | H_m0 0.00 H_m1 1.90 | a-0.0071 c1.1650 ent0.0063 VRAM 23MB
Ep 2100 | M0_PDR 1.000 | M1_PDR 0.812 | H_m0 0.00 H_m1 1.86 | a-0.0061 c1.1168 ent0.0062 VRAM 23MB
Ep 2150 | M0_PDR 0.997 | M1_PDR 0.772 | H_m0 0.00 H_m1 1.64 | a-0.0059 c1.1312 ent0.0061 VRAM 23MB
Ep 2200 | M0_PDR 1.000 | M1_PDR 0.755 | H_m0 0.00 H_m1 1.43 | a-0.0054 c1.1551 ent0.0060 VRAM 23MB
Ep 2250 | M0_PDR 1.000 | M1_PDR 0.800 | H_m0 0.00 H_m1 1.66 | a-0.0059 c1.1248 ent0.0059 VRAM 23MB
Ep 2300 | M0_PDR 1.000 | M1_PDR 0.763 | H_m0 0.00 H_m1 1.67 | a-0.0056 c1.1453 ent0.0059 VRAM 23MB
Ep 2350 | M0_PDR 1.000 | M1_PDR 0.762 | H_m0 0.00 H_m1 1.57 | a-0.0057 c1.1425 ent0.0058 VRAM 23MB
Ep 2400 | M0_PDR 1.000 | M1_PDR 0.780 | H_m0 0.00 H_m1 1.67 | a-0.0046 c1.1314 ent0.0057 VRAM 23MB
Ep 2450 | M0_PDR 1.000 | M1_PDR 0.805 | H_m0 0.00 H_m1 1.57 | a-0.0042 c1.1206 ent0.0056 VRAM 23MB
Ep 2500 | M0_PDR 1.000 | M1_PDR 0.747 | H_m0 0.00 H_m1 1.51 | a-0.0045 c1.1567 ent0.0055 VRAM 23MB
Ep 2550 | M0_PDR 1.000 | M1_PDR 0.785 | H_m0 0.00 H_m1 1.64 | a-0.0052 c1.1340 ent0.0054 VRAM 23MB
Ep 2600 | M0_PDR 1.000 | M1_PDR 0.755 | H_m0 0.00 H_m1 1.70 | a-0.0055 c1.1434 ent0.0053 VRAM 23MB
Ep 2650 | M0_PDR 1.000 | M1_PDR 0.820 | H_m0 0.00 H_m1 1.70 | a-0.0045 c1.1123 ent0.0052 VRAM 23MB
Ep 2700 | M0_PDR 1.000 | M1_PDR 0.807 | H_m0 0.00 H_m1 1.69 | a-0.0050 c1.1240 ent0.0051 VRAM 23MB
Ep 2750 | M0_PDR 0.998 | M1_PDR 0.776 | H_m0 0.00 H_m1 1.66 | a-0.0041 c1.1348 ent0.0050 VRAM 23MB
Ep 2800 | M0_PDR 1.000 | M1_PDR 0.755 | H_m0 0.00 H_m1 1.68 | a-0.0045 c1.1521 ent0.0050 VRAM 23MB
Ep 2850 | M0_PDR 0.995 | M1_PDR 0.783 | H_m0 0.00 H_m1 1.82 | a-0.0047 c1.1285 ent0.0049 VRAM 23MB
Ep 2900 | M0_PDR 1.000 | M1_PDR 0.820 | H_m0 0.00 H_m1 1.80 | a-0.0042 c1.1119 ent0.0048 VRAM 23MB
Ep 2950 | M0_PDR 1.000 | M1_PDR 0.784 | H_m0 0.00 H_m1 1.78 | a-0.0043 c1.1276 ent0.0047 VRAM 23MB
Ep 3000 | M0_PDR 1.000 | M1_PDR 0.807 | H_m0 0.00 H_m1 1.81 | a-0.0043 c1.1176 ent0.0046 VRAM 23MB
Ep 3050 | M0_PDR 1.000 | M1_PDR 0.795 | H_m0 0.00 H_m1 1.86 | a-0.0043 c1.1229 ent0.0045 VRAM 23MB
Ep 3100 | M0_PDR 1.000 | M1_PDR 0.788 | H_m0 0.00 H_m1 1.77 | a-0.0047 c1.1263 ent0.0044 VRAM 23MB
Ep 3150 | M0_PDR 0.998 | M1_PDR 0.804 | H_m0 0.00 H_m1 1.82 | a-0.0041 c1.1203 ent0.0043 VRAM 23MB
Ep 3200 | M0_PDR 1.000 | M1_PDR 0.774 | H_m0 0.00 H_m1 1.90 | a-0.0042 c1.1358 ent0.0042 VRAM 23MB
Ep 3250 | M0_PDR 0.997 | M1_PDR 0.809 | H_m0 0.00 H_m1 1.90 | a-0.0040 c1.1139 ent0.0041 VRAM 23MB
Ep 3300 | M0_PDR 0.998 | M1_PDR 0.787 | H_m0 0.00 H_m1 2.00 | a-0.0042 c1.1284 ent0.0041 VRAM 23MB
Ep 3350 | M0_PDR 1.000 | M1_PDR 0.779 | H_m0 0.00 H_m1 1.93 | a-0.0041 c1.1356 ent0.0040 VRAM 23MB
Ep 3400 | M0_PDR 1.000 | M1_PDR 0.777 | H_m0 0.00 H_m1 1.85 | a-0.0038 c1.1339 ent0.0039 VRAM 23MB
Ep 3450 | M0_PDR 0.998 | M1_PDR 0.757 | H_m0 0.00 H_m1 1.85 | a-0.0038 c1.1394 ent0.0038 VRAM 23MB
Ep 3500 | M0_PDR 0.999 | M1_PDR 0.757 | H_m0 0.00 H_m1 1.89 | a-0.0035 c1.1481 ent0.0037 VRAM 23MB
Ep 3550 | M0_PDR 1.000 | M1_PDR 0.791 | H_m0 0.00 H_m1 1.88 | a-0.0037 c1.1240 ent0.0036 VRAM 23MB
Ep 3600 | M0_PDR 1.000 | M1_PDR 0.816 | H_m0 0.00 H_m1 1.80 | a-0.0029 c1.1113 ent0.0035 VRAM 23MB
Ep 3650 | M0_PDR 1.000 | M1_PDR 0.783 | H_m0 0.00 H_m1 1.82 | a-0.0032 c1.1347 ent0.0034 VRAM 23MB
Ep 3700 | M0_PDR 1.000 | M1_PDR 0.816 | H_m0 0.00 H_m1 1.79 | a-0.0031 c1.1145 ent0.0033 VRAM 23MB
Ep 3750 | M0_PDR 1.000 | M1_PDR 0.806 | H_m0 0.00 H_m1 1.74 | a-0.0030 c1.1136 ent0.0032 VRAM 23MB
Ep 3800 | M0_PDR 1.000 | M1_PDR 0.792 | H_m0 0.00 H_m1 1.74 | a-0.0028 c1.1286 ent0.0032 VRAM 23MB
Ep 3850 | M0_PDR 1.000 | M1_PDR 0.785 | H_m0 0.00 H_m1 1.75 | a-0.0028 c1.1283 ent0.0031 VRAM 23MB
Ep 3900 | M0_PDR 0.998 | M1_PDR 0.811 | H_m0 0.00 H_m1 1.71 | a-0.0027 c1.1176 ent0.0030 VRAM 23MB
Ep 3950 | M0_PDR 1.000 | M1_PDR 0.767 | H_m0 0.00 H_m1 1.75 | a-0.0026 c1.1433 ent0.0029 VRAM 23MB
Ep 4000 | M0_PDR 1.000 | M1_PDR 0.769 | H_m0 0.00 H_m1 1.77 | a-0.0027 c1.1476 ent0.0028 VRAM 23MB
Ep 4050 | M0_PDR 1.000 | M1_PDR 0.821 | H_m0 0.00 H_m1 1.79 | a-0.0026 c1.1117 ent0.0027 VRAM 23MB
Ep 4100 | M0_PDR 1.000 | M1_PDR 0.801 | H_m0 0.00 H_m1 1.77 | a-0.0022 c1.1227 ent0.0026 VRAM 23MB
Ep 4150 | M0_PDR 0.998 | M1_PDR 0.802 | H_m0 0.00 H_m1 1.79 | a-0.0023 c1.1184 ent0.0025 VRAM 23MB
Ep 4200 | M0_PDR 1.000 | M1_PDR 0.801 | H_m0 0.00 H_m1 1.77 | a-0.0022 c1.1202 ent0.0024 VRAM 23MB
Ep 4250 | M0_PDR 1.000 | M1_PDR 0.822 | H_m0 0.00 H_m1 1.77 | a-0.0021 c1.1131 ent0.0023 VRAM 23MB
Ep 4300 | M0_PDR 1.000 | M1_PDR 0.787 | H_m0 0.00 H_m1 1.77 | a-0.0021 c1.1237 ent0.0023 VRAM 23MB
Ep 4350 | M0_PDR 1.000 | M1_PDR 0.811 | H_m0 0.00 H_m1 1.76 | a-0.0021 c1.1172 ent0.0022 VRAM 23MB
Ep 4400 | M0_PDR 1.000 | M1_PDR 0.805 | H_m0 0.00 H_m1 1.72 | a-0.0018 c1.1165 ent0.0021 VRAM 23MB
Ep 4450 | M0_PDR 1.000 | M1_PDR 0.776 | H_m0 0.00 H_m1 1.74 | a-0.0018 c1.1332 ent0.0020 VRAM 23MB
Ep 4500 | M0_PDR 1.000 | M1_PDR 0.797 | H_m0 0.00 H_m1 1.71 | a-0.0016 c1.1232 ent0.0019 VRAM 23MB
Ep 4550 | M0_PDR 1.000 | M1_PDR 0.803 | H_m0 0.00 H_m1 1.73 | a-0.0016 c1.1193 ent0.0018 VRAM 23MB
Ep 4600 | M0_PDR 0.997 | M1_PDR 0.831 | H_m0 0.00 H_m1 1.69 | a-0.0015 c1.1026 ent0.0017 VRAM 23MB
Ep 4650 | M0_PDR 1.000 | M1_PDR 0.793 | H_m0 0.00 H_m1 1.72 | a-0.0014 c1.1227 ent0.0016 VRAM 23MB
Ep 4700 | M0_PDR 1.000 | M1_PDR 0.809 | H_m0 0.00 H_m1 1.71 | a-0.0014 c1.1241 ent0.0015 VRAM 23MB
Ep 4750 | M0_PDR 1.000 | M1_PDR 0.798 | H_m0 0.00 H_m1 1.73 | a-0.0013 c1.1277 ent0.0014 VRAM 23MB
Ep 4800 | M0_PDR 1.000 | M1_PDR 0.781 | H_m0 0.00 H_m1 1.71 | a-0.0012 c1.1308 ent0.0014 VRAM 23MB
Ep 4850 | M0_PDR 1.000 | M1_PDR 0.827 | H_m0 0.00 H_m1 1.68 | a-0.0011 c1.1081 ent0.0013 VRAM 23MB
Ep 4900 | M0_PDR 1.000 | M1_PDR 0.796 | H_m0 0.00 H_m1 1.71 | a-0.0010 c1.1235 ent0.0012 VRAM 23MB
Ep 4950 | M0_PDR 1.000 | M1_PDR 0.809 | H_m0 0.00 H_m1 1.68 | a-0.0010 c1.1136 ent0.0011 VRAM 23MB

Training complete. Running 100 eval episodes...

  Eval ep   0: M0_PDR=1.000  M1_PDR=0.762
  Eval ep  20: M0_PDR=1.000  M1_PDR=0.771
  Eval ep  40: M0_PDR=1.000  M1_PDR=0.768
  Eval ep  60: M0_PDR=1.000  M1_PDR=0.783
  Eval ep  80: M0_PDR=1.000  M1_PDR=0.816

=== Eval Summary (100 episodes) ===
  M0_PDR_mean         : 0.9999
  M0_PDR_p05 (across) : 0.9999
  M0_PDR_p05 (intra)  : 1.0000
  M1_PDR_mean         : 0.7993
  M0_SINR_mean (dB)   : 47.30
  M1_SINR_mean (dB)   : 26.20
  M0_collision_rate   : 0.000
  M0_collision_within_pool : 0.000
  M1_collision_within_pool : 0.330

Result saved -> results/_A_N4_seed10_5000ep_gaefix_g05_ent01.json
  N=4  rho=0.8  M0_PDR=1.000  M1_PDR=0.799
[NS3Bridge] Shutdown complete.
Run complete.
