[seed] all RNGs seeded with 4
GPU : NVIDIA GeForce RTX 3060
VRAM: 12.9 GB
Device          : cuda:0
Actor M0 params : 21,273
Actor M1 params : 21,273
Critic params   : 79,361
obs_dim=11  action_dim=25  gs_dim=49
M0 count: 2  M1 count: 2
Training for 5000 episodes (Config A_N4_seed4_5000ep, N=4)...

[NS3Bridge] Connected tcp://localhost:5706
Ep    0 | M0_PDR 0.646 | M1_PDR 0.711 | H_m0 3.22 H_m1 3.21 | a-0.1666 c48.8902 ent0.0500 VRAM 23MB
Ep   50 | M0_PDR 0.675 | M1_PDR 0.676 | H_m0 3.20 H_m1 3.21 | a-0.1597 c18.9025 ent0.0495 VRAM 23MB
Ep  100 | M0_PDR 0.624 | M1_PDR 0.624 | H_m0 3.13 H_m1 3.13 | a-0.1556 c11.1529 ent0.0490 VRAM 23MB
Ep  150 | M0_PDR 0.663 | M1_PDR 0.622 | H_m0 3.16 H_m1 3.11 | a-0.1535 c4.1775 ent0.0485 VRAM 23MB
Ep  200 | M0_PDR 0.698 | M1_PDR 0.660 | H_m0 2.96 H_m1 3.15 | a-0.1473 c3.1261 ent0.0480 VRAM 23MB
Ep  250 | M0_PDR 0.690 | M1_PDR 0.674 | H_m0 3.06 H_m1 3.16 | a-0.1490 c3.7528 ent0.0475 VRAM 23MB
Ep  300 | M0_PDR 0.690 | M1_PDR 0.676 | H_m0 2.98 H_m1 3.12 | a-0.1452 c2.5815 ent0.0471 VRAM 23MB
Ep  350 | M0_PDR 0.724 | M1_PDR 0.653 | H_m0 2.87 H_m1 3.16 | a-0.1417 c1.7002 ent0.0466 VRAM 23MB
Ep  400 | M0_PDR 0.663 | M1_PDR 0.649 | H_m0 2.89 H_m1 3.18 | a-0.1416 c2.4815 ent0.0461 VRAM 23MB
Ep  450 | M0_PDR 0.700 | M1_PDR 0.617 | H_m0 2.74 H_m1 3.14 | a-0.1352 c2.2084 ent0.0456 VRAM 23MB
Ep  500 | M0_PDR 0.688 | M1_PDR 0.605 | H_m0 2.88 H_m1 3.14 | a-0.1363 c2.4092 ent0.0451 VRAM 23MB
Ep  550 | M0_PDR 0.674 | M1_PDR 0.672 | H_m0 2.81 H_m1 3.14 | a-0.1336 c3.1746 ent0.0446 VRAM 23MB
Ep  600 | M0_PDR 0.706 | M1_PDR 0.595 | H_m0 2.61 H_m1 3.18 | a-0.1292 c2.1216 ent0.0441 VRAM 23MB
Ep  650 | M0_PDR 0.706 | M1_PDR 0.673 | H_m0 2.54 H_m1 3.19 | a-0.1262 c1.7836 ent0.0436 VRAM 23MB
Ep  700 | M0_PDR 0.682 | M1_PDR 0.643 | H_m0 2.78 H_m1 3.18 | a-0.1290 c2.0494 ent0.0431 VRAM 23MB
Ep  750 | M0_PDR 0.709 | M1_PDR 0.646 | H_m0 2.69 H_m1 3.16 | a-0.1270 c1.7889 ent0.0426 VRAM 23MB
Ep  800 | M0_PDR 0.700 | M1_PDR 0.578 | H_m0 2.43 H_m1 3.19 | a-0.1196 c1.9697 ent0.0422 VRAM 23MB
Ep  850 | M0_PDR 0.666 | M1_PDR 0.634 | H_m0 2.79 H_m1 3.16 | a-0.1246 c3.4171 ent0.0417 VRAM 23MB
Ep  900 | M0_PDR 0.670 | M1_PDR 0.588 | H_m0 2.67 H_m1 3.18 | a-0.1208 c1.8645 ent0.0412 VRAM 23MB
Ep  950 | M0_PDR 0.724 | M1_PDR 0.677 | H_m0 2.72 H_m1 3.17 | a-0.1208 c1.8907 ent0.0407 VRAM 23MB
Ep 1000 | M0_PDR 0.738 | M1_PDR 0.633 | H_m0 2.79 H_m1 3.16 | a-0.1203 c1.7377 ent0.0402 VRAM 23MB
Ep 1050 | M0_PDR 0.733 | M1_PDR 0.631 | H_m0 2.49 H_m1 3.09 | a-0.1117 c1.7448 ent0.0397 VRAM 23MB
Ep 1100 | M0_PDR 0.696 | M1_PDR 0.628 | H_m0 2.44 H_m1 3.10 | a-0.1109 c2.3674 ent0.0392 VRAM 23MB
Ep 1150 | M0_PDR 0.705 | M1_PDR 0.640 | H_m0 2.50 H_m1 3.04 | a-0.1103 c2.1501 ent0.0387 VRAM 23MB
Ep 1200 | M0_PDR 0.697 | M1_PDR 0.696 | H_m0 2.80 H_m1 3.16 | a-0.1148 c2.0734 ent0.0382 VRAM 23MB
Ep 1250 | M0_PDR 0.692 | M1_PDR 0.594 | H_m0 2.56 H_m1 3.13 | a-0.1081 c2.2618 ent0.0377 VRAM 23MB
Ep 1300 | M0_PDR 0.748 | M1_PDR 0.647 | H_m0 2.50 H_m1 3.17 | a-0.1065 c1.3254 ent0.0373 VRAM 23MB
Ep 1350 | M0_PDR 0.676 | M1_PDR 0.647 | H_m0 2.58 H_m1 3.17 | a-0.1071 c1.9666 ent0.0368 VRAM 23MB
Ep 1400 | M0_PDR 0.693 | M1_PDR 0.637 | H_m0 2.63 H_m1 3.10 | a-0.1052 c1.5098 ent0.0363 VRAM 23MB
Ep 1450 | M0_PDR 0.710 | M1_PDR 0.614 | H_m0 2.61 H_m1 3.16 | a-0.1055 c1.7649 ent0.0358 VRAM 23MB
Ep 1500 | M0_PDR 0.704 | M1_PDR 0.632 | H_m0 2.32 H_m1 3.12 | a-0.0976 c1.8097 ent0.0353 VRAM 23MB
Ep 1550 | M0_PDR 0.726 | M1_PDR 0.630 | H_m0 1.98 H_m1 3.16 | a-0.0903 c2.2931 ent0.0348 VRAM 23MB
Ep 1600 | M0_PDR 0.813 | M1_PDR 0.620 | H_m0 1.02 H_m1 3.14 | a-0.0722 c2.9838 ent0.0343 VRAM 23MB
Ep 1650 | M0_PDR 0.950 | M1_PDR 0.717 | H_m0 0.22 H_m1 2.68 | a-0.0515 c0.9252 ent0.0338 VRAM 23MB
Ep 1700 | M0_PDR 0.988 | M1_PDR 0.736 | H_m0 0.03 H_m1 2.37 | a-0.0411 c0.5715 ent0.0333 VRAM 23MB
Ep 1750 | M0_PDR 0.992 | M1_PDR 0.766 | H_m0 0.01 H_m1 2.45 | a-0.0412 c0.5017 ent0.0328 VRAM 23MB
Ep 1800 | M0_PDR 0.987 | M1_PDR 0.768 | H_m0 0.01 H_m1 2.55 | a-0.0431 c0.4397 ent0.0324 VRAM 23MB
Ep 1850 | M0_PDR 0.995 | M1_PDR 0.747 | H_m0 0.01 H_m1 2.58 | a-0.0428 c0.4706 ent0.0319 VRAM 23MB
Ep 1900 | M0_PDR 0.978 | M1_PDR 0.771 | H_m0 0.01 H_m1 2.67 | a-0.0425 c0.6247 ent0.0314 VRAM 23MB
Ep 1950 | M0_PDR 0.987 | M1_PDR 0.750 | H_m0 0.00 H_m1 2.63 | a-0.0409 c0.5647 ent0.0309 VRAM 23MB
Ep 2000 | M0_PDR 0.978 | M1_PDR 0.761 | H_m0 0.00 H_m1 2.65 | a-0.0409 c0.5292 ent0.0304 VRAM 23MB
Ep 2050 | M0_PDR 0.973 | M1_PDR 0.775 | H_m0 0.00 H_m1 2.61 | a-0.0395 c0.5685 ent0.0299 VRAM 23MB
Ep 2100 | M0_PDR 0.975 | M1_PDR 0.728 | H_m0 0.00 H_m1 2.63 | a-0.0397 c0.6935 ent0.0294 VRAM 23MB
Ep 2150 | M0_PDR 0.978 | M1_PDR 0.747 | H_m0 0.00 H_m1 2.56 | a-0.0372 c0.8331 ent0.0289 VRAM 23MB
Ep 2200 | M0_PDR 0.988 | M1_PDR 0.808 | H_m0 0.00 H_m1 2.56 | a-0.0368 c0.4189 ent0.0284 VRAM 23MB
Ep 2250 | M0_PDR 0.995 | M1_PDR 0.770 | H_m0 0.00 H_m1 2.55 | a-0.0357 c0.4416 ent0.0279 VRAM 23MB
Ep 2300 | M0_PDR 0.987 | M1_PDR 0.790 | H_m0 0.00 H_m1 2.59 | a-0.0359 c0.5050 ent0.0275 VRAM 23MB
Ep 2350 | M0_PDR 0.966 | M1_PDR 0.767 | H_m0 0.00 H_m1 2.59 | a-0.0354 c0.5916 ent0.0270 VRAM 23MB
Ep 2400 | M0_PDR 0.975 | M1_PDR 0.747 | H_m0 0.00 H_m1 2.48 | a-0.0333 c0.6041 ent0.0265 VRAM 23MB
Ep 2450 | M0_PDR 0.980 | M1_PDR 0.824 | H_m0 0.00 H_m1 2.50 | a-0.0330 c0.4654 ent0.0260 VRAM 23MB
Ep 2500 | M0_PDR 0.980 | M1_PDR 0.772 | H_m0 0.00 H_m1 2.53 | a-0.0323 c0.4558 ent0.0255 VRAM 23MB
Ep 2550 | M0_PDR 0.980 | M1_PDR 0.796 | H_m0 0.00 H_m1 2.47 | a-0.0312 c0.4217 ent0.0250 VRAM 23MB
Ep 2600 | M0_PDR 0.990 | M1_PDR 0.757 | H_m0 0.00 H_m1 2.35 | a-0.0292 c0.5640 ent0.0245 VRAM 23MB
Ep 2650 | M0_PDR 0.985 | M1_PDR 0.741 | H_m0 0.00 H_m1 2.44 | a-0.0297 c0.4511 ent0.0240 VRAM 23MB
Ep 2700 | M0_PDR 0.983 | M1_PDR 0.778 | H_m0 0.00 H_m1 2.50 | a-0.0299 c0.4804 ent0.0235 VRAM 23MB
Ep 2750 | M0_PDR 0.990 | M1_PDR 0.787 | H_m0 0.00 H_m1 2.42 | a-0.0282 c0.5395 ent0.0230 VRAM 23MB
Ep 2800 | M0_PDR 0.975 | M1_PDR 0.764 | H_m0 0.00 H_m1 2.55 | a-0.0293 c0.4364 ent0.0226 VRAM 23MB
Ep 2850 | M0_PDR 0.990 | M1_PDR 0.763 | H_m0 0.00 H_m1 2.47 | a-0.0273 c0.4731 ent0.0221 VRAM 23MB
Ep 2900 | M0_PDR 0.980 | M1_PDR 0.791 | H_m0 0.01 H_m1 2.53 | a-0.0277 c0.4452 ent0.0216 VRAM 23MB
Ep 2950 | M0_PDR 0.987 | M1_PDR 0.762 | H_m0 0.00 H_m1 2.47 | a-0.0264 c0.4509 ent0.0211 VRAM 23MB
Ep 3000 | M0_PDR 0.987 | M1_PDR 0.795 | H_m0 0.00 H_m1 2.54 | a-0.0262 c0.4887 ent0.0206 VRAM 23MB
Ep 3050 | M0_PDR 0.990 | M1_PDR 0.771 | H_m0 0.00 H_m1 2.52 | a-0.0255 c0.4147 ent0.0201 VRAM 23MB
Ep 3100 | M0_PDR 0.982 | M1_PDR 0.774 | H_m0 0.00 H_m1 2.56 | a-0.0252 c0.6309 ent0.0196 VRAM 23MB
Ep 3150 | M0_PDR 0.983 | M1_PDR 0.761 | H_m0 0.00 H_m1 2.47 | a-0.0245 c0.4923 ent0.0191 VRAM 23MB
Ep 3200 | M0_PDR 0.987 | M1_PDR 0.766 | H_m0 0.00 H_m1 2.49 | a-0.0233 c0.4040 ent0.0186 VRAM 23MB
Ep 3250 | M0_PDR 0.980 | M1_PDR 0.765 | H_m0 0.00 H_m1 2.46 | a-0.0226 c0.4603 ent0.0181 VRAM 23MB
Ep 3300 | M0_PDR 0.990 | M1_PDR 0.736 | H_m0 0.00 H_m1 2.46 | a-0.0218 c0.3901 ent0.0177 VRAM 23MB
Ep 3350 | M0_PDR 0.980 | M1_PDR 0.782 | H_m0 0.00 H_m1 2.48 | a-0.0216 c0.4747 ent0.0172 VRAM 23MB
Ep 3400 | M0_PDR 0.988 | M1_PDR 0.756 | H_m0 0.00 H_m1 2.47 | a-0.0209 c0.4233 ent0.0167 VRAM 23MB
Ep 3450 | M0_PDR 0.985 | M1_PDR 0.763 | H_m0 0.00 H_m1 2.50 | a-0.0205 c0.3905 ent0.0162 VRAM 23MB
Ep 3500 | M0_PDR 0.980 | M1_PDR 0.734 | H_m0 0.00 H_m1 2.50 | a-0.0198 c0.4531 ent0.0157 VRAM 23MB
Ep 3550 | M0_PDR 0.979 | M1_PDR 0.768 | H_m0 0.00 H_m1 2.44 | a-0.0189 c0.5231 ent0.0152 VRAM 23MB
Ep 3600 | M0_PDR 0.982 | M1_PDR 0.776 | H_m0 0.00 H_m1 2.44 | a-0.0181 c0.5785 ent0.0147 VRAM 23MB
Ep 3650 | M0_PDR 0.980 | M1_PDR 0.769 | H_m0 0.00 H_m1 2.39 | a-0.0172 c0.4974 ent0.0142 VRAM 23MB
Ep 3700 | M0_PDR 0.988 | M1_PDR 0.779 | H_m0 0.00 H_m1 2.38 | a-0.0166 c0.3808 ent0.0137 VRAM 23MB
Ep 3750 | M0_PDR 1.000 | M1_PDR 0.759 | H_m0 0.00 H_m1 2.34 | a-0.0155 c0.3422 ent0.0132 VRAM 23MB
Ep 3800 | M0_PDR 0.992 | M1_PDR 0.758 | H_m0 0.00 H_m1 2.29 | a-0.0148 c0.3774 ent0.0128 VRAM 23MB
Ep 3850 | M0_PDR 1.000 | M1_PDR 0.776 | H_m0 0.00 H_m1 2.28 | a-0.0141 c0.3227 ent0.0123 VRAM 23MB
Ep 3900 | M0_PDR 0.997 | M1_PDR 0.766 | H_m0 0.00 H_m1 2.29 | a-0.0135 c0.3354 ent0.0118 VRAM 23MB
Ep 3950 | M0_PDR 0.988 | M1_PDR 0.779 | H_m0 0.00 H_m1 2.27 | a-0.0130 c0.3874 ent0.0113 VRAM 23MB
Ep 4000 | M0_PDR 0.995 | M1_PDR 0.801 | H_m0 0.00 H_m1 2.28 | a-0.0123 c0.3422 ent0.0108 VRAM 23MB
Ep 4050 | M0_PDR 0.995 | M1_PDR 0.760 | H_m0 0.00 H_m1 2.26 | a-0.0118 c0.3582 ent0.0103 VRAM 23MB
Ep 4100 | M0_PDR 0.990 | M1_PDR 0.767 | H_m0 0.00 H_m1 2.24 | a-0.0111 c0.3769 ent0.0098 VRAM 23MB
Ep 4150 | M0_PDR 0.995 | M1_PDR 0.763 | H_m0 0.00 H_m1 2.23 | a-0.0104 c0.3790 ent0.0093 VRAM 23MB
Ep 4200 | M0_PDR 0.990 | M1_PDR 0.728 | H_m0 0.00 H_m1 2.21 | a-0.0098 c0.4778 ent0.0088 VRAM 23MB
Ep 4250 | M0_PDR 1.000 | M1_PDR 0.802 | H_m0 0.00 H_m1 2.17 | a-0.0091 c0.3357 ent0.0083 VRAM 23MB
Ep 4300 | M0_PDR 0.995 | M1_PDR 0.753 | H_m0 0.00 H_m1 2.16 | a-0.0085 c0.3627 ent0.0079 VRAM 23MB
Ep 4350 | M0_PDR 0.998 | M1_PDR 0.796 | H_m0 0.00 H_m1 2.14 | a-0.0079 c0.3345 ent0.0074 VRAM 23MB
Ep 4400 | M0_PDR 1.000 | M1_PDR 0.747 | H_m0 0.00 H_m1 2.13 | a-0.0074 c0.3452 ent0.0069 VRAM 23MB
Ep 4450 | M0_PDR 0.995 | M1_PDR 0.762 | H_m0 0.00 H_m1 2.12 | a-0.0069 c0.3831 ent0.0064 VRAM 23MB
Ep 4500 | M0_PDR 0.997 | M1_PDR 0.777 | H_m0 0.00 H_m1 2.09 | a-0.0062 c0.3313 ent0.0059 VRAM 23MB
Ep 4550 | M0_PDR 0.992 | M1_PDR 0.795 | H_m0 0.00 H_m1 2.07 | a-0.0057 c0.3495 ent0.0054 VRAM 23MB
Ep 4600 | M0_PDR 0.995 | M1_PDR 0.802 | H_m0 0.00 H_m1 2.05 | a-0.0051 c0.3380 ent0.0049 VRAM 23MB
Ep 4650 | M0_PDR 0.998 | M1_PDR 0.746 | H_m0 0.00 H_m1 2.06 | a-0.0046 c0.3668 ent0.0044 VRAM 23MB
Ep 4700 | M0_PDR 0.995 | M1_PDR 0.789 | H_m0 0.00 H_m1 2.03 | a-0.0041 c0.3210 ent0.0039 VRAM 23MB
Ep 4750 | M0_PDR 0.994 | M1_PDR 0.775 | H_m0 0.00 H_m1 2.03 | a-0.0035 c0.3763 ent0.0034 VRAM 23MB
Ep 4800 | M0_PDR 1.000 | M1_PDR 0.783 | H_m0 0.00 H_m1 2.03 | a-0.0030 c0.3171 ent0.0030 VRAM 23MB
Ep 4850 | M0_PDR 1.000 | M1_PDR 0.772 | H_m0 0.00 H_m1 2.02 | a-0.0025 c0.3259 ent0.0025 VRAM 23MB
Ep 4900 | M0_PDR 0.998 | M1_PDR 0.806 | H_m0 0.00 H_m1 2.01 | a-0.0021 c0.3244 ent0.0020 VRAM 23MB
Ep 4950 | M0_PDR 0.995 | M1_PDR 0.808 | H_m0 0.00 H_m1 2.00 | a-0.0015 c0.3484 ent0.0015 VRAM 23MB

Training complete. Running 100 eval episodes...

  Eval ep   0: M0_PDR=1.000  M1_PDR=0.821
  Eval ep  20: M0_PDR=1.000  M1_PDR=0.781
  Eval ep  40: M0_PDR=1.000  M1_PDR=0.782
  Eval ep  60: M0_PDR=0.993  M1_PDR=0.789
  Eval ep  80: M0_PDR=0.995  M1_PDR=0.764

=== Eval Summary (100 episodes) ===
  M0_PDR_mean         : 0.9973
  M0_PDR_p05 (across) : 0.9925
  M0_PDR_p05 (intra)  : 1.0000
  M1_PDR_mean         : 0.7900
  M0_SINR_mean (dB)   : 47.05
  M1_SINR_mean (dB)   : 25.06
  M0_collision_rate   : 0.005
  M0_collision_within_pool : 0.000
  M1_collision_within_pool : 0.327

Result saved -> results/_A_N4_seed4_5000ep.json
  N=4  rho=0.8  M0_PDR=0.997  M1_PDR=0.790
[NS3Bridge] Shutdown complete.
Run complete.
