[seed] all RNGs seeded with 2
GPU : NVIDIA GeForce RTX 3060
VRAM: 12.9 GB
Device          : cuda:0
Actor M0 params : 21,273
Actor M1 params : 21,273
Critic params   : 79,361
obs_dim=11  action_dim=25  gs_dim=49
M0 count: 2  M1 count: 2
Training for 5000 episodes (Config A_N4_seed2_5000ep, N=4)...

[NS3Bridge] Connected tcp://localhost:5716
Ep    0 | M0_PDR 0.647 | M1_PDR 0.673 | H_m0 3.22 H_m1 3.22 | a-0.1653 c47.6033 ent0.0500 VRAM 23MB
Ep   50 | M0_PDR 0.672 | M1_PDR 0.664 | H_m0 3.20 H_m1 3.20 | a-0.1596 c19.3015 ent0.0495 VRAM 23MB
Ep  100 | M0_PDR 0.676 | M1_PDR 0.647 | H_m0 3.18 H_m1 3.21 | a-0.1578 c12.5993 ent0.0490 VRAM 23MB
Ep  150 | M0_PDR 0.699 | M1_PDR 0.662 | H_m0 3.17 H_m1 3.21 | a-0.1561 c8.7770 ent0.0485 VRAM 23MB
Ep  200 | M0_PDR 0.623 | M1_PDR 0.619 | H_m0 3.01 H_m1 3.20 | a-0.1502 c4.4898 ent0.0480 VRAM 23MB
Ep  250 | M0_PDR 0.670 | M1_PDR 0.598 | H_m0 2.76 H_m1 3.20 | a-0.1444 c3.0241 ent0.0475 VRAM 23MB
Ep  300 | M0_PDR 0.705 | M1_PDR 0.634 | H_m0 2.78 H_m1 3.17 | a-0.1424 c3.1408 ent0.0471 VRAM 23MB
Ep  350 | M0_PDR 0.665 | M1_PDR 0.666 | H_m0 2.79 H_m1 3.14 | a-0.1408 c2.7583 ent0.0466 VRAM 23MB
Ep  400 | M0_PDR 0.684 | M1_PDR 0.635 | H_m0 2.96 H_m1 3.18 | a-0.1428 c1.9788 ent0.0461 VRAM 23MB
Ep  450 | M0_PDR 0.665 | M1_PDR 0.614 | H_m0 2.89 H_m1 3.17 | a-0.1386 c2.2956 ent0.0456 VRAM 23MB
Ep  500 | M0_PDR 0.707 | M1_PDR 0.659 | H_m0 2.79 H_m1 3.19 | a-0.1364 c1.9883 ent0.0451 VRAM 23MB
Ep  550 | M0_PDR 0.705 | M1_PDR 0.603 | H_m0 2.68 H_m1 3.19 | a-0.1334 c2.3986 ent0.0446 VRAM 23MB
Ep  600 | M0_PDR 0.704 | M1_PDR 0.630 | H_m0 2.58 H_m1 3.16 | a-0.1294 c1.5946 ent0.0441 VRAM 23MB
Ep  650 | M0_PDR 0.706 | M1_PDR 0.605 | H_m0 2.80 H_m1 3.17 | a-0.1314 c1.6922 ent0.0436 VRAM 23MB
Ep  700 | M0_PDR 0.694 | M1_PDR 0.623 | H_m0 2.79 H_m1 3.19 | a-0.1302 c2.0162 ent0.0431 VRAM 23MB
Ep  750 | M0_PDR 0.685 | M1_PDR 0.620 | H_m0 2.84 H_m1 3.15 | a-0.1298 c1.7315 ent0.0426 VRAM 23MB
Ep  800 | M0_PDR 0.712 | M1_PDR 0.623 | H_m0 2.74 H_m1 3.16 | a-0.1253 c2.5748 ent0.0422 VRAM 23MB
Ep  850 | M0_PDR 0.717 | M1_PDR 0.593 | H_m0 2.68 H_m1 3.20 | a-0.1235 c1.3457 ent0.0417 VRAM 23MB
Ep  900 | M0_PDR 0.682 | M1_PDR 0.621 | H_m0 2.51 H_m1 3.20 | a-0.1206 c1.4765 ent0.0412 VRAM 23MB
Ep  950 | M0_PDR 0.685 | M1_PDR 0.604 | H_m0 2.57 H_m1 3.20 | a-0.1184 c2.6125 ent0.0407 VRAM 23MB
Ep 1000 | M0_PDR 0.663 | M1_PDR 0.651 | H_m0 2.72 H_m1 3.19 | a-0.1192 c2.6575 ent0.0402 VRAM 23MB
Ep 1050 | M0_PDR 0.712 | M1_PDR 0.600 | H_m0 2.44 H_m1 3.18 | a-0.1120 c1.5058 ent0.0397 VRAM 23MB
Ep 1100 | M0_PDR 0.748 | M1_PDR 0.617 | H_m0 2.32 H_m1 3.17 | a-0.1089 c1.7207 ent0.0392 VRAM 23MB
Ep 1150 | M0_PDR 0.685 | M1_PDR 0.625 | H_m0 2.63 H_m1 3.13 | a-0.1128 c1.5773 ent0.0387 VRAM 23MB
Ep 1200 | M0_PDR 0.692 | M1_PDR 0.626 | H_m0 2.66 H_m1 3.16 | a-0.1126 c1.8207 ent0.0382 VRAM 23MB
Ep 1250 | M0_PDR 0.717 | M1_PDR 0.624 | H_m0 2.79 H_m1 3.16 | a-0.1128 c2.4306 ent0.0377 VRAM 23MB
Ep 1300 | M0_PDR 0.691 | M1_PDR 0.595 | H_m0 2.66 H_m1 3.17 | a-0.1100 c2.5112 ent0.0373 VRAM 23MB
Ep 1350 | M0_PDR 0.678 | M1_PDR 0.674 | H_m0 2.79 H_m1 3.11 | a-0.1095 c1.9804 ent0.0368 VRAM 23MB
Ep 1400 | M0_PDR 0.699 | M1_PDR 0.630 | H_m0 2.78 H_m1 3.12 | a-0.1080 c1.5990 ent0.0363 VRAM 23MB
Ep 1450 | M0_PDR 0.708 | M1_PDR 0.630 | H_m0 2.67 H_m1 3.14 | a-0.1051 c2.0410 ent0.0358 VRAM 23MB
Ep 1500 | M0_PDR 0.711 | M1_PDR 0.635 | H_m0 2.53 H_m1 3.14 | a-0.1007 c1.4833 ent0.0353 VRAM 23MB
Ep 1550 | M0_PDR 0.692 | M1_PDR 0.601 | H_m0 2.63 H_m1 3.19 | a-0.1018 c2.2059 ent0.0348 VRAM 23MB
Ep 1600 | M0_PDR 0.686 | M1_PDR 0.618 | H_m0 2.62 H_m1 3.18 | a-0.1006 c1.7413 ent0.0343 VRAM 23MB
Ep 1650 | M0_PDR 0.760 | M1_PDR 0.645 | H_m0 2.57 H_m1 3.18 | a-0.0976 c1.7535 ent0.0338 VRAM 23MB
Ep 1700 | M0_PDR 0.680 | M1_PDR 0.625 | H_m0 2.50 H_m1 3.19 | a-0.0963 c1.7933 ent0.0333 VRAM 23MB
Ep 1750 | M0_PDR 0.696 | M1_PDR 0.613 | H_m0 2.43 H_m1 3.17 | a-0.0938 c2.6349 ent0.0328 VRAM 23MB
Ep 1800 | M0_PDR 0.750 | M1_PDR 0.625 | H_m0 2.29 H_m1 3.19 | a-0.0898 c2.0829 ent0.0324 VRAM 23MB
Ep 1850 | M0_PDR 0.751 | M1_PDR 0.588 | H_m0 2.27 H_m1 3.17 | a-0.0875 c2.5067 ent0.0319 VRAM 23MB
Ep 1900 | M0_PDR 0.746 | M1_PDR 0.628 | H_m0 2.01 H_m1 3.19 | a-0.0829 c1.8000 ent0.0314 VRAM 23MB
Ep 1950 | M0_PDR 0.804 | M1_PDR 0.608 | H_m0 1.69 H_m1 3.19 | a-0.0755 c1.7005 ent0.0309 VRAM 23MB
Ep 2000 | M0_PDR 0.822 | M1_PDR 0.591 | H_m0 0.86 H_m1 3.11 | a-0.0644 c1.6384 ent0.0304 VRAM 23MB
Ep 2050 | M0_PDR 0.948 | M1_PDR 0.728 | H_m0 0.30 H_m1 2.54 | a-0.0459 c0.7793 ent0.0299 VRAM 23MB
Ep 2100 | M0_PDR 0.977 | M1_PDR 0.761 | H_m0 0.04 H_m1 2.60 | a-0.0393 c0.7207 ent0.0294 VRAM 23MB
Ep 2150 | M0_PDR 0.980 | M1_PDR 0.813 | H_m0 0.03 H_m1 2.46 | a-0.0360 c0.4782 ent0.0289 VRAM 23MB
Ep 2200 | M0_PDR 0.975 | M1_PDR 0.744 | H_m0 0.01 H_m1 2.51 | a-0.0356 c0.8758 ent0.0284 VRAM 23MB
Ep 2250 | M0_PDR 0.979 | M1_PDR 0.727 | H_m0 0.01 H_m1 2.44 | a-0.0343 c0.5825 ent0.0279 VRAM 23MB
Ep 2300 | M0_PDR 0.992 | M1_PDR 0.822 | H_m0 0.01 H_m1 2.38 | a-0.0336 c0.5068 ent0.0275 VRAM 23MB
Ep 2350 | M0_PDR 0.985 | M1_PDR 0.715 | H_m0 0.01 H_m1 2.48 | a-0.0342 c0.4555 ent0.0270 VRAM 23MB
Ep 2400 | M0_PDR 0.998 | M1_PDR 0.791 | H_m0 0.01 H_m1 2.35 | a-0.0316 c0.3686 ent0.0265 VRAM 23MB
Ep 2450 | M0_PDR 0.997 | M1_PDR 0.773 | H_m0 0.01 H_m1 2.38 | a-0.0312 c0.3706 ent0.0260 VRAM 23MB
Ep 2500 | M0_PDR 0.987 | M1_PDR 0.802 | H_m0 0.00 H_m1 2.48 | a-0.0318 c0.3877 ent0.0255 VRAM 23MB
Ep 2550 | M0_PDR 0.977 | M1_PDR 0.772 | H_m0 0.00 H_m1 2.40 | a-0.0303 c0.7943 ent0.0250 VRAM 23MB
Ep 2600 | M0_PDR 0.985 | M1_PDR 0.773 | H_m0 0.00 H_m1 2.37 | a-0.0297 c0.5435 ent0.0245 VRAM 23MB
Ep 2650 | M0_PDR 0.990 | M1_PDR 0.776 | H_m0 0.00 H_m1 2.35 | a-0.0288 c0.4573 ent0.0240 VRAM 23MB
Ep 2700 | M0_PDR 0.984 | M1_PDR 0.791 | H_m0 0.00 H_m1 2.41 | a-0.0288 c0.5267 ent0.0235 VRAM 23MB
Ep 2750 | M0_PDR 0.993 | M1_PDR 0.780 | H_m0 0.00 H_m1 2.37 | a-0.0277 c0.3925 ent0.0230 VRAM 23MB
Ep 2800 | M0_PDR 1.000 | M1_PDR 0.799 | H_m0 0.00 H_m1 2.44 | a-0.0279 c0.4033 ent0.0226 VRAM 23MB
Ep 2850 | M0_PDR 0.986 | M1_PDR 0.791 | H_m0 0.00 H_m1 2.47 | a-0.0277 c0.4496 ent0.0221 VRAM 23MB
Ep 2900 | M0_PDR 0.981 | M1_PDR 0.758 | H_m0 0.00 H_m1 2.43 | a-0.0264 c0.5280 ent0.0216 VRAM 23MB
Ep 2950 | M0_PDR 0.982 | M1_PDR 0.762 | H_m0 0.00 H_m1 2.41 | a-0.0253 c0.5017 ent0.0211 VRAM 23MB
Ep 3000 | M0_PDR 0.993 | M1_PDR 0.776 | H_m0 0.00 H_m1 2.45 | a-0.0255 c0.3895 ent0.0206 VRAM 23MB
Ep 3050 | M0_PDR 0.985 | M1_PDR 0.815 | H_m0 0.00 H_m1 2.32 | a-0.0237 c0.5654 ent0.0201 VRAM 23MB
Ep 3100 | M0_PDR 0.995 | M1_PDR 0.828 | H_m0 0.00 H_m1 2.28 | a-0.0226 c0.3971 ent0.0196 VRAM 23MB
Ep 3150 | M0_PDR 0.992 | M1_PDR 0.743 | H_m0 0.00 H_m1 2.31 | a-0.0224 c0.3860 ent0.0191 VRAM 23MB
Ep 3200 | M0_PDR 0.980 | M1_PDR 0.754 | H_m0 0.00 H_m1 2.35 | a-0.0223 c0.4931 ent0.0186 VRAM 23MB
Ep 3250 | M0_PDR 0.990 | M1_PDR 0.785 | H_m0 0.00 H_m1 2.24 | a-0.0207 c0.3823 ent0.0181 VRAM 23MB
Ep 3300 | M0_PDR 0.992 | M1_PDR 0.805 | H_m0 0.00 H_m1 2.23 | a-0.0198 c0.3775 ent0.0177 VRAM 23MB
Ep 3350 | M0_PDR 0.987 | M1_PDR 0.756 | H_m0 0.00 H_m1 2.32 | a-0.0203 c0.4278 ent0.0172 VRAM 23MB
Ep 3400 | M0_PDR 0.988 | M1_PDR 0.750 | H_m0 0.00 H_m1 2.36 | a-0.0199 c0.4669 ent0.0167 VRAM 23MB
Ep 3450 | M0_PDR 0.985 | M1_PDR 0.737 | H_m0 0.00 H_m1 2.37 | a-0.0193 c0.4733 ent0.0162 VRAM 23MB
Ep 3500 | M0_PDR 0.987 | M1_PDR 0.810 | H_m0 0.00 H_m1 2.35 | a-0.0188 c0.3817 ent0.0157 VRAM 23MB
Ep 3550 | M0_PDR 0.990 | M1_PDR 0.754 | H_m0 0.00 H_m1 2.41 | a-0.0185 c0.4398 ent0.0152 VRAM 23MB
Ep 3600 | M0_PDR 0.983 | M1_PDR 0.772 | H_m0 0.00 H_m1 2.35 | a-0.0174 c0.4535 ent0.0147 VRAM 23MB
Ep 3650 | M0_PDR 0.990 | M1_PDR 0.812 | H_m0 0.00 H_m1 2.27 | a-0.0164 c0.3668 ent0.0142 VRAM 23MB
Ep 3700 | M0_PDR 0.995 | M1_PDR 0.801 | H_m0 0.00 H_m1 2.21 | a-0.0153 c0.3452 ent0.0137 VRAM 23MB
Ep 3750 | M0_PDR 0.994 | M1_PDR 0.728 | H_m0 0.00 H_m1 2.22 | a-0.0149 c0.3605 ent0.0132 VRAM 23MB
Ep 3800 | M0_PDR 0.990 | M1_PDR 0.739 | H_m0 0.00 H_m1 2.18 | a-0.0139 c0.4775 ent0.0128 VRAM 23MB
Ep 3850 | M0_PDR 0.993 | M1_PDR 0.787 | H_m0 0.00 H_m1 2.18 | a-0.0139 c0.3600 ent0.0123 VRAM 23MB
Ep 3900 | M0_PDR 0.994 | M1_PDR 0.797 | H_m0 0.00 H_m1 2.12 | a-0.0127 c0.3517 ent0.0118 VRAM 23MB
Ep 3950 | M0_PDR 0.998 | M1_PDR 0.777 | H_m0 0.00 H_m1 2.08 | a-0.0117 c0.3614 ent0.0113 VRAM 23MB
Ep 4000 | M0_PDR 0.995 | M1_PDR 0.785 | H_m0 0.00 H_m1 2.03 | a-0.0112 c0.3728 ent0.0108 VRAM 23MB
Ep 4050 | M0_PDR 0.986 | M1_PDR 0.757 | H_m0 0.00 H_m1 2.03 | a-0.0105 c0.4723 ent0.0103 VRAM 23MB
Ep 4100 | M0_PDR 1.000 | M1_PDR 0.794 | H_m0 0.00 H_m1 1.98 | a-0.0097 c0.3042 ent0.0098 VRAM 23MB
Ep 4150 | M0_PDR 0.998 | M1_PDR 0.786 | H_m0 0.00 H_m1 1.99 | a-0.0093 c0.3381 ent0.0093 VRAM 23MB
Ep 4200 | M0_PDR 0.995 | M1_PDR 0.760 | H_m0 0.00 H_m1 1.98 | a-0.0089 c0.3523 ent0.0088 VRAM 23MB
Ep 4250 | M0_PDR 0.995 | M1_PDR 0.772 | H_m0 0.00 H_m1 1.98 | a-0.0084 c0.3715 ent0.0083 VRAM 23MB
Ep 4300 | M0_PDR 1.000 | M1_PDR 0.808 | H_m0 0.00 H_m1 1.96 | a-0.0078 c0.3144 ent0.0079 VRAM 23MB
Ep 4350 | M0_PDR 0.995 | M1_PDR 0.766 | H_m0 0.00 H_m1 1.98 | a-0.0074 c0.3378 ent0.0074 VRAM 23MB
Ep 4400 | M0_PDR 0.994 | M1_PDR 0.737 | H_m0 0.00 H_m1 1.96 | a-0.0068 c0.4026 ent0.0069 VRAM 23MB
Ep 4450 | M0_PDR 1.000 | M1_PDR 0.818 | H_m0 0.00 H_m1 1.90 | a-0.0061 c0.3032 ent0.0064 VRAM 23MB
Ep 4500 | M0_PDR 1.000 | M1_PDR 0.808 | H_m0 0.00 H_m1 1.88 | a-0.0055 c0.3169 ent0.0059 VRAM 23MB
Ep 4550 | M0_PDR 0.995 | M1_PDR 0.800 | H_m0 0.00 H_m1 1.88 | a-0.0051 c0.3809 ent0.0054 VRAM 23MB
Ep 4600 | M0_PDR 1.000 | M1_PDR 0.791 | H_m0 0.00 H_m1 1.88 | a-0.0047 c0.3179 ent0.0049 VRAM 23MB
Ep 4650 | M0_PDR 1.000 | M1_PDR 0.786 | H_m0 0.00 H_m1 1.87 | a-0.0043 c0.3237 ent0.0044 VRAM 23MB
Ep 4700 | M0_PDR 1.000 | M1_PDR 0.815 | H_m0 0.00 H_m1 1.87 | a-0.0037 c0.3099 ent0.0039 VRAM 23MB
Ep 4750 | M0_PDR 0.995 | M1_PDR 0.761 | H_m0 0.00 H_m1 1.88 | a-0.0033 c0.3779 ent0.0034 VRAM 23MB
Ep 4800 | M0_PDR 1.000 | M1_PDR 0.799 | H_m0 0.00 H_m1 1.83 | a-0.0027 c0.3164 ent0.0030 VRAM 23MB
Ep 4850 | M0_PDR 1.000 | M1_PDR 0.796 | H_m0 0.00 H_m1 1.83 | a-0.0023 c0.3067 ent0.0025 VRAM 23MB
Ep 4900 | M0_PDR 0.998 | M1_PDR 0.768 | H_m0 0.00 H_m1 1.83 | a-0.0018 c0.3323 ent0.0020 VRAM 23MB
Ep 4950 | M0_PDR 1.000 | M1_PDR 0.816 | H_m0 0.00 H_m1 1.78 | a-0.0014 c0.3259 ent0.0015 VRAM 23MB

Training complete. Running 100 eval episodes...

  Eval ep   0: M0_PDR=0.995  M1_PDR=0.810
  Eval ep  20: M0_PDR=1.000  M1_PDR=0.791
  Eval ep  40: M0_PDR=0.995  M1_PDR=0.804
  Eval ep  60: M0_PDR=1.000  M1_PDR=0.800
  Eval ep  80: M0_PDR=0.995  M1_PDR=0.768

=== Eval Summary (100 episodes) ===
  M0_PDR_mean         : 0.9983
  M0_PDR_p05 (across) : 0.9950
  M0_PDR_p05 (intra)  : 1.0000
  M1_PDR_mean         : 0.7940
  M0_SINR_mean (dB)   : 47.13
  M1_SINR_mean (dB)   : 25.72
  M0_collision_rate   : 0.003
  M0_collision_within_pool : 0.000
  M1_collision_within_pool : 0.330

Result saved -> results/_A_N4_seed2_5000ep.json
  N=4  rho=0.8  M0_PDR=0.998  M1_PDR=0.794
[NS3Bridge] Shutdown complete.
Run complete.
