[seed] all RNGs seeded with 4
GPU : NVIDIA GeForce RTX 3060
VRAM: 12.9 GB
Device          : cuda:0
Actor M0 params : 21,273
Actor M1 params : 21,273
Critic params   : 79,361
obs_dim=11  action_dim=25  gs_dim=49
M0 count: 2  M1 count: 2
Training for 5000 episodes (Config A_N4_delta10_seed4, N=4)...

[NS3Bridge] Connected tcp://localhost:6056
Ep    0 | M0_PDR 0.671 | M1_PDR 0.713 | H_m0 3.21 H_m1 3.21 | a-0.1657 c94.3739 ent0.0500 VRAM 23MB
Ep   50 | M0_PDR 0.655 | M1_PDR 0.714 | H_m0 3.20 H_m1 3.21 | a-0.1597 c34.4211 ent0.0495 VRAM 23MB
Ep  100 | M0_PDR 0.687 | M1_PDR 0.655 | H_m0 3.15 H_m1 3.13 | a-0.1560 c18.3014 ent0.0490 VRAM 23MB
Ep  150 | M0_PDR 0.667 | M1_PDR 0.671 | H_m0 3.18 H_m1 3.08 | a-0.1532 c6.0781 ent0.0485 VRAM 23MB
Ep  200 | M0_PDR 0.633 | M1_PDR 0.678 | H_m0 3.13 H_m1 3.15 | a-0.1518 c5.8175 ent0.0480 VRAM 23MB
Ep  250 | M0_PDR 0.631 | M1_PDR 0.676 | H_m0 3.15 H_m1 3.12 | a-0.1501 c4.2888 ent0.0475 VRAM 23MB
Ep  300 | M0_PDR 0.635 | M1_PDR 0.692 | H_m0 3.17 H_m1 2.93 | a-0.1448 c4.3558 ent0.0471 VRAM 23MB
Ep  350 | M0_PDR 0.639 | M1_PDR 0.702 | H_m0 3.13 H_m1 2.97 | a-0.1447 c2.0178 ent0.0466 VRAM 23MB
Ep  400 | M0_PDR 0.596 | M1_PDR 0.687 | H_m0 3.16 H_m1 2.92 | a-0.1416 c3.5968 ent0.0461 VRAM 23MB
Ep  450 | M0_PDR 0.664 | M1_PDR 0.677 | H_m0 3.17 H_m1 3.06 | a-0.1430 c2.0475 ent0.0456 VRAM 23MB
Ep  500 | M0_PDR 0.637 | M1_PDR 0.657 | H_m0 3.20 H_m1 2.88 | a-0.1380 c3.8653 ent0.0451 VRAM 23MB
Ep  550 | M0_PDR 0.643 | M1_PDR 0.673 | H_m0 3.19 H_m1 2.84 | a-0.1351 c3.4809 ent0.0446 VRAM 23MB
Ep  600 | M0_PDR 0.678 | M1_PDR 0.650 | H_m0 2.91 H_m1 2.88 | a-0.1294 c3.2580 ent0.0441 VRAM 23MB
Ep  650 | M0_PDR 0.651 | M1_PDR 0.683 | H_m0 2.78 H_m1 2.83 | a-0.1235 c2.3139 ent0.0436 VRAM 23MB
Ep  700 | M0_PDR 0.670 | M1_PDR 0.735 | H_m0 2.87 H_m1 2.84 | a-0.1246 c2.0316 ent0.0431 VRAM 23MB
Ep  750 | M0_PDR 0.677 | M1_PDR 0.701 | H_m0 2.93 H_m1 2.92 | a-0.1257 c2.9666 ent0.0426 VRAM 23MB
Ep  800 | M0_PDR 0.640 | M1_PDR 0.710 | H_m0 2.88 H_m1 2.75 | a-0.1249 c2.8593 ent0.0422 VRAM 23MB
Ep  850 | M0_PDR 0.699 | M1_PDR 0.715 | H_m0 2.64 H_m1 2.75 | a-0.1152 c3.5189 ent0.0417 VRAM 23MB
Ep  900 | M0_PDR 0.737 | M1_PDR 0.718 | H_m0 2.48 H_m1 2.59 | a-0.1072 c2.4036 ent0.0412 VRAM 23MB
Ep  950 | M0_PDR 0.850 | M1_PDR 0.763 | H_m0 1.66 H_m1 2.60 | a-0.0896 c2.1746 ent0.0407 VRAM 23MB
Ep 1000 | M0_PDR 0.855 | M1_PDR 0.746 | H_m0 1.27 H_m1 2.56 | a-0.0802 c1.6866 ent0.0402 VRAM 23MB
Ep 1050 | M0_PDR 0.864 | M1_PDR 0.827 | H_m0 1.30 H_m1 2.33 | a-0.0749 c1.5613 ent0.0397 VRAM 23MB
Ep 1100 | M0_PDR 0.886 | M1_PDR 0.804 | H_m0 1.14 H_m1 2.53 | a-0.0741 c1.9093 ent0.0392 VRAM 23MB
Ep 1150 | M0_PDR 0.927 | M1_PDR 0.802 | H_m0 1.03 H_m1 2.47 | a-0.0687 c1.4892 ent0.0387 VRAM 23MB
Ep 1200 | M0_PDR 0.960 | M1_PDR 0.795 | H_m0 1.15 H_m1 2.31 | a-0.0665 c1.0311 ent0.0382 VRAM 23MB
Ep 1250 | M0_PDR 0.938 | M1_PDR 0.789 | H_m0 1.05 H_m1 2.48 | a-0.0690 c1.4584 ent0.0377 VRAM 23MB
Ep 1300 | M0_PDR 0.957 | M1_PDR 0.783 | H_m0 1.14 H_m1 2.40 | a-0.0669 c1.1712 ent0.0373 VRAM 23MB
Ep 1350 | M0_PDR 0.926 | M1_PDR 0.809 | H_m0 1.15 H_m1 2.48 | a-0.0682 c1.3596 ent0.0368 VRAM 23MB
Ep 1400 | M0_PDR 0.912 | M1_PDR 0.808 | H_m0 1.14 H_m1 2.40 | a-0.0653 c1.6724 ent0.0363 VRAM 23MB
Ep 1450 | M0_PDR 0.950 | M1_PDR 0.794 | H_m0 1.15 H_m1 2.36 | a-0.0640 c1.4470 ent0.0358 VRAM 23MB
Ep 1500 | M0_PDR 0.932 | M1_PDR 0.825 | H_m0 1.20 H_m1 2.37 | a-0.0651 c0.9519 ent0.0353 VRAM 23MB
Ep 1550 | M0_PDR 0.946 | M1_PDR 0.812 | H_m0 1.22 H_m1 2.30 | a-0.0632 c1.0854 ent0.0348 VRAM 23MB
Ep 1600 | M0_PDR 0.958 | M1_PDR 0.819 | H_m0 1.18 H_m1 2.23 | a-0.0628 c1.2809 ent0.0343 VRAM 23MB
Ep 1650 | M0_PDR 0.947 | M1_PDR 0.823 | H_m0 1.24 H_m1 2.28 | a-0.0605 c0.9369 ent0.0338 VRAM 23MB
Ep 1700 | M0_PDR 0.940 | M1_PDR 0.819 | H_m0 1.19 H_m1 2.17 | a-0.0554 c0.9398 ent0.0333 VRAM 23MB
Ep 1750 | M0_PDR 0.961 | M1_PDR 0.786 | H_m0 1.22 H_m1 2.37 | a-0.0620 c0.8845 ent0.0328 VRAM 23MB
Ep 1800 | M0_PDR 0.951 | M1_PDR 0.780 | H_m0 1.11 H_m1 2.25 | a-0.0557 c1.0443 ent0.0324 VRAM 23MB
Ep 1850 | M0_PDR 0.983 | M1_PDR 0.776 | H_m0 1.15 H_m1 2.14 | a-0.0534 c0.8099 ent0.0319 VRAM 23MB
Ep 1900 | M0_PDR 0.978 | M1_PDR 0.774 | H_m0 1.16 H_m1 2.10 | a-0.0536 c0.6843 ent0.0314 VRAM 23MB
Ep 1950 | M0_PDR 0.976 | M1_PDR 0.785 | H_m0 1.17 H_m1 2.20 | a-0.0532 c1.2119 ent0.0309 VRAM 23MB
Ep 2000 | M0_PDR 0.968 | M1_PDR 0.847 | H_m0 1.19 H_m1 2.27 | a-0.0537 c1.1082 ent0.0304 VRAM 23MB
Ep 2050 | M0_PDR 0.969 | M1_PDR 0.791 | H_m0 1.16 H_m1 2.34 | a-0.0539 c1.1195 ent0.0299 VRAM 23MB
Ep 2100 | M0_PDR 0.969 | M1_PDR 0.767 | H_m0 1.17 H_m1 2.27 | a-0.0512 c0.9651 ent0.0294 VRAM 23MB
Ep 2150 | M0_PDR 0.987 | M1_PDR 0.793 | H_m0 1.15 H_m1 2.23 | a-0.0502 c0.9091 ent0.0289 VRAM 23MB
Ep 2200 | M0_PDR 0.973 | M1_PDR 0.804 | H_m0 1.16 H_m1 2.15 | a-0.0489 c1.0263 ent0.0284 VRAM 23MB
Ep 2250 | M0_PDR 0.989 | M1_PDR 0.795 | H_m0 1.21 H_m1 2.13 | a-0.0473 c0.8384 ent0.0279 VRAM 23MB
Ep 2300 | M0_PDR 0.976 | M1_PDR 0.864 | H_m0 1.17 H_m1 2.25 | a-0.0478 c0.9198 ent0.0275 VRAM 23MB
Ep 2350 | M0_PDR 0.988 | M1_PDR 0.775 | H_m0 1.02 H_m1 2.21 | a-0.0447 c0.9595 ent0.0270 VRAM 23MB
Ep 2400 | M0_PDR 0.988 | M1_PDR 0.829 | H_m0 1.11 H_m1 2.02 | a-0.0428 c0.9803 ent0.0265 VRAM 23MB
Ep 2450 | M0_PDR 0.995 | M1_PDR 0.786 | H_m0 1.21 H_m1 1.95 | a-0.0411 c0.6354 ent0.0260 VRAM 23MB
Ep 2500 | M0_PDR 0.977 | M1_PDR 0.779 | H_m0 1.25 H_m1 2.19 | a-0.0446 c0.9632 ent0.0255 VRAM 23MB
Ep 2550 | M0_PDR 0.970 | M1_PDR 0.770 | H_m0 1.24 H_m1 2.28 | a-0.0445 c0.9224 ent0.0250 VRAM 23MB
Ep 2600 | M0_PDR 0.984 | M1_PDR 0.802 | H_m0 1.19 H_m1 2.13 | a-0.0410 c1.0853 ent0.0245 VRAM 23MB
Ep 2650 | M0_PDR 0.985 | M1_PDR 0.781 | H_m0 1.08 H_m1 2.14 | a-0.0398 c0.7946 ent0.0240 VRAM 23MB
Ep 2700 | M0_PDR 0.985 | M1_PDR 0.825 | H_m0 1.12 H_m1 2.05 | a-0.0379 c0.7887 ent0.0235 VRAM 23MB
Ep 2750 | M0_PDR 0.980 | M1_PDR 0.796 | H_m0 1.17 H_m1 2.06 | a-0.0381 c0.8973 ent0.0230 VRAM 23MB
Ep 2800 | M0_PDR 0.985 | M1_PDR 0.803 | H_m0 1.07 H_m1 1.98 | a-0.0356 c0.7183 ent0.0226 VRAM 23MB
Ep 2850 | M0_PDR 0.971 | M1_PDR 0.819 | H_m0 1.03 H_m1 2.07 | a-0.0350 c1.2592 ent0.0221 VRAM 23MB
Ep 2900 | M0_PDR 0.995 | M1_PDR 0.754 | H_m0 0.89 H_m1 2.15 | a-0.0333 c0.9392 ent0.0216 VRAM 23MB
Ep 2950 | M0_PDR 0.986 | M1_PDR 0.817 | H_m0 1.08 H_m1 1.98 | a-0.0332 c1.0346 ent0.0211 VRAM 23MB
Ep 3000 | M0_PDR 0.985 | M1_PDR 0.836 | H_m0 1.17 H_m1 2.00 | a-0.0330 c0.7131 ent0.0206 VRAM 23MB
Ep 3050 | M0_PDR 0.987 | M1_PDR 0.812 | H_m0 1.15 H_m1 2.00 | a-0.0317 c1.0791 ent0.0201 VRAM 23MB
Ep 3100 | M0_PDR 0.985 | M1_PDR 0.792 | H_m0 1.17 H_m1 2.07 | a-0.0322 c0.8448 ent0.0196 VRAM 23MB
Ep 3150 | M0_PDR 0.996 | M1_PDR 0.799 | H_m0 1.05 H_m1 2.04 | a-0.0300 c1.1165 ent0.0191 VRAM 23MB
Ep 3200 | M0_PDR 0.990 | M1_PDR 0.828 | H_m0 1.11 H_m1 1.91 | a-0.0291 c0.6241 ent0.0186 VRAM 23MB
Ep 3250 | M0_PDR 0.988 | M1_PDR 0.766 | H_m0 1.06 H_m1 1.98 | a-0.0284 c1.0106 ent0.0181 VRAM 23MB
Ep 3300 | M0_PDR 0.988 | M1_PDR 0.788 | H_m0 1.14 H_m1 1.89 | a-0.0272 c0.8958 ent0.0177 VRAM 23MB
Ep 3350 | M0_PDR 0.978 | M1_PDR 0.805 | H_m0 1.19 H_m1 1.90 | a-0.0270 c0.8430 ent0.0172 VRAM 23MB
Ep 3400 | M0_PDR 0.995 | M1_PDR 0.783 | H_m0 1.15 H_m1 1.94 | a-0.0264 c0.6973 ent0.0167 VRAM 23MB
Ep 3450 | M0_PDR 0.995 | M1_PDR 0.809 | H_m0 1.16 H_m1 1.87 | a-0.0247 c0.7360 ent0.0162 VRAM 23MB
Ep 3500 | M0_PDR 0.995 | M1_PDR 0.809 | H_m0 1.14 H_m1 1.86 | a-0.0246 c0.7954 ent0.0157 VRAM 23MB
Ep 3550 | M0_PDR 0.987 | M1_PDR 0.810 | H_m0 1.19 H_m1 1.93 | a-0.0239 c0.7619 ent0.0152 VRAM 23MB
Ep 3600 | M0_PDR 0.987 | M1_PDR 0.823 | H_m0 1.22 H_m1 1.88 | a-0.0236 c0.9465 ent0.0147 VRAM 23MB
Ep 3650 | M0_PDR 0.984 | M1_PDR 0.797 | H_m0 1.20 H_m1 1.85 | a-0.0220 c0.9748 ent0.0142 VRAM 23MB
Ep 3700 | M0_PDR 0.995 | M1_PDR 0.816 | H_m0 1.11 H_m1 1.85 | a-0.0204 c0.8499 ent0.0137 VRAM 23MB
Ep 3750 | M0_PDR 0.987 | M1_PDR 0.812 | H_m0 1.12 H_m1 1.88 | a-0.0201 c0.6848 ent0.0132 VRAM 23MB
Ep 3800 | M0_PDR 0.998 | M1_PDR 0.783 | H_m0 1.08 H_m1 1.87 | a-0.0191 c0.8788 ent0.0128 VRAM 23MB
Ep 3850 | M0_PDR 0.991 | M1_PDR 0.823 | H_m0 1.05 H_m1 1.81 | a-0.0181 c0.5769 ent0.0123 VRAM 23MB
Ep 3900 | M0_PDR 0.990 | M1_PDR 0.774 | H_m0 1.10 H_m1 1.82 | a-0.0174 c0.7019 ent0.0118 VRAM 23MB
Ep 3950 | M0_PDR 0.992 | M1_PDR 0.856 | H_m0 1.14 H_m1 1.77 | a-0.0166 c0.8544 ent0.0113 VRAM 23MB
Ep 4000 | M0_PDR 0.990 | M1_PDR 0.786 | H_m0 1.13 H_m1 1.84 | a-0.0164 c0.7825 ent0.0108 VRAM 23MB
Ep 4050 | M0_PDR 0.997 | M1_PDR 0.813 | H_m0 1.10 H_m1 1.86 | a-0.0152 c0.7134 ent0.0103 VRAM 23MB
Ep 4100 | M0_PDR 0.995 | M1_PDR 0.800 | H_m0 1.12 H_m1 1.81 | a-0.0146 c0.6736 ent0.0098 VRAM 23MB
Ep 4150 | M0_PDR 0.998 | M1_PDR 0.768 | H_m0 1.08 H_m1 1.83 | a-0.0136 c0.7824 ent0.0093 VRAM 23MB
Ep 4200 | M0_PDR 0.993 | M1_PDR 0.830 | H_m0 1.09 H_m1 1.73 | a-0.0129 c0.9169 ent0.0088 VRAM 23MB
Ep 4250 | M0_PDR 0.991 | M1_PDR 0.833 | H_m0 1.09 H_m1 1.72 | a-0.0118 c0.8761 ent0.0083 VRAM 23MB
Ep 4300 | M0_PDR 0.997 | M1_PDR 0.772 | H_m0 1.08 H_m1 1.75 | a-0.0112 c0.8754 ent0.0079 VRAM 23MB
Ep 4350 | M0_PDR 0.990 | M1_PDR 0.821 | H_m0 1.07 H_m1 1.72 | a-0.0105 c0.9802 ent0.0074 VRAM 23MB
Ep 4400 | M0_PDR 0.998 | M1_PDR 0.812 | H_m0 1.09 H_m1 1.67 | a-0.0096 c0.7060 ent0.0069 VRAM 23MB
Ep 4450 | M0_PDR 0.998 | M1_PDR 0.803 | H_m0 1.11 H_m1 1.65 | a-0.0089 c0.7107 ent0.0064 VRAM 23MB
Ep 4500 | M0_PDR 1.000 | M1_PDR 0.813 | H_m0 1.10 H_m1 1.65 | a-0.0081 c0.5965 ent0.0059 VRAM 23MB
Ep 4550 | M0_PDR 0.988 | M1_PDR 0.799 | H_m0 1.10 H_m1 1.66 | a-0.0074 c0.8233 ent0.0054 VRAM 23MB
Ep 4600 | M0_PDR 1.000 | M1_PDR 0.811 | H_m0 1.09 H_m1 1.64 | a-0.0068 c0.8073 ent0.0049 VRAM 23MB
Ep 4650 | M0_PDR 1.000 | M1_PDR 0.784 | H_m0 1.07 H_m1 1.65 | a-0.0061 c0.8616 ent0.0044 VRAM 23MB
Ep 4700 | M0_PDR 0.995 | M1_PDR 0.773 | H_m0 1.07 H_m1 1.66 | a-0.0055 c0.8986 ent0.0039 VRAM 23MB
Ep 4750 | M0_PDR 1.000 | M1_PDR 0.821 | H_m0 1.07 H_m1 1.61 | a-0.0047 c0.6392 ent0.0034 VRAM 23MB
Ep 4800 | M0_PDR 0.997 | M1_PDR 0.789 | H_m0 1.09 H_m1 1.64 | a-0.0042 c0.8900 ent0.0030 VRAM 23MB
Ep 4850 | M0_PDR 0.993 | M1_PDR 0.810 | H_m0 1.07 H_m1 1.64 | a-0.0035 c0.7097 ent0.0025 VRAM 23MB
Ep 4900 | M0_PDR 0.995 | M1_PDR 0.793 | H_m0 1.06 H_m1 1.64 | a-0.0027 c0.6666 ent0.0020 VRAM 23MB
Ep 4950 | M0_PDR 1.000 | M1_PDR 0.847 | H_m0 1.05 H_m1 1.58 | a-0.0020 c0.7251 ent0.0015 VRAM 23MB

Training complete. Running 100 eval episodes...

  Eval ep   0: M0_PDR=1.000  M1_PDR=0.815
  Eval ep  20: M0_PDR=1.000  M1_PDR=0.768
  Eval ep  40: M0_PDR=0.995  M1_PDR=0.801
  Eval ep  60: M0_PDR=0.995  M1_PDR=0.819
  Eval ep  80: M0_PDR=0.998  M1_PDR=0.829

=== Eval Summary (100 episodes) ===
  M0_PDR_mean         : 0.9976
  M0_PDR_p05 (across) : 0.9925
  M0_PDR_p05 (intra)  : 1.0000
  M1_PDR_mean         : 0.7989
  M0_SINR_mean (dB)   : 42.24
  M1_SINR_mean (dB)   : 25.93
  M0_collision_rate   : 0.003
  M0_collision_within_pool : 0.000
  M1_collision_within_pool : 0.335

Result saved -> results/_A_N4_delta10_seed4.json
  N=4  rho=0.8  M0_PDR=0.998  M1_PDR=0.799
[NS3Bridge] Shutdown complete.
Run complete.
