[seed] all RNGs seeded with 10
GPU : NVIDIA GeForce RTX 3060
VRAM: 12.9 GB
Device          : cuda:0
Actor M0 params : 21,273
Actor M1 params : 21,273
Critic params   : 79,361
obs_dim=11  action_dim=25  gs_dim=49
M0 count: 2  M1 count: 2
Training for 5000 episodes (Config A_N4_seed10_5000ep, N=4)...

[NS3Bridge] Connected tcp://localhost:5736
Ep    0 | M0_PDR 0.622 | M1_PDR 0.653 | H_m0 3.22 H_m1 3.21 | a-0.1658 c43.1150 ent0.0500 VRAM 23MB
Ep   50 | M0_PDR 0.659 | M1_PDR 0.633 | H_m0 3.19 H_m1 3.17 | a-0.1590 c22.2902 ent0.0495 VRAM 23MB
Ep  100 | M0_PDR 0.671 | M1_PDR 0.701 | H_m0 3.12 H_m1 3.19 | a-0.1572 c13.4585 ent0.0490 VRAM 23MB
Ep  150 | M0_PDR 0.704 | M1_PDR 0.663 | H_m0 3.08 H_m1 3.20 | a-0.1534 c9.7900 ent0.0485 VRAM 23MB
Ep  200 | M0_PDR 0.663 | M1_PDR 0.630 | H_m0 3.02 H_m1 3.20 | a-0.1511 c4.6934 ent0.0480 VRAM 23MB
Ep  250 | M0_PDR 0.686 | M1_PDR 0.640 | H_m0 2.96 H_m1 3.19 | a-0.1470 c3.3363 ent0.0475 VRAM 23MB
Ep  300 | M0_PDR 0.681 | M1_PDR 0.630 | H_m0 2.99 H_m1 3.20 | a-0.1463 c2.5627 ent0.0471 VRAM 23MB
Ep  350 | M0_PDR 0.686 | M1_PDR 0.643 | H_m0 3.10 H_m1 3.21 | a-0.1480 c3.3165 ent0.0466 VRAM 23MB
Ep  400 | M0_PDR 0.625 | M1_PDR 0.598 | H_m0 2.99 H_m1 3.17 | a-0.1433 c3.3784 ent0.0461 VRAM 23MB
Ep  450 | M0_PDR 0.623 | M1_PDR 0.655 | H_m0 2.91 H_m1 3.18 | a-0.1395 c2.5402 ent0.0456 VRAM 23MB
Ep  500 | M0_PDR 0.728 | M1_PDR 0.629 | H_m0 2.73 H_m1 3.20 | a-0.1350 c1.7193 ent0.0451 VRAM 23MB
Ep  550 | M0_PDR 0.674 | M1_PDR 0.656 | H_m0 2.85 H_m1 3.20 | a-0.1364 c1.7344 ent0.0446 VRAM 23MB
Ep  600 | M0_PDR 0.676 | M1_PDR 0.631 | H_m0 2.81 H_m1 3.17 | a-0.1321 c1.9638 ent0.0441 VRAM 23MB
Ep  650 | M0_PDR 0.715 | M1_PDR 0.594 | H_m0 2.76 H_m1 3.16 | a-0.1314 c1.6248 ent0.0436 VRAM 23MB
Ep  700 | M0_PDR 0.652 | M1_PDR 0.632 | H_m0 2.81 H_m1 3.18 | a-0.1304 c1.8453 ent0.0431 VRAM 23MB
Ep  750 | M0_PDR 0.708 | M1_PDR 0.615 | H_m0 2.70 H_m1 3.18 | a-0.1260 c2.3716 ent0.0426 VRAM 23MB
Ep  800 | M0_PDR 0.741 | M1_PDR 0.588 | H_m0 2.52 H_m1 3.19 | a-0.1206 c1.8021 ent0.0422 VRAM 23MB
Ep  850 | M0_PDR 0.686 | M1_PDR 0.611 | H_m0 2.74 H_m1 3.19 | a-0.1248 c2.0474 ent0.0417 VRAM 23MB
Ep  900 | M0_PDR 0.725 | M1_PDR 0.628 | H_m0 2.71 H_m1 3.18 | a-0.1227 c1.9617 ent0.0412 VRAM 23MB
Ep  950 | M0_PDR 0.674 | M1_PDR 0.634 | H_m0 2.81 H_m1 3.19 | a-0.1241 c1.4687 ent0.0407 VRAM 23MB
Ep 1000 | M0_PDR 0.640 | M1_PDR 0.623 | H_m0 2.72 H_m1 3.15 | a-0.1203 c2.7287 ent0.0402 VRAM 23MB
Ep 1050 | M0_PDR 0.685 | M1_PDR 0.632 | H_m0 2.56 H_m1 3.16 | a-0.1151 c1.7583 ent0.0397 VRAM 23MB
Ep 1100 | M0_PDR 0.716 | M1_PDR 0.626 | H_m0 2.53 H_m1 3.17 | a-0.1131 c1.7976 ent0.0392 VRAM 23MB
Ep 1150 | M0_PDR 0.674 | M1_PDR 0.683 | H_m0 2.66 H_m1 3.19 | a-0.1139 c2.9314 ent0.0387 VRAM 23MB
Ep 1200 | M0_PDR 0.668 | M1_PDR 0.641 | H_m0 2.58 H_m1 3.19 | a-0.1103 c1.4764 ent0.0382 VRAM 23MB
Ep 1250 | M0_PDR 0.708 | M1_PDR 0.630 | H_m0 2.55 H_m1 3.19 | a-0.1090 c1.5226 ent0.0377 VRAM 23MB
Ep 1300 | M0_PDR 0.699 | M1_PDR 0.686 | H_m0 2.58 H_m1 3.16 | a-0.1079 c1.4908 ent0.0373 VRAM 23MB
Ep 1350 | M0_PDR 0.707 | M1_PDR 0.621 | H_m0 2.52 H_m1 3.11 | a-0.1048 c1.9106 ent0.0368 VRAM 23MB
Ep 1400 | M0_PDR 0.725 | M1_PDR 0.628 | H_m0 2.52 H_m1 3.16 | a-0.1046 c1.7193 ent0.0363 VRAM 23MB
Ep 1450 | M0_PDR 0.665 | M1_PDR 0.626 | H_m0 2.66 H_m1 3.16 | a-0.1050 c2.5334 ent0.0358 VRAM 23MB
Ep 1500 | M0_PDR 0.691 | M1_PDR 0.571 | H_m0 2.66 H_m1 3.14 | a-0.1033 c1.9646 ent0.0353 VRAM 23MB
Ep 1550 | M0_PDR 0.749 | M1_PDR 0.625 | H_m0 2.47 H_m1 3.15 | a-0.0992 c2.1015 ent0.0348 VRAM 23MB
Ep 1600 | M0_PDR 0.753 | M1_PDR 0.625 | H_m0 2.65 H_m1 3.18 | a-0.1011 c2.0486 ent0.0343 VRAM 23MB
Ep 1650 | M0_PDR 0.704 | M1_PDR 0.608 | H_m0 2.55 H_m1 3.16 | a-0.0974 c1.8598 ent0.0338 VRAM 23MB
Ep 1700 | M0_PDR 0.719 | M1_PDR 0.615 | H_m0 2.57 H_m1 3.13 | a-0.0962 c2.1261 ent0.0333 VRAM 23MB
Ep 1750 | M0_PDR 0.702 | M1_PDR 0.657 | H_m0 2.53 H_m1 3.10 | a-0.0936 c1.4930 ent0.0328 VRAM 23MB
Ep 1800 | M0_PDR 0.710 | M1_PDR 0.585 | H_m0 2.46 H_m1 3.13 | a-0.0921 c1.9972 ent0.0324 VRAM 23MB
Ep 1850 | M0_PDR 0.682 | M1_PDR 0.620 | H_m0 2.49 H_m1 3.09 | a-0.0893 c2.2519 ent0.0319 VRAM 23MB
Ep 1900 | M0_PDR 0.705 | M1_PDR 0.625 | H_m0 2.45 H_m1 3.15 | a-0.0890 c2.4940 ent0.0314 VRAM 23MB
Ep 1950 | M0_PDR 0.734 | M1_PDR 0.607 | H_m0 2.35 H_m1 3.17 | a-0.0857 c1.8075 ent0.0309 VRAM 23MB
Ep 2000 | M0_PDR 0.700 | M1_PDR 0.640 | H_m0 2.45 H_m1 3.17 | a-0.0866 c2.2304 ent0.0304 VRAM 23MB
Ep 2050 | M0_PDR 0.732 | M1_PDR 0.621 | H_m0 2.30 H_m1 3.15 | a-0.0823 c1.7091 ent0.0299 VRAM 23MB
Ep 2100 | M0_PDR 0.734 | M1_PDR 0.648 | H_m0 2.30 H_m1 3.15 | a-0.0840 c1.6482 ent0.0294 VRAM 23MB
Ep 2150 | M0_PDR 0.716 | M1_PDR 0.624 | H_m0 2.15 H_m1 3.18 | a-0.0791 c2.2820 ent0.0289 VRAM 23MB
Ep 2200 | M0_PDR 0.722 | M1_PDR 0.602 | H_m0 2.06 H_m1 3.20 | a-0.0764 c1.9084 ent0.0284 VRAM 23MB
Ep 2250 | M0_PDR 0.794 | M1_PDR 0.564 | H_m0 1.85 H_m1 3.18 | a-0.0724 c1.5412 ent0.0279 VRAM 23MB
Ep 2300 | M0_PDR 0.812 | M1_PDR 0.594 | H_m0 1.46 H_m1 3.18 | a-0.0643 c1.8751 ent0.0275 VRAM 23MB
Ep 2350 | M0_PDR 0.813 | M1_PDR 0.654 | H_m0 1.21 H_m1 3.12 | a-0.0595 c1.5382 ent0.0270 VRAM 23MB
Ep 2400 | M0_PDR 0.880 | M1_PDR 0.685 | H_m0 0.64 H_m1 2.94 | a-0.0480 c1.2968 ent0.0265 VRAM 23MB
Ep 2450 | M0_PDR 0.907 | M1_PDR 0.728 | H_m0 0.21 H_m1 2.76 | a-0.0392 c1.3380 ent0.0260 VRAM 23MB
Ep 2500 | M0_PDR 0.964 | M1_PDR 0.764 | H_m0 0.05 H_m1 2.64 | a-0.0350 c0.7902 ent0.0255 VRAM 23MB
Ep 2550 | M0_PDR 0.982 | M1_PDR 0.791 | H_m0 0.03 H_m1 2.55 | a-0.0331 c0.4948 ent0.0250 VRAM 23MB
Ep 2600 | M0_PDR 0.977 | M1_PDR 0.712 | H_m0 0.02 H_m1 2.59 | a-0.0327 c0.5582 ent0.0245 VRAM 23MB
Ep 2650 | M0_PDR 0.997 | M1_PDR 0.766 | H_m0 0.02 H_m1 2.42 | a-0.0296 c0.4510 ent0.0240 VRAM 23MB
Ep 2700 | M0_PDR 0.995 | M1_PDR 0.797 | H_m0 0.01 H_m1 2.44 | a-0.0293 c0.4349 ent0.0235 VRAM 23MB
Ep 2750 | M0_PDR 0.995 | M1_PDR 0.785 | H_m0 0.01 H_m1 2.46 | a-0.0286 c0.3811 ent0.0230 VRAM 23MB
Ep 2800 | M0_PDR 0.995 | M1_PDR 0.799 | H_m0 0.01 H_m1 2.39 | a-0.0273 c0.4319 ent0.0226 VRAM 23MB
Ep 2850 | M0_PDR 0.990 | M1_PDR 0.766 | H_m0 0.00 H_m1 2.41 | a-0.0268 c0.3891 ent0.0221 VRAM 23MB
Ep 2900 | M0_PDR 0.988 | M1_PDR 0.824 | H_m0 0.00 H_m1 2.43 | a-0.0265 c0.4909 ent0.0216 VRAM 23MB
Ep 2950 | M0_PDR 0.991 | M1_PDR 0.816 | H_m0 0.00 H_m1 2.44 | a-0.0259 c0.3984 ent0.0211 VRAM 23MB
Ep 3000 | M0_PDR 1.000 | M1_PDR 0.791 | H_m0 0.00 H_m1 2.46 | a-0.0254 c0.3446 ent0.0206 VRAM 23MB
Ep 3050 | M0_PDR 0.990 | M1_PDR 0.747 | H_m0 0.00 H_m1 2.50 | a-0.0255 c0.5168 ent0.0201 VRAM 23MB
Ep 3100 | M0_PDR 0.997 | M1_PDR 0.790 | H_m0 0.00 H_m1 2.44 | a-0.0247 c0.3822 ent0.0196 VRAM 23MB
Ep 3150 | M0_PDR 0.995 | M1_PDR 0.830 | H_m0 0.00 H_m1 2.39 | a-0.0231 c0.3578 ent0.0191 VRAM 23MB
Ep 3200 | M0_PDR 0.995 | M1_PDR 0.770 | H_m0 0.00 H_m1 2.44 | a-0.0230 c0.4345 ent0.0186 VRAM 23MB
Ep 3250 | M0_PDR 0.992 | M1_PDR 0.792 | H_m0 0.00 H_m1 2.41 | a-0.0222 c0.3364 ent0.0181 VRAM 23MB
Ep 3300 | M0_PDR 0.997 | M1_PDR 0.788 | H_m0 0.00 H_m1 2.36 | a-0.0210 c0.4583 ent0.0177 VRAM 23MB
Ep 3350 | M0_PDR 0.999 | M1_PDR 0.794 | H_m0 0.00 H_m1 2.29 | a-0.0199 c0.4463 ent0.0172 VRAM 23MB
Ep 3400 | M0_PDR 0.991 | M1_PDR 0.786 | H_m0 0.00 H_m1 2.26 | a-0.0193 c0.4082 ent0.0167 VRAM 23MB
Ep 3450 | M0_PDR 0.995 | M1_PDR 0.811 | H_m0 0.00 H_m1 2.31 | a-0.0190 c0.3163 ent0.0162 VRAM 23MB
Ep 3500 | M0_PDR 0.998 | M1_PDR 0.777 | H_m0 0.00 H_m1 2.24 | a-0.0177 c0.3300 ent0.0157 VRAM 23MB
Ep 3550 | M0_PDR 1.000 | M1_PDR 0.790 | H_m0 0.00 H_m1 2.21 | a-0.0173 c0.3135 ent0.0152 VRAM 23MB
Ep 3600 | M0_PDR 1.000 | M1_PDR 0.837 | H_m0 0.00 H_m1 2.23 | a-0.0166 c0.2996 ent0.0147 VRAM 23MB
Ep 3650 | M0_PDR 0.997 | M1_PDR 0.827 | H_m0 0.00 H_m1 2.23 | a-0.0161 c0.3178 ent0.0142 VRAM 23MB
Ep 3700 | M0_PDR 0.995 | M1_PDR 0.764 | H_m0 0.00 H_m1 2.17 | a-0.0149 c0.3832 ent0.0137 VRAM 23MB
Ep 3750 | M0_PDR 0.997 | M1_PDR 0.775 | H_m0 0.00 H_m1 2.12 | a-0.0144 c0.3378 ent0.0132 VRAM 23MB
Ep 3800 | M0_PDR 1.000 | M1_PDR 0.777 | H_m0 0.00 H_m1 2.13 | a-0.0138 c0.3209 ent0.0128 VRAM 23MB
Ep 3850 | M0_PDR 1.000 | M1_PDR 0.736 | H_m0 0.00 H_m1 2.14 | a-0.0132 c0.3413 ent0.0123 VRAM 23MB
Ep 3900 | M0_PDR 0.995 | M1_PDR 0.788 | H_m0 0.00 H_m1 2.15 | a-0.0128 c0.3486 ent0.0118 VRAM 23MB
Ep 3950 | M0_PDR 0.998 | M1_PDR 0.789 | H_m0 0.00 H_m1 2.14 | a-0.0122 c0.3082 ent0.0113 VRAM 23MB
Ep 4000 | M0_PDR 1.000 | M1_PDR 0.803 | H_m0 0.00 H_m1 2.11 | a-0.0114 c0.3331 ent0.0108 VRAM 23MB
Ep 4050 | M0_PDR 0.998 | M1_PDR 0.817 | H_m0 0.00 H_m1 2.10 | a-0.0109 c0.3646 ent0.0103 VRAM 23MB
Ep 4100 | M0_PDR 1.000 | M1_PDR 0.798 | H_m0 0.00 H_m1 2.12 | a-0.0104 c0.3145 ent0.0098 VRAM 23MB
Ep 4150 | M0_PDR 1.000 | M1_PDR 0.762 | H_m0 0.00 H_m1 2.12 | a-0.0099 c0.2966 ent0.0093 VRAM 23MB
Ep 4200 | M0_PDR 1.000 | M1_PDR 0.807 | H_m0 0.00 H_m1 2.09 | a-0.0092 c0.3412 ent0.0088 VRAM 23MB
Ep 4250 | M0_PDR 0.997 | M1_PDR 0.829 | H_m0 0.00 H_m1 2.07 | a-0.0088 c0.3317 ent0.0083 VRAM 23MB
Ep 4300 | M0_PDR 1.000 | M1_PDR 0.795 | H_m0 0.00 H_m1 2.06 | a-0.0082 c0.3003 ent0.0079 VRAM 23MB
Ep 4350 | M0_PDR 1.000 | M1_PDR 0.774 | H_m0 0.00 H_m1 2.07 | a-0.0077 c0.3339 ent0.0074 VRAM 23MB
Ep 4400 | M0_PDR 1.000 | M1_PDR 0.760 | H_m0 0.00 H_m1 2.04 | a-0.0072 c0.3240 ent0.0069 VRAM 23MB
Ep 4450 | M0_PDR 1.000 | M1_PDR 0.773 | H_m0 0.00 H_m1 2.03 | a-0.0066 c0.3106 ent0.0064 VRAM 23MB
Ep 4500 | M0_PDR 1.000 | M1_PDR 0.809 | H_m0 0.00 H_m1 2.00 | a-0.0059 c0.3205 ent0.0059 VRAM 23MB
Ep 4550 | M0_PDR 0.999 | M1_PDR 0.795 | H_m0 0.00 H_m1 1.99 | a-0.0054 c0.3282 ent0.0054 VRAM 23MB
Ep 4600 | M0_PDR 1.000 | M1_PDR 0.786 | H_m0 0.00 H_m1 2.00 | a-0.0049 c0.3095 ent0.0049 VRAM 23MB
Ep 4650 | M0_PDR 0.996 | M1_PDR 0.786 | H_m0 0.00 H_m1 1.99 | a-0.0044 c0.3691 ent0.0044 VRAM 23MB
Ep 4700 | M0_PDR 0.998 | M1_PDR 0.796 | H_m0 0.00 H_m1 1.97 | a-0.0039 c0.3326 ent0.0039 VRAM 23MB
Ep 4750 | M0_PDR 0.998 | M1_PDR 0.854 | H_m0 0.00 H_m1 1.96 | a-0.0034 c0.3326 ent0.0034 VRAM 23MB
Ep 4800 | M0_PDR 1.000 | M1_PDR 0.777 | H_m0 0.00 H_m1 1.97 | a-0.0029 c0.3206 ent0.0030 VRAM 23MB
Ep 4850 | M0_PDR 0.999 | M1_PDR 0.780 | H_m0 0.00 H_m1 1.96 | a-0.0024 c0.3206 ent0.0025 VRAM 23MB
Ep 4900 | M0_PDR 1.000 | M1_PDR 0.765 | H_m0 0.00 H_m1 1.96 | a-0.0019 c0.3230 ent0.0020 VRAM 23MB
Ep 4950 | M0_PDR 0.998 | M1_PDR 0.758 | H_m0 0.00 H_m1 1.96 | a-0.0015 c0.3659 ent0.0015 VRAM 23MB

Training complete. Running 100 eval episodes...

  Eval ep   0: M0_PDR=0.998  M1_PDR=0.795
  Eval ep  20: M0_PDR=0.998  M1_PDR=0.775
  Eval ep  40: M0_PDR=1.000  M1_PDR=0.813
  Eval ep  60: M0_PDR=0.998  M1_PDR=0.797
  Eval ep  80: M0_PDR=1.000  M1_PDR=0.806

=== Eval Summary (100 episodes) ===
  M0_PDR_mean         : 0.9989
  M0_PDR_p05 (across) : 0.9970
  M0_PDR_p05 (intra)  : 1.0000
  M1_PDR_mean         : 0.7870
  M0_SINR_mean (dB)   : 47.24
  M1_SINR_mean (dB)   : 24.92
  M0_collision_rate   : 0.002
  M0_collision_within_pool : 0.000
  M1_collision_within_pool : 0.335

Result saved -> results/_A_N4_seed10_5000ep.json
  N=4  rho=0.8  M0_PDR=0.999  M1_PDR=0.787
[NS3Bridge] Shutdown complete.
Run complete.
