[seed] all RNGs seeded with 5
GPU : NVIDIA GeForce RTX 3060
VRAM: 12.9 GB
Device          : cuda:0
Actor M0 params : 21,273
Actor M1 params : 21,273
Critic params   : 79,361
obs_dim=11  action_dim=25  gs_dim=49
M0 count: 2  M1 count: 2
Training for 3000 episodes (Config A_N4_seed5, N=4)...

[NS3Bridge] Connected tcp://localhost:5606
Ep    0 | M0_PDR 0.691 | M1_PDR 0.622 | H_m0 3.22 H_m1 3.22 | a-0.1649 c52.6004 ent0.0500 VRAM 23MB
Ep   50 | M0_PDR 0.654 | M1_PDR 0.646 | H_m0 3.20 H_m1 3.20 | a-0.1585 c20.3546 ent0.0492 VRAM 23MB
Ep  100 | M0_PDR 0.654 | M1_PDR 0.644 | H_m0 3.18 H_m1 3.20 | a-0.1552 c12.4565 ent0.0484 VRAM 23MB
Ep  150 | M0_PDR 0.729 | M1_PDR 0.670 | H_m0 3.15 H_m1 3.21 | a-0.1517 c9.7994 ent0.0475 VRAM 23MB
Ep  200 | M0_PDR 0.648 | M1_PDR 0.672 | H_m0 3.13 H_m1 3.20 | a-0.1498 c5.3191 ent0.0467 VRAM 23MB
Ep  250 | M0_PDR 0.650 | M1_PDR 0.659 | H_m0 3.05 H_m1 3.21 | a-0.1450 c3.7595 ent0.0459 VRAM 23MB
Ep  300 | M0_PDR 0.691 | M1_PDR 0.652 | H_m0 2.90 H_m1 3.19 | a-0.1384 c3.7987 ent0.0451 VRAM 23MB
Ep  350 | M0_PDR 0.707 | M1_PDR 0.608 | H_m0 2.97 H_m1 3.15 | a-0.1375 c3.4765 ent0.0443 VRAM 23MB
Ep  400 | M0_PDR 0.692 | M1_PDR 0.644 | H_m0 2.92 H_m1 3.15 | a-0.1323 c2.3749 ent0.0435 VRAM 23MB
Ep  450 | M0_PDR 0.706 | M1_PDR 0.612 | H_m0 2.73 H_m1 3.19 | a-0.1275 c2.1794 ent0.0426 VRAM 23MB
Ep  500 | M0_PDR 0.671 | M1_PDR 0.662 | H_m0 2.97 H_m1 3.18 | a-0.1304 c2.4584 ent0.0418 VRAM 23MB
Ep  550 | M0_PDR 0.683 | M1_PDR 0.667 | H_m0 2.82 H_m1 3.15 | a-0.1231 c1.7727 ent0.0410 VRAM 23MB
Ep  600 | M0_PDR 0.762 | M1_PDR 0.604 | H_m0 2.66 H_m1 3.17 | a-0.1173 c1.8662 ent0.0402 VRAM 23MB
Ep  650 | M0_PDR 0.711 | M1_PDR 0.623 | H_m0 2.79 H_m1 3.18 | a-0.1186 c1.8325 ent0.0394 VRAM 23MB
Ep  700 | M0_PDR 0.721 | M1_PDR 0.631 | H_m0 2.58 H_m1 3.17 | a-0.1117 c2.2564 ent0.0386 VRAM 23MB
Ep  750 | M0_PDR 0.703 | M1_PDR 0.627 | H_m0 2.74 H_m1 3.19 | a-0.1123 c2.0131 ent0.0377 VRAM 23MB
Ep  800 | M0_PDR 0.673 | M1_PDR 0.633 | H_m0 2.69 H_m1 3.18 | a-0.1086 c2.4202 ent0.0369 VRAM 23MB
Ep  850 | M0_PDR 0.688 | M1_PDR 0.594 | H_m0 2.57 H_m1 3.15 | a-0.1050 c1.6061 ent0.0361 VRAM 23MB
Ep  900 | M0_PDR 0.697 | M1_PDR 0.620 | H_m0 2.33 H_m1 3.16 | a-0.0981 c1.9754 ent0.0353 VRAM 23MB
Ep  950 | M0_PDR 0.709 | M1_PDR 0.613 | H_m0 2.37 H_m1 3.20 | a-0.0997 c1.6477 ent0.0345 VRAM 23MB
Ep 1000 | M0_PDR 0.751 | M1_PDR 0.595 | H_m0 2.45 H_m1 3.17 | a-0.0953 c1.8910 ent0.0337 VRAM 23MB
Ep 1050 | M0_PDR 0.705 | M1_PDR 0.615 | H_m0 2.61 H_m1 3.17 | a-0.0964 c1.7716 ent0.0328 VRAM 23MB
Ep 1100 | M0_PDR 0.725 | M1_PDR 0.620 | H_m0 2.43 H_m1 3.18 | a-0.0912 c2.1066 ent0.0320 VRAM 23MB
Ep 1150 | M0_PDR 0.721 | M1_PDR 0.585 | H_m0 2.32 H_m1 3.19 | a-0.0870 c1.9999 ent0.0312 VRAM 23MB
Ep 1200 | M0_PDR 0.718 | M1_PDR 0.595 | H_m0 2.04 H_m1 3.15 | a-0.0803 c1.5076 ent0.0304 VRAM 23MB
Ep 1250 | M0_PDR 0.817 | M1_PDR 0.674 | H_m0 1.35 H_m1 3.03 | a-0.0674 c2.1912 ent0.0296 VRAM 23MB
Ep 1300 | M0_PDR 0.917 | M1_PDR 0.724 | H_m0 0.92 H_m1 2.64 | a-0.0528 c0.9175 ent0.0288 VRAM 23MB
Ep 1350 | M0_PDR 0.938 | M1_PDR 0.731 | H_m0 0.55 H_m1 2.64 | a-0.0452 c0.8923 ent0.0279 VRAM 23MB
Ep 1400 | M0_PDR 0.938 | M1_PDR 0.753 | H_m0 0.44 H_m1 2.62 | a-0.0424 c0.8326 ent0.0271 VRAM 23MB
Ep 1450 | M0_PDR 0.959 | M1_PDR 0.718 | H_m0 0.26 H_m1 2.54 | a-0.0376 c0.6842 ent0.0263 VRAM 23MB
Ep 1500 | M0_PDR 0.989 | M1_PDR 0.758 | H_m0 0.27 H_m1 2.41 | a-0.0366 c0.5838 ent0.0255 VRAM 23MB
Ep 1550 | M0_PDR 0.982 | M1_PDR 0.761 | H_m0 0.33 H_m1 2.37 | a-0.0338 c0.6321 ent0.0247 VRAM 23MB
Ep 1600 | M0_PDR 0.975 | M1_PDR 0.805 | H_m0 0.34 H_m1 2.32 | a-0.0323 c0.4854 ent0.0239 VRAM 23MB
Ep 1650 | M0_PDR 0.996 | M1_PDR 0.802 | H_m0 0.33 H_m1 2.42 | a-0.0324 c0.4083 ent0.0230 VRAM 23MB
Ep 1700 | M0_PDR 0.990 | M1_PDR 0.771 | H_m0 0.36 H_m1 2.39 | a-0.0305 c0.3927 ent0.0222 VRAM 23MB
Ep 1750 | M0_PDR 0.988 | M1_PDR 0.827 | H_m0 0.18 H_m1 2.31 | a-0.0273 c0.5195 ent0.0214 VRAM 23MB
Ep 1800 | M0_PDR 0.995 | M1_PDR 0.785 | H_m0 0.20 H_m1 2.28 | a-0.0253 c0.3807 ent0.0206 VRAM 23MB
Ep 1850 | M0_PDR 0.986 | M1_PDR 0.785 | H_m0 0.23 H_m1 2.26 | a-0.0253 c0.5184 ent0.0198 VRAM 23MB
Ep 1900 | M0_PDR 0.995 | M1_PDR 0.836 | H_m0 0.18 H_m1 2.20 | a-0.0231 c0.3529 ent0.0190 VRAM 23MB
Ep 1950 | M0_PDR 0.993 | M1_PDR 0.811 | H_m0 0.13 H_m1 2.23 | a-0.0214 c0.4421 ent0.0181 VRAM 23MB
Ep 2000 | M0_PDR 0.994 | M1_PDR 0.751 | H_m0 0.12 H_m1 2.22 | a-0.0207 c0.4234 ent0.0173 VRAM 23MB
Ep 2050 | M0_PDR 0.995 | M1_PDR 0.792 | H_m0 0.09 H_m1 2.24 | a-0.0193 c0.3512 ent0.0165 VRAM 23MB
Ep 2100 | M0_PDR 0.990 | M1_PDR 0.792 | H_m0 0.13 H_m1 2.23 | a-0.0187 c0.4122 ent0.0157 VRAM 23MB
Ep 2150 | M0_PDR 0.993 | M1_PDR 0.815 | H_m0 0.08 H_m1 2.25 | a-0.0174 c0.3981 ent0.0149 VRAM 23MB
Ep 2200 | M0_PDR 0.995 | M1_PDR 0.803 | H_m0 0.09 H_m1 2.23 | a-0.0164 c0.3692 ent0.0141 VRAM 23MB
Ep 2250 | M0_PDR 0.995 | M1_PDR 0.771 | H_m0 0.08 H_m1 2.25 | a-0.0156 c0.3992 ent0.0132 VRAM 23MB
Ep 2300 | M0_PDR 0.992 | M1_PDR 0.819 | H_m0 0.08 H_m1 2.20 | a-0.0142 c0.3784 ent0.0124 VRAM 23MB
Ep 2350 | M0_PDR 0.998 | M1_PDR 0.791 | H_m0 0.06 H_m1 2.19 | a-0.0131 c0.3361 ent0.0116 VRAM 23MB
Ep 2400 | M0_PDR 0.998 | M1_PDR 0.821 | H_m0 0.07 H_m1 2.13 | a-0.0119 c0.3355 ent0.0108 VRAM 23MB
Ep 2450 | M0_PDR 0.998 | M1_PDR 0.791 | H_m0 0.09 H_m1 2.12 | a-0.0111 c0.3250 ent0.0100 VRAM 23MB
Ep 2500 | M0_PDR 0.998 | M1_PDR 0.779 | H_m0 0.09 H_m1 2.10 | a-0.0100 c0.3379 ent0.0092 VRAM 23MB
Ep 2550 | M0_PDR 1.000 | M1_PDR 0.792 | H_m0 0.06 H_m1 2.10 | a-0.0091 c0.3370 ent0.0083 VRAM 23MB
Ep 2600 | M0_PDR 0.995 | M1_PDR 0.793 | H_m0 0.06 H_m1 2.07 | a-0.0081 c0.3698 ent0.0075 VRAM 23MB
Ep 2650 | M0_PDR 0.995 | M1_PDR 0.768 | H_m0 0.06 H_m1 2.09 | a-0.0075 c0.3462 ent0.0067 VRAM 23MB
Ep 2700 | M0_PDR 1.000 | M1_PDR 0.787 | H_m0 0.06 H_m1 2.06 | a-0.0063 c0.3256 ent0.0059 VRAM 23MB
Ep 2750 | M0_PDR 0.994 | M1_PDR 0.767 | H_m0 0.07 H_m1 2.07 | a-0.0055 c0.3677 ent0.0051 VRAM 23MB
Ep 2800 | M0_PDR 0.997 | M1_PDR 0.801 | H_m0 0.08 H_m1 2.04 | a-0.0045 c0.3427 ent0.0043 VRAM 23MB
Ep 2850 | M0_PDR 0.995 | M1_PDR 0.781 | H_m0 0.07 H_m1 2.03 | a-0.0036 c0.3689 ent0.0034 VRAM 23MB
Ep 2900 | M0_PDR 1.000 | M1_PDR 0.801 | H_m0 0.06 H_m1 2.03 | a-0.0028 c0.3098 ent0.0026 VRAM 23MB
Ep 2950 | M0_PDR 0.998 | M1_PDR 0.785 | H_m0 0.06 H_m1 2.02 | a-0.0019 c0.3327 ent0.0018 VRAM 23MB

Training complete. Running 100 eval episodes...

  Eval ep   0: M0_PDR=0.993  M1_PDR=0.792
  Eval ep  20: M0_PDR=0.998  M1_PDR=0.806
  Eval ep  40: M0_PDR=0.995  M1_PDR=0.740
  Eval ep  60: M0_PDR=1.000  M1_PDR=0.782
  Eval ep  80: M0_PDR=1.000  M1_PDR=0.804

=== Eval Summary (100 episodes) ===
  M0_PDR_mean         : 0.9976
  M0_PDR_p05 (across) : 0.9925
  M0_PDR_p05 (intra)  : 1.0000
  M1_PDR_mean         : 0.7896
  M0_SINR_mean (dB)   : 47.07
  M1_SINR_mean (dB)   : 24.88
  M0_collision_rate   : 0.004
  M0_collision_within_pool : 0.000
  M1_collision_within_pool : 0.332

Result saved -> results/_A_N4_seed5.json
  N=4  rho=0.8  M0_PDR=0.998  M1_PDR=0.790
[NS3Bridge] Shutdown complete.
Run complete.
