GPU : NVIDIA GeForce RTX 3060
VRAM: 12.9 GB
Device          : cuda:0
Actor M0 params : 21,273
Actor M1 params : 21,273
Critic params   : 79,361
obs_dim=11  action_dim=25  gs_dim=49
M0 count: 2  M1 count: 2
Training for 3000 episodes (Config A_N4_seed2, N=4)...

[NS3Bridge] Connected tcp://localhost:5556
Ep    0 | M0_PDR 0.611 | M1_PDR 0.661 | H_m0 3.22 H_m1 3.22 | a-0.1663 c42.1454 ent0.0500 VRAM 23MB
Ep   50 | M0_PDR 0.714 | M1_PDR 0.670 | H_m0 3.16 H_m1 3.21 | a-0.1579 c20.7803 ent0.0492 VRAM 23MB
Ep  100 | M0_PDR 0.675 | M1_PDR 0.618 | H_m0 3.17 H_m1 3.20 | a-0.1566 c10.6547 ent0.0484 VRAM 23MB
Ep  150 | M0_PDR 0.645 | M1_PDR 0.694 | H_m0 3.18 H_m1 3.17 | a-0.1522 c4.3936 ent0.0475 VRAM 23MB
Ep  200 | M0_PDR 0.687 | M1_PDR 0.642 | H_m0 3.11 H_m1 3.20 | a-0.1489 c3.4335 ent0.0467 VRAM 23MB
Ep  250 | M0_PDR 0.656 | M1_PDR 0.632 | H_m0 3.11 H_m1 3.20 | a-0.1467 c3.3236 ent0.0459 VRAM 23MB
Ep  300 | M0_PDR 0.716 | M1_PDR 0.633 | H_m0 2.65 H_m1 3.20 | a-0.1352 c3.5546 ent0.0451 VRAM 23MB
Ep  350 | M0_PDR 0.707 | M1_PDR 0.642 | H_m0 2.87 H_m1 3.19 | a-0.1353 c3.5176 ent0.0443 VRAM 23MB
Ep  400 | M0_PDR 0.674 | M1_PDR 0.638 | H_m0 2.73 H_m1 3.18 | a-0.1277 c2.1950 ent0.0435 VRAM 23MB
Ep  450 | M0_PDR 0.657 | M1_PDR 0.675 | H_m0 2.92 H_m1 3.17 | a-0.1308 c1.8544 ent0.0426 VRAM 23MB
Ep  500 | M0_PDR 0.685 | M1_PDR 0.634 | H_m0 2.82 H_m1 3.17 | a-0.1258 c2.2648 ent0.0418 VRAM 23MB
Ep  550 | M0_PDR 0.692 | M1_PDR 0.594 | H_m0 2.85 H_m1 3.20 | a-0.1247 c2.1122 ent0.0410 VRAM 23MB
Ep  600 | M0_PDR 0.709 | M1_PDR 0.582 | H_m0 2.76 H_m1 3.20 | a-0.1199 c1.8607 ent0.0402 VRAM 23MB
Ep  650 | M0_PDR 0.720 | M1_PDR 0.607 | H_m0 2.56 H_m1 3.20 | a-0.1144 c1.8019 ent0.0394 VRAM 23MB
Ep  700 | M0_PDR 0.731 | M1_PDR 0.635 | H_m0 2.49 H_m1 3.19 | a-0.1101 c1.9407 ent0.0386 VRAM 23MB
Ep  750 | M0_PDR 0.664 | M1_PDR 0.595 | H_m0 2.55 H_m1 3.20 | a-0.1085 c2.9933 ent0.0377 VRAM 23MB
Ep  800 | M0_PDR 0.720 | M1_PDR 0.640 | H_m0 2.52 H_m1 3.19 | a-0.1080 c2.3314 ent0.0369 VRAM 23MB
Ep  850 | M0_PDR 0.675 | M1_PDR 0.639 | H_m0 2.60 H_m1 3.18 | a-0.1058 c1.8842 ent0.0361 VRAM 23MB
Ep  900 | M0_PDR 0.691 | M1_PDR 0.629 | H_m0 2.62 H_m1 3.16 | a-0.1038 c1.9651 ent0.0353 VRAM 23MB
Ep  950 | M0_PDR 0.696 | M1_PDR 0.662 | H_m0 2.60 H_m1 3.19 | a-0.1006 c2.8296 ent0.0345 VRAM 23MB
Ep 1000 | M0_PDR 0.688 | M1_PDR 0.652 | H_m0 2.74 H_m1 3.19 | a-0.1007 c2.0862 ent0.0337 VRAM 23MB
Ep 1050 | M0_PDR 0.758 | M1_PDR 0.653 | H_m0 2.65 H_m1 3.19 | a-0.0971 c1.5387 ent0.0328 VRAM 23MB
Ep 1100 | M0_PDR 0.705 | M1_PDR 0.624 | H_m0 2.57 H_m1 3.20 | a-0.0933 c1.9073 ent0.0320 VRAM 23MB
Ep 1150 | M0_PDR 0.716 | M1_PDR 0.625 | H_m0 2.49 H_m1 3.20 | a-0.0893 c1.7336 ent0.0312 VRAM 23MB
Ep 1200 | M0_PDR 0.707 | M1_PDR 0.635 | H_m0 2.50 H_m1 3.19 | a-0.0872 c2.0090 ent0.0304 VRAM 23MB
Ep 1250 | M0_PDR 0.747 | M1_PDR 0.659 | H_m0 2.55 H_m1 3.19 | a-0.0861 c1.6304 ent0.0296 VRAM 23MB
Ep 1300 | M0_PDR 0.742 | M1_PDR 0.636 | H_m0 2.46 H_m1 3.17 | a-0.0817 c2.0539 ent0.0288 VRAM 23MB
Ep 1350 | M0_PDR 0.711 | M1_PDR 0.633 | H_m0 2.43 H_m1 3.18 | a-0.0792 c1.9993 ent0.0279 VRAM 23MB
Ep 1400 | M0_PDR 0.758 | M1_PDR 0.652 | H_m0 2.36 H_m1 3.19 | a-0.0755 c2.0519 ent0.0271 VRAM 23MB
Ep 1450 | M0_PDR 0.726 | M1_PDR 0.606 | H_m0 2.29 H_m1 3.18 | a-0.0729 c2.3044 ent0.0263 VRAM 23MB
Ep 1500 | M0_PDR 0.717 | M1_PDR 0.630 | H_m0 2.27 H_m1 3.16 | a-0.0699 c1.8673 ent0.0255 VRAM 23MB
Ep 1550 | M0_PDR 0.726 | M1_PDR 0.623 | H_m0 2.26 H_m1 3.15 | a-0.0676 c1.7083 ent0.0247 VRAM 23MB
Ep 1600 | M0_PDR 0.724 | M1_PDR 0.642 | H_m0 2.32 H_m1 3.11 | a-0.0659 c1.8977 ent0.0239 VRAM 23MB
Ep 1650 | M0_PDR 0.719 | M1_PDR 0.644 | H_m0 2.41 H_m1 3.16 | a-0.0644 c1.3695 ent0.0230 VRAM 23MB
Ep 1700 | M0_PDR 0.723 | M1_PDR 0.627 | H_m0 2.25 H_m1 3.17 | a-0.0606 c1.5947 ent0.0222 VRAM 23MB
Ep 1750 | M0_PDR 0.719 | M1_PDR 0.616 | H_m0 2.23 H_m1 3.16 | a-0.0582 c2.4867 ent0.0214 VRAM 23MB
Ep 1800 | M0_PDR 0.724 | M1_PDR 0.619 | H_m0 2.18 H_m1 3.15 | a-0.0552 c1.7383 ent0.0206 VRAM 23MB
Ep 1850 | M0_PDR 0.719 | M1_PDR 0.648 | H_m0 2.07 H_m1 3.13 | a-0.0519 c1.5701 ent0.0198 VRAM 23MB
Ep 1900 | M0_PDR 0.729 | M1_PDR 0.609 | H_m0 2.04 H_m1 3.13 | a-0.0493 c2.4888 ent0.0190 VRAM 23MB
Ep 1950 | M0_PDR 0.709 | M1_PDR 0.612 | H_m0 1.98 H_m1 3.10 | a-0.0462 c1.6480 ent0.0181 VRAM 23MB
Ep 2000 | M0_PDR 0.691 | M1_PDR 0.653 | H_m0 1.92 H_m1 3.09 | a-0.0436 c2.6171 ent0.0173 VRAM 23MB
Ep 2050 | M0_PDR 0.766 | M1_PDR 0.665 | H_m0 1.94 H_m1 3.08 | a-0.0417 c2.3280 ent0.0165 VRAM 23MB
Ep 2100 | M0_PDR 0.675 | M1_PDR 0.634 | H_m0 2.06 H_m1 3.10 | a-0.0408 c3.9730 ent0.0157 VRAM 23MB
Ep 2150 | M0_PDR 0.743 | M1_PDR 0.657 | H_m0 1.85 H_m1 3.09 | a-0.0372 c1.7589 ent0.0149 VRAM 23MB
Ep 2200 | M0_PDR 0.734 | M1_PDR 0.610 | H_m0 1.83 H_m1 3.10 | a-0.0350 c1.8891 ent0.0141 VRAM 23MB
Ep 2250 | M0_PDR 0.740 | M1_PDR 0.635 | H_m0 1.85 H_m1 3.07 | a-0.0327 c1.7595 ent0.0132 VRAM 23MB
Ep 2300 | M0_PDR 0.733 | M1_PDR 0.594 | H_m0 1.89 H_m1 3.05 | a-0.0309 c2.4947 ent0.0124 VRAM 23MB
Ep 2350 | M0_PDR 0.739 | M1_PDR 0.610 | H_m0 1.81 H_m1 3.03 | a-0.0283 c1.8281 ent0.0116 VRAM 23MB
Ep 2400 | M0_PDR 0.758 | M1_PDR 0.638 | H_m0 1.77 H_m1 3.02 | a-0.0262 c2.0789 ent0.0108 VRAM 23MB
Ep 2450 | M0_PDR 0.739 | M1_PDR 0.608 | H_m0 1.74 H_m1 3.02 | a-0.0239 c2.0409 ent0.0100 VRAM 23MB
Ep 2500 | M0_PDR 0.757 | M1_PDR 0.615 | H_m0 1.72 H_m1 3.02 | a-0.0218 c1.4972 ent0.0092 VRAM 23MB
Ep 2550 | M0_PDR 0.726 | M1_PDR 0.710 | H_m0 1.73 H_m1 2.99 | a-0.0199 c1.8259 ent0.0083 VRAM 23MB
Ep 2600 | M0_PDR 0.770 | M1_PDR 0.661 | H_m0 1.69 H_m1 2.97 | a-0.0176 c2.2176 ent0.0075 VRAM 23MB
Ep 2650 | M0_PDR 0.758 | M1_PDR 0.625 | H_m0 1.69 H_m1 3.00 | a-0.0159 c1.5299 ent0.0067 VRAM 23MB
Ep 2700 | M0_PDR 0.698 | M1_PDR 0.646 | H_m0 1.73 H_m1 2.98 | a-0.0139 c2.6555 ent0.0059 VRAM 23MB
Ep 2750 | M0_PDR 0.722 | M1_PDR 0.616 | H_m0 1.67 H_m1 2.97 | a-0.0120 c2.3412 ent0.0051 VRAM 23MB
Ep 2800 | M0_PDR 0.755 | M1_PDR 0.630 | H_m0 1.58 H_m1 2.94 | a-0.0098 c1.7463 ent0.0043 VRAM 23MB
Ep 2850 | M0_PDR 0.731 | M1_PDR 0.634 | H_m0 1.58 H_m1 2.93 | a-0.0079 c2.4421 ent0.0034 VRAM 23MB
Ep 2900 | M0_PDR 0.764 | M1_PDR 0.631 | H_m0 1.56 H_m1 2.94 | a-0.0060 c1.7179 ent0.0026 VRAM 23MB
Ep 2950 | M0_PDR 0.758 | M1_PDR 0.639 | H_m0 1.54 H_m1 2.91 | a-0.0041 c2.0784 ent0.0018 VRAM 23MB

Training complete. Running 100 eval episodes...

  Eval ep   0: M0_PDR=0.745  M1_PDR=0.622
  Eval ep  20: M0_PDR=0.772  M1_PDR=0.661
  Eval ep  40: M0_PDR=0.775  M1_PDR=0.616
  Eval ep  60: M0_PDR=0.757  M1_PDR=0.642
  Eval ep  80: M0_PDR=0.764  M1_PDR=0.659

=== Eval Summary (100 episodes) ===
  M0_PDR_mean         : 0.7608
  M0_PDR_p05 (across) : 0.7206
  M0_PDR_p05 (intra)  : 0.2137
  M1_PDR_mean         : 0.6432
  M0_SINR_mean (dB)   : 23.44
  M1_SINR_mean (dB)   : 12.70
  M0_collision_rate   : 0.435
  M0_collision_within_pool : 0.173
  M1_collision_within_pool : 0.234

Result saved -> results/_A_N4_seed2.json
  N=4  rho=0.8  M0_PDR=0.761  M1_PDR=0.643
[NS3Bridge] Shutdown complete.
Run complete.
