[seed] all RNGs seeded with 2
GPU : NVIDIA GeForce RTX 3060
VRAM: 12.9 GB
Device          : cuda:0
Actor M0 params : 21,273
Actor M1 params : 21,273
Critic params   : 79,361
obs_dim=11  action_dim=25  gs_dim=49
M0 count: 2  M1 count: 2
Training for 5000 episodes (Config A_N4_seed2_5000ep_gaefix, N=4)...

[NS3Bridge] Connected tcp://localhost:6986
Ep    0 | M0_PDR 0.647 | M1_PDR 0.671 | H_m0 3.22 H_m1 3.22 | a-0.1659 c77.2646 ent0.0500 VRAM 23MB
Ep   50 | M0_PDR 0.658 | M1_PDR 0.677 | H_m0 3.20 H_m1 3.20 | a-0.1596 c51.4410 ent0.0495 VRAM 23MB
Ep  100 | M0_PDR 0.677 | M1_PDR 0.699 | H_m0 3.20 H_m1 3.19 | a-0.1576 c40.3274 ent0.0490 VRAM 23MB
Ep  150 | M0_PDR 0.667 | M1_PDR 0.641 | H_m0 3.19 H_m1 3.21 | a-0.1559 c39.5907 ent0.0485 VRAM 23MB
Ep  200 | M0_PDR 0.657 | M1_PDR 0.637 | H_m0 3.19 H_m1 3.20 | a-0.1541 c38.4095 ent0.0480 VRAM 23MB
Ep  250 | M0_PDR 0.615 | M1_PDR 0.665 | H_m0 3.19 H_m1 3.15 | a-0.1524 c33.2202 ent0.0475 VRAM 23MB
Ep  300 | M0_PDR 0.652 | M1_PDR 0.657 | H_m0 3.17 H_m1 3.20 | a-0.1511 c37.2455 ent0.0471 VRAM 23MB
Ep  350 | M0_PDR 0.663 | M1_PDR 0.691 | H_m0 3.15 H_m1 3.16 | a-0.1479 c37.6868 ent0.0466 VRAM 23MB
Ep  400 | M0_PDR 0.676 | M1_PDR 0.641 | H_m0 3.17 H_m1 3.17 | a-0.1473 c40.4782 ent0.0461 VRAM 23MB
Ep  450 | M0_PDR 0.681 | M1_PDR 0.606 | H_m0 3.18 H_m1 3.21 | a-0.1464 c41.9829 ent0.0456 VRAM 23MB
Ep  500 | M0_PDR 0.685 | M1_PDR 0.664 | H_m0 3.18 H_m1 3.21 | a-0.1449 c42.7405 ent0.0451 VRAM 23MB
Ep  550 | M0_PDR 0.652 | M1_PDR 0.648 | H_m0 3.18 H_m1 3.21 | a-0.1433 c37.2711 ent0.0446 VRAM 23MB
Ep  600 | M0_PDR 0.675 | M1_PDR 0.651 | H_m0 3.14 H_m1 3.20 | a-0.1409 c39.3411 ent0.0441 VRAM 23MB
Ep  650 | M0_PDR 0.668 | M1_PDR 0.622 | H_m0 3.17 H_m1 3.21 | a-0.1400 c40.6232 ent0.0436 VRAM 23MB
Ep  700 | M0_PDR 0.692 | M1_PDR 0.607 | H_m0 3.14 H_m1 3.21 | a-0.1389 c41.8002 ent0.0431 VRAM 23MB
Ep  750 | M0_PDR 0.709 | M1_PDR 0.643 | H_m0 3.17 H_m1 3.21 | a-0.1366 c42.8981 ent0.0426 VRAM 23MB
Ep  800 | M0_PDR 0.679 | M1_PDR 0.657 | H_m0 3.16 H_m1 3.21 | a-0.1349 c41.7657 ent0.0422 VRAM 23MB
Ep  850 | M0_PDR 0.681 | M1_PDR 0.604 | H_m0 3.09 H_m1 3.21 | a-0.1318 c42.0978 ent0.0417 VRAM 23MB
Ep  900 | M0_PDR 0.680 | M1_PDR 0.636 | H_m0 3.07 H_m1 3.21 | a-0.1296 c40.9939 ent0.0412 VRAM 23MB
Ep  950 | M0_PDR 0.680 | M1_PDR 0.633 | H_m0 3.12 H_m1 3.21 | a-0.1299 c40.5907 ent0.0407 VRAM 23MB
Ep 1000 | M0_PDR 0.669 | M1_PDR 0.650 | H_m0 3.17 H_m1 3.21 | a-0.1286 c39.5387 ent0.0402 VRAM 23MB
Ep 1050 | M0_PDR 0.668 | M1_PDR 0.628 | H_m0 3.17 H_m1 3.21 | a-0.1271 c40.7592 ent0.0397 VRAM 23MB
Ep 1100 | M0_PDR 0.660 | M1_PDR 0.635 | H_m0 3.14 H_m1 3.21 | a-0.1251 c38.4467 ent0.0392 VRAM 23MB
Ep 1150 | M0_PDR 0.662 | M1_PDR 0.621 | H_m0 3.09 H_m1 3.21 | a-0.1230 c38.9750 ent0.0387 VRAM 23MB
Ep 1200 | M0_PDR 0.632 | M1_PDR 0.666 | H_m0 3.15 H_m1 3.21 | a-0.1222 c35.5676 ent0.0382 VRAM 23MB
Ep 1250 | M0_PDR 0.677 | M1_PDR 0.649 | H_m0 3.15 H_m1 3.21 | a-0.1204 c41.1919 ent0.0377 VRAM 23MB
Ep 1300 | M0_PDR 0.611 | M1_PDR 0.647 | H_m0 3.17 H_m1 3.22 | a-0.1195 c33.2738 ent0.0373 VRAM 23MB
Ep 1350 | M0_PDR 0.639 | M1_PDR 0.654 | H_m0 3.19 H_m1 3.21 | a-0.1181 c36.1085 ent0.0368 VRAM 23MB
Ep 1400 | M0_PDR 0.695 | M1_PDR 0.680 | H_m0 3.17 H_m1 3.21 | a-0.1166 c41.8814 ent0.0363 VRAM 23MB
Ep 1450 | M0_PDR 0.684 | M1_PDR 0.667 | H_m0 3.15 H_m1 3.21 | a-0.1143 c40.6812 ent0.0358 VRAM 23MB
Ep 1500 | M0_PDR 0.672 | M1_PDR 0.614 | H_m0 3.15 H_m1 3.21 | a-0.1132 c41.6143 ent0.0353 VRAM 23MB
Ep 1550 | M0_PDR 0.653 | M1_PDR 0.659 | H_m0 3.14 H_m1 3.21 | a-0.1114 c37.1345 ent0.0348 VRAM 23MB
Ep 1600 | M0_PDR 0.679 | M1_PDR 0.656 | H_m0 3.14 H_m1 3.21 | a-0.1094 c39.2277 ent0.0343 VRAM 23MB
Ep 1650 | M0_PDR 0.700 | M1_PDR 0.686 | H_m0 3.19 H_m1 3.21 | a-0.1089 c41.6006 ent0.0338 VRAM 23MB
Ep 1700 | M0_PDR 0.698 | M1_PDR 0.636 | H_m0 3.14 H_m1 3.21 | a-0.1064 c42.7091 ent0.0333 VRAM 23MB
Ep 1750 | M0_PDR 0.700 | M1_PDR 0.635 | H_m0 3.16 H_m1 3.21 | a-0.1053 c42.0679 ent0.0328 VRAM 23MB
Ep 1800 | M0_PDR 0.689 | M1_PDR 0.620 | H_m0 3.10 H_m1 3.20 | a-0.1027 c41.7123 ent0.0324 VRAM 23MB
Ep 1850 | M0_PDR 0.673 | M1_PDR 0.606 | H_m0 3.08 H_m1 3.20 | a-0.1005 c41.9092 ent0.0319 VRAM 23MB
Ep 1900 | M0_PDR 0.635 | M1_PDR 0.701 | H_m0 3.11 H_m1 3.19 | a-0.0994 c35.5755 ent0.0314 VRAM 23MB
Ep 1950 | M0_PDR 0.720 | M1_PDR 0.644 | H_m0 3.07 H_m1 3.21 | a-0.0979 c45.9695 ent0.0309 VRAM 23MB
Ep 2000 | M0_PDR 0.661 | M1_PDR 0.642 | H_m0 3.11 H_m1 3.21 | a-0.0964 c38.6133 ent0.0304 VRAM 23MB
Ep 2050 | M0_PDR 0.659 | M1_PDR 0.679 | H_m0 3.12 H_m1 3.21 | a-0.0951 c37.4834 ent0.0299 VRAM 23MB
Ep 2100 | M0_PDR 0.656 | M1_PDR 0.619 | H_m0 3.14 H_m1 3.21 | a-0.0937 c38.9394 ent0.0294 VRAM 23MB
Ep 2150 | M0_PDR 0.682 | M1_PDR 0.655 | H_m0 3.17 H_m1 3.21 | a-0.0927 c40.7672 ent0.0289 VRAM 23MB
Ep 2200 | M0_PDR 0.679 | M1_PDR 0.632 | H_m0 3.16 H_m1 3.21 | a-0.0908 c39.8723 ent0.0284 VRAM 23MB
Ep 2250 | M0_PDR 0.640 | M1_PDR 0.645 | H_m0 3.18 H_m1 3.22 | a-0.0896 c36.1867 ent0.0279 VRAM 23MB
Ep 2300 | M0_PDR 0.646 | M1_PDR 0.660 | H_m0 3.18 H_m1 3.22 | a-0.0880 c36.6926 ent0.0275 VRAM 23MB
Ep 2350 | M0_PDR 0.675 | M1_PDR 0.635 | H_m0 3.15 H_m1 3.22 | a-0.0861 c39.7875 ent0.0270 VRAM 23MB
Ep 2400 | M0_PDR 0.649 | M1_PDR 0.615 | H_m0 3.15 H_m1 3.22 | a-0.0846 c38.1335 ent0.0265 VRAM 23MB
Ep 2450 | M0_PDR 0.644 | M1_PDR 0.609 | H_m0 3.14 H_m1 3.22 | a-0.0826 c37.7379 ent0.0260 VRAM 23MB
Ep 2500 | M0_PDR 0.706 | M1_PDR 0.646 | H_m0 3.12 H_m1 3.22 | a-0.0811 c42.4605 ent0.0255 VRAM 23MB
Ep 2550 | M0_PDR 0.731 | M1_PDR 0.695 | H_m0 3.14 H_m1 3.22 | a-0.0798 c45.6433 ent0.0250 VRAM 23MB
Ep 2600 | M0_PDR 0.704 | M1_PDR 0.680 | H_m0 3.15 H_m1 3.22 | a-0.0782 c42.1082 ent0.0245 VRAM 23MB
Ep 2650 | M0_PDR 0.670 | M1_PDR 0.675 | H_m0 3.15 H_m1 3.22 | a-0.0768 c39.1933 ent0.0240 VRAM 23MB
Ep 2700 | M0_PDR 0.711 | M1_PDR 0.698 | H_m0 3.13 H_m1 3.22 | a-0.0750 c42.1480 ent0.0235 VRAM 23MB
Ep 2750 | M0_PDR 0.687 | M1_PDR 0.667 | H_m0 3.13 H_m1 3.22 | a-0.0734 c40.2254 ent0.0230 VRAM 23MB
Ep 2800 | M0_PDR 0.669 | M1_PDR 0.648 | H_m0 3.14 H_m1 3.22 | a-0.0719 c38.8747 ent0.0226 VRAM 23MB
Ep 2850 | M0_PDR 0.680 | M1_PDR 0.663 | H_m0 3.12 H_m1 3.22 | a-0.0702 c40.4845 ent0.0221 VRAM 23MB
Ep 2900 | M0_PDR 0.666 | M1_PDR 0.654 | H_m0 3.11 H_m1 3.22 | a-0.0685 c40.3296 ent0.0216 VRAM 23MB
Ep 2950 | M0_PDR 0.702 | M1_PDR 0.620 | H_m0 3.13 H_m1 3.22 | a-0.0671 c43.0624 ent0.0211 VRAM 23MB
Ep 3000 | M0_PDR 0.659 | M1_PDR 0.678 | H_m0 3.13 H_m1 3.22 | a-0.0656 c38.0648 ent0.0206 VRAM 23MB
Ep 3050 | M0_PDR 0.672 | M1_PDR 0.652 | H_m0 3.14 H_m1 3.22 | a-0.0641 c39.8473 ent0.0201 VRAM 23MB
Ep 3100 | M0_PDR 0.692 | M1_PDR 0.653 | H_m0 3.16 H_m1 3.22 | a-0.0626 c41.5007 ent0.0196 VRAM 23MB
Ep 3150 | M0_PDR 0.725 | M1_PDR 0.628 | H_m0 3.15 H_m1 3.22 | a-0.0610 c45.2024 ent0.0191 VRAM 23MB
Ep 3200 | M0_PDR 0.648 | M1_PDR 0.615 | H_m0 3.16 H_m1 3.22 | a-0.0595 c38.0497 ent0.0186 VRAM 23MB
Ep 3250 | M0_PDR 0.681 | M1_PDR 0.634 | H_m0 3.14 H_m1 3.22 | a-0.0578 c40.8306 ent0.0181 VRAM 23MB
Ep 3300 | M0_PDR 0.676 | M1_PDR 0.603 | H_m0 3.08 H_m1 3.22 | a-0.0557 c41.2909 ent0.0177 VRAM 23MB
Ep 3350 | M0_PDR 0.704 | M1_PDR 0.661 | H_m0 3.03 H_m1 3.22 | a-0.0538 c43.2027 ent0.0172 VRAM 23MB
Ep 3400 | M0_PDR 0.683 | M1_PDR 0.638 | H_m0 3.04 H_m1 3.22 | a-0.0523 c40.1799 ent0.0167 VRAM 23MB
Ep 3450 | M0_PDR 0.702 | M1_PDR 0.623 | H_m0 3.01 H_m1 3.22 | a-0.0505 c43.6768 ent0.0162 VRAM 23MB
Ep 3500 | M0_PDR 0.665 | M1_PDR 0.652 | H_m0 3.01 H_m1 3.22 | a-0.0489 c39.4859 ent0.0157 VRAM 23MB
Ep 3550 | M0_PDR 0.702 | M1_PDR 0.614 | H_m0 3.04 H_m1 3.22 | a-0.0477 c42.3772 ent0.0152 VRAM 23MB
Ep 3600 | M0_PDR 0.699 | M1_PDR 0.671 | H_m0 3.01 H_m1 3.22 | a-0.0461 c41.5573 ent0.0147 VRAM 23MB
Ep 3650 | M0_PDR 0.671 | M1_PDR 0.643 | H_m0 3.01 H_m1 3.22 | a-0.0445 c39.3160 ent0.0142 VRAM 23MB
Ep 3700 | M0_PDR 0.693 | M1_PDR 0.634 | H_m0 2.97 H_m1 3.22 | a-0.0426 c41.2884 ent0.0137 VRAM 23MB
Ep 3750 | M0_PDR 0.710 | M1_PDR 0.655 | H_m0 2.97 H_m1 3.22 | a-0.0410 c44.0666 ent0.0132 VRAM 23MB
Ep 3800 | M0_PDR 0.666 | M1_PDR 0.622 | H_m0 2.99 H_m1 3.22 | a-0.0396 c39.5529 ent0.0128 VRAM 23MB
Ep 3850 | M0_PDR 0.709 | M1_PDR 0.632 | H_m0 2.96 H_m1 3.22 | a-0.0379 c43.3566 ent0.0123 VRAM 23MB
Ep 3900 | M0_PDR 0.696 | M1_PDR 0.661 | H_m0 2.97 H_m1 3.22 | a-0.0365 c41.3831 ent0.0118 VRAM 23MB
Ep 3950 | M0_PDR 0.666 | M1_PDR 0.637 | H_m0 2.97 H_m1 3.22 | a-0.0350 c40.0026 ent0.0113 VRAM 23MB
Ep 4000 | M0_PDR 0.672 | M1_PDR 0.681 | H_m0 2.97 H_m1 3.22 | a-0.0335 c39.2861 ent0.0108 VRAM 23MB
Ep 4050 | M0_PDR 0.668 | M1_PDR 0.660 | H_m0 2.96 H_m1 3.22 | a-0.0319 c40.4774 ent0.0103 VRAM 23MB
Ep 4100 | M0_PDR 0.641 | M1_PDR 0.616 | H_m0 2.95 H_m1 3.22 | a-0.0303 c37.1003 ent0.0098 VRAM 23MB
Ep 4150 | M0_PDR 0.700 | M1_PDR 0.650 | H_m0 2.96 H_m1 3.22 | a-0.0288 c41.4817 ent0.0093 VRAM 23MB
Ep 4200 | M0_PDR 0.706 | M1_PDR 0.609 | H_m0 2.95 H_m1 3.22 | a-0.0273 c44.3109 ent0.0088 VRAM 23MB
Ep 4250 | M0_PDR 0.720 | M1_PDR 0.630 | H_m0 2.94 H_m1 3.22 | a-0.0257 c44.9172 ent0.0083 VRAM 23MB
Ep 4300 | M0_PDR 0.650 | M1_PDR 0.621 | H_m0 2.94 H_m1 3.22 | a-0.0243 c39.2013 ent0.0079 VRAM 23MB
Ep 4350 | M0_PDR 0.650 | M1_PDR 0.613 | H_m0 2.94 H_m1 3.22 | a-0.0227 c38.8852 ent0.0074 VRAM 23MB
Ep 4400 | M0_PDR 0.727 | M1_PDR 0.594 | H_m0 2.91 H_m1 3.22 | a-0.0211 c46.7132 ent0.0069 VRAM 23MB
Ep 4450 | M0_PDR 0.723 | M1_PDR 0.634 | H_m0 2.92 H_m1 3.22 | a-0.0196 c45.3780 ent0.0064 VRAM 23MB
Ep 4500 | M0_PDR 0.709 | M1_PDR 0.679 | H_m0 2.92 H_m1 3.22 | a-0.0181 c42.7923 ent0.0059 VRAM 23MB
Ep 4550 | M0_PDR 0.672 | M1_PDR 0.649 | H_m0 2.90 H_m1 3.22 | a-0.0165 c39.1958 ent0.0054 VRAM 23MB
Ep 4600 | M0_PDR 0.718 | M1_PDR 0.625 | H_m0 2.88 H_m1 3.22 | a-0.0151 c45.7978 ent0.0049 VRAM 23MB
Ep 4650 | M0_PDR 0.692 | M1_PDR 0.632 | H_m0 2.87 H_m1 3.22 | a-0.0135 c41.8882 ent0.0044 VRAM 23MB
Ep 4700 | M0_PDR 0.709 | M1_PDR 0.667 | H_m0 2.85 H_m1 3.22 | a-0.0120 c44.2782 ent0.0039 VRAM 23MB
Ep 4750 | M0_PDR 0.736 | M1_PDR 0.598 | H_m0 2.84 H_m1 3.22 | a-0.0105 c47.9845 ent0.0034 VRAM 23MB
Ep 4800 | M0_PDR 0.695 | M1_PDR 0.655 | H_m0 2.86 H_m1 3.22 | a-0.0090 c41.8948 ent0.0030 VRAM 23MB
Ep 4850 | M0_PDR 0.699 | M1_PDR 0.652 | H_m0 2.85 H_m1 3.22 | a-0.0075 c42.2785 ent0.0025 VRAM 23MB
Ep 4900 | M0_PDR 0.701 | M1_PDR 0.621 | H_m0 2.84 H_m1 3.22 | a-0.0060 c42.9746 ent0.0020 VRAM 23MB
Ep 4950 | M0_PDR 0.731 | M1_PDR 0.626 | H_m0 2.84 H_m1 3.22 | a-0.0045 c45.9853 ent0.0015 VRAM 23MB

Training complete. Running 100 eval episodes...

  Eval ep   0: M0_PDR=0.737  M1_PDR=0.668
  Eval ep  20: M0_PDR=0.693  M1_PDR=0.624
  Eval ep  40: M0_PDR=0.678  M1_PDR=0.583
  Eval ep  60: M0_PDR=0.669  M1_PDR=0.600
  Eval ep  80: M0_PDR=0.707  M1_PDR=0.598

=== Eval Summary (100 episodes) ===
  M0_PDR_mean         : 0.6997
  M0_PDR_p05 (across) : 0.6627
  M0_PDR_p05 (intra)  : 0.0002
  M1_PDR_mean         : 0.6262
  M0_SINR_mean (dB)   : 15.94
  M1_SINR_mean (dB)   : 8.13
  M0_collision_rate   : 0.489
  M0_collision_within_pool : 0.204
  M1_collision_within_pool : 0.200

Result saved -> results/_A_N4_seed2_5000ep_gaefix.json
  N=4  rho=0.8  M0_PDR=0.700  M1_PDR=0.626
[NS3Bridge] Shutdown complete.
Run complete.
