[seed] all RNGs seeded with 4
GPU : NVIDIA GeForce RTX 3060
VRAM: 12.9 GB
Device          : cuda:0
Actor M0 params : 21,273
Actor M1 params : 21,273
Critic params   : 79,361
obs_dim=11  action_dim=25  gs_dim=49
M0 count: 2  M1 count: 2
Training for 5000 episodes (Config A_N4_seed4_5000ep_gaefix_g05_ent01, N=4)...

[NS3Bridge] Connected tcp://localhost:7156
Ep    0 | M0_PDR 0.654 | M1_PDR 0.706 | H_m0 3.22 H_m1 3.21 | a-0.0379 c0.9781 ent0.0100 VRAM 23MB
Ep   50 | M0_PDR 0.723 | M1_PDR 0.643 | H_m0 2.54 H_m1 3.17 | a-0.0295 c0.7975 ent0.0099 VRAM 23MB
Ep  100 | M0_PDR 0.727 | M1_PDR 0.612 | H_m0 1.78 H_m1 2.61 | a-0.0232 c0.8190 ent0.0098 VRAM 23MB
Ep  150 | M0_PDR 0.755 | M1_PDR 0.654 | H_m0 1.38 H_m1 2.08 | a-0.0176 c0.8631 ent0.0097 VRAM 23MB
Ep  200 | M0_PDR 0.722 | M1_PDR 0.705 | H_m0 1.20 H_m1 1.48 | a-0.0160 c0.8303 ent0.0096 VRAM 23MB
Ep  250 | M0_PDR 0.836 | M1_PDR 0.669 | H_m0 1.14 H_m1 1.35 | a-0.0128 c0.9631 ent0.0095 VRAM 23MB
Ep  300 | M0_PDR 0.822 | M1_PDR 0.699 | H_m0 1.18 H_m1 1.05 | a-0.0161 c0.9308 ent0.0095 VRAM 23MB
Ep  350 | M0_PDR 0.865 | M1_PDR 0.666 | H_m0 0.86 H_m1 1.97 | a-0.0161 c1.0075 ent0.0094 VRAM 23MB
Ep  400 | M0_PDR 0.987 | M1_PDR 0.695 | H_m0 0.09 H_m1 1.48 | a-0.0075 c1.1584 ent0.0093 VRAM 23MB
Ep  450 | M0_PDR 0.993 | M1_PDR 0.748 | H_m0 0.04 H_m1 1.48 | a-0.0088 c1.1573 ent0.0092 VRAM 23MB
Ep  500 | M0_PDR 0.995 | M1_PDR 0.737 | H_m0 0.03 H_m1 1.76 | a-0.0088 c1.1456 ent0.0091 VRAM 23MB
Ep  550 | M0_PDR 0.997 | M1_PDR 0.816 | H_m0 0.02 H_m1 2.09 | a-0.0114 c1.1095 ent0.0090 VRAM 23MB
Ep  600 | M0_PDR 1.000 | M1_PDR 0.746 | H_m0 0.01 H_m1 1.79 | a-0.0115 c1.1484 ent0.0089 VRAM 23MB
Ep  650 | M0_PDR 0.998 | M1_PDR 0.786 | H_m0 0.01 H_m1 1.75 | a-0.0094 c1.1316 ent0.0088 VRAM 23MB
Ep  700 | M0_PDR 0.995 | M1_PDR 0.793 | H_m0 0.01 H_m1 1.86 | a-0.0101 c1.1196 ent0.0087 VRAM 23MB
Ep  750 | M0_PDR 0.995 | M1_PDR 0.819 | H_m0 0.01 H_m1 2.11 | a-0.0113 c1.1049 ent0.0086 VRAM 23MB
Ep  800 | M0_PDR 0.994 | M1_PDR 0.788 | H_m0 0.01 H_m1 2.06 | a-0.0100 c1.1139 ent0.0086 VRAM 23MB
Ep  850 | M0_PDR 0.998 | M1_PDR 0.756 | H_m0 0.00 H_m1 1.73 | a-0.0099 c1.1505 ent0.0085 VRAM 23MB
Ep  900 | M0_PDR 1.000 | M1_PDR 0.800 | H_m0 0.01 H_m1 1.94 | a-0.0103 c1.1248 ent0.0084 VRAM 23MB
Ep  950 | M0_PDR 1.000 | M1_PDR 0.803 | H_m0 0.00 H_m1 1.75 | a-0.0081 c1.1264 ent0.0083 VRAM 23MB
Ep 1000 | M0_PDR 0.997 | M1_PDR 0.796 | H_m0 0.00 H_m1 1.76 | a-0.0089 c1.1225 ent0.0082 VRAM 23MB
Ep 1050 | M0_PDR 0.997 | M1_PDR 0.787 | H_m0 0.00 H_m1 2.03 | a-0.0083 c1.1226 ent0.0081 VRAM 23MB
Ep 1100 | M0_PDR 0.997 | M1_PDR 0.742 | H_m0 0.00 H_m1 1.91 | a-0.0083 c1.1441 ent0.0080 VRAM 23MB
Ep 1150 | M0_PDR 0.998 | M1_PDR 0.792 | H_m0 0.00 H_m1 1.91 | a-0.0083 c1.1255 ent0.0079 VRAM 23MB
Ep 1200 | M0_PDR 1.000 | M1_PDR 0.769 | H_m0 0.00 H_m1 2.22 | a-0.0103 c1.1350 ent0.0078 VRAM 23MB
Ep 1250 | M0_PDR 1.000 | M1_PDR 0.784 | H_m0 0.00 H_m1 1.91 | a-0.0074 c1.1364 ent0.0077 VRAM 23MB
Ep 1300 | M0_PDR 1.000 | M1_PDR 0.781 | H_m0 0.00 H_m1 1.62 | a-0.0063 c1.1341 ent0.0077 VRAM 23MB
Ep 1350 | M0_PDR 1.000 | M1_PDR 0.763 | H_m0 0.00 H_m1 2.17 | a-0.0081 c1.1454 ent0.0076 VRAM 23MB
Ep 1400 | M0_PDR 1.000 | M1_PDR 0.802 | H_m0 0.00 H_m1 2.14 | a-0.0104 c1.1230 ent0.0075 VRAM 23MB
Ep 1450 | M0_PDR 1.000 | M1_PDR 0.797 | H_m0 0.00 H_m1 2.11 | a-0.0090 c1.1275 ent0.0074 VRAM 23MB
Ep 1500 | M0_PDR 1.000 | M1_PDR 0.790 | H_m0 0.00 H_m1 1.72 | a-0.0070 c1.1304 ent0.0073 VRAM 23MB
Ep 1550 | M0_PDR 1.000 | M1_PDR 0.803 | H_m0 0.00 H_m1 1.74 | a-0.0070 c1.1245 ent0.0072 VRAM 23MB
Ep 1600 | M0_PDR 1.000 | M1_PDR 0.778 | H_m0 0.00 H_m1 1.72 | a-0.0064 c1.1395 ent0.0071 VRAM 23MB
Ep 1650 | M0_PDR 1.000 | M1_PDR 0.774 | H_m0 0.00 H_m1 1.73 | a-0.0088 c1.1404 ent0.0070 VRAM 23MB
Ep 1700 | M0_PDR 1.000 | M1_PDR 0.754 | H_m0 0.00 H_m1 1.67 | a-0.0064 c1.1520 ent0.0069 VRAM 23MB
Ep 1750 | M0_PDR 0.997 | M1_PDR 0.759 | H_m0 0.00 H_m1 1.66 | a-0.0070 c1.1428 ent0.0068 VRAM 23MB
Ep 1800 | M0_PDR 1.000 | M1_PDR 0.775 | H_m0 0.00 H_m1 1.82 | a-0.0066 c1.1425 ent0.0068 VRAM 23MB
Ep 1850 | M0_PDR 1.000 | M1_PDR 0.792 | H_m0 0.00 H_m1 1.57 | a-0.0058 c1.1296 ent0.0067 VRAM 23MB
Ep 1900 | M0_PDR 1.000 | M1_PDR 0.789 | H_m0 0.00 H_m1 1.74 | a-0.0063 c1.1286 ent0.0066 VRAM 23MB
Ep 1950 | M0_PDR 0.998 | M1_PDR 0.737 | H_m0 0.00 H_m1 2.02 | a-0.0071 c1.1532 ent0.0065 VRAM 23MB
Ep 2000 | M0_PDR 0.998 | M1_PDR 0.785 | H_m0 0.00 H_m1 2.14 | a-0.0071 c1.1244 ent0.0064 VRAM 23MB
Ep 2050 | M0_PDR 0.998 | M1_PDR 0.779 | H_m0 0.00 H_m1 2.15 | a-0.0068 c1.1300 ent0.0063 VRAM 23MB
Ep 2100 | M0_PDR 0.997 | M1_PDR 0.760 | H_m0 0.00 H_m1 2.37 | a-0.0080 c1.1344 ent0.0062 VRAM 23MB
Ep 2150 | M0_PDR 1.000 | M1_PDR 0.831 | H_m0 0.00 H_m1 2.09 | a-0.0069 c1.1045 ent0.0061 VRAM 23MB
Ep 2200 | M0_PDR 1.000 | M1_PDR 0.824 | H_m0 0.00 H_m1 2.18 | a-0.0072 c1.1089 ent0.0060 VRAM 23MB
Ep 2250 | M0_PDR 1.000 | M1_PDR 0.770 | H_m0 0.00 H_m1 2.18 | a-0.0067 c1.1347 ent0.0059 VRAM 23MB
Ep 2300 | M0_PDR 1.000 | M1_PDR 0.775 | H_m0 0.00 H_m1 2.16 | a-0.0066 c1.1301 ent0.0059 VRAM 23MB
Ep 2350 | M0_PDR 1.000 | M1_PDR 0.756 | H_m0 0.00 H_m1 2.20 | a-0.0065 c1.1428 ent0.0058 VRAM 23MB
Ep 2400 | M0_PDR 0.997 | M1_PDR 0.787 | H_m0 0.00 H_m1 2.14 | a-0.0071 c1.1288 ent0.0057 VRAM 23MB
Ep 2450 | M0_PDR 1.000 | M1_PDR 0.825 | H_m0 0.00 H_m1 2.11 | a-0.0063 c1.1056 ent0.0056 VRAM 23MB
Ep 2500 | M0_PDR 1.000 | M1_PDR 0.744 | H_m0 0.00 H_m1 2.22 | a-0.0059 c1.1498 ent0.0055 VRAM 23MB
Ep 2550 | M0_PDR 0.998 | M1_PDR 0.787 | H_m0 0.00 H_m1 2.21 | a-0.0062 c1.1282 ent0.0054 VRAM 23MB
Ep 2600 | M0_PDR 1.000 | M1_PDR 0.793 | H_m0 0.00 H_m1 2.15 | a-0.0061 c1.1214 ent0.0053 VRAM 23MB
Ep 2650 | M0_PDR 1.000 | M1_PDR 0.789 | H_m0 0.00 H_m1 2.03 | a-0.0055 c1.1312 ent0.0052 VRAM 23MB
Ep 2700 | M0_PDR 1.000 | M1_PDR 0.787 | H_m0 0.00 H_m1 2.07 | a-0.0056 c1.1244 ent0.0051 VRAM 23MB
Ep 2750 | M0_PDR 1.000 | M1_PDR 0.799 | H_m0 0.00 H_m1 2.04 | a-0.0052 c1.1222 ent0.0050 VRAM 23MB
Ep 2800 | M0_PDR 1.000 | M1_PDR 0.807 | H_m0 0.00 H_m1 2.04 | a-0.0059 c1.1190 ent0.0050 VRAM 23MB
Ep 2850 | M0_PDR 1.000 | M1_PDR 0.795 | H_m0 0.00 H_m1 1.92 | a-0.0048 c1.1240 ent0.0049 VRAM 23MB
Ep 2900 | M0_PDR 1.000 | M1_PDR 0.837 | H_m0 0.00 H_m1 2.01 | a-0.0050 c1.0992 ent0.0048 VRAM 23MB
Ep 2950 | M0_PDR 1.000 | M1_PDR 0.773 | H_m0 0.00 H_m1 2.02 | a-0.0058 c1.1396 ent0.0047 VRAM 23MB
Ep 3000 | M0_PDR 1.000 | M1_PDR 0.790 | H_m0 0.00 H_m1 2.03 | a-0.0048 c1.1275 ent0.0046 VRAM 23MB
Ep 3050 | M0_PDR 1.000 | M1_PDR 0.777 | H_m0 0.00 H_m1 1.95 | a-0.0049 c1.1333 ent0.0045 VRAM 23MB
Ep 3100 | M0_PDR 1.000 | M1_PDR 0.765 | H_m0 0.00 H_m1 1.94 | a-0.0047 c1.1485 ent0.0044 VRAM 23MB
Ep 3150 | M0_PDR 1.000 | M1_PDR 0.799 | H_m0 0.00 H_m1 1.79 | a-0.0038 c1.1216 ent0.0043 VRAM 23MB
Ep 3200 | M0_PDR 1.000 | M1_PDR 0.793 | H_m0 0.00 H_m1 1.78 | a-0.0047 c1.1283 ent0.0042 VRAM 23MB
Ep 3250 | M0_PDR 1.000 | M1_PDR 0.797 | H_m0 0.00 H_m1 1.83 | a-0.0039 c1.1260 ent0.0041 VRAM 23MB
Ep 3300 | M0_PDR 1.000 | M1_PDR 0.799 | H_m0 0.00 H_m1 1.77 | a-0.0038 c1.1199 ent0.0041 VRAM 23MB
Ep 3350 | M0_PDR 1.000 | M1_PDR 0.799 | H_m0 0.00 H_m1 1.77 | a-0.0040 c1.1212 ent0.0040 VRAM 23MB
Ep 3400 | M0_PDR 0.998 | M1_PDR 0.804 | H_m0 0.00 H_m1 1.75 | a-0.0037 c1.1219 ent0.0039 VRAM 23MB
Ep 3450 | M0_PDR 1.000 | M1_PDR 0.812 | H_m0 0.00 H_m1 1.84 | a-0.0037 c1.1133 ent0.0038 VRAM 23MB
Ep 3500 | M0_PDR 1.000 | M1_PDR 0.781 | H_m0 0.00 H_m1 1.99 | a-0.0040 c1.1284 ent0.0037 VRAM 23MB
Ep 3550 | M0_PDR 0.998 | M1_PDR 0.828 | H_m0 0.00 H_m1 2.04 | a-0.0038 c1.0994 ent0.0036 VRAM 23MB
Ep 3600 | M0_PDR 0.998 | M1_PDR 0.799 | H_m0 0.00 H_m1 2.01 | a-0.0036 c1.1151 ent0.0035 VRAM 23MB
Error: tcpip::Socket::accept() Unable to create listening socket: Address already in use
Quitting (on error).
Ep 3650 | M0_PDR 1.000 | M1_PDR 0.778 | H_m0 0.00 H_m1 1.91 | a-0.0038 c1.1311 ent0.0034 VRAM 23MB
Ep 3700 | M0_PDR 0.998 | M1_PDR 0.794 | H_m0 0.00 H_m1 1.90 | a-0.0036 c1.1245 ent0.0033 VRAM 23MB
Ep 3750 | M0_PDR 1.000 | M1_PDR 0.777 | H_m0 0.00 H_m1 1.98 | a-0.0034 c1.1354 ent0.0032 VRAM 23MB
Ep 3800 | M0_PDR 1.000 | M1_PDR 0.781 | H_m0 0.00 H_m1 1.95 | a-0.0034 c1.1316 ent0.0032 VRAM 23MB
Ep 3850 | M0_PDR 1.000 | M1_PDR 0.800 | H_m0 0.00 H_m1 1.98 | a-0.0033 c1.1206 ent0.0031 VRAM 23MB
Ep 3900 | M0_PDR 0.997 | M1_PDR 0.790 | H_m0 0.00 H_m1 1.94 | a-0.0029 c1.1208 ent0.0030 VRAM 23MB
Ep 3950 | M0_PDR 1.000 | M1_PDR 0.783 | H_m0 0.00 H_m1 1.88 | a-0.0028 c1.1257 ent0.0029 VRAM 23MB
Ep 4000 | M0_PDR 1.000 | M1_PDR 0.785 | H_m0 0.00 H_m1 1.98 | a-0.0029 c1.1307 ent0.0028 VRAM 23MB
Ep 4050 | M0_PDR 1.000 | M1_PDR 0.822 | H_m0 0.00 H_m1 1.91 | a-0.0027 c1.1112 ent0.0027 VRAM 23MB
Ep 4100 | M0_PDR 1.000 | M1_PDR 0.766 | H_m0 0.00 H_m1 1.94 | a-0.0027 c1.1404 ent0.0026 VRAM 23MB
Ep 4150 | M0_PDR 1.000 | M1_PDR 0.812 | H_m0 0.00 H_m1 1.86 | a-0.0025 c1.1160 ent0.0025 VRAM 23MB
Ep 4200 | M0_PDR 1.000 | M1_PDR 0.796 | H_m0 0.00 H_m1 1.82 | a-0.0023 c1.1271 ent0.0024 VRAM 23MB
Ep 4250 | M0_PDR 1.000 | M1_PDR 0.779 | H_m0 0.00 H_m1 1.83 | a-0.0024 c1.1260 ent0.0023 VRAM 23MB
Ep 4300 | M0_PDR 1.000 | M1_PDR 0.772 | H_m0 0.00 H_m1 1.85 | a-0.0021 c1.1409 ent0.0023 VRAM 23MB
Ep 4350 | M0_PDR 1.000 | M1_PDR 0.814 | H_m0 0.00 H_m1 1.83 | a-0.0020 c1.1183 ent0.0022 VRAM 23MB
Ep 4400 | M0_PDR 1.000 | M1_PDR 0.799 | H_m0 0.00 H_m1 1.82 | a-0.0019 c1.1198 ent0.0021 VRAM 23MB
Ep 4450 | M0_PDR 1.000 | M1_PDR 0.750 | H_m0 0.00 H_m1 1.87 | a-0.0019 c1.1522 ent0.0020 VRAM 23MB
Ep 4500 | M0_PDR 1.000 | M1_PDR 0.802 | H_m0 0.00 H_m1 1.82 | a-0.0018 c1.1229 ent0.0019 VRAM 23MB
Ep 4550 | M0_PDR 0.998 | M1_PDR 0.794 | H_m0 0.00 H_m1 1.84 | a-0.0017 c1.1295 ent0.0018 VRAM 23MB
Ep 4600 | M0_PDR 1.000 | M1_PDR 0.800 | H_m0 0.00 H_m1 1.84 | a-0.0016 c1.1208 ent0.0017 VRAM 23MB
Ep 4650 | M0_PDR 1.000 | M1_PDR 0.783 | H_m0 0.00 H_m1 1.85 | a-0.0016 c1.1284 ent0.0016 VRAM 23MB
Ep 4700 | M0_PDR 1.000 | M1_PDR 0.797 | H_m0 0.00 H_m1 1.85 | a-0.0014 c1.1207 ent0.0015 VRAM 23MB
Ep 4750 | M0_PDR 1.000 | M1_PDR 0.804 | H_m0 0.00 H_m1 1.84 | a-0.0013 c1.1236 ent0.0014 VRAM 23MB
Ep 4800 | M0_PDR 1.000 | M1_PDR 0.801 | H_m0 0.00 H_m1 1.85 | a-0.0013 c1.1252 ent0.0014 VRAM 23MB
Ep 4850 | M0_PDR 1.000 | M1_PDR 0.793 | H_m0 0.00 H_m1 1.84 | a-0.0012 c1.1279 ent0.0013 VRAM 23MB
Ep 4900 | M0_PDR 1.000 | M1_PDR 0.805 | H_m0 0.00 H_m1 1.84 | a-0.0011 c1.1148 ent0.0012 VRAM 23MB
Ep 4950 | M0_PDR 1.000 | M1_PDR 0.784 | H_m0 0.00 H_m1 1.85 | a-0.0010 c1.1260 ent0.0011 VRAM 23MB

Training complete. Running 100 eval episodes...

  Eval ep   0: M0_PDR=1.000  M1_PDR=0.841
  Eval ep  20: M0_PDR=1.000  M1_PDR=0.770
  Eval ep  40: M0_PDR=1.000  M1_PDR=0.779
  Eval ep  60: M0_PDR=1.000  M1_PDR=0.774
  Eval ep  80: M0_PDR=1.000  M1_PDR=0.792

=== Eval Summary (100 episodes) ===
  M0_PDR_mean         : 0.9999
  M0_PDR_p05 (across) : 0.9998
  M0_PDR_p05 (intra)  : 1.0000
  M1_PDR_mean         : 0.7951
  M0_SINR_mean (dB)   : 47.26
  M1_SINR_mean (dB)   : 25.18
  M0_collision_rate   : 0.001
  M0_collision_within_pool : 0.000
  M1_collision_within_pool : 0.336

Result saved -> results/_A_N4_seed4_5000ep_gaefix_g05_ent01.json
  N=4  rho=0.8  M0_PDR=1.000  M1_PDR=0.795
[NS3Bridge] Shutdown complete.
Run complete.
