[seed] all RNGs seeded with 6
GPU : NVIDIA GeForce RTX 3060
VRAM: 12.9 GB
Device          : cuda:0
Actor M0 params : 21,273
Actor M1 params : 21,273
Critic params   : 79,361
obs_dim=11  action_dim=25  gs_dim=49
M0 count: 2  M1 count: 2
Training for 5000 episodes (Config A_N4_seed6_5000ep_gaefix_g05_ent01, N=4)...

[NS3Bridge] Connected tcp://localhost:7466
Ep    0 | M0_PDR 0.648 | M1_PDR 0.661 | H_m0 3.21 H_m1 3.21 | a-0.0386 c0.9617 ent0.0100 VRAM 23MB
Ep   50 | M0_PDR 0.691 | M1_PDR 0.522 | H_m0 2.31 H_m1 3.17 | a-0.0303 c0.8089 ent0.0099 VRAM 23MB
Ep  100 | M0_PDR 0.713 | M1_PDR 0.639 | H_m0 1.61 H_m1 2.58 | a-0.0243 c0.7890 ent0.0098 VRAM 23MB
Ep  150 | M0_PDR 0.791 | M1_PDR 0.688 | H_m0 1.25 H_m1 2.11 | a-0.0171 c0.8842 ent0.0097 VRAM 23MB
Ep  200 | M0_PDR 0.804 | M1_PDR 0.643 | H_m0 1.13 H_m1 1.06 | a-0.0142 c0.9678 ent0.0096 VRAM 23MB
Ep  250 | M0_PDR 0.781 | M1_PDR 0.682 | H_m0 1.12 H_m1 1.33 | a-0.0168 c0.9008 ent0.0095 VRAM 23MB
Ep  300 | M0_PDR 0.797 | M1_PDR 0.717 | H_m0 1.14 H_m1 1.73 | a-0.0129 c0.8904 ent0.0095 VRAM 23MB
Ep  350 | M0_PDR 0.801 | M1_PDR 0.713 | H_m0 1.10 H_m1 1.51 | a-0.0160 c0.9016 ent0.0094 VRAM 23MB
Ep  400 | M0_PDR 0.826 | M1_PDR 0.681 | H_m0 1.13 H_m1 1.44 | a-0.0115 c0.9585 ent0.0093 VRAM 23MB
Ep  450 | M0_PDR 0.799 | M1_PDR 0.688 | H_m0 1.05 H_m1 1.08 | a-0.0138 c0.9035 ent0.0092 VRAM 23MB
Ep  500 | M0_PDR 0.967 | M1_PDR 0.714 | H_m0 0.49 H_m1 0.81 | a-0.0064 c1.1304 ent0.0091 VRAM 23MB
Ep  550 | M0_PDR 0.993 | M1_PDR 0.698 | H_m0 0.12 H_m1 1.10 | a-0.0062 c1.1761 ent0.0090 VRAM 23MB
Ep  600 | M0_PDR 0.992 | M1_PDR 0.698 | H_m0 0.09 H_m1 1.15 | a-0.0055 c1.1706 ent0.0089 VRAM 23MB
Ep  650 | M0_PDR 1.000 | M1_PDR 0.724 | H_m0 0.06 H_m1 1.11 | a-0.0058 c1.1723 ent0.0088 VRAM 23MB
Ep  700 | M0_PDR 0.998 | M1_PDR 0.718 | H_m0 0.05 H_m1 1.20 | a-0.0053 c1.1653 ent0.0087 VRAM 23MB
Ep  750 | M0_PDR 0.992 | M1_PDR 0.809 | H_m0 0.03 H_m1 1.55 | a-0.0088 c1.1156 ent0.0086 VRAM 23MB
Ep  800 | M0_PDR 0.993 | M1_PDR 0.792 | H_m0 0.02 H_m1 1.23 | a-0.0055 c1.1263 ent0.0086 VRAM 23MB
Ep  850 | M0_PDR 1.000 | M1_PDR 0.793 | H_m0 0.01 H_m1 1.24 | a-0.0054 c1.1258 ent0.0085 VRAM 23MB
Ep  900 | M0_PDR 0.995 | M1_PDR 0.820 | H_m0 0.01 H_m1 1.38 | a-0.0065 c1.1097 ent0.0084 VRAM 23MB
Ep  950 | M0_PDR 1.000 | M1_PDR 0.793 | H_m0 0.01 H_m1 1.36 | a-0.0063 c1.1305 ent0.0083 VRAM 23MB
Ep 1000 | M0_PDR 0.998 | M1_PDR 0.768 | H_m0 0.00 H_m1 1.55 | a-0.0070 c1.1360 ent0.0082 VRAM 23MB
Ep 1050 | M0_PDR 1.000 | M1_PDR 0.763 | H_m0 0.00 H_m1 1.55 | a-0.0074 c1.1378 ent0.0081 VRAM 23MB
Ep 1100 | M0_PDR 1.000 | M1_PDR 0.777 | H_m0 0.00 H_m1 1.53 | a-0.0062 c1.1436 ent0.0080 VRAM 23MB
Ep 1150 | M0_PDR 1.000 | M1_PDR 0.822 | H_m0 0.00 H_m1 1.39 | a-0.0062 c1.1165 ent0.0079 VRAM 23MB
Ep 1200 | M0_PDR 1.000 | M1_PDR 0.744 | H_m0 0.00 H_m1 1.22 | a-0.0069 c1.1622 ent0.0078 VRAM 23MB
Ep 1250 | M0_PDR 1.000 | M1_PDR 0.798 | H_m0 0.00 H_m1 1.39 | a-0.0064 c1.1292 ent0.0077 VRAM 23MB
Ep 1300 | M0_PDR 1.000 | M1_PDR 0.771 | H_m0 0.00 H_m1 1.52 | a-0.0062 c1.1434 ent0.0077 VRAM 23MB
Ep 1350 | M0_PDR 0.998 | M1_PDR 0.771 | H_m0 0.00 H_m1 1.61 | a-0.0067 c1.1406 ent0.0076 VRAM 23MB
Ep 1400 | M0_PDR 1.000 | M1_PDR 0.738 | H_m0 0.00 H_m1 1.51 | a-0.0067 c1.1591 ent0.0075 VRAM 23MB
Ep 1450 | M0_PDR 0.998 | M1_PDR 0.851 | H_m0 0.00 H_m1 1.36 | a-0.0063 c1.1001 ent0.0074 VRAM 23MB
Ep 1500 | M0_PDR 1.000 | M1_PDR 0.776 | H_m0 0.00 H_m1 1.46 | a-0.0051 c1.1361 ent0.0073 VRAM 23MB
Ep 1550 | M0_PDR 1.000 | M1_PDR 0.790 | H_m0 0.00 H_m1 1.35 | a-0.0064 c1.1331 ent0.0072 VRAM 23MB
Ep 1600 | M0_PDR 1.000 | M1_PDR 0.795 | H_m0 0.00 H_m1 1.36 | a-0.0049 c1.1269 ent0.0071 VRAM 23MB
Ep 1650 | M0_PDR 1.000 | M1_PDR 0.773 | H_m0 0.00 H_m1 1.32 | a-0.0047 c1.1385 ent0.0070 VRAM 23MB
Ep 1700 | M0_PDR 0.998 | M1_PDR 0.774 | H_m0 0.00 H_m1 1.66 | a-0.0066 c1.1335 ent0.0069 VRAM 23MB
Ep 1750 | M0_PDR 0.998 | M1_PDR 0.832 | H_m0 0.00 H_m1 1.64 | a-0.0074 c1.1061 ent0.0068 VRAM 23MB
Ep 1800 | M0_PDR 0.997 | M1_PDR 0.790 | H_m0 0.00 H_m1 1.68 | a-0.0067 c1.1199 ent0.0068 VRAM 23MB
Ep 1850 | M0_PDR 1.000 | M1_PDR 0.812 | H_m0 0.00 H_m1 1.69 | a-0.0061 c1.1134 ent0.0067 VRAM 23MB
Ep 1900 | M0_PDR 0.989 | M1_PDR 0.772 | H_m0 0.00 H_m1 2.10 | a-0.0075 c1.1225 ent0.0066 VRAM 23MB
Ep 1950 | M0_PDR 0.995 | M1_PDR 0.800 | H_m0 0.00 H_m1 2.12 | a-0.0079 c1.1222 ent0.0065 VRAM 23MB
Ep 2000 | M0_PDR 0.992 | M1_PDR 0.787 | H_m0 0.00 H_m1 2.12 | a-0.0073 c1.1155 ent0.0064 VRAM 23MB
Ep 2050 | M0_PDR 0.995 | M1_PDR 0.810 | H_m0 0.00 H_m1 1.79 | a-0.0069 c1.1197 ent0.0063 VRAM 23MB
Ep 2100 | M0_PDR 1.000 | M1_PDR 0.816 | H_m0 0.00 H_m1 1.61 | a-0.0052 c1.1164 ent0.0062 VRAM 23MB
Ep 2150 | M0_PDR 0.995 | M1_PDR 0.791 | H_m0 0.00 H_m1 2.11 | a-0.0070 c1.1239 ent0.0061 VRAM 23MB
Ep 2200 | M0_PDR 0.998 | M1_PDR 0.818 | H_m0 0.00 H_m1 2.00 | a-0.0070 c1.1133 ent0.0060 VRAM 23MB
Ep 2250 | M0_PDR 1.000 | M1_PDR 0.808 | H_m0 0.00 H_m1 1.99 | a-0.0058 c1.1199 ent0.0059 VRAM 23MB
Ep 2300 | M0_PDR 1.000 | M1_PDR 0.822 | H_m0 0.00 H_m1 1.99 | a-0.0063 c1.1108 ent0.0059 VRAM 23MB
Ep 2350 | M0_PDR 1.000 | M1_PDR 0.783 | H_m0 0.00 H_m1 1.71 | a-0.0054 c1.1352 ent0.0058 VRAM 23MB
Ep 2400 | M0_PDR 1.000 | M1_PDR 0.802 | H_m0 0.00 H_m1 1.96 | a-0.0065 c1.1195 ent0.0057 VRAM 23MB
Ep 2450 | M0_PDR 1.000 | M1_PDR 0.798 | H_m0 0.00 H_m1 1.89 | a-0.0057 c1.1189 ent0.0056 VRAM 23MB
Ep 2500 | M0_PDR 0.998 | M1_PDR 0.858 | H_m0 0.00 H_m1 1.91 | a-0.0055 c1.0865 ent0.0055 VRAM 23MB
Ep 2550 | M0_PDR 1.000 | M1_PDR 0.754 | H_m0 0.00 H_m1 2.08 | a-0.0057 c1.1435 ent0.0054 VRAM 23MB
Ep 2600 | M0_PDR 0.998 | M1_PDR 0.788 | H_m0 0.00 H_m1 2.12 | a-0.0060 c1.1237 ent0.0053 VRAM 23MB
Ep 2650 | M0_PDR 0.997 | M1_PDR 0.748 | H_m0 0.00 H_m1 2.03 | a-0.0062 c1.1414 ent0.0052 VRAM 23MB
Ep 2700 | M0_PDR 0.998 | M1_PDR 0.751 | H_m0 0.00 H_m1 2.05 | a-0.0056 c1.1405 ent0.0051 VRAM 23MB
Ep 2750 | M0_PDR 1.000 | M1_PDR 0.779 | H_m0 0.00 H_m1 1.98 | a-0.0050 c1.1329 ent0.0050 VRAM 23MB
Ep 2800 | M0_PDR 0.998 | M1_PDR 0.777 | H_m0 0.00 H_m1 2.01 | a-0.0052 c1.1300 ent0.0050 VRAM 23MB
Ep 2850 | M0_PDR 0.998 | M1_PDR 0.804 | H_m0 0.00 H_m1 1.89 | a-0.0047 c1.1246 ent0.0049 VRAM 23MB
Ep 2900 | M0_PDR 1.000 | M1_PDR 0.772 | H_m0 0.00 H_m1 1.81 | a-0.0043 c1.1280 ent0.0048 VRAM 23MB
Ep 2950 | M0_PDR 1.000 | M1_PDR 0.800 | H_m0 0.00 H_m1 1.73 | a-0.0039 c1.1247 ent0.0047 VRAM 23MB
Ep 3000 | M0_PDR 1.000 | M1_PDR 0.790 | H_m0 0.00 H_m1 1.78 | a-0.0044 c1.1310 ent0.0046 VRAM 23MB
Ep 3050 | M0_PDR 1.000 | M1_PDR 0.818 | H_m0 0.00 H_m1 1.71 | a-0.0038 c1.1154 ent0.0045 VRAM 23MB
Ep 3100 | M0_PDR 1.000 | M1_PDR 0.809 | H_m0 0.00 H_m1 1.56 | a-0.0045 c1.1290 ent0.0044 VRAM 23MB
Ep 3150 | M0_PDR 1.000 | M1_PDR 0.804 | H_m0 0.00 H_m1 1.48 | a-0.0032 c1.1210 ent0.0043 VRAM 23MB
Ep 3200 | M0_PDR 1.000 | M1_PDR 0.805 | H_m0 0.00 H_m1 1.48 | a-0.0030 c1.1303 ent0.0042 VRAM 23MB
Ep 3250 | M0_PDR 1.000 | M1_PDR 0.819 | H_m0 0.00 H_m1 1.40 | a-0.0029 c1.1159 ent0.0041 VRAM 23MB
Ep 3300 | M0_PDR 1.000 | M1_PDR 0.802 | H_m0 0.00 H_m1 1.49 | a-0.0035 c1.1228 ent0.0041 VRAM 23MB
Ep 3350 | M0_PDR 1.000 | M1_PDR 0.809 | H_m0 0.00 H_m1 1.57 | a-0.0033 c1.1180 ent0.0040 VRAM 23MB
Ep 3400 | M0_PDR 1.000 | M1_PDR 0.781 | H_m0 0.00 H_m1 1.58 | a-0.0032 c1.1393 ent0.0039 VRAM 23MB
Ep 3450 | M0_PDR 1.000 | M1_PDR 0.748 | H_m0 0.00 H_m1 1.53 | a-0.0034 c1.1536 ent0.0038 VRAM 23MB
Ep 3500 | M0_PDR 1.000 | M1_PDR 0.755 | H_m0 0.00 H_m1 1.50 | a-0.0028 c1.1481 ent0.0037 VRAM 23MB
Ep 3550 | M0_PDR 1.000 | M1_PDR 0.783 | H_m0 0.00 H_m1 1.42 | a-0.0026 c1.1328 ent0.0036 VRAM 23MB
Ep 3600 | M0_PDR 1.000 | M1_PDR 0.820 | H_m0 0.00 H_m1 1.41 | a-0.0027 c1.1157 ent0.0035 VRAM 23MB
Ep 3650 | M0_PDR 1.000 | M1_PDR 0.830 | H_m0 0.00 H_m1 1.40 | a-0.0025 c1.1070 ent0.0034 VRAM 23MB
Ep 3700 | M0_PDR 1.000 | M1_PDR 0.833 | H_m0 0.00 H_m1 1.44 | a-0.0024 c1.1093 ent0.0033 VRAM 23MB
Ep 3750 | M0_PDR 1.000 | M1_PDR 0.762 | H_m0 0.00 H_m1 1.61 | a-0.0031 c1.1431 ent0.0032 VRAM 23MB
Ep 3800 | M0_PDR 1.000 | M1_PDR 0.796 | H_m0 0.00 H_m1 1.54 | a-0.0025 c1.1282 ent0.0032 VRAM 23MB
Ep 3850 | M0_PDR 1.000 | M1_PDR 0.778 | H_m0 0.00 H_m1 1.53 | a-0.0025 c1.1321 ent0.0031 VRAM 23MB
Ep 3900 | M0_PDR 1.000 | M1_PDR 0.826 | H_m0 0.00 H_m1 1.45 | a-0.0023 c1.1142 ent0.0030 VRAM 23MB
Ep 3950 | M0_PDR 1.000 | M1_PDR 0.734 | H_m0 0.00 H_m1 1.58 | a-0.0024 c1.1579 ent0.0029 VRAM 23MB
Ep 4000 | M0_PDR 1.000 | M1_PDR 0.794 | H_m0 0.00 H_m1 1.56 | a-0.0023 c1.1275 ent0.0028 VRAM 23MB
Ep 4050 | M0_PDR 1.000 | M1_PDR 0.792 | H_m0 0.00 H_m1 1.55 | a-0.0023 c1.1321 ent0.0027 VRAM 23MB
Ep 4100 | M0_PDR 1.000 | M1_PDR 0.785 | H_m0 0.00 H_m1 1.51 | a-0.0021 c1.1281 ent0.0026 VRAM 23MB
Ep 4150 | M0_PDR 1.000 | M1_PDR 0.819 | H_m0 0.00 H_m1 1.49 | a-0.0020 c1.1156 ent0.0025 VRAM 23MB
Ep 4200 | M0_PDR 1.000 | M1_PDR 0.766 | H_m0 0.00 H_m1 1.49 | a-0.0018 c1.1412 ent0.0024 VRAM 23MB
Ep 4250 | M0_PDR 1.000 | M1_PDR 0.782 | H_m0 0.00 H_m1 1.47 | a-0.0017 c1.1341 ent0.0023 VRAM 23MB
Ep 4300 | M0_PDR 1.000 | M1_PDR 0.807 | H_m0 0.00 H_m1 1.49 | a-0.0017 c1.1201 ent0.0023 VRAM 23MB
Ep 4350 | M0_PDR 1.000 | M1_PDR 0.805 | H_m0 0.00 H_m1 1.50 | a-0.0017 c1.1233 ent0.0022 VRAM 23MB
Ep 4400 | M0_PDR 1.000 | M1_PDR 0.825 | H_m0 0.00 H_m1 1.50 | a-0.0016 c1.1150 ent0.0021 VRAM 23MB
Ep 4450 | M0_PDR 1.000 | M1_PDR 0.789 | H_m0 0.00 H_m1 1.51 | a-0.0015 c1.1365 ent0.0020 VRAM 23MB
Ep 4500 | M0_PDR 1.000 | M1_PDR 0.776 | H_m0 0.00 H_m1 1.50 | a-0.0015 c1.1371 ent0.0019 VRAM 23MB
Ep 4550 | M0_PDR 1.000 | M1_PDR 0.798 | H_m0 0.00 H_m1 1.51 | a-0.0014 c1.1205 ent0.0018 VRAM 23MB
Ep 4600 | M0_PDR 1.000 | M1_PDR 0.785 | H_m0 0.00 H_m1 1.54 | a-0.0014 c1.1335 ent0.0017 VRAM 23MB
Ep 4650 | M0_PDR 1.000 | M1_PDR 0.792 | H_m0 0.00 H_m1 1.52 | a-0.0014 c1.1310 ent0.0016 VRAM 23MB
Ep 4700 | M0_PDR 1.000 | M1_PDR 0.800 | H_m0 0.00 H_m1 1.54 | a-0.0013 c1.1261 ent0.0015 VRAM 23MB
Ep 4750 | M0_PDR 1.000 | M1_PDR 0.767 | H_m0 0.00 H_m1 1.57 | a-0.0012 c1.1436 ent0.0014 VRAM 23MB
Ep 4800 | M0_PDR 1.000 | M1_PDR 0.782 | H_m0 0.00 H_m1 1.56 | a-0.0011 c1.1391 ent0.0014 VRAM 23MB
Ep 4850 | M0_PDR 1.000 | M1_PDR 0.834 | H_m0 0.00 H_m1 1.54 | a-0.0010 c1.1032 ent0.0013 VRAM 23MB
Ep 4900 | M0_PDR 1.000 | M1_PDR 0.791 | H_m0 0.00 H_m1 1.56 | a-0.0009 c1.1333 ent0.0012 VRAM 23MB
Ep 4950 | M0_PDR 1.000 | M1_PDR 0.802 | H_m0 0.00 H_m1 1.56 | a-0.0009 c1.1212 ent0.0011 VRAM 23MB

Training complete. Running 100 eval episodes...

  Eval ep   0: M0_PDR=1.000  M1_PDR=0.797
  Eval ep  20: M0_PDR=1.000  M1_PDR=0.804
  Eval ep  40: M0_PDR=1.000  M1_PDR=0.806
  Eval ep  60: M0_PDR=1.000  M1_PDR=0.814
  Eval ep  80: M0_PDR=1.000  M1_PDR=0.768

=== Eval Summary (100 episodes) ===
  M0_PDR_mean         : 0.9999
  M0_PDR_p05 (across) : 0.9981
  M0_PDR_p05 (intra)  : 1.0000
  M1_PDR_mean         : 0.8006
  M0_SINR_mean (dB)   : 47.33
  M1_SINR_mean (dB)   : 26.31
  M0_collision_rate   : 0.000
  M0_collision_within_pool : 0.000
  M1_collision_within_pool : 0.331

Result saved -> results/_A_N4_seed6_5000ep_gaefix_g05_ent01.json
  N=4  rho=0.8  M0_PDR=1.000  M1_PDR=0.801
[NS3Bridge] Shutdown complete.
Run complete.
