[seed] all RNGs seeded with 9
GPU : NVIDIA GeForce RTX 3060
VRAM: 12.9 GB
Device          : cuda:0
Actor M0 params : 21,273
Actor M1 params : 21,273
Critic params   : 79,361
obs_dim=11  action_dim=25  gs_dim=49
M0 count: 2  M1 count: 2
Training for 3000 episodes (Config A_N4_seed9, N=4)...

[NS3Bridge] Connected tcp://localhost:5646
Ep    0 | M0_PDR 0.625 | M1_PDR 0.682 | H_m0 3.22 H_m1 3.22 | a-0.1657 c43.5702 ent0.0500 VRAM 23MB
Ep   50 | M0_PDR 0.627 | M1_PDR 0.685 | H_m0 3.14 H_m1 3.19 | a-0.1564 c21.5457 ent0.0492 VRAM 23MB
Ep  100 | M0_PDR 0.691 | M1_PDR 0.622 | H_m0 3.14 H_m1 3.21 | a-0.1556 c11.5198 ent0.0484 VRAM 23MB
Ep  150 | M0_PDR 0.676 | M1_PDR 0.653 | H_m0 3.11 H_m1 3.21 | a-0.1512 c7.6650 ent0.0475 VRAM 23MB
Ep  200 | M0_PDR 0.700 | M1_PDR 0.654 | H_m0 3.09 H_m1 3.20 | a-0.1476 c4.4594 ent0.0467 VRAM 23MB
Ep  250 | M0_PDR 0.726 | M1_PDR 0.665 | H_m0 3.09 H_m1 3.20 | a-0.1454 c3.3307 ent0.0459 VRAM 23MB
Ep  300 | M0_PDR 0.712 | M1_PDR 0.645 | H_m0 2.90 H_m1 3.15 | a-0.1374 c2.6204 ent0.0451 VRAM 23MB
Ep  350 | M0_PDR 0.675 | M1_PDR 0.633 | H_m0 2.84 H_m1 3.19 | a-0.1349 c2.7660 ent0.0443 VRAM 23MB
Ep  400 | M0_PDR 0.700 | M1_PDR 0.596 | H_m0 2.93 H_m1 3.18 | a-0.1343 c2.8722 ent0.0435 VRAM 23MB
Ep  450 | M0_PDR 0.707 | M1_PDR 0.638 | H_m0 2.80 H_m1 3.19 | a-0.1291 c2.2347 ent0.0426 VRAM 23MB
Ep  500 | M0_PDR 0.667 | M1_PDR 0.578 | H_m0 2.78 H_m1 3.20 | a-0.1265 c1.5694 ent0.0418 VRAM 23MB
Ep  550 | M0_PDR 0.720 | M1_PDR 0.637 | H_m0 2.64 H_m1 3.20 | a-0.1209 c2.6025 ent0.0410 VRAM 23MB
Ep  600 | M0_PDR 0.680 | M1_PDR 0.628 | H_m0 2.57 H_m1 3.20 | a-0.1173 c2.1906 ent0.0402 VRAM 23MB
Ep  650 | M0_PDR 0.675 | M1_PDR 0.611 | H_m0 2.78 H_m1 3.15 | a-0.1177 c2.1460 ent0.0394 VRAM 23MB
Ep  700 | M0_PDR 0.721 | M1_PDR 0.660 | H_m0 2.61 H_m1 3.18 | a-0.1126 c1.9961 ent0.0386 VRAM 23MB
Ep  750 | M0_PDR 0.696 | M1_PDR 0.653 | H_m0 2.71 H_m1 3.18 | a-0.1119 c1.9239 ent0.0377 VRAM 23MB
Ep  800 | M0_PDR 0.735 | M1_PDR 0.645 | H_m0 2.42 H_m1 3.17 | a-0.1048 c2.0016 ent0.0369 VRAM 23MB
Ep  850 | M0_PDR 0.674 | M1_PDR 0.640 | H_m0 2.59 H_m1 3.16 | a-0.1048 c2.2261 ent0.0361 VRAM 23MB
Ep  900 | M0_PDR 0.678 | M1_PDR 0.661 | H_m0 2.69 H_m1 3.11 | a-0.1040 c2.7764 ent0.0353 VRAM 23MB
Ep  950 | M0_PDR 0.681 | M1_PDR 0.609 | H_m0 2.70 H_m1 3.11 | a-0.1010 c2.3910 ent0.0345 VRAM 23MB
Ep 1000 | M0_PDR 0.690 | M1_PDR 0.607 | H_m0 2.62 H_m1 3.11 | a-0.0971 c1.9797 ent0.0337 VRAM 23MB
Ep 1050 | M0_PDR 0.713 | M1_PDR 0.656 | H_m0 2.58 H_m1 3.06 | a-0.0932 c2.0524 ent0.0328 VRAM 23MB
Ep 1100 | M0_PDR 0.692 | M1_PDR 0.658 | H_m0 2.72 H_m1 3.11 | a-0.0948 c2.1052 ent0.0320 VRAM 23MB
Ep 1150 | M0_PDR 0.703 | M1_PDR 0.669 | H_m0 2.48 H_m1 3.11 | a-0.0882 c1.6250 ent0.0312 VRAM 23MB
Ep 1200 | M0_PDR 0.739 | M1_PDR 0.633 | H_m0 2.52 H_m1 3.13 | a-0.0871 c1.5930 ent0.0304 VRAM 23MB
Ep 1250 | M0_PDR 0.747 | M1_PDR 0.619 | H_m0 2.36 H_m1 3.09 | a-0.0832 c2.0310 ent0.0296 VRAM 23MB
Ep 1300 | M0_PDR 0.716 | M1_PDR 0.660 | H_m0 2.25 H_m1 3.09 | a-0.0777 c1.4901 ent0.0288 VRAM 23MB
Ep 1350 | M0_PDR 0.723 | M1_PDR 0.585 | H_m0 2.50 H_m1 3.15 | a-0.0805 c1.3248 ent0.0279 VRAM 23MB
Ep 1400 | M0_PDR 0.718 | M1_PDR 0.600 | H_m0 2.20 H_m1 3.16 | a-0.0730 c1.9462 ent0.0271 VRAM 23MB
Ep 1450 | M0_PDR 0.714 | M1_PDR 0.635 | H_m0 2.02 H_m1 3.16 | a-0.0698 c2.8022 ent0.0263 VRAM 23MB
Ep 1500 | M0_PDR 0.865 | M1_PDR 0.670 | H_m0 1.09 H_m1 3.07 | a-0.0550 c1.8486 ent0.0255 VRAM 23MB
Ep 1550 | M0_PDR 0.926 | M1_PDR 0.658 | H_m0 0.29 H_m1 2.93 | a-0.0402 c1.0392 ent0.0247 VRAM 23MB
Ep 1600 | M0_PDR 0.944 | M1_PDR 0.705 | H_m0 0.14 H_m1 2.73 | a-0.0352 c0.9324 ent0.0239 VRAM 23MB
Ep 1650 | M0_PDR 0.960 | M1_PDR 0.759 | H_m0 0.05 H_m1 2.56 | a-0.0301 c0.7529 ent0.0230 VRAM 23MB
Ep 1700 | M0_PDR 0.991 | M1_PDR 0.769 | H_m0 0.03 H_m1 2.42 | a-0.0280 c0.6153 ent0.0222 VRAM 23MB
Ep 1750 | M0_PDR 0.995 | M1_PDR 0.798 | H_m0 0.02 H_m1 2.28 | a-0.0249 c0.4885 ent0.0214 VRAM 23MB
Ep 1800 | M0_PDR 0.989 | M1_PDR 0.762 | H_m0 0.01 H_m1 2.26 | a-0.0238 c0.5388 ent0.0206 VRAM 23MB
Ep 1850 | M0_PDR 0.993 | M1_PDR 0.757 | H_m0 0.01 H_m1 2.27 | a-0.0226 c0.3735 ent0.0198 VRAM 23MB
Ep 1900 | M0_PDR 0.998 | M1_PDR 0.791 | H_m0 0.01 H_m1 2.22 | a-0.0219 c0.3525 ent0.0190 VRAM 23MB
Ep 1950 | M0_PDR 0.995 | M1_PDR 0.784 | H_m0 0.01 H_m1 2.22 | a-0.0205 c0.3747 ent0.0181 VRAM 23MB
Ep 2000 | M0_PDR 0.994 | M1_PDR 0.778 | H_m0 0.01 H_m1 2.22 | a-0.0193 c0.3639 ent0.0173 VRAM 23MB
Ep 2050 | M0_PDR 0.997 | M1_PDR 0.786 | H_m0 0.00 H_m1 2.21 | a-0.0184 c0.3659 ent0.0165 VRAM 23MB
Ep 2100 | M0_PDR 0.990 | M1_PDR 0.800 | H_m0 0.00 H_m1 2.23 | a-0.0179 c0.4685 ent0.0157 VRAM 23MB
Ep 2150 | M0_PDR 0.995 | M1_PDR 0.797 | H_m0 0.00 H_m1 2.19 | a-0.0167 c0.3772 ent0.0149 VRAM 23MB
Ep 2200 | M0_PDR 0.995 | M1_PDR 0.736 | H_m0 0.00 H_m1 2.16 | a-0.0155 c0.4323 ent0.0141 VRAM 23MB
Ep 2250 | M0_PDR 0.994 | M1_PDR 0.796 | H_m0 0.00 H_m1 2.09 | a-0.0142 c0.3865 ent0.0132 VRAM 23MB
Ep 2300 | M0_PDR 0.997 | M1_PDR 0.783 | H_m0 0.00 H_m1 2.10 | a-0.0130 c0.3176 ent0.0124 VRAM 23MB
Ep 2350 | M0_PDR 0.993 | M1_PDR 0.812 | H_m0 0.00 H_m1 2.05 | a-0.0120 c0.3676 ent0.0116 VRAM 23MB
Ep 2400 | M0_PDR 0.999 | M1_PDR 0.766 | H_m0 0.00 H_m1 2.04 | a-0.0111 c0.3361 ent0.0108 VRAM 23MB
Ep 2450 | M0_PDR 0.998 | M1_PDR 0.789 | H_m0 0.00 H_m1 2.03 | a-0.0103 c0.3162 ent0.0100 VRAM 23MB
Ep 2500 | M0_PDR 1.000 | M1_PDR 0.793 | H_m0 0.00 H_m1 2.02 | a-0.0094 c0.3095 ent0.0092 VRAM 23MB
Ep 2550 | M0_PDR 1.000 | M1_PDR 0.804 | H_m0 0.00 H_m1 2.02 | a-0.0086 c0.3330 ent0.0083 VRAM 23MB
Ep 2600 | M0_PDR 1.000 | M1_PDR 0.819 | H_m0 0.00 H_m1 1.96 | a-0.0074 c0.3100 ent0.0075 VRAM 23MB
Ep 2650 | M0_PDR 0.997 | M1_PDR 0.811 | H_m0 0.00 H_m1 1.96 | a-0.0068 c0.3364 ent0.0067 VRAM 23MB
Ep 2700 | M0_PDR 1.000 | M1_PDR 0.820 | H_m0 0.00 H_m1 1.94 | a-0.0058 c0.3321 ent0.0059 VRAM 23MB
Ep 2750 | M0_PDR 0.998 | M1_PDR 0.788 | H_m0 0.00 H_m1 1.95 | a-0.0050 c0.3287 ent0.0051 VRAM 23MB
Ep 2800 | M0_PDR 0.995 | M1_PDR 0.753 | H_m0 0.00 H_m1 1.94 | a-0.0042 c0.3624 ent0.0043 VRAM 23MB
Ep 2850 | M0_PDR 1.000 | M1_PDR 0.797 | H_m0 0.00 H_m1 1.93 | a-0.0034 c0.3104 ent0.0034 VRAM 23MB
Ep 2900 | M0_PDR 1.000 | M1_PDR 0.792 | H_m0 0.00 H_m1 1.93 | a-0.0025 c0.3153 ent0.0026 VRAM 23MB
Ep 2950 | M0_PDR 0.996 | M1_PDR 0.803 | H_m0 0.00 H_m1 1.91 | a-0.0018 c0.3572 ent0.0018 VRAM 23MB

Training complete. Running 100 eval episodes...

  Eval ep   0: M0_PDR=0.995  M1_PDR=0.792
  Eval ep  20: M0_PDR=1.000  M1_PDR=0.762
  Eval ep  40: M0_PDR=1.000  M1_PDR=0.752
  Eval ep  60: M0_PDR=0.998  M1_PDR=0.791
  Eval ep  80: M0_PDR=0.995  M1_PDR=0.792
Error: tcpip::Socket::accept() Unable to create listening socket: Address already in use
Quitting (on error).

=== Eval Summary (100 episodes) ===
  M0_PDR_mean         : 0.9990
  M0_PDR_p05 (across) : 0.9950
  M0_PDR_p05 (intra)  : 1.0000
  M1_PDR_mean         : 0.7886
  M0_SINR_mean (dB)   : 47.19
  M1_SINR_mean (dB)   : 24.95
  M0_collision_rate   : 0.003
  M0_collision_within_pool : 0.000
  M1_collision_within_pool : 0.335

Result saved -> results/_A_N4_seed9.json
  N=4  rho=0.8  M0_PDR=0.999  M1_PDR=0.789
[NS3Bridge] Shutdown complete.
Run complete.
