[seed] all RNGs seeded with 1
GPU : NVIDIA GeForce RTX 3060
VRAM: 12.9 GB
Device          : cuda:0
Actor M0 params : 21,273
Actor M1 params : 21,273
Critic params   : 79,361
obs_dim=11  action_dim=25  gs_dim=49
M0 count: 2  M1 count: 2
Training for 5000 episodes (Config A_N4_seed1_5000ep_gaefix_g05_ent01, N=4)...

[NS3Bridge] Connected tcp://localhost:7486
Ep    0 | M0_PDR 0.654 | M1_PDR 0.712 | H_m0 3.21 H_m1 3.21 | a-0.0381 c0.8809 ent0.0100 VRAM 23MB
Ep   50 | M0_PDR 0.732 | M1_PDR 0.664 | H_m0 2.38 H_m1 3.14 | a-0.0303 c0.8076 ent0.0099 VRAM 23MB
Ep  100 | M0_PDR 0.711 | M1_PDR 0.641 | H_m0 1.71 H_m1 2.64 | a-0.0249 c0.8035 ent0.0098 VRAM 23MB
Ep  150 | M0_PDR 0.738 | M1_PDR 0.638 | H_m0 1.45 H_m1 2.69 | a-0.0254 c0.8370 ent0.0097 VRAM 23MB
Ep  200 | M0_PDR 0.753 | M1_PDR 0.734 | H_m0 1.23 H_m1 1.71 | a-0.0195 c0.8312 ent0.0096 VRAM 23MB
Ep  250 | M0_PDR 0.795 | M1_PDR 0.714 | H_m0 1.15 H_m1 1.74 | a-0.0169 c0.8839 ent0.0095 VRAM 23MB
Ep  300 | M0_PDR 0.792 | M1_PDR 0.656 | H_m0 1.11 H_m1 0.98 | a-0.0119 c0.9211 ent0.0095 VRAM 23MB
Ep  350 | M0_PDR 0.798 | M1_PDR 0.676 | H_m0 1.14 H_m1 0.97 | a-0.0122 c0.9223 ent0.0094 VRAM 23MB
Ep  400 | M0_PDR 0.794 | M1_PDR 0.703 | H_m0 1.13 H_m1 1.00 | a-0.0125 c0.9138 ent0.0093 VRAM 23MB
Ep  450 | M0_PDR 0.788 | M1_PDR 0.667 | H_m0 1.13 H_m1 0.99 | a-0.0092 c0.9077 ent0.0092 VRAM 23MB
Ep  500 | M0_PDR 0.813 | M1_PDR 0.702 | H_m0 1.16 H_m1 1.26 | a-0.0134 c0.9150 ent0.0091 VRAM 23MB
Ep  550 | M0_PDR 0.795 | M1_PDR 0.705 | H_m0 1.16 H_m1 1.22 | a-0.0117 c0.9063 ent0.0090 VRAM 23MB
Ep  600 | M0_PDR 0.802 | M1_PDR 0.708 | H_m0 0.99 H_m1 1.28 | a-0.0111 c0.9131 ent0.0089 VRAM 23MB
Ep  650 | M0_PDR 0.953 | M1_PDR 0.697 | H_m0 0.50 H_m1 1.26 | a-0.0088 c1.1306 ent0.0088 VRAM 23MB
Ep  700 | M0_PDR 0.987 | M1_PDR 0.663 | H_m0 0.28 H_m1 1.88 | a-0.0109 c1.1656 ent0.0087 VRAM 23MB
Ep  750 | M0_PDR 0.975 | M1_PDR 0.707 | H_m0 0.41 H_m1 1.97 | a-0.0110 c1.1381 ent0.0086 VRAM 23MB
Ep  800 | M0_PDR 0.976 | M1_PDR 0.705 | H_m0 0.13 H_m1 2.02 | a-0.0144 c1.1287 ent0.0086 VRAM 23MB
Ep  850 | M0_PDR 0.995 | M1_PDR 0.783 | H_m0 0.02 H_m1 1.56 | a-0.0094 c1.1244 ent0.0085 VRAM 23MB
Ep  900 | M0_PDR 1.000 | M1_PDR 0.752 | H_m0 0.01 H_m1 1.49 | a-0.0065 c1.1526 ent0.0084 VRAM 23MB
Ep  950 | M0_PDR 1.000 | M1_PDR 0.801 | H_m0 0.00 H_m1 1.36 | a-0.0092 c1.1283 ent0.0083 VRAM 23MB
Ep 1000 | M0_PDR 0.995 | M1_PDR 0.799 | H_m0 0.00 H_m1 1.67 | a-0.0066 c1.1203 ent0.0082 VRAM 23MB
Ep 1050 | M0_PDR 0.998 | M1_PDR 0.746 | H_m0 0.00 H_m1 1.77 | a-0.0075 c1.1397 ent0.0081 VRAM 23MB
Ep 1100 | M0_PDR 1.000 | M1_PDR 0.736 | H_m0 0.00 H_m1 1.53 | a-0.0076 c1.1608 ent0.0080 VRAM 23MB
Ep 1150 | M0_PDR 1.000 | M1_PDR 0.775 | H_m0 0.00 H_m1 1.21 | a-0.0053 c1.1394 ent0.0079 VRAM 23MB
Ep 1200 | M0_PDR 0.995 | M1_PDR 0.758 | H_m0 0.00 H_m1 1.40 | a-0.0058 c1.1399 ent0.0078 VRAM 23MB
Ep 1250 | M0_PDR 1.000 | M1_PDR 0.803 | H_m0 0.00 H_m1 1.68 | a-0.0080 c1.1303 ent0.0077 VRAM 23MB
Ep 1300 | M0_PDR 0.996 | M1_PDR 0.789 | H_m0 0.00 H_m1 1.56 | a-0.0064 c1.1311 ent0.0077 VRAM 23MB
Ep 1350 | M0_PDR 0.996 | M1_PDR 0.795 | H_m0 0.00 H_m1 1.71 | a-0.0073 c1.1195 ent0.0076 VRAM 23MB
Ep 1400 | M0_PDR 1.000 | M1_PDR 0.786 | H_m0 0.00 H_m1 1.70 | a-0.0078 c1.1275 ent0.0075 VRAM 23MB
Ep 1450 | M0_PDR 1.000 | M1_PDR 0.794 | H_m0 0.00 H_m1 1.39 | a-0.0050 c1.1250 ent0.0074 VRAM 23MB
Ep 1500 | M0_PDR 1.000 | M1_PDR 0.808 | H_m0 0.00 H_m1 1.33 | a-0.0054 c1.1220 ent0.0073 VRAM 23MB
Ep 1550 | M0_PDR 1.000 | M1_PDR 0.795 | H_m0 0.00 H_m1 1.59 | a-0.0068 c1.1312 ent0.0072 VRAM 23MB
Ep 1600 | M0_PDR 0.992 | M1_PDR 0.777 | H_m0 0.00 H_m1 2.04 | a-0.0078 c1.1215 ent0.0071 VRAM 23MB
Ep 1650 | M0_PDR 0.998 | M1_PDR 0.785 | H_m0 0.00 H_m1 1.43 | a-0.0050 c1.1284 ent0.0070 VRAM 23MB
Ep 1700 | M0_PDR 1.000 | M1_PDR 0.789 | H_m0 0.00 H_m1 1.47 | a-0.0059 c1.1329 ent0.0069 VRAM 23MB
Ep 1750 | M0_PDR 1.000 | M1_PDR 0.752 | H_m0 0.00 H_m1 1.43 | a-0.0056 c1.1514 ent0.0068 VRAM 23MB
Ep 1800 | M0_PDR 1.000 | M1_PDR 0.772 | H_m0 0.00 H_m1 1.38 | a-0.0055 c1.1396 ent0.0068 VRAM 23MB
Ep 1850 | M0_PDR 1.000 | M1_PDR 0.810 | H_m0 0.00 H_m1 1.48 | a-0.0057 c1.1205 ent0.0067 VRAM 23MB
Ep 1900 | M0_PDR 0.993 | M1_PDR 0.777 | H_m0 0.00 H_m1 1.96 | a-0.0071 c1.1189 ent0.0066 VRAM 23MB
Ep 1950 | M0_PDR 0.992 | M1_PDR 0.762 | H_m0 0.00 H_m1 2.38 | a-0.0080 c1.1238 ent0.0065 VRAM 23MB
Ep 2000 | M0_PDR 0.986 | M1_PDR 0.769 | H_m0 0.00 H_m1 2.49 | a-0.0086 c1.1139 ent0.0064 VRAM 23MB
Ep 2050 | M0_PDR 0.988 | M1_PDR 0.772 | H_m0 0.00 H_m1 2.12 | a-0.0081 c1.1243 ent0.0063 VRAM 23MB
Ep 2100 | M0_PDR 0.995 | M1_PDR 0.785 | H_m0 0.00 H_m1 2.08 | a-0.0077 c1.1243 ent0.0062 VRAM 23MB
Ep 2150 | M0_PDR 0.998 | M1_PDR 0.766 | H_m0 0.00 H_m1 2.03 | a-0.0066 c1.1330 ent0.0061 VRAM 23MB
Ep 2200 | M0_PDR 0.998 | M1_PDR 0.815 | H_m0 0.00 H_m1 1.88 | a-0.0052 c1.1099 ent0.0060 VRAM 23MB
Ep 2250 | M0_PDR 1.000 | M1_PDR 0.789 | H_m0 0.00 H_m1 2.07 | a-0.0069 c1.1256 ent0.0059 VRAM 23MB
Error: tcpip::Socket::accept() Unable to create listening socket: Address already in use
Quitting (on error).
Ep 2300 | M0_PDR 1.000 | M1_PDR 0.741 | H_m0 0.00 H_m1 1.95 | a-0.0065 c1.1536 ent0.0059 VRAM 23MB
Ep 2350 | M0_PDR 1.000 | M1_PDR 0.784 | H_m0 0.00 H_m1 1.75 | a-0.0069 c1.1336 ent0.0058 VRAM 23MB
Ep 2400 | M0_PDR 1.000 | M1_PDR 0.814 | H_m0 0.00 H_m1 1.92 | a-0.0055 c1.1082 ent0.0057 VRAM 23MB
Ep 2450 | M0_PDR 1.000 | M1_PDR 0.812 | H_m0 0.00 H_m1 1.83 | a-0.0053 c1.1169 ent0.0056 VRAM 23MB
Ep 2500 | M0_PDR 1.000 | M1_PDR 0.799 | H_m0 0.00 H_m1 1.79 | a-0.0052 c1.1223 ent0.0055 VRAM 23MB
Ep 2550 | M0_PDR 1.000 | M1_PDR 0.805 | H_m0 0.00 H_m1 1.96 | a-0.0056 c1.1226 ent0.0054 VRAM 23MB
Ep 2600 | M0_PDR 1.000 | M1_PDR 0.753 | H_m0 0.00 H_m1 1.80 | a-0.0054 c1.1457 ent0.0053 VRAM 23MB
Ep 2650 | M0_PDR 1.000 | M1_PDR 0.830 | H_m0 0.00 H_m1 1.78 | a-0.0049 c1.1077 ent0.0052 VRAM 23MB
Ep 2700 | M0_PDR 1.000 | M1_PDR 0.751 | H_m0 0.00 H_m1 1.47 | a-0.0042 c1.1491 ent0.0051 VRAM 23MB
Ep 2750 | M0_PDR 1.000 | M1_PDR 0.804 | H_m0 0.00 H_m1 1.66 | a-0.0048 c1.1230 ent0.0050 VRAM 23MB
Ep 2800 | M0_PDR 1.000 | M1_PDR 0.790 | H_m0 0.00 H_m1 1.55 | a-0.0046 c1.1292 ent0.0050 VRAM 23MB
Ep 2850 | M0_PDR 1.000 | M1_PDR 0.758 | H_m0 0.00 H_m1 1.39 | a-0.0045 c1.1512 ent0.0049 VRAM 23MB
Ep 2900 | M0_PDR 1.000 | M1_PDR 0.823 | H_m0 0.00 H_m1 1.39 | a-0.0032 c1.1160 ent0.0048 VRAM 23MB
Ep 2950 | M0_PDR 1.000 | M1_PDR 0.809 | H_m0 0.00 H_m1 1.35 | a-0.0034 c1.1228 ent0.0047 VRAM 23MB
Ep 3000 | M0_PDR 1.000 | M1_PDR 0.792 | H_m0 0.00 H_m1 1.31 | a-0.0042 c1.1301 ent0.0046 VRAM 23MB
Ep 3050 | M0_PDR 1.000 | M1_PDR 0.793 | H_m0 0.00 H_m1 1.30 | a-0.0031 c1.1341 ent0.0045 VRAM 23MB
Ep 3100 | M0_PDR 1.000 | M1_PDR 0.804 | H_m0 0.00 H_m1 1.25 | a-0.0033 c1.1214 ent0.0044 VRAM 23MB
Ep 3150 | M0_PDR 1.000 | M1_PDR 0.785 | H_m0 0.00 H_m1 1.33 | a-0.0033 c1.1343 ent0.0043 VRAM 23MB
Ep 3200 | M0_PDR 1.000 | M1_PDR 0.790 | H_m0 0.00 H_m1 1.41 | a-0.0031 c1.1311 ent0.0042 VRAM 23MB
Ep 3250 | M0_PDR 1.000 | M1_PDR 0.773 | H_m0 0.00 H_m1 1.38 | a-0.0035 c1.1405 ent0.0041 VRAM 23MB
Ep 3300 | M0_PDR 1.000 | M1_PDR 0.778 | H_m0 0.00 H_m1 1.34 | a-0.0027 c1.1338 ent0.0041 VRAM 23MB
Ep 3350 | M0_PDR 1.000 | M1_PDR 0.829 | H_m0 0.00 H_m1 1.38 | a-0.0028 c1.1147 ent0.0040 VRAM 23MB
Ep 3400 | M0_PDR 1.000 | M1_PDR 0.785 | H_m0 0.00 H_m1 1.31 | a-0.0026 c1.1318 ent0.0039 VRAM 23MB
Ep 3450 | M0_PDR 1.000 | M1_PDR 0.819 | H_m0 0.00 H_m1 1.33 | a-0.0027 c1.1182 ent0.0038 VRAM 23MB
Ep 3500 | M0_PDR 1.000 | M1_PDR 0.814 | H_m0 0.00 H_m1 1.37 | a-0.0024 c1.1174 ent0.0037 VRAM 23MB
Ep 3550 | M0_PDR 1.000 | M1_PDR 0.789 | H_m0 0.00 H_m1 1.40 | a-0.0027 c1.1298 ent0.0036 VRAM 23MB
Ep 3600 | M0_PDR 1.000 | M1_PDR 0.810 | H_m0 0.00 H_m1 1.46 | a-0.0030 c1.1185 ent0.0035 VRAM 23MB
Ep 3650 | M0_PDR 1.000 | M1_PDR 0.778 | H_m0 0.00 H_m1 1.50 | a-0.0027 c1.1355 ent0.0034 VRAM 23MB
Ep 3700 | M0_PDR 1.000 | M1_PDR 0.779 | H_m0 0.00 H_m1 1.51 | a-0.0026 c1.1386 ent0.0033 VRAM 23MB
Ep 3750 | M0_PDR 1.000 | M1_PDR 0.776 | H_m0 0.00 H_m1 1.58 | a-0.0027 c1.1393 ent0.0032 VRAM 23MB
Ep 3800 | M0_PDR 1.000 | M1_PDR 0.748 | H_m0 0.00 H_m1 1.66 | a-0.0027 c1.1434 ent0.0032 VRAM 23MB
Ep 3850 | M0_PDR 1.000 | M1_PDR 0.802 | H_m0 0.00 H_m1 1.57 | a-0.0025 c1.1224 ent0.0031 VRAM 23MB
Ep 3900 | M0_PDR 1.000 | M1_PDR 0.834 | H_m0 0.00 H_m1 1.51 | a-0.0026 c1.1058 ent0.0030 VRAM 23MB
Ep 3950 | M0_PDR 1.000 | M1_PDR 0.772 | H_m0 0.00 H_m1 1.56 | a-0.0024 c1.1395 ent0.0029 VRAM 23MB
Ep 4000 | M0_PDR 1.000 | M1_PDR 0.782 | H_m0 0.00 H_m1 1.55 | a-0.0023 c1.1353 ent0.0028 VRAM 23MB
Ep 4050 | M0_PDR 1.000 | M1_PDR 0.763 | H_m0 0.00 H_m1 1.56 | a-0.0021 c1.1441 ent0.0027 VRAM 23MB
Ep 4100 | M0_PDR 1.000 | M1_PDR 0.828 | H_m0 0.00 H_m1 1.53 | a-0.0021 c1.1133 ent0.0026 VRAM 23MB
Ep 4150 | M0_PDR 1.000 | M1_PDR 0.798 | H_m0 0.00 H_m1 1.56 | a-0.0020 c1.1249 ent0.0025 VRAM 23MB
Ep 4200 | M0_PDR 1.000 | M1_PDR 0.834 | H_m0 0.00 H_m1 1.56 | a-0.0019 c1.1006 ent0.0024 VRAM 23MB
Ep 4250 | M0_PDR 1.000 | M1_PDR 0.788 | H_m0 0.00 H_m1 1.62 | a-0.0021 c1.1307 ent0.0023 VRAM 23MB
Ep 4300 | M0_PDR 1.000 | M1_PDR 0.801 | H_m0 0.00 H_m1 1.59 | a-0.0018 c1.1261 ent0.0023 VRAM 23MB
Ep 4350 | M0_PDR 1.000 | M1_PDR 0.816 | H_m0 0.00 H_m1 1.59 | a-0.0018 c1.1156 ent0.0022 VRAM 23MB
Ep 4400 | M0_PDR 1.000 | M1_PDR 0.777 | H_m0 0.00 H_m1 1.63 | a-0.0017 c1.1366 ent0.0021 VRAM 23MB
Ep 4450 | M0_PDR 1.000 | M1_PDR 0.796 | H_m0 0.00 H_m1 1.60 | a-0.0016 c1.1221 ent0.0020 VRAM 23MB
Ep 4500 | M0_PDR 1.000 | M1_PDR 0.828 | H_m0 0.00 H_m1 1.57 | a-0.0016 c1.1043 ent0.0019 VRAM 23MB
Ep 4550 | M0_PDR 1.000 | M1_PDR 0.812 | H_m0 0.00 H_m1 1.58 | a-0.0014 c1.1198 ent0.0018 VRAM 23MB
Ep 4600 | M0_PDR 1.000 | M1_PDR 0.790 | H_m0 0.00 H_m1 1.58 | a-0.0014 c1.1209 ent0.0017 VRAM 23MB
Ep 4650 | M0_PDR 1.000 | M1_PDR 0.787 | H_m0 0.00 H_m1 1.60 | a-0.0013 c1.1280 ent0.0016 VRAM 23MB
Ep 4700 | M0_PDR 0.998 | M1_PDR 0.818 | H_m0 0.00 H_m1 1.57 | a-0.0014 c1.1124 ent0.0015 VRAM 23MB
Ep 4750 | M0_PDR 1.000 | M1_PDR 0.783 | H_m0 0.00 H_m1 1.59 | a-0.0012 c1.1315 ent0.0014 VRAM 23MB
Ep 4800 | M0_PDR 1.000 | M1_PDR 0.828 | H_m0 0.00 H_m1 1.53 | a-0.0011 c1.1101 ent0.0014 VRAM 23MB
Ep 4850 | M0_PDR 1.000 | M1_PDR 0.761 | H_m0 0.00 H_m1 1.56 | a-0.0010 c1.1467 ent0.0013 VRAM 23MB
Ep 4900 | M0_PDR 1.000 | M1_PDR 0.772 | H_m0 0.00 H_m1 1.53 | a-0.0009 c1.1335 ent0.0012 VRAM 23MB
Ep 4950 | M0_PDR 1.000 | M1_PDR 0.805 | H_m0 0.00 H_m1 1.49 | a-0.0008 c1.1185 ent0.0011 VRAM 23MB

Training complete. Running 100 eval episodes...

  Eval ep   0: M0_PDR=1.000  M1_PDR=0.794
  Eval ep  20: M0_PDR=1.000  M1_PDR=0.790
  Eval ep  40: M0_PDR=1.000  M1_PDR=0.834
  Eval ep  60: M0_PDR=1.000  M1_PDR=0.826
  Eval ep  80: M0_PDR=1.000  M1_PDR=0.784

=== Eval Summary (100 episodes) ===
  M0_PDR_mean         : 0.9999
  M0_PDR_p05 (across) : 0.9999
  M0_PDR_p05 (intra)  : 1.0000
  M1_PDR_mean         : 0.7961
  M0_SINR_mean (dB)   : 47.33
  M1_SINR_mean (dB)   : 25.87
  M0_collision_rate   : 0.001
  M0_collision_within_pool : 0.000
  M1_collision_within_pool : 0.338

Result saved -> results/_A_N4_seed1_5000ep_gaefix_g05_ent01.json
  N=4  rho=0.8  M0_PDR=1.000  M1_PDR=0.796
[NS3Bridge] Shutdown complete.
Run complete.
