[seed] all RNGs seeded with 4
GPU : NVIDIA GeForce RTX 3060
VRAM: 12.9 GB
Device          : cuda:0
Actor M0 params : 21,273
Actor M1 params : 21,273
Critic params   : 79,361
obs_dim=11  action_dim=25  gs_dim=49
M0 count: 2  M1 count: 2
Training for 5000 episodes (Config A_N4_seed4_5000ep_gaefix, N=4)...

[NS3Bridge] Connected tcp://localhost:6996
Ep    0 | M0_PDR 0.655 | M1_PDR 0.713 | H_m0 3.21 H_m1 3.21 | a-0.1662 c80.2048 ent0.0500 VRAM 23MB
Ep   50 | M0_PDR 0.645 | M1_PDR 0.704 | H_m0 3.19 H_m1 3.21 | a-0.1588 c43.2364 ent0.0495 VRAM 23MB
Ep  100 | M0_PDR 0.666 | M1_PDR 0.657 | H_m0 3.20 H_m1 3.19 | a-0.1579 c38.0882 ent0.0490 VRAM 23MB
Ep  150 | M0_PDR 0.635 | M1_PDR 0.644 | H_m0 3.20 H_m1 3.18 | a-0.1559 c36.2874 ent0.0485 VRAM 23MB
Ep  200 | M0_PDR 0.660 | M1_PDR 0.660 | H_m0 3.18 H_m1 3.19 | a-0.1537 c37.4662 ent0.0480 VRAM 23MB
Ep  250 | M0_PDR 0.660 | M1_PDR 0.635 | H_m0 3.19 H_m1 3.20 | a-0.1531 c38.1707 ent0.0475 VRAM 23MB
Ep  300 | M0_PDR 0.681 | M1_PDR 0.644 | H_m0 3.16 H_m1 3.19 | a-0.1504 c40.1444 ent0.0471 VRAM 23MB
Ep  350 | M0_PDR 0.688 | M1_PDR 0.692 | H_m0 3.17 H_m1 3.21 | a-0.1496 c40.7908 ent0.0466 VRAM 23MB
Ep  400 | M0_PDR 0.601 | M1_PDR 0.658 | H_m0 3.19 H_m1 3.19 | a-0.1479 c33.7469 ent0.0461 VRAM 23MB
Ep  450 | M0_PDR 0.657 | M1_PDR 0.648 | H_m0 3.20 H_m1 3.21 | a-0.1465 c38.2215 ent0.0456 VRAM 23MB
Ep  500 | M0_PDR 0.678 | M1_PDR 0.580 | H_m0 3.20 H_m1 3.21 | a-0.1449 c42.1745 ent0.0451 VRAM 23MB
Ep  550 | M0_PDR 0.615 | M1_PDR 0.721 | H_m0 3.20 H_m1 3.20 | a-0.1435 c33.1383 ent0.0446 VRAM 23MB
Ep  600 | M0_PDR 0.686 | M1_PDR 0.669 | H_m0 3.19 H_m1 3.21 | a-0.1416 c40.2557 ent0.0441 VRAM 23MB
Ep  650 | M0_PDR 0.688 | M1_PDR 0.693 | H_m0 3.18 H_m1 3.21 | a-0.1406 c39.5439 ent0.0436 VRAM 23MB
Ep  700 | M0_PDR 0.687 | M1_PDR 0.661 | H_m0 3.17 H_m1 3.21 | a-0.1387 c41.9157 ent0.0431 VRAM 23MB
Ep  750 | M0_PDR 0.672 | M1_PDR 0.650 | H_m0 3.19 H_m1 3.21 | a-0.1367 c38.5124 ent0.0426 VRAM 23MB
Ep  800 | M0_PDR 0.588 | M1_PDR 0.632 | H_m0 3.17 H_m1 3.21 | a-0.1352 c31.6294 ent0.0422 VRAM 23MB
Ep  850 | M0_PDR 0.616 | M1_PDR 0.645 | H_m0 3.17 H_m1 3.21 | a-0.1338 c35.6469 ent0.0417 VRAM 23MB
Ep  900 | M0_PDR 0.663 | M1_PDR 0.652 | H_m0 3.17 H_m1 3.21 | a-0.1317 c38.0983 ent0.0412 VRAM 23MB
Ep  950 | M0_PDR 0.663 | M1_PDR 0.676 | H_m0 3.17 H_m1 3.21 | a-0.1308 c38.2052 ent0.0407 VRAM 23MB
Ep 1000 | M0_PDR 0.639 | M1_PDR 0.647 | H_m0 3.16 H_m1 3.21 | a-0.1289 c37.4877 ent0.0402 VRAM 23MB
Ep 1050 | M0_PDR 0.665 | M1_PDR 0.630 | H_m0 3.20 H_m1 3.20 | a-0.1274 c39.2543 ent0.0397 VRAM 23MB
Ep 1100 | M0_PDR 0.659 | M1_PDR 0.678 | H_m0 3.20 H_m1 3.20 | a-0.1261 c37.6051 ent0.0392 VRAM 23MB
Ep 1150 | M0_PDR 0.626 | M1_PDR 0.646 | H_m0 3.19 H_m1 3.20 | a-0.1246 c34.7789 ent0.0387 VRAM 23MB
Ep 1200 | M0_PDR 0.678 | M1_PDR 0.658 | H_m0 3.20 H_m1 3.21 | a-0.1230 c40.3304 ent0.0382 VRAM 23MB
Ep 1250 | M0_PDR 0.625 | M1_PDR 0.633 | H_m0 3.17 H_m1 3.21 | a-0.1213 c35.5750 ent0.0377 VRAM 23MB
Ep 1300 | M0_PDR 0.672 | M1_PDR 0.665 | H_m0 3.16 H_m1 3.21 | a-0.1192 c38.9980 ent0.0373 VRAM 23MB
Ep 1350 | M0_PDR 0.606 | M1_PDR 0.696 | H_m0 3.18 H_m1 3.21 | a-0.1177 c32.4066 ent0.0368 VRAM 23MB
Ep 1400 | M0_PDR 0.653 | M1_PDR 0.674 | H_m0 3.17 H_m1 3.21 | a-0.1161 c37.5382 ent0.0363 VRAM 23MB
Ep 1450 | M0_PDR 0.710 | M1_PDR 0.630 | H_m0 3.14 H_m1 3.21 | a-0.1141 c43.4175 ent0.0358 VRAM 23MB
Ep 1500 | M0_PDR 0.659 | M1_PDR 0.619 | H_m0 3.14 H_m1 3.20 | a-0.1122 c38.2309 ent0.0353 VRAM 23MB
Ep 1550 | M0_PDR 0.689 | M1_PDR 0.690 | H_m0 3.18 H_m1 3.20 | a-0.1116 c39.9320 ent0.0348 VRAM 23MB
Ep 1600 | M0_PDR 0.711 | M1_PDR 0.682 | H_m0 3.15 H_m1 3.19 | a-0.1093 c43.6054 ent0.0343 VRAM 23MB
Ep 1650 | M0_PDR 0.699 | M1_PDR 0.636 | H_m0 3.15 H_m1 3.20 | a-0.1080 c42.8997 ent0.0338 VRAM 23MB
Ep 1700 | M0_PDR 0.670 | M1_PDR 0.673 | H_m0 3.12 H_m1 3.21 | a-0.1060 c39.0742 ent0.0333 VRAM 23MB
Ep 1750 | M0_PDR 0.665 | M1_PDR 0.690 | H_m0 3.10 H_m1 3.20 | a-0.1043 c38.6483 ent0.0328 VRAM 23MB
Ep 1800 | M0_PDR 0.684 | M1_PDR 0.706 | H_m0 3.14 H_m1 3.20 | a-0.1033 c40.1310 ent0.0324 VRAM 23MB
Ep 1850 | M0_PDR 0.637 | M1_PDR 0.668 | H_m0 3.15 H_m1 3.20 | a-0.1012 c36.7003 ent0.0319 VRAM 23MB
Ep 1900 | M0_PDR 0.687 | M1_PDR 0.654 | H_m0 3.15 H_m1 3.20 | a-0.1001 c43.9218 ent0.0314 VRAM 23MB
Ep 1950 | M0_PDR 0.676 | M1_PDR 0.662 | H_m0 3.12 H_m1 3.19 | a-0.0983 c39.0401 ent0.0309 VRAM 23MB
Ep 2000 | M0_PDR 0.704 | M1_PDR 0.668 | H_m0 3.12 H_m1 3.19 | a-0.0961 c43.0590 ent0.0304 VRAM 23MB
Ep 2050 | M0_PDR 0.685 | M1_PDR 0.689 | H_m0 3.16 H_m1 3.20 | a-0.0954 c39.8798 ent0.0299 VRAM 23MB
Ep 2100 | M0_PDR 0.660 | M1_PDR 0.625 | H_m0 3.15 H_m1 3.21 | a-0.0938 c40.7853 ent0.0294 VRAM 23MB
Ep 2150 | M0_PDR 0.628 | M1_PDR 0.696 | H_m0 3.15 H_m1 3.20 | a-0.0923 c35.2583 ent0.0289 VRAM 23MB
Ep 2200 | M0_PDR 0.666 | M1_PDR 0.664 | H_m0 3.18 H_m1 3.20 | a-0.0909 c37.8635 ent0.0284 VRAM 23MB
Ep 2250 | M0_PDR 0.674 | M1_PDR 0.659 | H_m0 3.17 H_m1 3.19 | a-0.0892 c40.2877 ent0.0279 VRAM 23MB
Ep 2300 | M0_PDR 0.692 | M1_PDR 0.647 | H_m0 3.16 H_m1 3.20 | a-0.0877 c41.2906 ent0.0275 VRAM 23MB
Ep 2350 | M0_PDR 0.637 | M1_PDR 0.641 | H_m0 3.15 H_m1 3.20 | a-0.0859 c37.3886 ent0.0270 VRAM 23MB
Ep 2400 | M0_PDR 0.670 | M1_PDR 0.627 | H_m0 3.13 H_m1 3.21 | a-0.0842 c39.3879 ent0.0265 VRAM 23MB
Ep 2450 | M0_PDR 0.672 | M1_PDR 0.623 | H_m0 3.15 H_m1 3.20 | a-0.0828 c39.0247 ent0.0260 VRAM 23MB
Ep 2500 | M0_PDR 0.675 | M1_PDR 0.634 | H_m0 3.16 H_m1 3.20 | a-0.0815 c40.0085 ent0.0255 VRAM 23MB
Ep 2550 | M0_PDR 0.705 | M1_PDR 0.686 | H_m0 3.12 H_m1 3.20 | a-0.0795 c42.4404 ent0.0250 VRAM 23MB
Ep 2600 | M0_PDR 0.659 | M1_PDR 0.635 | H_m0 3.13 H_m1 3.20 | a-0.0779 c38.5270 ent0.0245 VRAM 23MB
Ep 2650 | M0_PDR 0.690 | M1_PDR 0.696 | H_m0 3.14 H_m1 3.20 | a-0.0766 c41.8139 ent0.0240 VRAM 23MB
Ep 2700 | M0_PDR 0.616 | M1_PDR 0.667 | H_m0 3.13 H_m1 3.20 | a-0.0747 c33.6659 ent0.0235 VRAM 23MB
Ep 2750 | M0_PDR 0.673 | M1_PDR 0.635 | H_m0 3.10 H_m1 3.20 | a-0.0729 c39.9949 ent0.0230 VRAM 23MB
Ep 2800 | M0_PDR 0.662 | M1_PDR 0.661 | H_m0 3.08 H_m1 3.20 | a-0.0711 c39.9828 ent0.0226 VRAM 23MB
Ep 2850 | M0_PDR 0.656 | M1_PDR 0.643 | H_m0 3.03 H_m1 3.20 | a-0.0689 c38.5207 ent0.0221 VRAM 23MB
Ep 2900 | M0_PDR 0.726 | M1_PDR 0.600 | H_m0 3.04 H_m1 3.19 | a-0.0678 c45.9196 ent0.0216 VRAM 23MB
Ep 2950 | M0_PDR 0.699 | M1_PDR 0.661 | H_m0 3.06 H_m1 3.20 | a-0.0662 c42.9316 ent0.0211 VRAM 23MB
Ep 3000 | M0_PDR 0.712 | M1_PDR 0.643 | H_m0 3.05 H_m1 3.19 | a-0.0647 c44.6541 ent0.0206 VRAM 23MB
Ep 3050 | M0_PDR 0.709 | M1_PDR 0.632 | H_m0 3.02 H_m1 3.18 | a-0.0626 c45.0331 ent0.0201 VRAM 23MB
Ep 3100 | M0_PDR 0.720 | M1_PDR 0.596 | H_m0 2.98 H_m1 3.19 | a-0.0607 c46.1559 ent0.0196 VRAM 23MB
Ep 3150 | M0_PDR 0.701 | M1_PDR 0.654 | H_m0 3.01 H_m1 3.18 | a-0.0595 c41.7076 ent0.0191 VRAM 23MB
Ep 3200 | M0_PDR 0.713 | M1_PDR 0.637 | H_m0 2.99 H_m1 3.19 | a-0.0578 c44.5520 ent0.0186 VRAM 23MB
Ep 3250 | M0_PDR 0.666 | M1_PDR 0.649 | H_m0 2.97 H_m1 3.19 | a-0.0561 c39.7695 ent0.0181 VRAM 23MB
Ep 3300 | M0_PDR 0.689 | M1_PDR 0.610 | H_m0 2.95 H_m1 3.20 | a-0.0547 c42.7738 ent0.0177 VRAM 23MB
Ep 3350 | M0_PDR 0.684 | M1_PDR 0.647 | H_m0 2.98 H_m1 3.20 | a-0.0531 c41.8202 ent0.0172 VRAM 23MB
Ep 3400 | M0_PDR 0.681 | M1_PDR 0.629 | H_m0 2.98 H_m1 3.20 | a-0.0517 c40.7452 ent0.0167 VRAM 23MB
Ep 3450 | M0_PDR 0.691 | M1_PDR 0.657 | H_m0 2.98 H_m1 3.20 | a-0.0503 c41.9809 ent0.0162 VRAM 23MB
Ep 3500 | M0_PDR 0.709 | M1_PDR 0.609 | H_m0 2.97 H_m1 3.20 | a-0.0487 c44.5098 ent0.0157 VRAM 23MB
Ep 3550 | M0_PDR 0.708 | M1_PDR 0.633 | H_m0 2.98 H_m1 3.20 | a-0.0471 c43.8196 ent0.0152 VRAM 23MB
Ep 3600 | M0_PDR 0.700 | M1_PDR 0.644 | H_m0 2.99 H_m1 3.20 | a-0.0457 c41.9737 ent0.0147 VRAM 23MB
Ep 3650 | M0_PDR 0.665 | M1_PDR 0.674 | H_m0 2.95 H_m1 3.20 | a-0.0438 c38.4934 ent0.0142 VRAM 23MB
Ep 3700 | M0_PDR 0.677 | M1_PDR 0.582 | H_m0 2.93 H_m1 3.20 | a-0.0421 c41.3847 ent0.0137 VRAM 23MB
Ep 3750 | M0_PDR 0.681 | M1_PDR 0.642 | H_m0 2.94 H_m1 3.20 | a-0.0408 c41.0667 ent0.0132 VRAM 23MB
Ep 3800 | M0_PDR 0.671 | M1_PDR 0.647 | H_m0 2.97 H_m1 3.20 | a-0.0396 c40.4564 ent0.0128 VRAM 23MB
Ep 3850 | M0_PDR 0.671 | M1_PDR 0.633 | H_m0 3.00 H_m1 3.20 | a-0.0381 c39.5734 ent0.0123 VRAM 23MB
Ep 3900 | M0_PDR 0.710 | M1_PDR 0.663 | H_m0 2.97 H_m1 3.20 | a-0.0364 c43.8679 ent0.0118 VRAM 23MB
Ep 3950 | M0_PDR 0.739 | M1_PDR 0.622 | H_m0 2.99 H_m1 3.20 | a-0.0351 c46.5893 ent0.0113 VRAM 23MB
Ep 4000 | M0_PDR 0.665 | M1_PDR 0.630 | H_m0 3.00 H_m1 3.20 | a-0.0336 c39.6096 ent0.0108 VRAM 23MB
Ep 4050 | M0_PDR 0.688 | M1_PDR 0.601 | H_m0 2.97 H_m1 3.21 | a-0.0319 c41.1779 ent0.0103 VRAM 23MB
Ep 4100 | M0_PDR 0.691 | M1_PDR 0.640 | H_m0 2.94 H_m1 3.20 | a-0.0302 c41.0027 ent0.0098 VRAM 23MB
Ep 4150 | M0_PDR 0.700 | M1_PDR 0.645 | H_m0 2.94 H_m1 3.21 | a-0.0287 c43.5857 ent0.0093 VRAM 23MB
Ep 4200 | M0_PDR 0.706 | M1_PDR 0.644 | H_m0 2.93 H_m1 3.21 | a-0.0272 c42.8863 ent0.0088 VRAM 23MB
Ep 4250 | M0_PDR 0.677 | M1_PDR 0.636 | H_m0 2.94 H_m1 3.20 | a-0.0257 c42.0035 ent0.0083 VRAM 23MB
Ep 4300 | M0_PDR 0.672 | M1_PDR 0.625 | H_m0 2.94 H_m1 3.21 | a-0.0243 c40.4278 ent0.0079 VRAM 23MB
Ep 4350 | M0_PDR 0.619 | M1_PDR 0.628 | H_m0 2.95 H_m1 3.21 | a-0.0227 c34.5067 ent0.0074 VRAM 23MB
Ep 4400 | M0_PDR 0.685 | M1_PDR 0.634 | H_m0 2.93 H_m1 3.21 | a-0.0212 c41.6755 ent0.0069 VRAM 23MB
Ep 4450 | M0_PDR 0.682 | M1_PDR 0.666 | H_m0 2.92 H_m1 3.21 | a-0.0196 c40.3891 ent0.0064 VRAM 23MB
Ep 4500 | M0_PDR 0.666 | M1_PDR 0.648 | H_m0 2.92 H_m1 3.21 | a-0.0181 c40.8358 ent0.0059 VRAM 23MB
Ep 4550 | M0_PDR 0.710 | M1_PDR 0.649 | H_m0 2.90 H_m1 3.21 | a-0.0165 c43.3583 ent0.0054 VRAM 23MB
Ep 4600 | M0_PDR 0.726 | M1_PDR 0.647 | H_m0 2.89 H_m1 3.20 | a-0.0150 c45.6319 ent0.0049 VRAM 23MB
Ep 4650 | M0_PDR 0.680 | M1_PDR 0.612 | H_m0 2.89 H_m1 3.21 | a-0.0135 c41.2197 ent0.0044 VRAM 23MB
Ep 4700 | M0_PDR 0.689 | M1_PDR 0.675 | H_m0 2.89 H_m1 3.21 | a-0.0120 c40.3259 ent0.0039 VRAM 23MB
Ep 4750 | M0_PDR 0.660 | M1_PDR 0.660 | H_m0 2.89 H_m1 3.21 | a-0.0105 c38.8366 ent0.0034 VRAM 23MB
Ep 4800 | M0_PDR 0.690 | M1_PDR 0.653 | H_m0 2.88 H_m1 3.21 | a-0.0090 c43.0804 ent0.0030 VRAM 23MB
Ep 4850 | M0_PDR 0.662 | M1_PDR 0.642 | H_m0 2.89 H_m1 3.21 | a-0.0075 c38.2045 ent0.0025 VRAM 23MB
Ep 4900 | M0_PDR 0.691 | M1_PDR 0.632 | H_m0 2.87 H_m1 3.21 | a-0.0060 c42.1917 ent0.0020 VRAM 23MB
Ep 4950 | M0_PDR 0.668 | M1_PDR 0.586 | H_m0 2.88 H_m1 3.21 | a-0.0045 c41.4091 ent0.0015 VRAM 23MB

Training complete. Running 100 eval episodes...

  Eval ep   0: M0_PDR=0.737  M1_PDR=0.648
  Eval ep  20: M0_PDR=0.739  M1_PDR=0.603
  Eval ep  40: M0_PDR=0.683  M1_PDR=0.656
  Eval ep  60: M0_PDR=0.688  M1_PDR=0.612
  Eval ep  80: M0_PDR=0.722  M1_PDR=0.622

=== Eval Summary (100 episodes) ===
  M0_PDR_mean         : 0.6954
  M0_PDR_p05 (across) : 0.6593
  M0_PDR_p05 (intra)  : 0.0059
  M1_PDR_mean         : 0.6265
  M0_SINR_mean (dB)   : 15.43
  M1_SINR_mean (dB)   : 8.38
  M0_collision_rate   : 0.492
  M0_collision_within_pool : 0.207
  M1_collision_within_pool : 0.203

Result saved -> results/_A_N4_seed4_5000ep_gaefix.json
  N=4  rho=0.8  M0_PDR=0.695  M1_PDR=0.626
[NS3Bridge] Shutdown complete.
Run complete.
