[seed] all RNGs seeded with 3
GPU : NVIDIA GeForce RTX 3060
VRAM: 12.9 GB
Device          : cuda:0
Actor M0 params : 21,273
Actor M1 params : 21,273
Critic params   : 79,361
obs_dim=11  action_dim=25  gs_dim=49
M0 count: 2  M1 count: 2
Training for 3000 episodes (Config A_N4_seed3, N=4)...

[NS3Bridge] Connected tcp://localhost:5586
Ep    0 | M0_PDR 0.651 | M1_PDR 0.685 | H_m0 3.22 H_m1 3.22 | a-0.1676 c47.8665 ent0.0500 VRAM 23MB
Ep   50 | M0_PDR 0.625 | M1_PDR 0.676 | H_m0 3.18 H_m1 3.19 | a-0.1575 c19.3531 ent0.0492 VRAM 23MB
Ep  100 | M0_PDR 0.648 | M1_PDR 0.674 | H_m0 3.15 H_m1 3.18 | a-0.1544 c11.6034 ent0.0484 VRAM 23MB
Ep  150 | M0_PDR 0.684 | M1_PDR 0.637 | H_m0 3.11 H_m1 3.19 | a-0.1506 c7.4844 ent0.0475 VRAM 23MB
Ep  200 | M0_PDR 0.674 | M1_PDR 0.641 | H_m0 3.07 H_m1 3.20 | a-0.1479 c4.2361 ent0.0467 VRAM 23MB
Ep  250 | M0_PDR 0.666 | M1_PDR 0.669 | H_m0 3.11 H_m1 3.20 | a-0.1452 c3.8466 ent0.0459 VRAM 23MB
Ep  300 | M0_PDR 0.680 | M1_PDR 0.648 | H_m0 2.99 H_m1 3.17 | a-0.1403 c3.4411 ent0.0451 VRAM 23MB
Ep  350 | M0_PDR 0.720 | M1_PDR 0.633 | H_m0 2.79 H_m1 3.17 | a-0.1336 c2.3633 ent0.0443 VRAM 23MB
Ep  400 | M0_PDR 0.640 | M1_PDR 0.662 | H_m0 2.82 H_m1 3.16 | a-0.1311 c2.7915 ent0.0435 VRAM 23MB
Ep  450 | M0_PDR 0.662 | M1_PDR 0.624 | H_m0 2.75 H_m1 3.16 | a-0.1291 c2.3061 ent0.0426 VRAM 23MB
Ep  500 | M0_PDR 0.674 | M1_PDR 0.649 | H_m0 2.64 H_m1 3.14 | a-0.1214 c2.3475 ent0.0418 VRAM 23MB
Ep  550 | M0_PDR 0.727 | M1_PDR 0.619 | H_m0 2.64 H_m1 3.12 | a-0.1184 c2.1826 ent0.0410 VRAM 23MB
Ep  600 | M0_PDR 0.669 | M1_PDR 0.631 | H_m0 2.77 H_m1 3.15 | a-0.1203 c2.9331 ent0.0402 VRAM 23MB
Ep  650 | M0_PDR 0.716 | M1_PDR 0.645 | H_m0 2.69 H_m1 3.19 | a-0.1171 c1.9743 ent0.0394 VRAM 23MB
Ep  700 | M0_PDR 0.695 | M1_PDR 0.615 | H_m0 2.66 H_m1 3.19 | a-0.1139 c3.2394 ent0.0386 VRAM 23MB
Ep  750 | M0_PDR 0.655 | M1_PDR 0.649 | H_m0 2.64 H_m1 3.15 | a-0.1109 c1.9803 ent0.0377 VRAM 23MB
Ep  800 | M0_PDR 0.726 | M1_PDR 0.648 | H_m0 2.74 H_m1 3.11 | a-0.1088 c2.0787 ent0.0369 VRAM 23MB
Ep  850 | M0_PDR 0.707 | M1_PDR 0.666 | H_m0 2.76 H_m1 3.08 | a-0.1068 c1.6780 ent0.0361 VRAM 23MB
Ep  900 | M0_PDR 0.687 | M1_PDR 0.665 | H_m0 2.69 H_m1 3.17 | a-0.1042 c2.0355 ent0.0353 VRAM 23MB
Ep  950 | M0_PDR 0.690 | M1_PDR 0.602 | H_m0 2.73 H_m1 3.19 | a-0.1037 c2.8161 ent0.0345 VRAM 23MB
Ep 1000 | M0_PDR 0.704 | M1_PDR 0.608 | H_m0 2.50 H_m1 3.19 | a-0.0971 c2.4415 ent0.0337 VRAM 23MB
Ep 1050 | M0_PDR 0.698 | M1_PDR 0.627 | H_m0 2.67 H_m1 3.20 | a-0.0971 c2.9126 ent0.0328 VRAM 23MB
Ep 1100 | M0_PDR 0.689 | M1_PDR 0.635 | H_m0 2.61 H_m1 3.18 | a-0.0936 c2.6966 ent0.0320 VRAM 23MB
Ep 1150 | M0_PDR 0.693 | M1_PDR 0.658 | H_m0 2.66 H_m1 3.18 | a-0.0924 c2.1045 ent0.0312 VRAM 23MB
Ep 1200 | M0_PDR 0.717 | M1_PDR 0.620 | H_m0 2.52 H_m1 3.18 | a-0.0875 c1.8508 ent0.0304 VRAM 23MB
Ep 1250 | M0_PDR 0.693 | M1_PDR 0.615 | H_m0 2.59 H_m1 3.17 | a-0.0860 c1.7223 ent0.0296 VRAM 23MB
Ep 1300 | M0_PDR 0.710 | M1_PDR 0.602 | H_m0 2.53 H_m1 3.15 | a-0.0830 c2.0082 ent0.0288 VRAM 23MB
Ep 1350 | M0_PDR 0.705 | M1_PDR 0.568 | H_m0 2.43 H_m1 3.16 | a-0.0787 c1.8156 ent0.0279 VRAM 23MB
Ep 1400 | M0_PDR 0.687 | M1_PDR 0.627 | H_m0 2.26 H_m1 3.12 | a-0.0736 c2.2453 ent0.0271 VRAM 23MB
Ep 1450 | M0_PDR 0.740 | M1_PDR 0.606 | H_m0 2.11 H_m1 3.14 | a-0.0695 c2.2614 ent0.0263 VRAM 23MB
Ep 1500 | M0_PDR 0.752 | M1_PDR 0.585 | H_m0 2.16 H_m1 3.15 | a-0.0683 c1.7551 ent0.0255 VRAM 23MB
Ep 1550 | M0_PDR 0.720 | M1_PDR 0.653 | H_m0 2.06 H_m1 3.14 | a-0.0648 c1.3022 ent0.0247 VRAM 23MB
Ep 1600 | M0_PDR 0.742 | M1_PDR 0.610 | H_m0 2.11 H_m1 3.08 | a-0.0626 c1.7945 ent0.0239 VRAM 23MB
Ep 1650 | M0_PDR 0.742 | M1_PDR 0.647 | H_m0 1.99 H_m1 3.09 | a-0.0590 c1.5152 ent0.0230 VRAM 23MB
Ep 1700 | M0_PDR 0.740 | M1_PDR 0.662 | H_m0 1.78 H_m1 3.07 | a-0.0547 c2.0306 ent0.0222 VRAM 23MB
Ep 1750 | M0_PDR 0.802 | M1_PDR 0.649 | H_m0 1.35 H_m1 2.97 | a-0.0471 c1.3525 ent0.0214 VRAM 23MB
Ep 1800 | M0_PDR 0.875 | M1_PDR 0.706 | H_m0 0.97 H_m1 2.85 | a-0.0409 c1.2307 ent0.0206 VRAM 23MB
Ep 1850 | M0_PDR 0.871 | M1_PDR 0.696 | H_m0 0.86 H_m1 2.80 | a-0.0373 c1.3199 ent0.0198 VRAM 23MB
Ep 1900 | M0_PDR 0.906 | M1_PDR 0.697 | H_m0 0.76 H_m1 2.80 | a-0.0349 c1.1031 ent0.0190 VRAM 23MB
Ep 1950 | M0_PDR 0.945 | M1_PDR 0.732 | H_m0 0.30 H_m1 2.69 | a-0.0276 c0.6749 ent0.0181 VRAM 23MB
Ep 2000 | M0_PDR 0.953 | M1_PDR 0.759 | H_m0 0.14 H_m1 2.50 | a-0.0231 c1.0225 ent0.0173 VRAM 23MB
Ep 2050 | M0_PDR 0.968 | M1_PDR 0.743 | H_m0 0.07 H_m1 2.41 | a-0.0210 c0.5470 ent0.0165 VRAM 23MB
Ep 2100 | M0_PDR 0.964 | M1_PDR 0.761 | H_m0 0.05 H_m1 2.41 | a-0.0193 c0.6159 ent0.0157 VRAM 23MB
Ep 2150 | M0_PDR 0.985 | M1_PDR 0.796 | H_m0 0.03 H_m1 2.32 | a-0.0180 c0.5108 ent0.0149 VRAM 23MB
Ep 2200 | M0_PDR 0.981 | M1_PDR 0.785 | H_m0 0.02 H_m1 2.31 | a-0.0165 c0.6062 ent0.0141 VRAM 23MB
Ep 2250 | M0_PDR 0.980 | M1_PDR 0.749 | H_m0 0.02 H_m1 2.26 | a-0.0153 c0.5591 ent0.0132 VRAM 23MB
Ep 2300 | M0_PDR 0.993 | M1_PDR 0.798 | H_m0 0.02 H_m1 2.21 | a-0.0142 c0.3891 ent0.0124 VRAM 23MB
Ep 2350 | M0_PDR 1.000 | M1_PDR 0.755 | H_m0 0.01 H_m1 2.18 | a-0.0129 c0.3698 ent0.0116 VRAM 23MB
Ep 2400 | M0_PDR 0.995 | M1_PDR 0.785 | H_m0 0.01 H_m1 2.12 | a-0.0118 c0.3749 ent0.0108 VRAM 23MB
Ep 2450 | M0_PDR 0.990 | M1_PDR 0.782 | H_m0 0.01 H_m1 2.07 | a-0.0105 c0.5000 ent0.0100 VRAM 23MB
Ep 2500 | M0_PDR 0.995 | M1_PDR 0.788 | H_m0 0.01 H_m1 2.05 | a-0.0095 c0.3831 ent0.0092 VRAM 23MB
Ep 2550 | M0_PDR 0.998 | M1_PDR 0.796 | H_m0 0.01 H_m1 2.03 | a-0.0085 c0.3307 ent0.0083 VRAM 23MB
Ep 2600 | M0_PDR 0.997 | M1_PDR 0.803 | H_m0 0.01 H_m1 2.00 | a-0.0077 c0.3629 ent0.0075 VRAM 23MB
Ep 2650 | M0_PDR 0.995 | M1_PDR 0.779 | H_m0 0.01 H_m1 1.98 | a-0.0067 c0.3844 ent0.0067 VRAM 23MB
Ep 2700 | M0_PDR 0.993 | M1_PDR 0.805 | H_m0 0.01 H_m1 1.93 | a-0.0058 c0.4050 ent0.0059 VRAM 23MB
Ep 2750 | M0_PDR 0.995 | M1_PDR 0.811 | H_m0 0.01 H_m1 1.92 | a-0.0050 c0.3471 ent0.0051 VRAM 23MB
Ep 2800 | M0_PDR 0.995 | M1_PDR 0.780 | H_m0 0.01 H_m1 1.91 | a-0.0041 c0.3499 ent0.0043 VRAM 23MB
Ep 2850 | M0_PDR 0.995 | M1_PDR 0.823 | H_m0 0.01 H_m1 1.89 | a-0.0033 c0.3399 ent0.0034 VRAM 23MB
Ep 2900 | M0_PDR 0.995 | M1_PDR 0.758 | H_m0 0.01 H_m1 1.90 | a-0.0026 c0.3907 ent0.0026 VRAM 23MB
Ep 2950 | M0_PDR 0.999 | M1_PDR 0.777 | H_m0 0.01 H_m1 1.87 | a-0.0017 c0.3701 ent0.0018 VRAM 23MB

Training complete. Running 100 eval episodes...

  Eval ep   0: M0_PDR=0.998  M1_PDR=0.792
  Eval ep  20: M0_PDR=0.994  M1_PDR=0.782
  Eval ep  40: M0_PDR=0.997  M1_PDR=0.772
  Eval ep  60: M0_PDR=1.000  M1_PDR=0.831
  Eval ep  80: M0_PDR=1.000  M1_PDR=0.769

=== Eval Summary (100 episodes) ===
  M0_PDR_mean         : 0.9975
  M0_PDR_p05 (across) : 0.9926
  M0_PDR_p05 (intra)  : 1.0000
  M1_PDR_mean         : 0.7887
  M0_SINR_mean (dB)   : 47.04
  M1_SINR_mean (dB)   : 24.83
  M0_collision_rate   : 0.007
  M0_collision_within_pool : 0.000
  M1_collision_within_pool : 0.332

Result saved -> results/_A_N4_seed3.json
  N=4  rho=0.8  M0_PDR=0.997  M1_PDR=0.789
[NS3Bridge] Shutdown complete.
Run complete.
