[seed] all RNGs seeded with 8
GPU : NVIDIA GeForce RTX 3060
VRAM: 12.9 GB
Device          : cuda:0
Actor M0 params : 21,273
Actor M1 params : 21,273
Critic params   : 79,361
obs_dim=11  action_dim=25  gs_dim=49
M0 count: 2  M1 count: 2
Training for 3000 episodes (Config A_N4_seed8, N=4)...

[NS3Bridge] Connected tcp://localhost:5636
Ep    0 | M0_PDR 0.622 | M1_PDR 0.614 | H_m0 3.22 H_m1 3.21 | a-0.1654 c41.9081 ent0.0500 VRAM 23MB
Ep   50 | M0_PDR 0.639 | M1_PDR 0.597 | H_m0 3.18 H_m1 3.20 | a-0.1583 c21.0852 ent0.0492 VRAM 23MB
Ep  100 | M0_PDR 0.682 | M1_PDR 0.609 | H_m0 3.17 H_m1 3.21 | a-0.1553 c14.7760 ent0.0484 VRAM 23MB
Ep  150 | M0_PDR 0.701 | M1_PDR 0.670 | H_m0 3.17 H_m1 3.18 | a-0.1521 c9.6791 ent0.0475 VRAM 23MB
Ep  200 | M0_PDR 0.651 | M1_PDR 0.618 | H_m0 3.07 H_m1 3.19 | a-0.1484 c6.4757 ent0.0467 VRAM 23MB
Ep  250 | M0_PDR 0.653 | M1_PDR 0.657 | H_m0 3.02 H_m1 3.18 | a-0.1435 c2.9659 ent0.0459 VRAM 23MB
Ep  300 | M0_PDR 0.683 | M1_PDR 0.622 | H_m0 3.01 H_m1 3.18 | a-0.1407 c2.9257 ent0.0451 VRAM 23MB
Ep  350 | M0_PDR 0.663 | M1_PDR 0.648 | H_m0 2.89 H_m1 3.17 | a-0.1373 c3.6856 ent0.0443 VRAM 23MB
Ep  400 | M0_PDR 0.678 | M1_PDR 0.641 | H_m0 2.96 H_m1 3.21 | a-0.1350 c2.1555 ent0.0435 VRAM 23MB
Ep  450 | M0_PDR 0.709 | M1_PDR 0.635 | H_m0 2.98 H_m1 3.18 | a-0.1329 c2.3344 ent0.0426 VRAM 23MB
Ep  500 | M0_PDR 0.729 | M1_PDR 0.627 | H_m0 2.70 H_m1 3.20 | a-0.1246 c2.1083 ent0.0418 VRAM 23MB
Ep  550 | M0_PDR 0.718 | M1_PDR 0.642 | H_m0 2.69 H_m1 3.19 | a-0.1225 c1.9811 ent0.0410 VRAM 23MB
Ep  600 | M0_PDR 0.721 | M1_PDR 0.612 | H_m0 2.68 H_m1 3.17 | a-0.1187 c2.0724 ent0.0402 VRAM 23MB
Ep  650 | M0_PDR 0.748 | M1_PDR 0.620 | H_m0 2.72 H_m1 3.17 | a-0.1169 c2.2319 ent0.0394 VRAM 23MB
Ep  700 | M0_PDR 0.742 | M1_PDR 0.637 | H_m0 2.67 H_m1 3.16 | a-0.1140 c2.4939 ent0.0386 VRAM 23MB
Error: tcpip::Socket::accept() Unable to create listening socket: Address already in use
Quitting (on error).
Ep  750 | M0_PDR 0.665 | M1_PDR 0.626 | H_m0 2.44 H_m1 3.20 | a-0.1071 c2.2689 ent0.0377 VRAM 23MB
Ep  800 | M0_PDR 0.706 | M1_PDR 0.628 | H_m0 2.38 H_m1 3.17 | a-0.1053 c1.6291 ent0.0369 VRAM 23MB
Ep  850 | M0_PDR 0.726 | M1_PDR 0.602 | H_m0 2.75 H_m1 3.18 | a-0.1079 c1.8814 ent0.0361 VRAM 23MB
Ep  900 | M0_PDR 0.716 | M1_PDR 0.655 | H_m0 2.56 H_m1 3.13 | a-0.1015 c1.8745 ent0.0353 VRAM 23MB
Ep  950 | M0_PDR 0.660 | M1_PDR 0.644 | H_m0 2.53 H_m1 3.15 | a-0.0991 c2.1008 ent0.0345 VRAM 23MB
Ep 1000 | M0_PDR 0.745 | M1_PDR 0.622 | H_m0 2.74 H_m1 3.17 | a-0.1002 c1.8171 ent0.0337 VRAM 23MB
Ep 1050 | M0_PDR 0.734 | M1_PDR 0.660 | H_m0 2.60 H_m1 3.15 | a-0.0951 c2.3223 ent0.0328 VRAM 23MB
Ep 1100 | M0_PDR 0.710 | M1_PDR 0.639 | H_m0 2.42 H_m1 3.16 | a-0.0902 c1.5325 ent0.0320 VRAM 23MB
Ep 1150 | M0_PDR 0.716 | M1_PDR 0.635 | H_m0 2.45 H_m1 3.17 | a-0.0905 c1.5902 ent0.0312 VRAM 23MB
Ep 1200 | M0_PDR 0.706 | M1_PDR 0.593 | H_m0 2.46 H_m1 3.12 | a-0.0854 c1.6302 ent0.0304 VRAM 23MB
Ep 1250 | M0_PDR 0.721 | M1_PDR 0.659 | H_m0 2.37 H_m1 3.06 | a-0.0815 c1.6641 ent0.0296 VRAM 23MB
Ep 1300 | M0_PDR 0.719 | M1_PDR 0.593 | H_m0 2.26 H_m1 3.09 | a-0.0775 c2.4323 ent0.0288 VRAM 23MB
Ep 1350 | M0_PDR 0.687 | M1_PDR 0.647 | H_m0 2.15 H_m1 3.09 | a-0.0739 c2.0125 ent0.0279 VRAM 23MB
Ep 1400 | M0_PDR 0.709 | M1_PDR 0.625 | H_m0 2.29 H_m1 3.11 | a-0.0741 c2.0574 ent0.0271 VRAM 23MB
Ep 1450 | M0_PDR 0.754 | M1_PDR 0.666 | H_m0 2.18 H_m1 3.11 | a-0.0705 c2.1211 ent0.0263 VRAM 23MB
Ep 1500 | M0_PDR 0.792 | M1_PDR 0.660 | H_m0 1.71 H_m1 3.10 | a-0.0625 c2.0090 ent0.0255 VRAM 23MB
Ep 1550 | M0_PDR 0.853 | M1_PDR 0.669 | H_m0 1.14 H_m1 3.02 | a-0.0518 c1.9677 ent0.0247 VRAM 23MB
Ep 1600 | M0_PDR 0.907 | M1_PDR 0.668 | H_m0 0.66 H_m1 2.88 | a-0.0437 c1.7215 ent0.0239 VRAM 23MB
Ep 1650 | M0_PDR 0.951 | M1_PDR 0.743 | H_m0 0.17 H_m1 2.62 | a-0.0332 c1.2897 ent0.0230 VRAM 23MB
Ep 1700 | M0_PDR 0.970 | M1_PDR 0.785 | H_m0 0.06 H_m1 2.27 | a-0.0261 c0.7125 ent0.0222 VRAM 23MB
Ep 1750 | M0_PDR 0.984 | M1_PDR 0.783 | H_m0 0.03 H_m1 2.34 | a-0.0259 c0.5278 ent0.0214 VRAM 23MB
Ep 1800 | M0_PDR 0.993 | M1_PDR 0.786 | H_m0 0.02 H_m1 2.22 | a-0.0233 c0.4336 ent0.0206 VRAM 23MB
Ep 1850 | M0_PDR 0.992 | M1_PDR 0.761 | H_m0 0.02 H_m1 2.29 | a-0.0241 c0.4694 ent0.0198 VRAM 23MB
Ep 1900 | M0_PDR 1.000 | M1_PDR 0.785 | H_m0 0.01 H_m1 2.07 | a-0.0202 c0.3661 ent0.0190 VRAM 23MB
Ep 1950 | M0_PDR 1.000 | M1_PDR 0.788 | H_m0 0.01 H_m1 2.11 | a-0.0193 c0.3452 ent0.0181 VRAM 23MB
Ep 2000 | M0_PDR 0.993 | M1_PDR 0.807 | H_m0 0.01 H_m1 2.02 | a-0.0178 c0.4118 ent0.0173 VRAM 23MB
Ep 2050 | M0_PDR 0.998 | M1_PDR 0.751 | H_m0 0.01 H_m1 2.09 | a-0.0174 c0.3647 ent0.0165 VRAM 23MB
Ep 2100 | M0_PDR 0.998 | M1_PDR 0.783 | H_m0 0.01 H_m1 2.10 | a-0.0169 c0.3428 ent0.0157 VRAM 23MB
Ep 2150 | M0_PDR 0.995 | M1_PDR 0.752 | H_m0 0.01 H_m1 2.15 | a-0.0166 c0.3892 ent0.0149 VRAM 23MB
Ep 2200 | M0_PDR 0.997 | M1_PDR 0.779 | H_m0 0.01 H_m1 2.10 | a-0.0151 c0.3309 ent0.0141 VRAM 23MB
Ep 2250 | M0_PDR 1.000 | M1_PDR 0.806 | H_m0 0.00 H_m1 2.07 | a-0.0139 c0.3228 ent0.0132 VRAM 23MB
Ep 2300 | M0_PDR 0.999 | M1_PDR 0.831 | H_m0 0.00 H_m1 2.05 | a-0.0127 c0.3429 ent0.0124 VRAM 23MB
Ep 2350 | M0_PDR 1.000 | M1_PDR 0.798 | H_m0 0.00 H_m1 2.04 | a-0.0119 c0.3326 ent0.0116 VRAM 23MB
Ep 2400 | M0_PDR 0.995 | M1_PDR 0.780 | H_m0 0.00 H_m1 2.02 | a-0.0113 c0.3748 ent0.0108 VRAM 23MB
Ep 2450 | M0_PDR 1.000 | M1_PDR 0.766 | H_m0 0.00 H_m1 2.04 | a-0.0102 c0.3190 ent0.0100 VRAM 23MB
Ep 2500 | M0_PDR 1.000 | M1_PDR 0.777 | H_m0 0.00 H_m1 2.03 | a-0.0093 c0.3240 ent0.0092 VRAM 23MB
Ep 2550 | M0_PDR 1.000 | M1_PDR 0.758 | H_m0 0.00 H_m1 2.00 | a-0.0086 c0.3150 ent0.0083 VRAM 23MB
Ep 2600 | M0_PDR 1.000 | M1_PDR 0.784 | H_m0 0.00 H_m1 1.98 | a-0.0077 c0.3065 ent0.0075 VRAM 23MB
Ep 2650 | M0_PDR 0.999 | M1_PDR 0.797 | H_m0 0.00 H_m1 1.96 | a-0.0067 c0.3009 ent0.0067 VRAM 23MB
Ep 2700 | M0_PDR 0.998 | M1_PDR 0.750 | H_m0 0.00 H_m1 1.99 | a-0.0060 c0.3974 ent0.0059 VRAM 23MB
Ep 2750 | M0_PDR 1.000 | M1_PDR 0.795 | H_m0 0.00 H_m1 1.97 | a-0.0051 c0.3174 ent0.0051 VRAM 23MB
Ep 2800 | M0_PDR 1.000 | M1_PDR 0.778 | H_m0 0.00 H_m1 1.94 | a-0.0042 c0.3180 ent0.0043 VRAM 23MB
Ep 2850 | M0_PDR 1.000 | M1_PDR 0.774 | H_m0 0.00 H_m1 1.94 | a-0.0034 c0.3249 ent0.0034 VRAM 23MB
Ep 2900 | M0_PDR 1.000 | M1_PDR 0.787 | H_m0 0.00 H_m1 1.94 | a-0.0026 c0.3140 ent0.0026 VRAM 23MB
Ep 2950 | M0_PDR 0.995 | M1_PDR 0.842 | H_m0 0.00 H_m1 1.91 | a-0.0019 c0.4071 ent0.0018 VRAM 23MB

Training complete. Running 100 eval episodes...

  Eval ep   0: M0_PDR=1.000  M1_PDR=0.822
  Eval ep  20: M0_PDR=1.000  M1_PDR=0.788
  Eval ep  40: M0_PDR=1.000  M1_PDR=0.782
  Eval ep  60: M0_PDR=1.000  M1_PDR=0.809
  Eval ep  80: M0_PDR=1.000  M1_PDR=0.800

=== Eval Summary (100 episodes) ===
  M0_PDR_mean         : 0.9993
  M0_PDR_p05 (across) : 0.9959
  M0_PDR_p05 (intra)  : 1.0000
  M1_PDR_mean         : 0.7972
  M0_SINR_mean (dB)   : 47.24
  M1_SINR_mean (dB)   : 25.68
  M0_collision_rate   : 0.002
  M0_collision_within_pool : 0.000
  M1_collision_within_pool : 0.324

Result saved -> results/_A_N4_seed8.json
  N=4  rho=0.8  M0_PDR=0.999  M1_PDR=0.797
[NS3Bridge] Shutdown complete.
Run complete.
