[seed] all RNGs seeded with 4
GPU : NVIDIA GeForce RTX 3060
VRAM: 12.9 GB
Device          : cuda:0
Actor M0 params : 21,273
Actor M1 params : 21,273
Critic params   : 79,361
obs_dim=11  action_dim=25  gs_dim=49
M0 count: 2  M1 count: 2
Training for 3000 episodes (Config A_N4_seed4, N=4)...

[NS3Bridge] Connected tcp://localhost:5596
Ep    0 | M0_PDR 0.670 | M1_PDR 0.713 | H_m0 3.22 H_m1 3.21 | a-0.1659 c51.5628 ent0.0500 VRAM 23MB
Ep   50 | M0_PDR 0.694 | M1_PDR 0.676 | H_m0 3.19 H_m1 3.21 | a-0.1585 c18.1626 ent0.0492 VRAM 23MB
Ep  100 | M0_PDR 0.666 | M1_PDR 0.632 | H_m0 3.13 H_m1 3.17 | a-0.1536 c9.9796 ent0.0484 VRAM 23MB
Ep  150 | M0_PDR 0.663 | M1_PDR 0.629 | H_m0 3.13 H_m1 3.14 | a-0.1508 c6.1199 ent0.0475 VRAM 23MB
Ep  200 | M0_PDR 0.661 | M1_PDR 0.635 | H_m0 3.11 H_m1 3.17 | a-0.1481 c4.1450 ent0.0467 VRAM 23MB
Ep  250 | M0_PDR 0.669 | M1_PDR 0.671 | H_m0 3.06 H_m1 3.17 | a-0.1448 c3.6132 ent0.0459 VRAM 23MB
Ep  300 | M0_PDR 0.696 | M1_PDR 0.651 | H_m0 3.02 H_m1 3.16 | a-0.1403 c2.6712 ent0.0451 VRAM 23MB
Ep  350 | M0_PDR 0.690 | M1_PDR 0.653 | H_m0 2.88 H_m1 3.10 | a-0.1341 c2.0470 ent0.0443 VRAM 23MB
Ep  400 | M0_PDR 0.638 | M1_PDR 0.639 | H_m0 2.90 H_m1 3.15 | a-0.1333 c2.6213 ent0.0435 VRAM 23MB
Ep  450 | M0_PDR 0.662 | M1_PDR 0.647 | H_m0 2.80 H_m1 3.16 | a-0.1281 c2.0802 ent0.0426 VRAM 23MB
Ep  500 | M0_PDR 0.720 | M1_PDR 0.603 | H_m0 2.95 H_m1 3.19 | a-0.1291 c3.3150 ent0.0418 VRAM 23MB
Ep  550 | M0_PDR 0.714 | M1_PDR 0.653 | H_m0 2.65 H_m1 3.16 | a-0.1203 c3.2577 ent0.0410 VRAM 23MB
Ep  600 | M0_PDR 0.697 | M1_PDR 0.624 | H_m0 2.66 H_m1 3.17 | a-0.1187 c2.0579 ent0.0402 VRAM 23MB
Ep  650 | M0_PDR 0.667 | M1_PDR 0.611 | H_m0 2.53 H_m1 3.17 | a-0.1137 c2.9140 ent0.0394 VRAM 23MB
Ep  700 | M0_PDR 0.694 | M1_PDR 0.624 | H_m0 2.65 H_m1 3.19 | a-0.1135 c2.6422 ent0.0386 VRAM 23MB
Ep  750 | M0_PDR 0.718 | M1_PDR 0.623 | H_m0 2.73 H_m1 3.20 | a-0.1128 c2.0690 ent0.0377 VRAM 23MB
Ep  800 | M0_PDR 0.698 | M1_PDR 0.602 | H_m0 2.59 H_m1 3.21 | a-0.1077 c1.7795 ent0.0369 VRAM 23MB
Ep  850 | M0_PDR 0.707 | M1_PDR 0.622 | H_m0 2.66 H_m1 3.21 | a-0.1071 c1.8458 ent0.0361 VRAM 23MB
Ep  900 | M0_PDR 0.685 | M1_PDR 0.610 | H_m0 2.56 H_m1 3.19 | a-0.1029 c2.4234 ent0.0353 VRAM 23MB
Ep  950 | M0_PDR 0.742 | M1_PDR 0.676 | H_m0 2.59 H_m1 3.19 | a-0.1009 c1.8778 ent0.0345 VRAM 23MB
Ep 1000 | M0_PDR 0.705 | M1_PDR 0.603 | H_m0 2.64 H_m1 3.18 | a-0.0984 c1.8426 ent0.0337 VRAM 23MB
Ep 1050 | M0_PDR 0.727 | M1_PDR 0.617 | H_m0 2.71 H_m1 3.19 | a-0.0974 c1.8359 ent0.0328 VRAM 23MB
Ep 1100 | M0_PDR 0.646 | M1_PDR 0.631 | H_m0 2.64 H_m1 3.15 | a-0.0941 c2.6487 ent0.0320 VRAM 23MB
Ep 1150 | M0_PDR 0.713 | M1_PDR 0.614 | H_m0 2.39 H_m1 3.10 | a-0.0870 c2.1859 ent0.0312 VRAM 23MB
Ep 1200 | M0_PDR 0.712 | M1_PDR 0.609 | H_m0 2.38 H_m1 3.17 | a-0.0849 c2.0878 ent0.0304 VRAM 23MB
Ep 1250 | M0_PDR 0.678 | M1_PDR 0.589 | H_m0 2.44 H_m1 3.14 | a-0.0833 c2.4982 ent0.0296 VRAM 23MB
Ep 1300 | M0_PDR 0.736 | M1_PDR 0.662 | H_m0 2.43 H_m1 3.09 | a-0.0800 c1.9413 ent0.0288 VRAM 23MB
Ep 1350 | M0_PDR 0.723 | M1_PDR 0.671 | H_m0 2.31 H_m1 3.12 | a-0.0764 c1.7019 ent0.0279 VRAM 23MB
Ep 1400 | M0_PDR 0.721 | M1_PDR 0.620 | H_m0 2.32 H_m1 3.09 | a-0.0745 c1.6165 ent0.0271 VRAM 23MB
Ep 1450 | M0_PDR 0.707 | M1_PDR 0.602 | H_m0 2.40 H_m1 3.15 | a-0.0740 c2.6833 ent0.0263 VRAM 23MB
Ep 1500 | M0_PDR 0.750 | M1_PDR 0.648 | H_m0 2.34 H_m1 3.03 | a-0.0699 c1.6409 ent0.0255 VRAM 23MB
Ep 1550 | M0_PDR 0.694 | M1_PDR 0.638 | H_m0 2.33 H_m1 3.00 | a-0.0661 c2.3902 ent0.0247 VRAM 23MB
Ep 1600 | M0_PDR 0.779 | M1_PDR 0.681 | H_m0 1.99 H_m1 2.95 | a-0.0598 c2.3141 ent0.0239 VRAM 23MB
Ep 1650 | M0_PDR 0.709 | M1_PDR 0.622 | H_m0 2.26 H_m1 3.07 | a-0.0619 c1.8008 ent0.0230 VRAM 23MB
Ep 1700 | M0_PDR 0.706 | M1_PDR 0.636 | H_m0 2.24 H_m1 3.10 | a-0.0598 c2.6707 ent0.0222 VRAM 23MB
Ep 1750 | M0_PDR 0.724 | M1_PDR 0.695 | H_m0 2.07 H_m1 3.09 | a-0.0556 c2.4469 ent0.0214 VRAM 23MB
Ep 1800 | M0_PDR 0.746 | M1_PDR 0.673 | H_m0 2.05 H_m1 3.02 | a-0.0532 c2.1163 ent0.0206 VRAM 23MB
Ep 1850 | M0_PDR 0.689 | M1_PDR 0.646 | H_m0 1.96 H_m1 3.04 | a-0.0500 c1.7131 ent0.0198 VRAM 23MB
Ep 1900 | M0_PDR 0.684 | M1_PDR 0.637 | H_m0 1.92 H_m1 2.97 | a-0.0471 c2.4837 ent0.0190 VRAM 23MB
Ep 1950 | M0_PDR 0.692 | M1_PDR 0.665 | H_m0 1.98 H_m1 3.01 | a-0.0459 c1.7260 ent0.0181 VRAM 23MB
Ep 2000 | M0_PDR 0.743 | M1_PDR 0.620 | H_m0 1.83 H_m1 2.91 | a-0.0417 c1.4688 ent0.0173 VRAM 23MB
Ep 2050 | M0_PDR 0.737 | M1_PDR 0.646 | H_m0 1.86 H_m1 2.90 | a-0.0399 c1.6321 ent0.0165 VRAM 23MB
Ep 2100 | M0_PDR 0.697 | M1_PDR 0.616 | H_m0 1.79 H_m1 2.93 | a-0.0370 c2.4115 ent0.0157 VRAM 23MB
Ep 2150 | M0_PDR 0.737 | M1_PDR 0.652 | H_m0 1.79 H_m1 2.97 | a-0.0355 c2.0047 ent0.0149 VRAM 23MB
Ep 2200 | M0_PDR 0.713 | M1_PDR 0.620 | H_m0 1.79 H_m1 2.97 | a-0.0337 c2.4355 ent0.0141 VRAM 23MB
Ep 2250 | M0_PDR 0.723 | M1_PDR 0.617 | H_m0 1.73 H_m1 2.93 | a-0.0310 c1.7892 ent0.0132 VRAM 23MB
Ep 2300 | M0_PDR 0.744 | M1_PDR 0.637 | H_m0 1.68 H_m1 2.94 | a-0.0289 c1.8286 ent0.0124 VRAM 23MB
Ep 2350 | M0_PDR 0.745 | M1_PDR 0.642 | H_m0 1.63 H_m1 2.95 | a-0.0266 c1.7435 ent0.0116 VRAM 23MB
Ep 2400 | M0_PDR 0.743 | M1_PDR 0.601 | H_m0 1.57 H_m1 2.91 | a-0.0243 c2.0181 ent0.0108 VRAM 23MB
Ep 2450 | M0_PDR 0.767 | M1_PDR 0.638 | H_m0 1.53 H_m1 2.83 | a-0.0221 c1.6748 ent0.0100 VRAM 23MB
Ep 2500 | M0_PDR 0.752 | M1_PDR 0.606 | H_m0 1.53 H_m1 2.85 | a-0.0205 c1.9348 ent0.0092 VRAM 23MB
Ep 2550 | M0_PDR 0.798 | M1_PDR 0.680 | H_m0 1.45 H_m1 2.82 | a-0.0180 c1.4617 ent0.0083 VRAM 23MB
Ep 2600 | M0_PDR 0.791 | M1_PDR 0.644 | H_m0 1.46 H_m1 2.79 | a-0.0162 c2.2065 ent0.0075 VRAM 23MB
Ep 2650 | M0_PDR 0.800 | M1_PDR 0.608 | H_m0 1.35 H_m1 2.77 | a-0.0141 c1.6532 ent0.0067 VRAM 23MB
Ep 2700 | M0_PDR 0.778 | M1_PDR 0.615 | H_m0 1.35 H_m1 2.76 | a-0.0122 c3.0081 ent0.0059 VRAM 23MB
Ep 2750 | M0_PDR 0.757 | M1_PDR 0.655 | H_m0 1.39 H_m1 2.79 | a-0.0107 c2.2285 ent0.0051 VRAM 23MB
Ep 2800 | M0_PDR 0.775 | M1_PDR 0.668 | H_m0 1.34 H_m1 2.77 | a-0.0088 c1.8993 ent0.0043 VRAM 23MB
Ep 2850 | M0_PDR 0.798 | M1_PDR 0.623 | H_m0 1.27 H_m1 2.76 | a-0.0071 c1.8552 ent0.0034 VRAM 23MB
Ep 2900 | M0_PDR 0.774 | M1_PDR 0.621 | H_m0 1.29 H_m1 2.75 | a-0.0054 c2.1720 ent0.0026 VRAM 23MB
Ep 2950 | M0_PDR 0.767 | M1_PDR 0.668 | H_m0 1.26 H_m1 2.73 | a-0.0036 c2.2623 ent0.0018 VRAM 23MB

Training complete. Running 100 eval episodes...

  Eval ep   0: M0_PDR=0.838  M1_PDR=0.662
  Eval ep  20: M0_PDR=0.777  M1_PDR=0.681
  Eval ep  40: M0_PDR=0.792  M1_PDR=0.625
  Eval ep  60: M0_PDR=0.810  M1_PDR=0.625
  Eval ep  80: M0_PDR=0.788  M1_PDR=0.669

=== Eval Summary (100 episodes) ===
  M0_PDR_mean         : 0.7923
  M0_PDR_p05 (across) : 0.7594
  M0_PDR_p05 (intra)  : 0.2785
  M1_PDR_mean         : 0.6531
  M0_SINR_mean (dB)   : 26.51
  M1_SINR_mean (dB)   : 13.39
  M0_collision_rate   : 0.369
  M0_collision_within_pool : 0.166
  M1_collision_within_pool : 0.286

Result saved -> results/_A_N4_seed4.json
  N=4  rho=0.8  M0_PDR=0.792  M1_PDR=0.653
[NS3Bridge] Shutdown complete.
Run complete.
