[seed] all RNGs seeded with 2
GPU : NVIDIA GeForce RTX 3060
VRAM: 12.9 GB
Device          : cuda:0
Actor M0 params : 21,273
Actor M1 params : 21,273
Critic params   : 79,361
obs_dim=11  action_dim=25  gs_dim=49
M0 count: 2  M1 count: 2
Training for 5000 episodes (Config A_N4_delta10_seed2, N=4)...

[NS3Bridge] Connected tcp://localhost:6046
Ep    0 | M0_PDR 0.666 | M1_PDR 0.667 | H_m0 3.22 H_m1 3.22 | a-0.1652 c91.6383 ent0.0500 VRAM 23MB
Ep   50 | M0_PDR 0.678 | M1_PDR 0.650 | H_m0 3.20 H_m1 3.20 | a-0.1590 c37.4895 ent0.0495 VRAM 23MB
Ep  100 | M0_PDR 0.642 | M1_PDR 0.676 | H_m0 3.19 H_m1 3.20 | a-0.1574 c21.1911 ent0.0490 VRAM 23MB
Ep  150 | M0_PDR 0.650 | M1_PDR 0.685 | H_m0 3.20 H_m1 3.17 | a-0.1558 c12.5076 ent0.0485 VRAM 23MB
Ep  200 | M0_PDR 0.626 | M1_PDR 0.695 | H_m0 3.14 H_m1 3.09 | a-0.1515 c5.9180 ent0.0480 VRAM 23MB
Ep  250 | M0_PDR 0.635 | M1_PDR 0.702 | H_m0 3.18 H_m1 3.12 | a-0.1512 c3.4128 ent0.0475 VRAM 23MB
Ep  300 | M0_PDR 0.647 | M1_PDR 0.695 | H_m0 3.12 H_m1 3.06 | a-0.1467 c3.9041 ent0.0471 VRAM 23MB
Ep  350 | M0_PDR 0.684 | M1_PDR 0.708 | H_m0 3.04 H_m1 2.96 | a-0.1407 c3.1858 ent0.0466 VRAM 23MB
Ep  400 | M0_PDR 0.665 | M1_PDR 0.694 | H_m0 2.96 H_m1 3.08 | a-0.1405 c3.4484 ent0.0461 VRAM 23MB
Ep  450 | M0_PDR 0.638 | M1_PDR 0.614 | H_m0 3.04 H_m1 3.14 | a-0.1415 c3.1955 ent0.0456 VRAM 23MB
Ep  500 | M0_PDR 0.681 | M1_PDR 0.683 | H_m0 2.88 H_m1 3.03 | a-0.1345 c2.4575 ent0.0451 VRAM 23MB
Ep  550 | M0_PDR 0.672 | M1_PDR 0.633 | H_m0 2.89 H_m1 2.97 | a-0.1317 c2.2641 ent0.0446 VRAM 23MB
Ep  600 | M0_PDR 0.679 | M1_PDR 0.677 | H_m0 2.98 H_m1 2.94 | a-0.1321 c2.3435 ent0.0441 VRAM 23MB
Ep  650 | M0_PDR 0.650 | M1_PDR 0.664 | H_m0 2.94 H_m1 3.05 | a-0.1333 c3.0933 ent0.0436 VRAM 23MB
Ep  700 | M0_PDR 0.694 | M1_PDR 0.655 | H_m0 2.97 H_m1 3.03 | a-0.1304 c3.3135 ent0.0431 VRAM 23MB
Ep  750 | M0_PDR 0.633 | M1_PDR 0.652 | H_m0 3.11 H_m1 2.98 | a-0.1307 c3.2153 ent0.0426 VRAM 23MB
Ep  800 | M0_PDR 0.648 | M1_PDR 0.665 | H_m0 3.01 H_m1 2.98 | a-0.1272 c2.1905 ent0.0422 VRAM 23MB
Ep  850 | M0_PDR 0.652 | M1_PDR 0.637 | H_m0 2.83 H_m1 2.93 | a-0.1215 c2.0997 ent0.0417 VRAM 23MB
Ep  900 | M0_PDR 0.706 | M1_PDR 0.653 | H_m0 2.52 H_m1 2.96 | a-0.1142 c2.6551 ent0.0412 VRAM 23MB
Ep  950 | M0_PDR 0.755 | M1_PDR 0.745 | H_m0 1.87 H_m1 2.57 | a-0.0956 c3.3031 ent0.0407 VRAM 23MB
Ep 1000 | M0_PDR 0.960 | M1_PDR 0.790 | H_m0 0.42 H_m1 2.16 | a-0.0519 c2.2454 ent0.0402 VRAM 23MB
Ep 1050 | M0_PDR 0.979 | M1_PDR 0.775 | H_m0 0.57 H_m1 2.37 | a-0.0621 c1.4947 ent0.0397 VRAM 23MB
Ep 1100 | M0_PDR 0.985 | M1_PDR 0.813 | H_m0 0.56 H_m1 2.01 | a-0.0546 c0.6412 ent0.0392 VRAM 23MB
Ep 1150 | M0_PDR 0.985 | M1_PDR 0.778 | H_m0 0.52 H_m1 2.03 | a-0.0492 c0.9870 ent0.0387 VRAM 23MB
Ep 1200 | M0_PDR 0.995 | M1_PDR 0.767 | H_m0 0.56 H_m1 1.76 | a-0.0449 c2.1209 ent0.0382 VRAM 23MB
Ep 1250 | M0_PDR 0.985 | M1_PDR 0.784 | H_m0 0.55 H_m1 1.97 | a-0.0490 c0.8091 ent0.0377 VRAM 23MB
Ep 1300 | M0_PDR 0.993 | M1_PDR 0.837 | H_m0 0.53 H_m1 1.88 | a-0.0460 c0.8811 ent0.0373 VRAM 23MB
Ep 1350 | M0_PDR 0.986 | M1_PDR 0.804 | H_m0 0.53 H_m1 2.16 | a-0.0497 c0.7570 ent0.0368 VRAM 23MB
Ep 1400 | M0_PDR 0.988 | M1_PDR 0.816 | H_m0 0.56 H_m1 2.04 | a-0.0473 c1.0628 ent0.0363 VRAM 23MB
Ep 1450 | M0_PDR 0.990 | M1_PDR 0.810 | H_m0 0.54 H_m1 2.19 | a-0.0490 c2.1032 ent0.0358 VRAM 23MB
Ep 1500 | M0_PDR 0.991 | M1_PDR 0.791 | H_m0 0.47 H_m1 2.19 | a-0.0472 c0.7539 ent0.0353 VRAM 23MB
Ep 1550 | M0_PDR 0.988 | M1_PDR 0.808 | H_m0 0.51 H_m1 2.27 | a-0.0504 c0.7987 ent0.0348 VRAM 23MB
Ep 1600 | M0_PDR 0.984 | M1_PDR 0.780 | H_m0 0.54 H_m1 2.29 | a-0.0493 c0.8573 ent0.0343 VRAM 23MB
Ep 1650 | M0_PDR 0.982 | M1_PDR 0.781 | H_m0 0.53 H_m1 2.30 | a-0.0500 c0.9044 ent0.0338 VRAM 23MB
Ep 1700 | M0_PDR 0.943 | M1_PDR 0.807 | H_m0 0.55 H_m1 2.20 | a-0.0483 c1.0781 ent0.0333 VRAM 23MB
Ep 1750 | M0_PDR 0.965 | M1_PDR 0.791 | H_m0 0.55 H_m1 2.23 | a-0.0457 c2.1169 ent0.0328 VRAM 23MB
Ep 1800 | M0_PDR 0.951 | M1_PDR 0.809 | H_m0 0.53 H_m1 2.04 | a-0.0444 c1.9610 ent0.0324 VRAM 23MB
Ep 1850 | M0_PDR 0.985 | M1_PDR 0.775 | H_m0 0.56 H_m1 2.07 | a-0.0420 c0.9005 ent0.0319 VRAM 23MB
Ep 1900 | M0_PDR 0.958 | M1_PDR 0.781 | H_m0 0.58 H_m1 2.27 | a-0.0446 c0.9908 ent0.0314 VRAM 23MB
Ep 1950 | M0_PDR 0.956 | M1_PDR 0.792 | H_m0 0.52 H_m1 2.38 | a-0.0454 c1.1758 ent0.0309 VRAM 23MB
Ep 2000 | M0_PDR 0.975 | M1_PDR 0.802 | H_m0 0.58 H_m1 2.35 | a-0.0447 c0.7420 ent0.0304 VRAM 23MB
Ep 2050 | M0_PDR 0.990 | M1_PDR 0.796 | H_m0 0.58 H_m1 2.18 | a-0.0424 c0.6362 ent0.0299 VRAM 23MB
Ep 2100 | M0_PDR 0.977 | M1_PDR 0.810 | H_m0 0.60 H_m1 2.12 | a-0.0407 c0.7858 ent0.0294 VRAM 23MB
Ep 2150 | M0_PDR 0.975 | M1_PDR 0.807 | H_m0 0.59 H_m1 2.16 | a-0.0403 c1.0521 ent0.0289 VRAM 23MB
Ep 2200 | M0_PDR 0.983 | M1_PDR 0.788 | H_m0 0.67 H_m1 2.05 | a-0.0403 c0.9136 ent0.0284 VRAM 23MB
Ep 2250 | M0_PDR 0.990 | M1_PDR 0.843 | H_m0 0.68 H_m1 1.97 | a-0.0377 c0.9856 ent0.0279 VRAM 23MB
Ep 2300 | M0_PDR 0.980 | M1_PDR 0.815 | H_m0 0.51 H_m1 2.02 | a-0.0348 c0.7549 ent0.0275 VRAM 23MB
Ep 2350 | M0_PDR 0.966 | M1_PDR 0.792 | H_m0 0.63 H_m1 2.19 | a-0.0383 c0.7730 ent0.0270 VRAM 23MB
Ep 2400 | M0_PDR 0.965 | M1_PDR 0.781 | H_m0 0.69 H_m1 2.19 | a-0.0389 c0.7711 ent0.0265 VRAM 23MB
Ep 2450 | M0_PDR 0.971 | M1_PDR 0.810 | H_m0 0.63 H_m1 2.15 | a-0.0363 c1.2000 ent0.0260 VRAM 23MB
Ep 2500 | M0_PDR 0.970 | M1_PDR 0.792 | H_m0 0.62 H_m1 2.24 | a-0.0362 c0.9152 ent0.0255 VRAM 23MB
Ep 2550 | M0_PDR 0.975 | M1_PDR 0.773 | H_m0 0.65 H_m1 2.23 | a-0.0370 c1.1580 ent0.0250 VRAM 23MB
Ep 2600 | M0_PDR 0.978 | M1_PDR 0.790 | H_m0 0.65 H_m1 2.00 | a-0.0332 c1.2066 ent0.0245 VRAM 23MB
Ep 2650 | M0_PDR 0.980 | M1_PDR 0.794 | H_m0 0.64 H_m1 2.02 | a-0.0330 c0.8232 ent0.0240 VRAM 23MB
Ep 2700 | M0_PDR 0.975 | M1_PDR 0.793 | H_m0 0.65 H_m1 2.09 | a-0.0338 c1.0233 ent0.0235 VRAM 23MB
Ep 2750 | M0_PDR 0.987 | M1_PDR 0.812 | H_m0 0.67 H_m1 2.03 | a-0.0320 c0.6771 ent0.0230 VRAM 23MB
Ep 2800 | M0_PDR 0.980 | M1_PDR 0.770 | H_m0 0.65 H_m1 2.01 | a-0.0307 c1.0526 ent0.0226 VRAM 23MB
Ep 2850 | M0_PDR 0.968 | M1_PDR 0.802 | H_m0 0.63 H_m1 1.94 | a-0.0288 c0.9151 ent0.0221 VRAM 23MB
Ep 2900 | M0_PDR 0.973 | M1_PDR 0.776 | H_m0 0.63 H_m1 1.91 | a-0.0274 c0.8477 ent0.0216 VRAM 23MB
Ep 2950 | M0_PDR 0.985 | M1_PDR 0.776 | H_m0 0.64 H_m1 1.84 | a-0.0268 c1.0003 ent0.0211 VRAM 23MB
Ep 3000 | M0_PDR 0.988 | M1_PDR 0.792 | H_m0 0.66 H_m1 1.80 | a-0.0262 c0.9136 ent0.0206 VRAM 23MB
Ep 3050 | M0_PDR 0.979 | M1_PDR 0.781 | H_m0 0.67 H_m1 1.79 | a-0.0250 c0.8699 ent0.0201 VRAM 23MB
Ep 3100 | M0_PDR 0.983 | M1_PDR 0.778 | H_m0 0.66 H_m1 1.80 | a-0.0242 c0.9692 ent0.0196 VRAM 23MB
Ep 3150 | M0_PDR 0.967 | M1_PDR 0.848 | H_m0 0.66 H_m1 1.69 | a-0.0227 c0.7466 ent0.0191 VRAM 23MB
Ep 3200 | M0_PDR 0.980 | M1_PDR 0.803 | H_m0 0.67 H_m1 1.77 | a-0.0232 c0.8385 ent0.0186 VRAM 23MB
Ep 3250 | M0_PDR 0.990 | M1_PDR 0.790 | H_m0 0.66 H_m1 1.79 | a-0.0225 c0.9427 ent0.0181 VRAM 23MB
Ep 3300 | M0_PDR 0.984 | M1_PDR 0.830 | H_m0 0.65 H_m1 1.79 | a-0.0217 c0.8305 ent0.0177 VRAM 23MB
Ep 3350 | M0_PDR 0.967 | M1_PDR 0.796 | H_m0 0.64 H_m1 1.85 | a-0.0219 c0.6659 ent0.0172 VRAM 23MB
Ep 3400 | M0_PDR 0.962 | M1_PDR 0.801 | H_m0 0.62 H_m1 1.78 | a-0.0205 c1.1368 ent0.0167 VRAM 23MB
Ep 3450 | M0_PDR 0.984 | M1_PDR 0.776 | H_m0 0.60 H_m1 1.71 | a-0.0190 c0.8217 ent0.0162 VRAM 23MB
Ep 3500 | M0_PDR 0.978 | M1_PDR 0.821 | H_m0 0.59 H_m1 1.62 | a-0.0178 c0.6215 ent0.0157 VRAM 23MB
Ep 3550 | M0_PDR 0.990 | M1_PDR 0.822 | H_m0 0.55 H_m1 1.66 | a-0.0172 c0.7562 ent0.0152 VRAM 23MB
Ep 3600 | M0_PDR 0.995 | M1_PDR 0.783 | H_m0 0.48 H_m1 1.64 | a-0.0157 c0.7696 ent0.0147 VRAM 23MB
Ep 3650 | M0_PDR 0.990 | M1_PDR 0.803 | H_m0 0.55 H_m1 1.72 | a-0.0164 c0.7101 ent0.0142 VRAM 23MB
Ep 3700 | M0_PDR 0.994 | M1_PDR 0.809 | H_m0 0.60 H_m1 1.71 | a-0.0161 c0.6971 ent0.0137 VRAM 23MB
Ep 3750 | M0_PDR 0.970 | M1_PDR 0.839 | H_m0 0.61 H_m1 1.72 | a-0.0155 c1.0502 ent0.0132 VRAM 23MB
Ep 3800 | M0_PDR 0.993 | M1_PDR 0.791 | H_m0 0.60 H_m1 1.77 | a-0.0150 c0.7976 ent0.0128 VRAM 23MB
Ep 3850 | M0_PDR 0.998 | M1_PDR 0.800 | H_m0 0.60 H_m1 1.74 | a-0.0146 c0.7515 ent0.0123 VRAM 23MB
Ep 3900 | M0_PDR 0.985 | M1_PDR 0.845 | H_m0 0.60 H_m1 1.69 | a-0.0138 c0.8709 ent0.0118 VRAM 23MB
Ep 3950 | M0_PDR 0.994 | M1_PDR 0.835 | H_m0 0.61 H_m1 1.65 | a-0.0129 c0.7188 ent0.0113 VRAM 23MB
Ep 4000 | M0_PDR 0.995 | M1_PDR 0.789 | H_m0 0.62 H_m1 1.68 | a-0.0125 c0.8962 ent0.0108 VRAM 23MB
Ep 4050 | M0_PDR 0.981 | M1_PDR 0.792 | H_m0 0.62 H_m1 1.64 | a-0.0118 c0.6656 ent0.0103 VRAM 23MB
Ep 4100 | M0_PDR 0.986 | M1_PDR 0.794 | H_m0 0.61 H_m1 1.64 | a-0.0114 c0.6899 ent0.0098 VRAM 23MB
Ep 4150 | M0_PDR 0.980 | M1_PDR 0.821 | H_m0 0.61 H_m1 1.65 | a-0.0108 c0.6975 ent0.0093 VRAM 23MB
Ep 4200 | M0_PDR 0.981 | M1_PDR 0.780 | H_m0 0.62 H_m1 1.68 | a-0.0103 c0.9359 ent0.0088 VRAM 23MB
Ep 4250 | M0_PDR 0.991 | M1_PDR 0.797 | H_m0 0.62 H_m1 1.64 | a-0.0096 c1.1125 ent0.0083 VRAM 23MB
Ep 4300 | M0_PDR 0.993 | M1_PDR 0.797 | H_m0 0.61 H_m1 1.64 | a-0.0090 c0.6996 ent0.0079 VRAM 23MB
Ep 4350 | M0_PDR 0.983 | M1_PDR 0.788 | H_m0 0.62 H_m1 1.65 | a-0.0085 c0.8602 ent0.0074 VRAM 23MB
Ep 4400 | M0_PDR 0.995 | M1_PDR 0.810 | H_m0 0.62 H_m1 1.60 | a-0.0078 c0.5671 ent0.0069 VRAM 23MB
Ep 4450 | M0_PDR 0.990 | M1_PDR 0.829 | H_m0 0.62 H_m1 1.57 | a-0.0071 c0.6845 ent0.0064 VRAM 23MB
Ep 4500 | M0_PDR 0.998 | M1_PDR 0.854 | H_m0 0.61 H_m1 1.54 | a-0.0064 c0.7166 ent0.0059 VRAM 23MB
Ep 4550 | M0_PDR 0.995 | M1_PDR 0.812 | H_m0 0.61 H_m1 1.56 | a-0.0060 c0.8118 ent0.0054 VRAM 23MB
Ep 4600 | M0_PDR 0.993 | M1_PDR 0.811 | H_m0 0.61 H_m1 1.55 | a-0.0053 c0.9278 ent0.0049 VRAM 23MB
Ep 4650 | M0_PDR 0.991 | M1_PDR 0.788 | H_m0 0.61 H_m1 1.55 | a-0.0049 c0.7372 ent0.0044 VRAM 23MB
Ep 4700 | M0_PDR 0.985 | M1_PDR 0.819 | H_m0 0.62 H_m1 1.52 | a-0.0043 c0.8419 ent0.0039 VRAM 23MB
Ep 4750 | M0_PDR 0.995 | M1_PDR 0.819 | H_m0 0.61 H_m1 1.50 | a-0.0037 c0.7029 ent0.0034 VRAM 23MB
Ep 4800 | M0_PDR 0.995 | M1_PDR 0.819 | H_m0 0.60 H_m1 1.50 | a-0.0031 c0.7271 ent0.0030 VRAM 23MB
Ep 4850 | M0_PDR 0.990 | M1_PDR 0.789 | H_m0 0.60 H_m1 1.50 | a-0.0026 c0.6595 ent0.0025 VRAM 23MB
Ep 4900 | M0_PDR 0.995 | M1_PDR 0.774 | H_m0 0.60 H_m1 1.49 | a-0.0021 c0.8265 ent0.0020 VRAM 23MB
Ep 4950 | M0_PDR 0.995 | M1_PDR 0.826 | H_m0 0.59 H_m1 1.47 | a-0.0016 c0.8789 ent0.0015 VRAM 23MB

Training complete. Running 100 eval episodes...

  Eval ep   0: M0_PDR=0.990  M1_PDR=0.822
  Eval ep  20: M0_PDR=0.997  M1_PDR=0.788
  Eval ep  40: M0_PDR=0.995  M1_PDR=0.793
  Eval ep  60: M0_PDR=0.997  M1_PDR=0.804
  Eval ep  80: M0_PDR=0.993  M1_PDR=0.831

=== Eval Summary (100 episodes) ===
  M0_PDR_mean         : 0.9919
  M0_PDR_p05 (across) : 0.9850
  M0_PDR_p05 (intra)  : 1.0000
  M1_PDR_mean         : 0.8001
  M0_SINR_mean (dB)   : 43.90
  M1_SINR_mean (dB)   : 26.53
  M0_collision_rate   : 0.010
  M0_collision_within_pool : 0.000
  M1_collision_within_pool : 0.329

Result saved -> results/_A_N4_delta10_seed2.json
  N=4  rho=0.8  M0_PDR=0.992  M1_PDR=0.800
[NS3Bridge] Shutdown complete.
Run complete.
