[seed] all RNGs seeded with 6
GPU : NVIDIA GeForce RTX 3060
VRAM: 12.9 GB
Device          : cuda:0
Actor M0 params : 21,273
Actor M1 params : 21,273
Critic params   : 79,361
obs_dim=11  action_dim=25  gs_dim=49
M0 count: 2  M1 count: 2
Training for 5000 episodes (Config A_N4_seed6_5000ep_gaefix, N=4)...

[NS3Bridge] Connected tcp://localhost:7006
Ep    0 | M0_PDR 0.668 | M1_PDR 0.667 | H_m0 3.21 H_m1 3.21 | a-0.1670 c82.0686 ent0.0500 VRAM 23MB
Ep   50 | M0_PDR 0.670 | M1_PDR 0.576 | H_m0 3.19 H_m1 3.20 | a-0.1593 c53.7348 ent0.0495 VRAM 23MB
Ep  100 | M0_PDR 0.663 | M1_PDR 0.673 | H_m0 3.19 H_m1 3.17 | a-0.1579 c39.5981 ent0.0490 VRAM 23MB
Ep  150 | M0_PDR 0.610 | M1_PDR 0.634 | H_m0 3.19 H_m1 3.21 | a-0.1562 c33.7959 ent0.0485 VRAM 23MB
Ep  200 | M0_PDR 0.676 | M1_PDR 0.612 | H_m0 3.18 H_m1 3.21 | a-0.1548 c40.9212 ent0.0480 VRAM 23MB
Ep  250 | M0_PDR 0.657 | M1_PDR 0.687 | H_m0 3.19 H_m1 3.18 | a-0.1526 c38.2747 ent0.0475 VRAM 23MB
Ep  300 | M0_PDR 0.631 | M1_PDR 0.637 | H_m0 3.21 H_m1 3.20 | a-0.1511 c35.5616 ent0.0471 VRAM 23MB
Ep  350 | M0_PDR 0.658 | M1_PDR 0.615 | H_m0 3.19 H_m1 3.20 | a-0.1495 c38.0771 ent0.0466 VRAM 23MB
Ep  400 | M0_PDR 0.654 | M1_PDR 0.681 | H_m0 3.18 H_m1 3.20 | a-0.1475 c37.0827 ent0.0461 VRAM 23MB
Ep  450 | M0_PDR 0.633 | M1_PDR 0.650 | H_m0 3.19 H_m1 3.21 | a-0.1466 c35.5617 ent0.0456 VRAM 23MB
Ep  500 | M0_PDR 0.634 | M1_PDR 0.607 | H_m0 3.18 H_m1 3.21 | a-0.1449 c38.0972 ent0.0451 VRAM 23MB
Ep  550 | M0_PDR 0.615 | M1_PDR 0.690 | H_m0 3.20 H_m1 3.22 | a-0.1435 c33.4744 ent0.0446 VRAM 23MB
Ep  600 | M0_PDR 0.678 | M1_PDR 0.672 | H_m0 3.19 H_m1 3.21 | a-0.1421 c38.9350 ent0.0441 VRAM 23MB
Ep  650 | M0_PDR 0.671 | M1_PDR 0.629 | H_m0 3.20 H_m1 3.21 | a-0.1401 c40.3664 ent0.0436 VRAM 23MB
Ep  700 | M0_PDR 0.655 | M1_PDR 0.655 | H_m0 3.19 H_m1 3.21 | a-0.1388 c37.0041 ent0.0431 VRAM 23MB
Ep  750 | M0_PDR 0.699 | M1_PDR 0.666 | H_m0 3.16 H_m1 3.20 | a-0.1368 c41.3688 ent0.0426 VRAM 23MB
Ep  800 | M0_PDR 0.676 | M1_PDR 0.641 | H_m0 3.15 H_m1 3.21 | a-0.1349 c40.1164 ent0.0422 VRAM 23MB
Ep  850 | M0_PDR 0.662 | M1_PDR 0.637 | H_m0 3.16 H_m1 3.21 | a-0.1335 c39.4888 ent0.0417 VRAM 23MB
Ep  900 | M0_PDR 0.637 | M1_PDR 0.679 | H_m0 3.19 H_m1 3.21 | a-0.1318 c35.6864 ent0.0412 VRAM 23MB
Ep  950 | M0_PDR 0.672 | M1_PDR 0.682 | H_m0 3.19 H_m1 3.21 | a-0.1304 c38.9151 ent0.0407 VRAM 23MB
Ep 1000 | M0_PDR 0.677 | M1_PDR 0.626 | H_m0 3.17 H_m1 3.21 | a-0.1287 c40.1136 ent0.0402 VRAM 23MB
Ep 1050 | M0_PDR 0.688 | M1_PDR 0.683 | H_m0 3.14 H_m1 3.21 | a-0.1267 c41.0543 ent0.0397 VRAM 23MB
Ep 1100 | M0_PDR 0.679 | M1_PDR 0.619 | H_m0 3.09 H_m1 3.21 | a-0.1245 c39.6496 ent0.0392 VRAM 23MB
Ep 1150 | M0_PDR 0.720 | M1_PDR 0.637 | H_m0 3.08 H_m1 3.19 | a-0.1223 c45.8585 ent0.0387 VRAM 23MB
Ep 1200 | M0_PDR 0.646 | M1_PDR 0.680 | H_m0 3.12 H_m1 3.19 | a-0.1215 c36.5001 ent0.0382 VRAM 23MB
Ep 1250 | M0_PDR 0.647 | M1_PDR 0.667 | H_m0 3.16 H_m1 3.21 | a-0.1209 c37.2281 ent0.0377 VRAM 23MB
Ep 1300 | M0_PDR 0.645 | M1_PDR 0.686 | H_m0 3.18 H_m1 3.20 | a-0.1195 c36.4592 ent0.0373 VRAM 23MB
Ep 1350 | M0_PDR 0.657 | M1_PDR 0.674 | H_m0 3.17 H_m1 3.19 | a-0.1179 c38.1671 ent0.0368 VRAM 23MB
Ep 1400 | M0_PDR 0.685 | M1_PDR 0.678 | H_m0 3.18 H_m1 3.19 | a-0.1160 c40.8441 ent0.0363 VRAM 23MB
Ep 1450 | M0_PDR 0.686 | M1_PDR 0.673 | H_m0 3.17 H_m1 3.18 | a-0.1146 c39.4796 ent0.0358 VRAM 23MB
Ep 1500 | M0_PDR 0.694 | M1_PDR 0.629 | H_m0 3.17 H_m1 3.19 | a-0.1128 c42.7684 ent0.0353 VRAM 23MB
Ep 1550 | M0_PDR 0.668 | M1_PDR 0.630 | H_m0 3.19 H_m1 3.13 | a-0.1104 c39.0806 ent0.0348 VRAM 23MB
Ep 1600 | M0_PDR 0.651 | M1_PDR 0.655 | H_m0 3.17 H_m1 3.18 | a-0.1095 c37.7413 ent0.0343 VRAM 23MB
Ep 1650 | M0_PDR 0.640 | M1_PDR 0.678 | H_m0 3.16 H_m1 3.20 | a-0.1081 c36.8850 ent0.0338 VRAM 23MB
Ep 1700 | M0_PDR 0.662 | M1_PDR 0.637 | H_m0 3.16 H_m1 3.19 | a-0.1070 c39.3078 ent0.0333 VRAM 23MB
Ep 1750 | M0_PDR 0.675 | M1_PDR 0.619 | H_m0 3.17 H_m1 3.20 | a-0.1050 c40.8349 ent0.0328 VRAM 23MB
Ep 1800 | M0_PDR 0.661 | M1_PDR 0.607 | H_m0 3.17 H_m1 3.20 | a-0.1039 c39.0439 ent0.0324 VRAM 23MB
Ep 1850 | M0_PDR 0.635 | M1_PDR 0.618 | H_m0 3.16 H_m1 3.16 | a-0.1013 c36.3467 ent0.0319 VRAM 23MB
Ep 1900 | M0_PDR 0.677 | M1_PDR 0.677 | H_m0 3.13 H_m1 3.20 | a-0.1002 c41.1121 ent0.0314 VRAM 23MB
Ep 1950 | M0_PDR 0.692 | M1_PDR 0.646 | H_m0 2.98 H_m1 3.20 | a-0.0961 c42.1717 ent0.0309 VRAM 23MB
Ep 2000 | M0_PDR 0.660 | M1_PDR 0.654 | H_m0 3.10 H_m1 3.21 | a-0.0964 c37.5413 ent0.0304 VRAM 23MB
Ep 2050 | M0_PDR 0.692 | M1_PDR 0.663 | H_m0 3.11 H_m1 3.19 | a-0.0946 c42.0859 ent0.0299 VRAM 23MB
Ep 2100 | M0_PDR 0.669 | M1_PDR 0.681 | H_m0 3.15 H_m1 3.19 | a-0.0933 c37.9843 ent0.0294 VRAM 23MB
Ep 2150 | M0_PDR 0.668 | M1_PDR 0.628 | H_m0 3.12 H_m1 3.21 | a-0.0920 c39.2524 ent0.0289 VRAM 23MB
Ep 2200 | M0_PDR 0.655 | M1_PDR 0.641 | H_m0 3.12 H_m1 3.20 | a-0.0906 c37.9448 ent0.0284 VRAM 23MB
Ep 2250 | M0_PDR 0.680 | M1_PDR 0.666 | H_m0 3.13 H_m1 3.19 | a-0.0888 c40.3042 ent0.0279 VRAM 23MB
Ep 2300 | M0_PDR 0.691 | M1_PDR 0.662 | H_m0 3.14 H_m1 3.20 | a-0.0872 c43.1919 ent0.0275 VRAM 23MB
Ep 2350 | M0_PDR 0.698 | M1_PDR 0.645 | H_m0 3.09 H_m1 3.20 | a-0.0850 c43.4132 ent0.0270 VRAM 23MB
Ep 2400 | M0_PDR 0.685 | M1_PDR 0.623 | H_m0 3.07 H_m1 3.20 | a-0.0836 c41.0762 ent0.0265 VRAM 23MB
Ep 2450 | M0_PDR 0.718 | M1_PDR 0.620 | H_m0 3.06 H_m1 3.20 | a-0.0818 c46.0606 ent0.0260 VRAM 23MB
Ep 2500 | M0_PDR 0.690 | M1_PDR 0.643 | H_m0 3.10 H_m1 3.21 | a-0.0807 c41.4167 ent0.0255 VRAM 23MB
Ep 2550 | M0_PDR 0.662 | M1_PDR 0.638 | H_m0 3.13 H_m1 3.21 | a-0.0795 c40.9711 ent0.0250 VRAM 23MB
Ep 2600 | M0_PDR 0.717 | M1_PDR 0.640 | H_m0 3.08 H_m1 3.21 | a-0.0774 c44.6220 ent0.0245 VRAM 23MB
Ep 2650 | M0_PDR 0.667 | M1_PDR 0.655 | H_m0 3.11 H_m1 3.21 | a-0.0761 c38.6233 ent0.0240 VRAM 23MB
Ep 2700 | M0_PDR 0.650 | M1_PDR 0.658 | H_m0 3.08 H_m1 3.21 | a-0.0742 c37.2846 ent0.0235 VRAM 23MB
Ep 2750 | M0_PDR 0.679 | M1_PDR 0.646 | H_m0 3.12 H_m1 3.21 | a-0.0731 c40.8011 ent0.0230 VRAM 23MB
Ep 2800 | M0_PDR 0.701 | M1_PDR 0.642 | H_m0 3.10 H_m1 3.21 | a-0.0714 c41.8616 ent0.0226 VRAM 23MB
Ep 2850 | M0_PDR 0.695 | M1_PDR 0.604 | H_m0 3.06 H_m1 3.21 | a-0.0693 c42.3812 ent0.0221 VRAM 23MB
Ep 2900 | M0_PDR 0.709 | M1_PDR 0.656 | H_m0 3.08 H_m1 3.21 | a-0.0682 c42.9640 ent0.0216 VRAM 23MB
Ep 2950 | M0_PDR 0.699 | M1_PDR 0.685 | H_m0 3.09 H_m1 3.21 | a-0.0666 c43.2258 ent0.0211 VRAM 23MB
Ep 3000 | M0_PDR 0.681 | M1_PDR 0.675 | H_m0 3.08 H_m1 3.21 | a-0.0649 c39.4584 ent0.0206 VRAM 23MB
Ep 3050 | M0_PDR 0.683 | M1_PDR 0.716 | H_m0 3.07 H_m1 3.21 | a-0.0633 c38.4799 ent0.0201 VRAM 23MB
Ep 3100 | M0_PDR 0.690 | M1_PDR 0.640 | H_m0 3.08 H_m1 3.21 | a-0.0620 c41.5754 ent0.0196 VRAM 23MB
Ep 3150 | M0_PDR 0.704 | M1_PDR 0.623 | H_m0 3.07 H_m1 3.21 | a-0.0602 c43.2564 ent0.0191 VRAM 23MB
Ep 3200 | M0_PDR 0.665 | M1_PDR 0.606 | H_m0 3.06 H_m1 3.20 | a-0.0586 c39.3387 ent0.0186 VRAM 23MB
Ep 3250 | M0_PDR 0.688 | M1_PDR 0.653 | H_m0 3.02 H_m1 3.21 | a-0.0568 c41.2274 ent0.0181 VRAM 23MB
Ep 3300 | M0_PDR 0.673 | M1_PDR 0.611 | H_m0 3.04 H_m1 3.21 | a-0.0553 c40.2168 ent0.0177 VRAM 23MB
Ep 3350 | M0_PDR 0.687 | M1_PDR 0.637 | H_m0 3.01 H_m1 3.21 | a-0.0535 c41.3272 ent0.0172 VRAM 23MB
Ep 3400 | M0_PDR 0.707 | M1_PDR 0.684 | H_m0 3.01 H_m1 3.21 | a-0.0521 c42.2149 ent0.0167 VRAM 23MB
Ep 3450 | M0_PDR 0.726 | M1_PDR 0.675 | H_m0 2.99 H_m1 3.21 | a-0.0503 c45.1784 ent0.0162 VRAM 23MB
Ep 3500 | M0_PDR 0.713 | M1_PDR 0.581 | H_m0 2.99 H_m1 3.21 | a-0.0487 c45.0738 ent0.0157 VRAM 23MB
Ep 3550 | M0_PDR 0.731 | M1_PDR 0.675 | H_m0 2.98 H_m1 3.21 | a-0.0471 c44.9555 ent0.0152 VRAM 23MB
Ep 3600 | M0_PDR 0.646 | M1_PDR 0.670 | H_m0 3.02 H_m1 3.21 | a-0.0460 c36.7626 ent0.0147 VRAM 23MB
Ep 3650 | M0_PDR 0.690 | M1_PDR 0.587 | H_m0 3.02 H_m1 3.21 | a-0.0444 c42.6578 ent0.0142 VRAM 23MB
Ep 3700 | M0_PDR 0.680 | M1_PDR 0.604 | H_m0 2.98 H_m1 3.21 | a-0.0427 c41.7179 ent0.0137 VRAM 23MB
Ep 3750 | M0_PDR 0.689 | M1_PDR 0.630 | H_m0 2.99 H_m1 3.21 | a-0.0412 c42.0554 ent0.0132 VRAM 23MB
Ep 3800 | M0_PDR 0.708 | M1_PDR 0.621 | H_m0 2.98 H_m1 3.21 | a-0.0397 c43.9748 ent0.0128 VRAM 23MB
Ep 3850 | M0_PDR 0.655 | M1_PDR 0.644 | H_m0 2.97 H_m1 3.21 | a-0.0380 c38.8356 ent0.0123 VRAM 23MB
Ep 3900 | M0_PDR 0.717 | M1_PDR 0.642 | H_m0 2.94 H_m1 3.21 | a-0.0363 c44.3578 ent0.0118 VRAM 23MB
Ep 3950 | M0_PDR 0.670 | M1_PDR 0.637 | H_m0 2.94 H_m1 3.21 | a-0.0348 c39.7896 ent0.0113 VRAM 23MB
Ep 4000 | M0_PDR 0.695 | M1_PDR 0.666 | H_m0 2.92 H_m1 3.21 | a-0.0332 c43.2393 ent0.0108 VRAM 23MB
Ep 4050 | M0_PDR 0.668 | M1_PDR 0.625 | H_m0 2.92 H_m1 3.21 | a-0.0317 c40.1399 ent0.0103 VRAM 23MB
Ep 4100 | M0_PDR 0.688 | M1_PDR 0.641 | H_m0 2.92 H_m1 3.21 | a-0.0301 c41.2356 ent0.0098 VRAM 23MB
Ep 4150 | M0_PDR 0.665 | M1_PDR 0.644 | H_m0 2.92 H_m1 3.21 | a-0.0287 c40.1090 ent0.0093 VRAM 23MB
Ep 4200 | M0_PDR 0.699 | M1_PDR 0.634 | H_m0 2.93 H_m1 3.21 | a-0.0272 c42.8257 ent0.0088 VRAM 23MB
Ep 4250 | M0_PDR 0.733 | M1_PDR 0.634 | H_m0 2.90 H_m1 3.21 | a-0.0255 c47.2161 ent0.0083 VRAM 23MB
Ep 4300 | M0_PDR 0.704 | M1_PDR 0.588 | H_m0 2.90 H_m1 3.21 | a-0.0240 c42.8149 ent0.0079 VRAM 23MB
Ep 4350 | M0_PDR 0.698 | M1_PDR 0.659 | H_m0 2.90 H_m1 3.21 | a-0.0225 c42.8526 ent0.0074 VRAM 23MB
Ep 4400 | M0_PDR 0.695 | M1_PDR 0.687 | H_m0 2.87 H_m1 3.21 | a-0.0209 c43.0891 ent0.0069 VRAM 23MB
Ep 4450 | M0_PDR 0.667 | M1_PDR 0.654 | H_m0 2.90 H_m1 3.21 | a-0.0195 c39.5779 ent0.0064 VRAM 23MB
Ep 4500 | M0_PDR 0.708 | M1_PDR 0.652 | H_m0 2.88 H_m1 3.21 | a-0.0180 c43.3253 ent0.0059 VRAM 23MB
Ep 4550 | M0_PDR 0.717 | M1_PDR 0.657 | H_m0 2.86 H_m1 3.21 | a-0.0164 c45.1494 ent0.0054 VRAM 23MB
Ep 4600 | M0_PDR 0.729 | M1_PDR 0.644 | H_m0 2.86 H_m1 3.21 | a-0.0149 c45.5962 ent0.0049 VRAM 23MB
Ep 4650 | M0_PDR 0.709 | M1_PDR 0.657 | H_m0 2.87 H_m1 3.21 | a-0.0135 c42.8309 ent0.0044 VRAM 23MB
Ep 4700 | M0_PDR 0.733 | M1_PDR 0.633 | H_m0 2.85 H_m1 3.21 | a-0.0120 c46.7834 ent0.0039 VRAM 23MB
Ep 4750 | M0_PDR 0.661 | M1_PDR 0.602 | H_m0 2.87 H_m1 3.21 | a-0.0105 c39.8159 ent0.0034 VRAM 23MB
Ep 4800 | M0_PDR 0.705 | M1_PDR 0.682 | H_m0 2.85 H_m1 3.21 | a-0.0090 c42.3825 ent0.0030 VRAM 23MB
Ep 4850 | M0_PDR 0.659 | M1_PDR 0.574 | H_m0 2.87 H_m1 3.21 | a-0.0075 c40.2174 ent0.0025 VRAM 23MB
Ep 4900 | M0_PDR 0.707 | M1_PDR 0.651 | H_m0 2.85 H_m1 3.21 | a-0.0060 c42.6323 ent0.0020 VRAM 23MB
Ep 4950 | M0_PDR 0.728 | M1_PDR 0.615 | H_m0 2.85 H_m1 3.21 | a-0.0045 c46.3558 ent0.0015 VRAM 23MB

Training complete. Running 100 eval episodes...

  Eval ep   0: M0_PDR=0.692  M1_PDR=0.626
  Eval ep  20: M0_PDR=0.689  M1_PDR=0.660
  Eval ep  40: M0_PDR=0.700  M1_PDR=0.645
  Eval ep  60: M0_PDR=0.710  M1_PDR=0.628
  Eval ep  80: M0_PDR=0.668  M1_PDR=0.577

=== Eval Summary (100 episodes) ===
  M0_PDR_mean         : 0.6984
  M0_PDR_p05 (across) : 0.6656
  M0_PDR_p05 (intra)  : 0.0034
  M1_PDR_mean         : 0.6303
  M0_SINR_mean (dB)   : 15.79
  M1_SINR_mean (dB)   : 8.51
  M0_collision_rate   : 0.489
  M0_collision_within_pool : 0.200
  M1_collision_within_pool : 0.199

Result saved -> results/_A_N4_seed6_5000ep_gaefix.json
  N=4  rho=0.8  M0_PDR=0.698  M1_PDR=0.630
[NS3Bridge] Shutdown complete.
Run complete.
