[seed] all RNGs seeded with 7
GPU : NVIDIA GeForce RTX 3060
VRAM: 12.9 GB
Device          : cuda:0
Actor M0 params : 21,273
Actor M1 params : 21,273
Critic params   : 79,361
obs_dim=11  action_dim=25  gs_dim=49
M0 count: 2  M1 count: 2
Training for 3000 episodes (Config A_N4_seed7, N=4)...

[NS3Bridge] Connected tcp://localhost:5626
Ep    0 | M0_PDR 0.645 | M1_PDR 0.644 | H_m0 3.22 H_m1 3.21 | a-0.1661 c45.4159 ent0.0500 VRAM 23MB
Ep   50 | M0_PDR 0.668 | M1_PDR 0.663 | H_m0 3.19 H_m1 3.20 | a-0.1586 c18.0345 ent0.0492 VRAM 23MB
Ep  100 | M0_PDR 0.659 | M1_PDR 0.711 | H_m0 3.19 H_m1 3.15 | a-0.1542 c12.6016 ent0.0484 VRAM 23MB
Ep  150 | M0_PDR 0.626 | M1_PDR 0.633 | H_m0 3.15 H_m1 3.17 | a-0.1521 c6.5191 ent0.0475 VRAM 23MB
Ep  200 | M0_PDR 0.673 | M1_PDR 0.660 | H_m0 3.09 H_m1 3.20 | a-0.1486 c5.2302 ent0.0467 VRAM 23MB
Ep  250 | M0_PDR 0.733 | M1_PDR 0.661 | H_m0 2.97 H_m1 3.20 | a-0.1427 c3.4336 ent0.0459 VRAM 23MB
Ep  300 | M0_PDR 0.706 | M1_PDR 0.651 | H_m0 2.89 H_m1 3.18 | a-0.1385 c2.9946 ent0.0451 VRAM 23MB
Ep  350 | M0_PDR 0.677 | M1_PDR 0.626 | H_m0 2.96 H_m1 3.18 | a-0.1373 c2.1228 ent0.0443 VRAM 23MB
Ep  400 | M0_PDR 0.688 | M1_PDR 0.648 | H_m0 2.87 H_m1 3.17 | a-0.1333 c2.1600 ent0.0435 VRAM 23MB
Ep  450 | M0_PDR 0.693 | M1_PDR 0.638 | H_m0 2.61 H_m1 3.15 | a-0.1253 c1.7748 ent0.0426 VRAM 23MB
Ep  500 | M0_PDR 0.684 | M1_PDR 0.646 | H_m0 2.92 H_m1 3.15 | a-0.1288 c2.0053 ent0.0418 VRAM 23MB
Ep  550 | M0_PDR 0.707 | M1_PDR 0.668 | H_m0 2.75 H_m1 3.18 | a-0.1239 c1.9924 ent0.0410 VRAM 23MB
Ep  600 | M0_PDR 0.685 | M1_PDR 0.629 | H_m0 2.72 H_m1 3.19 | a-0.1203 c2.8625 ent0.0402 VRAM 23MB
Ep  650 | M0_PDR 0.702 | M1_PDR 0.642 | H_m0 2.72 H_m1 3.18 | a-0.1172 c2.1386 ent0.0394 VRAM 23MB
Ep  700 | M0_PDR 0.701 | M1_PDR 0.568 | H_m0 2.68 H_m1 3.20 | a-0.1150 c1.9409 ent0.0386 VRAM 23MB
Ep  750 | M0_PDR 0.697 | M1_PDR 0.614 | H_m0 2.62 H_m1 3.17 | a-0.1112 c1.3990 ent0.0377 VRAM 23MB
Ep  800 | M0_PDR 0.708 | M1_PDR 0.632 | H_m0 2.70 H_m1 3.16 | a-0.1098 c2.5465 ent0.0369 VRAM 23MB
Ep  850 | M0_PDR 0.672 | M1_PDR 0.598 | H_m0 2.71 H_m1 3.17 | a-0.1067 c2.0647 ent0.0361 VRAM 23MB
Ep  900 | M0_PDR 0.745 | M1_PDR 0.634 | H_m0 2.62 H_m1 3.13 | a-0.1032 c2.3595 ent0.0353 VRAM 23MB
Ep  950 | M0_PDR 0.714 | M1_PDR 0.615 | H_m0 2.53 H_m1 3.15 | a-0.0988 c1.8299 ent0.0345 VRAM 23MB
Ep 1000 | M0_PDR 0.711 | M1_PDR 0.684 | H_m0 2.64 H_m1 3.16 | a-0.0989 c2.2333 ent0.0337 VRAM 23MB
Ep 1050 | M0_PDR 0.723 | M1_PDR 0.660 | H_m0 2.68 H_m1 3.14 | a-0.0961 c2.2515 ent0.0328 VRAM 23MB
Ep 1100 | M0_PDR 0.696 | M1_PDR 0.610 | H_m0 2.48 H_m1 3.12 | a-0.0906 c1.6441 ent0.0320 VRAM 23MB
Ep 1150 | M0_PDR 0.705 | M1_PDR 0.602 | H_m0 2.27 H_m1 3.12 | a-0.0847 c1.4745 ent0.0312 VRAM 23MB
Ep 1200 | M0_PDR 0.686 | M1_PDR 0.644 | H_m0 2.49 H_m1 3.09 | a-0.0858 c2.3164 ent0.0304 VRAM 23MB
Ep 1250 | M0_PDR 0.682 | M1_PDR 0.621 | H_m0 2.62 H_m1 3.10 | a-0.0852 c1.8336 ent0.0296 VRAM 23MB
Ep 1300 | M0_PDR 0.752 | M1_PDR 0.628 | H_m0 2.39 H_m1 2.95 | a-0.0775 c2.2724 ent0.0288 VRAM 23MB
Ep 1350 | M0_PDR 0.685 | M1_PDR 0.666 | H_m0 2.38 H_m1 2.97 | a-0.0751 c2.6262 ent0.0279 VRAM 23MB
Ep 1400 | M0_PDR 0.765 | M1_PDR 0.619 | H_m0 2.16 H_m1 3.03 | a-0.0710 c1.1372 ent0.0271 VRAM 23MB
Ep 1450 | M0_PDR 0.745 | M1_PDR 0.677 | H_m0 1.99 H_m1 2.95 | a-0.0656 c1.7546 ent0.0263 VRAM 23MB
Ep 1500 | M0_PDR 0.822 | M1_PDR 0.630 | H_m0 1.65 H_m1 3.00 | a-0.0599 c1.6770 ent0.0255 VRAM 23MB
Ep 1550 | M0_PDR 0.825 | M1_PDR 0.613 | H_m0 1.33 H_m1 3.06 | a-0.0564 c1.4898 ent0.0247 VRAM 23MB
Ep 1600 | M0_PDR 0.880 | M1_PDR 0.691 | H_m0 1.11 H_m1 2.84 | a-0.0486 c1.4205 ent0.0239 VRAM 23MB
Ep 1650 | M0_PDR 0.903 | M1_PDR 0.744 | H_m0 0.91 H_m1 2.75 | a-0.0439 c1.0807 ent0.0230 VRAM 23MB
Ep 1700 | M0_PDR 0.929 | M1_PDR 0.755 | H_m0 0.59 H_m1 2.60 | a-0.0365 c0.7202 ent0.0222 VRAM 23MB
Ep 1750 | M0_PDR 0.952 | M1_PDR 0.752 | H_m0 0.30 H_m1 2.47 | a-0.0310 c0.9760 ent0.0214 VRAM 23MB
Ep 1800 | M0_PDR 0.981 | M1_PDR 0.778 | H_m0 0.26 H_m1 2.37 | a-0.0282 c0.6035 ent0.0206 VRAM 23MB
Ep 1850 | M0_PDR 0.971 | M1_PDR 0.800 | H_m0 0.38 H_m1 2.15 | a-0.0263 c0.6547 ent0.0198 VRAM 23MB
Ep 1900 | M0_PDR 0.995 | M1_PDR 0.770 | H_m0 0.39 H_m1 2.03 | a-0.0242 c0.5564 ent0.0190 VRAM 23MB
Ep 1950 | M0_PDR 0.992 | M1_PDR 0.752 | H_m0 0.37 H_m1 1.94 | a-0.0210 c0.5023 ent0.0181 VRAM 23MB
Ep 2000 | M0_PDR 0.983 | M1_PDR 0.804 | H_m0 0.32 H_m1 2.03 | a-0.0205 c0.5228 ent0.0173 VRAM 23MB
Ep 2050 | M0_PDR 0.983 | M1_PDR 0.755 | H_m0 0.37 H_m1 2.02 | a-0.0206 c0.4930 ent0.0165 VRAM 23MB
Ep 2100 | M0_PDR 0.991 | M1_PDR 0.787 | H_m0 0.35 H_m1 2.01 | a-0.0192 c0.4252 ent0.0157 VRAM 23MB
Ep 2150 | M0_PDR 0.983 | M1_PDR 0.774 | H_m0 0.34 H_m1 2.06 | a-0.0176 c0.4546 ent0.0149 VRAM 23MB
Ep 2200 | M0_PDR 0.985 | M1_PDR 0.787 | H_m0 0.29 H_m1 1.98 | a-0.0160 c0.4512 ent0.0141 VRAM 23MB
Ep 2250 | M0_PDR 0.986 | M1_PDR 0.791 | H_m0 0.29 H_m1 2.06 | a-0.0158 c0.4025 ent0.0132 VRAM 23MB
Ep 2300 | M0_PDR 0.993 | M1_PDR 0.809 | H_m0 0.29 H_m1 1.98 | a-0.0144 c0.4034 ent0.0124 VRAM 23MB
Ep 2350 | M0_PDR 0.986 | M1_PDR 0.782 | H_m0 0.31 H_m1 1.98 | a-0.0138 c0.4166 ent0.0116 VRAM 23MB
Ep 2400 | M0_PDR 0.997 | M1_PDR 0.792 | H_m0 0.23 H_m1 1.96 | a-0.0123 c0.3684 ent0.0108 VRAM 23MB
Ep 2450 | M0_PDR 0.988 | M1_PDR 0.756 | H_m0 0.27 H_m1 1.99 | a-0.0116 c0.4544 ent0.0100 VRAM 23MB
Ep 2500 | M0_PDR 0.994 | M1_PDR 0.839 | H_m0 0.22 H_m1 1.94 | a-0.0100 c0.3799 ent0.0092 VRAM 23MB
Ep 2550 | M0_PDR 0.994 | M1_PDR 0.733 | H_m0 0.21 H_m1 2.03 | a-0.0094 c0.4431 ent0.0083 VRAM 23MB
Ep 2600 | M0_PDR 0.985 | M1_PDR 0.830 | H_m0 0.26 H_m1 1.96 | a-0.0084 c0.4141 ent0.0075 VRAM 23MB
Ep 2650 | M0_PDR 0.991 | M1_PDR 0.787 | H_m0 0.23 H_m1 1.94 | a-0.0074 c0.4087 ent0.0067 VRAM 23MB
Ep 2700 | M0_PDR 0.990 | M1_PDR 0.794 | H_m0 0.21 H_m1 1.95 | a-0.0064 c0.3972 ent0.0059 VRAM 23MB
Ep 2750 | M0_PDR 0.992 | M1_PDR 0.794 | H_m0 0.22 H_m1 1.95 | a-0.0056 c0.3960 ent0.0051 VRAM 23MB
Ep 2800 | M0_PDR 0.995 | M1_PDR 0.804 | H_m0 0.19 H_m1 1.91 | a-0.0045 c0.3673 ent0.0043 VRAM 23MB
Ep 2850 | M0_PDR 0.987 | M1_PDR 0.766 | H_m0 0.20 H_m1 1.89 | a-0.0036 c0.4108 ent0.0034 VRAM 23MB
Ep 2900 | M0_PDR 0.995 | M1_PDR 0.809 | H_m0 0.20 H_m1 1.89 | a-0.0027 c0.3669 ent0.0026 VRAM 23MB
Ep 2950 | M0_PDR 0.998 | M1_PDR 0.801 | H_m0 0.18 H_m1 1.86 | a-0.0019 c0.3468 ent0.0018 VRAM 23MB

Training complete. Running 100 eval episodes...

  Eval ep   0: M0_PDR=0.995  M1_PDR=0.812
  Eval ep  20: M0_PDR=0.993  M1_PDR=0.822
  Eval ep  40: M0_PDR=0.990  M1_PDR=0.844
  Eval ep  60: M0_PDR=0.992  M1_PDR=0.777
  Eval ep  80: M0_PDR=0.997  M1_PDR=0.769

=== Eval Summary (100 episodes) ===
  M0_PDR_mean         : 0.9954
  M0_PDR_p05 (across) : 0.9900
  M0_PDR_p05 (intra)  : 1.0000
  M1_PDR_mean         : 0.7960
  M0_SINR_mean (dB)   : 46.42
  M1_SINR_mean (dB)   : 25.73
  M0_collision_rate   : 0.008
  M0_collision_within_pool : 0.001
  M1_collision_within_pool : 0.327

Result saved -> results/_A_N4_seed7.json
  N=4  rho=0.8  M0_PDR=0.995  M1_PDR=0.796
[NS3Bridge] Shutdown complete.
Run complete.
