[seed] all RNGs seeded with 2
GPU : NVIDIA GeForce RTX 3060
VRAM: 12.9 GB
Device          : cuda:0
Actor M0 params : 21,273
Actor M1 params : 21,273
Critic params   : 79,361
obs_dim=11  action_dim=25  gs_dim=49
M0 count: 2  M1 count: 2
Training for 5000 episodes (Config A_N4_seed2_5000ep_gaefix_g05_ent01, N=4)...

[NS3Bridge] Connected tcp://localhost:7096
Ep    0 | M0_PDR 0.665 | M1_PDR 0.662 | H_m0 3.22 H_m1 3.22 | a-0.0369 c1.0324 ent0.0100 VRAM 23MB
Ep   50 | M0_PDR 0.706 | M1_PDR 0.610 | H_m0 2.58 H_m1 3.18 | a-0.0306 c0.8101 ent0.0099 VRAM 23MB
Ep  100 | M0_PDR 0.726 | M1_PDR 0.643 | H_m0 1.79 H_m1 3.00 | a-0.0267 c0.7930 ent0.0098 VRAM 23MB
Ep  150 | M0_PDR 0.762 | M1_PDR 0.665 | H_m0 1.36 H_m1 2.43 | a-0.0226 c0.8485 ent0.0097 VRAM 23MB
Ep  200 | M0_PDR 0.797 | M1_PDR 0.706 | H_m0 1.22 H_m1 1.05 | a-0.0130 c0.9127 ent0.0096 VRAM 23MB
Ep  250 | M0_PDR 0.762 | M1_PDR 0.719 | H_m0 1.15 H_m1 2.06 | a-0.0169 c0.8415 ent0.0095 VRAM 23MB
Ep  300 | M0_PDR 0.812 | M1_PDR 0.686 | H_m0 1.13 H_m1 1.70 | a-0.0149 c0.9329 ent0.0095 VRAM 23MB
Ep  350 | M0_PDR 0.955 | M1_PDR 0.687 | H_m0 0.54 H_m1 1.67 | a-0.0149 c1.1201 ent0.0094 VRAM 23MB
Ep  400 | M0_PDR 0.985 | M1_PDR 0.682 | H_m0 0.12 H_m1 1.55 | a-0.0092 c1.1714 ent0.0093 VRAM 23MB
Ep  450 | M0_PDR 0.984 | M1_PDR 0.714 | H_m0 0.23 H_m1 1.54 | a-0.0112 c1.1381 ent0.0092 VRAM 23MB
Ep  500 | M0_PDR 0.991 | M1_PDR 0.779 | H_m0 0.05 H_m1 1.71 | a-0.0087 c1.1280 ent0.0091 VRAM 23MB
Ep  550 | M0_PDR 0.994 | M1_PDR 0.776 | H_m0 0.01 H_m1 1.75 | a-0.0085 c1.1331 ent0.0090 VRAM 23MB
Ep  600 | M0_PDR 1.000 | M1_PDR 0.764 | H_m0 0.01 H_m1 1.66 | a-0.0099 c1.1437 ent0.0089 VRAM 23MB
Ep  650 | M0_PDR 1.000 | M1_PDR 0.798 | H_m0 0.01 H_m1 1.60 | a-0.0074 c1.1275 ent0.0088 VRAM 23MB
Ep  700 | M0_PDR 0.988 | M1_PDR 0.804 | H_m0 0.01 H_m1 1.75 | a-0.0109 c1.1093 ent0.0087 VRAM 23MB
Ep  750 | M0_PDR 1.000 | M1_PDR 0.783 | H_m0 0.00 H_m1 1.58 | a-0.0091 c1.1362 ent0.0086 VRAM 23MB
Ep  800 | M0_PDR 1.000 | M1_PDR 0.786 | H_m0 0.00 H_m1 1.48 | a-0.0065 c1.1333 ent0.0086 VRAM 23MB
Ep  850 | M0_PDR 0.998 | M1_PDR 0.790 | H_m0 0.00 H_m1 1.80 | a-0.0090 c1.1282 ent0.0085 VRAM 23MB
Ep  900 | M0_PDR 1.000 | M1_PDR 0.776 | H_m0 0.00 H_m1 2.07 | a-0.0100 c1.1347 ent0.0084 VRAM 23MB
Ep  950 | M0_PDR 1.000 | M1_PDR 0.778 | H_m0 0.00 H_m1 2.24 | a-0.0096 c1.1318 ent0.0083 VRAM 23MB
Ep 1000 | M0_PDR 0.988 | M1_PDR 0.784 | H_m0 0.00 H_m1 2.16 | a-0.0095 c1.1184 ent0.0082 VRAM 23MB
Ep 1050 | M0_PDR 0.992 | M1_PDR 0.764 | H_m0 0.00 H_m1 2.34 | a-0.0107 c1.1268 ent0.0081 VRAM 23MB
Ep 1100 | M0_PDR 0.995 | M1_PDR 0.798 | H_m0 0.00 H_m1 2.30 | a-0.0096 c1.1224 ent0.0080 VRAM 23MB
Ep 1150 | M0_PDR 1.000 | M1_PDR 0.788 | H_m0 0.00 H_m1 1.85 | a-0.0076 c1.1306 ent0.0079 VRAM 23MB
Ep 1200 | M0_PDR 1.000 | M1_PDR 0.774 | H_m0 0.00 H_m1 1.90 | a-0.0085 c1.1337 ent0.0078 VRAM 23MB
Ep 1250 | M0_PDR 1.000 | M1_PDR 0.745 | H_m0 0.00 H_m1 1.42 | a-0.0065 c1.1566 ent0.0077 VRAM 23MB
Ep 1300 | M0_PDR 1.000 | M1_PDR 0.788 | H_m0 0.00 H_m1 1.72 | a-0.0070 c1.1323 ent0.0077 VRAM 23MB
Ep 1350 | M0_PDR 0.998 | M1_PDR 0.802 | H_m0 0.00 H_m1 1.67 | a-0.0073 c1.1259 ent0.0076 VRAM 23MB
Ep 1400 | M0_PDR 1.000 | M1_PDR 0.785 | H_m0 0.00 H_m1 1.76 | a-0.0072 c1.1363 ent0.0075 VRAM 23MB
Ep 1450 | M0_PDR 1.000 | M1_PDR 0.751 | H_m0 0.00 H_m1 1.77 | a-0.0067 c1.1486 ent0.0074 VRAM 23MB
Ep 1500 | M0_PDR 1.000 | M1_PDR 0.770 | H_m0 0.00 H_m1 1.83 | a-0.0068 c1.1414 ent0.0073 VRAM 23MB
Ep 1550 | M0_PDR 0.998 | M1_PDR 0.791 | H_m0 0.00 H_m1 1.75 | a-0.0070 c1.1294 ent0.0072 VRAM 23MB
Ep 1600 | M0_PDR 1.000 | M1_PDR 0.800 | H_m0 0.00 H_m1 1.62 | a-0.0057 c1.1260 ent0.0071 VRAM 23MB
Ep 1650 | M0_PDR 1.000 | M1_PDR 0.778 | H_m0 0.00 H_m1 1.63 | a-0.0073 c1.1375 ent0.0070 VRAM 23MB
Ep 1700 | M0_PDR 0.998 | M1_PDR 0.768 | H_m0 0.00 H_m1 1.61 | a-0.0061 c1.1299 ent0.0069 VRAM 23MB
Ep 1750 | M0_PDR 1.000 | M1_PDR 0.809 | H_m0 0.00 H_m1 1.49 | a-0.0060 c1.1201 ent0.0068 VRAM 23MB
Ep 1800 | M0_PDR 1.000 | M1_PDR 0.798 | H_m0 0.00 H_m1 1.48 | a-0.0058 c1.1309 ent0.0068 VRAM 23MB
Ep 1850 | M0_PDR 1.000 | M1_PDR 0.795 | H_m0 0.00 H_m1 1.42 | a-0.0052 c1.1310 ent0.0067 VRAM 23MB
Ep 1900 | M0_PDR 1.000 | M1_PDR 0.811 | H_m0 0.00 H_m1 1.33 | a-0.0045 c1.1220 ent0.0066 VRAM 23MB
Ep 1950 | M0_PDR 1.000 | M1_PDR 0.776 | H_m0 0.00 H_m1 1.37 | a-0.0062 c1.1385 ent0.0065 VRAM 23MB
Ep 2000 | M0_PDR 1.000 | M1_PDR 0.789 | H_m0 0.00 H_m1 1.29 | a-0.0043 c1.1333 ent0.0064 VRAM 23MB
Ep 2050 | M0_PDR 1.000 | M1_PDR 0.793 | H_m0 0.00 H_m1 1.26 | a-0.0044 c1.1338 ent0.0063 VRAM 23MB
Ep 2100 | M0_PDR 1.000 | M1_PDR 0.764 | H_m0 0.00 H_m1 1.61 | a-0.0050 c1.1466 ent0.0062 VRAM 23MB
Ep 2150 | M0_PDR 1.000 | M1_PDR 0.781 | H_m0 0.00 H_m1 1.81 | a-0.0065 c1.1320 ent0.0061 VRAM 23MB
Ep 2200 | M0_PDR 0.999 | M1_PDR 0.781 | H_m0 0.00 H_m1 1.86 | a-0.0058 c1.1343 ent0.0060 VRAM 23MB
Ep 2250 | M0_PDR 0.995 | M1_PDR 0.791 | H_m0 0.00 H_m1 2.09 | a-0.0068 c1.1203 ent0.0059 VRAM 23MB
Ep 2300 | M0_PDR 0.995 | M1_PDR 0.828 | H_m0 0.00 H_m1 2.08 | a-0.0067 c1.1025 ent0.0059 VRAM 23MB
Ep 2350 | M0_PDR 0.997 | M1_PDR 0.750 | H_m0 0.00 H_m1 2.28 | a-0.0074 c1.1444 ent0.0058 VRAM 23MB
Ep 2400 | M0_PDR 1.000 | M1_PDR 0.793 | H_m0 0.00 H_m1 2.16 | a-0.0064 c1.1241 ent0.0057 VRAM 23MB
Ep 2450 | M0_PDR 1.000 | M1_PDR 0.794 | H_m0 0.00 H_m1 2.16 | a-0.0065 c1.1215 ent0.0056 VRAM 23MB
Ep 2500 | M0_PDR 1.000 | M1_PDR 0.808 | H_m0 0.00 H_m1 2.03 | a-0.0060 c1.1221 ent0.0055 VRAM 23MB
Ep 2550 | M0_PDR 0.998 | M1_PDR 0.775 | H_m0 0.00 H_m1 2.07 | a-0.0059 c1.1328 ent0.0054 VRAM 23MB
Ep 2600 | M0_PDR 1.000 | M1_PDR 0.820 | H_m0 0.00 H_m1 2.05 | a-0.0058 c1.1099 ent0.0053 VRAM 23MB
Ep 2650 | M0_PDR 1.000 | M1_PDR 0.789 | H_m0 0.00 H_m1 1.84 | a-0.0056 c1.1236 ent0.0052 VRAM 23MB
Ep 2700 | M0_PDR 1.000 | M1_PDR 0.808 | H_m0 0.00 H_m1 1.77 | a-0.0054 c1.1195 ent0.0051 VRAM 23MB
Ep 2750 | M0_PDR 1.000 | M1_PDR 0.777 | H_m0 0.00 H_m1 1.71 | a-0.0045 c1.1375 ent0.0050 VRAM 23MB
Ep 2800 | M0_PDR 1.000 | M1_PDR 0.779 | H_m0 0.00 H_m1 1.72 | a-0.0044 c1.1298 ent0.0050 VRAM 23MB
Ep 2850 | M0_PDR 1.000 | M1_PDR 0.816 | H_m0 0.00 H_m1 1.52 | a-0.0040 c1.1179 ent0.0049 VRAM 23MB
Ep 2900 | M0_PDR 1.000 | M1_PDR 0.788 | H_m0 0.00 H_m1 1.53 | a-0.0037 c1.1361 ent0.0048 VRAM 23MB
Ep 2950 | M0_PDR 1.000 | M1_PDR 0.799 | H_m0 0.00 H_m1 1.50 | a-0.0040 c1.1276 ent0.0047 VRAM 23MB
Ep 3000 | M0_PDR 1.000 | M1_PDR 0.755 | H_m0 0.00 H_m1 1.39 | a-0.0038 c1.1530 ent0.0046 VRAM 23MB
Ep 3050 | M0_PDR 1.000 | M1_PDR 0.784 | H_m0 0.00 H_m1 1.37 | a-0.0039 c1.1350 ent0.0045 VRAM 23MB
Ep 3100 | M0_PDR 1.000 | M1_PDR 0.800 | H_m0 0.00 H_m1 1.29 | a-0.0028 c1.1284 ent0.0044 VRAM 23MB
Ep 3150 | M0_PDR 1.000 | M1_PDR 0.787 | H_m0 0.00 H_m1 1.30 | a-0.0030 c1.1354 ent0.0043 VRAM 23MB
Ep 3200 | M0_PDR 1.000 | M1_PDR 0.813 | H_m0 0.00 H_m1 1.34 | a-0.0031 c1.1153 ent0.0042 VRAM 23MB
Ep 3250 | M0_PDR 1.000 | M1_PDR 0.756 | H_m0 0.00 H_m1 1.33 | a-0.0031 c1.1479 ent0.0041 VRAM 23MB
Ep 3300 | M0_PDR 1.000 | M1_PDR 0.824 | H_m0 0.00 H_m1 1.31 | a-0.0028 c1.1184 ent0.0041 VRAM 23MB
Ep 3350 | M0_PDR 1.000 | M1_PDR 0.834 | H_m0 0.00 H_m1 1.49 | a-0.0031 c1.1080 ent0.0040 VRAM 23MB
Ep 3400 | M0_PDR 1.000 | M1_PDR 0.797 | H_m0 0.00 H_m1 1.49 | a-0.0031 c1.1249 ent0.0039 VRAM 23MB
Ep 3450 | M0_PDR 1.000 | M1_PDR 0.777 | H_m0 0.00 H_m1 1.47 | a-0.0029 c1.1377 ent0.0038 VRAM 23MB
Ep 3500 | M0_PDR 0.998 | M1_PDR 0.825 | H_m0 0.00 H_m1 1.49 | a-0.0035 c1.1082 ent0.0037 VRAM 23MB
Ep 3550 | M0_PDR 1.000 | M1_PDR 0.804 | H_m0 0.00 H_m1 1.54 | a-0.0031 c1.1215 ent0.0036 VRAM 23MB
Ep 3600 | M0_PDR 1.000 | M1_PDR 0.809 | H_m0 0.00 H_m1 1.54 | a-0.0030 c1.1201 ent0.0035 VRAM 23MB
Ep 3650 | M0_PDR 1.000 | M1_PDR 0.801 | H_m0 0.00 H_m1 1.45 | a-0.0024 c1.1246 ent0.0034 VRAM 23MB
Ep 3700 | M0_PDR 1.000 | M1_PDR 0.797 | H_m0 0.00 H_m1 1.47 | a-0.0025 c1.1307 ent0.0033 VRAM 23MB
Ep 3750 | M0_PDR 1.000 | M1_PDR 0.784 | H_m0 0.00 H_m1 1.48 | a-0.0025 c1.1339 ent0.0032 VRAM 23MB
Ep 3800 | M0_PDR 1.000 | M1_PDR 0.779 | H_m0 0.00 H_m1 1.54 | a-0.0026 c1.1352 ent0.0032 VRAM 23MB
Ep 3850 | M0_PDR 1.000 | M1_PDR 0.803 | H_m0 0.00 H_m1 1.53 | a-0.0025 c1.1261 ent0.0031 VRAM 23MB
Ep 3900 | M0_PDR 1.000 | M1_PDR 0.798 | H_m0 0.00 H_m1 1.54 | a-0.0025 c1.1279 ent0.0030 VRAM 23MB
Ep 3950 | M0_PDR 1.000 | M1_PDR 0.832 | H_m0 0.00 H_m1 1.50 | a-0.0023 c1.1086 ent0.0029 VRAM 23MB
Ep 4000 | M0_PDR 1.000 | M1_PDR 0.799 | H_m0 0.00 H_m1 1.50 | a-0.0022 c1.1313 ent0.0028 VRAM 23MB
Ep 4050 | M0_PDR 1.000 | M1_PDR 0.823 | H_m0 0.00 H_m1 1.50 | a-0.0022 c1.1135 ent0.0027 VRAM 23MB
Ep 4100 | M0_PDR 1.000 | M1_PDR 0.800 | H_m0 0.00 H_m1 1.50 | a-0.0020 c1.1304 ent0.0026 VRAM 23MB
Ep 4150 | M0_PDR 1.000 | M1_PDR 0.765 | H_m0 0.00 H_m1 1.54 | a-0.0021 c1.1469 ent0.0025 VRAM 23MB
Ep 4200 | M0_PDR 1.000 | M1_PDR 0.763 | H_m0 0.00 H_m1 1.56 | a-0.0020 c1.1386 ent0.0024 VRAM 23MB
Ep 4250 | M0_PDR 1.000 | M1_PDR 0.775 | H_m0 0.00 H_m1 1.56 | a-0.0019 c1.1421 ent0.0023 VRAM 23MB
Ep 4300 | M0_PDR 1.000 | M1_PDR 0.804 | H_m0 0.00 H_m1 1.52 | a-0.0019 c1.1193 ent0.0023 VRAM 23MB
Ep 4350 | M0_PDR 1.000 | M1_PDR 0.782 | H_m0 0.00 H_m1 1.53 | a-0.0017 c1.1373 ent0.0022 VRAM 23MB
Ep 4400 | M0_PDR 1.000 | M1_PDR 0.785 | H_m0 0.00 H_m1 1.51 | a-0.0016 c1.1349 ent0.0021 VRAM 23MB
Ep 4450 | M0_PDR 1.000 | M1_PDR 0.802 | H_m0 0.00 H_m1 1.51 | a-0.0017 c1.1192 ent0.0020 VRAM 23MB
Ep 4500 | M0_PDR 1.000 | M1_PDR 0.830 | H_m0 0.00 H_m1 1.49 | a-0.0015 c1.1125 ent0.0019 VRAM 23MB
Ep 4550 | M0_PDR 1.000 | M1_PDR 0.834 | H_m0 0.00 H_m1 1.48 | a-0.0015 c1.1061 ent0.0018 VRAM 23MB
Ep 4600 | M0_PDR 1.000 | M1_PDR 0.831 | H_m0 0.00 H_m1 1.47 | a-0.0013 c1.1050 ent0.0017 VRAM 23MB
Ep 4650 | M0_PDR 1.000 | M1_PDR 0.803 | H_m0 0.00 H_m1 1.48 | a-0.0013 c1.1216 ent0.0016 VRAM 23MB
Ep 4700 | M0_PDR 1.000 | M1_PDR 0.829 | H_m0 0.00 H_m1 1.46 | a-0.0012 c1.1088 ent0.0015 VRAM 23MB
Ep 4750 | M0_PDR 1.000 | M1_PDR 0.851 | H_m0 0.00 H_m1 1.44 | a-0.0011 c1.1037 ent0.0014 VRAM 23MB
Ep 4800 | M0_PDR 1.000 | M1_PDR 0.816 | H_m0 0.00 H_m1 1.46 | a-0.0010 c1.1150 ent0.0014 VRAM 23MB
Ep 4850 | M0_PDR 1.000 | M1_PDR 0.792 | H_m0 0.00 H_m1 1.50 | a-0.0010 c1.1259 ent0.0013 VRAM 23MB
Ep 4900 | M0_PDR 1.000 | M1_PDR 0.774 | H_m0 0.00 H_m1 1.51 | a-0.0009 c1.1389 ent0.0012 VRAM 23MB
Ep 4950 | M0_PDR 1.000 | M1_PDR 0.813 | H_m0 0.00 H_m1 1.49 | a-0.0009 c1.1197 ent0.0011 VRAM 23MB

Training complete. Running 100 eval episodes...

  Eval ep   0: M0_PDR=1.000  M1_PDR=0.780
  Eval ep  20: M0_PDR=1.000  M1_PDR=0.815
  Eval ep  40: M0_PDR=1.000  M1_PDR=0.795
  Eval ep  60: M0_PDR=1.000  M1_PDR=0.816
  Eval ep  80: M0_PDR=1.000  M1_PDR=0.820

=== Eval Summary (100 episodes) ===
  M0_PDR_mean         : 1.0000
  M0_PDR_p05 (across) : 1.0000
  M0_PDR_p05 (intra)  : 1.0000
  M1_PDR_mean         : 0.7974
  M0_SINR_mean (dB)   : 47.31
  M1_SINR_mean (dB)   : 26.35
  M0_collision_rate   : 0.000
  M0_collision_within_pool : 0.000
  M1_collision_within_pool : 0.334

Result saved -> results/_A_N4_seed2_5000ep_gaefix_g05_ent01.json
  N=4  rho=0.8  M0_PDR=1.000  M1_PDR=0.797
[NS3Bridge] Shutdown complete.
Run complete.
