[seed] all RNGs seeded with 2
GPU : NVIDIA GeForce RTX 3060
VRAM: 12.9 GB
Device          : cuda:0
Actor M0 params : 21,273
Actor M1 params : 21,273
Critic params   : 82,177
obs_dim=11  action_dim=25  gs_dim=60
M0 count: 2  M1 count: 3
Training for 5000 episodes (Config A_N5_seed2_5000ep, N=5)...

[NS3Bridge] Connected tcp://localhost:6656
Ep    0 | M0_PDR 0.614 | M1_PDR 0.619 | H_m0 3.22 H_m1 3.22 | a-0.1650 c25.9296 ent0.0500 VRAM 24MB
Ep   50 | M0_PDR 0.621 | M1_PDR 0.646 | H_m0 3.17 H_m1 3.20 | a-0.1591 c12.9707 ent0.0495 VRAM 24MB
Ep  100 | M0_PDR 0.688 | M1_PDR 0.604 | H_m0 3.04 H_m1 3.21 | a-0.1554 c8.3715 ent0.0490 VRAM 24MB
Ep  150 | M0_PDR 0.676 | M1_PDR 0.632 | H_m0 2.99 H_m1 3.19 | a-0.1534 c5.0540 ent0.0485 VRAM 24MB
Ep  200 | M0_PDR 0.645 | M1_PDR 0.589 | H_m0 2.80 H_m1 3.21 | a-0.1478 c3.8078 ent0.0480 VRAM 24MB
Ep  250 | M0_PDR 0.702 | M1_PDR 0.567 | H_m0 2.56 H_m1 3.21 | a-0.1412 c2.5386 ent0.0475 VRAM 24MB
Ep  300 | M0_PDR 0.684 | M1_PDR 0.614 | H_m0 2.69 H_m1 3.18 | a-0.1419 c2.2254 ent0.0471 VRAM 24MB
Ep  350 | M0_PDR 0.671 | M1_PDR 0.622 | H_m0 2.76 H_m1 3.15 | a-0.1400 c1.8817 ent0.0466 VRAM 24MB
Ep  400 | M0_PDR 0.683 | M1_PDR 0.609 | H_m0 2.62 H_m1 3.19 | a-0.1384 c2.1010 ent0.0461 VRAM 24MB
Ep  450 | M0_PDR 0.675 | M1_PDR 0.583 | H_m0 2.60 H_m1 3.20 | a-0.1363 c2.0613 ent0.0456 VRAM 24MB
Ep  500 | M0_PDR 0.670 | M1_PDR 0.580 | H_m0 2.69 H_m1 3.19 | a-0.1358 c1.6497 ent0.0451 VRAM 24MB
Ep  550 | M0_PDR 0.726 | M1_PDR 0.569 | H_m0 2.37 H_m1 3.18 | a-0.1282 c2.0619 ent0.0446 VRAM 24MB
Error: tcpip::Socket::accept() Unable to create listening socket: Address already in use
Quitting (on error).
Ep  600 | M0_PDR 0.728 | M1_PDR 0.576 | H_m0 2.43 H_m1 3.20 | a-0.1283 c2.0484 ent0.0441 VRAM 24MB
Ep  650 | M0_PDR 0.712 | M1_PDR 0.566 | H_m0 2.44 H_m1 3.21 | a-0.1270 c2.3393 ent0.0436 VRAM 24MB
Ep  700 | M0_PDR 0.728 | M1_PDR 0.556 | H_m0 2.35 H_m1 3.21 | a-0.1253 c1.6650 ent0.0431 VRAM 24MB
Ep  750 | M0_PDR 0.665 | M1_PDR 0.595 | H_m0 2.70 H_m1 3.21 | a-0.1287 c1.7379 ent0.0426 VRAM 24MB
Ep  800 | M0_PDR 0.696 | M1_PDR 0.595 | H_m0 2.46 H_m1 3.20 | a-0.1231 c1.7190 ent0.0422 VRAM 24MB
Ep  850 | M0_PDR 0.728 | M1_PDR 0.539 | H_m0 2.27 H_m1 3.17 | a-0.1175 c1.6705 ent0.0417 VRAM 24MB
Ep  900 | M0_PDR 0.677 | M1_PDR 0.568 | H_m0 2.17 H_m1 3.20 | a-0.1154 c1.7420 ent0.0412 VRAM 24MB
Ep  950 | M0_PDR 0.677 | M1_PDR 0.617 | H_m0 2.49 H_m1 3.18 | a-0.1186 c2.6762 ent0.0407 VRAM 24MB
Ep 1000 | M0_PDR 0.660 | M1_PDR 0.614 | H_m0 2.43 H_m1 3.17 | a-0.1158 c2.0754 ent0.0402 VRAM 24MB
Ep 1050 | M0_PDR 0.700 | M1_PDR 0.605 | H_m0 2.44 H_m1 3.18 | a-0.1150 c1.0289 ent0.0397 VRAM 24MB
Ep 1100 | M0_PDR 0.703 | M1_PDR 0.592 | H_m0 2.41 H_m1 3.19 | a-0.1132 c1.6594 ent0.0392 VRAM 24MB
Ep 1150 | M0_PDR 0.692 | M1_PDR 0.597 | H_m0 2.50 H_m1 3.19 | a-0.1143 c1.5811 ent0.0387 VRAM 24MB
Ep 1200 | M0_PDR 0.681 | M1_PDR 0.573 | H_m0 2.38 H_m1 3.20 | a-0.1115 c2.4094 ent0.0382 VRAM 24MB
Ep 1250 | M0_PDR 0.718 | M1_PDR 0.562 | H_m0 2.49 H_m1 3.21 | a-0.1106 c1.7127 ent0.0377 VRAM 24MB
Ep 1300 | M0_PDR 0.683 | M1_PDR 0.567 | H_m0 2.52 H_m1 3.21 | a-0.1099 c2.0914 ent0.0373 VRAM 24MB
Ep 1350 | M0_PDR 0.662 | M1_PDR 0.619 | H_m0 2.54 H_m1 3.17 | a-0.1083 c2.0208 ent0.0368 VRAM 24MB
Ep 1400 | M0_PDR 0.698 | M1_PDR 0.564 | H_m0 2.16 H_m1 3.18 | a-0.1014 c1.7256 ent0.0363 VRAM 24MB
Ep 1450 | M0_PDR 0.729 | M1_PDR 0.577 | H_m0 2.27 H_m1 3.19 | a-0.1023 c1.4655 ent0.0358 VRAM 24MB
Ep 1500 | M0_PDR 0.748 | M1_PDR 0.547 | H_m0 2.16 H_m1 3.20 | a-0.0989 c1.6971 ent0.0353 VRAM 24MB
Ep 1550 | M0_PDR 0.685 | M1_PDR 0.576 | H_m0 2.38 H_m1 3.20 | a-0.1006 c1.7747 ent0.0348 VRAM 24MB
Ep 1600 | M0_PDR 0.680 | M1_PDR 0.578 | H_m0 2.30 H_m1 3.19 | a-0.0977 c2.2250 ent0.0343 VRAM 24MB
Ep 1650 | M0_PDR 0.703 | M1_PDR 0.596 | H_m0 2.32 H_m1 3.18 | a-0.0966 c2.7939 ent0.0338 VRAM 24MB
Ep 1700 | M0_PDR 0.692 | M1_PDR 0.562 | H_m0 2.21 H_m1 3.19 | a-0.0938 c1.4805 ent0.0333 VRAM 24MB
Ep 1750 | M0_PDR 0.705 | M1_PDR 0.580 | H_m0 2.14 H_m1 3.20 | a-0.0917 c1.4057 ent0.0328 VRAM 24MB
Ep 1800 | M0_PDR 0.730 | M1_PDR 0.576 | H_m0 1.92 H_m1 3.20 | a-0.0877 c1.7512 ent0.0324 VRAM 24MB
Ep 1850 | M0_PDR 0.718 | M1_PDR 0.557 | H_m0 1.99 H_m1 3.19 | a-0.0861 c1.9273 ent0.0319 VRAM 24MB
Ep 1900 | M0_PDR 0.744 | M1_PDR 0.594 | H_m0 1.98 H_m1 3.19 | a-0.0863 c1.9664 ent0.0314 VRAM 24MB
Ep 1950 | M0_PDR 0.694 | M1_PDR 0.580 | H_m0 2.26 H_m1 3.20 | a-0.0880 c1.2152 ent0.0309 VRAM 24MB
Ep 2000 | M0_PDR 0.690 | M1_PDR 0.578 | H_m0 2.10 H_m1 3.20 | a-0.0843 c1.8800 ent0.0304 VRAM 24MB
Ep 2050 | M0_PDR 0.691 | M1_PDR 0.577 | H_m0 2.15 H_m1 3.19 | a-0.0837 c1.8612 ent0.0299 VRAM 24MB
Ep 2100 | M0_PDR 0.705 | M1_PDR 0.558 | H_m0 1.92 H_m1 3.20 | a-0.0795 c1.8668 ent0.0294 VRAM 24MB
Ep 2150 | M0_PDR 0.718 | M1_PDR 0.578 | H_m0 2.03 H_m1 3.19 | a-0.0791 c1.7586 ent0.0289 VRAM 24MB
Ep 2200 | M0_PDR 0.709 | M1_PDR 0.605 | H_m0 2.02 H_m1 3.16 | a-0.0783 c1.7835 ent0.0284 VRAM 24MB
Ep 2250 | M0_PDR 0.693 | M1_PDR 0.570 | H_m0 1.93 H_m1 3.17 | a-0.0759 c1.9747 ent0.0279 VRAM 24MB
Ep 2300 | M0_PDR 0.733 | M1_PDR 0.589 | H_m0 1.82 H_m1 3.19 | a-0.0728 c2.0504 ent0.0275 VRAM 24MB
Ep 2350 | M0_PDR 0.740 | M1_PDR 0.627 | H_m0 1.73 H_m1 3.17 | a-0.0705 c1.8247 ent0.0270 VRAM 24MB
Ep 2400 | M0_PDR 0.739 | M1_PDR 0.552 | H_m0 1.71 H_m1 3.18 | a-0.0689 c1.2690 ent0.0265 VRAM 24MB
Ep 2450 | M0_PDR 0.727 | M1_PDR 0.592 | H_m0 1.71 H_m1 3.19 | a-0.0683 c1.6519 ent0.0260 VRAM 24MB
Ep 2500 | M0_PDR 0.717 | M1_PDR 0.575 | H_m0 1.79 H_m1 3.19 | a-0.0677 c1.7350 ent0.0255 VRAM 24MB
Ep 2550 | M0_PDR 0.743 | M1_PDR 0.577 | H_m0 1.71 H_m1 3.19 | a-0.0654 c1.7668 ent0.0250 VRAM 24MB
Ep 2600 | M0_PDR 0.729 | M1_PDR 0.597 | H_m0 1.70 H_m1 3.18 | a-0.0636 c1.7712 ent0.0245 VRAM 24MB
Ep 2650 | M0_PDR 0.747 | M1_PDR 0.617 | H_m0 1.60 H_m1 3.16 | a-0.0616 c2.1420 ent0.0240 VRAM 24MB
Ep 2700 | M0_PDR 0.779 | M1_PDR 0.559 | H_m0 1.47 H_m1 3.18 | a-0.0592 c1.6681 ent0.0235 VRAM 24MB
Ep 2750 | M0_PDR 0.782 | M1_PDR 0.573 | H_m0 1.31 H_m1 3.16 | a-0.0559 c2.3933 ent0.0230 VRAM 24MB
Ep 2800 | M0_PDR 0.899 | M1_PDR 0.654 | H_m0 0.80 H_m1 3.01 | a-0.0492 c1.3246 ent0.0226 VRAM 24MB
Ep 2850 | M0_PDR 0.903 | M1_PDR 0.648 | H_m0 0.59 H_m1 2.80 | a-0.0437 c1.0250 ent0.0221 VRAM 24MB
Ep 2900 | M0_PDR 0.944 | M1_PDR 0.634 | H_m0 0.45 H_m1 2.62 | a-0.0390 c0.7570 ent0.0216 VRAM 24MB
Ep 2950 | M0_PDR 0.974 | M1_PDR 0.644 | H_m0 0.09 H_m1 2.52 | a-0.0334 c0.7717 ent0.0211 VRAM 24MB
Ep 3000 | M0_PDR 0.989 | M1_PDR 0.671 | H_m0 0.03 H_m1 2.20 | a-0.0289 c0.4699 ent0.0206 VRAM 24MB
Ep 3050 | M0_PDR 0.997 | M1_PDR 0.695 | H_m0 0.02 H_m1 2.20 | a-0.0269 c0.4589 ent0.0201 VRAM 24MB
Ep 3100 | M0_PDR 0.985 | M1_PDR 0.656 | H_m0 0.02 H_m1 2.01 | a-0.0240 c0.5641 ent0.0196 VRAM 24MB
Ep 3150 | M0_PDR 0.998 | M1_PDR 0.675 | H_m0 0.01 H_m1 2.09 | a-0.0244 c0.3983 ent0.0191 VRAM 24MB
Ep 3200 | M0_PDR 0.993 | M1_PDR 0.661 | H_m0 0.01 H_m1 2.12 | a-0.0238 c0.4792 ent0.0186 VRAM 24MB
Ep 3250 | M0_PDR 0.995 | M1_PDR 0.647 | H_m0 0.01 H_m1 2.06 | a-0.0226 c0.4290 ent0.0181 VRAM 24MB
Ep 3300 | M0_PDR 0.997 | M1_PDR 0.654 | H_m0 0.01 H_m1 2.02 | a-0.0214 c0.4373 ent0.0177 VRAM 24MB
Ep 3350 | M0_PDR 0.990 | M1_PDR 0.694 | H_m0 0.00 H_m1 2.16 | a-0.0227 c0.4359 ent0.0172 VRAM 24MB
Ep 3400 | M0_PDR 0.995 | M1_PDR 0.721 | H_m0 0.00 H_m1 2.12 | a-0.0215 c0.3630 ent0.0167 VRAM 24MB
Ep 3450 | M0_PDR 0.994 | M1_PDR 0.695 | H_m0 0.00 H_m1 2.21 | a-0.0216 c0.4018 ent0.0162 VRAM 24MB
Ep 3500 | M0_PDR 0.987 | M1_PDR 0.668 | H_m0 0.00 H_m1 2.20 | a-0.0209 c0.4801 ent0.0157 VRAM 24MB
Ep 3550 | M0_PDR 0.993 | M1_PDR 0.660 | H_m0 0.00 H_m1 2.26 | a-0.0211 c0.4674 ent0.0152 VRAM 24MB
Ep 3600 | M0_PDR 0.987 | M1_PDR 0.638 | H_m0 0.00 H_m1 2.21 | a-0.0201 c0.4801 ent0.0147 VRAM 24MB
Ep 3650 | M0_PDR 0.993 | M1_PDR 0.667 | H_m0 0.00 H_m1 2.16 | a-0.0187 c0.4086 ent0.0142 VRAM 24MB
Ep 3700 | M0_PDR 0.997 | M1_PDR 0.687 | H_m0 0.00 H_m1 2.09 | a-0.0175 c0.5056 ent0.0137 VRAM 24MB
Ep 3750 | M0_PDR 0.997 | M1_PDR 0.643 | H_m0 0.00 H_m1 2.05 | a-0.0163 c0.3882 ent0.0132 VRAM 24MB
Ep 3800 | M0_PDR 0.995 | M1_PDR 0.666 | H_m0 0.00 H_m1 2.09 | a-0.0161 c0.4090 ent0.0128 VRAM 24MB
Ep 3850 | M0_PDR 0.988 | M1_PDR 0.678 | H_m0 0.00 H_m1 2.07 | a-0.0154 c0.4550 ent0.0123 VRAM 24MB
Ep 3900 | M0_PDR 0.997 | M1_PDR 0.658 | H_m0 0.00 H_m1 2.09 | a-0.0148 c0.4124 ent0.0118 VRAM 24MB
Ep 3950 | M0_PDR 0.999 | M1_PDR 0.647 | H_m0 0.00 H_m1 2.09 | a-0.0150 c0.3873 ent0.0113 VRAM 24MB
Ep 4000 | M0_PDR 0.998 | M1_PDR 0.666 | H_m0 0.00 H_m1 2.04 | a-0.0133 c0.4607 ent0.0108 VRAM 24MB
Ep 4050 | M0_PDR 0.993 | M1_PDR 0.641 | H_m0 0.00 H_m1 2.06 | a-0.0129 c0.4190 ent0.0103 VRAM 24MB
Ep 4100 | M0_PDR 1.000 | M1_PDR 0.675 | H_m0 0.00 H_m1 2.03 | a-0.0121 c0.3626 ent0.0098 VRAM 24MB
Ep 4150 | M0_PDR 1.000 | M1_PDR 0.655 | H_m0 0.00 H_m1 2.03 | a-0.0115 c0.3711 ent0.0093 VRAM 24MB
Ep 4200 | M0_PDR 0.996 | M1_PDR 0.660 | H_m0 0.00 H_m1 2.00 | a-0.0106 c0.3900 ent0.0088 VRAM 24MB
Ep 4250 | M0_PDR 0.999 | M1_PDR 0.636 | H_m0 0.00 H_m1 2.01 | a-0.0101 c0.3796 ent0.0083 VRAM 24MB
Ep 4300 | M0_PDR 1.000 | M1_PDR 0.666 | H_m0 0.00 H_m1 1.99 | a-0.0094 c0.3607 ent0.0079 VRAM 24MB
Ep 4350 | M0_PDR 0.994 | M1_PDR 0.645 | H_m0 0.00 H_m1 1.99 | a-0.0091 c0.4011 ent0.0074 VRAM 24MB
Ep 4400 | M0_PDR 0.998 | M1_PDR 0.719 | H_m0 0.00 H_m1 1.95 | a-0.0081 c0.3733 ent0.0069 VRAM 24MB
Ep 4450 | M0_PDR 0.997 | M1_PDR 0.676 | H_m0 0.00 H_m1 1.94 | a-0.0075 c0.3744 ent0.0064 VRAM 24MB
Ep 4500 | M0_PDR 0.997 | M1_PDR 0.641 | H_m0 0.00 H_m1 1.92 | a-0.0068 c0.3850 ent0.0059 VRAM 24MB
Ep 4550 | M0_PDR 0.993 | M1_PDR 0.707 | H_m0 0.00 H_m1 1.90 | a-0.0062 c0.3826 ent0.0054 VRAM 24MB
Ep 4600 | M0_PDR 1.000 | M1_PDR 0.662 | H_m0 0.00 H_m1 1.92 | a-0.0057 c0.3771 ent0.0049 VRAM 24MB
Ep 4650 | M0_PDR 1.000 | M1_PDR 0.689 | H_m0 0.00 H_m1 1.88 | a-0.0050 c0.3573 ent0.0044 VRAM 24MB
Ep 4700 | M0_PDR 1.000 | M1_PDR 0.700 | H_m0 0.00 H_m1 1.86 | a-0.0044 c0.3815 ent0.0039 VRAM 24MB
Ep 4750 | M0_PDR 1.000 | M1_PDR 0.675 | H_m0 0.00 H_m1 1.86 | a-0.0039 c0.3526 ent0.0034 VRAM 24MB
Ep 4800 | M0_PDR 1.000 | M1_PDR 0.645 | H_m0 0.00 H_m1 1.84 | a-0.0033 c0.3760 ent0.0030 VRAM 24MB
Ep 4850 | M0_PDR 0.997 | M1_PDR 0.693 | H_m0 0.00 H_m1 1.82 | a-0.0027 c0.3796 ent0.0025 VRAM 24MB
Ep 4900 | M0_PDR 0.992 | M1_PDR 0.668 | H_m0 0.00 H_m1 1.82 | a-0.0022 c0.4257 ent0.0020 VRAM 24MB
Ep 4950 | M0_PDR 1.000 | M1_PDR 0.648 | H_m0 0.00 H_m1 1.81 | a-0.0016 c0.3931 ent0.0015 VRAM 24MB

Training complete. Running 100 eval episodes...

  Eval ep   0: M0_PDR=0.997  M1_PDR=0.660
  Eval ep  20: M0_PDR=0.999  M1_PDR=0.677
  Eval ep  40: M0_PDR=1.000  M1_PDR=0.665
  Eval ep  60: M0_PDR=0.995  M1_PDR=0.676
  Eval ep  80: M0_PDR=0.998  M1_PDR=0.668

=== Eval Summary (100 episodes) ===
  M0_PDR_mean         : 0.9981
  M0_PDR_p05 (across) : 0.9949
  M0_PDR_p05 (intra)  : 1.0000
  M1_PDR_mean         : 0.6743
  M0_SINR_mean (dB)   : 47.30
  M1_SINR_mean (dB)   : 13.97
  M0_collision_rate   : 0.005
  M0_collision_within_pool : 0.000
  M1_collision_within_pool : 0.552

Result saved -> results/_A_N5_seed2_5000ep.json
  N=5  rho=1.0  M0_PDR=0.998  M1_PDR=0.674
[NS3Bridge] Shutdown complete.
Run complete.
