[seed] all RNGs seeded with 4
GPU : NVIDIA GeForce RTX 3060
VRAM: 12.9 GB
Device          : cuda:0
Actor M0 params : 21,273
Actor M1 params : 21,273
Critic params   : 82,177
obs_dim=11  action_dim=25  gs_dim=60
M0 count: 2  M1 count: 3
Training for 5000 episodes (Config A_N5_seed4_5000ep, N=5)...

[NS3Bridge] Connected tcp://localhost:6776
Ep    0 | M0_PDR 0.610 | M1_PDR 0.677 | H_m0 3.22 H_m1 3.21 | a-0.1653 c27.6068 ent0.0500 VRAM 24MB
Ep   50 | M0_PDR 0.619 | M1_PDR 0.632 | H_m0 3.19 H_m1 3.21 | a-0.1594 c11.3000 ent0.0495 VRAM 24MB
Ep  100 | M0_PDR 0.640 | M1_PDR 0.599 | H_m0 3.02 H_m1 3.15 | a-0.1540 c9.0093 ent0.0490 VRAM 24MB
Ep  150 | M0_PDR 0.637 | M1_PDR 0.574 | H_m0 2.90 H_m1 3.17 | a-0.1498 c5.6057 ent0.0485 VRAM 24MB
Ep  200 | M0_PDR 0.682 | M1_PDR 0.595 | H_m0 2.78 H_m1 3.19 | a-0.1466 c4.7718 ent0.0480 VRAM 24MB
Ep  250 | M0_PDR 0.650 | M1_PDR 0.586 | H_m0 2.80 H_m1 3.20 | a-0.1457 c2.5685 ent0.0475 VRAM 24MB
Ep  300 | M0_PDR 0.687 | M1_PDR 0.602 | H_m0 2.82 H_m1 3.20 | a-0.1443 c1.7145 ent0.0471 VRAM 24MB
Ep  350 | M0_PDR 0.684 | M1_PDR 0.629 | H_m0 2.73 H_m1 3.20 | a-0.1419 c2.0199 ent0.0466 VRAM 24MB
Ep  400 | M0_PDR 0.636 | M1_PDR 0.585 | H_m0 2.67 H_m1 3.20 | a-0.1387 c2.9155 ent0.0461 VRAM 24MB
Ep  450 | M0_PDR 0.649 | M1_PDR 0.579 | H_m0 2.59 H_m1 3.18 | a-0.1352 c1.9825 ent0.0456 VRAM 24MB
Ep  500 | M0_PDR 0.680 | M1_PDR 0.606 | H_m0 2.60 H_m1 3.17 | a-0.1336 c2.8538 ent0.0451 VRAM 24MB
Ep  550 | M0_PDR 0.736 | M1_PDR 0.575 | H_m0 2.37 H_m1 3.18 | a-0.1280 c2.5780 ent0.0446 VRAM 24MB
Ep  600 | M0_PDR 0.687 | M1_PDR 0.579 | H_m0 2.55 H_m1 3.20 | a-0.1304 c2.5623 ent0.0441 VRAM 24MB
Ep  650 | M0_PDR 0.679 | M1_PDR 0.626 | H_m0 2.47 H_m1 3.19 | a-0.1274 c1.5313 ent0.0436 VRAM 24MB
Ep  700 | M0_PDR 0.678 | M1_PDR 0.617 | H_m0 2.50 H_m1 3.20 | a-0.1273 c2.0102 ent0.0431 VRAM 24MB
Ep  750 | M0_PDR 0.711 | M1_PDR 0.587 | H_m0 2.49 H_m1 3.20 | a-0.1250 c1.2498 ent0.0426 VRAM 24MB
Ep  800 | M0_PDR 0.709 | M1_PDR 0.537 | H_m0 2.24 H_m1 3.21 | a-0.1214 c2.3591 ent0.0422 VRAM 24MB
Ep  850 | M0_PDR 0.732 | M1_PDR 0.557 | H_m0 2.30 H_m1 3.20 | a-0.1195 c1.4605 ent0.0417 VRAM 24MB
Error: tcpip::Socket::accept() Unable to create listening socket: Address already in use
Quitting (on error).
Ep  900 | M0_PDR 0.654 | M1_PDR 0.609 | H_m0 2.46 H_m1 3.20 | a-0.1202 c2.1081 ent0.0412 VRAM 24MB
Ep  950 | M0_PDR 0.721 | M1_PDR 0.589 | H_m0 2.42 H_m1 3.19 | a-0.1180 c1.7937 ent0.0407 VRAM 24MB
Ep 1000 | M0_PDR 0.712 | M1_PDR 0.566 | H_m0 2.40 H_m1 3.11 | a-0.1146 c1.4748 ent0.0402 VRAM 24MB
Ep 1050 | M0_PDR 0.714 | M1_PDR 0.549 | H_m0 2.34 H_m1 3.18 | a-0.1137 c1.2414 ent0.0397 VRAM 24MB
Ep 1100 | M0_PDR 0.700 | M1_PDR 0.566 | H_m0 2.37 H_m1 3.20 | a-0.1128 c2.1607 ent0.0392 VRAM 24MB
Ep 1150 | M0_PDR 0.708 | M1_PDR 0.542 | H_m0 2.21 H_m1 3.19 | a-0.1086 c2.1262 ent0.0387 VRAM 24MB
Ep 1200 | M0_PDR 0.675 | M1_PDR 0.619 | H_m0 2.26 H_m1 3.17 | a-0.1079 c1.5727 ent0.0382 VRAM 24MB
Ep 1250 | M0_PDR 0.717 | M1_PDR 0.561 | H_m0 2.17 H_m1 3.18 | a-0.1054 c2.0839 ent0.0377 VRAM 24MB
Ep 1300 | M0_PDR 0.701 | M1_PDR 0.566 | H_m0 2.29 H_m1 3.16 | a-0.1054 c1.3560 ent0.0373 VRAM 24MB
Ep 1350 | M0_PDR 0.667 | M1_PDR 0.580 | H_m0 2.35 H_m1 3.16 | a-0.1053 c1.7636 ent0.0368 VRAM 24MB
Ep 1400 | M0_PDR 0.688 | M1_PDR 0.613 | H_m0 2.33 H_m1 3.15 | a-0.1030 c1.3418 ent0.0363 VRAM 24MB
Ep 1450 | M0_PDR 0.717 | M1_PDR 0.569 | H_m0 2.14 H_m1 3.18 | a-0.1002 c1.5420 ent0.0358 VRAM 24MB
Ep 1500 | M0_PDR 0.684 | M1_PDR 0.576 | H_m0 2.30 H_m1 3.11 | a-0.1001 c1.7777 ent0.0353 VRAM 24MB
Ep 1550 | M0_PDR 0.683 | M1_PDR 0.571 | H_m0 2.16 H_m1 3.18 | a-0.0975 c2.1503 ent0.0348 VRAM 24MB
Ep 1600 | M0_PDR 0.756 | M1_PDR 0.584 | H_m0 2.11 H_m1 3.18 | a-0.0965 c2.2397 ent0.0343 VRAM 24MB
Ep 1650 | M0_PDR 0.714 | M1_PDR 0.584 | H_m0 2.11 H_m1 3.17 | a-0.0932 c1.8474 ent0.0338 VRAM 24MB
Ep 1700 | M0_PDR 0.693 | M1_PDR 0.597 | H_m0 2.10 H_m1 3.19 | a-0.0925 c2.1386 ent0.0333 VRAM 24MB
Ep 1750 | M0_PDR 0.766 | M1_PDR 0.581 | H_m0 2.08 H_m1 3.18 | a-0.0910 c1.6678 ent0.0328 VRAM 24MB
Ep 1800 | M0_PDR 0.752 | M1_PDR 0.625 | H_m0 1.87 H_m1 3.20 | a-0.0867 c1.7806 ent0.0324 VRAM 24MB
Ep 1850 | M0_PDR 0.697 | M1_PDR 0.576 | H_m0 2.05 H_m1 3.18 | a-0.0875 c1.5156 ent0.0319 VRAM 24MB
Ep 1900 | M0_PDR 0.716 | M1_PDR 0.610 | H_m0 2.01 H_m1 3.19 | a-0.0862 c2.4524 ent0.0314 VRAM 24MB
Ep 1950 | M0_PDR 0.690 | M1_PDR 0.583 | H_m0 2.30 H_m1 3.18 | a-0.0885 c1.6618 ent0.0309 VRAM 24MB
Ep 2000 | M0_PDR 0.742 | M1_PDR 0.580 | H_m0 1.96 H_m1 3.17 | a-0.0822 c2.4705 ent0.0304 VRAM 24MB
Ep 2050 | M0_PDR 0.705 | M1_PDR 0.596 | H_m0 2.20 H_m1 3.17 | a-0.0838 c1.7796 ent0.0299 VRAM 24MB
Ep 2100 | M0_PDR 0.666 | M1_PDR 0.569 | H_m0 2.23 H_m1 3.18 | a-0.0831 c2.0103 ent0.0294 VRAM 24MB
Ep 2150 | M0_PDR 0.685 | M1_PDR 0.569 | H_m0 2.24 H_m1 3.19 | a-0.0818 c1.6024 ent0.0289 VRAM 24MB
Ep 2200 | M0_PDR 0.723 | M1_PDR 0.603 | H_m0 2.16 H_m1 3.19 | a-0.0795 c1.5007 ent0.0284 VRAM 24MB
Ep 2250 | M0_PDR 0.686 | M1_PDR 0.632 | H_m0 2.15 H_m1 3.20 | a-0.0785 c2.2842 ent0.0279 VRAM 24MB
Ep 2300 | M0_PDR 0.703 | M1_PDR 0.590 | H_m0 1.98 H_m1 3.19 | a-0.0750 c1.9813 ent0.0275 VRAM 24MB
Ep 2350 | M0_PDR 0.684 | M1_PDR 0.590 | H_m0 1.97 H_m1 3.18 | a-0.0742 c1.7711 ent0.0270 VRAM 24MB
Ep 2400 | M0_PDR 0.705 | M1_PDR 0.584 | H_m0 1.96 H_m1 3.17 | a-0.0717 c1.4288 ent0.0265 VRAM 24MB
Ep 2450 | M0_PDR 0.705 | M1_PDR 0.572 | H_m0 1.94 H_m1 3.16 | a-0.0704 c1.5295 ent0.0260 VRAM 24MB
Ep 2500 | M0_PDR 0.718 | M1_PDR 0.559 | H_m0 1.89 H_m1 3.14 | a-0.0678 c1.5464 ent0.0255 VRAM 24MB
Ep 2550 | M0_PDR 0.744 | M1_PDR 0.635 | H_m0 1.87 H_m1 3.15 | a-0.0664 c1.6688 ent0.0250 VRAM 24MB
Ep 2600 | M0_PDR 0.707 | M1_PDR 0.585 | H_m0 1.87 H_m1 3.17 | a-0.0652 c2.4475 ent0.0245 VRAM 24MB
Ep 2650 | M0_PDR 0.710 | M1_PDR 0.596 | H_m0 1.97 H_m1 3.16 | a-0.0651 c1.5102 ent0.0240 VRAM 24MB
Ep 2700 | M0_PDR 0.671 | M1_PDR 0.566 | H_m0 1.92 H_m1 3.14 | a-0.0629 c2.1045 ent0.0235 VRAM 24MB
Ep 2750 | M0_PDR 0.723 | M1_PDR 0.585 | H_m0 1.88 H_m1 3.13 | a-0.0609 c1.6866 ent0.0230 VRAM 24MB
Ep 2800 | M0_PDR 0.702 | M1_PDR 0.602 | H_m0 1.88 H_m1 3.08 | a-0.0596 c1.9220 ent0.0226 VRAM 24MB
Ep 2850 | M0_PDR 0.728 | M1_PDR 0.632 | H_m0 1.78 H_m1 3.09 | a-0.0570 c1.8338 ent0.0221 VRAM 24MB
Ep 2900 | M0_PDR 0.714 | M1_PDR 0.580 | H_m0 1.75 H_m1 3.08 | a-0.0557 c1.7843 ent0.0216 VRAM 24MB
Ep 2950 | M0_PDR 0.699 | M1_PDR 0.608 | H_m0 1.70 H_m1 3.03 | a-0.0532 c1.7987 ent0.0211 VRAM 24MB
Ep 3000 | M0_PDR 0.702 | M1_PDR 0.603 | H_m0 1.78 H_m1 3.08 | a-0.0532 c2.2507 ent0.0206 VRAM 24MB
Ep 3050 | M0_PDR 0.723 | M1_PDR 0.604 | H_m0 1.73 H_m1 3.07 | a-0.0517 c1.6692 ent0.0201 VRAM 24MB
Ep 3100 | M0_PDR 0.705 | M1_PDR 0.589 | H_m0 1.75 H_m1 3.06 | a-0.0504 c1.9506 ent0.0196 VRAM 24MB
Ep 3150 | M0_PDR 0.693 | M1_PDR 0.558 | H_m0 1.73 H_m1 3.08 | a-0.0488 c1.4239 ent0.0191 VRAM 24MB
Ep 3200 | M0_PDR 0.706 | M1_PDR 0.628 | H_m0 1.74 H_m1 3.07 | a-0.0474 c1.6582 ent0.0186 VRAM 24MB
Ep 3250 | M0_PDR 0.702 | M1_PDR 0.593 | H_m0 1.75 H_m1 3.05 | a-0.0463 c1.7049 ent0.0181 VRAM 24MB
Ep 3300 | M0_PDR 0.681 | M1_PDR 0.562 | H_m0 1.76 H_m1 3.07 | a-0.0454 c1.4228 ent0.0177 VRAM 24MB
Ep 3350 | M0_PDR 0.709 | M1_PDR 0.589 | H_m0 1.78 H_m1 3.06 | a-0.0441 c1.7421 ent0.0172 VRAM 24MB
Ep 3400 | M0_PDR 0.696 | M1_PDR 0.584 | H_m0 1.73 H_m1 3.02 | a-0.0418 c1.4474 ent0.0167 VRAM 24MB
Ep 3450 | M0_PDR 0.711 | M1_PDR 0.609 | H_m0 1.74 H_m1 3.07 | a-0.0416 c1.8696 ent0.0162 VRAM 24MB
Ep 3500 | M0_PDR 0.720 | M1_PDR 0.563 | H_m0 1.76 H_m1 3.08 | a-0.0403 c1.4955 ent0.0157 VRAM 24MB
Ep 3550 | M0_PDR 0.689 | M1_PDR 0.584 | H_m0 1.79 H_m1 3.09 | a-0.0392 c1.6375 ent0.0152 VRAM 24MB
Ep 3600 | M0_PDR 0.722 | M1_PDR 0.625 | H_m0 1.73 H_m1 3.10 | a-0.0377 c1.6640 ent0.0147 VRAM 24MB
Ep 3650 | M0_PDR 0.696 | M1_PDR 0.628 | H_m0 1.80 H_m1 3.10 | a-0.0370 c1.9057 ent0.0142 VRAM 24MB
Ep 3700 | M0_PDR 0.699 | M1_PDR 0.602 | H_m0 1.75 H_m1 3.09 | a-0.0354 c1.3749 ent0.0137 VRAM 24MB
Ep 3750 | M0_PDR 0.713 | M1_PDR 0.591 | H_m0 1.77 H_m1 3.09 | a-0.0341 c1.6476 ent0.0132 VRAM 24MB
Ep 3800 | M0_PDR 0.695 | M1_PDR 0.592 | H_m0 1.79 H_m1 3.09 | a-0.0331 c1.7113 ent0.0128 VRAM 24MB
Ep 3850 | M0_PDR 0.712 | M1_PDR 0.590 | H_m0 1.76 H_m1 3.09 | a-0.0317 c2.0080 ent0.0123 VRAM 24MB
Ep 3900 | M0_PDR 0.697 | M1_PDR 0.593 | H_m0 1.78 H_m1 3.09 | a-0.0305 c1.6585 ent0.0118 VRAM 24MB
Ep 3950 | M0_PDR 0.710 | M1_PDR 0.581 | H_m0 1.77 H_m1 3.07 | a-0.0289 c1.4126 ent0.0113 VRAM 24MB
Ep 4000 | M0_PDR 0.664 | M1_PDR 0.564 | H_m0 1.76 H_m1 3.05 | a-0.0274 c1.5674 ent0.0108 VRAM 24MB
Ep 4050 | M0_PDR 0.747 | M1_PDR 0.630 | H_m0 1.72 H_m1 3.07 | a-0.0262 c1.4876 ent0.0103 VRAM 24MB
Ep 4100 | M0_PDR 0.704 | M1_PDR 0.609 | H_m0 1.73 H_m1 3.07 | a-0.0250 c2.2217 ent0.0098 VRAM 24MB
Ep 4150 | M0_PDR 0.675 | M1_PDR 0.599 | H_m0 1.73 H_m1 3.06 | a-0.0237 c1.4919 ent0.0093 VRAM 24MB
Ep 4200 | M0_PDR 0.727 | M1_PDR 0.640 | H_m0 1.70 H_m1 3.06 | a-0.0223 c2.3630 ent0.0088 VRAM 24MB
Ep 4250 | M0_PDR 0.723 | M1_PDR 0.594 | H_m0 1.69 H_m1 3.06 | a-0.0210 c1.4481 ent0.0083 VRAM 24MB
Ep 4300 | M0_PDR 0.698 | M1_PDR 0.597 | H_m0 1.70 H_m1 3.05 | a-0.0198 c1.5030 ent0.0079 VRAM 24MB
Ep 4350 | M0_PDR 0.674 | M1_PDR 0.575 | H_m0 1.70 H_m1 3.05 | a-0.0185 c1.9165 ent0.0074 VRAM 24MB
Ep 4400 | M0_PDR 0.695 | M1_PDR 0.617 | H_m0 1.70 H_m1 3.04 | a-0.0172 c1.7499 ent0.0069 VRAM 24MB
Ep 4450 | M0_PDR 0.697 | M1_PDR 0.595 | H_m0 1.70 H_m1 3.04 | a-0.0160 c2.3281 ent0.0064 VRAM 24MB
Ep 4500 | M0_PDR 0.695 | M1_PDR 0.582 | H_m0 1.68 H_m1 3.05 | a-0.0147 c1.9953 ent0.0059 VRAM 24MB
Ep 4550 | M0_PDR 0.721 | M1_PDR 0.610 | H_m0 1.67 H_m1 3.03 | a-0.0135 c1.5489 ent0.0054 VRAM 24MB
Ep 4600 | M0_PDR 0.682 | M1_PDR 0.602 | H_m0 1.68 H_m1 3.02 | a-0.0123 c2.0006 ent0.0049 VRAM 24MB
Ep 4650 | M0_PDR 0.698 | M1_PDR 0.613 | H_m0 1.66 H_m1 3.04 | a-0.0110 c1.6843 ent0.0044 VRAM 24MB
Ep 4700 | M0_PDR 0.683 | M1_PDR 0.595 | H_m0 1.68 H_m1 3.03 | a-0.0099 c2.4681 ent0.0039 VRAM 24MB
Ep 4750 | M0_PDR 0.657 | M1_PDR 0.576 | H_m0 1.68 H_m1 3.04 | a-0.0087 c2.3069 ent0.0034 VRAM 24MB
Ep 4800 | M0_PDR 0.679 | M1_PDR 0.602 | H_m0 1.67 H_m1 3.04 | a-0.0074 c1.7035 ent0.0030 VRAM 24MB
Ep 4850 | M0_PDR 0.685 | M1_PDR 0.595 | H_m0 1.68 H_m1 3.04 | a-0.0062 c1.9726 ent0.0025 VRAM 24MB
Ep 4900 | M0_PDR 0.721 | M1_PDR 0.630 | H_m0 1.66 H_m1 3.04 | a-0.0049 c1.8907 ent0.0020 VRAM 24MB
Ep 4950 | M0_PDR 0.704 | M1_PDR 0.587 | H_m0 1.66 H_m1 3.03 | a-0.0037 c1.4800 ent0.0015 VRAM 24MB

Training complete. Running 100 eval episodes...

  Eval ep   0: M0_PDR=0.678  M1_PDR=0.627
  Eval ep  20: M0_PDR=0.709  M1_PDR=0.564
  Eval ep  40: M0_PDR=0.714  M1_PDR=0.593
  Eval ep  60: M0_PDR=0.677  M1_PDR=0.608
  Eval ep  80: M0_PDR=0.688  M1_PDR=0.587

=== Eval Summary (100 episodes) ===
  M0_PDR_mean         : 0.6980
  M0_PDR_p05 (across) : 0.6681
  M0_PDR_p05 (intra)  : 0.0236
  M1_PDR_mean         : 0.6011
  M0_SINR_mean (dB)   : 16.05
  M1_SINR_mean (dB)   : 8.07
  M0_collision_rate   : 0.590
  M0_collision_within_pool : 0.214
  M1_collision_within_pool : 0.364

Result saved -> results/_A_N5_seed4_5000ep.json
  N=5  rho=1.0  M0_PDR=0.698  M1_PDR=0.601
[NS3Bridge] Shutdown complete.
Run complete.
