[seed] all RNGs seeded with 3
GPU : NVIDIA GeForce RTX 3060
VRAM: 12.9 GB
Device          : cuda:0
Actor M0 params : 21,273
Actor M1 params : 21,273
Critic params   : 82,177
obs_dim=11  action_dim=25  gs_dim=60
M0 count: 2  M1 count: 3
Training for 5000 episodes (Config A_N5_seed3_5000ep, N=5)...

[NS3Bridge] Connected tcp://localhost:6666
Ep    0 | M0_PDR 0.618 | M1_PDR 0.621 | H_m0 3.22 H_m1 3.22 | a-0.1668 c27.9617 ent0.0500 VRAM 24MB
Ep   50 | M0_PDR 0.599 | M1_PDR 0.599 | H_m0 3.17 H_m1 3.19 | a-0.1586 c10.2553 ent0.0495 VRAM 24MB
Ep  100 | M0_PDR 0.613 | M1_PDR 0.628 | H_m0 3.07 H_m1 3.18 | a-0.1555 c8.6864 ent0.0490 VRAM 24MB
Ep  150 | M0_PDR 0.672 | M1_PDR 0.650 | H_m0 2.93 H_m1 3.19 | a-0.1507 c5.4166 ent0.0485 VRAM 24MB
Ep  200 | M0_PDR 0.671 | M1_PDR 0.582 | H_m0 2.83 H_m1 3.20 | a-0.1501 c3.3673 ent0.0480 VRAM 24MB
Ep  250 | M0_PDR 0.627 | M1_PDR 0.594 | H_m0 2.89 H_m1 3.19 | a-0.1472 c2.7358 ent0.0475 VRAM 24MB
Ep  300 | M0_PDR 0.635 | M1_PDR 0.593 | H_m0 2.77 H_m1 3.17 | a-0.1434 c3.2855 ent0.0471 VRAM 24MB
Ep  350 | M0_PDR 0.669 | M1_PDR 0.580 | H_m0 2.67 H_m1 3.17 | a-0.1425 c2.1781 ent0.0466 VRAM 24MB
Ep  400 | M0_PDR 0.651 | M1_PDR 0.592 | H_m0 2.39 H_m1 3.17 | a-0.1332 c1.9281 ent0.0461 VRAM 24MB
Ep  450 | M0_PDR 0.704 | M1_PDR 0.578 | H_m0 2.34 H_m1 3.20 | a-0.1307 c1.6015 ent0.0456 VRAM 24MB
Ep  500 | M0_PDR 0.664 | M1_PDR 0.583 | H_m0 2.50 H_m1 3.20 | a-0.1321 c2.3402 ent0.0451 VRAM 24MB
Ep  550 | M0_PDR 0.713 | M1_PDR 0.557 | H_m0 2.48 H_m1 3.20 | a-0.1309 c1.9283 ent0.0446 VRAM 24MB
Ep  600 | M0_PDR 0.717 | M1_PDR 0.593 | H_m0 2.49 H_m1 3.21 | a-0.1309 c2.5012 ent0.0441 VRAM 24MB
Ep  650 | M0_PDR 0.742 | M1_PDR 0.571 | H_m0 2.36 H_m1 3.21 | a-0.1257 c2.1336 ent0.0436 VRAM 24MB
Ep  700 | M0_PDR 0.684 | M1_PDR 0.590 | H_m0 2.53 H_m1 3.18 | a-0.1271 c1.9617 ent0.0431 VRAM 24MB
Ep  750 | M0_PDR 0.690 | M1_PDR 0.600 | H_m0 2.33 H_m1 3.20 | a-0.1221 c1.7807 ent0.0426 VRAM 24MB
Ep  800 | M0_PDR 0.701 | M1_PDR 0.612 | H_m0 2.37 H_m1 3.19 | a-0.1222 c2.0081 ent0.0422 VRAM 24MB
Ep  850 | M0_PDR 0.725 | M1_PDR 0.606 | H_m0 2.34 H_m1 3.18 | a-0.1203 c2.0161 ent0.0417 VRAM 24MB
Ep  900 | M0_PDR 0.654 | M1_PDR 0.598 | H_m0 2.42 H_m1 3.20 | a-0.1204 c1.7116 ent0.0412 VRAM 24MB
Ep  950 | M0_PDR 0.686 | M1_PDR 0.595 | H_m0 2.42 H_m1 3.20 | a-0.1193 c2.3376 ent0.0407 VRAM 24MB
Ep 1000 | M0_PDR 0.717 | M1_PDR 0.556 | H_m0 2.27 H_m1 3.19 | a-0.1141 c1.5645 ent0.0402 VRAM 24MB
Ep 1050 | M0_PDR 0.685 | M1_PDR 0.591 | H_m0 2.45 H_m1 3.20 | a-0.1157 c1.6987 ent0.0397 VRAM 24MB
Ep 1100 | M0_PDR 0.675 | M1_PDR 0.596 | H_m0 2.41 H_m1 3.18 | a-0.1135 c2.2333 ent0.0392 VRAM 24MB
Ep 1150 | M0_PDR 0.718 | M1_PDR 0.611 | H_m0 2.32 H_m1 3.17 | a-0.1122 c1.8127 ent0.0387 VRAM 24MB
Ep 1200 | M0_PDR 0.708 | M1_PDR 0.557 | H_m0 2.25 H_m1 3.18 | a-0.1087 c1.7552 ent0.0382 VRAM 24MB
Ep 1250 | M0_PDR 0.689 | M1_PDR 0.585 | H_m0 2.25 H_m1 3.19 | a-0.1066 c1.3297 ent0.0377 VRAM 24MB
Ep 1300 | M0_PDR 0.696 | M1_PDR 0.561 | H_m0 2.22 H_m1 3.19 | a-0.1059 c2.1426 ent0.0373 VRAM 24MB
Ep 1350 | M0_PDR 0.732 | M1_PDR 0.555 | H_m0 2.18 H_m1 3.19 | a-0.1035 c1.5548 ent0.0368 VRAM 24MB
Ep 1400 | M0_PDR 0.659 | M1_PDR 0.560 | H_m0 2.30 H_m1 3.19 | a-0.1033 c1.8613 ent0.0363 VRAM 24MB
Ep 1450 | M0_PDR 0.745 | M1_PDR 0.605 | H_m0 2.21 H_m1 3.18 | a-0.1005 c1.4191 ent0.0358 VRAM 24MB
Ep 1500 | M0_PDR 0.692 | M1_PDR 0.589 | H_m0 2.14 H_m1 3.18 | a-0.0988 c1.8276 ent0.0353 VRAM 24MB
Ep 1550 | M0_PDR 0.730 | M1_PDR 0.581 | H_m0 2.01 H_m1 3.19 | a-0.0954 c1.2212 ent0.0348 VRAM 24MB
Ep 1600 | M0_PDR 0.732 | M1_PDR 0.603 | H_m0 2.17 H_m1 3.15 | a-0.0969 c1.9835 ent0.0343 VRAM 24MB
Ep 1650 | M0_PDR 0.712 | M1_PDR 0.537 | H_m0 2.22 H_m1 3.16 | a-0.0951 c1.3413 ent0.0338 VRAM 24MB
Ep 1700 | M0_PDR 0.711 | M1_PDR 0.590 | H_m0 2.09 H_m1 3.15 | a-0.0907 c1.9507 ent0.0333 VRAM 24MB
Ep 1750 | M0_PDR 0.721 | M1_PDR 0.587 | H_m0 2.15 H_m1 3.17 | a-0.0911 c1.5608 ent0.0328 VRAM 24MB
Ep 1800 | M0_PDR 0.707 | M1_PDR 0.620 | H_m0 2.34 H_m1 3.15 | a-0.0921 c2.0862 ent0.0324 VRAM 24MB
Ep 1850 | M0_PDR 0.706 | M1_PDR 0.589 | H_m0 2.15 H_m1 3.14 | a-0.0879 c1.4120 ent0.0319 VRAM 24MB
Ep 1900 | M0_PDR 0.703 | M1_PDR 0.554 | H_m0 2.01 H_m1 3.17 | a-0.0850 c1.7394 ent0.0314 VRAM 24MB
Ep 1950 | M0_PDR 0.715 | M1_PDR 0.589 | H_m0 2.09 H_m1 3.16 | a-0.0846 c1.8967 ent0.0309 VRAM 24MB
Ep 2000 | M0_PDR 0.677 | M1_PDR 0.579 | H_m0 2.23 H_m1 3.16 | a-0.0852 c2.0949 ent0.0304 VRAM 24MB
Ep 2050 | M0_PDR 0.685 | M1_PDR 0.560 | H_m0 2.34 H_m1 3.15 | a-0.0847 c2.0183 ent0.0299 VRAM 24MB
Ep 2100 | M0_PDR 0.675 | M1_PDR 0.610 | H_m0 2.23 H_m1 3.15 | a-0.0820 c2.2068 ent0.0294 VRAM 24MB
Ep 2150 | M0_PDR 0.677 | M1_PDR 0.581 | H_m0 2.16 H_m1 3.16 | a-0.0798 c1.7174 ent0.0289 VRAM 24MB
Ep 2200 | M0_PDR 0.705 | M1_PDR 0.602 | H_m0 2.16 H_m1 3.15 | a-0.0784 c2.1025 ent0.0284 VRAM 24MB
Ep 2250 | M0_PDR 0.699 | M1_PDR 0.607 | H_m0 2.00 H_m1 3.13 | a-0.0756 c1.8265 ent0.0279 VRAM 24MB
Ep 2300 | M0_PDR 0.728 | M1_PDR 0.626 | H_m0 1.96 H_m1 3.16 | a-0.0744 c1.7607 ent0.0275 VRAM 24MB
Ep 2350 | M0_PDR 0.712 | M1_PDR 0.574 | H_m0 1.94 H_m1 3.14 | a-0.0727 c2.2154 ent0.0270 VRAM 24MB
Ep 2400 | M0_PDR 0.678 | M1_PDR 0.602 | H_m0 1.86 H_m1 3.06 | a-0.0688 c1.5903 ent0.0265 VRAM 24MB
Ep 2450 | M0_PDR 0.718 | M1_PDR 0.605 | H_m0 1.90 H_m1 3.07 | a-0.0682 c1.8503 ent0.0260 VRAM 24MB
Ep 2500 | M0_PDR 0.706 | M1_PDR 0.587 | H_m0 1.87 H_m1 3.11 | a-0.0669 c1.5784 ent0.0255 VRAM 24MB
Ep 2550 | M0_PDR 0.706 | M1_PDR 0.542 | H_m0 1.89 H_m1 3.12 | a-0.0663 c1.9246 ent0.0250 VRAM 24MB
Ep 2600 | M0_PDR 0.674 | M1_PDR 0.574 | H_m0 1.82 H_m1 3.14 | a-0.0650 c2.3240 ent0.0245 VRAM 24MB
Ep 2650 | M0_PDR 0.693 | M1_PDR 0.581 | H_m0 1.81 H_m1 3.15 | a-0.0632 c1.8679 ent0.0240 VRAM 24MB
Ep 2700 | M0_PDR 0.728 | M1_PDR 0.560 | H_m0 1.81 H_m1 3.14 | a-0.0618 c1.4352 ent0.0235 VRAM 24MB
Ep 2750 | M0_PDR 0.749 | M1_PDR 0.607 | H_m0 1.86 H_m1 3.14 | a-0.0612 c1.3316 ent0.0230 VRAM 24MB
Ep 2800 | M0_PDR 0.683 | M1_PDR 0.552 | H_m0 1.75 H_m1 3.13 | a-0.0583 c2.0815 ent0.0226 VRAM 24MB
Ep 2850 | M0_PDR 0.764 | M1_PDR 0.579 | H_m0 1.68 H_m1 3.12 | a-0.0563 c1.4744 ent0.0221 VRAM 24MB
Ep 2900 | M0_PDR 0.744 | M1_PDR 0.621 | H_m0 1.54 H_m1 3.09 | a-0.0535 c2.0792 ent0.0216 VRAM 24MB
Ep 2950 | M0_PDR 0.749 | M1_PDR 0.600 | H_m0 1.15 H_m1 3.07 | a-0.0509 c1.9998 ent0.0211 VRAM 24MB
Ep 3000 | M0_PDR 0.861 | M1_PDR 0.606 | H_m0 0.74 H_m1 2.92 | a-0.0431 c1.5552 ent0.0206 VRAM 24MB
Ep 3050 | M0_PDR 0.897 | M1_PDR 0.630 | H_m0 0.51 H_m1 2.90 | a-0.0396 c1.2072 ent0.0201 VRAM 24MB
Ep 3100 | M0_PDR 0.923 | M1_PDR 0.638 | H_m0 0.28 H_m1 2.77 | a-0.0357 c0.8929 ent0.0196 VRAM 24MB
Ep 3150 | M0_PDR 0.934 | M1_PDR 0.650 | H_m0 0.10 H_m1 2.62 | a-0.0315 c0.8365 ent0.0191 VRAM 24MB
Ep 3200 | M0_PDR 0.964 | M1_PDR 0.641 | H_m0 0.04 H_m1 2.50 | a-0.0285 c0.7502 ent0.0186 VRAM 24MB
Ep 3250 | M0_PDR 0.967 | M1_PDR 0.656 | H_m0 0.02 H_m1 2.46 | a-0.0272 c0.6279 ent0.0181 VRAM 24MB
Ep 3300 | M0_PDR 0.985 | M1_PDR 0.641 | H_m0 0.02 H_m1 2.33 | a-0.0250 c0.5232 ent0.0177 VRAM 24MB
Ep 3350 | M0_PDR 0.978 | M1_PDR 0.655 | H_m0 0.02 H_m1 2.36 | a-0.0248 c0.6705 ent0.0172 VRAM 24MB
Ep 3400 | M0_PDR 0.983 | M1_PDR 0.655 | H_m0 0.01 H_m1 2.29 | a-0.0232 c0.5268 ent0.0167 VRAM 24MB
Ep 3450 | M0_PDR 0.997 | M1_PDR 0.639 | H_m0 0.01 H_m1 2.23 | a-0.0218 c0.3990 ent0.0162 VRAM 24MB
Ep 3500 | M0_PDR 0.988 | M1_PDR 0.667 | H_m0 0.01 H_m1 2.18 | a-0.0208 c0.4715 ent0.0157 VRAM 24MB
Ep 3550 | M0_PDR 0.985 | M1_PDR 0.665 | H_m0 0.01 H_m1 2.21 | a-0.0206 c0.4231 ent0.0152 VRAM 24MB
Ep 3600 | M0_PDR 0.985 | M1_PDR 0.679 | H_m0 0.01 H_m1 2.22 | a-0.0199 c0.4634 ent0.0147 VRAM 24MB
Ep 3650 | M0_PDR 0.988 | M1_PDR 0.653 | H_m0 0.01 H_m1 2.21 | a-0.0190 c0.4916 ent0.0142 VRAM 24MB
Ep 3700 | M0_PDR 0.995 | M1_PDR 0.624 | H_m0 0.00 H_m1 2.15 | a-0.0178 c0.4233 ent0.0137 VRAM 24MB
Ep 3750 | M0_PDR 0.995 | M1_PDR 0.656 | H_m0 0.00 H_m1 2.13 | a-0.0170 c0.4101 ent0.0132 VRAM 24MB
Ep 3800 | M0_PDR 0.993 | M1_PDR 0.646 | H_m0 0.01 H_m1 2.10 | a-0.0161 c0.4268 ent0.0128 VRAM 24MB
Ep 3850 | M0_PDR 0.987 | M1_PDR 0.648 | H_m0 0.00 H_m1 2.06 | a-0.0153 c0.4978 ent0.0123 VRAM 24MB
Ep 3900 | M0_PDR 0.998 | M1_PDR 0.674 | H_m0 0.00 H_m1 2.09 | a-0.0148 c0.4076 ent0.0118 VRAM 24MB
Ep 3950 | M0_PDR 0.995 | M1_PDR 0.673 | H_m0 0.00 H_m1 2.14 | a-0.0146 c0.3973 ent0.0113 VRAM 24MB
Ep 4000 | M0_PDR 0.992 | M1_PDR 0.667 | H_m0 0.00 H_m1 2.11 | a-0.0137 c0.4360 ent0.0108 VRAM 24MB
Ep 4050 | M0_PDR 0.997 | M1_PDR 0.698 | H_m0 0.00 H_m1 2.07 | a-0.0129 c0.3888 ent0.0103 VRAM 24MB
Ep 4100 | M0_PDR 0.994 | M1_PDR 0.666 | H_m0 0.00 H_m1 2.04 | a-0.0123 c0.4235 ent0.0098 VRAM 24MB
Ep 4150 | M0_PDR 1.000 | M1_PDR 0.690 | H_m0 0.00 H_m1 2.04 | a-0.0115 c0.3964 ent0.0093 VRAM 24MB
Ep 4200 | M0_PDR 0.994 | M1_PDR 0.681 | H_m0 0.00 H_m1 2.00 | a-0.0107 c0.4099 ent0.0088 VRAM 24MB
Ep 4250 | M0_PDR 0.993 | M1_PDR 0.667 | H_m0 0.00 H_m1 1.99 | a-0.0100 c0.4498 ent0.0083 VRAM 24MB
Ep 4300 | M0_PDR 0.997 | M1_PDR 0.682 | H_m0 0.00 H_m1 1.98 | a-0.0094 c0.3780 ent0.0079 VRAM 24MB
Ep 4350 | M0_PDR 0.998 | M1_PDR 0.665 | H_m0 0.00 H_m1 1.96 | a-0.0088 c0.4042 ent0.0074 VRAM 24MB
Ep 4400 | M0_PDR 0.998 | M1_PDR 0.666 | H_m0 0.00 H_m1 1.97 | a-0.0081 c0.3829 ent0.0069 VRAM 24MB
Ep 4450 | M0_PDR 0.988 | M1_PDR 0.672 | H_m0 0.00 H_m1 1.95 | a-0.0075 c0.4533 ent0.0064 VRAM 24MB
Ep 4500 | M0_PDR 0.998 | M1_PDR 0.650 | H_m0 0.00 H_m1 1.92 | a-0.0068 c0.3956 ent0.0059 VRAM 24MB
Ep 4550 | M0_PDR 0.998 | M1_PDR 0.669 | H_m0 0.00 H_m1 1.90 | a-0.0062 c0.3793 ent0.0054 VRAM 24MB
Ep 4600 | M0_PDR 0.995 | M1_PDR 0.672 | H_m0 0.00 H_m1 1.88 | a-0.0056 c0.3875 ent0.0049 VRAM 24MB
Ep 4650 | M0_PDR 1.000 | M1_PDR 0.679 | H_m0 0.00 H_m1 1.88 | a-0.0050 c0.3712 ent0.0044 VRAM 24MB
Ep 4700 | M0_PDR 0.997 | M1_PDR 0.708 | H_m0 0.00 H_m1 1.87 | a-0.0044 c0.3958 ent0.0039 VRAM 24MB
Ep 4750 | M0_PDR 0.993 | M1_PDR 0.672 | H_m0 0.00 H_m1 1.87 | a-0.0039 c0.3975 ent0.0034 VRAM 24MB
Ep 4800 | M0_PDR 0.998 | M1_PDR 0.656 | H_m0 0.00 H_m1 1.85 | a-0.0034 c0.3777 ent0.0030 VRAM 24MB
Ep 4850 | M0_PDR 1.000 | M1_PDR 0.695 | H_m0 0.00 H_m1 1.82 | a-0.0027 c0.3775 ent0.0025 VRAM 24MB
Ep 4900 | M0_PDR 0.994 | M1_PDR 0.669 | H_m0 0.00 H_m1 1.81 | a-0.0022 c0.3918 ent0.0020 VRAM 24MB
Ep 4950 | M0_PDR 1.000 | M1_PDR 0.717 | H_m0 0.00 H_m1 1.79 | a-0.0016 c0.3700 ent0.0015 VRAM 24MB

Training complete. Running 100 eval episodes...

  Eval ep   0: M0_PDR=1.000  M1_PDR=0.680
  Eval ep  20: M0_PDR=0.993  M1_PDR=0.687
  Eval ep  40: M0_PDR=0.998  M1_PDR=0.689
  Eval ep  60: M0_PDR=0.998  M1_PDR=0.705
  Eval ep  80: M0_PDR=0.997  M1_PDR=0.678

=== Eval Summary (100 episodes) ===
  M0_PDR_mean         : 0.9976
  M0_PDR_p05 (across) : 0.9939
  M0_PDR_p05 (intra)  : 1.0000
  M1_PDR_mean         : 0.6736
  M0_SINR_mean (dB)   : 47.30
  M1_SINR_mean (dB)   : 13.76
  M0_collision_rate   : 0.006
  M0_collision_within_pool : 0.000
  M1_collision_within_pool : 0.554

Result saved -> results/_A_N5_seed3_5000ep.json
  N=5  rho=1.0  M0_PDR=0.998  M1_PDR=0.674
[NS3Bridge] Shutdown complete.
Run complete.
