[seed] all RNGs seeded with 2
GPU : NVIDIA GeForce RTX 3060
VRAM: 12.9 GB
Device          : cuda:0
Actor M0 params : 21,273
Actor M1 params : 21,273
Critic params   : 84,993
obs_dim=11  action_dim=25  gs_dim=60
M0 count: 2  M1 count: 3
Training for 5000 episodes (Config A_N5_seed2_5000ep_gaefix_g05_ent01_as, N=5)...

[NS3Bridge] Connected tcp://localhost:9146
Ep    0 | M0_PDR 0.614 | M1_PDR 0.619 | H_m0 3.22 H_m1 3.22 | a-0.0361 c0.6244 ent0.0100 VRAM 25MB
Ep   50 | M0_PDR 0.776 | M1_PDR 0.624 | H_m0 1.29 H_m1 1.58 | a-0.0207 c0.1203 ent0.0099 VRAM 25MB
Ep  100 | M0_PDR 0.788 | M1_PDR 0.652 | H_m0 1.11 H_m1 1.43 | a-0.0138 c0.1151 ent0.0098 VRAM 25MB
Ep  150 | M0_PDR 0.720 | M1_PDR 0.683 | H_m0 0.74 H_m1 1.24 | a-0.0103 c0.1176 ent0.0097 VRAM 25MB
Ep  200 | M0_PDR 0.762 | M1_PDR 0.677 | H_m0 0.66 H_m1 1.18 | a-0.0108 c0.1227 ent0.0096 VRAM 25MB
Ep  250 | M0_PDR 0.992 | M1_PDR 0.680 | H_m0 0.03 H_m1 1.16 | a-0.0060 c0.0142 ent0.0095 VRAM 25MB
Ep  300 | M0_PDR 1.000 | M1_PDR 0.692 | H_m0 0.01 H_m1 1.09 | a-0.0100 c0.0113 ent0.0095 VRAM 25MB
Ep  350 | M0_PDR 0.997 | M1_PDR 0.702 | H_m0 0.00 H_m1 1.11 | a-0.0095 c0.0121 ent0.0094 VRAM 25MB
Ep  400 | M0_PDR 1.000 | M1_PDR 0.807 | H_m0 0.00 H_m1 0.69 | a-0.0057 c0.0095 ent0.0093 VRAM 25MB
Ep  450 | M0_PDR 1.000 | M1_PDR 0.869 | H_m0 0.00 H_m1 0.52 | a-0.0026 c0.0086 ent0.0092 VRAM 25MB
Ep  500 | M0_PDR 0.995 | M1_PDR 0.887 | H_m0 0.01 H_m1 0.48 | a-0.0037 c0.0115 ent0.0091 VRAM 25MB
Ep  550 | M0_PDR 1.000 | M1_PDR 0.866 | H_m0 0.00 H_m1 0.47 | a-0.0012 c0.0083 ent0.0090 VRAM 25MB
Ep  600 | M0_PDR 1.000 | M1_PDR 0.838 | H_m0 0.00 H_m1 0.43 | a-0.0048 c0.0084 ent0.0089 VRAM 25MB
Ep  650 | M0_PDR 1.000 | M1_PDR 0.962 | H_m0 0.00 H_m1 0.14 | a-0.0033 c0.0057 ent0.0088 VRAM 25MB
Ep  700 | M0_PDR 1.000 | M1_PDR 0.985 | H_m0 0.00 H_m1 0.04 | a-0.0006 c0.0042 ent0.0087 VRAM 25MB
Ep  750 | M0_PDR 1.000 | M1_PDR 0.996 | H_m0 0.00 H_m1 0.03 | a-0.0010 c0.0037 ent0.0086 VRAM 25MB
Ep  800 | M0_PDR 1.000 | M1_PDR 0.991 | H_m0 0.00 H_m1 0.02 | a-0.0002 c0.0035 ent0.0086 VRAM 25MB
Ep  850 | M0_PDR 1.000 | M1_PDR 0.985 | H_m0 0.00 H_m1 0.03 | a-0.0013 c0.0037 ent0.0085 VRAM 25MB
Ep  900 | M0_PDR 1.000 | M1_PDR 1.000 | H_m0 0.00 H_m1 0.01 | a-0.0002 c0.0028 ent0.0084 VRAM 25MB
Ep  950 | M0_PDR 1.000 | M1_PDR 1.000 | H_m0 0.00 H_m1 0.00 | a0.0000 c0.0030 ent0.0083 VRAM 25MB
Ep 1000 | M0_PDR 1.000 | M1_PDR 1.000 | H_m0 0.00 H_m1 0.00 | a-0.0000 c0.0042 ent0.0082 VRAM 25MB
Ep 1050 | M0_PDR 1.000 | M1_PDR 0.995 | H_m0 0.00 H_m1 0.01 | a0.0002 c0.0024 ent0.0081 VRAM 25MB
Ep 1100 | M0_PDR 1.000 | M1_PDR 0.997 | H_m0 0.00 H_m1 0.00 | a-0.0010 c0.0020 ent0.0080 VRAM 25MB
Ep 1150 | M0_PDR 1.000 | M1_PDR 1.000 | H_m0 0.00 H_m1 0.00 | a-0.0000 c0.0017 ent0.0079 VRAM 25MB
Ep 1200 | M0_PDR 1.000 | M1_PDR 1.000 | H_m0 0.00 H_m1 0.00 | a0.0000 c0.0014 ent0.0078 VRAM 25MB
Ep 1250 | M0_PDR 1.000 | M1_PDR 1.000 | H_m0 0.00 H_m1 0.00 | a0.0000 c0.0011 ent0.0077 VRAM 25MB
Ep 1300 | M0_PDR 1.000 | M1_PDR 1.000 | H_m0 0.00 H_m1 0.00 | a-0.0000 c0.0034 ent0.0077 VRAM 25MB
Ep 1350 | M0_PDR 1.000 | M1_PDR 1.000 | H_m0 0.00 H_m1 0.00 | a-0.0000 c0.0007 ent0.0076 VRAM 25MB
Ep 1400 | M0_PDR 1.000 | M1_PDR 1.000 | H_m0 0.00 H_m1 0.00 | a0.0001 c0.0016 ent0.0075 VRAM 25MB
Ep 1450 | M0_PDR 1.000 | M1_PDR 1.000 | H_m0 0.00 H_m1 0.00 | a-0.0000 c0.0011 ent0.0074 VRAM 25MB
Ep 1500 | M0_PDR 1.000 | M1_PDR 1.000 | H_m0 0.00 H_m1 0.00 | a-0.0001 c0.0004 ent0.0073 VRAM 25MB
Ep 1550 | M0_PDR 1.000 | M1_PDR 1.000 | H_m0 0.00 H_m1 0.00 | a-0.0000 c0.0001 ent0.0072 VRAM 25MB
Ep 1600 | M0_PDR 1.000 | M1_PDR 1.000 | H_m0 0.00 H_m1 0.00 | a-0.0000 c0.0001 ent0.0071 VRAM 25MB
Ep 1650 | M0_PDR 1.000 | M1_PDR 1.000 | H_m0 0.00 H_m1 0.00 | a-0.0000 c0.0013 ent0.0070 VRAM 25MB
Ep 1700 | M0_PDR 1.000 | M1_PDR 1.000 | H_m0 0.00 H_m1 0.00 | a0.0000 c0.0014 ent0.0069 VRAM 25MB
Ep 1750 | M0_PDR 1.000 | M1_PDR 1.000 | H_m0 0.00 H_m1 0.00 | a0.0000 c0.0001 ent0.0068 VRAM 25MB
Ep 1800 | M0_PDR 0.997 | M1_PDR 1.000 | H_m0 0.00 H_m1 0.00 | a-0.0033 c0.0021 ent0.0068 VRAM 25MB
Ep 1850 | M0_PDR 1.000 | M1_PDR 1.000 | H_m0 0.00 H_m1 0.00 | a0.0000 c0.0084 ent0.0067 VRAM 25MB
Ep 1900 | M0_PDR 1.000 | M1_PDR 1.000 | H_m0 0.00 H_m1 0.00 | a-0.0000 c0.0020 ent0.0066 VRAM 25MB
Ep 1950 | M0_PDR 1.000 | M1_PDR 1.000 | H_m0 0.00 H_m1 0.00 | a-0.0000 c0.0024 ent0.0065 VRAM 25MB
Ep 2000 | M0_PDR 1.000 | M1_PDR 1.000 | H_m0 0.00 H_m1 0.00 | a-0.0000 c0.0048 ent0.0064 VRAM 25MB
Ep 2050 | M0_PDR 1.000 | M1_PDR 1.000 | H_m0 0.00 H_m1 0.00 | a-0.0000 c0.0004 ent0.0063 VRAM 25MB
Ep 2100 | M0_PDR 1.000 | M1_PDR 1.000 | H_m0 0.00 H_m1 0.00 | a-0.0000 c0.0003 ent0.0062 VRAM 25MB
Ep 2150 | M0_PDR 1.000 | M1_PDR 1.000 | H_m0 0.00 H_m1 0.00 | a-0.0000 c0.0001 ent0.0061 VRAM 25MB
Ep 2200 | M0_PDR 1.000 | M1_PDR 1.000 | H_m0 0.00 H_m1 0.00 | a0.0000 c0.0031 ent0.0060 VRAM 25MB
Ep 2250 | M0_PDR 1.000 | M1_PDR 1.000 | H_m0 0.00 H_m1 0.00 | a-0.0000 c0.0001 ent0.0059 VRAM 25MB
Ep 2300 | M0_PDR 1.000 | M1_PDR 1.000 | H_m0 0.00 H_m1 0.00 | a-0.0000 c0.0001 ent0.0059 VRAM 25MB
Ep 2350 | M0_PDR 1.000 | M1_PDR 1.000 | H_m0 0.00 H_m1 0.00 | a-0.0000 c0.0004 ent0.0058 VRAM 25MB
Ep 2400 | M0_PDR 1.000 | M1_PDR 1.000 | H_m0 0.00 H_m1 0.00 | a-0.0000 c0.0005 ent0.0057 VRAM 25MB
Ep 2450 | M0_PDR 1.000 | M1_PDR 1.000 | H_m0 0.00 H_m1 0.00 | a-0.0000 c0.0016 ent0.0056 VRAM 25MB
Ep 2500 | M0_PDR 1.000 | M1_PDR 1.000 | H_m0 0.00 H_m1 0.00 | a-0.0000 c0.0006 ent0.0055 VRAM 25MB
Ep 2550 | M0_PDR 1.000 | M1_PDR 1.000 | H_m0 0.00 H_m1 0.00 | a-0.0000 c0.0000 ent0.0054 VRAM 25MB
Ep 2600 | M0_PDR 1.000 | M1_PDR 1.000 | H_m0 0.00 H_m1 0.00 | a0.0000 c0.0001 ent0.0053 VRAM 25MB
Ep 2650 | M0_PDR 1.000 | M1_PDR 1.000 | H_m0 0.00 H_m1 0.00 | a-0.0000 c0.0000 ent0.0052 VRAM 25MB
Ep 2700 | M0_PDR 1.000 | M1_PDR 1.000 | H_m0 0.00 H_m1 0.00 | a-0.0000 c0.0001 ent0.0051 VRAM 25MB
Ep 2750 | M0_PDR 1.000 | M1_PDR 1.000 | H_m0 0.00 H_m1 0.00 | a-0.0000 c0.0003 ent0.0050 VRAM 25MB
Ep 2800 | M0_PDR 1.000 | M1_PDR 1.000 | H_m0 0.00 H_m1 0.00 | a-0.0000 c0.0001 ent0.0050 VRAM 25MB
Ep 2850 | M0_PDR 1.000 | M1_PDR 1.000 | H_m0 0.00 H_m1 0.00 | a-0.0000 c0.0000 ent0.0049 VRAM 25MB
Ep 2900 | M0_PDR 1.000 | M1_PDR 1.000 | H_m0 0.00 H_m1 0.00 | a-0.0000 c0.0002 ent0.0048 VRAM 25MB
Ep 2950 | M0_PDR 1.000 | M1_PDR 1.000 | H_m0 0.00 H_m1 0.00 | a-0.0000 c0.0001 ent0.0047 VRAM 25MB
Ep 3000 | M0_PDR 1.000 | M1_PDR 1.000 | H_m0 0.00 H_m1 0.00 | a-0.0000 c0.0000 ent0.0046 VRAM 25MB
Ep 3050 | M0_PDR 1.000 | M1_PDR 1.000 | H_m0 0.00 H_m1 0.00 | a-0.0000 c0.0000 ent0.0045 VRAM 25MB
Ep 3100 | M0_PDR 1.000 | M1_PDR 1.000 | H_m0 0.00 H_m1 0.00 | a-0.0000 c0.0000 ent0.0044 VRAM 25MB
Ep 3150 | M0_PDR 1.000 | M1_PDR 1.000 | H_m0 0.00 H_m1 0.00 | a-0.0000 c0.0000 ent0.0043 VRAM 25MB
Ep 3200 | M0_PDR 1.000 | M1_PDR 1.000 | H_m0 0.00 H_m1 0.00 | a-0.0000 c0.0000 ent0.0042 VRAM 25MB
Ep 3250 | M0_PDR 1.000 | M1_PDR 1.000 | H_m0 0.00 H_m1 0.00 | a-0.0000 c0.0001 ent0.0041 VRAM 25MB
Ep 3300 | M0_PDR 1.000 | M1_PDR 1.000 | H_m0 0.00 H_m1 0.00 | a-0.0000 c0.0000 ent0.0041 VRAM 25MB
Ep 3350 | M0_PDR 1.000 | M1_PDR 1.000 | H_m0 0.00 H_m1 0.00 | a-0.0000 c0.0000 ent0.0040 VRAM 25MB
Ep 3400 | M0_PDR 1.000 | M1_PDR 1.000 | H_m0 0.00 H_m1 0.00 | a-0.0000 c0.0001 ent0.0039 VRAM 25MB
Ep 3450 | M0_PDR 1.000 | M1_PDR 1.000 | H_m0 0.00 H_m1 0.00 | a-0.0000 c0.0001 ent0.0038 VRAM 25MB
Ep 3500 | M0_PDR 1.000 | M1_PDR 1.000 | H_m0 0.00 H_m1 0.00 | a-0.0000 c0.0000 ent0.0037 VRAM 25MB
Ep 3550 | M0_PDR 1.000 | M1_PDR 1.000 | H_m0 0.00 H_m1 0.00 | a-0.0000 c0.0000 ent0.0036 VRAM 25MB
Ep 3600 | M0_PDR 1.000 | M1_PDR 1.000 | H_m0 0.00 H_m1 0.00 | a-0.0000 c0.0003 ent0.0035 VRAM 25MB
Ep 3650 | M0_PDR 1.000 | M1_PDR 1.000 | H_m0 0.00 H_m1 0.00 | a-0.0000 c0.0001 ent0.0034 VRAM 25MB
Ep 3700 | M0_PDR 1.000 | M1_PDR 1.000 | H_m0 0.00 H_m1 0.00 | a-0.0000 c0.0000 ent0.0033 VRAM 25MB
Ep 3750 | M0_PDR 1.000 | M1_PDR 1.000 | H_m0 0.00 H_m1 0.00 | a-0.0000 c0.0000 ent0.0032 VRAM 25MB
Ep 3800 | M0_PDR 0.999 | M1_PDR 1.000 | H_m0 0.00 H_m1 0.00 | a-0.0000 c0.0002 ent0.0032 VRAM 25MB
Ep 3850 | M0_PDR 1.000 | M1_PDR 1.000 | H_m0 0.00 H_m1 0.00 | a-0.0000 c0.0000 ent0.0031 VRAM 25MB
Ep 3900 | M0_PDR 1.000 | M1_PDR 1.000 | H_m0 0.00 H_m1 0.00 | a-0.0000 c0.0000 ent0.0030 VRAM 25MB
Ep 3950 | M0_PDR 1.000 | M1_PDR 1.000 | H_m0 0.00 H_m1 0.00 | a-0.0000 c0.0001 ent0.0029 VRAM 25MB
Ep 4000 | M0_PDR 1.000 | M1_PDR 1.000 | H_m0 0.00 H_m1 0.00 | a-0.0000 c0.0003 ent0.0028 VRAM 25MB
Ep 4050 | M0_PDR 1.000 | M1_PDR 1.000 | H_m0 0.00 H_m1 0.00 | a-0.0000 c0.0000 ent0.0027 VRAM 25MB
Ep 4100 | M0_PDR 1.000 | M1_PDR 1.000 | H_m0 0.00 H_m1 0.00 | a-0.0000 c0.0000 ent0.0026 VRAM 25MB
Ep 4150 | M0_PDR 1.000 | M1_PDR 1.000 | H_m0 0.00 H_m1 0.00 | a-0.0000 c0.0000 ent0.0025 VRAM 25MB
Ep 4200 | M0_PDR 1.000 | M1_PDR 1.000 | H_m0 0.00 H_m1 0.00 | a-0.0000 c0.0000 ent0.0024 VRAM 25MB
Ep 4250 | M0_PDR 1.000 | M1_PDR 1.000 | H_m0 0.00 H_m1 0.00 | a-0.0000 c0.0000 ent0.0023 VRAM 25MB
Ep 4300 | M0_PDR 1.000 | M1_PDR 1.000 | H_m0 0.00 H_m1 0.00 | a-0.0000 c0.0000 ent0.0023 VRAM 25MB
Ep 4350 | M0_PDR 1.000 | M1_PDR 1.000 | H_m0 0.00 H_m1 0.00 | a-0.0000 c0.0000 ent0.0022 VRAM 25MB
Ep 4400 | M0_PDR 1.000 | M1_PDR 1.000 | H_m0 0.00 H_m1 0.00 | a-0.0000 c0.0000 ent0.0021 VRAM 25MB
Ep 4450 | M0_PDR 1.000 | M1_PDR 1.000 | H_m0 0.00 H_m1 0.00 | a-0.0000 c0.0003 ent0.0020 VRAM 25MB
Ep 4500 | M0_PDR 1.000 | M1_PDR 0.999 | H_m0 0.00 H_m1 0.00 | a-0.0000 c0.0001 ent0.0019 VRAM 25MB
Ep 4550 | M0_PDR 0.997 | M1_PDR 1.000 | H_m0 0.00 H_m1 0.00 | a-0.0011 c0.0017 ent0.0018 VRAM 25MB
Ep 4600 | M0_PDR 1.000 | M1_PDR 1.000 | H_m0 0.00 H_m1 0.00 | a-0.0000 c0.0007 ent0.0017 VRAM 25MB
Ep 4650 | M0_PDR 1.000 | M1_PDR 1.000 | H_m0 0.00 H_m1 0.00 | a-0.0000 c0.0000 ent0.0016 VRAM 25MB
Ep 4700 | M0_PDR 1.000 | M1_PDR 1.000 | H_m0 0.00 H_m1 0.00 | a-0.0000 c0.0000 ent0.0015 VRAM 25MB
Ep 4750 | M0_PDR 1.000 | M1_PDR 1.000 | H_m0 0.00 H_m1 0.00 | a-0.0000 c0.0000 ent0.0014 VRAM 25MB
Ep 4800 | M0_PDR 1.000 | M1_PDR 1.000 | H_m0 0.00 H_m1 0.00 | a-0.0000 c0.0000 ent0.0014 VRAM 25MB
Ep 4850 | M0_PDR 1.000 | M1_PDR 1.000 | H_m0 0.00 H_m1 0.00 | a-0.0000 c0.0000 ent0.0013 VRAM 25MB
Ep 4900 | M0_PDR 1.000 | M1_PDR 1.000 | H_m0 0.00 H_m1 0.00 | a-0.0000 c0.0000 ent0.0012 VRAM 25MB
Error: tcpip::Socket::accept() Unable to create listening socket: Address already in use
Quitting (on error).
Ep 4950 | M0_PDR 1.000 | M1_PDR 1.000 | H_m0 0.00 H_m1 0.00 | a-0.0000 c0.0000 ent0.0011 VRAM 25MB

Training complete. Running 100 eval episodes...

  Eval ep   0: M0_PDR=1.000  M1_PDR=1.000
  Eval ep  20: M0_PDR=1.000  M1_PDR=1.000
  Eval ep  40: M0_PDR=1.000  M1_PDR=1.000
  Eval ep  60: M0_PDR=1.000  M1_PDR=1.000
  Eval ep  80: M0_PDR=1.000  M1_PDR=1.000

=== Eval Summary (100 episodes) ===
  M0_PDR_mean         : 1.0000
  M0_PDR_p05 (across) : 1.0000
  M0_PDR_p05 (intra)  : 1.0000
  M1_PDR_mean         : 0.9999
  M0_SINR_mean (dB)   : 47.51
  M1_SINR_mean (dB)   : 48.24
  M0_collision_rate   : 0.000
  M0_collision_within_pool : 0.000
  M1_collision_within_pool : 0.000

Result saved -> results/_A_N5_seed2_5000ep_gaefix_g05_ent01_as.json
  N=5  rho=1.0  M0_PDR=1.000  M1_PDR=1.000
[NS3Bridge] Shutdown complete.
Run complete.
