[seed] all RNGs seeded with 4
GPU : NVIDIA GeForce RTX 3060
VRAM: 12.9 GB
Device          : cuda:0
Actor M0 params : 21,273
Actor M1 params : 21,273
Critic params   : 82,177
obs_dim=11  action_dim=25  gs_dim=60
M0 count: 2  M1 count: 3
Training for 10000 episodes (Config A_N5_seed4_10000ep, N=5)...

[NS3Bridge] Connected tcp://localhost:6856
Ep    0 | M0_PDR 0.612 | M1_PDR 0.681 | H_m0 3.22 H_m1 3.21 | a-0.1654 c28.2392 ent0.0500 VRAM 24MB
Ep   50 | M0_PDR 0.621 | M1_PDR 0.630 | H_m0 3.19 H_m1 3.21 | a-0.1602 c11.2970 ent0.0498 VRAM 24MB
Ep  100 | M0_PDR 0.652 | M1_PDR 0.627 | H_m0 2.97 H_m1 3.18 | a-0.1541 c8.1679 ent0.0495 VRAM 24MB
Ep  150 | M0_PDR 0.675 | M1_PDR 0.574 | H_m0 2.93 H_m1 3.19 | a-0.1529 c5.4267 ent0.0493 VRAM 24MB
Ep  200 | M0_PDR 0.667 | M1_PDR 0.572 | H_m0 2.78 H_m1 3.20 | a-0.1503 c3.9666 ent0.0490 VRAM 24MB
Ep  250 | M0_PDR 0.685 | M1_PDR 0.609 | H_m0 2.72 H_m1 3.17 | a-0.1469 c2.7678 ent0.0488 VRAM 24MB
Ep  300 | M0_PDR 0.688 | M1_PDR 0.612 | H_m0 2.81 H_m1 3.18 | a-0.1488 c2.4193 ent0.0485 VRAM 24MB
Ep  350 | M0_PDR 0.653 | M1_PDR 0.634 | H_m0 2.69 H_m1 3.20 | a-0.1463 c2.1110 ent0.0483 VRAM 24MB
Ep  400 | M0_PDR 0.665 | M1_PDR 0.604 | H_m0 2.69 H_m1 3.20 | a-0.1445 c2.6864 ent0.0480 VRAM 24MB
Ep  450 | M0_PDR 0.641 | M1_PDR 0.573 | H_m0 2.58 H_m1 3.19 | a-0.1418 c2.3550 ent0.0478 VRAM 24MB
Ep  500 | M0_PDR 0.684 | M1_PDR 0.594 | H_m0 2.75 H_m1 3.20 | a-0.1443 c2.3455 ent0.0475 VRAM 24MB
Ep  550 | M0_PDR 0.700 | M1_PDR 0.575 | H_m0 2.56 H_m1 3.19 | a-0.1400 c2.2963 ent0.0473 VRAM 24MB
Ep  600 | M0_PDR 0.721 | M1_PDR 0.555 | H_m0 2.61 H_m1 3.19 | a-0.1399 c2.1093 ent0.0471 VRAM 24MB
Ep  650 | M0_PDR 0.678 | M1_PDR 0.598 | H_m0 2.43 H_m1 3.19 | a-0.1361 c1.6926 ent0.0468 VRAM 24MB
Ep  700 | M0_PDR 0.663 | M1_PDR 0.620 | H_m0 2.58 H_m1 3.18 | a-0.1380 c1.8046 ent0.0466 VRAM 24MB
Ep  750 | M0_PDR 0.715 | M1_PDR 0.606 | H_m0 2.38 H_m1 3.14 | a-0.1328 c1.5180 ent0.0463 VRAM 24MB
Ep  800 | M0_PDR 0.654 | M1_PDR 0.558 | H_m0 2.22 H_m1 3.16 | a-0.1289 c2.1847 ent0.0461 VRAM 24MB
Ep  850 | M0_PDR 0.699 | M1_PDR 0.573 | H_m0 2.42 H_m1 3.19 | a-0.1328 c2.4080 ent0.0458 VRAM 24MB
Ep  900 | M0_PDR 0.705 | M1_PDR 0.589 | H_m0 2.43 H_m1 3.20 | a-0.1327 c1.9095 ent0.0456 VRAM 24MB
Ep  950 | M0_PDR 0.748 | M1_PDR 0.572 | H_m0 2.40 H_m1 3.20 | a-0.1311 c2.4245 ent0.0453 VRAM 24MB
Ep 1000 | M0_PDR 0.700 | M1_PDR 0.594 | H_m0 2.34 H_m1 3.19 | a-0.1292 c1.5839 ent0.0451 VRAM 24MB
Ep 1050 | M0_PDR 0.730 | M1_PDR 0.605 | H_m0 2.55 H_m1 3.19 | a-0.1324 c1.6874 ent0.0449 VRAM 24MB
Ep 1100 | M0_PDR 0.709 | M1_PDR 0.566 | H_m0 2.42 H_m1 3.20 | a-0.1297 c1.8792 ent0.0446 VRAM 24MB
Ep 1150 | M0_PDR 0.706 | M1_PDR 0.552 | H_m0 2.33 H_m1 3.18 | a-0.1263 c1.5036 ent0.0444 VRAM 24MB
Ep 1200 | M0_PDR 0.678 | M1_PDR 0.584 | H_m0 2.36 H_m1 3.19 | a-0.1263 c2.3707 ent0.0441 VRAM 24MB
Ep 1250 | M0_PDR 0.676 | M1_PDR 0.549 | H_m0 2.23 H_m1 3.19 | a-0.1237 c1.6258 ent0.0439 VRAM 24MB
Ep 1300 | M0_PDR 0.749 | M1_PDR 0.586 | H_m0 2.20 H_m1 3.17 | a-0.1227 c1.6482 ent0.0436 VRAM 24MB
Ep 1350 | M0_PDR 0.703 | M1_PDR 0.596 | H_m0 2.14 H_m1 3.13 | a-0.1207 c1.4170 ent0.0434 VRAM 24MB
Ep 1400 | M0_PDR 0.673 | M1_PDR 0.577 | H_m0 2.37 H_m1 3.15 | a-0.1234 c1.5834 ent0.0431 VRAM 24MB
Ep 1450 | M0_PDR 0.708 | M1_PDR 0.594 | H_m0 2.51 H_m1 3.17 | a-0.1268 c2.1639 ent0.0429 VRAM 24MB
Ep 1500 | M0_PDR 0.728 | M1_PDR 0.566 | H_m0 2.40 H_m1 3.14 | a-0.1224 c1.7472 ent0.0426 VRAM 24MB
Ep 1550 | M0_PDR 0.688 | M1_PDR 0.592 | H_m0 2.59 H_m1 3.15 | a-0.1247 c2.7085 ent0.0424 VRAM 24MB
Ep 1600 | M0_PDR 0.713 | M1_PDR 0.603 | H_m0 2.25 H_m1 3.13 | a-0.1193 c1.8084 ent0.0422 VRAM 24MB
Ep 1650 | M0_PDR 0.677 | M1_PDR 0.614 | H_m0 2.51 H_m1 3.17 | a-0.1223 c2.4622 ent0.0419 VRAM 24MB
Ep 1700 | M0_PDR 0.700 | M1_PDR 0.610 | H_m0 2.47 H_m1 3.20 | a-0.1212 c1.6624 ent0.0417 VRAM 24MB
Ep 1750 | M0_PDR 0.728 | M1_PDR 0.581 | H_m0 2.30 H_m1 3.17 | a-0.1182 c1.7387 ent0.0414 VRAM 24MB
Ep 1800 | M0_PDR 0.720 | M1_PDR 0.622 | H_m0 2.18 H_m1 3.12 | a-0.1135 c1.8732 ent0.0412 VRAM 24MB
Ep 1850 | M0_PDR 0.690 | M1_PDR 0.601 | H_m0 2.11 H_m1 3.13 | a-0.1117 c1.6429 ent0.0409 VRAM 24MB
Ep 1900 | M0_PDR 0.688 | M1_PDR 0.608 | H_m0 2.38 H_m1 3.17 | a-0.1171 c2.2631 ent0.0407 VRAM 24MB
Ep 1950 | M0_PDR 0.668 | M1_PDR 0.608 | H_m0 2.51 H_m1 3.17 | a-0.1179 c1.6131 ent0.0404 VRAM 24MB
Ep 2000 | M0_PDR 0.714 | M1_PDR 0.607 | H_m0 2.33 H_m1 3.18 | a-0.1149 c1.8199 ent0.0402 VRAM 24MB
Ep 2050 | M0_PDR 0.687 | M1_PDR 0.599 | H_m0 2.54 H_m1 3.15 | a-0.1169 c1.5102 ent0.0400 VRAM 24MB
Ep 2100 | M0_PDR 0.666 | M1_PDR 0.540 | H_m0 2.50 H_m1 3.14 | a-0.1160 c1.6600 ent0.0397 VRAM 24MB
Ep 2150 | M0_PDR 0.683 | M1_PDR 0.596 | H_m0 2.49 H_m1 3.16 | a-0.1147 c1.6582 ent0.0395 VRAM 24MB
Ep 2200 | M0_PDR 0.697 | M1_PDR 0.596 | H_m0 2.31 H_m1 3.19 | a-0.1120 c1.3652 ent0.0392 VRAM 24MB
Ep 2250 | M0_PDR 0.693 | M1_PDR 0.655 | H_m0 2.32 H_m1 3.19 | a-0.1117 c1.6156 ent0.0390 VRAM 24MB
Ep 2300 | M0_PDR 0.698 | M1_PDR 0.598 | H_m0 2.35 H_m1 3.19 | a-0.1119 c1.7403 ent0.0387 VRAM 24MB
Ep 2350 | M0_PDR 0.688 | M1_PDR 0.606 | H_m0 2.08 H_m1 3.18 | a-0.1059 c1.4385 ent0.0385 VRAM 24MB
Ep 2400 | M0_PDR 0.749 | M1_PDR 0.603 | H_m0 2.03 H_m1 3.14 | a-0.1050 c1.6038 ent0.0382 VRAM 24MB
Ep 2450 | M0_PDR 0.837 | M1_PDR 0.602 | H_m0 1.17 H_m1 3.08 | a-0.0894 c1.8328 ent0.0380 VRAM 24MB
Ep 2500 | M0_PDR 0.921 | M1_PDR 0.610 | H_m0 0.37 H_m1 2.95 | a-0.0764 c1.0722 ent0.0377 VRAM 24MB
Ep 2550 | M0_PDR 0.974 | M1_PDR 0.674 | H_m0 0.06 H_m1 2.70 | a-0.0647 c0.8085 ent0.0375 VRAM 24MB
Ep 2600 | M0_PDR 0.986 | M1_PDR 0.622 | H_m0 0.02 H_m1 2.66 | a-0.0601 c0.5706 ent0.0373 VRAM 24MB
Ep 2650 | M0_PDR 0.985 | M1_PDR 0.683 | H_m0 0.02 H_m1 2.65 | a-0.0605 c0.5462 ent0.0370 VRAM 24MB
Ep 2700 | M0_PDR 0.995 | M1_PDR 0.650 | H_m0 0.01 H_m1 2.58 | a-0.0576 c0.4594 ent0.0368 VRAM 24MB
Ep 2750 | M0_PDR 0.997 | M1_PDR 0.630 | H_m0 0.01 H_m1 2.58 | a-0.0566 c0.4421 ent0.0365 VRAM 24MB
Ep 2800 | M0_PDR 0.997 | M1_PDR 0.642 | H_m0 0.01 H_m1 2.50 | a-0.0550 c0.4369 ent0.0363 VRAM 24MB
Ep 2850 | M0_PDR 0.993 | M1_PDR 0.651 | H_m0 0.00 H_m1 2.60 | a-0.0562 c0.4617 ent0.0360 VRAM 24MB
Ep 2900 | M0_PDR 0.988 | M1_PDR 0.699 | H_m0 0.00 H_m1 2.64 | a-0.0581 c0.4575 ent0.0358 VRAM 24MB
Ep 2950 | M0_PDR 0.993 | M1_PDR 0.669 | H_m0 0.00 H_m1 2.59 | a-0.0556 c0.6684 ent0.0355 VRAM 24MB
Ep 3000 | M0_PDR 0.990 | M1_PDR 0.643 | H_m0 0.00 H_m1 2.58 | a-0.0557 c0.5315 ent0.0353 VRAM 24MB
Ep 3050 | M0_PDR 0.995 | M1_PDR 0.666 | H_m0 0.00 H_m1 2.67 | a-0.0567 c0.4117 ent0.0351 VRAM 24MB
Ep 3100 | M0_PDR 0.992 | M1_PDR 0.689 | H_m0 0.00 H_m1 2.66 | a-0.0558 c0.7045 ent0.0348 VRAM 24MB
Ep 3150 | M0_PDR 0.990 | M1_PDR 0.654 | H_m0 0.00 H_m1 2.59 | a-0.0543 c0.4944 ent0.0346 VRAM 24MB
Ep 3200 | M0_PDR 0.977 | M1_PDR 0.669 | H_m0 0.00 H_m1 2.60 | a-0.0542 c1.2647 ent0.0343 VRAM 24MB
Ep 3250 | M0_PDR 0.995 | M1_PDR 0.668 | H_m0 0.00 H_m1 2.57 | a-0.0529 c0.4347 ent0.0341 VRAM 24MB
Ep 3300 | M0_PDR 0.973 | M1_PDR 0.669 | H_m0 0.00 H_m1 2.60 | a-0.0536 c0.5621 ent0.0338 VRAM 24MB
Ep 3350 | M0_PDR 0.992 | M1_PDR 0.657 | H_m0 0.00 H_m1 2.54 | a-0.0514 c0.7672 ent0.0336 VRAM 24MB
Ep 3400 | M0_PDR 0.989 | M1_PDR 0.677 | H_m0 0.00 H_m1 2.64 | a-0.0537 c0.4739 ent0.0333 VRAM 24MB
Ep 3450 | M0_PDR 0.976 | M1_PDR 0.680 | H_m0 0.00 H_m1 2.66 | a-0.0532 c0.4813 ent0.0331 VRAM 24MB
Ep 3500 | M0_PDR 0.986 | M1_PDR 0.647 | H_m0 0.00 H_m1 2.60 | a-0.0515 c0.5154 ent0.0328 VRAM 24MB
Ep 3550 | M0_PDR 0.978 | M1_PDR 0.697 | H_m0 0.00 H_m1 2.63 | a-0.0515 c0.5042 ent0.0326 VRAM 24MB
Ep 3600 | M0_PDR 0.983 | M1_PDR 0.668 | H_m0 0.00 H_m1 2.67 | a-0.0525 c0.4561 ent0.0324 VRAM 24MB
Ep 3650 | M0_PDR 0.982 | M1_PDR 0.662 | H_m0 0.00 H_m1 2.60 | a-0.0505 c0.7401 ent0.0321 VRAM 24MB
Ep 3700 | M0_PDR 0.978 | M1_PDR 0.660 | H_m0 0.00 H_m1 2.55 | a-0.0495 c0.6379 ent0.0319 VRAM 24MB
Ep 3750 | M0_PDR 0.980 | M1_PDR 0.634 | H_m0 0.00 H_m1 2.66 | a-0.0509 c0.5205 ent0.0316 VRAM 24MB
Ep 3800 | M0_PDR 0.991 | M1_PDR 0.648 | H_m0 0.00 H_m1 2.52 | a-0.0479 c0.5809 ent0.0314 VRAM 24MB
Ep 3850 | M0_PDR 0.974 | M1_PDR 0.671 | H_m0 0.00 H_m1 2.63 | a-0.0493 c1.0496 ent0.0311 VRAM 24MB
Ep 3900 | M0_PDR 0.969 | M1_PDR 0.633 | H_m0 0.00 H_m1 2.65 | a-0.0493 c0.6301 ent0.0309 VRAM 24MB
Ep 3950 | M0_PDR 0.977 | M1_PDR 0.638 | H_m0 0.00 H_m1 2.69 | a-0.0499 c0.5354 ent0.0306 VRAM 24MB
Ep 4000 | M0_PDR 0.986 | M1_PDR 0.635 | H_m0 0.00 H_m1 2.60 | a-0.0475 c0.4356 ent0.0304 VRAM 24MB
Ep 4050 | M0_PDR 0.986 | M1_PDR 0.677 | H_m0 0.00 H_m1 2.62 | a-0.0478 c0.5158 ent0.0302 VRAM 24MB
Ep 4100 | M0_PDR 0.990 | M1_PDR 0.648 | H_m0 0.00 H_m1 2.50 | a-0.0459 c0.7700 ent0.0299 VRAM 24MB
Ep 4150 | M0_PDR 0.986 | M1_PDR 0.666 | H_m0 0.00 H_m1 2.57 | a-0.0460 c0.4663 ent0.0297 VRAM 24MB
Ep 4200 | M0_PDR 0.983 | M1_PDR 0.686 | H_m0 0.00 H_m1 2.47 | a-0.0440 c0.6271 ent0.0294 VRAM 24MB
Ep 4250 | M0_PDR 0.995 | M1_PDR 0.677 | H_m0 0.00 H_m1 2.53 | a-0.0448 c0.6272 ent0.0292 VRAM 24MB
Ep 4300 | M0_PDR 0.972 | M1_PDR 0.641 | H_m0 0.00 H_m1 2.59 | a-0.0453 c0.7690 ent0.0289 VRAM 24MB
Ep 4350 | M0_PDR 0.984 | M1_PDR 0.670 | H_m0 0.00 H_m1 2.63 | a-0.0453 c0.4828 ent0.0287 VRAM 24MB
Ep 4400 | M0_PDR 0.986 | M1_PDR 0.645 | H_m0 0.00 H_m1 2.55 | a-0.0437 c0.8354 ent0.0284 VRAM 24MB
Ep 4450 | M0_PDR 0.954 | M1_PDR 0.674 | H_m0 0.00 H_m1 2.63 | a-0.0449 c0.6636 ent0.0282 VRAM 24MB
Ep 4500 | M0_PDR 0.959 | M1_PDR 0.661 | H_m0 0.00 H_m1 2.58 | a-0.0439 c0.5705 ent0.0279 VRAM 24MB
Ep 4550 | M0_PDR 0.981 | M1_PDR 0.687 | H_m0 0.00 H_m1 2.54 | a-0.0425 c0.7181 ent0.0277 VRAM 24MB
Ep 4600 | M0_PDR 0.970 | M1_PDR 0.673 | H_m0 0.00 H_m1 2.59 | a-0.0429 c0.6785 ent0.0275 VRAM 24MB
Ep 4650 | M0_PDR 0.974 | M1_PDR 0.655 | H_m0 0.00 H_m1 2.61 | a-0.0430 c0.5653 ent0.0272 VRAM 24MB
Ep 4700 | M0_PDR 0.961 | M1_PDR 0.691 | H_m0 0.00 H_m1 2.63 | a-0.0429 c0.7518 ent0.0270 VRAM 24MB
Ep 4750 | M0_PDR 0.960 | M1_PDR 0.632 | H_m0 0.00 H_m1 2.62 | a-0.0421 c0.7188 ent0.0267 VRAM 24MB
Ep 4800 | M0_PDR 0.988 | M1_PDR 0.683 | H_m0 0.00 H_m1 2.55 | a-0.0406 c0.4518 ent0.0265 VRAM 24MB
Ep 4850 | M0_PDR 0.964 | M1_PDR 0.678 | H_m0 0.00 H_m1 2.60 | a-0.0410 c0.5927 ent0.0262 VRAM 24MB
Ep 4900 | M0_PDR 0.957 | M1_PDR 0.699 | H_m0 0.00 H_m1 2.65 | a-0.0415 c0.6081 ent0.0260 VRAM 24MB
Ep 4950 | M0_PDR 0.981 | M1_PDR 0.661 | H_m0 0.00 H_m1 2.54 | a-0.0399 c0.4932 ent0.0257 VRAM 24MB
Ep 5000 | M0_PDR 0.975 | M1_PDR 0.655 | H_m0 0.00 H_m1 2.52 | a-0.0388 c0.5845 ent0.0255 VRAM 24MB
Ep 5050 | M0_PDR 0.986 | M1_PDR 0.644 | H_m0 0.00 H_m1 2.63 | a-0.0401 c0.4681 ent0.0253 VRAM 24MB
Ep 5100 | M0_PDR 0.980 | M1_PDR 0.662 | H_m0 0.00 H_m1 2.51 | a-0.0378 c0.6915 ent0.0250 VRAM 24MB
Ep 5150 | M0_PDR 0.970 | M1_PDR 0.660 | H_m0 0.00 H_m1 2.57 | a-0.0382 c0.5404 ent0.0248 VRAM 24MB
Ep 5200 | M0_PDR 0.980 | M1_PDR 0.656 | H_m0 0.00 H_m1 2.53 | a-0.0372 c0.4941 ent0.0245 VRAM 24MB
Ep 5250 | M0_PDR 0.975 | M1_PDR 0.657 | H_m0 0.00 H_m1 2.64 | a-0.0386 c0.7692 ent0.0243 VRAM 24MB
Ep 5300 | M0_PDR 0.981 | M1_PDR 0.654 | H_m0 0.00 H_m1 2.55 | a-0.0370 c0.5687 ent0.0240 VRAM 24MB
Ep 5350 | M0_PDR 0.980 | M1_PDR 0.640 | H_m0 0.00 H_m1 2.65 | a-0.0380 c0.4456 ent0.0238 VRAM 24MB
Ep 5400 | M0_PDR 0.973 | M1_PDR 0.675 | H_m0 0.00 H_m1 2.59 | a-0.0368 c0.5249 ent0.0235 VRAM 24MB
Ep 5450 | M0_PDR 0.981 | M1_PDR 0.650 | H_m0 0.00 H_m1 2.64 | a-0.0372 c0.6083 ent0.0233 VRAM 24MB
Ep 5500 | M0_PDR 0.992 | M1_PDR 0.640 | H_m0 0.00 H_m1 2.52 | a-0.0352 c0.3988 ent0.0230 VRAM 24MB
Ep 5550 | M0_PDR 0.991 | M1_PDR 0.644 | H_m0 0.00 H_m1 2.53 | a-0.0351 c0.4673 ent0.0228 VRAM 24MB
Ep 5600 | M0_PDR 0.983 | M1_PDR 0.700 | H_m0 0.00 H_m1 2.43 | a-0.0334 c0.4751 ent0.0226 VRAM 24MB
Ep 5650 | M0_PDR 0.977 | M1_PDR 0.663 | H_m0 0.00 H_m1 2.50 | a-0.0337 c0.6350 ent0.0223 VRAM 24MB
Ep 5700 | M0_PDR 0.985 | M1_PDR 0.676 | H_m0 0.00 H_m1 2.50 | a-0.0334 c0.4999 ent0.0221 VRAM 24MB
Ep 5750 | M0_PDR 0.978 | M1_PDR 0.663 | H_m0 0.00 H_m1 2.53 | a-0.0333 c0.6052 ent0.0218 VRAM 24MB
Ep 5800 | M0_PDR 0.982 | M1_PDR 0.669 | H_m0 0.00 H_m1 2.59 | a-0.0339 c0.4882 ent0.0216 VRAM 24MB
Ep 5850 | M0_PDR 0.993 | M1_PDR 0.663 | H_m0 0.00 H_m1 2.53 | a-0.0328 c0.4239 ent0.0213 VRAM 24MB
Ep 5900 | M0_PDR 0.990 | M1_PDR 0.626 | H_m0 0.00 H_m1 2.48 | a-0.0317 c0.4312 ent0.0211 VRAM 24MB
Ep 5950 | M0_PDR 0.993 | M1_PDR 0.635 | H_m0 0.00 H_m1 2.40 | a-0.0306 c0.4267 ent0.0208 VRAM 24MB
Ep 6000 | M0_PDR 0.990 | M1_PDR 0.703 | H_m0 0.00 H_m1 2.39 | a-0.0298 c0.4150 ent0.0206 VRAM 24MB
Ep 6050 | M0_PDR 0.983 | M1_PDR 0.631 | H_m0 0.00 H_m1 2.39 | a-0.0295 c0.4743 ent0.0204 VRAM 24MB
Ep 6100 | M0_PDR 0.997 | M1_PDR 0.647 | H_m0 0.00 H_m1 2.40 | a-0.0294 c0.5056 ent0.0201 VRAM 24MB
Ep 6150 | M0_PDR 0.988 | M1_PDR 0.638 | H_m0 0.00 H_m1 2.44 | a-0.0293 c0.4689 ent0.0199 VRAM 24MB
Ep 6200 | M0_PDR 0.975 | M1_PDR 0.634 | H_m0 0.00 H_m1 2.47 | a-0.0291 c0.5232 ent0.0196 VRAM 24MB
Ep 6250 | M0_PDR 0.995 | M1_PDR 0.657 | H_m0 0.00 H_m1 2.37 | a-0.0277 c0.4110 ent0.0194 VRAM 24MB
Ep 6300 | M0_PDR 0.992 | M1_PDR 0.651 | H_m0 0.00 H_m1 2.34 | a-0.0271 c0.3790 ent0.0191 VRAM 24MB
Ep 6350 | M0_PDR 0.995 | M1_PDR 0.632 | H_m0 0.00 H_m1 2.35 | a-0.0268 c0.4016 ent0.0189 VRAM 24MB
Ep 6400 | M0_PDR 0.987 | M1_PDR 0.698 | H_m0 0.00 H_m1 2.32 | a-0.0263 c0.4215 ent0.0186 VRAM 24MB
Ep 6450 | M0_PDR 0.997 | M1_PDR 0.657 | H_m0 0.00 H_m1 2.32 | a-0.0256 c0.3710 ent0.0184 VRAM 24MB
Ep 6500 | M0_PDR 0.993 | M1_PDR 0.659 | H_m0 0.00 H_m1 2.30 | a-0.0253 c0.3865 ent0.0181 VRAM 24MB
Ep 6550 | M0_PDR 1.000 | M1_PDR 0.693 | H_m0 0.00 H_m1 2.27 | a-0.0246 c0.3488 ent0.0179 VRAM 24MB
Ep 6600 | M0_PDR 0.992 | M1_PDR 0.647 | H_m0 0.00 H_m1 2.28 | a-0.0242 c0.4157 ent0.0177 VRAM 24MB
Ep 6650 | M0_PDR 0.998 | M1_PDR 0.688 | H_m0 0.00 H_m1 2.20 | a-0.0234 c0.3866 ent0.0174 VRAM 24MB
Ep 6700 | M0_PDR 0.995 | M1_PDR 0.711 | H_m0 0.00 H_m1 2.18 | a-0.0225 c0.3924 ent0.0172 VRAM 24MB
Ep 6750 | M0_PDR 0.990 | M1_PDR 0.665 | H_m0 0.00 H_m1 2.24 | a-0.0229 c0.4707 ent0.0169 VRAM 24MB
Ep 6800 | M0_PDR 0.988 | M1_PDR 0.689 | H_m0 0.00 H_m1 2.26 | a-0.0227 c0.4008 ent0.0167 VRAM 24MB
Ep 6850 | M0_PDR 1.000 | M1_PDR 0.661 | H_m0 0.00 H_m1 2.25 | a-0.0222 c0.3611 ent0.0164 VRAM 24MB
Ep 6900 | M0_PDR 0.992 | M1_PDR 0.642 | H_m0 0.00 H_m1 2.32 | a-0.0226 c0.4796 ent0.0162 VRAM 24MB
Ep 6950 | M0_PDR 1.000 | M1_PDR 0.657 | H_m0 0.00 H_m1 2.34 | a-0.0225 c0.3554 ent0.0159 VRAM 24MB
Ep 7000 | M0_PDR 0.993 | M1_PDR 0.636 | H_m0 0.00 H_m1 2.29 | a-0.0217 c0.4280 ent0.0157 VRAM 24MB
Ep 7050 | M0_PDR 0.995 | M1_PDR 0.662 | H_m0 0.00 H_m1 2.27 | a-0.0212 c0.4030 ent0.0155 VRAM 24MB
Ep 7100 | M0_PDR 0.996 | M1_PDR 0.642 | H_m0 0.00 H_m1 2.25 | a-0.0210 c0.4220 ent0.0152 VRAM 24MB
Ep 7150 | M0_PDR 0.997 | M1_PDR 0.606 | H_m0 0.00 H_m1 2.25 | a-0.0204 c0.4009 ent0.0150 VRAM 24MB
Ep 7200 | M0_PDR 0.995 | M1_PDR 0.688 | H_m0 0.00 H_m1 2.22 | a-0.0198 c0.3651 ent0.0147 VRAM 24MB
Ep 7250 | M0_PDR 1.000 | M1_PDR 0.636 | H_m0 0.00 H_m1 2.20 | a-0.0192 c0.3400 ent0.0145 VRAM 24MB
Ep 7300 | M0_PDR 0.995 | M1_PDR 0.651 | H_m0 0.00 H_m1 2.13 | a-0.0183 c0.4232 ent0.0142 VRAM 24MB
Ep 7350 | M0_PDR 0.992 | M1_PDR 0.616 | H_m0 0.00 H_m1 2.17 | a-0.0183 c0.4112 ent0.0140 VRAM 24MB
Ep 7400 | M0_PDR 0.996 | M1_PDR 0.697 | H_m0 0.00 H_m1 2.13 | a-0.0177 c0.3602 ent0.0137 VRAM 24MB
Ep 7450 | M0_PDR 0.995 | M1_PDR 0.670 | H_m0 0.00 H_m1 2.17 | a-0.0177 c0.3714 ent0.0135 VRAM 24MB
Ep 7500 | M0_PDR 0.993 | M1_PDR 0.646 | H_m0 0.00 H_m1 2.16 | a-0.0172 c0.4013 ent0.0132 VRAM 24MB
Ep 7550 | M0_PDR 0.994 | M1_PDR 0.640 | H_m0 0.00 H_m1 2.16 | a-0.0170 c0.3969 ent0.0130 VRAM 24MB
Ep 7600 | M0_PDR 0.997 | M1_PDR 0.666 | H_m0 0.00 H_m1 2.09 | a-0.0161 c0.3926 ent0.0128 VRAM 24MB
Ep 7650 | M0_PDR 0.997 | M1_PDR 0.670 | H_m0 0.00 H_m1 2.08 | a-0.0157 c0.3490 ent0.0125 VRAM 24MB
Ep 7700 | M0_PDR 0.998 | M1_PDR 0.629 | H_m0 0.00 H_m1 2.16 | a-0.0159 c0.3842 ent0.0123 VRAM 24MB
Ep 7750 | M0_PDR 0.987 | M1_PDR 0.697 | H_m0 0.00 H_m1 2.16 | a-0.0156 c0.4067 ent0.0120 VRAM 24MB
Ep 7800 | M0_PDR 0.993 | M1_PDR 0.666 | H_m0 0.00 H_m1 2.18 | a-0.0154 c0.3883 ent0.0118 VRAM 24MB
Ep 7850 | M0_PDR 0.999 | M1_PDR 0.645 | H_m0 0.00 H_m1 2.23 | a-0.0154 c0.3638 ent0.0115 VRAM 24MB
Ep 7900 | M0_PDR 0.993 | M1_PDR 0.686 | H_m0 0.00 H_m1 2.13 | a-0.0145 c0.3862 ent0.0113 VRAM 24MB
Ep 7950 | M0_PDR 0.998 | M1_PDR 0.689 | H_m0 0.00 H_m1 2.11 | a-0.0141 c0.3725 ent0.0110 VRAM 24MB
Ep 8000 | M0_PDR 0.998 | M1_PDR 0.691 | H_m0 0.00 H_m1 2.12 | a-0.0137 c0.3836 ent0.0108 VRAM 24MB
Ep 8050 | M0_PDR 0.991 | M1_PDR 0.641 | H_m0 0.00 H_m1 2.12 | a-0.0134 c0.4278 ent0.0106 VRAM 24MB
Ep 8100 | M0_PDR 0.993 | M1_PDR 0.675 | H_m0 0.00 H_m1 2.13 | a-0.0132 c0.3957 ent0.0103 VRAM 24MB
Ep 8150 | M0_PDR 0.993 | M1_PDR 0.649 | H_m0 0.00 H_m1 2.10 | a-0.0127 c0.4239 ent0.0101 VRAM 24MB
Ep 8200 | M0_PDR 0.997 | M1_PDR 0.694 | H_m0 0.00 H_m1 2.04 | a-0.0120 c0.3941 ent0.0098 VRAM 24MB
Ep 8250 | M0_PDR 0.997 | M1_PDR 0.687 | H_m0 0.00 H_m1 2.06 | a-0.0118 c0.3596 ent0.0096 VRAM 24MB
Ep 8300 | M0_PDR 0.992 | M1_PDR 0.655 | H_m0 0.00 H_m1 2.03 | a-0.0114 c0.4224 ent0.0093 VRAM 24MB
Ep 8350 | M0_PDR 0.998 | M1_PDR 0.689 | H_m0 0.00 H_m1 2.02 | a-0.0112 c0.3695 ent0.0091 VRAM 24MB
Ep 8400 | M0_PDR 0.993 | M1_PDR 0.658 | H_m0 0.00 H_m1 2.02 | a-0.0108 c0.3738 ent0.0088 VRAM 24MB
Ep 8450 | M0_PDR 1.000 | M1_PDR 0.628 | H_m0 0.00 H_m1 1.96 | a-0.0103 c0.3519 ent0.0086 VRAM 24MB
Ep 8500 | M0_PDR 0.997 | M1_PDR 0.679 | H_m0 0.00 H_m1 1.95 | a-0.0099 c0.3673 ent0.0083 VRAM 24MB
Ep 8550 | M0_PDR 1.000 | M1_PDR 0.674 | H_m0 0.00 H_m1 1.94 | a-0.0095 c0.3478 ent0.0081 VRAM 24MB
Ep 8600 | M0_PDR 0.998 | M1_PDR 0.657 | H_m0 0.00 H_m1 1.96 | a-0.0093 c0.3910 ent0.0079 VRAM 24MB
Ep 8650 | M0_PDR 1.000 | M1_PDR 0.625 | H_m0 0.00 H_m1 1.94 | a-0.0090 c0.3582 ent0.0076 VRAM 24MB
Ep 8700 | M0_PDR 0.998 | M1_PDR 0.635 | H_m0 0.00 H_m1 1.94 | a-0.0086 c0.3626 ent0.0074 VRAM 24MB
Ep 8750 | M0_PDR 0.995 | M1_PDR 0.694 | H_m0 0.00 H_m1 1.93 | a-0.0083 c0.3878 ent0.0071 VRAM 24MB
Ep 8800 | M0_PDR 1.000 | M1_PDR 0.691 | H_m0 0.00 H_m1 1.90 | a-0.0079 c0.3633 ent0.0069 VRAM 24MB
Ep 8850 | M0_PDR 1.000 | M1_PDR 0.673 | H_m0 0.00 H_m1 1.89 | a-0.0075 c0.3497 ent0.0066 VRAM 24MB
Ep 8900 | M0_PDR 1.000 | M1_PDR 0.670 | H_m0 0.00 H_m1 1.88 | a-0.0072 c0.3667 ent0.0064 VRAM 24MB
Ep 8950 | M0_PDR 0.997 | M1_PDR 0.664 | H_m0 0.00 H_m1 1.88 | a-0.0070 c0.3726 ent0.0061 VRAM 24MB
Ep 9000 | M0_PDR 0.998 | M1_PDR 0.682 | H_m0 0.00 H_m1 1.84 | a-0.0066 c0.3628 ent0.0059 VRAM 24MB
Ep 9050 | M0_PDR 1.000 | M1_PDR 0.675 | H_m0 0.00 H_m1 1.85 | a-0.0063 c0.3490 ent0.0057 VRAM 24MB
Ep 9100 | M0_PDR 1.000 | M1_PDR 0.705 | H_m0 0.00 H_m1 1.85 | a-0.0060 c0.3310 ent0.0054 VRAM 24MB
Ep 9150 | M0_PDR 0.997 | M1_PDR 0.660 | H_m0 0.00 H_m1 1.86 | a-0.0059 c0.3669 ent0.0052 VRAM 24MB
Ep 9200 | M0_PDR 1.000 | M1_PDR 0.667 | H_m0 0.00 H_m1 1.86 | a-0.0055 c0.3457 ent0.0049 VRAM 24MB
Ep 9250 | M0_PDR 0.998 | M1_PDR 0.688 | H_m0 0.00 H_m1 1.84 | a-0.0052 c0.3612 ent0.0047 VRAM 24MB
Ep 9300 | M0_PDR 0.998 | M1_PDR 0.688 | H_m0 0.00 H_m1 1.82 | a-0.0048 c0.3587 ent0.0044 VRAM 24MB
Ep 9350 | M0_PDR 1.000 | M1_PDR 0.676 | H_m0 0.00 H_m1 1.81 | a-0.0045 c0.3355 ent0.0042 VRAM 24MB
Ep 9400 | M0_PDR 0.993 | M1_PDR 0.672 | H_m0 0.00 H_m1 1.81 | a-0.0043 c0.4094 ent0.0039 VRAM 24MB
Ep 9450 | M0_PDR 0.998 | M1_PDR 0.643 | H_m0 0.00 H_m1 1.79 | a-0.0040 c0.3842 ent0.0037 VRAM 24MB
Ep 9500 | M0_PDR 1.000 | M1_PDR 0.640 | H_m0 0.00 H_m1 1.78 | a-0.0037 c0.3738 ent0.0034 VRAM 24MB
Ep 9550 | M0_PDR 0.998 | M1_PDR 0.674 | H_m0 0.00 H_m1 1.77 | a-0.0035 c0.3453 ent0.0032 VRAM 24MB
Ep 9600 | M0_PDR 1.000 | M1_PDR 0.681 | H_m0 0.00 H_m1 1.77 | a-0.0031 c0.3613 ent0.0030 VRAM 24MB
Ep 9650 | M0_PDR 0.998 | M1_PDR 0.677 | H_m0 0.00 H_m1 1.76 | a-0.0028 c0.3879 ent0.0027 VRAM 24MB
Ep 9700 | M0_PDR 1.000 | M1_PDR 0.684 | H_m0 0.00 H_m1 1.75 | a-0.0026 c0.3372 ent0.0025 VRAM 24MB
Ep 9750 | M0_PDR 1.000 | M1_PDR 0.719 | H_m0 0.00 H_m1 1.71 | a-0.0023 c0.3611 ent0.0022 VRAM 24MB
Ep 9800 | M0_PDR 0.998 | M1_PDR 0.685 | H_m0 0.00 H_m1 1.71 | a-0.0020 c0.3774 ent0.0020 VRAM 24MB
Ep 9850 | M0_PDR 1.000 | M1_PDR 0.660 | H_m0 0.00 H_m1 1.71 | a-0.0018 c0.3470 ent0.0017 VRAM 24MB
Ep 9900 | M0_PDR 1.000 | M1_PDR 0.699 | H_m0 0.00 H_m1 1.70 | a-0.0015 c0.3629 ent0.0015 VRAM 24MB
Ep 9950 | M0_PDR 0.995 | M1_PDR 0.677 | H_m0 0.00 H_m1 1.69 | a-0.0014 c0.3635 ent0.0012 VRAM 24MB

Training complete. Running 100 eval episodes...

  Eval ep   0: M0_PDR=1.000  M1_PDR=0.666
  Eval ep  20: M0_PDR=1.000  M1_PDR=0.716
  Eval ep  40: M0_PDR=1.000  M1_PDR=0.689
  Eval ep  60: M0_PDR=1.000  M1_PDR=0.618
  Eval ep  80: M0_PDR=0.997  M1_PDR=0.653

=== Eval Summary (100 episodes) ===
  M0_PDR_mean         : 0.9990
  M0_PDR_p05 (across) : 0.9954
  M0_PDR_p05 (intra)  : 1.0000
  M1_PDR_mean         : 0.6777
  M0_SINR_mean (dB)   : 47.47
  M1_SINR_mean (dB)   : 14.13
  M0_collision_rate   : 0.002
  M0_collision_within_pool : 0.000
  M1_collision_within_pool : 0.554

Result saved -> results/_A_N5_seed4_10000ep.json
  N=5  rho=1.0  M0_PDR=0.999  M1_PDR=0.678
[NS3Bridge] Shutdown complete.
Run complete.
