[seed] all RNGs seeded with 1
GPU : NVIDIA GeForce RTX 3060
VRAM: 12.9 GB
Device          : cuda:0
Actor M0 params : 21,273
Actor M1 params : 21,273
Critic params   : 82,177
obs_dim=11  action_dim=25  gs_dim=60
M0 count: 2  M1 count: 3
Training for 10000 episodes (Config A_N5_seed1_10000ep, N=5)...

[NS3Bridge] Connected tcp://localhost:6846
Ep    0 | M0_PDR 0.619 | M1_PDR 0.621 | H_m0 3.21 H_m1 3.22 | a-0.1667 c27.8907 ent0.0500 VRAM 24MB
Ep   50 | M0_PDR 0.640 | M1_PDR 0.623 | H_m0 3.08 H_m1 3.17 | a-0.1585 c10.2180 ent0.0498 VRAM 24MB
Ep  100 | M0_PDR 0.697 | M1_PDR 0.634 | H_m0 2.97 H_m1 3.20 | a-0.1547 c8.2740 ent0.0495 VRAM 24MB
Ep  150 | M0_PDR 0.661 | M1_PDR 0.582 | H_m0 2.99 H_m1 3.21 | a-0.1557 c3.0316 ent0.0493 VRAM 24MB
Ep  200 | M0_PDR 0.652 | M1_PDR 0.594 | H_m0 3.02 H_m1 3.20 | a-0.1547 c3.9669 ent0.0490 VRAM 24MB
Ep  250 | M0_PDR 0.658 | M1_PDR 0.627 | H_m0 2.93 H_m1 3.19 | a-0.1513 c4.2035 ent0.0488 VRAM 24MB
Ep  300 | M0_PDR 0.695 | M1_PDR 0.579 | H_m0 2.71 H_m1 3.20 | a-0.1478 c2.6731 ent0.0485 VRAM 24MB
Ep  350 | M0_PDR 0.654 | M1_PDR 0.582 | H_m0 2.63 H_m1 3.21 | a-0.1446 c2.8718 ent0.0483 VRAM 24MB
Ep  400 | M0_PDR 0.690 | M1_PDR 0.579 | H_m0 2.68 H_m1 3.21 | a-0.1448 c1.8945 ent0.0480 VRAM 24MB
Ep  450 | M0_PDR 0.656 | M1_PDR 0.564 | H_m0 2.69 H_m1 3.21 | a-0.1442 c3.0777 ent0.0478 VRAM 24MB
Ep  500 | M0_PDR 0.707 | M1_PDR 0.580 | H_m0 2.49 H_m1 3.19 | a-0.1394 c2.3181 ent0.0475 VRAM 24MB
Ep  550 | M0_PDR 0.674 | M1_PDR 0.580 | H_m0 2.66 H_m1 3.17 | a-0.1415 c1.6695 ent0.0473 VRAM 24MB
Ep  600 | M0_PDR 0.690 | M1_PDR 0.613 | H_m0 2.73 H_m1 3.18 | a-0.1423 c1.9634 ent0.0471 VRAM 24MB
Ep  650 | M0_PDR 0.740 | M1_PDR 0.552 | H_m0 2.45 H_m1 3.17 | a-0.1349 c1.8458 ent0.0468 VRAM 24MB
Ep  700 | M0_PDR 0.704 | M1_PDR 0.591 | H_m0 2.58 H_m1 3.20 | a-0.1391 c2.5629 ent0.0466 VRAM 24MB
Ep  750 | M0_PDR 0.709 | M1_PDR 0.592 | H_m0 2.55 H_m1 3.21 | a-0.1373 c2.1014 ent0.0463 VRAM 24MB
Ep  800 | M0_PDR 0.701 | M1_PDR 0.588 | H_m0 2.43 H_m1 3.20 | a-0.1356 c2.4436 ent0.0461 VRAM 24MB
Ep  850 | M0_PDR 0.702 | M1_PDR 0.585 | H_m0 2.38 H_m1 3.20 | a-0.1330 c2.0270 ent0.0458 VRAM 24MB
Ep  900 | M0_PDR 0.664 | M1_PDR 0.594 | H_m0 2.57 H_m1 3.21 | a-0.1361 c2.5613 ent0.0456 VRAM 24MB
Ep  950 | M0_PDR 0.719 | M1_PDR 0.601 | H_m0 2.56 H_m1 3.20 | a-0.1342 c2.0264 ent0.0453 VRAM 24MB
Ep 1000 | M0_PDR 0.718 | M1_PDR 0.607 | H_m0 2.56 H_m1 3.19 | a-0.1347 c2.0375 ent0.0451 VRAM 24MB
Ep 1050 | M0_PDR 0.703 | M1_PDR 0.598 | H_m0 2.51 H_m1 3.14 | a-0.1316 c1.4617 ent0.0449 VRAM 24MB
Ep 1100 | M0_PDR 0.654 | M1_PDR 0.575 | H_m0 2.27 H_m1 3.15 | a-0.1264 c1.7006 ent0.0446 VRAM 24MB
Ep 1150 | M0_PDR 0.678 | M1_PDR 0.609 | H_m0 2.37 H_m1 3.09 | a-0.1249 c2.1095 ent0.0444 VRAM 24MB
Ep 1200 | M0_PDR 0.718 | M1_PDR 0.597 | H_m0 2.39 H_m1 3.16 | a-0.1268 c2.1481 ent0.0441 VRAM 24MB
Ep 1250 | M0_PDR 0.656 | M1_PDR 0.593 | H_m0 2.35 H_m1 3.15 | a-0.1244 c2.1862 ent0.0439 VRAM 24MB
Ep 1300 | M0_PDR 0.697 | M1_PDR 0.605 | H_m0 2.43 H_m1 3.17 | a-0.1258 c1.7538 ent0.0436 VRAM 24MB
Ep 1350 | M0_PDR 0.686 | M1_PDR 0.579 | H_m0 2.43 H_m1 3.19 | a-0.1256 c1.8189 ent0.0434 VRAM 24MB
Ep 1400 | M0_PDR 0.667 | M1_PDR 0.575 | H_m0 2.38 H_m1 3.19 | a-0.1245 c1.8829 ent0.0431 VRAM 24MB
Ep 1450 | M0_PDR 0.709 | M1_PDR 0.560 | H_m0 2.17 H_m1 3.20 | a-0.1207 c1.6249 ent0.0429 VRAM 24MB
Ep 1500 | M0_PDR 0.649 | M1_PDR 0.574 | H_m0 2.24 H_m1 3.20 | a-0.1207 c2.4215 ent0.0426 VRAM 24MB
Ep 1550 | M0_PDR 0.707 | M1_PDR 0.557 | H_m0 2.25 H_m1 3.18 | a-0.1198 c2.6470 ent0.0424 VRAM 24MB
Ep 1600 | M0_PDR 0.751 | M1_PDR 0.609 | H_m0 2.34 H_m1 3.18 | a-0.1211 c1.8564 ent0.0422 VRAM 24MB
Ep 1650 | M0_PDR 0.689 | M1_PDR 0.552 | H_m0 2.24 H_m1 3.19 | a-0.1179 c2.0543 ent0.0419 VRAM 24MB
Ep 1700 | M0_PDR 0.723 | M1_PDR 0.585 | H_m0 2.36 H_m1 3.20 | a-0.1201 c1.2841 ent0.0417 VRAM 24MB
Ep 1750 | M0_PDR 0.701 | M1_PDR 0.569 | H_m0 2.41 H_m1 3.20 | a-0.1208 c1.3699 ent0.0414 VRAM 24MB
Ep 1800 | M0_PDR 0.701 | M1_PDR 0.585 | H_m0 2.39 H_m1 3.21 | a-0.1191 c1.8784 ent0.0412 VRAM 24MB
Ep 1850 | M0_PDR 0.698 | M1_PDR 0.558 | H_m0 2.13 H_m1 3.21 | a-0.1146 c2.2137 ent0.0409 VRAM 24MB
Ep 1900 | M0_PDR 0.720 | M1_PDR 0.585 | H_m0 2.30 H_m1 3.21 | a-0.1161 c1.7301 ent0.0407 VRAM 24MB
Ep 1950 | M0_PDR 0.729 | M1_PDR 0.613 | H_m0 2.22 H_m1 3.21 | a-0.1142 c2.0035 ent0.0404 VRAM 24MB
Ep 2000 | M0_PDR 0.695 | M1_PDR 0.576 | H_m0 2.36 H_m1 3.20 | a-0.1168 c2.1700 ent0.0402 VRAM 24MB
Ep 2050 | M0_PDR 0.730 | M1_PDR 0.590 | H_m0 2.20 H_m1 3.17 | a-0.1120 c1.2393 ent0.0400 VRAM 24MB
Ep 2100 | M0_PDR 0.739 | M1_PDR 0.583 | H_m0 2.46 H_m1 3.19 | a-0.1162 c1.5916 ent0.0397 VRAM 24MB
Ep 2150 | M0_PDR 0.688 | M1_PDR 0.567 | H_m0 2.21 H_m1 3.18 | a-0.1110 c2.2200 ent0.0395 VRAM 24MB
Ep 2200 | M0_PDR 0.744 | M1_PDR 0.563 | H_m0 2.29 H_m1 3.18 | a-0.1115 c1.8891 ent0.0392 VRAM 24MB
Ep 2250 | M0_PDR 0.711 | M1_PDR 0.587 | H_m0 2.25 H_m1 3.19 | a-0.1104 c2.2268 ent0.0390 VRAM 24MB
Ep 2300 | M0_PDR 0.721 | M1_PDR 0.566 | H_m0 2.26 H_m1 3.17 | a-0.1092 c2.0314 ent0.0387 VRAM 24MB
Ep 2350 | M0_PDR 0.705 | M1_PDR 0.596 | H_m0 2.37 H_m1 3.14 | a-0.1097 c1.8625 ent0.0385 VRAM 24MB
Ep 2400 | M0_PDR 0.720 | M1_PDR 0.602 | H_m0 2.29 H_m1 3.19 | a-0.1106 c1.7928 ent0.0382 VRAM 24MB
Ep 2450 | M0_PDR 0.711 | M1_PDR 0.596 | H_m0 2.22 H_m1 3.18 | a-0.1066 c1.4434 ent0.0380 VRAM 24MB
Ep 2500 | M0_PDR 0.697 | M1_PDR 0.571 | H_m0 2.25 H_m1 3.17 | a-0.1069 c1.9064 ent0.0377 VRAM 24MB
Ep 2550 | M0_PDR 0.719 | M1_PDR 0.569 | H_m0 2.14 H_m1 3.20 | a-0.1049 c1.7038 ent0.0375 VRAM 24MB
Ep 2600 | M0_PDR 0.700 | M1_PDR 0.585 | H_m0 2.27 H_m1 3.19 | a-0.1062 c2.3617 ent0.0373 VRAM 24MB
Ep 2650 | M0_PDR 0.674 | M1_PDR 0.579 | H_m0 2.23 H_m1 3.21 | a-0.1050 c2.5862 ent0.0370 VRAM 24MB
Ep 2700 | M0_PDR 0.770 | M1_PDR 0.575 | H_m0 2.19 H_m1 3.20 | a-0.1035 c1.5279 ent0.0368 VRAM 24MB
Ep 2750 | M0_PDR 0.697 | M1_PDR 0.573 | H_m0 2.55 H_m1 3.20 | a-0.1085 c2.0363 ent0.0365 VRAM 24MB
Ep 2800 | M0_PDR 0.706 | M1_PDR 0.599 | H_m0 2.26 H_m1 3.18 | a-0.1040 c2.0963 ent0.0363 VRAM 24MB
Ep 2850 | M0_PDR 0.706 | M1_PDR 0.584 | H_m0 2.05 H_m1 3.19 | a-0.0998 c1.6102 ent0.0360 VRAM 24MB
Ep 2900 | M0_PDR 0.716 | M1_PDR 0.580 | H_m0 1.79 H_m1 3.17 | a-0.0941 c1.6656 ent0.0358 VRAM 24MB
Ep 2950 | M0_PDR 0.792 | M1_PDR 0.578 | H_m0 1.27 H_m1 3.16 | a-0.0869 c1.6790 ent0.0355 VRAM 24MB
Ep 3000 | M0_PDR 0.897 | M1_PDR 0.623 | H_m0 0.54 H_m1 2.99 | a-0.0727 c1.4242 ent0.0353 VRAM 24MB
Ep 3050 | M0_PDR 0.972 | M1_PDR 0.656 | H_m0 0.09 H_m1 2.74 | a-0.0593 c0.6017 ent0.0351 VRAM 24MB
Ep 3100 | M0_PDR 0.975 | M1_PDR 0.641 | H_m0 0.04 H_m1 2.73 | a-0.0578 c0.8580 ent0.0348 VRAM 24MB
Ep 3150 | M0_PDR 0.977 | M1_PDR 0.669 | H_m0 0.02 H_m1 2.59 | a-0.0544 c0.9938 ent0.0346 VRAM 24MB
Ep 3200 | M0_PDR 0.977 | M1_PDR 0.659 | H_m0 0.01 H_m1 2.62 | a-0.0543 c0.4910 ent0.0343 VRAM 24MB
Ep 3250 | M0_PDR 0.987 | M1_PDR 0.664 | H_m0 0.01 H_m1 2.68 | a-0.0560 c0.4696 ent0.0341 VRAM 24MB
Ep 3300 | M0_PDR 0.985 | M1_PDR 0.681 | H_m0 0.01 H_m1 2.65 | a-0.0543 c0.5349 ent0.0338 VRAM 24MB
Ep 3350 | M0_PDR 0.978 | M1_PDR 0.631 | H_m0 0.01 H_m1 2.53 | a-0.0514 c0.6039 ent0.0336 VRAM 24MB
Ep 3400 | M0_PDR 0.985 | M1_PDR 0.651 | H_m0 0.00 H_m1 2.62 | a-0.0528 c0.4867 ent0.0333 VRAM 24MB
Ep 3450 | M0_PDR 0.983 | M1_PDR 0.648 | H_m0 0.00 H_m1 2.57 | a-0.0512 c0.5178 ent0.0331 VRAM 24MB
Ep 3500 | M0_PDR 0.990 | M1_PDR 0.669 | H_m0 0.00 H_m1 2.64 | a-0.0524 c0.4807 ent0.0328 VRAM 24MB
Ep 3550 | M0_PDR 0.978 | M1_PDR 0.624 | H_m0 0.00 H_m1 2.70 | a-0.0530 c0.6470 ent0.0326 VRAM 24MB
Ep 3600 | M0_PDR 0.983 | M1_PDR 0.668 | H_m0 0.00 H_m1 2.62 | a-0.0516 c0.5247 ent0.0324 VRAM 24MB
Ep 3650 | M0_PDR 0.986 | M1_PDR 0.628 | H_m0 0.00 H_m1 2.72 | a-0.0527 c0.7718 ent0.0321 VRAM 24MB
Ep 3700 | M0_PDR 0.993 | M1_PDR 0.658 | H_m0 0.00 H_m1 2.63 | a-0.0506 c0.4544 ent0.0319 VRAM 24MB
Ep 3750 | M0_PDR 0.983 | M1_PDR 0.654 | H_m0 0.00 H_m1 2.70 | a-0.0514 c0.5850 ent0.0316 VRAM 24MB
Ep 3800 | M0_PDR 0.992 | M1_PDR 0.658 | H_m0 0.00 H_m1 2.66 | a-0.0505 c0.4980 ent0.0314 VRAM 24MB
Ep 3850 | M0_PDR 0.980 | M1_PDR 0.658 | H_m0 0.00 H_m1 2.58 | a-0.0487 c0.5984 ent0.0311 VRAM 24MB
Ep 3900 | M0_PDR 0.984 | M1_PDR 0.665 | H_m0 0.00 H_m1 2.67 | a-0.0497 c0.6567 ent0.0309 VRAM 24MB
Ep 3950 | M0_PDR 0.970 | M1_PDR 0.657 | H_m0 0.00 H_m1 2.70 | a-0.0498 c0.5746 ent0.0306 VRAM 24MB
Ep 4000 | M0_PDR 0.963 | M1_PDR 0.644 | H_m0 0.00 H_m1 2.72 | a-0.0501 c0.8176 ent0.0304 VRAM 24MB
Ep 4050 | M0_PDR 0.975 | M1_PDR 0.625 | H_m0 0.00 H_m1 2.63 | a-0.0481 c0.6284 ent0.0302 VRAM 24MB
Ep 4100 | M0_PDR 0.985 | M1_PDR 0.646 | H_m0 0.00 H_m1 2.50 | a-0.0450 c0.5390 ent0.0299 VRAM 24MB
Ep 4150 | M0_PDR 0.987 | M1_PDR 0.705 | H_m0 0.00 H_m1 2.52 | a-0.0455 c0.4790 ent0.0297 VRAM 24MB
Ep 4200 | M0_PDR 0.997 | M1_PDR 0.653 | H_m0 0.00 H_m1 2.61 | a-0.0467 c0.4843 ent0.0294 VRAM 24MB
Ep 4250 | M0_PDR 0.976 | M1_PDR 0.664 | H_m0 0.00 H_m1 2.61 | a-0.0460 c0.5799 ent0.0292 VRAM 24MB
Ep 4300 | M0_PDR 0.982 | M1_PDR 0.665 | H_m0 0.00 H_m1 2.69 | a-0.0466 c0.6586 ent0.0289 VRAM 24MB
Ep 4350 | M0_PDR 0.983 | M1_PDR 0.683 | H_m0 0.00 H_m1 2.70 | a-0.0466 c0.6761 ent0.0287 VRAM 24MB
Ep 4400 | M0_PDR 0.984 | M1_PDR 0.675 | H_m0 0.00 H_m1 2.59 | a-0.0444 c0.5461 ent0.0284 VRAM 24MB
Error: tcpip::Socket::accept() Unable to create listening socket: Address already in use
Quitting (on error).
Ep 4450 | M0_PDR 0.980 | M1_PDR 0.660 | H_m0 0.00 H_m1 2.49 | a-0.0424 c0.5973 ent0.0282 VRAM 24MB
Ep 4500 | M0_PDR 0.975 | M1_PDR 0.656 | H_m0 0.00 H_m1 2.53 | a-0.0433 c1.1212 ent0.0279 VRAM 24MB
Ep 4550 | M0_PDR 0.987 | M1_PDR 0.715 | H_m0 0.00 H_m1 2.40 | a-0.0410 c0.6201 ent0.0277 VRAM 24MB
Ep 4600 | M0_PDR 0.979 | M1_PDR 0.666 | H_m0 0.00 H_m1 2.56 | a-0.0423 c0.5917 ent0.0275 VRAM 24MB
Ep 4650 | M0_PDR 0.970 | M1_PDR 0.668 | H_m0 0.00 H_m1 2.61 | a-0.0427 c0.5501 ent0.0272 VRAM 24MB
Ep 4700 | M0_PDR 0.979 | M1_PDR 0.651 | H_m0 0.00 H_m1 2.59 | a-0.0427 c0.6624 ent0.0270 VRAM 24MB
Ep 4750 | M0_PDR 0.944 | M1_PDR 0.679 | H_m0 0.00 H_m1 2.65 | a-0.0428 c0.8493 ent0.0267 VRAM 24MB
Ep 4800 | M0_PDR 0.984 | M1_PDR 0.661 | H_m0 0.00 H_m1 2.48 | a-0.0394 c0.5155 ent0.0265 VRAM 24MB
Ep 4850 | M0_PDR 0.974 | M1_PDR 0.660 | H_m0 0.00 H_m1 2.66 | a-0.0424 c0.5152 ent0.0262 VRAM 24MB
Ep 4900 | M0_PDR 0.971 | M1_PDR 0.627 | H_m0 0.00 H_m1 2.73 | a-0.0432 c0.6748 ent0.0260 VRAM 24MB
Ep 4950 | M0_PDR 0.971 | M1_PDR 0.629 | H_m0 0.00 H_m1 2.72 | a-0.0426 c0.5748 ent0.0257 VRAM 24MB
Ep 5000 | M0_PDR 0.974 | M1_PDR 0.644 | H_m0 0.00 H_m1 2.63 | a-0.0406 c0.5718 ent0.0255 VRAM 24MB
Ep 5050 | M0_PDR 0.961 | M1_PDR 0.669 | H_m0 0.00 H_m1 2.62 | a-0.0401 c0.5512 ent0.0253 VRAM 24MB
Ep 5100 | M0_PDR 0.975 | M1_PDR 0.663 | H_m0 0.00 H_m1 2.54 | a-0.0384 c0.6709 ent0.0250 VRAM 24MB
Ep 5150 | M0_PDR 0.981 | M1_PDR 0.683 | H_m0 0.00 H_m1 2.63 | a-0.0393 c0.5269 ent0.0248 VRAM 24MB
Ep 5200 | M0_PDR 0.986 | M1_PDR 0.639 | H_m0 0.00 H_m1 2.64 | a-0.0392 c0.7308 ent0.0245 VRAM 24MB
Ep 5250 | M0_PDR 0.983 | M1_PDR 0.646 | H_m0 0.00 H_m1 2.58 | a-0.0377 c0.5267 ent0.0243 VRAM 24MB
Ep 5300 | M0_PDR 0.975 | M1_PDR 0.663 | H_m0 0.00 H_m1 2.59 | a-0.0375 c0.5398 ent0.0240 VRAM 24MB
Ep 5350 | M0_PDR 0.971 | M1_PDR 0.662 | H_m0 0.00 H_m1 2.62 | a-0.0376 c0.5351 ent0.0238 VRAM 24MB
Ep 5400 | M0_PDR 0.979 | M1_PDR 0.654 | H_m0 0.00 H_m1 2.56 | a-0.0363 c0.5136 ent0.0235 VRAM 24MB
Ep 5450 | M0_PDR 0.977 | M1_PDR 0.648 | H_m0 0.00 H_m1 2.61 | a-0.0368 c0.4401 ent0.0233 VRAM 24MB
Ep 5500 | M0_PDR 0.985 | M1_PDR 0.646 | H_m0 0.00 H_m1 2.56 | a-0.0355 c0.4565 ent0.0230 VRAM 24MB
Ep 5550 | M0_PDR 0.981 | M1_PDR 0.703 | H_m0 0.00 H_m1 2.53 | a-0.0349 c0.5116 ent0.0228 VRAM 24MB
Ep 5600 | M0_PDR 0.959 | M1_PDR 0.651 | H_m0 0.00 H_m1 2.65 | a-0.0361 c0.6715 ent0.0226 VRAM 24MB
Ep 5650 | M0_PDR 0.962 | M1_PDR 0.693 | H_m0 0.00 H_m1 2.61 | a-0.0352 c0.5186 ent0.0223 VRAM 24MB
Ep 5700 | M0_PDR 0.970 | M1_PDR 0.698 | H_m0 0.00 H_m1 2.52 | a-0.0337 c0.7606 ent0.0221 VRAM 24MB
Ep 5750 | M0_PDR 0.971 | M1_PDR 0.691 | H_m0 0.00 H_m1 2.58 | a-0.0340 c0.5092 ent0.0218 VRAM 24MB
Ep 5800 | M0_PDR 0.971 | M1_PDR 0.683 | H_m0 0.00 H_m1 2.59 | a-0.0336 c0.5706 ent0.0216 VRAM 24MB
Ep 5850 | M0_PDR 0.979 | M1_PDR 0.684 | H_m0 0.00 H_m1 2.54 | a-0.0332 c0.5568 ent0.0213 VRAM 24MB
Ep 5900 | M0_PDR 0.975 | M1_PDR 0.641 | H_m0 0.00 H_m1 2.56 | a-0.0326 c0.6759 ent0.0211 VRAM 24MB
Ep 5950 | M0_PDR 0.987 | M1_PDR 0.641 | H_m0 0.00 H_m1 2.49 | a-0.0312 c0.5147 ent0.0208 VRAM 24MB
Ep 6000 | M0_PDR 0.988 | M1_PDR 0.662 | H_m0 0.00 H_m1 2.47 | a-0.0307 c0.4388 ent0.0206 VRAM 24MB
Ep 6050 | M0_PDR 0.992 | M1_PDR 0.673 | H_m0 0.00 H_m1 2.52 | a-0.0311 c0.4248 ent0.0204 VRAM 24MB
Ep 6100 | M0_PDR 0.985 | M1_PDR 0.655 | H_m0 0.00 H_m1 2.49 | a-0.0303 c0.4267 ent0.0201 VRAM 24MB
Ep 6150 | M0_PDR 0.987 | M1_PDR 0.654 | H_m0 0.00 H_m1 2.47 | a-0.0297 c0.5954 ent0.0199 VRAM 24MB
Ep 6200 | M0_PDR 0.992 | M1_PDR 0.688 | H_m0 0.00 H_m1 2.51 | a-0.0297 c0.4894 ent0.0196 VRAM 24MB
Ep 6250 | M0_PDR 0.988 | M1_PDR 0.696 | H_m0 0.00 H_m1 2.52 | a-0.0292 c0.5416 ent0.0194 VRAM 24MB
Ep 6300 | M0_PDR 0.985 | M1_PDR 0.689 | H_m0 0.00 H_m1 2.51 | a-0.0288 c0.4523 ent0.0191 VRAM 24MB
Ep 6350 | M0_PDR 0.997 | M1_PDR 0.668 | H_m0 0.00 H_m1 2.46 | a-0.0280 c0.4049 ent0.0189 VRAM 24MB
Ep 6400 | M0_PDR 0.987 | M1_PDR 0.672 | H_m0 0.00 H_m1 2.44 | a-0.0275 c0.4550 ent0.0186 VRAM 24MB
Ep 6450 | M0_PDR 0.990 | M1_PDR 0.712 | H_m0 0.00 H_m1 2.43 | a-0.0271 c0.3996 ent0.0184 VRAM 24MB
Ep 6500 | M0_PDR 0.993 | M1_PDR 0.664 | H_m0 0.00 H_m1 2.42 | a-0.0263 c0.4404 ent0.0181 VRAM 24MB
Ep 6550 | M0_PDR 0.969 | M1_PDR 0.678 | H_m0 0.00 H_m1 2.42 | a-0.0262 c0.5447 ent0.0179 VRAM 24MB
Ep 6600 | M0_PDR 0.988 | M1_PDR 0.687 | H_m0 0.00 H_m1 2.32 | a-0.0247 c0.4583 ent0.0177 VRAM 24MB
Ep 6650 | M0_PDR 0.991 | M1_PDR 0.662 | H_m0 0.00 H_m1 2.33 | a-0.0248 c0.4394 ent0.0174 VRAM 24MB
Ep 6700 | M0_PDR 0.995 | M1_PDR 0.675 | H_m0 0.00 H_m1 2.29 | a-0.0237 c0.3752 ent0.0172 VRAM 24MB
Ep 6750 | M0_PDR 0.996 | M1_PDR 0.668 | H_m0 0.00 H_m1 2.26 | a-0.0231 c0.4165 ent0.0169 VRAM 24MB
Ep 6800 | M0_PDR 0.985 | M1_PDR 0.659 | H_m0 0.00 H_m1 2.26 | a-0.0227 c0.5140 ent0.0167 VRAM 24MB
Ep 6850 | M0_PDR 0.988 | M1_PDR 0.669 | H_m0 0.00 H_m1 2.32 | a-0.0230 c0.4706 ent0.0164 VRAM 24MB
Ep 6900 | M0_PDR 0.983 | M1_PDR 0.681 | H_m0 0.00 H_m1 2.39 | a-0.0233 c0.4370 ent0.0162 VRAM 24MB
Ep 6950 | M0_PDR 0.983 | M1_PDR 0.647 | H_m0 0.00 H_m1 2.39 | a-0.0230 c0.4736 ent0.0159 VRAM 24MB
Ep 7000 | M0_PDR 0.988 | M1_PDR 0.645 | H_m0 0.00 H_m1 2.33 | a-0.0222 c0.4774 ent0.0157 VRAM 24MB
Ep 7050 | M0_PDR 0.990 | M1_PDR 0.647 | H_m0 0.00 H_m1 2.34 | a-0.0219 c0.4451 ent0.0155 VRAM 24MB
Ep 7100 | M0_PDR 0.994 | M1_PDR 0.649 | H_m0 0.00 H_m1 2.34 | a-0.0215 c0.3899 ent0.0152 VRAM 24MB
Ep 7150 | M0_PDR 0.993 | M1_PDR 0.644 | H_m0 0.00 H_m1 2.32 | a-0.0209 c0.4316 ent0.0150 VRAM 24MB
Ep 7200 | M0_PDR 0.997 | M1_PDR 0.646 | H_m0 0.00 H_m1 2.33 | a-0.0207 c0.4066 ent0.0147 VRAM 24MB
Ep 7250 | M0_PDR 0.995 | M1_PDR 0.686 | H_m0 0.00 H_m1 2.37 | a-0.0206 c0.4204 ent0.0145 VRAM 24MB
Ep 7300 | M0_PDR 0.991 | M1_PDR 0.649 | H_m0 0.00 H_m1 2.36 | a-0.0202 c0.3913 ent0.0142 VRAM 24MB
Ep 7350 | M0_PDR 0.980 | M1_PDR 0.677 | H_m0 0.00 H_m1 2.32 | a-0.0195 c0.5161 ent0.0140 VRAM 24MB
Ep 7400 | M0_PDR 0.997 | M1_PDR 0.646 | H_m0 0.00 H_m1 2.32 | a-0.0192 c0.3934 ent0.0137 VRAM 24MB
Ep 7450 | M0_PDR 0.996 | M1_PDR 0.674 | H_m0 0.00 H_m1 2.35 | a-0.0191 c0.4008 ent0.0135 VRAM 24MB
Ep 7500 | M0_PDR 0.996 | M1_PDR 0.686 | H_m0 0.00 H_m1 2.34 | a-0.0187 c0.3738 ent0.0132 VRAM 24MB
Ep 7550 | M0_PDR 0.988 | M1_PDR 0.670 | H_m0 0.00 H_m1 2.27 | a-0.0179 c0.4266 ent0.0130 VRAM 24MB
Ep 7600 | M0_PDR 0.992 | M1_PDR 0.686 | H_m0 0.00 H_m1 2.26 | a-0.0174 c0.4505 ent0.0128 VRAM 24MB
Ep 7650 | M0_PDR 0.995 | M1_PDR 0.663 | H_m0 0.00 H_m1 2.25 | a-0.0171 c0.4314 ent0.0125 VRAM 24MB
Ep 7700 | M0_PDR 0.997 | M1_PDR 0.665 | H_m0 0.00 H_m1 2.28 | a-0.0169 c0.3666 ent0.0123 VRAM 24MB
Ep 7750 | M0_PDR 0.989 | M1_PDR 0.682 | H_m0 0.00 H_m1 2.28 | a-0.0166 c0.4216 ent0.0120 VRAM 24MB
Ep 7800 | M0_PDR 0.995 | M1_PDR 0.681 | H_m0 0.00 H_m1 2.26 | a-0.0161 c0.3709 ent0.0118 VRAM 24MB
Ep 7850 | M0_PDR 0.993 | M1_PDR 0.690 | H_m0 0.00 H_m1 2.26 | a-0.0158 c0.4129 ent0.0115 VRAM 24MB
Ep 7900 | M0_PDR 0.997 | M1_PDR 0.646 | H_m0 0.00 H_m1 2.25 | a-0.0154 c0.3777 ent0.0113 VRAM 24MB
Ep 7950 | M0_PDR 0.987 | M1_PDR 0.692 | H_m0 0.00 H_m1 2.27 | a-0.0151 c0.4292 ent0.0110 VRAM 24MB
Ep 8000 | M0_PDR 0.990 | M1_PDR 0.654 | H_m0 0.00 H_m1 2.26 | a-0.0148 c0.4478 ent0.0108 VRAM 24MB
Ep 8050 | M0_PDR 0.990 | M1_PDR 0.651 | H_m0 0.00 H_m1 2.19 | a-0.0140 c0.4563 ent0.0106 VRAM 24MB
Ep 8100 | M0_PDR 0.993 | M1_PDR 0.630 | H_m0 0.00 H_m1 2.17 | a-0.0136 c0.4184 ent0.0103 VRAM 24MB
Ep 8150 | M0_PDR 0.993 | M1_PDR 0.656 | H_m0 0.00 H_m1 2.16 | a-0.0131 c0.3954 ent0.0101 VRAM 24MB
Ep 8200 | M0_PDR 0.993 | M1_PDR 0.664 | H_m0 0.00 H_m1 2.12 | a-0.0126 c0.4121 ent0.0098 VRAM 24MB
Ep 8250 | M0_PDR 0.995 | M1_PDR 0.641 | H_m0 0.00 H_m1 2.10 | a-0.0121 c0.3842 ent0.0096 VRAM 24MB
Ep 8300 | M0_PDR 0.990 | M1_PDR 0.684 | H_m0 0.00 H_m1 2.11 | a-0.0119 c0.4209 ent0.0093 VRAM 24MB
Ep 8350 | M0_PDR 0.995 | M1_PDR 0.681 | H_m0 0.00 H_m1 2.08 | a-0.0114 c0.3821 ent0.0091 VRAM 24MB
Ep 8400 | M0_PDR 0.992 | M1_PDR 0.705 | H_m0 0.00 H_m1 2.08 | a-0.0111 c0.3934 ent0.0088 VRAM 24MB
Ep 8450 | M0_PDR 0.996 | M1_PDR 0.700 | H_m0 0.00 H_m1 2.09 | a-0.0109 c0.3877 ent0.0086 VRAM 24MB
Ep 8500 | M0_PDR 0.993 | M1_PDR 0.648 | H_m0 0.00 H_m1 2.07 | a-0.0104 c0.4189 ent0.0083 VRAM 24MB
Ep 8550 | M0_PDR 0.995 | M1_PDR 0.697 | H_m0 0.00 H_m1 2.04 | a-0.0099 c0.3854 ent0.0081 VRAM 24MB
Ep 8600 | M0_PDR 1.000 | M1_PDR 0.665 | H_m0 0.00 H_m1 2.02 | a-0.0095 c0.3599 ent0.0079 VRAM 24MB
Ep 8650 | M0_PDR 0.997 | M1_PDR 0.652 | H_m0 0.00 H_m1 2.01 | a-0.0093 c0.3596 ent0.0076 VRAM 24MB
Ep 8700 | M0_PDR 0.995 | M1_PDR 0.686 | H_m0 0.00 H_m1 2.03 | a-0.0090 c0.3839 ent0.0074 VRAM 24MB
Ep 8750 | M0_PDR 0.992 | M1_PDR 0.680 | H_m0 0.00 H_m1 2.02 | a-0.0087 c0.4007 ent0.0071 VRAM 24MB
Ep 8800 | M0_PDR 0.997 | M1_PDR 0.679 | H_m0 0.00 H_m1 2.02 | a-0.0084 c0.3791 ent0.0069 VRAM 24MB
Ep 8850 | M0_PDR 0.992 | M1_PDR 0.683 | H_m0 0.00 H_m1 1.99 | a-0.0081 c0.3852 ent0.0066 VRAM 24MB
Ep 8900 | M0_PDR 0.996 | M1_PDR 0.687 | H_m0 0.00 H_m1 1.96 | a-0.0076 c0.3727 ent0.0064 VRAM 24MB
Ep 8950 | M0_PDR 0.995 | M1_PDR 0.675 | H_m0 0.00 H_m1 1.96 | a-0.0072 c0.3766 ent0.0061 VRAM 24MB
Ep 9000 | M0_PDR 0.992 | M1_PDR 0.668 | H_m0 0.00 H_m1 1.96 | a-0.0070 c0.4241 ent0.0059 VRAM 24MB
Ep 9050 | M0_PDR 0.995 | M1_PDR 0.691 | H_m0 0.00 H_m1 1.94 | a-0.0066 c0.3964 ent0.0057 VRAM 24MB
Ep 9100 | M0_PDR 0.995 | M1_PDR 0.651 | H_m0 0.00 H_m1 1.91 | a-0.0062 c0.3898 ent0.0054 VRAM 24MB
Ep 9150 | M0_PDR 0.997 | M1_PDR 0.701 | H_m0 0.00 H_m1 1.91 | a-0.0059 c0.3739 ent0.0052 VRAM 24MB
Ep 9200 | M0_PDR 0.991 | M1_PDR 0.674 | H_m0 0.00 H_m1 1.89 | a-0.0056 c0.3698 ent0.0049 VRAM 24MB
Ep 9250 | M0_PDR 0.989 | M1_PDR 0.671 | H_m0 0.00 H_m1 1.90 | a-0.0054 c0.3917 ent0.0047 VRAM 24MB
Ep 9300 | M0_PDR 0.994 | M1_PDR 0.649 | H_m0 0.00 H_m1 1.89 | a-0.0051 c0.3858 ent0.0044 VRAM 24MB
Ep 9350 | M0_PDR 0.995 | M1_PDR 0.681 | H_m0 0.00 H_m1 1.88 | a-0.0047 c0.3812 ent0.0042 VRAM 24MB
Ep 9400 | M0_PDR 0.996 | M1_PDR 0.645 | H_m0 0.00 H_m1 1.86 | a-0.0044 c0.3886 ent0.0039 VRAM 24MB
Ep 9450 | M0_PDR 1.000 | M1_PDR 0.668 | H_m0 0.00 H_m1 1.83 | a-0.0041 c0.3575 ent0.0037 VRAM 24MB
Ep 9500 | M0_PDR 0.994 | M1_PDR 0.630 | H_m0 0.00 H_m1 1.82 | a-0.0038 c0.3981 ent0.0034 VRAM 24MB
Ep 9550 | M0_PDR 0.993 | M1_PDR 0.730 | H_m0 0.00 H_m1 1.77 | a-0.0034 c0.3950 ent0.0032 VRAM 24MB
Ep 9600 | M0_PDR 0.998 | M1_PDR 0.665 | H_m0 0.00 H_m1 1.80 | a-0.0032 c0.3591 ent0.0030 VRAM 24MB
Ep 9650 | M0_PDR 0.998 | M1_PDR 0.704 | H_m0 0.00 H_m1 1.79 | a-0.0030 c0.3742 ent0.0027 VRAM 24MB
Ep 9700 | M0_PDR 0.998 | M1_PDR 0.666 | H_m0 0.00 H_m1 1.79 | a-0.0027 c0.3466 ent0.0025 VRAM 24MB
Ep 9750 | M0_PDR 0.997 | M1_PDR 0.714 | H_m0 0.00 H_m1 1.76 | a-0.0024 c0.3507 ent0.0022 VRAM 24MB
Ep 9800 | M0_PDR 0.997 | M1_PDR 0.660 | H_m0 0.00 H_m1 1.76 | a-0.0021 c0.3830 ent0.0020 VRAM 24MB
Ep 9850 | M0_PDR 1.000 | M1_PDR 0.663 | H_m0 0.00 H_m1 1.77 | a-0.0018 c0.3641 ent0.0017 VRAM 24MB
Ep 9900 | M0_PDR 0.992 | M1_PDR 0.661 | H_m0 0.00 H_m1 1.76 | a-0.0016 c0.4697 ent0.0015 VRAM 24MB
Ep 9950 | M0_PDR 0.995 | M1_PDR 0.655 | H_m0 0.00 H_m1 1.73 | a-0.0013 c0.3886 ent0.0012 VRAM 24MB

Training complete. Running 100 eval episodes...

  Eval ep   0: M0_PDR=0.995  M1_PDR=0.693
  Eval ep  20: M0_PDR=0.999  M1_PDR=0.689
  Eval ep  40: M0_PDR=0.998  M1_PDR=0.678
  Eval ep  60: M0_PDR=0.997  M1_PDR=0.685
  Eval ep  80: M0_PDR=1.000  M1_PDR=0.723

=== Eval Summary (100 episodes) ===
  M0_PDR_mean         : 0.9976
  M0_PDR_p05 (across) : 0.9926
  M0_PDR_p05 (intra)  : 1.0000
  M1_PDR_mean         : 0.6773
  M0_SINR_mean (dB)   : 47.30
  M1_SINR_mean (dB)   : 14.02
  M0_collision_rate   : 0.005
  M0_collision_within_pool : 0.000
  M1_collision_within_pool : 0.552

Result saved -> results/_A_N5_seed1_10000ep.json
  N=5  rho=1.0  M0_PDR=0.998  M1_PDR=0.677
[NS3Bridge] Shutdown complete.
Run complete.
