[seed] all RNGs seeded with 1
GPU : NVIDIA GeForce RTX 3060
VRAM: 12.9 GB
Device          : cuda:0
Actor M0 params : 21,273
Actor M1 params : 21,273
Critic params   : 82,177
obs_dim=11  action_dim=25  gs_dim=60
M0 count: 2  M1 count: 3
Training for 5000 episodes (Config A_N5_seed1_5000ep, N=5)...

[NS3Bridge] Connected tcp://localhost:6646
Ep    0 | M0_PDR 0.595 | M1_PDR 0.644 | H_m0 3.21 H_m1 3.21 | a-0.1669 c26.1313 ent0.0500 VRAM 24MB
Ep   50 | M0_PDR 0.646 | M1_PDR 0.621 | H_m0 3.06 H_m1 3.18 | a-0.1573 c10.7703 ent0.0495 VRAM 24MB
Ep  100 | M0_PDR 0.656 | M1_PDR 0.625 | H_m0 3.00 H_m1 3.21 | a-0.1539 c7.6464 ent0.0490 VRAM 24MB
Ep  150 | M0_PDR 0.658 | M1_PDR 0.584 | H_m0 3.03 H_m1 3.20 | a-0.1541 c5.6436 ent0.0485 VRAM 24MB
Ep  200 | M0_PDR 0.690 | M1_PDR 0.574 | H_m0 2.78 H_m1 3.20 | a-0.1474 c4.1984 ent0.0480 VRAM 24MB
Ep  250 | M0_PDR 0.671 | M1_PDR 0.629 | H_m0 2.90 H_m1 3.20 | a-0.1469 c2.9416 ent0.0475 VRAM 24MB
Ep  300 | M0_PDR 0.676 | M1_PDR 0.598 | H_m0 2.72 H_m1 3.21 | a-0.1439 c3.2224 ent0.0471 VRAM 24MB
Ep  350 | M0_PDR 0.670 | M1_PDR 0.583 | H_m0 2.55 H_m1 3.20 | a-0.1386 c2.6003 ent0.0466 VRAM 24MB
Ep  400 | M0_PDR 0.724 | M1_PDR 0.592 | H_m0 2.40 H_m1 3.19 | a-0.1355 c1.9838 ent0.0461 VRAM 24MB
Ep  450 | M0_PDR 0.684 | M1_PDR 0.559 | H_m0 2.45 H_m1 3.20 | a-0.1339 c1.9816 ent0.0456 VRAM 24MB
Ep  500 | M0_PDR 0.677 | M1_PDR 0.597 | H_m0 2.55 H_m1 3.17 | a-0.1329 c2.0532 ent0.0451 VRAM 24MB
Ep  550 | M0_PDR 0.652 | M1_PDR 0.580 | H_m0 2.51 H_m1 3.20 | a-0.1307 c1.6942 ent0.0446 VRAM 24MB
Ep  600 | M0_PDR 0.663 | M1_PDR 0.604 | H_m0 2.60 H_m1 3.17 | a-0.1307 c2.1622 ent0.0441 VRAM 24MB
Ep  650 | M0_PDR 0.714 | M1_PDR 0.602 | H_m0 2.36 H_m1 3.14 | a-0.1254 c1.3130 ent0.0436 VRAM 24MB
Ep  700 | M0_PDR 0.681 | M1_PDR 0.593 | H_m0 2.51 H_m1 3.19 | a-0.1263 c2.0692 ent0.0431 VRAM 24MB
Ep  750 | M0_PDR 0.692 | M1_PDR 0.593 | H_m0 2.34 H_m1 3.20 | a-0.1239 c1.9106 ent0.0426 VRAM 24MB
Ep  800 | M0_PDR 0.683 | M1_PDR 0.568 | H_m0 2.30 H_m1 3.16 | a-0.1195 c2.0857 ent0.0422 VRAM 24MB
Ep  850 | M0_PDR 0.691 | M1_PDR 0.577 | H_m0 2.36 H_m1 3.18 | a-0.1198 c1.6352 ent0.0417 VRAM 24MB
Ep  900 | M0_PDR 0.696 | M1_PDR 0.571 | H_m0 2.30 H_m1 3.18 | a-0.1183 c2.5582 ent0.0412 VRAM 24MB
Ep  950 | M0_PDR 0.702 | M1_PDR 0.589 | H_m0 2.45 H_m1 3.17 | a-0.1183 c1.4305 ent0.0407 VRAM 24MB
Ep 1000 | M0_PDR 0.735 | M1_PDR 0.619 | H_m0 2.29 H_m1 3.13 | a-0.1137 c1.9441 ent0.0402 VRAM 24MB
Ep 1050 | M0_PDR 0.703 | M1_PDR 0.596 | H_m0 2.08 H_m1 3.14 | a-0.1081 c1.4258 ent0.0397 VRAM 24MB
Ep 1100 | M0_PDR 0.685 | M1_PDR 0.591 | H_m0 2.18 H_m1 3.14 | a-0.1091 c1.4182 ent0.0392 VRAM 24MB
Ep 1150 | M0_PDR 0.705 | M1_PDR 0.594 | H_m0 2.24 H_m1 3.17 | a-0.1087 c1.3453 ent0.0387 VRAM 24MB
Ep 1200 | M0_PDR 0.733 | M1_PDR 0.588 | H_m0 2.16 H_m1 3.19 | a-0.1071 c1.8544 ent0.0382 VRAM 24MB
Ep 1250 | M0_PDR 0.653 | M1_PDR 0.604 | H_m0 2.52 H_m1 3.15 | a-0.1104 c2.2437 ent0.0377 VRAM 24MB
Ep 1300 | M0_PDR 0.693 | M1_PDR 0.585 | H_m0 2.37 H_m1 3.16 | a-0.1071 c1.7417 ent0.0373 VRAM 24MB
Ep 1350 | M0_PDR 0.697 | M1_PDR 0.606 | H_m0 2.38 H_m1 3.15 | a-0.1051 c2.3614 ent0.0368 VRAM 24MB
Ep 1400 | M0_PDR 0.674 | M1_PDR 0.583 | H_m0 2.40 H_m1 3.13 | a-0.1041 c1.7366 ent0.0363 VRAM 24MB
Ep 1450 | M0_PDR 0.717 | M1_PDR 0.584 | H_m0 2.09 H_m1 3.16 | a-0.0987 c1.4567 ent0.0358 VRAM 24MB
Ep 1500 | M0_PDR 0.655 | M1_PDR 0.569 | H_m0 2.02 H_m1 3.17 | a-0.0963 c1.9216 ent0.0353 VRAM 24MB
Ep 1550 | M0_PDR 0.727 | M1_PDR 0.554 | H_m0 1.93 H_m1 3.18 | a-0.0937 c2.4965 ent0.0348 VRAM 24MB
Ep 1600 | M0_PDR 0.710 | M1_PDR 0.573 | H_m0 2.14 H_m1 3.18 | a-0.0953 c1.8140 ent0.0343 VRAM 24MB
Ep 1650 | M0_PDR 0.720 | M1_PDR 0.579 | H_m0 2.10 H_m1 3.19 | a-0.0933 c1.8031 ent0.0338 VRAM 24MB
Ep 1700 | M0_PDR 0.746 | M1_PDR 0.587 | H_m0 2.18 H_m1 3.20 | a-0.0938 c1.6524 ent0.0333 VRAM 24MB
Ep 1750 | M0_PDR 0.731 | M1_PDR 0.585 | H_m0 2.16 H_m1 3.19 | a-0.0917 c1.2432 ent0.0328 VRAM 24MB
Ep 1800 | M0_PDR 0.710 | M1_PDR 0.589 | H_m0 2.13 H_m1 3.19 | a-0.0912 c1.4777 ent0.0324 VRAM 24MB
Ep 1850 | M0_PDR 0.728 | M1_PDR 0.573 | H_m0 2.09 H_m1 3.20 | a-0.0886 c1.3613 ent0.0319 VRAM 24MB
Ep 1900 | M0_PDR 0.737 | M1_PDR 0.572 | H_m0 2.06 H_m1 3.19 | a-0.0867 c1.8172 ent0.0314 VRAM 24MB
Ep 1950 | M0_PDR 0.706 | M1_PDR 0.565 | H_m0 1.93 H_m1 3.19 | a-0.0838 c1.7107 ent0.0309 VRAM 24MB
Ep 2000 | M0_PDR 0.704 | M1_PDR 0.559 | H_m0 2.05 H_m1 3.17 | a-0.0834 c2.3935 ent0.0304 VRAM 24MB
Ep 2050 | M0_PDR 0.688 | M1_PDR 0.542 | H_m0 2.05 H_m1 3.17 | a-0.0822 c1.5943 ent0.0299 VRAM 24MB
Ep 2100 | M0_PDR 0.756 | M1_PDR 0.599 | H_m0 2.08 H_m1 3.18 | a-0.0808 c2.3563 ent0.0294 VRAM 24MB
Ep 2150 | M0_PDR 0.714 | M1_PDR 0.566 | H_m0 1.93 H_m1 3.16 | a-0.0776 c2.1436 ent0.0289 VRAM 24MB
Ep 2200 | M0_PDR 0.705 | M1_PDR 0.565 | H_m0 1.84 H_m1 3.16 | a-0.0756 c1.4236 ent0.0284 VRAM 24MB
Ep 2250 | M0_PDR 0.721 | M1_PDR 0.589 | H_m0 1.83 H_m1 3.16 | a-0.0735 c1.8639 ent0.0279 VRAM 24MB
Ep 2300 | M0_PDR 0.736 | M1_PDR 0.576 | H_m0 1.86 H_m1 3.15 | a-0.0730 c1.8264 ent0.0275 VRAM 24MB
Ep 2350 | M0_PDR 0.724 | M1_PDR 0.581 | H_m0 1.88 H_m1 3.17 | a-0.0722 c2.1998 ent0.0270 VRAM 24MB
Ep 2400 | M0_PDR 0.741 | M1_PDR 0.596 | H_m0 1.94 H_m1 3.18 | a-0.0721 c1.7414 ent0.0265 VRAM 24MB
Ep 2450 | M0_PDR 0.716 | M1_PDR 0.614 | H_m0 1.88 H_m1 3.15 | a-0.0693 c1.3651 ent0.0260 VRAM 24MB
Ep 2500 | M0_PDR 0.723 | M1_PDR 0.590 | H_m0 1.98 H_m1 3.13 | a-0.0689 c1.6172 ent0.0255 VRAM 24MB
Ep 2550 | M0_PDR 0.719 | M1_PDR 0.564 | H_m0 1.95 H_m1 3.14 | a-0.0679 c1.6704 ent0.0250 VRAM 24MB
Ep 2600 | M0_PDR 0.706 | M1_PDR 0.582 | H_m0 1.84 H_m1 3.16 | a-0.0651 c1.6387 ent0.0245 VRAM 24MB
Ep 2650 | M0_PDR 0.709 | M1_PDR 0.605 | H_m0 1.85 H_m1 3.17 | a-0.0638 c2.0418 ent0.0240 VRAM 24MB
Ep 2700 | M0_PDR 0.759 | M1_PDR 0.579 | H_m0 1.78 H_m1 3.18 | a-0.0622 c1.2989 ent0.0235 VRAM 24MB
Ep 2750 | M0_PDR 0.713 | M1_PDR 0.551 | H_m0 1.84 H_m1 3.17 | a-0.0613 c2.0731 ent0.0230 VRAM 24MB
Ep 2800 | M0_PDR 0.723 | M1_PDR 0.572 | H_m0 1.89 H_m1 3.18 | a-0.0614 c1.9613 ent0.0226 VRAM 24MB
Ep 2850 | M0_PDR 0.702 | M1_PDR 0.567 | H_m0 1.88 H_m1 3.17 | a-0.0589 c1.5444 ent0.0221 VRAM 24MB
Ep 2900 | M0_PDR 0.703 | M1_PDR 0.602 | H_m0 1.85 H_m1 3.16 | a-0.0573 c1.5917 ent0.0216 VRAM 24MB
Ep 2950 | M0_PDR 0.681 | M1_PDR 0.574 | H_m0 1.82 H_m1 3.16 | a-0.0558 c1.9866 ent0.0211 VRAM 24MB
Ep 3000 | M0_PDR 0.722 | M1_PDR 0.577 | H_m0 1.80 H_m1 3.14 | a-0.0539 c1.5657 ent0.0206 VRAM 24MB
Ep 3050 | M0_PDR 0.666 | M1_PDR 0.596 | H_m0 1.85 H_m1 3.14 | a-0.0530 c1.7149 ent0.0201 VRAM 24MB
Ep 3100 | M0_PDR 0.719 | M1_PDR 0.607 | H_m0 1.81 H_m1 3.13 | a-0.0512 c1.3787 ent0.0196 VRAM 24MB
Ep 3150 | M0_PDR 0.706 | M1_PDR 0.586 | H_m0 1.78 H_m1 3.13 | a-0.0497 c1.5321 ent0.0191 VRAM 24MB
Ep 3200 | M0_PDR 0.709 | M1_PDR 0.585 | H_m0 1.77 H_m1 3.12 | a-0.0484 c2.0319 ent0.0186 VRAM 24MB
Ep 3250 | M0_PDR 0.714 | M1_PDR 0.594 | H_m0 1.79 H_m1 3.14 | a-0.0476 c1.7303 ent0.0181 VRAM 24MB
Ep 3300 | M0_PDR 0.740 | M1_PDR 0.599 | H_m0 1.78 H_m1 3.14 | a-0.0460 c1.7307 ent0.0177 VRAM 24MB
Ep 3350 | M0_PDR 0.693 | M1_PDR 0.567 | H_m0 1.82 H_m1 3.14 | a-0.0450 c1.3947 ent0.0172 VRAM 24MB
Ep 3400 | M0_PDR 0.739 | M1_PDR 0.583 | H_m0 1.83 H_m1 3.16 | a-0.0439 c1.5527 ent0.0167 VRAM 24MB
Ep 3450 | M0_PDR 0.713 | M1_PDR 0.598 | H_m0 1.78 H_m1 3.13 | a-0.0423 c2.1425 ent0.0162 VRAM 24MB
Ep 3500 | M0_PDR 0.743 | M1_PDR 0.631 | H_m0 1.74 H_m1 3.13 | a-0.0409 c2.4746 ent0.0157 VRAM 24MB
Ep 3550 | M0_PDR 0.716 | M1_PDR 0.598 | H_m0 1.71 H_m1 3.14 | a-0.0394 c1.5834 ent0.0152 VRAM 24MB
Ep 3600 | M0_PDR 0.721 | M1_PDR 0.566 | H_m0 1.72 H_m1 3.12 | a-0.0378 c1.1935 ent0.0147 VRAM 24MB
Ep 3650 | M0_PDR 0.725 | M1_PDR 0.586 | H_m0 1.71 H_m1 3.12 | a-0.0366 c1.8660 ent0.0142 VRAM 24MB
Ep 3700 | M0_PDR 0.705 | M1_PDR 0.588 | H_m0 1.71 H_m1 3.10 | a-0.0351 c1.9795 ent0.0137 VRAM 24MB
Ep 3750 | M0_PDR 0.753 | M1_PDR 0.587 | H_m0 1.68 H_m1 3.09 | a-0.0337 c2.0613 ent0.0132 VRAM 24MB
Ep 3800 | M0_PDR 0.715 | M1_PDR 0.607 | H_m0 1.74 H_m1 3.12 | a-0.0328 c1.5665 ent0.0128 VRAM 24MB
Ep 3850 | M0_PDR 0.700 | M1_PDR 0.587 | H_m0 1.73 H_m1 3.12 | a-0.0315 c2.0194 ent0.0123 VRAM 24MB
Ep 3900 | M0_PDR 0.744 | M1_PDR 0.576 | H_m0 1.71 H_m1 3.12 | a-0.0302 c1.6642 ent0.0118 VRAM 24MB
Ep 3950 | M0_PDR 0.710 | M1_PDR 0.590 | H_m0 1.69 H_m1 3.13 | a-0.0291 c1.2138 ent0.0113 VRAM 24MB
Ep 4000 | M0_PDR 0.663 | M1_PDR 0.588 | H_m0 1.71 H_m1 3.13 | a-0.0278 c1.6503 ent0.0108 VRAM 24MB
Ep 4050 | M0_PDR 0.669 | M1_PDR 0.580 | H_m0 1.71 H_m1 3.12 | a-0.0264 c2.4113 ent0.0103 VRAM 24MB
Ep 4100 | M0_PDR 0.708 | M1_PDR 0.599 | H_m0 1.71 H_m1 3.11 | a-0.0252 c1.6071 ent0.0098 VRAM 24MB
Ep 4150 | M0_PDR 0.711 | M1_PDR 0.589 | H_m0 1.72 H_m1 3.10 | a-0.0239 c1.7225 ent0.0093 VRAM 24MB
Ep 4200 | M0_PDR 0.697 | M1_PDR 0.602 | H_m0 1.70 H_m1 3.11 | a-0.0225 c1.6198 ent0.0088 VRAM 24MB
Ep 4250 | M0_PDR 0.738 | M1_PDR 0.614 | H_m0 1.67 H_m1 3.10 | a-0.0213 c1.2995 ent0.0083 VRAM 24MB
Ep 4300 | M0_PDR 0.754 | M1_PDR 0.636 | H_m0 1.66 H_m1 3.11 | a-0.0200 c1.6172 ent0.0079 VRAM 24MB
Ep 4350 | M0_PDR 0.711 | M1_PDR 0.578 | H_m0 1.66 H_m1 3.10 | a-0.0187 c1.9818 ent0.0074 VRAM 24MB
Ep 4400 | M0_PDR 0.713 | M1_PDR 0.631 | H_m0 1.66 H_m1 3.10 | a-0.0174 c1.6527 ent0.0069 VRAM 24MB
Ep 4450 | M0_PDR 0.701 | M1_PDR 0.563 | H_m0 1.67 H_m1 3.09 | a-0.0161 c1.8453 ent0.0064 VRAM 24MB
Ep 4500 | M0_PDR 0.693 | M1_PDR 0.615 | H_m0 1.66 H_m1 3.09 | a-0.0148 c1.7272 ent0.0059 VRAM 24MB
Ep 4550 | M0_PDR 0.690 | M1_PDR 0.620 | H_m0 1.67 H_m1 3.08 | a-0.0137 c1.6182 ent0.0054 VRAM 24MB
Ep 4600 | M0_PDR 0.713 | M1_PDR 0.578 | H_m0 1.66 H_m1 3.07 | a-0.0123 c1.6024 ent0.0049 VRAM 24MB
Ep 4650 | M0_PDR 0.745 | M1_PDR 0.579 | H_m0 1.65 H_m1 3.07 | a-0.0111 c1.7479 ent0.0044 VRAM 24MB
Ep 4700 | M0_PDR 0.704 | M1_PDR 0.604 | H_m0 1.66 H_m1 3.06 | a-0.0098 c1.7876 ent0.0039 VRAM 24MB
Ep 4750 | M0_PDR 0.704 | M1_PDR 0.610 | H_m0 1.65 H_m1 3.05 | a-0.0086 c1.6424 ent0.0034 VRAM 24MB
Ep 4800 | M0_PDR 0.705 | M1_PDR 0.580 | H_m0 1.65 H_m1 3.05 | a-0.0075 c1.5278 ent0.0030 VRAM 24MB
Ep 4850 | M0_PDR 0.706 | M1_PDR 0.594 | H_m0 1.65 H_m1 3.05 | a-0.0062 c1.8165 ent0.0025 VRAM 24MB
Ep 4900 | M0_PDR 0.716 | M1_PDR 0.603 | H_m0 1.64 H_m1 3.06 | a-0.0049 c1.9615 ent0.0020 VRAM 24MB
Ep 4950 | M0_PDR 0.691 | M1_PDR 0.579 | H_m0 1.64 H_m1 3.05 | a-0.0037 c2.3396 ent0.0015 VRAM 24MB

Training complete. Running 100 eval episodes...

  Eval ep   0: M0_PDR=0.701  M1_PDR=0.571
  Eval ep  20: M0_PDR=0.748  M1_PDR=0.592
  Eval ep  40: M0_PDR=0.711  M1_PDR=0.593
  Eval ep  60: M0_PDR=0.688  M1_PDR=0.607
  Eval ep  80: M0_PDR=0.694  M1_PDR=0.597

=== Eval Summary (100 episodes) ===
  M0_PDR_mean         : 0.7070
  M0_PDR_p05 (across) : 0.6755
  M0_PDR_p05 (intra)  : 0.0535
  M1_PDR_mean         : 0.5952
  M0_SINR_mean (dB)   : 16.86
  M1_SINR_mean (dB)   : 7.66
  M0_collision_rate   : 0.583
  M0_collision_within_pool : 0.200
  M1_collision_within_pool : 0.366

Result saved -> results/_A_N5_seed1_5000ep.json
  N=5  rho=1.0  M0_PDR=0.707  M1_PDR=0.595
[NS3Bridge] Shutdown complete.
Run complete.
