[seed] all RNGs seeded with 3
GPU : NVIDIA GeForce RTX 3060
VRAM: 12.9 GB
Device          : cuda:0
Actor M0 params : 21,273
Actor M1 params : 21,273
Critic params   : 84,993
obs_dim=11  action_dim=25  gs_dim=60
M0 count: 2  M1 count: 3
Training for 5000 episodes (Config A_N5_seed3_5000ep_gaefix_g05_ent01_as, N=5)...

[NS3Bridge] Connected tcp://localhost:9156
Ep    0 | M0_PDR 0.603 | M1_PDR 0.623 | H_m0 3.22 H_m1 3.22 | a-0.0372 c0.6598 ent0.0100 VRAM 25MB
Ep   50 | M0_PDR 0.721 | M1_PDR 0.698 | H_m0 1.01 H_m1 1.44 | a-0.0220 c0.1484 ent0.0099 VRAM 25MB
Ep  100 | M0_PDR 0.743 | M1_PDR 0.696 | H_m0 0.74 H_m1 1.25 | a-0.0130 c0.1211 ent0.0098 VRAM 25MB
Ep  150 | M0_PDR 0.728 | M1_PDR 0.688 | H_m0 0.73 H_m1 1.25 | a-0.0095 c0.1301 ent0.0097 VRAM 25MB
Ep  200 | M0_PDR 0.743 | M1_PDR 0.627 | H_m0 0.68 H_m1 1.40 | a-0.0119 c0.1109 ent0.0096 VRAM 25MB
Ep  250 | M0_PDR 0.985 | M1_PDR 0.684 | H_m0 0.05 H_m1 1.20 | a-0.0082 c0.0248 ent0.0095 VRAM 25MB
Ep  300 | M0_PDR 0.998 | M1_PDR 0.693 | H_m0 0.01 H_m1 1.21 | a-0.0119 c0.0120 ent0.0095 VRAM 25MB
Ep  350 | M0_PDR 1.000 | M1_PDR 0.721 | H_m0 0.01 H_m1 1.16 | a-0.0056 c0.0117 ent0.0094 VRAM 25MB
Ep  400 | M0_PDR 0.995 | M1_PDR 0.648 | H_m0 0.00 H_m1 1.16 | a-0.0093 c0.0147 ent0.0093 VRAM 25MB
Ep  450 | M0_PDR 1.000 | M1_PDR 0.677 | H_m0 0.00 H_m1 1.18 | a-0.0081 c0.0105 ent0.0092 VRAM 25MB
Ep  500 | M0_PDR 1.000 | M1_PDR 0.680 | H_m0 0.00 H_m1 1.11 | a-0.0128 c0.0121 ent0.0091 VRAM 25MB
Ep  550 | M0_PDR 0.997 | M1_PDR 0.694 | H_m0 0.00 H_m1 0.72 | a-0.0055 c0.0122 ent0.0090 VRAM 25MB
Ep  600 | M0_PDR 1.000 | M1_PDR 0.743 | H_m0 0.00 H_m1 0.55 | a-0.0031 c0.0099 ent0.0089 VRAM 25MB
Ep  650 | M0_PDR 1.000 | M1_PDR 0.693 | H_m0 0.00 H_m1 0.50 | a-0.0074 c0.0094 ent0.0088 VRAM 25MB
Ep  700 | M0_PDR 1.000 | M1_PDR 0.658 | H_m0 0.00 H_m1 0.48 | a-0.0036 c0.0100 ent0.0087 VRAM 25MB
Ep  750 | M0_PDR 1.000 | M1_PDR 0.873 | H_m0 0.00 H_m1 0.28 | a-0.0097 c0.0078 ent0.0086 VRAM 25MB
Ep  800 | M0_PDR 1.000 | M1_PDR 0.986 | H_m0 0.00 H_m1 0.03 | a-0.0005 c0.0041 ent0.0086 VRAM 25MB
Ep  850 | M0_PDR 1.000 | M1_PDR 0.983 | H_m0 0.00 H_m1 0.03 | a0.0002 c0.0040 ent0.0085 VRAM 25MB
Ep  900 | M0_PDR 1.000 | M1_PDR 0.987 | H_m0 0.00 H_m1 0.01 | a-0.0001 c0.0039 ent0.0084 VRAM 25MB
Ep  950 | M0_PDR 1.000 | M1_PDR 1.000 | H_m0 0.00 H_m1 0.01 | a-0.0001 c0.0027 ent0.0083 VRAM 25MB
Ep 1000 | M0_PDR 1.000 | M1_PDR 0.999 | H_m0 0.00 H_m1 0.01 | a-0.0005 c0.0025 ent0.0082 VRAM 25MB
Ep 1050 | M0_PDR 1.000 | M1_PDR 1.000 | H_m0 0.00 H_m1 0.01 | a-0.0000 c0.0027 ent0.0081 VRAM 25MB
Ep 1100 | M0_PDR 1.000 | M1_PDR 0.998 | H_m0 0.00 H_m1 0.00 | a-0.0010 c0.0019 ent0.0080 VRAM 25MB
Error: tcpip::Socket::accept() Unable to create listening socket: Address already in use
Quitting (on error).
Ep 1150 | M0_PDR 1.000 | M1_PDR 1.000 | H_m0 0.00 H_m1 0.00 | a-0.0000 c0.0016 ent0.0079 VRAM 25MB
Ep 1200 | M0_PDR 1.000 | M1_PDR 0.998 | H_m0 0.00 H_m1 0.01 | a0.0000 c0.0015 ent0.0078 VRAM 25MB
Ep 1250 | M0_PDR 1.000 | M1_PDR 0.992 | H_m0 0.00 H_m1 0.01 | a-0.0022 c0.0020 ent0.0077 VRAM 25MB
Ep 1300 | M0_PDR 1.000 | M1_PDR 1.000 | H_m0 0.00 H_m1 0.00 | a-0.0000 c0.0016 ent0.0077 VRAM 25MB
Ep 1350 | M0_PDR 1.000 | M1_PDR 1.000 | H_m0 0.00 H_m1 0.00 | a-0.0000 c0.0017 ent0.0076 VRAM 25MB
Ep 1400 | M0_PDR 1.000 | M1_PDR 1.000 | H_m0 0.00 H_m1 0.00 | a-0.0006 c0.0005 ent0.0075 VRAM 25MB
Ep 1450 | M0_PDR 1.000 | M1_PDR 1.000 | H_m0 0.00 H_m1 0.00 | a-0.0000 c0.0003 ent0.0074 VRAM 25MB
Ep 1500 | M0_PDR 1.000 | M1_PDR 1.000 | H_m0 0.00 H_m1 0.00 | a-0.0000 c0.0002 ent0.0073 VRAM 25MB
Ep 1550 | M0_PDR 1.000 | M1_PDR 1.000 | H_m0 0.00 H_m1 0.00 | a-0.0000 c0.0001 ent0.0072 VRAM 25MB
Ep 1600 | M0_PDR 1.000 | M1_PDR 1.000 | H_m0 0.00 H_m1 0.00 | a-0.0000 c0.0002 ent0.0071 VRAM 25MB
Ep 1650 | M0_PDR 1.000 | M1_PDR 0.998 | H_m0 0.00 H_m1 0.00 | a-0.0000 c0.0001 ent0.0070 VRAM 25MB
Ep 1700 | M0_PDR 1.000 | M1_PDR 1.000 | H_m0 0.00 H_m1 0.00 | a-0.0000 c0.0000 ent0.0069 VRAM 25MB
Ep 1750 | M0_PDR 1.000 | M1_PDR 1.000 | H_m0 0.00 H_m1 0.00 | a-0.0000 c0.0003 ent0.0068 VRAM 25MB
Ep 1800 | M0_PDR 1.000 | M1_PDR 1.000 | H_m0 0.00 H_m1 0.00 | a-0.0000 c0.0000 ent0.0068 VRAM 25MB
Ep 1850 | M0_PDR 1.000 | M1_PDR 1.000 | H_m0 0.00 H_m1 0.00 | a-0.0000 c0.0004 ent0.0067 VRAM 25MB
Ep 1900 | M0_PDR 1.000 | M1_PDR 1.000 | H_m0 0.00 H_m1 0.00 | a-0.0000 c0.0028 ent0.0066 VRAM 25MB
Ep 1950 | M0_PDR 1.000 | M1_PDR 1.000 | H_m0 0.00 H_m1 0.00 | a-0.0000 c0.0018 ent0.0065 VRAM 25MB
Ep 2000 | M0_PDR 1.000 | M1_PDR 1.000 | H_m0 0.00 H_m1 0.00 | a-0.0000 c0.0011 ent0.0064 VRAM 25MB
Ep 2050 | M0_PDR 1.000 | M1_PDR 1.000 | H_m0 0.00 H_m1 0.00 | a-0.0000 c0.0015 ent0.0063 VRAM 25MB
Ep 2100 | M0_PDR 1.000 | M1_PDR 1.000 | H_m0 0.00 H_m1 0.00 | a-0.0000 c0.0012 ent0.0062 VRAM 25MB
Ep 2150 | M0_PDR 1.000 | M1_PDR 1.000 | H_m0 0.00 H_m1 0.00 | a-0.0000 c0.0008 ent0.0061 VRAM 25MB
Ep 2200 | M0_PDR 1.000 | M1_PDR 1.000 | H_m0 0.00 H_m1 0.00 | a-0.0000 c0.0002 ent0.0060 VRAM 25MB
Ep 2250 | M0_PDR 1.000 | M1_PDR 1.000 | H_m0 0.00 H_m1 0.00 | a-0.0000 c0.0007 ent0.0059 VRAM 25MB
Ep 2300 | M0_PDR 1.000 | M1_PDR 1.000 | H_m0 0.00 H_m1 0.00 | a-0.0000 c0.0007 ent0.0059 VRAM 25MB
Ep 2350 | M0_PDR 1.000 | M1_PDR 1.000 | H_m0 0.00 H_m1 0.00 | a-0.0000 c0.0001 ent0.0058 VRAM 25MB
Ep 2400 | M0_PDR 1.000 | M1_PDR 1.000 | H_m0 0.00 H_m1 0.00 | a-0.0000 c0.0000 ent0.0057 VRAM 25MB
Ep 2450 | M0_PDR 1.000 | M1_PDR 0.997 | H_m0 0.00 H_m1 0.00 | a-0.0009 c0.0019 ent0.0056 VRAM 25MB
Ep 2500 | M0_PDR 1.000 | M1_PDR 1.000 | H_m0 0.00 H_m1 0.00 | a-0.0000 c0.0000 ent0.0055 VRAM 25MB
Ep 2550 | M0_PDR 1.000 | M1_PDR 1.000 | H_m0 0.00 H_m1 0.00 | a-0.0000 c0.0006 ent0.0054 VRAM 25MB
Ep 2600 | M0_PDR 1.000 | M1_PDR 0.998 | H_m0 0.00 H_m1 0.00 | a-0.0040 c0.0005 ent0.0053 VRAM 25MB
Ep 2650 | M0_PDR 1.000 | M1_PDR 1.000 | H_m0 0.00 H_m1 0.00 | a-0.0000 c0.0000 ent0.0052 VRAM 25MB
Ep 2700 | M0_PDR 1.000 | M1_PDR 1.000 | H_m0 0.00 H_m1 0.00 | a-0.0000 c0.0001 ent0.0051 VRAM 25MB
Ep 2750 | M0_PDR 1.000 | M1_PDR 1.000 | H_m0 0.00 H_m1 0.00 | a-0.0000 c0.0000 ent0.0050 VRAM 25MB
Ep 2800 | M0_PDR 1.000 | M1_PDR 1.000 | H_m0 0.00 H_m1 0.00 | a-0.0000 c0.0001 ent0.0050 VRAM 25MB
Ep 2850 | M0_PDR 1.000 | M1_PDR 1.000 | H_m0 0.00 H_m1 0.00 | a-0.0000 c0.0000 ent0.0049 VRAM 25MB
Ep 2900 | M0_PDR 1.000 | M1_PDR 1.000 | H_m0 0.00 H_m1 0.00 | a-0.0000 c0.0001 ent0.0048 VRAM 25MB
Ep 2950 | M0_PDR 1.000 | M1_PDR 1.000 | H_m0 0.00 H_m1 0.00 | a-0.0000 c0.0000 ent0.0047 VRAM 25MB
Ep 3000 | M0_PDR 1.000 | M1_PDR 1.000 | H_m0 0.00 H_m1 0.00 | a-0.0000 c0.0000 ent0.0046 VRAM 25MB
Ep 3050 | M0_PDR 1.000 | M1_PDR 1.000 | H_m0 0.00 H_m1 0.00 | a-0.0000 c0.0000 ent0.0045 VRAM 25MB
Ep 3100 | M0_PDR 1.000 | M1_PDR 1.000 | H_m0 0.00 H_m1 0.00 | a-0.0000 c0.0001 ent0.0044 VRAM 25MB
Ep 3150 | M0_PDR 1.000 | M1_PDR 1.000 | H_m0 0.00 H_m1 0.00 | a-0.0000 c0.0000 ent0.0043 VRAM 25MB
Ep 3200 | M0_PDR 1.000 | M1_PDR 1.000 | H_m0 0.00 H_m1 0.00 | a-0.0000 c0.0000 ent0.0042 VRAM 25MB
Ep 3250 | M0_PDR 1.000 | M1_PDR 1.000 | H_m0 0.00 H_m1 0.00 | a-0.0000 c0.0000 ent0.0041 VRAM 25MB
Ep 3300 | M0_PDR 1.000 | M1_PDR 1.000 | H_m0 0.00 H_m1 0.00 | a-0.0000 c0.0000 ent0.0041 VRAM 25MB
Ep 3350 | M0_PDR 1.000 | M1_PDR 1.000 | H_m0 0.00 H_m1 0.00 | a-0.0000 c0.0000 ent0.0040 VRAM 25MB
Ep 3400 | M0_PDR 0.998 | M1_PDR 1.000 | H_m0 0.00 H_m1 0.00 | a-0.0000 c0.0039 ent0.0039 VRAM 25MB
Ep 3450 | M0_PDR 1.000 | M1_PDR 1.000 | H_m0 0.00 H_m1 0.00 | a-0.0000 c0.0000 ent0.0038 VRAM 25MB
Ep 3500 | M0_PDR 1.000 | M1_PDR 1.000 | H_m0 0.00 H_m1 0.00 | a-0.0000 c0.0000 ent0.0037 VRAM 25MB
Ep 3550 | M0_PDR 1.000 | M1_PDR 1.000 | H_m0 0.00 H_m1 0.00 | a-0.0000 c0.0000 ent0.0036 VRAM 25MB
Ep 3600 | M0_PDR 1.000 | M1_PDR 1.000 | H_m0 0.00 H_m1 0.00 | a-0.0000 c0.0007 ent0.0035 VRAM 25MB
Ep 3650 | M0_PDR 1.000 | M1_PDR 1.000 | H_m0 0.00 H_m1 0.00 | a-0.0000 c0.0000 ent0.0034 VRAM 25MB
Ep 3700 | M0_PDR 1.000 | M1_PDR 1.000 | H_m0 0.00 H_m1 0.00 | a-0.0000 c0.0000 ent0.0033 VRAM 25MB
Ep 3750 | M0_PDR 1.000 | M1_PDR 1.000 | H_m0 0.00 H_m1 0.00 | a-0.0000 c0.0000 ent0.0032 VRAM 25MB
Ep 3800 | M0_PDR 1.000 | M1_PDR 1.000 | H_m0 0.00 H_m1 0.00 | a-0.0000 c0.0000 ent0.0032 VRAM 25MB
Ep 3850 | M0_PDR 1.000 | M1_PDR 1.000 | H_m0 0.00 H_m1 0.00 | a-0.0000 c0.0002 ent0.0031 VRAM 25MB
Ep 3900 | M0_PDR 1.000 | M1_PDR 1.000 | H_m0 0.00 H_m1 0.00 | a-0.0000 c0.0001 ent0.0030 VRAM 25MB
Ep 3950 | M0_PDR 1.000 | M1_PDR 1.000 | H_m0 0.00 H_m1 0.00 | a-0.0000 c0.0001 ent0.0029 VRAM 25MB
Ep 4000 | M0_PDR 1.000 | M1_PDR 1.000 | H_m0 0.00 H_m1 0.00 | a-0.0000 c0.0000 ent0.0028 VRAM 25MB
Ep 4050 | M0_PDR 1.000 | M1_PDR 1.000 | H_m0 0.00 H_m1 0.00 | a-0.0000 c0.0001 ent0.0027 VRAM 25MB
Ep 4100 | M0_PDR 1.000 | M1_PDR 1.000 | H_m0 0.00 H_m1 0.00 | a-0.0000 c0.0000 ent0.0026 VRAM 25MB
Ep 4150 | M0_PDR 1.000 | M1_PDR 1.000 | H_m0 0.00 H_m1 0.00 | a-0.0000 c0.0000 ent0.0025 VRAM 25MB
Ep 4200 | M0_PDR 1.000 | M1_PDR 1.000 | H_m0 0.00 H_m1 0.00 | a-0.0000 c0.0000 ent0.0024 VRAM 25MB
Ep 4250 | M0_PDR 1.000 | M1_PDR 1.000 | H_m0 0.00 H_m1 0.00 | a-0.0000 c0.0001 ent0.0023 VRAM 25MB
Ep 4300 | M0_PDR 1.000 | M1_PDR 1.000 | H_m0 0.00 H_m1 0.00 | a-0.0000 c0.0000 ent0.0023 VRAM 25MB
Ep 4350 | M0_PDR 1.000 | M1_PDR 1.000 | H_m0 0.00 H_m1 0.00 | a-0.0000 c0.0001 ent0.0022 VRAM 25MB
Ep 4400 | M0_PDR 1.000 | M1_PDR 1.000 | H_m0 0.00 H_m1 0.00 | a-0.0000 c0.0000 ent0.0021 VRAM 25MB
Ep 4450 | M0_PDR 1.000 | M1_PDR 1.000 | H_m0 0.00 H_m1 0.00 | a-0.0000 c0.0001 ent0.0020 VRAM 25MB
Ep 4500 | M0_PDR 1.000 | M1_PDR 1.000 | H_m0 0.00 H_m1 0.00 | a-0.0000 c0.0000 ent0.0019 VRAM 25MB
Ep 4550 | M0_PDR 1.000 | M1_PDR 1.000 | H_m0 0.00 H_m1 0.00 | a-0.0000 c0.0000 ent0.0018 VRAM 25MB
Ep 4600 | M0_PDR 1.000 | M1_PDR 1.000 | H_m0 0.00 H_m1 0.00 | a-0.0000 c0.0000 ent0.0017 VRAM 25MB
Ep 4650 | M0_PDR 1.000 | M1_PDR 1.000 | H_m0 0.00 H_m1 0.00 | a-0.0000 c0.0000 ent0.0016 VRAM 25MB
Ep 4700 | M0_PDR 1.000 | M1_PDR 1.000 | H_m0 0.00 H_m1 0.00 | a-0.0000 c0.0000 ent0.0015 VRAM 25MB
Ep 4750 | M0_PDR 1.000 | M1_PDR 1.000 | H_m0 0.00 H_m1 0.00 | a-0.0000 c0.0000 ent0.0014 VRAM 25MB
Ep 4800 | M0_PDR 1.000 | M1_PDR 1.000 | H_m0 0.00 H_m1 0.00 | a-0.0000 c0.0000 ent0.0014 VRAM 25MB
Ep 4850 | M0_PDR 1.000 | M1_PDR 1.000 | H_m0 0.00 H_m1 0.00 | a-0.0000 c0.0000 ent0.0013 VRAM 25MB
Ep 4900 | M0_PDR 1.000 | M1_PDR 1.000 | H_m0 0.00 H_m1 0.00 | a-0.0000 c0.0000 ent0.0012 VRAM 25MB
Ep 4950 | M0_PDR 1.000 | M1_PDR 1.000 | H_m0 0.00 H_m1 0.00 | a-0.0000 c0.0000 ent0.0011 VRAM 25MB

Training complete. Running 100 eval episodes...

  Eval ep   0: M0_PDR=1.000  M1_PDR=1.000
  Eval ep  20: M0_PDR=1.000  M1_PDR=1.000
  Eval ep  40: M0_PDR=1.000  M1_PDR=1.000
  Eval ep  60: M0_PDR=1.000  M1_PDR=1.000
  Eval ep  80: M0_PDR=1.000  M1_PDR=1.000

=== Eval Summary (100 episodes) ===
  M0_PDR_mean         : 0.9999
  M0_PDR_p05 (across) : 1.0000
  M0_PDR_p05 (intra)  : 1.0000
  M1_PDR_mean         : 0.9999
  M0_SINR_mean (dB)   : 47.54
  M1_SINR_mean (dB)   : 48.26
  M0_collision_rate   : 0.000
  M0_collision_within_pool : 0.000
  M1_collision_within_pool : 0.000

Result saved -> results/_A_N5_seed3_5000ep_gaefix_g05_ent01_as.json
  N=5  rho=1.0  M0_PDR=1.000  M1_PDR=1.000
[NS3Bridge] Shutdown complete.
Run complete.
