[seed] all RNGs seeded with 1
GPU : NVIDIA GeForce RTX 3060
VRAM: 12.9 GB
Device          : cuda:0
Actor M0 params : 21,273
Actor M1 params : 21,273
Critic params   : 84,993
obs_dim=11  action_dim=25  gs_dim=71
M0 count: 3  M1 count: 3
Training for 5000 episodes (Config A_N6_seed1_5000ep_gaefix, N=6)...

[NS3Bridge] Connected tcp://localhost:6956
Ep    0 | M0_PDR 0.579 | M1_PDR 0.554 | H_m0 3.21 H_m1 3.22 | a-0.1663 c61.7802 ent0.0500 VRAM 27MB
Ep   50 | M0_PDR 0.637 | M1_PDR 0.535 | H_m0 3.18 H_m1 3.20 | a-0.1586 c44.3927 ent0.0495 VRAM 27MB
Ep  100 | M0_PDR 0.626 | M1_PDR 0.543 | H_m0 3.16 H_m1 3.20 | a-0.1568 c37.2070 ent0.0490 VRAM 27MB
Ep  150 | M0_PDR 0.673 | M1_PDR 0.530 | H_m0 3.17 H_m1 3.20 | a-0.1561 c42.6024 ent0.0485 VRAM 27MB
Ep  200 | M0_PDR 0.605 | M1_PDR 0.510 | H_m0 3.15 H_m1 3.21 | a-0.1539 c35.1017 ent0.0480 VRAM 27MB
Ep  250 | M0_PDR 0.613 | M1_PDR 0.582 | H_m0 3.17 H_m1 3.21 | a-0.1525 c35.1616 ent0.0475 VRAM 27MB
Ep  300 | M0_PDR 0.610 | M1_PDR 0.520 | H_m0 3.12 H_m1 3.20 | a-0.1494 c37.4507 ent0.0471 VRAM 27MB
Ep  350 | M0_PDR 0.575 | M1_PDR 0.592 | H_m0 3.17 H_m1 3.21 | a-0.1495 c31.7086 ent0.0466 VRAM 27MB
Ep  400 | M0_PDR 0.612 | M1_PDR 0.573 | H_m0 3.15 H_m1 3.22 | a-0.1473 c35.0811 ent0.0461 VRAM 27MB
Ep  450 | M0_PDR 0.687 | M1_PDR 0.527 | H_m0 3.13 H_m1 3.21 | a-0.1452 c45.1598 ent0.0456 VRAM 27MB
Ep  500 | M0_PDR 0.601 | M1_PDR 0.551 | H_m0 3.18 H_m1 3.21 | a-0.1445 c34.9648 ent0.0451 VRAM 27MB
Ep  550 | M0_PDR 0.664 | M1_PDR 0.514 | H_m0 3.14 H_m1 3.21 | a-0.1423 c42.1956 ent0.0446 VRAM 27MB
Ep  600 | M0_PDR 0.658 | M1_PDR 0.539 | H_m0 3.14 H_m1 3.21 | a-0.1407 c40.2656 ent0.0441 VRAM 27MB
Ep  650 | M0_PDR 0.663 | M1_PDR 0.555 | H_m0 3.11 H_m1 3.21 | a-0.1382 c41.1963 ent0.0436 VRAM 27MB
Ep  700 | M0_PDR 0.635 | M1_PDR 0.547 | H_m0 3.14 H_m1 3.21 | a-0.1380 c38.0427 ent0.0431 VRAM 27MB
Ep  750 | M0_PDR 0.578 | M1_PDR 0.552 | H_m0 3.15 H_m1 3.21 | a-0.1365 c33.3575 ent0.0426 VRAM 27MB
Ep  800 | M0_PDR 0.593 | M1_PDR 0.507 | H_m0 3.15 H_m1 3.21 | a-0.1344 c34.4404 ent0.0422 VRAM 27MB
Ep  850 | M0_PDR 0.621 | M1_PDR 0.568 | H_m0 3.17 H_m1 3.21 | a-0.1335 c36.2616 ent0.0417 VRAM 27MB
Ep  900 | M0_PDR 0.586 | M1_PDR 0.507 | H_m0 3.19 H_m1 3.21 | a-0.1321 c34.4209 ent0.0412 VRAM 27MB
Ep  950 | M0_PDR 0.618 | M1_PDR 0.516 | H_m0 3.18 H_m1 3.21 | a-0.1304 c38.5003 ent0.0407 VRAM 27MB
Ep 1000 | M0_PDR 0.593 | M1_PDR 0.568 | H_m0 3.16 H_m1 3.21 | a-0.1285 c34.1530 ent0.0402 VRAM 27MB
Ep 1050 | M0_PDR 0.641 | M1_PDR 0.501 | H_m0 3.14 H_m1 3.22 | a-0.1268 c40.5574 ent0.0397 VRAM 27MB
Ep 1100 | M0_PDR 0.642 | M1_PDR 0.538 | H_m0 3.14 H_m1 3.22 | a-0.1251 c39.3545 ent0.0392 VRAM 27MB
Ep 1150 | M0_PDR 0.654 | M1_PDR 0.557 | H_m0 3.13 H_m1 3.21 | a-0.1235 c40.6210 ent0.0387 VRAM 27MB
Ep 1200 | M0_PDR 0.615 | M1_PDR 0.518 | H_m0 3.13 H_m1 3.21 | a-0.1216 c37.3283 ent0.0382 VRAM 27MB
Ep 1250 | M0_PDR 0.622 | M1_PDR 0.526 | H_m0 3.10 H_m1 3.21 | a-0.1202 c36.4053 ent0.0377 VRAM 27MB
Ep 1300 | M0_PDR 0.641 | M1_PDR 0.545 | H_m0 3.08 H_m1 3.21 | a-0.1178 c40.0134 ent0.0373 VRAM 27MB
Ep 1350 | M0_PDR 0.642 | M1_PDR 0.562 | H_m0 3.14 H_m1 3.21 | a-0.1173 c39.0902 ent0.0368 VRAM 27MB
Ep 1400 | M0_PDR 0.617 | M1_PDR 0.555 | H_m0 3.08 H_m1 3.21 | a-0.1149 c36.7080 ent0.0363 VRAM 27MB
Ep 1450 | M0_PDR 0.656 | M1_PDR 0.483 | H_m0 3.07 H_m1 3.21 | a-0.1132 c42.7348 ent0.0358 VRAM 27MB
Ep 1500 | M0_PDR 0.632 | M1_PDR 0.536 | H_m0 3.11 H_m1 3.21 | a-0.1118 c38.9450 ent0.0353 VRAM 27MB
Ep 1550 | M0_PDR 0.660 | M1_PDR 0.518 | H_m0 3.13 H_m1 3.21 | a-0.1110 c41.8242 ent0.0348 VRAM 27MB
Ep 1600 | M0_PDR 0.633 | M1_PDR 0.525 | H_m0 3.04 H_m1 3.21 | a-0.1075 c38.4435 ent0.0343 VRAM 27MB
Ep 1650 | M0_PDR 0.619 | M1_PDR 0.548 | H_m0 3.11 H_m1 3.21 | a-0.1077 c38.4411 ent0.0338 VRAM 27MB
Ep 1700 | M0_PDR 0.600 | M1_PDR 0.565 | H_m0 3.15 H_m1 3.21 | a-0.1063 c34.7361 ent0.0333 VRAM 27MB
Ep 1750 | M0_PDR 0.614 | M1_PDR 0.556 | H_m0 3.14 H_m1 3.21 | a-0.1048 c36.5736 ent0.0328 VRAM 27MB
Ep 1800 | M0_PDR 0.616 | M1_PDR 0.504 | H_m0 3.11 H_m1 3.21 | a-0.1028 c36.5034 ent0.0324 VRAM 27MB
Ep 1850 | M0_PDR 0.607 | M1_PDR 0.536 | H_m0 3.07 H_m1 3.21 | a-0.1005 c35.5269 ent0.0319 VRAM 27MB
Ep 1900 | M0_PDR 0.632 | M1_PDR 0.492 | H_m0 3.02 H_m1 3.21 | a-0.0980 c39.2358 ent0.0314 VRAM 27MB
Ep 1950 | M0_PDR 0.659 | M1_PDR 0.523 | H_m0 3.00 H_m1 3.19 | a-0.0963 c42.4040 ent0.0309 VRAM 27MB
Ep 2000 | M0_PDR 0.623 | M1_PDR 0.520 | H_m0 3.06 H_m1 3.19 | a-0.0954 c38.7080 ent0.0304 VRAM 27MB
Ep 2050 | M0_PDR 0.658 | M1_PDR 0.494 | H_m0 2.98 H_m1 3.20 | a-0.0930 c40.8719 ent0.0299 VRAM 27MB
Ep 2100 | M0_PDR 0.679 | M1_PDR 0.553 | H_m0 3.00 H_m1 3.20 | a-0.0915 c42.7560 ent0.0294 VRAM 27MB
Ep 2150 | M0_PDR 0.640 | M1_PDR 0.512 | H_m0 3.06 H_m1 3.21 | a-0.0911 c39.2647 ent0.0289 VRAM 27MB
Ep 2200 | M0_PDR 0.643 | M1_PDR 0.534 | H_m0 3.02 H_m1 3.21 | a-0.0889 c39.9393 ent0.0284 VRAM 27MB
Ep 2250 | M0_PDR 0.615 | M1_PDR 0.526 | H_m0 3.00 H_m1 3.21 | a-0.0871 c37.1419 ent0.0279 VRAM 27MB
Ep 2300 | M0_PDR 0.664 | M1_PDR 0.506 | H_m0 3.02 H_m1 3.21 | a-0.0859 c41.9105 ent0.0275 VRAM 27MB
Ep 2350 | M0_PDR 0.661 | M1_PDR 0.525 | H_m0 3.05 H_m1 3.21 | a-0.0848 c41.0215 ent0.0270 VRAM 27MB
Ep 2400 | M0_PDR 0.641 | M1_PDR 0.535 | H_m0 3.05 H_m1 3.21 | a-0.0832 c39.5231 ent0.0265 VRAM 27MB
Ep 2450 | M0_PDR 0.637 | M1_PDR 0.567 | H_m0 3.02 H_m1 3.21 | a-0.0812 c37.9438 ent0.0260 VRAM 27MB
Ep 2500 | M0_PDR 0.672 | M1_PDR 0.497 | H_m0 2.93 H_m1 3.21 | a-0.0785 c43.3858 ent0.0255 VRAM 27MB
Ep 2550 | M0_PDR 0.635 | M1_PDR 0.519 | H_m0 3.01 H_m1 3.22 | a-0.0782 c39.6111 ent0.0250 VRAM 27MB
Ep 2600 | M0_PDR 0.636 | M1_PDR 0.523 | H_m0 2.98 H_m1 3.22 | a-0.0762 c39.6638 ent0.0245 VRAM 27MB
Ep 2650 | M0_PDR 0.696 | M1_PDR 0.529 | H_m0 2.98 H_m1 3.22 | a-0.0746 c46.2921 ent0.0240 VRAM 27MB
Ep 2700 | M0_PDR 0.670 | M1_PDR 0.528 | H_m0 2.95 H_m1 3.21 | a-0.0727 c43.1246 ent0.0235 VRAM 27MB
Ep 2750 | M0_PDR 0.658 | M1_PDR 0.541 | H_m0 2.99 H_m1 3.21 | a-0.0717 c40.1468 ent0.0230 VRAM 27MB
Ep 2800 | M0_PDR 0.680 | M1_PDR 0.528 | H_m0 2.92 H_m1 3.21 | a-0.0694 c43.5074 ent0.0226 VRAM 27MB
Ep 2850 | M0_PDR 0.640 | M1_PDR 0.504 | H_m0 2.92 H_m1 3.22 | a-0.0678 c41.1645 ent0.0221 VRAM 27MB
Ep 2900 | M0_PDR 0.616 | M1_PDR 0.542 | H_m0 3.01 H_m1 3.22 | a-0.0672 c36.3778 ent0.0216 VRAM 27MB
Ep 2950 | M0_PDR 0.644 | M1_PDR 0.518 | H_m0 2.96 H_m1 3.22 | a-0.0653 c39.7855 ent0.0211 VRAM 27MB
Ep 3000 | M0_PDR 0.642 | M1_PDR 0.546 | H_m0 2.99 H_m1 3.22 | a-0.0640 c39.3528 ent0.0206 VRAM 27MB
Ep 3050 | M0_PDR 0.661 | M1_PDR 0.534 | H_m0 2.96 H_m1 3.21 | a-0.0622 c42.7781 ent0.0201 VRAM 27MB
Ep 3100 | M0_PDR 0.674 | M1_PDR 0.509 | H_m0 2.98 H_m1 3.21 | a-0.0608 c42.3184 ent0.0196 VRAM 27MB
Ep 3150 | M0_PDR 0.689 | M1_PDR 0.497 | H_m0 2.94 H_m1 3.21 | a-0.0590 c44.6035 ent0.0191 VRAM 27MB
Ep 3200 | M0_PDR 0.631 | M1_PDR 0.555 | H_m0 2.95 H_m1 3.21 | a-0.0578 c38.1238 ent0.0186 VRAM 27MB
Ep 3250 | M0_PDR 0.640 | M1_PDR 0.535 | H_m0 2.93 H_m1 3.21 | a-0.0559 c38.7221 ent0.0181 VRAM 27MB
Ep 3300 | M0_PDR 0.667 | M1_PDR 0.518 | H_m0 2.97 H_m1 3.21 | a-0.0547 c42.6107 ent0.0177 VRAM 27MB
Ep 3350 | M0_PDR 0.663 | M1_PDR 0.477 | H_m0 2.92 H_m1 3.21 | a-0.0528 c42.6710 ent0.0172 VRAM 27MB
Ep 3400 | M0_PDR 0.667 | M1_PDR 0.516 | H_m0 2.92 H_m1 3.21 | a-0.0513 c42.1456 ent0.0167 VRAM 27MB
Ep 3450 | M0_PDR 0.690 | M1_PDR 0.520 | H_m0 2.89 H_m1 3.21 | a-0.0495 c45.3425 ent0.0162 VRAM 27MB
Ep 3500 | M0_PDR 0.689 | M1_PDR 0.532 | H_m0 2.90 H_m1 3.21 | a-0.0482 c43.9953 ent0.0157 VRAM 27MB
Ep 3550 | M0_PDR 0.700 | M1_PDR 0.505 | H_m0 2.85 H_m1 3.21 | a-0.0462 c46.1935 ent0.0152 VRAM 27MB
Ep 3600 | M0_PDR 0.696 | M1_PDR 0.513 | H_m0 2.89 H_m1 3.21 | a-0.0450 c46.5122 ent0.0147 VRAM 27MB
Ep 3650 | M0_PDR 0.678 | M1_PDR 0.483 | H_m0 2.88 H_m1 3.21 | a-0.0435 c45.9719 ent0.0142 VRAM 27MB
Ep 3700 | M0_PDR 0.632 | M1_PDR 0.508 | H_m0 2.84 H_m1 3.21 | a-0.0416 c39.4107 ent0.0137 VRAM 27MB
Ep 3750 | M0_PDR 0.654 | M1_PDR 0.489 | H_m0 2.83 H_m1 3.21 | a-0.0402 c41.3740 ent0.0132 VRAM 27MB
Ep 3800 | M0_PDR 0.676 | M1_PDR 0.535 | H_m0 2.84 H_m1 3.21 | a-0.0388 c43.0357 ent0.0128 VRAM 27MB
Ep 3850 | M0_PDR 0.667 | M1_PDR 0.495 | H_m0 2.84 H_m1 3.21 | a-0.0372 c42.7270 ent0.0123 VRAM 27MB
Ep 3900 | M0_PDR 0.681 | M1_PDR 0.506 | H_m0 2.88 H_m1 3.21 | a-0.0359 c44.1804 ent0.0118 VRAM 27MB
Ep 3950 | M0_PDR 0.651 | M1_PDR 0.491 | H_m0 2.83 H_m1 3.21 | a-0.0342 c41.6427 ent0.0113 VRAM 27MB
Ep 4000 | M0_PDR 0.689 | M1_PDR 0.473 | H_m0 2.84 H_m1 3.21 | a-0.0327 c46.0659 ent0.0108 VRAM 27MB
Error: tcpip::Socket::accept() Unable to create listening socket: Address already in use
Quitting (on error).
Ep 4050 | M0_PDR 0.656 | M1_PDR 0.513 | H_m0 2.82 H_m1 3.21 | a-0.0312 c41.0525 ent0.0103 VRAM 27MB
Ep 4100 | M0_PDR 0.665 | M1_PDR 0.519 | H_m0 2.78 H_m1 3.21 | a-0.0294 c41.8849 ent0.0098 VRAM 27MB
Ep 4150 | M0_PDR 0.672 | M1_PDR 0.471 | H_m0 2.79 H_m1 3.21 | a-0.0281 c43.4870 ent0.0093 VRAM 27MB
Ep 4200 | M0_PDR 0.683 | M1_PDR 0.513 | H_m0 2.79 H_m1 3.21 | a-0.0266 c44.2750 ent0.0088 VRAM 27MB
Ep 4250 | M0_PDR 0.681 | M1_PDR 0.491 | H_m0 2.79 H_m1 3.21 | a-0.0251 c44.0653 ent0.0083 VRAM 27MB
Ep 4300 | M0_PDR 0.645 | M1_PDR 0.496 | H_m0 2.79 H_m1 3.21 | a-0.0236 c40.8038 ent0.0079 VRAM 27MB
Ep 4350 | M0_PDR 0.702 | M1_PDR 0.472 | H_m0 2.78 H_m1 3.21 | a-0.0221 c48.1131 ent0.0074 VRAM 27MB
Ep 4400 | M0_PDR 0.662 | M1_PDR 0.482 | H_m0 2.75 H_m1 3.21 | a-0.0206 c41.8412 ent0.0069 VRAM 27MB
Ep 4450 | M0_PDR 0.677 | M1_PDR 0.481 | H_m0 2.76 H_m1 3.21 | a-0.0191 c45.0207 ent0.0064 VRAM 27MB
Ep 4500 | M0_PDR 0.681 | M1_PDR 0.482 | H_m0 2.75 H_m1 3.21 | a-0.0176 c45.0052 ent0.0059 VRAM 27MB
Ep 4550 | M0_PDR 0.689 | M1_PDR 0.526 | H_m0 2.75 H_m1 3.21 | a-0.0162 c44.4456 ent0.0054 VRAM 27MB
Ep 4600 | M0_PDR 0.621 | M1_PDR 0.504 | H_m0 2.75 H_m1 3.21 | a-0.0147 c37.6656 ent0.0049 VRAM 27MB
Ep 4650 | M0_PDR 0.679 | M1_PDR 0.543 | H_m0 2.71 H_m1 3.21 | a-0.0132 c43.6780 ent0.0044 VRAM 27MB
Ep 4700 | M0_PDR 0.699 | M1_PDR 0.513 | H_m0 2.70 H_m1 3.21 | a-0.0117 c46.8513 ent0.0039 VRAM 27MB
Ep 4750 | M0_PDR 0.686 | M1_PDR 0.486 | H_m0 2.70 H_m1 3.21 | a-0.0102 c44.8648 ent0.0034 VRAM 27MB
Ep 4800 | M0_PDR 0.693 | M1_PDR 0.486 | H_m0 2.69 H_m1 3.21 | a-0.0087 c45.5187 ent0.0030 VRAM 27MB
Ep 4850 | M0_PDR 0.704 | M1_PDR 0.487 | H_m0 2.68 H_m1 3.21 | a-0.0073 c47.6102 ent0.0025 VRAM 27MB
Ep 4900 | M0_PDR 0.683 | M1_PDR 0.471 | H_m0 2.67 H_m1 3.21 | a-0.0058 c45.6145 ent0.0020 VRAM 27MB
Ep 4950 | M0_PDR 0.669 | M1_PDR 0.462 | H_m0 2.68 H_m1 3.21 | a-0.0044 c44.4667 ent0.0015 VRAM 27MB

Training complete. Running 100 eval episodes...

  Eval ep   0: M0_PDR=0.685  M1_PDR=0.500
  Eval ep  20: M0_PDR=0.703  M1_PDR=0.440
  Eval ep  40: M0_PDR=0.692  M1_PDR=0.490
  Eval ep  60: M0_PDR=0.700  M1_PDR=0.478
  Eval ep  80: M0_PDR=0.658  M1_PDR=0.485

=== Eval Summary (100 episodes) ===
  M0_PDR_mean         : 0.6797
  M0_PDR_p05 (across) : 0.6477
  M0_PDR_p05 (intra)  : 0.1006
  M1_PDR_mean         : 0.4925
  M0_SINR_mean (dB)   : 13.13
  M1_SINR_mean (dB)   : -0.79
  M0_collision_rate   : 0.672
  M0_collision_within_pool : 0.362
  M1_collision_within_pool : 0.361

Result saved -> results/_A_N6_seed1_5000ep_gaefix.json
  N=6  rho=1.2  M0_PDR=0.680  M1_PDR=0.493
[NS3Bridge] Shutdown complete.
Run complete.
