[seed] all RNGs seeded with 2
GPU : NVIDIA GeForce RTX 3060
VRAM: 12.9 GB
Device          : cuda:0
Actor M0 params : 21,273
Actor M1 params : 21,273
Critic params   : 84,993
obs_dim=11  action_dim=25  gs_dim=71
M0 count: 3  M1 count: 3
Training for 10000 episodes (Config A_N6_seed2_10000ep, N=6)...

[NS3Bridge] Connected tcp://localhost:6736
Ep    0 | M0_PDR 0.591 | M1_PDR 0.564 | H_m0 3.22 H_m1 3.22 | a-0.1642 c35.0591 ent0.0500 VRAM 27MB
Ep   50 | M0_PDR 0.644 | M1_PDR 0.542 | H_m0 3.15 H_m1 3.20 | a-0.1586 c15.8488 ent0.0498 VRAM 27MB
Ep  100 | M0_PDR 0.648 | M1_PDR 0.517 | H_m0 3.10 H_m1 3.21 | a-0.1575 c12.3731 ent0.0495 VRAM 27MB
Ep  150 | M0_PDR 0.628 | M1_PDR 0.570 | H_m0 3.07 H_m1 3.20 | a-0.1555 c4.6332 ent0.0493 VRAM 27MB
Ep  200 | M0_PDR 0.639 | M1_PDR 0.554 | H_m0 2.96 H_m1 3.20 | a-0.1526 c6.3153 ent0.0490 VRAM 27MB
Ep  250 | M0_PDR 0.673 | M1_PDR 0.515 | H_m0 2.77 H_m1 3.18 | a-0.1463 c3.8410 ent0.0488 VRAM 27MB
Ep  300 | M0_PDR 0.633 | M1_PDR 0.525 | H_m0 2.82 H_m1 3.19 | a-0.1463 c3.2603 ent0.0485 VRAM 27MB
Ep  350 | M0_PDR 0.658 | M1_PDR 0.524 | H_m0 2.82 H_m1 3.11 | a-0.1452 c3.6087 ent0.0483 VRAM 27MB
Ep  400 | M0_PDR 0.674 | M1_PDR 0.509 | H_m0 2.78 H_m1 3.17 | a-0.1446 c3.2709 ent0.0480 VRAM 27MB
Ep  450 | M0_PDR 0.660 | M1_PDR 0.492 | H_m0 2.76 H_m1 3.20 | a-0.1432 c2.6627 ent0.0478 VRAM 27MB
Ep  500 | M0_PDR 0.630 | M1_PDR 0.492 | H_m0 2.81 H_m1 3.20 | a-0.1446 c2.5324 ent0.0475 VRAM 27MB
Ep  550 | M0_PDR 0.674 | M1_PDR 0.503 | H_m0 2.79 H_m1 3.21 | a-0.1427 c2.0438 ent0.0473 VRAM 27MB
Ep  600 | M0_PDR 0.702 | M1_PDR 0.502 | H_m0 2.68 H_m1 3.20 | a-0.1394 c2.3561 ent0.0471 VRAM 27MB
Ep  650 | M0_PDR 0.680 | M1_PDR 0.489 | H_m0 2.77 H_m1 3.21 | a-0.1408 c2.2813 ent0.0468 VRAM 27MB
Ep  700 | M0_PDR 0.679 | M1_PDR 0.477 | H_m0 2.72 H_m1 3.20 | a-0.1382 c2.6179 ent0.0466 VRAM 27MB
Ep  750 | M0_PDR 0.653 | M1_PDR 0.495 | H_m0 2.71 H_m1 3.19 | a-0.1370 c2.4118 ent0.0463 VRAM 27MB
Ep  800 | M0_PDR 0.674 | M1_PDR 0.523 | H_m0 2.76 H_m1 3.16 | a-0.1374 c2.5297 ent0.0461 VRAM 27MB
Ep  850 | M0_PDR 0.672 | M1_PDR 0.455 | H_m0 2.44 H_m1 3.16 | a-0.1299 c2.5732 ent0.0458 VRAM 27MB
Ep  900 | M0_PDR 0.637 | M1_PDR 0.476 | H_m0 2.52 H_m1 3.18 | a-0.1302 c3.1873 ent0.0456 VRAM 27MB
Ep  950 | M0_PDR 0.637 | M1_PDR 0.538 | H_m0 2.70 H_m1 3.18 | a-0.1342 c3.8953 ent0.0453 VRAM 27MB
Ep 1000 | M0_PDR 0.652 | M1_PDR 0.501 | H_m0 2.66 H_m1 3.18 | a-0.1324 c3.2216 ent0.0451 VRAM 27MB
Ep 1050 | M0_PDR 0.653 | M1_PDR 0.522 | H_m0 2.69 H_m1 3.19 | a-0.1323 c2.8986 ent0.0449 VRAM 27MB
Ep 1100 | M0_PDR 0.712 | M1_PDR 0.479 | H_m0 2.58 H_m1 3.19 | a-0.1301 c2.3530 ent0.0446 VRAM 27MB
Ep 1150 | M0_PDR 0.672 | M1_PDR 0.491 | H_m0 2.67 H_m1 3.19 | a-0.1308 c3.1115 ent0.0444 VRAM 27MB
Ep 1200 | M0_PDR 0.640 | M1_PDR 0.515 | H_m0 2.74 H_m1 3.18 | a-0.1315 c2.5605 ent0.0441 VRAM 27MB
Ep 1250 | M0_PDR 0.667 | M1_PDR 0.489 | H_m0 2.82 H_m1 3.19 | a-0.1321 c3.0435 ent0.0439 VRAM 27MB
Ep 1300 | M0_PDR 0.689 | M1_PDR 0.503 | H_m0 2.51 H_m1 3.17 | a-0.1253 c2.9896 ent0.0436 VRAM 27MB
Ep 1350 | M0_PDR 0.685 | M1_PDR 0.545 | H_m0 2.58 H_m1 3.18 | a-0.1252 c2.9769 ent0.0434 VRAM 27MB
Ep 1400 | M0_PDR 0.673 | M1_PDR 0.509 | H_m0 2.73 H_m1 3.20 | a-0.1284 c2.8856 ent0.0431 VRAM 27MB
Ep 1450 | M0_PDR 0.677 | M1_PDR 0.494 | H_m0 2.67 H_m1 3.21 | a-0.1281 c2.6187 ent0.0429 VRAM 27MB
Ep 1500 | M0_PDR 0.651 | M1_PDR 0.506 | H_m0 2.70 H_m1 3.20 | a-0.1267 c2.7926 ent0.0426 VRAM 27MB
Ep 1550 | M0_PDR 0.659 | M1_PDR 0.490 | H_m0 2.62 H_m1 3.19 | a-0.1235 c2.3844 ent0.0424 VRAM 27MB
Ep 1600 | M0_PDR 0.624 | M1_PDR 0.535 | H_m0 2.71 H_m1 3.17 | a-0.1245 c2.8113 ent0.0422 VRAM 27MB
Ep 1650 | M0_PDR 0.638 | M1_PDR 0.513 | H_m0 2.77 H_m1 3.15 | a-0.1248 c2.7801 ent0.0419 VRAM 27MB
Ep 1700 | M0_PDR 0.667 | M1_PDR 0.498 | H_m0 2.47 H_m1 3.15 | a-0.1194 c2.4426 ent0.0417 VRAM 27MB
Ep 1750 | M0_PDR 0.657 | M1_PDR 0.486 | H_m0 2.50 H_m1 3.16 | a-0.1179 c2.7511 ent0.0414 VRAM 27MB
Ep 1800 | M0_PDR 0.679 | M1_PDR 0.517 | H_m0 2.34 H_m1 3.13 | a-0.1132 c3.0162 ent0.0412 VRAM 27MB
Ep 1850 | M0_PDR 0.619 | M1_PDR 0.472 | H_m0 2.55 H_m1 3.16 | a-0.1173 c2.9778 ent0.0409 VRAM 27MB
Ep 1900 | M0_PDR 0.667 | M1_PDR 0.503 | H_m0 2.55 H_m1 3.08 | a-0.1150 c2.2532 ent0.0407 VRAM 27MB
Ep 1950 | M0_PDR 0.649 | M1_PDR 0.493 | H_m0 2.65 H_m1 3.19 | a-0.1185 c2.1432 ent0.0404 VRAM 27MB
Ep 2000 | M0_PDR 0.706 | M1_PDR 0.469 | H_m0 2.29 H_m1 3.20 | a-0.1115 c2.8015 ent0.0402 VRAM 27MB
Ep 2050 | M0_PDR 0.686 | M1_PDR 0.473 | H_m0 2.31 H_m1 3.20 | a-0.1111 c2.4751 ent0.0400 VRAM 27MB
Ep 2100 | M0_PDR 0.673 | M1_PDR 0.458 | H_m0 2.38 H_m1 3.19 | a-0.1121 c2.3919 ent0.0397 VRAM 27MB
Ep 2150 | M0_PDR 0.688 | M1_PDR 0.509 | H_m0 2.64 H_m1 3.19 | a-0.1161 c2.5267 ent0.0395 VRAM 27MB
Ep 2200 | M0_PDR 0.663 | M1_PDR 0.490 | H_m0 2.61 H_m1 3.20 | a-0.1157 c2.4700 ent0.0392 VRAM 27MB
Ep 2250 | M0_PDR 0.673 | M1_PDR 0.509 | H_m0 2.53 H_m1 3.18 | a-0.1116 c3.3515 ent0.0390 VRAM 27MB
Ep 2300 | M0_PDR 0.685 | M1_PDR 0.514 | H_m0 2.49 H_m1 3.19 | a-0.1107 c2.3351 ent0.0387 VRAM 27MB
Ep 2350 | M0_PDR 0.676 | M1_PDR 0.510 | H_m0 2.47 H_m1 3.18 | a-0.1089 c2.9594 ent0.0385 VRAM 27MB
Ep 2400 | M0_PDR 0.669 | M1_PDR 0.486 | H_m0 2.39 H_m1 3.18 | a-0.1079 c3.7646 ent0.0382 VRAM 27MB
Ep 2450 | M0_PDR 0.663 | M1_PDR 0.497 | H_m0 2.40 H_m1 3.20 | a-0.1067 c2.4647 ent0.0380 VRAM 27MB
Ep 2500 | M0_PDR 0.691 | M1_PDR 0.504 | H_m0 2.46 H_m1 3.20 | a-0.1074 c2.1659 ent0.0377 VRAM 27MB
Ep 2550 | M0_PDR 0.705 | M1_PDR 0.497 | H_m0 2.69 H_m1 3.20 | a-0.1108 c2.7499 ent0.0375 VRAM 27MB
Ep 2600 | M0_PDR 0.689 | M1_PDR 0.507 | H_m0 2.52 H_m1 3.20 | a-0.1070 c2.4259 ent0.0373 VRAM 27MB
Ep 2650 | M0_PDR 0.682 | M1_PDR 0.511 | H_m0 2.54 H_m1 3.19 | a-0.1064 c3.0161 ent0.0370 VRAM 27MB
Ep 2700 | M0_PDR 0.692 | M1_PDR 0.515 | H_m0 2.64 H_m1 3.19 | a-0.1073 c2.3047 ent0.0368 VRAM 27MB
Ep 2750 | M0_PDR 0.655 | M1_PDR 0.500 | H_m0 2.66 H_m1 3.19 | a-0.1076 c2.2324 ent0.0365 VRAM 27MB
Ep 2800 | M0_PDR 0.691 | M1_PDR 0.501 | H_m0 2.49 H_m1 3.18 | a-0.1032 c2.3272 ent0.0363 VRAM 27MB
Ep 2850 | M0_PDR 0.685 | M1_PDR 0.526 | H_m0 2.55 H_m1 3.17 | a-0.1037 c2.9894 ent0.0360 VRAM 27MB
Ep 2900 | M0_PDR 0.697 | M1_PDR 0.502 | H_m0 2.39 H_m1 3.17 | a-0.1004 c2.3578 ent0.0358 VRAM 27MB
Ep 2950 | M0_PDR 0.700 | M1_PDR 0.519 | H_m0 2.48 H_m1 3.16 | a-0.1012 c2.9759 ent0.0355 VRAM 27MB
Ep 3000 | M0_PDR 0.661 | M1_PDR 0.515 | H_m0 2.50 H_m1 3.18 | a-0.1012 c2.4972 ent0.0353 VRAM 27MB
Ep 3050 | M0_PDR 0.705 | M1_PDR 0.510 | H_m0 2.59 H_m1 3.19 | a-0.1016 c1.8715 ent0.0351 VRAM 27MB
Ep 3100 | M0_PDR 0.700 | M1_PDR 0.510 | H_m0 2.44 H_m1 3.18 | a-0.0982 c1.8798 ent0.0348 VRAM 27MB
Ep 3150 | M0_PDR 0.670 | M1_PDR 0.499 | H_m0 2.30 H_m1 3.20 | a-0.0960 c2.4452 ent0.0346 VRAM 27MB
Ep 3200 | M0_PDR 0.711 | M1_PDR 0.464 | H_m0 2.46 H_m1 3.18 | a-0.0978 c2.8695 ent0.0343 VRAM 27MB
Ep 3250 | M0_PDR 0.695 | M1_PDR 0.501 | H_m0 2.38 H_m1 3.17 | a-0.0953 c2.4228 ent0.0341 VRAM 27MB
Ep 3300 | M0_PDR 0.679 | M1_PDR 0.510 | H_m0 2.51 H_m1 3.18 | a-0.0970 c2.8205 ent0.0338 VRAM 27MB
Ep 3350 | M0_PDR 0.681 | M1_PDR 0.482 | H_m0 2.34 H_m1 3.16 | a-0.0932 c2.4899 ent0.0336 VRAM 27MB
Ep 3400 | M0_PDR 0.713 | M1_PDR 0.497 | H_m0 2.49 H_m1 3.16 | a-0.0948 c2.6895 ent0.0333 VRAM 27MB
Ep 3450 | M0_PDR 0.672 | M1_PDR 0.500 | H_m0 2.58 H_m1 3.19 | a-0.0957 c2.3831 ent0.0331 VRAM 27MB
Ep 3500 | M0_PDR 0.632 | M1_PDR 0.507 | H_m0 2.52 H_m1 3.19 | a-0.0943 c2.9029 ent0.0328 VRAM 27MB
Ep 3550 | M0_PDR 0.701 | M1_PDR 0.453 | H_m0 2.34 H_m1 3.20 | a-0.0911 c2.2504 ent0.0326 VRAM 27MB
Ep 3600 | M0_PDR 0.732 | M1_PDR 0.483 | H_m0 2.34 H_m1 3.18 | a-0.0900 c2.7511 ent0.0324 VRAM 27MB
Ep 3650 | M0_PDR 0.726 | M1_PDR 0.484 | H_m0 2.33 H_m1 3.18 | a-0.0890 c2.4357 ent0.0321 VRAM 27MB
Ep 3700 | M0_PDR 0.714 | M1_PDR 0.477 | H_m0 2.43 H_m1 3.19 | a-0.0903 c2.3536 ent0.0319 VRAM 27MB
Ep 3750 | M0_PDR 0.684 | M1_PDR 0.500 | H_m0 2.46 H_m1 3.19 | a-0.0898 c2.8690 ent0.0316 VRAM 27MB
Ep 3800 | M0_PDR 0.662 | M1_PDR 0.492 | H_m0 2.43 H_m1 3.18 | a-0.0890 c2.5456 ent0.0314 VRAM 27MB
Ep 3850 | M0_PDR 0.652 | M1_PDR 0.500 | H_m0 2.45 H_m1 3.18 | a-0.0885 c2.6359 ent0.0311 VRAM 27MB
Ep 3900 | M0_PDR 0.685 | M1_PDR 0.501 | H_m0 2.37 H_m1 3.15 | a-0.0858 c1.6926 ent0.0309 VRAM 27MB
Ep 3950 | M0_PDR 0.661 | M1_PDR 0.505 | H_m0 2.40 H_m1 3.17 | a-0.0863 c1.7644 ent0.0306 VRAM 27MB
Ep 4000 | M0_PDR 0.673 | M1_PDR 0.549 | H_m0 2.32 H_m1 3.17 | a-0.0838 c2.5197 ent0.0304 VRAM 27MB
Ep 4050 | M0_PDR 0.651 | M1_PDR 0.542 | H_m0 2.35 H_m1 3.16 | a-0.0837 c2.5977 ent0.0302 VRAM 27MB
Ep 4100 | M0_PDR 0.692 | M1_PDR 0.481 | H_m0 2.28 H_m1 3.15 | a-0.0823 c2.3235 ent0.0299 VRAM 27MB
Ep 4150 | M0_PDR 0.658 | M1_PDR 0.507 | H_m0 2.42 H_m1 3.15 | a-0.0835 c2.6643 ent0.0297 VRAM 27MB
Ep 4200 | M0_PDR 0.689 | M1_PDR 0.512 | H_m0 2.25 H_m1 3.12 | a-0.0800 c2.3292 ent0.0294 VRAM 27MB
Ep 4250 | M0_PDR 0.661 | M1_PDR 0.479 | H_m0 2.20 H_m1 3.14 | a-0.0788 c1.9845 ent0.0292 VRAM 27MB
Ep 4300 | M0_PDR 0.687 | M1_PDR 0.497 | H_m0 2.26 H_m1 3.15 | a-0.0787 c2.5243 ent0.0289 VRAM 27MB
Ep 4350 | M0_PDR 0.697 | M1_PDR 0.487 | H_m0 2.23 H_m1 3.15 | a-0.0778 c2.8930 ent0.0287 VRAM 27MB
Ep 4400 | M0_PDR 0.701 | M1_PDR 0.481 | H_m0 2.21 H_m1 3.17 | a-0.0767 c3.1571 ent0.0284 VRAM 27MB
Ep 4450 | M0_PDR 0.683 | M1_PDR 0.458 | H_m0 2.23 H_m1 3.18 | a-0.0774 c2.6727 ent0.0282 VRAM 27MB
Ep 4500 | M0_PDR 0.710 | M1_PDR 0.505 | H_m0 2.26 H_m1 3.19 | a-0.0769 c2.3171 ent0.0279 VRAM 27MB
Ep 4550 | M0_PDR 0.710 | M1_PDR 0.479 | H_m0 2.29 H_m1 3.19 | a-0.0759 c2.1614 ent0.0277 VRAM 27MB
Ep 4600 | M0_PDR 0.729 | M1_PDR 0.449 | H_m0 2.36 H_m1 3.19 | a-0.0765 c1.9527 ent0.0275 VRAM 27MB
Ep 4650 | M0_PDR 0.686 | M1_PDR 0.481 | H_m0 2.23 H_m1 3.18 | a-0.0744 c2.2931 ent0.0272 VRAM 27MB
Ep 4700 | M0_PDR 0.708 | M1_PDR 0.479 | H_m0 2.33 H_m1 3.19 | a-0.0747 c2.4322 ent0.0270 VRAM 27MB
Ep 4750 | M0_PDR 0.694 | M1_PDR 0.475 | H_m0 2.30 H_m1 3.18 | a-0.0735 c2.4302 ent0.0267 VRAM 27MB
Ep 4800 | M0_PDR 0.671 | M1_PDR 0.471 | H_m0 2.42 H_m1 3.18 | a-0.0743 c2.5167 ent0.0265 VRAM 27MB
Ep 4850 | M0_PDR 0.663 | M1_PDR 0.513 | H_m0 2.36 H_m1 3.17 | a-0.0730 c2.3012 ent0.0262 VRAM 27MB
Ep 4900 | M0_PDR 0.667 | M1_PDR 0.482 | H_m0 2.33 H_m1 3.16 | a-0.0718 c2.4945 ent0.0260 VRAM 27MB
Ep 4950 | M0_PDR 0.674 | M1_PDR 0.495 | H_m0 2.35 H_m1 3.16 | a-0.0709 c3.1904 ent0.0257 VRAM 27MB
Ep 5000 | M0_PDR 0.724 | M1_PDR 0.495 | H_m0 2.31 H_m1 3.16 | a-0.0704 c2.4796 ent0.0255 VRAM 27MB
Ep 5050 | M0_PDR 0.660 | M1_PDR 0.461 | H_m0 2.26 H_m1 3.16 | a-0.0692 c2.7234 ent0.0253 VRAM 27MB
Ep 5100 | M0_PDR 0.696 | M1_PDR 0.465 | H_m0 2.19 H_m1 3.16 | a-0.0671 c2.1564 ent0.0250 VRAM 27MB
Ep 5150 | M0_PDR 0.691 | M1_PDR 0.510 | H_m0 2.16 H_m1 3.13 | a-0.0657 c2.5795 ent0.0248 VRAM 27MB
Ep 5200 | M0_PDR 0.667 | M1_PDR 0.481 | H_m0 2.11 H_m1 3.13 | a-0.0646 c2.2412 ent0.0245 VRAM 27MB
Ep 5250 | M0_PDR 0.731 | M1_PDR 0.495 | H_m0 2.11 H_m1 3.11 | a-0.0640 c2.6897 ent0.0243 VRAM 27MB
Ep 5300 | M0_PDR 0.726 | M1_PDR 0.508 | H_m0 2.14 H_m1 3.11 | a-0.0634 c1.9958 ent0.0240 VRAM 27MB
Ep 5350 | M0_PDR 0.659 | M1_PDR 0.509 | H_m0 2.19 H_m1 3.11 | a-0.0637 c2.3912 ent0.0238 VRAM 27MB
Ep 5400 | M0_PDR 0.686 | M1_PDR 0.488 | H_m0 2.17 H_m1 3.14 | a-0.0629 c2.2670 ent0.0235 VRAM 27MB
Ep 5450 | M0_PDR 0.705 | M1_PDR 0.501 | H_m0 2.17 H_m1 3.16 | a-0.0625 c2.4438 ent0.0233 VRAM 27MB
Ep 5500 | M0_PDR 0.699 | M1_PDR 0.490 | H_m0 2.19 H_m1 3.17 | a-0.0621 c2.1192 ent0.0230 VRAM 27MB
Ep 5550 | M0_PDR 0.680 | M1_PDR 0.503 | H_m0 2.15 H_m1 3.16 | a-0.0611 c2.5125 ent0.0228 VRAM 27MB
Ep 5600 | M0_PDR 0.636 | M1_PDR 0.498 | H_m0 2.20 H_m1 3.15 | a-0.0606 c3.0468 ent0.0226 VRAM 27MB
Ep 5650 | M0_PDR 0.703 | M1_PDR 0.482 | H_m0 2.09 H_m1 3.15 | a-0.0585 c2.2058 ent0.0223 VRAM 27MB
Ep 5700 | M0_PDR 0.694 | M1_PDR 0.510 | H_m0 2.15 H_m1 3.12 | a-0.0583 c2.6068 ent0.0221 VRAM 27MB
Ep 5750 | M0_PDR 0.634 | M1_PDR 0.515 | H_m0 2.10 H_m1 3.13 | a-0.0576 c2.7289 ent0.0218 VRAM 27MB
Ep 5800 | M0_PDR 0.711 | M1_PDR 0.511 | H_m0 2.06 H_m1 3.13 | a-0.0562 c3.0028 ent0.0216 VRAM 27MB
Ep 5850 | M0_PDR 0.712 | M1_PDR 0.485 | H_m0 2.03 H_m1 3.14 | a-0.0557 c2.4777 ent0.0213 VRAM 27MB
Ep 5900 | M0_PDR 0.727 | M1_PDR 0.471 | H_m0 1.98 H_m1 3.15 | a-0.0543 c2.8833 ent0.0211 VRAM 27MB
Ep 5950 | M0_PDR 0.724 | M1_PDR 0.471 | H_m0 2.02 H_m1 3.13 | a-0.0538 c2.5308 ent0.0208 VRAM 27MB
Ep 6000 | M0_PDR 0.698 | M1_PDR 0.482 | H_m0 2.00 H_m1 3.15 | a-0.0533 c1.9180 ent0.0206 VRAM 27MB
Ep 6050 | M0_PDR 0.712 | M1_PDR 0.502 | H_m0 2.03 H_m1 3.16 | a-0.0529 c1.8359 ent0.0204 VRAM 27MB
Ep 6100 | M0_PDR 0.665 | M1_PDR 0.500 | H_m0 2.01 H_m1 3.16 | a-0.0521 c2.5101 ent0.0201 VRAM 27MB
Ep 6150 | M0_PDR 0.706 | M1_PDR 0.507 | H_m0 2.09 H_m1 3.17 | a-0.0524 c1.9053 ent0.0199 VRAM 27MB
Ep 6200 | M0_PDR 0.691 | M1_PDR 0.502 | H_m0 2.02 H_m1 3.16 | a-0.0511 c2.8485 ent0.0196 VRAM 27MB
Ep 6250 | M0_PDR 0.700 | M1_PDR 0.506 | H_m0 1.94 H_m1 3.16 | a-0.0495 c3.4064 ent0.0194 VRAM 27MB
Ep 6300 | M0_PDR 0.703 | M1_PDR 0.462 | H_m0 1.91 H_m1 3.16 | a-0.0490 c2.4658 ent0.0191 VRAM 27MB
Ep 6350 | M0_PDR 0.713 | M1_PDR 0.470 | H_m0 1.87 H_m1 3.14 | a-0.0474 c2.8786 ent0.0189 VRAM 27MB
Ep 6400 | M0_PDR 0.672 | M1_PDR 0.466 | H_m0 1.88 H_m1 3.15 | a-0.0468 c2.8849 ent0.0186 VRAM 27MB
Ep 6450 | M0_PDR 0.685 | M1_PDR 0.464 | H_m0 1.90 H_m1 3.15 | a-0.0467 c2.4629 ent0.0184 VRAM 27MB
Ep 6500 | M0_PDR 0.683 | M1_PDR 0.503 | H_m0 1.90 H_m1 3.16 | a-0.0465 c2.1266 ent0.0181 VRAM 27MB
Ep 6550 | M0_PDR 0.689 | M1_PDR 0.427 | H_m0 1.89 H_m1 3.17 | a-0.0457 c2.0608 ent0.0179 VRAM 27MB
Ep 6600 | M0_PDR 0.707 | M1_PDR 0.470 | H_m0 1.88 H_m1 3.17 | a-0.0447 c2.2726 ent0.0177 VRAM 27MB
Ep 6650 | M0_PDR 0.724 | M1_PDR 0.495 | H_m0 1.88 H_m1 3.16 | a-0.0442 c2.2078 ent0.0174 VRAM 27MB
Ep 6700 | M0_PDR 0.698 | M1_PDR 0.493 | H_m0 1.88 H_m1 3.16 | a-0.0434 c2.3136 ent0.0172 VRAM 27MB
Ep 6750 | M0_PDR 0.681 | M1_PDR 0.510 | H_m0 1.89 H_m1 3.14 | a-0.0428 c2.3974 ent0.0169 VRAM 27MB
Ep 6800 | M0_PDR 0.687 | M1_PDR 0.441 | H_m0 1.84 H_m1 3.15 | a-0.0419 c2.2309 ent0.0167 VRAM 27MB
Ep 6850 | M0_PDR 0.706 | M1_PDR 0.479 | H_m0 1.85 H_m1 3.14 | a-0.0413 c2.5556 ent0.0164 VRAM 27MB
Ep 6900 | M0_PDR 0.704 | M1_PDR 0.490 | H_m0 1.84 H_m1 3.13 | a-0.0406 c1.9103 ent0.0162 VRAM 27MB
Ep 6950 | M0_PDR 0.689 | M1_PDR 0.488 | H_m0 1.82 H_m1 3.13 | a-0.0395 c2.2887 ent0.0159 VRAM 27MB
Ep 7000 | M0_PDR 0.706 | M1_PDR 0.477 | H_m0 1.83 H_m1 3.13 | a-0.0392 c3.1150 ent0.0157 VRAM 27MB
Ep 7050 | M0_PDR 0.677 | M1_PDR 0.484 | H_m0 1.84 H_m1 3.12 | a-0.0386 c3.1511 ent0.0155 VRAM 27MB
Ep 7100 | M0_PDR 0.687 | M1_PDR 0.477 | H_m0 1.86 H_m1 3.13 | a-0.0381 c2.6870 ent0.0152 VRAM 27MB
Ep 7150 | M0_PDR 0.677 | M1_PDR 0.524 | H_m0 1.90 H_m1 3.12 | a-0.0380 c2.4592 ent0.0150 VRAM 27MB
Ep 7200 | M0_PDR 0.684 | M1_PDR 0.491 | H_m0 1.93 H_m1 3.11 | a-0.0374 c1.9845 ent0.0147 VRAM 27MB
Ep 7250 | M0_PDR 0.705 | M1_PDR 0.465 | H_m0 1.94 H_m1 3.13 | a-0.0370 c1.9653 ent0.0145 VRAM 27MB
Ep 7300 | M0_PDR 0.654 | M1_PDR 0.504 | H_m0 1.97 H_m1 3.09 | a-0.0362 c2.2156 ent0.0142 VRAM 27MB
Ep 7350 | M0_PDR 0.705 | M1_PDR 0.495 | H_m0 1.92 H_m1 3.07 | a-0.0351 c2.2706 ent0.0140 VRAM 27MB
Ep 7400 | M0_PDR 0.684 | M1_PDR 0.520 | H_m0 1.93 H_m1 3.06 | a-0.0344 c1.8556 ent0.0137 VRAM 27MB
Ep 7450 | M0_PDR 0.718 | M1_PDR 0.503 | H_m0 1.91 H_m1 3.06 | a-0.0336 c2.4345 ent0.0135 VRAM 27MB
Ep 7500 | M0_PDR 0.693 | M1_PDR 0.437 | H_m0 1.92 H_m1 3.05 | a-0.0330 c2.6200 ent0.0132 VRAM 27MB
Ep 7550 | M0_PDR 0.693 | M1_PDR 0.480 | H_m0 1.88 H_m1 3.05 | a-0.0322 c2.1698 ent0.0130 VRAM 27MB
Ep 7600 | M0_PDR 0.661 | M1_PDR 0.486 | H_m0 1.90 H_m1 3.03 | a-0.0315 c3.0967 ent0.0128 VRAM 27MB
Ep 7650 | M0_PDR 0.702 | M1_PDR 0.470 | H_m0 1.88 H_m1 3.02 | a-0.0309 c2.9402 ent0.0125 VRAM 27MB
Ep 7700 | M0_PDR 0.691 | M1_PDR 0.496 | H_m0 1.87 H_m1 3.02 | a-0.0302 c2.5131 ent0.0123 VRAM 27MB
Ep 7750 | M0_PDR 0.688 | M1_PDR 0.478 | H_m0 1.85 H_m1 3.02 | a-0.0296 c1.9441 ent0.0120 VRAM 27MB
Ep 7800 | M0_PDR 0.655 | M1_PDR 0.510 | H_m0 1.85 H_m1 3.01 | a-0.0287 c3.5055 ent0.0118 VRAM 27MB
Ep 7850 | M0_PDR 0.713 | M1_PDR 0.495 | H_m0 1.80 H_m1 3.02 | a-0.0279 c2.1724 ent0.0115 VRAM 27MB
Ep 7900 | M0_PDR 0.699 | M1_PDR 0.517 | H_m0 1.80 H_m1 3.01 | a-0.0273 c2.6183 ent0.0113 VRAM 27MB
Ep 7950 | M0_PDR 0.716 | M1_PDR 0.489 | H_m0 1.80 H_m1 2.99 | a-0.0268 c2.0353 ent0.0110 VRAM 27MB
Ep 8000 | M0_PDR 0.688 | M1_PDR 0.529 | H_m0 1.80 H_m1 3.00 | a-0.0261 c2.1281 ent0.0108 VRAM 27MB
Ep 8050 | M0_PDR 0.737 | M1_PDR 0.513 | H_m0 1.77 H_m1 3.00 | a-0.0252 c2.2453 ent0.0106 VRAM 27MB
Ep 8100 | M0_PDR 0.677 | M1_PDR 0.515 | H_m0 1.78 H_m1 2.99 | a-0.0247 c2.2697 ent0.0103 VRAM 27MB
Ep 8150 | M0_PDR 0.696 | M1_PDR 0.525 | H_m0 1.76 H_m1 2.99 | a-0.0240 c2.7957 ent0.0101 VRAM 27MB
Ep 8200 | M0_PDR 0.686 | M1_PDR 0.501 | H_m0 1.74 H_m1 3.00 | a-0.0235 c2.8229 ent0.0098 VRAM 27MB
Ep 8250 | M0_PDR 0.704 | M1_PDR 0.494 | H_m0 1.74 H_m1 2.99 | a-0.0227 c2.3277 ent0.0096 VRAM 27MB
Ep 8300 | M0_PDR 0.659 | M1_PDR 0.487 | H_m0 1.75 H_m1 3.00 | a-0.0223 c2.1975 ent0.0093 VRAM 27MB
Ep 8350 | M0_PDR 0.654 | M1_PDR 0.509 | H_m0 1.75 H_m1 2.99 | a-0.0216 c1.9062 ent0.0091 VRAM 27MB
Ep 8400 | M0_PDR 0.685 | M1_PDR 0.518 | H_m0 1.75 H_m1 2.98 | a-0.0209 c2.1597 ent0.0088 VRAM 27MB
Ep 8450 | M0_PDR 0.690 | M1_PDR 0.493 | H_m0 1.74 H_m1 2.98 | a-0.0203 c2.5622 ent0.0086 VRAM 27MB
Ep 8500 | M0_PDR 0.695 | M1_PDR 0.523 | H_m0 1.75 H_m1 3.00 | a-0.0199 c2.2420 ent0.0083 VRAM 27MB
Ep 8550 | M0_PDR 0.672 | M1_PDR 0.539 | H_m0 1.74 H_m1 3.00 | a-0.0193 c2.7124 ent0.0081 VRAM 27MB
Ep 8600 | M0_PDR 0.685 | M1_PDR 0.510 | H_m0 1.73 H_m1 3.00 | a-0.0186 c2.4839 ent0.0079 VRAM 27MB
Ep 8650 | M0_PDR 0.709 | M1_PDR 0.514 | H_m0 1.72 H_m1 3.00 | a-0.0180 c2.3520 ent0.0076 VRAM 27MB
Ep 8700 | M0_PDR 0.657 | M1_PDR 0.523 | H_m0 1.73 H_m1 3.00 | a-0.0175 c2.9919 ent0.0074 VRAM 27MB
Ep 8750 | M0_PDR 0.682 | M1_PDR 0.514 | H_m0 1.72 H_m1 2.99 | a-0.0168 c1.7822 ent0.0071 VRAM 27MB
Ep 8800 | M0_PDR 0.706 | M1_PDR 0.481 | H_m0 1.71 H_m1 2.98 | a-0.0162 c2.2026 ent0.0069 VRAM 27MB
Ep 8850 | M0_PDR 0.669 | M1_PDR 0.477 | H_m0 1.70 H_m1 2.97 | a-0.0155 c3.0876 ent0.0066 VRAM 27MB
Ep 8900 | M0_PDR 0.713 | M1_PDR 0.501 | H_m0 1.70 H_m1 2.96 | a-0.0149 c2.0026 ent0.0064 VRAM 27MB
Ep 8950 | M0_PDR 0.700 | M1_PDR 0.498 | H_m0 1.69 H_m1 2.96 | a-0.0143 c1.6850 ent0.0061 VRAM 27MB
Ep 9000 | M0_PDR 0.708 | M1_PDR 0.514 | H_m0 1.69 H_m1 2.96 | a-0.0138 c2.0389 ent0.0059 VRAM 27MB
Ep 9050 | M0_PDR 0.709 | M1_PDR 0.491 | H_m0 1.70 H_m1 2.95 | a-0.0132 c1.9388 ent0.0057 VRAM 27MB
Ep 9100 | M0_PDR 0.682 | M1_PDR 0.531 | H_m0 1.70 H_m1 2.95 | a-0.0126 c2.1152 ent0.0054 VRAM 27MB
Ep 9150 | M0_PDR 0.670 | M1_PDR 0.500 | H_m0 1.70 H_m1 2.96 | a-0.0121 c2.5742 ent0.0052 VRAM 27MB
Ep 9200 | M0_PDR 0.664 | M1_PDR 0.520 | H_m0 1.69 H_m1 2.95 | a-0.0114 c2.1955 ent0.0049 VRAM 27MB
Ep 9250 | M0_PDR 0.688 | M1_PDR 0.554 | H_m0 1.69 H_m1 2.94 | a-0.0109 c3.0546 ent0.0047 VRAM 27MB
Ep 9300 | M0_PDR 0.691 | M1_PDR 0.486 | H_m0 1.68 H_m1 2.94 | a-0.0103 c2.3380 ent0.0044 VRAM 27MB
Ep 9350 | M0_PDR 0.670 | M1_PDR 0.518 | H_m0 1.69 H_m1 2.94 | a-0.0097 c2.0260 ent0.0042 VRAM 27MB
Ep 9400 | M0_PDR 0.689 | M1_PDR 0.505 | H_m0 1.68 H_m1 2.93 | a-0.0091 c2.1294 ent0.0039 VRAM 27MB
Ep 9450 | M0_PDR 0.692 | M1_PDR 0.522 | H_m0 1.68 H_m1 2.93 | a-0.0086 c2.5809 ent0.0037 VRAM 27MB
Ep 9500 | M0_PDR 0.673 | M1_PDR 0.524 | H_m0 1.69 H_m1 2.93 | a-0.0080 c2.7882 ent0.0034 VRAM 27MB
Ep 9550 | M0_PDR 0.658 | M1_PDR 0.544 | H_m0 1.68 H_m1 2.93 | a-0.0075 c2.0633 ent0.0032 VRAM 27MB
Ep 9600 | M0_PDR 0.667 | M1_PDR 0.569 | H_m0 1.68 H_m1 2.91 | a-0.0069 c1.9301 ent0.0030 VRAM 27MB
Ep 9650 | M0_PDR 0.687 | M1_PDR 0.507 | H_m0 1.68 H_m1 2.93 | a-0.0062 c2.3969 ent0.0027 VRAM 27MB
Ep 9700 | M0_PDR 0.679 | M1_PDR 0.516 | H_m0 1.68 H_m1 2.91 | a-0.0056 c3.1442 ent0.0025 VRAM 27MB
Ep 9750 | M0_PDR 0.677 | M1_PDR 0.498 | H_m0 1.68 H_m1 2.92 | a-0.0052 c2.6914 ent0.0022 VRAM 27MB
Ep 9800 | M0_PDR 0.693 | M1_PDR 0.536 | H_m0 1.67 H_m1 2.91 | a-0.0045 c2.8964 ent0.0020 VRAM 27MB
Ep 9850 | M0_PDR 0.686 | M1_PDR 0.516 | H_m0 1.68 H_m1 2.91 | a-0.0040 c2.2134 ent0.0017 VRAM 27MB
Ep 9900 | M0_PDR 0.666 | M1_PDR 0.496 | H_m0 1.67 H_m1 2.90 | a-0.0034 c2.0564 ent0.0015 VRAM 27MB
Ep 9950 | M0_PDR 0.686 | M1_PDR 0.512 | H_m0 1.68 H_m1 2.90 | a-0.0029 c2.4751 ent0.0012 VRAM 27MB

Training complete. Running 100 eval episodes...

  Eval ep   0: M0_PDR=0.662  M1_PDR=0.507
  Eval ep  20: M0_PDR=0.670  M1_PDR=0.486
  Eval ep  40: M0_PDR=0.695  M1_PDR=0.518
  Eval ep  60: M0_PDR=0.694  M1_PDR=0.517
  Eval ep  80: M0_PDR=0.680  M1_PDR=0.485

=== Eval Summary (100 episodes) ===
  M0_PDR_mean         : 0.6897
  M0_PDR_p05 (across) : 0.6584
  M0_PDR_p05 (intra)  : 0.0986
  M1_PDR_mean         : 0.5149
  M0_SINR_mean (dB)   : 13.78
  M1_SINR_mean (dB)   : 2.85
  M0_collision_rate   : 0.669
  M0_collision_within_pool : 0.360
  M1_collision_within_pool : 0.365

Result saved -> results/_A_N6_seed2_10000ep.json
  N=6  rho=1.2  M0_PDR=0.690  M1_PDR=0.515
[NS3Bridge] Shutdown complete.
Run complete.
