[seed] all RNGs seeded with 1
GPU : NVIDIA GeForce RTX 3060
VRAM: 12.9 GB
Device          : cuda:0
Actor M0 params : 21,273
Actor M1 params : 21,273
Critic params   : 84,993
obs_dim=11  action_dim=25  gs_dim=71
M0 count: 3  M1 count: 3
Training for 5000 episodes (Config A_N6_seed1_5000ep, N=6)...

[NS3Bridge] Connected tcp://localhost:6696
Ep    0 | M0_PDR 0.587 | M1_PDR 0.557 | H_m0 3.21 H_m1 3.22 | a-0.1657 c35.1632 ent0.0500 VRAM 27MB
Ep   50 | M0_PDR 0.657 | M1_PDR 0.551 | H_m0 3.12 H_m1 3.19 | a-0.1582 c14.5889 ent0.0495 VRAM 27MB
Ep  100 | M0_PDR 0.632 | M1_PDR 0.531 | H_m0 3.09 H_m1 3.19 | a-0.1551 c11.5213 ent0.0490 VRAM 27MB
Ep  150 | M0_PDR 0.662 | M1_PDR 0.526 | H_m0 3.06 H_m1 3.19 | a-0.1527 c7.9707 ent0.0485 VRAM 27MB
Ep  200 | M0_PDR 0.635 | M1_PDR 0.521 | H_m0 3.10 H_m1 3.19 | a-0.1521 c5.2629 ent0.0480 VRAM 27MB
Ep  250 | M0_PDR 0.630 | M1_PDR 0.550 | H_m0 3.04 H_m1 3.21 | a-0.1494 c4.3483 ent0.0475 VRAM 27MB
Ep  300 | M0_PDR 0.688 | M1_PDR 0.504 | H_m0 2.85 H_m1 3.21 | a-0.1436 c4.4880 ent0.0471 VRAM 27MB
Ep  350 | M0_PDR 0.652 | M1_PDR 0.539 | H_m0 2.69 H_m1 3.20 | a-0.1389 c4.6697 ent0.0466 VRAM 27MB
Ep  400 | M0_PDR 0.656 | M1_PDR 0.528 | H_m0 2.81 H_m1 3.19 | a-0.1387 c2.6562 ent0.0461 VRAM 27MB
Ep  450 | M0_PDR 0.717 | M1_PDR 0.489 | H_m0 2.81 H_m1 3.19 | a-0.1386 c2.8719 ent0.0456 VRAM 27MB
Ep  500 | M0_PDR 0.688 | M1_PDR 0.493 | H_m0 2.65 H_m1 3.17 | a-0.1323 c2.8814 ent0.0451 VRAM 27MB
Ep  550 | M0_PDR 0.645 | M1_PDR 0.492 | H_m0 2.70 H_m1 3.15 | a-0.1313 c3.1077 ent0.0446 VRAM 27MB
Ep  600 | M0_PDR 0.690 | M1_PDR 0.498 | H_m0 2.72 H_m1 3.17 | a-0.1300 c2.7544 ent0.0441 VRAM 27MB
Ep  650 | M0_PDR 0.685 | M1_PDR 0.485 | H_m0 2.79 H_m1 3.17 | a-0.1307 c3.4489 ent0.0436 VRAM 27MB
Ep  700 | M0_PDR 0.699 | M1_PDR 0.486 | H_m0 2.75 H_m1 3.19 | a-0.1295 c2.3383 ent0.0431 VRAM 27MB
Ep  750 | M0_PDR 0.693 | M1_PDR 0.502 | H_m0 2.56 H_m1 3.20 | a-0.1240 c2.6691 ent0.0426 VRAM 27MB
Ep  800 | M0_PDR 0.639 | M1_PDR 0.452 | H_m0 2.65 H_m1 3.21 | a-0.1244 c1.9909 ent0.0422 VRAM 27MB
Ep  850 | M0_PDR 0.614 | M1_PDR 0.543 | H_m0 2.74 H_m1 3.20 | a-0.1251 c2.9205 ent0.0417 VRAM 27MB
Ep  900 | M0_PDR 0.638 | M1_PDR 0.520 | H_m0 2.65 H_m1 3.19 | a-0.1213 c2.9883 ent0.0412 VRAM 27MB
Ep  950 | M0_PDR 0.721 | M1_PDR 0.475 | H_m0 2.57 H_m1 3.20 | a-0.1181 c2.0380 ent0.0407 VRAM 27MB
Ep 1000 | M0_PDR 0.647 | M1_PDR 0.534 | H_m0 2.72 H_m1 3.20 | a-0.1189 c3.4241 ent0.0402 VRAM 27MB
Ep 1050 | M0_PDR 0.698 | M1_PDR 0.497 | H_m0 2.58 H_m1 3.20 | a-0.1153 c2.1619 ent0.0397 VRAM 27MB
Ep 1100 | M0_PDR 0.689 | M1_PDR 0.495 | H_m0 2.62 H_m1 3.19 | a-0.1142 c2.5988 ent0.0392 VRAM 27MB
Ep 1150 | M0_PDR 0.659 | M1_PDR 0.529 | H_m0 2.72 H_m1 3.15 | a-0.1149 c2.3385 ent0.0387 VRAM 27MB
Ep 1200 | M0_PDR 0.676 | M1_PDR 0.503 | H_m0 2.56 H_m1 3.19 | a-0.1110 c2.6238 ent0.0382 VRAM 27MB
Ep 1250 | M0_PDR 0.644 | M1_PDR 0.513 | H_m0 2.57 H_m1 3.18 | a-0.1092 c2.9457 ent0.0377 VRAM 27MB
Ep 1300 | M0_PDR 0.666 | M1_PDR 0.538 | H_m0 2.69 H_m1 3.14 | a-0.1099 c2.2303 ent0.0373 VRAM 27MB
Ep 1350 | M0_PDR 0.664 | M1_PDR 0.516 | H_m0 2.69 H_m1 3.17 | a-0.1079 c2.4317 ent0.0368 VRAM 27MB
Ep 1400 | M0_PDR 0.762 | M1_PDR 0.466 | H_m0 2.46 H_m1 3.18 | a-0.1027 c1.7434 ent0.0363 VRAM 27MB
Ep 1450 | M0_PDR 0.689 | M1_PDR 0.476 | H_m0 2.50 H_m1 3.18 | a-0.1028 c2.6551 ent0.0358 VRAM 27MB
Ep 1500 | M0_PDR 0.641 | M1_PDR 0.494 | H_m0 2.47 H_m1 3.17 | a-0.1008 c2.6155 ent0.0353 VRAM 27MB
Ep 1550 | M0_PDR 0.659 | M1_PDR 0.473 | H_m0 2.51 H_m1 3.18 | a-0.0997 c2.6651 ent0.0348 VRAM 27MB
Ep 1600 | M0_PDR 0.704 | M1_PDR 0.494 | H_m0 2.59 H_m1 3.19 | a-0.0999 c1.9212 ent0.0343 VRAM 27MB
Ep 1650 | M0_PDR 0.692 | M1_PDR 0.482 | H_m0 2.37 H_m1 3.18 | a-0.0944 c2.0391 ent0.0338 VRAM 27MB
Ep 1700 | M0_PDR 0.676 | M1_PDR 0.527 | H_m0 2.29 H_m1 3.18 | a-0.0920 c2.6092 ent0.0333 VRAM 27MB
Ep 1750 | M0_PDR 0.691 | M1_PDR 0.513 | H_m0 2.29 H_m1 3.19 | a-0.0911 c3.6262 ent0.0328 VRAM 27MB
Ep 1800 | M0_PDR 0.668 | M1_PDR 0.473 | H_m0 2.41 H_m1 3.20 | a-0.0915 c2.2751 ent0.0324 VRAM 27MB
Ep 1850 | M0_PDR 0.682 | M1_PDR 0.475 | H_m0 2.56 H_m1 3.19 | a-0.0920 c1.7463 ent0.0319 VRAM 27MB
Ep 1900 | M0_PDR 0.706 | M1_PDR 0.449 | H_m0 2.39 H_m1 3.20 | a-0.0887 c2.3793 ent0.0314 VRAM 27MB
Ep 1950 | M0_PDR 0.689 | M1_PDR 0.525 | H_m0 2.42 H_m1 3.21 | a-0.0876 c3.1677 ent0.0309 VRAM 27MB
Ep 2000 | M0_PDR 0.644 | M1_PDR 0.488 | H_m0 2.39 H_m1 3.21 | a-0.0858 c3.3177 ent0.0304 VRAM 27MB
Ep 2050 | M0_PDR 0.685 | M1_PDR 0.479 | H_m0 2.31 H_m1 3.20 | a-0.0826 c2.7642 ent0.0299 VRAM 27MB
Ep 2100 | M0_PDR 0.719 | M1_PDR 0.499 | H_m0 2.24 H_m1 3.20 | a-0.0806 c2.0014 ent0.0294 VRAM 27MB
Ep 2150 | M0_PDR 0.689 | M1_PDR 0.455 | H_m0 2.25 H_m1 3.20 | a-0.0803 c2.5875 ent0.0289 VRAM 27MB
Ep 2200 | M0_PDR 0.699 | M1_PDR 0.481 | H_m0 2.15 H_m1 3.19 | a-0.0768 c1.9160 ent0.0284 VRAM 27MB
Ep 2250 | M0_PDR 0.673 | M1_PDR 0.467 | H_m0 2.15 H_m1 3.19 | a-0.0751 c2.1799 ent0.0279 VRAM 27MB
Ep 2300 | M0_PDR 0.734 | M1_PDR 0.453 | H_m0 2.23 H_m1 3.19 | a-0.0749 c2.0952 ent0.0275 VRAM 27MB
Ep 2350 | M0_PDR 0.707 | M1_PDR 0.473 | H_m0 2.23 H_m1 3.18 | a-0.0736 c3.1049 ent0.0270 VRAM 27MB
Ep 2400 | M0_PDR 0.703 | M1_PDR 0.482 | H_m0 2.19 H_m1 3.18 | a-0.0722 c3.0954 ent0.0265 VRAM 27MB
Ep 2450 | M0_PDR 0.673 | M1_PDR 0.510 | H_m0 2.26 H_m1 3.17 | a-0.0712 c1.9634 ent0.0260 VRAM 27MB
Ep 2500 | M0_PDR 0.716 | M1_PDR 0.477 | H_m0 2.27 H_m1 3.17 | a-0.0700 c2.5635 ent0.0255 VRAM 27MB
Ep 2550 | M0_PDR 0.669 | M1_PDR 0.457 | H_m0 2.22 H_m1 3.18 | a-0.0680 c2.1015 ent0.0250 VRAM 27MB
Ep 2600 | M0_PDR 0.659 | M1_PDR 0.485 | H_m0 2.20 H_m1 3.18 | a-0.0669 c2.2460 ent0.0245 VRAM 27MB
Ep 2650 | M0_PDR 0.661 | M1_PDR 0.509 | H_m0 2.18 H_m1 3.18 | a-0.0647 c2.7164 ent0.0240 VRAM 27MB
Ep 2700 | M0_PDR 0.702 | M1_PDR 0.498 | H_m0 2.11 H_m1 3.18 | a-0.0626 c2.4736 ent0.0235 VRAM 27MB
Ep 2750 | M0_PDR 0.694 | M1_PDR 0.500 | H_m0 2.17 H_m1 3.17 | a-0.0618 c2.0991 ent0.0230 VRAM 27MB
Ep 2800 | M0_PDR 0.721 | M1_PDR 0.510 | H_m0 2.20 H_m1 3.16 | a-0.0607 c2.6892 ent0.0226 VRAM 27MB
Ep 2850 | M0_PDR 0.659 | M1_PDR 0.461 | H_m0 2.19 H_m1 3.15 | a-0.0592 c2.7006 ent0.0221 VRAM 27MB
Ep 2900 | M0_PDR 0.690 | M1_PDR 0.498 | H_m0 2.13 H_m1 3.17 | a-0.0573 c2.1934 ent0.0216 VRAM 27MB
Ep 2950 | M0_PDR 0.719 | M1_PDR 0.506 | H_m0 2.20 H_m1 3.16 | a-0.0570 c1.6887 ent0.0211 VRAM 27MB
Ep 3000 | M0_PDR 0.712 | M1_PDR 0.535 | H_m0 2.14 H_m1 3.11 | a-0.0544 c1.8726 ent0.0206 VRAM 27MB
Ep 3050 | M0_PDR 0.673 | M1_PDR 0.509 | H_m0 2.08 H_m1 3.09 | a-0.0524 c2.3660 ent0.0201 VRAM 27MB
Ep 3100 | M0_PDR 0.703 | M1_PDR 0.474 | H_m0 2.06 H_m1 3.08 | a-0.0508 c2.3251 ent0.0196 VRAM 27MB
Ep 3150 | M0_PDR 0.688 | M1_PDR 0.509 | H_m0 2.00 H_m1 3.08 | a-0.0488 c2.3515 ent0.0191 VRAM 27MB
Ep 3200 | M0_PDR 0.692 | M1_PDR 0.491 | H_m0 1.97 H_m1 3.07 | a-0.0473 c1.8421 ent0.0186 VRAM 27MB
Ep 3250 | M0_PDR 0.656 | M1_PDR 0.477 | H_m0 1.99 H_m1 3.11 | a-0.0467 c2.6949 ent0.0181 VRAM 27MB
Ep 3300 | M0_PDR 0.708 | M1_PDR 0.495 | H_m0 1.98 H_m1 3.12 | a-0.0457 c1.9294 ent0.0177 VRAM 27MB
Ep 3350 | M0_PDR 0.678 | M1_PDR 0.477 | H_m0 1.99 H_m1 3.11 | a-0.0441 c1.9380 ent0.0172 VRAM 27MB
Ep 3400 | M0_PDR 0.670 | M1_PDR 0.480 | H_m0 1.97 H_m1 3.14 | a-0.0428 c2.0853 ent0.0167 VRAM 27MB
Ep 3450 | M0_PDR 0.687 | M1_PDR 0.534 | H_m0 1.95 H_m1 3.12 | a-0.0417 c2.3099 ent0.0162 VRAM 27MB
Ep 3500 | M0_PDR 0.720 | M1_PDR 0.514 | H_m0 1.95 H_m1 3.11 | a-0.0399 c2.3761 ent0.0157 VRAM 27MB
Ep 3550 | M0_PDR 0.705 | M1_PDR 0.510 | H_m0 1.91 H_m1 3.11 | a-0.0382 c2.2373 ent0.0152 VRAM 27MB
Ep 3600 | M0_PDR 0.677 | M1_PDR 0.509 | H_m0 1.88 H_m1 3.09 | a-0.0368 c2.7410 ent0.0147 VRAM 27MB
Ep 3650 | M0_PDR 0.708 | M1_PDR 0.489 | H_m0 1.82 H_m1 3.09 | a-0.0352 c3.0638 ent0.0142 VRAM 27MB
Ep 3700 | M0_PDR 0.698 | M1_PDR 0.494 | H_m0 1.79 H_m1 3.10 | a-0.0337 c2.1553 ent0.0137 VRAM 27MB
Ep 3750 | M0_PDR 0.700 | M1_PDR 0.488 | H_m0 1.81 H_m1 3.10 | a-0.0326 c2.9268 ent0.0132 VRAM 27MB
Ep 3800 | M0_PDR 0.687 | M1_PDR 0.491 | H_m0 1.82 H_m1 3.10 | a-0.0315 c2.4806 ent0.0128 VRAM 27MB
Ep 3850 | M0_PDR 0.688 | M1_PDR 0.467 | H_m0 1.82 H_m1 3.10 | a-0.0302 c2.1033 ent0.0123 VRAM 27MB
Ep 3900 | M0_PDR 0.732 | M1_PDR 0.473 | H_m0 1.81 H_m1 3.10 | a-0.0290 c2.3912 ent0.0118 VRAM 27MB
Ep 3950 | M0_PDR 0.739 | M1_PDR 0.469 | H_m0 1.80 H_m1 3.09 | a-0.0277 c2.3894 ent0.0113 VRAM 27MB
Ep 4000 | M0_PDR 0.708 | M1_PDR 0.511 | H_m0 1.80 H_m1 3.09 | a-0.0265 c2.1423 ent0.0108 VRAM 27MB
Ep 4050 | M0_PDR 0.708 | M1_PDR 0.508 | H_m0 1.80 H_m1 3.09 | a-0.0253 c1.9444 ent0.0103 VRAM 27MB
Ep 4100 | M0_PDR 0.704 | M1_PDR 0.501 | H_m0 1.79 H_m1 3.07 | a-0.0239 c1.9249 ent0.0098 VRAM 27MB
Ep 4150 | M0_PDR 0.690 | M1_PDR 0.476 | H_m0 1.79 H_m1 3.08 | a-0.0228 c2.1927 ent0.0093 VRAM 27MB
Ep 4200 | M0_PDR 0.691 | M1_PDR 0.511 | H_m0 1.77 H_m1 3.09 | a-0.0215 c2.4922 ent0.0088 VRAM 27MB
Ep 4250 | M0_PDR 0.665 | M1_PDR 0.503 | H_m0 1.78 H_m1 3.08 | a-0.0203 c3.2975 ent0.0083 VRAM 27MB
Ep 4300 | M0_PDR 0.675 | M1_PDR 0.516 | H_m0 1.78 H_m1 3.07 | a-0.0192 c2.7530 ent0.0079 VRAM 27MB
Ep 4350 | M0_PDR 0.686 | M1_PDR 0.488 | H_m0 1.77 H_m1 3.07 | a-0.0180 c2.0380 ent0.0074 VRAM 27MB
Ep 4400 | M0_PDR 0.673 | M1_PDR 0.490 | H_m0 1.77 H_m1 3.06 | a-0.0167 c3.0571 ent0.0069 VRAM 27MB
Ep 4450 | M0_PDR 0.688 | M1_PDR 0.480 | H_m0 1.77 H_m1 3.05 | a-0.0155 c2.0571 ent0.0064 VRAM 27MB
Ep 4500 | M0_PDR 0.687 | M1_PDR 0.501 | H_m0 1.76 H_m1 3.06 | a-0.0142 c2.2295 ent0.0059 VRAM 27MB
Ep 4550 | M0_PDR 0.688 | M1_PDR 0.530 | H_m0 1.76 H_m1 3.04 | a-0.0130 c2.9021 ent0.0054 VRAM 27MB
Ep 4600 | M0_PDR 0.694 | M1_PDR 0.498 | H_m0 1.76 H_m1 3.04 | a-0.0118 c1.9207 ent0.0049 VRAM 27MB
Ep 4650 | M0_PDR 0.704 | M1_PDR 0.526 | H_m0 1.74 H_m1 3.04 | a-0.0106 c2.5797 ent0.0044 VRAM 27MB
Ep 4700 | M0_PDR 0.672 | M1_PDR 0.497 | H_m0 1.76 H_m1 3.04 | a-0.0096 c2.9373 ent0.0039 VRAM 27MB
Ep 4750 | M0_PDR 0.683 | M1_PDR 0.491 | H_m0 1.76 H_m1 3.04 | a-0.0083 c2.1604 ent0.0034 VRAM 27MB
Ep 4800 | M0_PDR 0.703 | M1_PDR 0.499 | H_m0 1.74 H_m1 3.04 | a-0.0071 c2.9170 ent0.0030 VRAM 27MB
Ep 4850 | M0_PDR 0.674 | M1_PDR 0.478 | H_m0 1.75 H_m1 3.04 | a-0.0060 c2.2385 ent0.0025 VRAM 27MB
Ep 4900 | M0_PDR 0.679 | M1_PDR 0.458 | H_m0 1.74 H_m1 3.04 | a-0.0047 c2.3344 ent0.0020 VRAM 27MB
Ep 4950 | M0_PDR 0.703 | M1_PDR 0.494 | H_m0 1.74 H_m1 3.03 | a-0.0036 c2.3679 ent0.0015 VRAM 27MB

Training complete. Running 100 eval episodes...

  Eval ep   0: M0_PDR=0.654  M1_PDR=0.497
  Eval ep  20: M0_PDR=0.686  M1_PDR=0.480
  Eval ep  40: M0_PDR=0.652  M1_PDR=0.538
  Eval ep  60: M0_PDR=0.665  M1_PDR=0.514
  Eval ep  80: M0_PDR=0.702  M1_PDR=0.508

=== Eval Summary (100 episodes) ===
  M0_PDR_mean         : 0.6947
  M0_PDR_p05 (across) : 0.6539
  M0_PDR_p05 (intra)  : 0.1111
  M1_PDR_mean         : 0.5012
  M0_SINR_mean (dB)   : 14.20
  M1_SINR_mean (dB)   : 1.84
  M0_collision_rate   : 0.669
  M0_collision_within_pool : 0.359
  M1_collision_within_pool : 0.363

Result saved -> results/_A_N6_seed1_5000ep.json
  N=6  rho=1.2  M0_PDR=0.695  M1_PDR=0.501
[NS3Bridge] Shutdown complete.
Run complete.
