[seed] all RNGs seeded with 2
GPU : NVIDIA GeForce RTX 3060
VRAM: 12.9 GB
Device          : cuda:0
Actor M0 params : 21,273
Actor M1 params : 21,273
Critic params   : 87,809
obs_dim=11  action_dim=25  gs_dim=71
M0 count: 3  M1 count: 3
Training for 5000 episodes (Config A_N6_seed2_5000ep_gaefix_g05_ent01_as, N=6)...

[NS3Bridge] Connected tcp://localhost:9176
Ep    0 | M0_PDR 0.594 | M1_PDR 0.562 | H_m0 3.22 H_m1 3.22 | a-0.0360 c0.8578 ent0.0100 VRAM 28MB
Ep   50 | M0_PDR 0.676 | M1_PDR 0.559 | H_m0 1.83 H_m1 2.69 | a-0.0265 c0.1746 ent0.0099 VRAM 28MB
Ep  100 | M0_PDR 0.641 | M1_PDR 0.559 | H_m0 1.66 H_m1 2.18 | a-0.0195 c0.1575 ent0.0098 VRAM 28MB
Ep  150 | M0_PDR 0.636 | M1_PDR 0.585 | H_m0 1.61 H_m1 1.83 | a-0.0197 c0.1761 ent0.0097 VRAM 28MB
Ep  200 | M0_PDR 0.688 | M1_PDR 0.592 | H_m0 1.62 H_m1 1.93 | a-0.0228 c0.1684 ent0.0096 VRAM 28MB
Ep  250 | M0_PDR 0.650 | M1_PDR 0.549 | H_m0 1.63 H_m1 1.87 | a-0.0173 c0.1922 ent0.0095 VRAM 28MB
Ep  300 | M0_PDR 0.659 | M1_PDR 0.565 | H_m0 1.60 H_m1 1.89 | a-0.0185 c0.1668 ent0.0095 VRAM 28MB
Ep  350 | M0_PDR 0.666 | M1_PDR 0.599 | H_m0 1.61 H_m1 2.01 | a-0.0191 c0.1623 ent0.0094 VRAM 28MB
Ep  400 | M0_PDR 0.681 | M1_PDR 0.573 | H_m0 1.60 H_m1 1.85 | a-0.0158 c0.1708 ent0.0093 VRAM 28MB
Ep  450 | M0_PDR 0.692 | M1_PDR 0.589 | H_m0 1.62 H_m1 1.86 | a-0.0157 c0.1701 ent0.0092 VRAM 28MB
Ep  500 | M0_PDR 0.647 | M1_PDR 0.546 | H_m0 1.62 H_m1 1.85 | a-0.0175 c0.1528 ent0.0091 VRAM 28MB
Ep  550 | M0_PDR 0.666 | M1_PDR 0.580 | H_m0 1.60 H_m1 1.89 | a-0.0188 c0.1389 ent0.0090 VRAM 28MB
Ep  600 | M0_PDR 0.634 | M1_PDR 0.561 | H_m0 1.60 H_m1 2.14 | a-0.0175 c0.1756 ent0.0089 VRAM 28MB
Ep  650 | M0_PDR 0.667 | M1_PDR 0.564 | H_m0 1.61 H_m1 2.11 | a-0.0169 c0.1649 ent0.0088 VRAM 28MB
Ep  700 | M0_PDR 0.659 | M1_PDR 0.567 | H_m0 1.61 H_m1 1.86 | a-0.0154 c0.1700 ent0.0087 VRAM 28MB
Ep  750 | M0_PDR 0.636 | M1_PDR 0.571 | H_m0 1.61 H_m1 1.84 | a-0.0162 c0.1524 ent0.0086 VRAM 28MB
Ep  800 | M0_PDR 0.677 | M1_PDR 0.540 | H_m0 1.62 H_m1 1.96 | a-0.0174 c0.1533 ent0.0086 VRAM 28MB
Ep  850 | M0_PDR 0.600 | M1_PDR 0.595 | H_m0 1.62 H_m1 1.77 | a-0.0164 c0.1841 ent0.0085 VRAM 28MB
Ep  900 | M0_PDR 0.703 | M1_PDR 0.584 | H_m0 1.61 H_m1 1.76 | a-0.0152 c0.1549 ent0.0084 VRAM 28MB
Ep  950 | M0_PDR 0.656 | M1_PDR 0.618 | H_m0 1.63 H_m1 1.84 | a-0.0147 c0.1600 ent0.0083 VRAM 28MB
Ep 1000 | M0_PDR 0.637 | M1_PDR 0.553 | H_m0 1.61 H_m1 1.76 | a-0.0138 c0.1612 ent0.0082 VRAM 28MB
Ep 1050 | M0_PDR 0.655 | M1_PDR 0.595 | H_m0 1.60 H_m1 1.76 | a-0.0168 c0.1755 ent0.0081 VRAM 28MB
Ep 1100 | M0_PDR 0.626 | M1_PDR 0.569 | H_m0 1.60 H_m1 1.89 | a-0.0129 c0.1814 ent0.0080 VRAM 28MB
Ep 1150 | M0_PDR 0.626 | M1_PDR 0.562 | H_m0 1.61 H_m1 1.74 | a-0.0136 c0.1681 ent0.0079 VRAM 28MB
Ep 1200 | M0_PDR 0.655 | M1_PDR 0.608 | H_m0 1.61 H_m1 1.72 | a-0.0151 c0.1475 ent0.0078 VRAM 28MB
Ep 1250 | M0_PDR 0.690 | M1_PDR 0.592 | H_m0 1.63 H_m1 1.68 | a-0.0136 c0.1602 ent0.0077 VRAM 28MB
Ep 1300 | M0_PDR 0.668 | M1_PDR 0.585 | H_m0 1.61 H_m1 1.67 | a-0.0158 c0.1692 ent0.0077 VRAM 28MB
Ep 1350 | M0_PDR 0.647 | M1_PDR 0.560 | H_m0 1.62 H_m1 1.70 | a-0.0135 c0.1591 ent0.0076 VRAM 28MB
Ep 1400 | M0_PDR 0.636 | M1_PDR 0.605 | H_m0 1.62 H_m1 1.75 | a-0.0125 c0.1885 ent0.0075 VRAM 28MB
Ep 1450 | M0_PDR 0.627 | M1_PDR 0.595 | H_m0 1.61 H_m1 1.72 | a-0.0132 c0.1626 ent0.0074 VRAM 28MB
Ep 1500 | M0_PDR 0.646 | M1_PDR 0.620 | H_m0 1.61 H_m1 1.91 | a-0.0123 c0.1630 ent0.0073 VRAM 28MB
Ep 1550 | M0_PDR 0.643 | M1_PDR 0.570 | H_m0 1.61 H_m1 1.84 | a-0.0143 c0.1570 ent0.0072 VRAM 28MB
Ep 1600 | M0_PDR 0.618 | M1_PDR 0.602 | H_m0 1.61 H_m1 1.71 | a-0.0123 c0.1695 ent0.0071 VRAM 28MB
Ep 1650 | M0_PDR 0.706 | M1_PDR 0.573 | H_m0 1.60 H_m1 1.88 | a-0.0123 c0.1511 ent0.0070 VRAM 28MB
Ep 1700 | M0_PDR 0.626 | M1_PDR 0.588 | H_m0 1.60 H_m1 1.77 | a-0.0124 c0.1840 ent0.0069 VRAM 28MB
Ep 1750 | M0_PDR 0.641 | M1_PDR 0.574 | H_m0 1.61 H_m1 1.73 | a-0.0124 c0.1474 ent0.0068 VRAM 28MB
Ep 1800 | M0_PDR 0.677 | M1_PDR 0.563 | H_m0 1.62 H_m1 1.74 | a-0.0134 c0.1738 ent0.0068 VRAM 28MB
Ep 1850 | M0_PDR 0.624 | M1_PDR 0.606 | H_m0 1.61 H_m1 1.77 | a-0.0117 c0.1739 ent0.0067 VRAM 28MB
Ep 1900 | M0_PDR 0.661 | M1_PDR 0.600 | H_m0 1.60 H_m1 1.73 | a-0.0113 c0.1534 ent0.0066 VRAM 28MB
Ep 1950 | M0_PDR 0.633 | M1_PDR 0.602 | H_m0 1.62 H_m1 1.76 | a-0.0117 c0.1550 ent0.0065 VRAM 28MB
Ep 2000 | M0_PDR 0.654 | M1_PDR 0.592 | H_m0 1.61 H_m1 1.68 | a-0.0124 c0.1799 ent0.0064 VRAM 28MB
Ep 2050 | M0_PDR 0.640 | M1_PDR 0.560 | H_m0 1.61 H_m1 1.69 | a-0.0109 c0.1681 ent0.0063 VRAM 28MB
Ep 2100 | M0_PDR 0.656 | M1_PDR 0.565 | H_m0 1.61 H_m1 1.68 | a-0.0109 c0.1453 ent0.0062 VRAM 28MB
Ep 2150 | M0_PDR 0.649 | M1_PDR 0.600 | H_m0 1.63 H_m1 1.70 | a-0.0106 c0.1444 ent0.0061 VRAM 28MB
Ep 2200 | M0_PDR 0.648 | M1_PDR 0.580 | H_m0 1.61 H_m1 1.73 | a-0.0102 c0.1630 ent0.0060 VRAM 28MB
Ep 2250 | M0_PDR 0.637 | M1_PDR 0.561 | H_m0 1.61 H_m1 1.70 | a-0.0106 c0.1705 ent0.0059 VRAM 28MB
Ep 2300 | M0_PDR 0.638 | M1_PDR 0.598 | H_m0 1.62 H_m1 1.68 | a-0.0100 c0.1626 ent0.0059 VRAM 28MB
Ep 2350 | M0_PDR 0.653 | M1_PDR 0.588 | H_m0 1.62 H_m1 1.66 | a-0.0094 c0.1460 ent0.0058 VRAM 28MB
Ep 2400 | M0_PDR 0.637 | M1_PDR 0.581 | H_m0 1.61 H_m1 1.67 | a-0.0095 c0.1716 ent0.0057 VRAM 28MB
Ep 2450 | M0_PDR 0.659 | M1_PDR 0.628 | H_m0 1.61 H_m1 1.68 | a-0.0097 c0.1598 ent0.0056 VRAM 28MB
Ep 2500 | M0_PDR 0.641 | M1_PDR 0.562 | H_m0 1.61 H_m1 1.68 | a-0.0094 c0.1644 ent0.0055 VRAM 28MB
Ep 2550 | M0_PDR 0.622 | M1_PDR 0.542 | H_m0 1.61 H_m1 1.71 | a-0.0103 c0.1736 ent0.0054 VRAM 28MB
Ep 2600 | M0_PDR 0.700 | M1_PDR 0.593 | H_m0 1.61 H_m1 1.63 | a-0.0087 c0.1327 ent0.0053 VRAM 28MB
Ep 2650 | M0_PDR 0.622 | M1_PDR 0.566 | H_m0 1.61 H_m1 1.65 | a-0.0100 c0.1738 ent0.0052 VRAM 28MB
Ep 2700 | M0_PDR 0.669 | M1_PDR 0.599 | H_m0 1.60 H_m1 1.65 | a-0.0088 c0.1635 ent0.0051 VRAM 28MB
Ep 2750 | M0_PDR 0.664 | M1_PDR 0.580 | H_m0 1.61 H_m1 1.66 | a-0.0090 c0.1645 ent0.0050 VRAM 28MB
Ep 2800 | M0_PDR 0.655 | M1_PDR 0.581 | H_m0 1.60 H_m1 1.64 | a-0.0081 c0.1718 ent0.0050 VRAM 28MB
Ep 2850 | M0_PDR 0.675 | M1_PDR 0.587 | H_m0 1.60 H_m1 1.64 | a-0.0083 c0.1629 ent0.0049 VRAM 28MB
Ep 2900 | M0_PDR 0.648 | M1_PDR 0.582 | H_m0 1.60 H_m1 1.63 | a-0.0081 c0.1428 ent0.0048 VRAM 28MB
Ep 2950 | M0_PDR 0.658 | M1_PDR 0.560 | H_m0 1.59 H_m1 1.61 | a-0.0086 c0.1676 ent0.0047 VRAM 28MB
Ep 3000 | M0_PDR 0.672 | M1_PDR 0.609 | H_m0 1.58 H_m1 1.60 | a-0.0082 c0.1638 ent0.0046 VRAM 28MB
Ep 3050 | M0_PDR 0.650 | M1_PDR 0.587 | H_m0 1.58 H_m1 1.62 | a-0.0075 c0.1398 ent0.0045 VRAM 28MB
Ep 3100 | M0_PDR 0.662 | M1_PDR 0.587 | H_m0 1.56 H_m1 1.61 | a-0.0071 c0.1346 ent0.0044 VRAM 28MB
Ep 3150 | M0_PDR 0.647 | M1_PDR 0.598 | H_m0 1.55 H_m1 1.61 | a-0.0070 c0.1577 ent0.0043 VRAM 28MB
Ep 3200 | M0_PDR 0.663 | M1_PDR 0.572 | H_m0 1.51 H_m1 1.62 | a-0.0074 c0.1575 ent0.0042 VRAM 28MB
Ep 3250 | M0_PDR 0.718 | M1_PDR 0.589 | H_m0 1.38 H_m1 1.57 | a-0.0066 c0.1463 ent0.0041 VRAM 28MB
Ep 3300 | M0_PDR 0.749 | M1_PDR 0.579 | H_m0 0.97 H_m1 1.33 | a-0.0060 c0.1201 ent0.0041 VRAM 28MB
Ep 3350 | M0_PDR 0.788 | M1_PDR 0.559 | H_m0 0.80 H_m1 1.15 | a-0.0045 c0.1003 ent0.0040 VRAM 28MB
Ep 3400 | M0_PDR 0.789 | M1_PDR 0.535 | H_m0 0.65 H_m1 1.05 | a-0.0038 c0.0927 ent0.0039 VRAM 28MB
Ep 3450 | M0_PDR 0.804 | M1_PDR 0.535 | H_m0 0.62 H_m1 1.07 | a-0.0039 c0.0898 ent0.0038 VRAM 28MB
Ep 3500 | M0_PDR 0.816 | M1_PDR 0.531 | H_m0 0.61 H_m1 1.08 | a-0.0032 c0.0877 ent0.0037 VRAM 28MB
Ep 3550 | M0_PDR 0.799 | M1_PDR 0.555 | H_m0 0.63 H_m1 1.10 | a-0.0032 c0.0940 ent0.0036 VRAM 28MB
Ep 3600 | M0_PDR 0.818 | M1_PDR 0.541 | H_m0 0.64 H_m1 1.13 | a-0.0038 c0.0800 ent0.0035 VRAM 28MB
Ep 3650 | M0_PDR 0.814 | M1_PDR 0.552 | H_m0 0.63 H_m1 1.13 | a-0.0030 c0.0877 ent0.0034 VRAM 28MB
Ep 3700 | M0_PDR 0.796 | M1_PDR 0.521 | H_m0 0.62 H_m1 1.15 | a-0.0035 c0.0839 ent0.0033 VRAM 28MB
Ep 3750 | M0_PDR 0.821 | M1_PDR 0.580 | H_m0 0.59 H_m1 1.14 | a-0.0034 c0.0817 ent0.0032 VRAM 28MB
Ep 3800 | M0_PDR 0.853 | M1_PDR 0.536 | H_m0 0.48 H_m1 1.06 | a-0.0031 c0.0834 ent0.0032 VRAM 28MB
Ep 3850 | M0_PDR 0.870 | M1_PDR 0.553 | H_m0 0.37 H_m1 1.01 | a-0.0023 c0.0791 ent0.0031 VRAM 28MB
Ep 3900 | M0_PDR 0.910 | M1_PDR 0.489 | H_m0 0.22 H_m1 0.96 | a-0.0021 c0.0620 ent0.0030 VRAM 28MB
Ep 3950 | M0_PDR 0.933 | M1_PDR 0.495 | H_m0 0.15 H_m1 0.89 | a-0.0018 c0.0514 ent0.0029 VRAM 28MB
Ep 4000 | M0_PDR 0.958 | M1_PDR 0.486 | H_m0 0.11 H_m1 0.87 | a-0.0017 c0.0435 ent0.0028 VRAM 28MB
Ep 4050 | M0_PDR 0.947 | M1_PDR 0.494 | H_m0 0.12 H_m1 0.89 | a-0.0020 c0.0465 ent0.0027 VRAM 28MB
Ep 4100 | M0_PDR 0.949 | M1_PDR 0.514 | H_m0 0.07 H_m1 0.86 | a-0.0017 c0.0444 ent0.0026 VRAM 28MB
Ep 4150 | M0_PDR 0.969 | M1_PDR 0.488 | H_m0 0.06 H_m1 0.88 | a-0.0017 c0.0326 ent0.0025 VRAM 28MB
Ep 4200 | M0_PDR 0.954 | M1_PDR 0.505 | H_m0 0.04 H_m1 0.89 | a-0.0012 c0.0353 ent0.0024 VRAM 28MB
Ep 4250 | M0_PDR 0.971 | M1_PDR 0.494 | H_m0 0.04 H_m1 0.88 | a-0.0015 c0.0240 ent0.0023 VRAM 28MB
Ep 4300 | M0_PDR 0.978 | M1_PDR 0.491 | H_m0 0.05 H_m1 0.84 | a-0.0010 c0.0236 ent0.0023 VRAM 28MB
Ep 4350 | M0_PDR 0.972 | M1_PDR 0.453 | H_m0 0.03 H_m1 0.87 | a-0.0012 c0.0265 ent0.0022 VRAM 28MB
Ep 4400 | M0_PDR 0.979 | M1_PDR 0.490 | H_m0 0.05 H_m1 0.87 | a-0.0011 c0.0229 ent0.0021 VRAM 28MB
Ep 4450 | M0_PDR 0.973 | M1_PDR 0.537 | H_m0 0.04 H_m1 0.85 | a-0.0010 c0.0298 ent0.0020 VRAM 28MB
Ep 4500 | M0_PDR 0.976 | M1_PDR 0.536 | H_m0 0.04 H_m1 0.89 | a-0.0012 c0.0272 ent0.0019 VRAM 28MB
Ep 4550 | M0_PDR 0.976 | M1_PDR 0.506 | H_m0 0.05 H_m1 0.87 | a-0.0009 c0.0226 ent0.0018 VRAM 28MB
Ep 4600 | M0_PDR 0.986 | M1_PDR 0.510 | H_m0 0.02 H_m1 0.85 | a-0.0010 c0.0202 ent0.0017 VRAM 28MB
Ep 4650 | M0_PDR 0.976 | M1_PDR 0.505 | H_m0 0.03 H_m1 0.85 | a-0.0008 c0.0263 ent0.0016 VRAM 28MB
Ep 4700 | M0_PDR 0.607 | M1_PDR 0.485 | H_m0 0.06 H_m1 0.86 | a-0.0007 c0.2413 ent0.0015 VRAM 28MB
Ep 4750 | M0_PDR 0.974 | M1_PDR 0.539 | H_m0 0.03 H_m1 0.85 | a-0.0006 c0.0264 ent0.0014 VRAM 28MB
Ep 4800 | M0_PDR 0.981 | M1_PDR 0.507 | H_m0 0.02 H_m1 0.86 | a-0.0006 c0.0239 ent0.0014 VRAM 28MB
Ep 4850 | M0_PDR 0.978 | M1_PDR 0.483 | H_m0 0.02 H_m1 0.85 | a-0.0006 c0.0213 ent0.0013 VRAM 28MB
Ep 4900 | M0_PDR 0.969 | M1_PDR 0.486 | H_m0 0.03 H_m1 0.86 | a-0.0005 c0.0278 ent0.0012 VRAM 28MB
Ep 4950 | M0_PDR 0.980 | M1_PDR 0.505 | H_m0 0.03 H_m1 0.85 | a-0.0005 c0.0238 ent0.0011 VRAM 28MB

Training complete. Running 100 eval episodes...

  Eval ep   0: M0_PDR=0.980  M1_PDR=0.511
  Eval ep  20: M0_PDR=0.964  M1_PDR=0.497
  Eval ep  40: M0_PDR=0.979  M1_PDR=0.529
  Eval ep  60: M0_PDR=0.979  M1_PDR=0.497
  Eval ep  80: M0_PDR=0.976  M1_PDR=0.503

=== Eval Summary (100 episodes) ===
  M0_PDR_mean         : 0.9688
  M0_PDR_p05 (across) : 0.9361
  M0_PDR_p05 (intra)  : 0.7265
  M1_PDR_mean         : 0.4965
  M0_SINR_mean (dB)   : 45.36
  M1_SINR_mean (dB)   : -1.99
  M0_collision_rate   : 0.080
  M0_collision_within_pool : 0.031
  M1_collision_within_pool : 0.687

Result saved -> results/_A_N6_seed2_5000ep_gaefix_g05_ent01_as.json
  N=6  rho=1.2  M0_PDR=0.969  M1_PDR=0.497
[NS3Bridge] Shutdown complete.
Run complete.
