[seed] all RNGs seeded with 3
GPU : NVIDIA GeForce RTX 3060
VRAM: 12.9 GB
Device          : cuda:0
Actor M0 params : 21,273
Actor M1 params : 21,273
Critic params   : 87,809
obs_dim=11  action_dim=25  gs_dim=71
M0 count: 3  M1 count: 3
Training for 5000 episodes (Config A_N6_seed3_5000ep_gaefix_g05_ent01_as, N=6)...

[NS3Bridge] Connected tcp://localhost:9186
Ep    0 | M0_PDR 0.588 | M1_PDR 0.566 | H_m0 3.22 H_m1 3.22 | a-0.0368 c0.7741 ent0.0100 VRAM 28MB
Ep   50 | M0_PDR 0.698 | M1_PDR 0.537 | H_m0 1.79 H_m1 2.56 | a-0.0237 c0.1617 ent0.0099 VRAM 28MB
Ep  100 | M0_PDR 0.687 | M1_PDR 0.580 | H_m0 1.64 H_m1 2.15 | a-0.0192 c0.1620 ent0.0098 VRAM 28MB
Ep  150 | M0_PDR 0.667 | M1_PDR 0.604 | H_m0 1.63 H_m1 1.88 | a-0.0221 c0.1780 ent0.0097 VRAM 28MB
Ep  200 | M0_PDR 0.682 | M1_PDR 0.570 | H_m0 1.63 H_m1 1.93 | a-0.0201 c0.1470 ent0.0096 VRAM 28MB
Ep  250 | M0_PDR 0.664 | M1_PDR 0.568 | H_m0 1.60 H_m1 1.87 | a-0.0214 c0.1683 ent0.0095 VRAM 28MB
Ep  300 | M0_PDR 0.699 | M1_PDR 0.595 | H_m0 1.62 H_m1 1.84 | a-0.0185 c0.1480 ent0.0095 VRAM 28MB
Ep  350 | M0_PDR 0.661 | M1_PDR 0.597 | H_m0 1.63 H_m1 1.98 | a-0.0171 c0.1727 ent0.0094 VRAM 28MB
Ep  400 | M0_PDR 0.654 | M1_PDR 0.549 | H_m0 1.62 H_m1 1.92 | a-0.0188 c0.1561 ent0.0093 VRAM 28MB
Ep  450 | M0_PDR 0.658 | M1_PDR 0.585 | H_m0 1.60 H_m1 1.81 | a-0.0182 c0.1703 ent0.0092 VRAM 28MB
Ep  500 | M0_PDR 0.674 | M1_PDR 0.597 | H_m0 1.61 H_m1 1.84 | a-0.0134 c0.1500 ent0.0091 VRAM 28MB
Ep  550 | M0_PDR 0.658 | M1_PDR 0.554 | H_m0 1.62 H_m1 1.82 | a-0.0191 c0.1628 ent0.0090 VRAM 28MB
Ep  600 | M0_PDR 0.619 | M1_PDR 0.544 | H_m0 1.62 H_m1 1.83 | a-0.0169 c0.1987 ent0.0089 VRAM 28MB
Ep  650 | M0_PDR 0.652 | M1_PDR 0.585 | H_m0 1.61 H_m1 1.82 | a-0.0153 c0.1829 ent0.0088 VRAM 28MB
Ep  700 | M0_PDR 0.658 | M1_PDR 0.556 | H_m0 1.63 H_m1 1.79 | a-0.0177 c0.1711 ent0.0087 VRAM 28MB
Ep  750 | M0_PDR 0.654 | M1_PDR 0.571 | H_m0 1.61 H_m1 1.80 | a-0.0163 c0.1521 ent0.0086 VRAM 28MB
Ep  800 | M0_PDR 0.633 | M1_PDR 0.591 | H_m0 1.61 H_m1 1.71 | a-0.0182 c0.1748 ent0.0086 VRAM 28MB
Ep  850 | M0_PDR 0.636 | M1_PDR 0.607 | H_m0 1.62 H_m1 1.91 | a-0.0182 c0.1897 ent0.0085 VRAM 28MB
Ep  900 | M0_PDR 0.643 | M1_PDR 0.584 | H_m0 1.63 H_m1 1.95 | a-0.0148 c0.1852 ent0.0084 VRAM 28MB
Ep  950 | M0_PDR 0.659 | M1_PDR 0.532 | H_m0 1.62 H_m1 1.93 | a-0.0166 c0.1568 ent0.0083 VRAM 28MB
Ep 1000 | M0_PDR 0.649 | M1_PDR 0.570 | H_m0 1.62 H_m1 1.81 | a-0.0154 c0.1666 ent0.0082 VRAM 28MB
Ep 1050 | M0_PDR 0.649 | M1_PDR 0.565 | H_m0 1.60 H_m1 1.73 | a-0.0131 c0.1536 ent0.0081 VRAM 28MB
Ep 1100 | M0_PDR 0.668 | M1_PDR 0.561 | H_m0 1.61 H_m1 2.00 | a-0.0161 c0.1582 ent0.0080 VRAM 28MB
Ep 1150 | M0_PDR 0.634 | M1_PDR 0.595 | H_m0 1.62 H_m1 1.82 | a-0.0143 c0.1753 ent0.0079 VRAM 28MB
Ep 1200 | M0_PDR 0.686 | M1_PDR 0.588 | H_m0 1.61 H_m1 1.86 | a-0.0134 c0.1658 ent0.0078 VRAM 28MB
Ep 1250 | M0_PDR 0.598 | M1_PDR 0.605 | H_m0 1.62 H_m1 1.73 | a-0.0141 c0.1584 ent0.0077 VRAM 28MB
Ep 1300 | M0_PDR 0.650 | M1_PDR 0.557 | H_m0 1.61 H_m1 1.73 | a-0.0134 c0.1554 ent0.0077 VRAM 28MB
Ep 1350 | M0_PDR 0.659 | M1_PDR 0.603 | H_m0 1.61 H_m1 1.71 | a-0.0129 c0.1580 ent0.0076 VRAM 28MB
Ep 1400 | M0_PDR 0.665 | M1_PDR 0.595 | H_m0 1.61 H_m1 1.73 | a-0.0135 c0.1455 ent0.0075 VRAM 28MB
Ep 1450 | M0_PDR 0.666 | M1_PDR 0.573 | H_m0 1.61 H_m1 1.76 | a-0.0130 c0.1517 ent0.0074 VRAM 28MB
Ep 1500 | M0_PDR 0.656 | M1_PDR 0.601 | H_m0 1.61 H_m1 1.74 | a-0.0125 c0.1663 ent0.0073 VRAM 28MB
Ep 1550 | M0_PDR 0.643 | M1_PDR 0.581 | H_m0 1.61 H_m1 1.72 | a-0.0119 c0.1723 ent0.0072 VRAM 28MB
Ep 1600 | M0_PDR 0.674 | M1_PDR 0.619 | H_m0 1.61 H_m1 1.72 | a-0.0123 c0.1725 ent0.0071 VRAM 28MB
Ep 1650 | M0_PDR 0.672 | M1_PDR 0.622 | H_m0 1.61 H_m1 1.71 | a-0.0128 c0.1992 ent0.0070 VRAM 28MB
Ep 1700 | M0_PDR 0.624 | M1_PDR 0.580 | H_m0 1.61 H_m1 1.69 | a-0.0117 c0.1738 ent0.0069 VRAM 28MB
Ep 1750 | M0_PDR 0.657 | M1_PDR 0.567 | H_m0 1.61 H_m1 1.67 | a-0.0111 c0.1798 ent0.0068 VRAM 28MB
Ep 1800 | M0_PDR 0.650 | M1_PDR 0.581 | H_m0 1.61 H_m1 1.70 | a-0.0123 c0.1575 ent0.0068 VRAM 28MB
Ep 1850 | M0_PDR 0.627 | M1_PDR 0.574 | H_m0 1.61 H_m1 1.71 | a-0.0118 c0.1698 ent0.0067 VRAM 28MB
Ep 1900 | M0_PDR 0.676 | M1_PDR 0.592 | H_m0 1.62 H_m1 1.78 | a-0.0131 c0.1476 ent0.0066 VRAM 28MB
Ep 1950 | M0_PDR 0.664 | M1_PDR 0.571 | H_m0 1.61 H_m1 1.69 | a-0.0112 c0.1555 ent0.0065 VRAM 28MB
Ep 2000 | M0_PDR 0.641 | M1_PDR 0.608 | H_m0 1.61 H_m1 1.73 | a-0.0109 c0.1547 ent0.0064 VRAM 28MB
Ep 2050 | M0_PDR 0.643 | M1_PDR 0.595 | H_m0 1.60 H_m1 1.71 | a-0.0121 c0.1533 ent0.0063 VRAM 28MB
Ep 2100 | M0_PDR 0.657 | M1_PDR 0.582 | H_m0 1.60 H_m1 1.68 | a-0.0112 c0.1710 ent0.0062 VRAM 28MB
Ep 2150 | M0_PDR 0.649 | M1_PDR 0.555 | H_m0 1.58 H_m1 1.63 | a-0.0101 c0.1749 ent0.0061 VRAM 28MB
Ep 2200 | M0_PDR 0.639 | M1_PDR 0.651 | H_m0 1.57 H_m1 1.66 | a-0.0102 c0.1747 ent0.0060 VRAM 28MB
Ep 2250 | M0_PDR 0.684 | M1_PDR 0.574 | H_m0 1.54 H_m1 1.68 | a-0.0095 c0.1827 ent0.0059 VRAM 28MB
Ep 2300 | M0_PDR 0.650 | M1_PDR 0.586 | H_m0 1.36 H_m1 1.61 | a-0.0114 c0.1606 ent0.0059 VRAM 28MB
Ep 2350 | M0_PDR 0.696 | M1_PDR 0.605 | H_m0 0.99 H_m1 1.40 | a-0.0067 c0.1494 ent0.0058 VRAM 28MB
Ep 2400 | M0_PDR 0.814 | M1_PDR 0.508 | H_m0 0.63 H_m1 0.99 | a-0.0061 c0.1014 ent0.0057 VRAM 28MB
Ep 2450 | M0_PDR 0.931 | M1_PDR 0.474 | H_m0 0.24 H_m1 0.84 | a-0.0066 c0.0597 ent0.0056 VRAM 28MB
Ep 2500 | M0_PDR 0.932 | M1_PDR 0.473 | H_m0 0.09 H_m1 0.84 | a-0.0045 c0.0863 ent0.0055 VRAM 28MB
Ep 2550 | M0_PDR 0.979 | M1_PDR 0.470 | H_m0 0.05 H_m1 0.91 | a-0.0024 c0.0257 ent0.0054 VRAM 28MB
Ep 2600 | M0_PDR 0.982 | M1_PDR 0.462 | H_m0 0.07 H_m1 0.81 | a-0.0023 c0.0228 ent0.0053 VRAM 28MB
Ep 2650 | M0_PDR 0.998 | M1_PDR 0.444 | H_m0 0.01 H_m1 0.73 | a-0.0015 c0.0118 ent0.0052 VRAM 28MB
Ep 2700 | M0_PDR 0.976 | M1_PDR 0.492 | H_m0 0.04 H_m1 0.75 | a-0.0019 c0.0322 ent0.0051 VRAM 28MB
Ep 2750 | M0_PDR 0.997 | M1_PDR 0.445 | H_m0 0.02 H_m1 0.73 | a-0.0035 c0.0133 ent0.0050 VRAM 28MB
Ep 2800 | M0_PDR 0.997 | M1_PDR 0.459 | H_m0 0.01 H_m1 0.72 | a-0.0022 c0.0117 ent0.0050 VRAM 28MB
Ep 2850 | M0_PDR 0.990 | M1_PDR 0.460 | H_m0 0.02 H_m1 0.72 | a-0.0019 c0.0178 ent0.0049 VRAM 28MB
Ep 2900 | M0_PDR 0.998 | M1_PDR 0.486 | H_m0 0.01 H_m1 0.71 | a-0.0031 c0.0115 ent0.0048 VRAM 28MB
Ep 2950 | M0_PDR 1.000 | M1_PDR 0.428 | H_m0 0.00 H_m1 0.71 | a-0.0015 c0.0100 ent0.0047 VRAM 28MB
Ep 3000 | M0_PDR 0.998 | M1_PDR 0.483 | H_m0 0.00 H_m1 0.68 | a-0.0010 c0.0108 ent0.0046 VRAM 28MB
Ep 3050 | M0_PDR 1.000 | M1_PDR 0.466 | H_m0 0.00 H_m1 0.63 | a-0.0016 c0.0095 ent0.0045 VRAM 28MB
Ep 3100 | M0_PDR 1.000 | M1_PDR 0.563 | H_m0 0.00 H_m1 0.39 | a-0.0021 c0.0100 ent0.0044 VRAM 28MB
Ep 3150 | M0_PDR 0.996 | M1_PDR 0.574 | H_m0 0.01 H_m1 0.28 | a-0.0028 c0.0110 ent0.0043 VRAM 28MB
Ep 3200 | M0_PDR 0.973 | M1_PDR 0.702 | H_m0 0.01 H_m1 0.34 | a-0.0011 c0.0251 ent0.0042 VRAM 28MB
Ep 3250 | M0_PDR 0.978 | M1_PDR 0.767 | H_m0 0.00 H_m1 0.38 | a-0.0013 c0.0217 ent0.0041 VRAM 28MB
Ep 3300 | M0_PDR 0.973 | M1_PDR 0.822 | H_m0 0.00 H_m1 0.39 | a-0.0014 c0.0238 ent0.0041 VRAM 28MB
Ep 3350 | M0_PDR 0.965 | M1_PDR 0.847 | H_m0 0.01 H_m1 0.38 | a-0.0007 c0.0326 ent0.0040 VRAM 28MB
Ep 3400 | M0_PDR 0.957 | M1_PDR 0.875 | H_m0 0.01 H_m1 0.29 | a-0.0010 c0.0314 ent0.0039 VRAM 28MB
Ep 3450 | M0_PDR 0.955 | M1_PDR 0.870 | H_m0 0.01 H_m1 0.26 | a-0.0017 c0.0337 ent0.0038 VRAM 28MB
Ep 3500 | M0_PDR 0.953 | M1_PDR 0.900 | H_m0 0.01 H_m1 0.14 | a-0.0004 c0.0352 ent0.0037 VRAM 28MB
Ep 3550 | M0_PDR 0.944 | M1_PDR 0.909 | H_m0 0.00 H_m1 0.13 | a-0.0003 c0.0297 ent0.0036 VRAM 28MB
Ep 3600 | M0_PDR 0.956 | M1_PDR 0.903 | H_m0 0.00 H_m1 0.09 | a-0.0004 c0.0253 ent0.0035 VRAM 28MB
Ep 3650 | M0_PDR 0.924 | M1_PDR 0.859 | H_m0 0.00 H_m1 0.17 | a-0.0004 c0.0400 ent0.0034 VRAM 28MB
Ep 3700 | M0_PDR 0.923 | M1_PDR 0.884 | H_m0 0.01 H_m1 0.10 | a-0.0004 c0.0417 ent0.0033 VRAM 28MB
Ep 3750 | M0_PDR 0.929 | M1_PDR 0.930 | H_m0 0.00 H_m1 0.05 | a-0.0002 c0.0376 ent0.0032 VRAM 28MB
Ep 3800 | M0_PDR 0.936 | M1_PDR 0.911 | H_m0 0.00 H_m1 0.08 | a-0.0001 c0.0362 ent0.0032 VRAM 28MB
Ep 3850 | M0_PDR 0.936 | M1_PDR 0.894 | H_m0 0.00 H_m1 0.09 | a-0.0002 c0.0333 ent0.0031 VRAM 28MB
Ep 3900 | M0_PDR 0.925 | M1_PDR 0.930 | H_m0 0.00 H_m1 0.07 | a-0.0002 c0.0368 ent0.0030 VRAM 28MB
Ep 3950 | M0_PDR 0.935 | M1_PDR 0.903 | H_m0 0.00 H_m1 0.09 | a-0.0002 c0.0385 ent0.0029 VRAM 28MB
Ep 4000 | M0_PDR 0.947 | M1_PDR 0.900 | H_m0 0.00 H_m1 0.06 | a-0.0001 c0.0287 ent0.0028 VRAM 28MB
Ep 4050 | M0_PDR 0.946 | M1_PDR 0.887 | H_m0 0.00 H_m1 0.07 | a-0.0002 c0.0348 ent0.0027 VRAM 28MB
Ep 4100 | M0_PDR 0.914 | M1_PDR 0.878 | H_m0 0.00 H_m1 0.08 | a-0.0000 c0.0440 ent0.0026 VRAM 28MB
Ep 4150 | M0_PDR 0.940 | M1_PDR 0.904 | H_m0 0.00 H_m1 0.07 | a-0.0001 c0.0293 ent0.0025 VRAM 28MB
Ep 4200 | M0_PDR 0.859 | M1_PDR 0.925 | H_m0 0.01 H_m1 0.05 | a-0.0004 c0.0581 ent0.0024 VRAM 28MB
Ep 4250 | M0_PDR 0.940 | M1_PDR 0.888 | H_m0 0.00 H_m1 0.08 | a-0.0002 c0.0318 ent0.0023 VRAM 28MB
Ep 4300 | M0_PDR 0.933 | M1_PDR 0.902 | H_m0 0.00 H_m1 0.07 | a-0.0001 c0.0353 ent0.0023 VRAM 28MB
Ep 4350 | M0_PDR 0.893 | M1_PDR 0.914 | H_m0 0.00 H_m1 0.06 | a-0.0000 c0.0476 ent0.0022 VRAM 28MB
Ep 4400 | M0_PDR 0.942 | M1_PDR 0.896 | H_m0 0.00 H_m1 0.05 | a-0.0000 c0.0343 ent0.0021 VRAM 28MB
Ep 4450 | M0_PDR 0.882 | M1_PDR 0.900 | H_m0 0.01 H_m1 0.08 | a-0.0001 c0.0520 ent0.0020 VRAM 28MB
Ep 4500 | M0_PDR 0.935 | M1_PDR 0.909 | H_m0 0.00 H_m1 0.04 | a-0.0000 c0.0341 ent0.0019 VRAM 28MB
Ep 4550 | M0_PDR 0.934 | M1_PDR 0.904 | H_m0 0.00 H_m1 0.03 | a-0.0000 c0.0298 ent0.0018 VRAM 28MB
Ep 4600 | M0_PDR 0.944 | M1_PDR 0.935 | H_m0 0.00 H_m1 0.03 | a-0.0000 c0.0340 ent0.0017 VRAM 28MB
Ep 4650 | M0_PDR 0.942 | M1_PDR 0.915 | H_m0 0.00 H_m1 0.03 | a-0.0000 c0.0308 ent0.0016 VRAM 28MB
Ep 4700 | M0_PDR 0.896 | M1_PDR 0.918 | H_m0 0.01 H_m1 0.05 | a-0.0001 c0.0449 ent0.0015 VRAM 28MB
Ep 4750 | M0_PDR 0.941 | M1_PDR 0.909 | H_m0 0.00 H_m1 0.04 | a-0.0000 c0.0322 ent0.0014 VRAM 28MB
Ep 4800 | M0_PDR 0.943 | M1_PDR 0.922 | H_m0 0.00 H_m1 0.05 | a-0.0001 c0.0319 ent0.0014 VRAM 28MB
Ep 4850 | M0_PDR 0.949 | M1_PDR 0.904 | H_m0 0.00 H_m1 0.04 | a-0.0001 c0.0310 ent0.0013 VRAM 28MB
Ep 4900 | M0_PDR 0.937 | M1_PDR 0.895 | H_m0 0.00 H_m1 0.05 | a-0.0000 c0.0326 ent0.0012 VRAM 28MB
Ep 4950 | M0_PDR 0.933 | M1_PDR 0.925 | H_m0 0.00 H_m1 0.06 | a-0.0001 c0.0335 ent0.0011 VRAM 28MB

Training complete. Running 100 eval episodes...

  Eval ep   0: M0_PDR=0.866  M1_PDR=0.915
  Eval ep  20: M0_PDR=0.943  M1_PDR=0.927
  Eval ep  40: M0_PDR=0.940  M1_PDR=0.912
  Eval ep  60: M0_PDR=0.931  M1_PDR=0.924
  Eval ep  80: M0_PDR=0.922  M1_PDR=0.905

=== Eval Summary (100 episodes) ===
  M0_PDR_mean         : 0.9365
  M0_PDR_p05 (across) : 0.8925
  M0_PDR_p05 (intra)  : 0.6668
  M1_PDR_mean         : 0.9113
  M0_SINR_mean (dB)   : 37.72
  M1_SINR_mean (dB)   : 32.43
  M0_collision_rate   : 0.327
  M0_collision_within_pool : 0.002
  M1_collision_within_pool : 0.026

Result saved -> results/_A_N6_seed3_5000ep_gaefix_g05_ent01_as.json
  N=6  rho=1.2  M0_PDR=0.936  M1_PDR=0.911
[NS3Bridge] Shutdown complete.
Run complete.
