[seed] all RNGs seeded with 1
GPU : NVIDIA GeForce RTX 3060
VRAM: 12.9 GB
Device          : cuda:0
Actor M0 params : 21,273
Actor M1 params : 21,273
Critic params   : 84,993
obs_dim=11  action_dim=25  gs_dim=71
M0 count: 3  M1 count: 3
Training for 10000 episodes (Config A_N6_seed1_10000ep, N=6)...

[NS3Bridge] Connected tcp://localhost:6726
Ep    0 | M0_PDR 0.579 | M1_PDR 0.568 | H_m0 3.21 H_m1 3.21 | a-0.1661 c34.3044 ent0.0500 VRAM 27MB
Ep   50 | M0_PDR 0.641 | M1_PDR 0.519 | H_m0 3.10 H_m1 3.17 | a-0.1581 c13.6063 ent0.0498 VRAM 27MB
Ep  100 | M0_PDR 0.636 | M1_PDR 0.524 | H_m0 3.08 H_m1 3.19 | a-0.1562 c10.6171 ent0.0495 VRAM 27MB
Ep  150 | M0_PDR 0.669 | M1_PDR 0.517 | H_m0 3.06 H_m1 3.18 | a-0.1550 c8.4620 ent0.0493 VRAM 27MB
Ep  200 | M0_PDR 0.668 | M1_PDR 0.514 | H_m0 3.07 H_m1 3.20 | a-0.1544 c6.0400 ent0.0490 VRAM 27MB
Ep  250 | M0_PDR 0.625 | M1_PDR 0.532 | H_m0 3.04 H_m1 3.19 | a-0.1532 c3.4794 ent0.0488 VRAM 27MB
Ep  300 | M0_PDR 0.642 | M1_PDR 0.513 | H_m0 2.87 H_m1 3.20 | a-0.1485 c6.0810 ent0.0485 VRAM 27MB
Ep  350 | M0_PDR 0.598 | M1_PDR 0.565 | H_m0 2.93 H_m1 3.18 | a-0.1484 c4.1853 ent0.0483 VRAM 27MB
Ep  400 | M0_PDR 0.635 | M1_PDR 0.551 | H_m0 2.86 H_m1 3.17 | a-0.1461 c3.2668 ent0.0480 VRAM 27MB
Ep  450 | M0_PDR 0.705 | M1_PDR 0.514 | H_m0 2.82 H_m1 3.19 | a-0.1447 c2.5460 ent0.0478 VRAM 27MB
Ep  500 | M0_PDR 0.642 | M1_PDR 0.499 | H_m0 2.70 H_m1 3.20 | a-0.1420 c3.1014 ent0.0475 VRAM 27MB
Ep  550 | M0_PDR 0.686 | M1_PDR 0.504 | H_m0 2.88 H_m1 3.20 | a-0.1448 c2.9125 ent0.0473 VRAM 27MB
Ep  600 | M0_PDR 0.700 | M1_PDR 0.499 | H_m0 2.74 H_m1 3.21 | a-0.1405 c2.4949 ent0.0471 VRAM 27MB
Ep  650 | M0_PDR 0.689 | M1_PDR 0.510 | H_m0 2.76 H_m1 3.21 | a-0.1404 c3.3930 ent0.0468 VRAM 27MB
Ep  700 | M0_PDR 0.676 | M1_PDR 0.484 | H_m0 2.74 H_m1 3.21 | a-0.1400 c3.5012 ent0.0466 VRAM 27MB
Ep  750 | M0_PDR 0.719 | M1_PDR 0.482 | H_m0 2.57 H_m1 3.21 | a-0.1355 c3.0058 ent0.0463 VRAM 27MB
Ep  800 | M0_PDR 0.650 | M1_PDR 0.468 | H_m0 2.71 H_m1 3.21 | a-0.1374 c2.9648 ent0.0461 VRAM 27MB
Ep  850 | M0_PDR 0.637 | M1_PDR 0.549 | H_m0 2.79 H_m1 3.19 | a-0.1380 c2.8149 ent0.0458 VRAM 27MB
Ep  900 | M0_PDR 0.660 | M1_PDR 0.510 | H_m0 2.69 H_m1 3.18 | a-0.1350 c3.2192 ent0.0456 VRAM 27MB
Ep  950 | M0_PDR 0.722 | M1_PDR 0.463 | H_m0 2.65 H_m1 3.20 | a-0.1331 c2.2225 ent0.0453 VRAM 27MB
Ep 1000 | M0_PDR 0.625 | M1_PDR 0.541 | H_m0 2.74 H_m1 3.20 | a-0.1346 c3.0171 ent0.0451 VRAM 27MB
Ep 1050 | M0_PDR 0.667 | M1_PDR 0.506 | H_m0 2.48 H_m1 3.18 | a-0.1282 c3.1361 ent0.0449 VRAM 27MB
Ep 1100 | M0_PDR 0.677 | M1_PDR 0.499 | H_m0 2.54 H_m1 3.19 | a-0.1295 c2.8457 ent0.0446 VRAM 27MB
Ep 1150 | M0_PDR 0.647 | M1_PDR 0.522 | H_m0 2.82 H_m1 3.16 | a-0.1332 c2.3272 ent0.0444 VRAM 27MB
Ep 1200 | M0_PDR 0.674 | M1_PDR 0.502 | H_m0 2.58 H_m1 3.19 | a-0.1282 c2.1235 ent0.0441 VRAM 27MB
Ep 1250 | M0_PDR 0.653 | M1_PDR 0.528 | H_m0 2.67 H_m1 3.18 | a-0.1295 c2.8944 ent0.0439 VRAM 27MB
Ep 1300 | M0_PDR 0.653 | M1_PDR 0.518 | H_m0 2.77 H_m1 3.15 | a-0.1301 c2.6600 ent0.0436 VRAM 27MB
Ep 1350 | M0_PDR 0.682 | M1_PDR 0.522 | H_m0 2.68 H_m1 3.19 | a-0.1283 c2.0792 ent0.0434 VRAM 27MB
Ep 1400 | M0_PDR 0.719 | M1_PDR 0.475 | H_m0 2.62 H_m1 3.20 | a-0.1258 c2.7702 ent0.0431 VRAM 27MB
Ep 1450 | M0_PDR 0.696 | M1_PDR 0.469 | H_m0 2.52 H_m1 3.21 | a-0.1228 c2.7358 ent0.0429 VRAM 27MB
Ep 1500 | M0_PDR 0.651 | M1_PDR 0.497 | H_m0 2.69 H_m1 3.20 | a-0.1263 c2.3066 ent0.0426 VRAM 27MB
Ep 1550 | M0_PDR 0.666 | M1_PDR 0.480 | H_m0 2.57 H_m1 3.20 | a-0.1231 c2.5963 ent0.0424 VRAM 27MB
Ep 1600 | M0_PDR 0.689 | M1_PDR 0.485 | H_m0 2.55 H_m1 3.19 | a-0.1216 c2.2602 ent0.0422 VRAM 27MB
Ep 1650 | M0_PDR 0.671 | M1_PDR 0.502 | H_m0 2.69 H_m1 3.19 | a-0.1239 c2.3590 ent0.0419 VRAM 27MB
Ep 1700 | M0_PDR 0.682 | M1_PDR 0.523 | H_m0 2.59 H_m1 3.20 | a-0.1214 c2.5792 ent0.0417 VRAM 27MB
Ep 1750 | M0_PDR 0.676 | M1_PDR 0.520 | H_m0 2.51 H_m1 3.20 | a-0.1200 c2.8503 ent0.0414 VRAM 27MB
Ep 1800 | M0_PDR 0.680 | M1_PDR 0.472 | H_m0 2.64 H_m1 3.21 | a-0.1210 c2.8722 ent0.0412 VRAM 27MB
Ep 1850 | M0_PDR 0.660 | M1_PDR 0.489 | H_m0 2.68 H_m1 3.18 | a-0.1213 c1.9528 ent0.0409 VRAM 27MB
Ep 1900 | M0_PDR 0.689 | M1_PDR 0.473 | H_m0 2.48 H_m1 3.15 | a-0.1149 c2.2903 ent0.0407 VRAM 27MB
Ep 1950 | M0_PDR 0.685 | M1_PDR 0.544 | H_m0 2.53 H_m1 3.19 | a-0.1175 c2.7158 ent0.0404 VRAM 27MB
Ep 2000 | M0_PDR 0.684 | M1_PDR 0.478 | H_m0 2.63 H_m1 3.20 | a-0.1181 c3.2423 ent0.0402 VRAM 27MB
Ep 2050 | M0_PDR 0.686 | M1_PDR 0.497 | H_m0 2.64 H_m1 3.21 | a-0.1172 c2.7601 ent0.0400 VRAM 27MB
Ep 2100 | M0_PDR 0.694 | M1_PDR 0.521 | H_m0 2.62 H_m1 3.20 | a-0.1161 c2.1458 ent0.0397 VRAM 27MB
Ep 2150 | M0_PDR 0.659 | M1_PDR 0.472 | H_m0 2.62 H_m1 3.19 | a-0.1148 c1.9535 ent0.0395 VRAM 27MB
Ep 2200 | M0_PDR 0.685 | M1_PDR 0.524 | H_m0 2.64 H_m1 3.19 | a-0.1151 c2.0161 ent0.0392 VRAM 27MB
Ep 2250 | M0_PDR 0.655 | M1_PDR 0.481 | H_m0 2.51 H_m1 3.19 | a-0.1121 c2.4962 ent0.0390 VRAM 27MB
Ep 2300 | M0_PDR 0.703 | M1_PDR 0.470 | H_m0 2.56 H_m1 3.15 | a-0.1114 c2.6878 ent0.0387 VRAM 27MB
Ep 2350 | M0_PDR 0.678 | M1_PDR 0.504 | H_m0 2.57 H_m1 3.19 | a-0.1114 c2.7345 ent0.0385 VRAM 27MB
Ep 2400 | M0_PDR 0.666 | M1_PDR 0.509 | H_m0 2.61 H_m1 3.17 | a-0.1116 c3.2302 ent0.0382 VRAM 27MB
Ep 2450 | M0_PDR 0.654 | M1_PDR 0.568 | H_m0 2.51 H_m1 3.17 | a-0.1088 c2.1574 ent0.0380 VRAM 27MB
Ep 2500 | M0_PDR 0.690 | M1_PDR 0.478 | H_m0 2.53 H_m1 3.17 | a-0.1078 c2.0738 ent0.0377 VRAM 27MB
Ep 2550 | M0_PDR 0.649 | M1_PDR 0.484 | H_m0 2.55 H_m1 3.19 | a-0.1085 c2.8950 ent0.0375 VRAM 27MB
Ep 2600 | M0_PDR 0.644 | M1_PDR 0.495 | H_m0 2.60 H_m1 3.19 | a-0.1101 c2.5736 ent0.0373 VRAM 27MB
Ep 2650 | M0_PDR 0.695 | M1_PDR 0.522 | H_m0 2.47 H_m1 3.18 | a-0.1051 c2.1175 ent0.0370 VRAM 27MB
Ep 2700 | M0_PDR 0.678 | M1_PDR 0.505 | H_m0 2.46 H_m1 3.17 | a-0.1040 c1.9683 ent0.0368 VRAM 27MB
Ep 2750 | M0_PDR 0.684 | M1_PDR 0.491 | H_m0 2.51 H_m1 3.18 | a-0.1046 c2.6334 ent0.0365 VRAM 27MB
Ep 2800 | M0_PDR 0.695 | M1_PDR 0.520 | H_m0 2.45 H_m1 3.18 | a-0.1025 c2.5698 ent0.0363 VRAM 27MB
Ep 2850 | M0_PDR 0.661 | M1_PDR 0.480 | H_m0 2.37 H_m1 3.18 | a-0.1003 c2.8324 ent0.0360 VRAM 27MB
Ep 2900 | M0_PDR 0.693 | M1_PDR 0.502 | H_m0 2.32 H_m1 3.17 | a-0.0987 c1.8813 ent0.0358 VRAM 27MB
Ep 2950 | M0_PDR 0.688 | M1_PDR 0.513 | H_m0 2.51 H_m1 3.17 | a-0.1015 c1.9853 ent0.0355 VRAM 27MB
Ep 3000 | M0_PDR 0.693 | M1_PDR 0.506 | H_m0 2.32 H_m1 3.16 | a-0.0972 c2.2551 ent0.0353 VRAM 27MB
Ep 3050 | M0_PDR 0.669 | M1_PDR 0.526 | H_m0 2.39 H_m1 3.13 | a-0.0981 c2.1355 ent0.0351 VRAM 27MB
Ep 3100 | M0_PDR 0.679 | M1_PDR 0.510 | H_m0 2.61 H_m1 3.18 | a-0.1009 c1.9772 ent0.0348 VRAM 27MB
Ep 3150 | M0_PDR 0.678 | M1_PDR 0.521 | H_m0 2.57 H_m1 3.14 | a-0.0993 c2.3720 ent0.0346 VRAM 27MB
Ep 3200 | M0_PDR 0.626 | M1_PDR 0.534 | H_m0 2.40 H_m1 3.12 | a-0.0955 c2.5302 ent0.0343 VRAM 27MB
Ep 3250 | M0_PDR 0.698 | M1_PDR 0.521 | H_m0 2.36 H_m1 3.18 | a-0.0953 c2.4031 ent0.0341 VRAM 27MB
Ep 3300 | M0_PDR 0.684 | M1_PDR 0.497 | H_m0 2.38 H_m1 3.17 | a-0.0944 c3.3268 ent0.0338 VRAM 27MB
Ep 3350 | M0_PDR 0.706 | M1_PDR 0.454 | H_m0 2.21 H_m1 3.18 | a-0.0916 c2.3772 ent0.0336 VRAM 27MB
Ep 3400 | M0_PDR 0.682 | M1_PDR 0.500 | H_m0 2.47 H_m1 3.19 | a-0.0949 c2.9735 ent0.0333 VRAM 27MB
Ep 3450 | M0_PDR 0.668 | M1_PDR 0.564 | H_m0 2.42 H_m1 3.17 | a-0.0932 c2.7018 ent0.0331 VRAM 27MB
Ep 3500 | M0_PDR 0.705 | M1_PDR 0.491 | H_m0 2.54 H_m1 3.15 | a-0.0939 c2.2379 ent0.0328 VRAM 27MB
Ep 3550 | M0_PDR 0.687 | M1_PDR 0.519 | H_m0 2.44 H_m1 3.13 | a-0.0911 c2.4584 ent0.0326 VRAM 27MB
Error: tcpip::Socket::accept() Unable to create listening socket: Address already in use
Quitting (on error).
Ep 3600 | M0_PDR 0.662 | M1_PDR 0.514 | H_m0 2.44 H_m1 3.17 | a-0.0916 c2.4231 ent0.0324 VRAM 27MB
Ep 3650 | M0_PDR 0.716 | M1_PDR 0.468 | H_m0 2.28 H_m1 3.17 | a-0.0884 c2.8264 ent0.0321 VRAM 27MB
Ep 3700 | M0_PDR 0.693 | M1_PDR 0.472 | H_m0 2.32 H_m1 3.18 | a-0.0882 c2.7210 ent0.0319 VRAM 27MB
Ep 3750 | M0_PDR 0.691 | M1_PDR 0.478 | H_m0 2.36 H_m1 3.18 | a-0.0882 c2.5319 ent0.0316 VRAM 27MB
Ep 3800 | M0_PDR 0.706 | M1_PDR 0.506 | H_m0 2.36 H_m1 3.16 | a-0.0870 c1.9879 ent0.0314 VRAM 27MB
Ep 3850 | M0_PDR 0.693 | M1_PDR 0.483 | H_m0 2.34 H_m1 3.15 | a-0.0866 c2.4217 ent0.0311 VRAM 27MB
Ep 3900 | M0_PDR 0.702 | M1_PDR 0.477 | H_m0 2.28 H_m1 3.15 | a-0.0844 c2.2957 ent0.0309 VRAM 27MB
Ep 3950 | M0_PDR 0.707 | M1_PDR 0.483 | H_m0 2.31 H_m1 3.16 | a-0.0840 c2.1515 ent0.0306 VRAM 27MB
Ep 4000 | M0_PDR 0.673 | M1_PDR 0.504 | H_m0 2.29 H_m1 3.16 | a-0.0835 c2.8206 ent0.0304 VRAM 27MB
Ep 4050 | M0_PDR 0.648 | M1_PDR 0.507 | H_m0 2.46 H_m1 3.16 | a-0.0852 c2.1933 ent0.0302 VRAM 27MB
Ep 4100 | M0_PDR 0.707 | M1_PDR 0.497 | H_m0 2.35 H_m1 3.16 | a-0.0829 c2.0538 ent0.0299 VRAM 27MB
Ep 4150 | M0_PDR 0.698 | M1_PDR 0.482 | H_m0 2.28 H_m1 3.17 | a-0.0817 c2.4592 ent0.0297 VRAM 27MB
Ep 4200 | M0_PDR 0.684 | M1_PDR 0.481 | H_m0 2.19 H_m1 3.17 | a-0.0791 c2.1133 ent0.0294 VRAM 27MB
Ep 4250 | M0_PDR 0.667 | M1_PDR 0.491 | H_m0 2.27 H_m1 3.17 | a-0.0798 c2.9076 ent0.0292 VRAM 27MB
Ep 4300 | M0_PDR 0.686 | M1_PDR 0.497 | H_m0 2.43 H_m1 3.12 | a-0.0805 c2.7297 ent0.0289 VRAM 27MB
Ep 4350 | M0_PDR 0.660 | M1_PDR 0.519 | H_m0 2.51 H_m1 3.16 | a-0.0820 c2.3594 ent0.0287 VRAM 27MB
Ep 4400 | M0_PDR 0.683 | M1_PDR 0.493 | H_m0 2.42 H_m1 3.17 | a-0.0795 c2.6439 ent0.0284 VRAM 27MB
Ep 4450 | M0_PDR 0.679 | M1_PDR 0.487 | H_m0 2.37 H_m1 3.17 | a-0.0783 c2.2151 ent0.0282 VRAM 27MB
Ep 4500 | M0_PDR 0.689 | M1_PDR 0.466 | H_m0 2.38 H_m1 3.18 | a-0.0780 c2.1785 ent0.0279 VRAM 27MB
Ep 4550 | M0_PDR 0.682 | M1_PDR 0.516 | H_m0 2.45 H_m1 3.16 | a-0.0786 c2.6027 ent0.0277 VRAM 27MB
Ep 4600 | M0_PDR 0.653 | M1_PDR 0.507 | H_m0 2.30 H_m1 3.16 | a-0.0752 c2.2793 ent0.0275 VRAM 27MB
Ep 4650 | M0_PDR 0.712 | M1_PDR 0.525 | H_m0 2.25 H_m1 3.17 | a-0.0742 c2.4577 ent0.0272 VRAM 27MB
Ep 4700 | M0_PDR 0.678 | M1_PDR 0.515 | H_m0 2.27 H_m1 3.17 | a-0.0745 c2.3827 ent0.0270 VRAM 27MB
Ep 4750 | M0_PDR 0.697 | M1_PDR 0.453 | H_m0 2.31 H_m1 3.18 | a-0.0738 c1.9981 ent0.0267 VRAM 27MB
Ep 4800 | M0_PDR 0.700 | M1_PDR 0.473 | H_m0 2.20 H_m1 3.18 | a-0.0719 c3.4916 ent0.0265 VRAM 27MB
Ep 4850 | M0_PDR 0.689 | M1_PDR 0.460 | H_m0 2.21 H_m1 3.19 | a-0.0713 c2.5907 ent0.0262 VRAM 27MB
Ep 4900 | M0_PDR 0.679 | M1_PDR 0.461 | H_m0 2.12 H_m1 3.20 | a-0.0697 c2.3594 ent0.0260 VRAM 27MB
Ep 4950 | M0_PDR 0.693 | M1_PDR 0.444 | H_m0 2.14 H_m1 3.19 | a-0.0695 c2.7648 ent0.0257 VRAM 27MB
Ep 5000 | M0_PDR 0.636 | M1_PDR 0.483 | H_m0 2.02 H_m1 3.18 | a-0.0665 c3.1020 ent0.0255 VRAM 27MB
Ep 5050 | M0_PDR 0.695 | M1_PDR 0.521 | H_m0 2.11 H_m1 3.18 | a-0.0673 c2.0129 ent0.0253 VRAM 27MB
Ep 5100 | M0_PDR 0.683 | M1_PDR 0.484 | H_m0 2.11 H_m1 3.14 | a-0.0657 c2.8120 ent0.0250 VRAM 27MB
Ep 5150 | M0_PDR 0.691 | M1_PDR 0.486 | H_m0 2.07 H_m1 3.13 | a-0.0652 c2.6660 ent0.0248 VRAM 27MB
Ep 5200 | M0_PDR 0.705 | M1_PDR 0.497 | H_m0 2.14 H_m1 3.11 | a-0.0649 c2.5920 ent0.0245 VRAM 27MB
Ep 5250 | M0_PDR 0.678 | M1_PDR 0.470 | H_m0 2.13 H_m1 3.16 | a-0.0646 c2.8164 ent0.0243 VRAM 27MB
Ep 5300 | M0_PDR 0.716 | M1_PDR 0.487 | H_m0 2.23 H_m1 3.16 | a-0.0652 c2.5607 ent0.0240 VRAM 27MB
Ep 5350 | M0_PDR 0.683 | M1_PDR 0.488 | H_m0 2.08 H_m1 3.16 | a-0.0624 c1.7119 ent0.0238 VRAM 27MB
Ep 5400 | M0_PDR 0.766 | M1_PDR 0.465 | H_m0 2.04 H_m1 3.14 | a-0.0612 c2.7738 ent0.0235 VRAM 27MB
Ep 5450 | M0_PDR 0.722 | M1_PDR 0.465 | H_m0 2.06 H_m1 3.14 | a-0.0609 c2.4869 ent0.0233 VRAM 27MB
Ep 5500 | M0_PDR 0.647 | M1_PDR 0.522 | H_m0 2.14 H_m1 3.15 | a-0.0611 c2.4559 ent0.0230 VRAM 27MB
Ep 5550 | M0_PDR 0.715 | M1_PDR 0.501 | H_m0 2.17 H_m1 3.14 | a-0.0607 c2.3094 ent0.0228 VRAM 27MB
Ep 5600 | M0_PDR 0.716 | M1_PDR 0.455 | H_m0 2.12 H_m1 3.14 | a-0.0596 c2.4815 ent0.0226 VRAM 27MB
Ep 5650 | M0_PDR 0.734 | M1_PDR 0.503 | H_m0 2.10 H_m1 3.12 | a-0.0586 c2.1890 ent0.0223 VRAM 27MB
Ep 5700 | M0_PDR 0.663 | M1_PDR 0.541 | H_m0 2.20 H_m1 3.05 | a-0.0584 c2.5236 ent0.0221 VRAM 27MB
Ep 5750 | M0_PDR 0.694 | M1_PDR 0.540 | H_m0 2.13 H_m1 3.07 | a-0.0569 c1.8234 ent0.0218 VRAM 27MB
Ep 5800 | M0_PDR 0.664 | M1_PDR 0.503 | H_m0 2.07 H_m1 3.07 | a-0.0557 c2.8904 ent0.0216 VRAM 27MB
Ep 5850 | M0_PDR 0.703 | M1_PDR 0.529 | H_m0 1.99 H_m1 3.13 | a-0.0546 c2.0912 ent0.0213 VRAM 27MB
Ep 5900 | M0_PDR 0.696 | M1_PDR 0.507 | H_m0 2.08 H_m1 3.12 | a-0.0553 c1.8859 ent0.0211 VRAM 27MB
Ep 5950 | M0_PDR 0.689 | M1_PDR 0.492 | H_m0 1.93 H_m1 3.10 | a-0.0527 c2.3342 ent0.0208 VRAM 27MB
Ep 6000 | M0_PDR 0.694 | M1_PDR 0.503 | H_m0 1.97 H_m1 3.11 | a-0.0528 c1.7564 ent0.0206 VRAM 27MB
Ep 6050 | M0_PDR 0.699 | M1_PDR 0.491 | H_m0 1.92 H_m1 3.11 | a-0.0516 c2.0966 ent0.0204 VRAM 27MB
Ep 6100 | M0_PDR 0.666 | M1_PDR 0.491 | H_m0 1.99 H_m1 3.11 | a-0.0514 c1.7651 ent0.0201 VRAM 27MB
Ep 6150 | M0_PDR 0.668 | M1_PDR 0.497 | H_m0 1.92 H_m1 3.13 | a-0.0506 c2.8935 ent0.0199 VRAM 27MB
Ep 6200 | M0_PDR 0.700 | M1_PDR 0.526 | H_m0 1.95 H_m1 3.11 | a-0.0502 c2.3026 ent0.0196 VRAM 27MB
Ep 6250 | M0_PDR 0.715 | M1_PDR 0.499 | H_m0 1.92 H_m1 3.09 | a-0.0487 c2.4523 ent0.0194 VRAM 27MB
Ep 6300 | M0_PDR 0.634 | M1_PDR 0.530 | H_m0 1.94 H_m1 3.07 | a-0.0478 c3.4403 ent0.0191 VRAM 27MB
Ep 6350 | M0_PDR 0.662 | M1_PDR 0.515 | H_m0 1.97 H_m1 3.06 | a-0.0479 c3.0625 ent0.0189 VRAM 27MB
Ep 6400 | M0_PDR 0.674 | M1_PDR 0.513 | H_m0 1.95 H_m1 2.98 | a-0.0464 c2.6309 ent0.0186 VRAM 27MB
Ep 6450 | M0_PDR 0.662 | M1_PDR 0.555 | H_m0 1.98 H_m1 2.98 | a-0.0459 c2.8199 ent0.0184 VRAM 27MB
Ep 6500 | M0_PDR 0.677 | M1_PDR 0.542 | H_m0 1.94 H_m1 3.04 | a-0.0454 c2.0728 ent0.0181 VRAM 27MB
Ep 6550 | M0_PDR 0.706 | M1_PDR 0.508 | H_m0 1.86 H_m1 3.05 | a-0.0442 c2.2303 ent0.0179 VRAM 27MB
Ep 6600 | M0_PDR 0.632 | M1_PDR 0.513 | H_m0 1.94 H_m1 3.08 | a-0.0446 c2.9086 ent0.0177 VRAM 27MB
Ep 6650 | M0_PDR 0.716 | M1_PDR 0.474 | H_m0 1.94 H_m1 3.08 | a-0.0441 c2.4544 ent0.0174 VRAM 27MB
Ep 6700 | M0_PDR 0.692 | M1_PDR 0.469 | H_m0 1.90 H_m1 3.07 | a-0.0430 c2.6471 ent0.0172 VRAM 27MB
Ep 6750 | M0_PDR 0.707 | M1_PDR 0.473 | H_m0 1.92 H_m1 3.05 | a-0.0422 c1.8673 ent0.0169 VRAM 27MB
Error: tcpip::Socket::accept() Unable to create listening socket: Address already in use
Quitting (on error).
Ep 6800 | M0_PDR 0.712 | M1_PDR 0.480 | H_m0 1.92 H_m1 3.03 | a-0.0416 c1.9475 ent0.0167 VRAM 27MB
Ep 6850 | M0_PDR 0.676 | M1_PDR 0.498 | H_m0 1.88 H_m1 3.02 | a-0.0402 c3.6646 ent0.0164 VRAM 27MB
Ep 6900 | M0_PDR 0.700 | M1_PDR 0.507 | H_m0 1.90 H_m1 3.05 | a-0.0402 c1.8820 ent0.0162 VRAM 27MB
Ep 6950 | M0_PDR 0.685 | M1_PDR 0.537 | H_m0 1.90 H_m1 3.03 | a-0.0394 c2.0750 ent0.0159 VRAM 27MB
Ep 7000 | M0_PDR 0.736 | M1_PDR 0.473 | H_m0 1.87 H_m1 3.04 | a-0.0387 c2.2453 ent0.0157 VRAM 27MB
Ep 7050 | M0_PDR 0.690 | M1_PDR 0.516 | H_m0 1.86 H_m1 3.04 | a-0.0380 c2.1316 ent0.0155 VRAM 27MB
Ep 7100 | M0_PDR 0.714 | M1_PDR 0.488 | H_m0 1.82 H_m1 3.05 | a-0.0370 c2.9245 ent0.0152 VRAM 27MB
Ep 7150 | M0_PDR 0.690 | M1_PDR 0.471 | H_m0 1.84 H_m1 3.04 | a-0.0369 c2.1549 ent0.0150 VRAM 27MB
Ep 7200 | M0_PDR 0.724 | M1_PDR 0.496 | H_m0 1.83 H_m1 3.09 | a-0.0367 c2.3318 ent0.0147 VRAM 27MB
Ep 7250 | M0_PDR 0.702 | M1_PDR 0.504 | H_m0 1.80 H_m1 3.10 | a-0.0357 c2.6900 ent0.0145 VRAM 27MB
Ep 7300 | M0_PDR 0.698 | M1_PDR 0.526 | H_m0 1.81 H_m1 3.13 | a-0.0352 c1.9821 ent0.0142 VRAM 27MB
Ep 7350 | M0_PDR 0.680 | M1_PDR 0.474 | H_m0 1.78 H_m1 3.12 | a-0.0343 c2.8655 ent0.0140 VRAM 27MB
Ep 7400 | M0_PDR 0.735 | M1_PDR 0.469 | H_m0 1.75 H_m1 3.12 | a-0.0340 c2.6370 ent0.0137 VRAM 27MB
Ep 7450 | M0_PDR 0.738 | M1_PDR 0.451 | H_m0 1.78 H_m1 3.12 | a-0.0334 c2.1648 ent0.0135 VRAM 27MB
Ep 7500 | M0_PDR 0.680 | M1_PDR 0.512 | H_m0 1.79 H_m1 3.13 | a-0.0328 c2.7417 ent0.0132 VRAM 27MB
Ep 7550 | M0_PDR 0.715 | M1_PDR 0.468 | H_m0 1.82 H_m1 3.11 | a-0.0321 c2.4671 ent0.0130 VRAM 27MB
Ep 7600 | M0_PDR 0.687 | M1_PDR 0.502 | H_m0 1.81 H_m1 3.09 | a-0.0313 c2.7975 ent0.0128 VRAM 27MB
Ep 7650 | M0_PDR 0.690 | M1_PDR 0.520 | H_m0 1.80 H_m1 3.08 | a-0.0307 c2.7170 ent0.0125 VRAM 27MB
Ep 7700 | M0_PDR 0.667 | M1_PDR 0.501 | H_m0 1.79 H_m1 3.09 | a-0.0299 c2.8398 ent0.0123 VRAM 27MB
Ep 7750 | M0_PDR 0.672 | M1_PDR 0.502 | H_m0 1.78 H_m1 3.10 | a-0.0294 c2.2577 ent0.0120 VRAM 27MB
Ep 7800 | M0_PDR 0.719 | M1_PDR 0.460 | H_m0 1.76 H_m1 3.10 | a-0.0287 c2.7877 ent0.0118 VRAM 27MB
Ep 7850 | M0_PDR 0.699 | M1_PDR 0.515 | H_m0 1.78 H_m1 3.09 | a-0.0282 c2.4415 ent0.0115 VRAM 27MB
Ep 7900 | M0_PDR 0.665 | M1_PDR 0.501 | H_m0 1.79 H_m1 3.09 | a-0.0277 c2.7779 ent0.0113 VRAM 27MB
Ep 7950 | M0_PDR 0.687 | M1_PDR 0.510 | H_m0 1.79 H_m1 3.09 | a-0.0271 c1.7605 ent0.0110 VRAM 27MB
Ep 8000 | M0_PDR 0.668 | M1_PDR 0.478 | H_m0 1.80 H_m1 3.10 | a-0.0265 c2.5519 ent0.0108 VRAM 27MB
Ep 8050 | M0_PDR 0.690 | M1_PDR 0.496 | H_m0 1.80 H_m1 3.09 | a-0.0259 c2.3391 ent0.0106 VRAM 27MB
Ep 8100 | M0_PDR 0.718 | M1_PDR 0.496 | H_m0 1.79 H_m1 3.08 | a-0.0252 c1.8794 ent0.0103 VRAM 27MB
Ep 8150 | M0_PDR 0.701 | M1_PDR 0.531 | H_m0 1.80 H_m1 3.08 | a-0.0246 c2.3271 ent0.0101 VRAM 27MB
Ep 8200 | M0_PDR 0.655 | M1_PDR 0.484 | H_m0 1.79 H_m1 3.06 | a-0.0240 c2.3803 ent0.0098 VRAM 27MB
Ep 8250 | M0_PDR 0.672 | M1_PDR 0.477 | H_m0 1.78 H_m1 3.06 | a-0.0232 c2.7303 ent0.0096 VRAM 27MB
Ep 8300 | M0_PDR 0.717 | M1_PDR 0.524 | H_m0 1.76 H_m1 3.06 | a-0.0225 c2.3783 ent0.0093 VRAM 27MB
Ep 8350 | M0_PDR 0.710 | M1_PDR 0.495 | H_m0 1.77 H_m1 3.05 | a-0.0221 c2.3646 ent0.0091 VRAM 27MB
Ep 8400 | M0_PDR 0.668 | M1_PDR 0.513 | H_m0 1.77 H_m1 3.05 | a-0.0215 c2.7459 ent0.0088 VRAM 27MB
Ep 8450 | M0_PDR 0.693 | M1_PDR 0.515 | H_m0 1.75 H_m1 3.03 | a-0.0206 c2.1860 ent0.0086 VRAM 27MB
Ep 8500 | M0_PDR 0.683 | M1_PDR 0.484 | H_m0 1.74 H_m1 3.01 | a-0.0199 c3.1622 ent0.0083 VRAM 27MB
Ep 8550 | M0_PDR 0.683 | M1_PDR 0.539 | H_m0 1.73 H_m1 3.04 | a-0.0194 c1.8836 ent0.0081 VRAM 27MB
Ep 8600 | M0_PDR 0.702 | M1_PDR 0.541 | H_m0 1.73 H_m1 3.00 | a-0.0186 c1.9914 ent0.0079 VRAM 27MB
Ep 8650 | M0_PDR 0.713 | M1_PDR 0.497 | H_m0 1.71 H_m1 2.96 | a-0.0178 c2.5060 ent0.0076 VRAM 27MB
Ep 8700 | M0_PDR 0.693 | M1_PDR 0.513 | H_m0 1.72 H_m1 2.95 | a-0.0174 c2.1426 ent0.0074 VRAM 27MB
Ep 8750 | M0_PDR 0.711 | M1_PDR 0.515 | H_m0 1.71 H_m1 2.96 | a-0.0167 c3.0559 ent0.0071 VRAM 27MB
Ep 8800 | M0_PDR 0.657 | M1_PDR 0.493 | H_m0 1.71 H_m1 2.97 | a-0.0161 c3.4259 ent0.0069 VRAM 27MB
Ep 8850 | M0_PDR 0.685 | M1_PDR 0.500 | H_m0 1.72 H_m1 2.96 | a-0.0155 c1.8231 ent0.0066 VRAM 27MB
Ep 8900 | M0_PDR 0.678 | M1_PDR 0.494 | H_m0 1.70 H_m1 2.95 | a-0.0149 c3.1331 ent0.0064 VRAM 27MB
Ep 8950 | M0_PDR 0.673 | M1_PDR 0.535 | H_m0 1.72 H_m1 2.93 | a-0.0144 c2.7265 ent0.0061 VRAM 27MB
Ep 9000 | M0_PDR 0.655 | M1_PDR 0.504 | H_m0 1.70 H_m1 2.91 | a-0.0137 c2.7750 ent0.0059 VRAM 27MB
Ep 9050 | M0_PDR 0.700 | M1_PDR 0.541 | H_m0 1.70 H_m1 2.92 | a-0.0131 c2.2869 ent0.0057 VRAM 27MB
Ep 9100 | M0_PDR 0.661 | M1_PDR 0.522 | H_m0 1.71 H_m1 2.91 | a-0.0126 c2.8515 ent0.0054 VRAM 27MB
Ep 9150 | M0_PDR 0.664 | M1_PDR 0.533 | H_m0 1.71 H_m1 2.92 | a-0.0120 c2.2863 ent0.0052 VRAM 27MB
Ep 9200 | M0_PDR 0.679 | M1_PDR 0.543 | H_m0 1.70 H_m1 2.89 | a-0.0113 c3.2427 ent0.0049 VRAM 27MB
Ep 9250 | M0_PDR 0.642 | M1_PDR 0.501 | H_m0 1.70 H_m1 2.89 | a-0.0108 c3.3046 ent0.0047 VRAM 27MB
Ep 9300 | M0_PDR 0.675 | M1_PDR 0.516 | H_m0 1.69 H_m1 2.89 | a-0.0102 c2.2741 ent0.0044 VRAM 27MB
Ep 9350 | M0_PDR 0.656 | M1_PDR 0.530 | H_m0 1.70 H_m1 2.86 | a-0.0096 c2.6754 ent0.0042 VRAM 27MB
Ep 9400 | M0_PDR 0.640 | M1_PDR 0.521 | H_m0 1.69 H_m1 2.88 | a-0.0090 c2.7639 ent0.0039 VRAM 27MB
Ep 9450 | M0_PDR 0.684 | M1_PDR 0.518 | H_m0 1.69 H_m1 2.86 | a-0.0084 c2.9791 ent0.0037 VRAM 27MB
Ep 9500 | M0_PDR 0.670 | M1_PDR 0.508 | H_m0 1.70 H_m1 2.86 | a-0.0079 c1.9428 ent0.0034 VRAM 27MB
Ep 9550 | M0_PDR 0.644 | M1_PDR 0.546 | H_m0 1.70 H_m1 2.87 | a-0.0073 c2.9315 ent0.0032 VRAM 27MB
Ep 9600 | M0_PDR 0.670 | M1_PDR 0.487 | H_m0 1.69 H_m1 2.86 | a-0.0068 c2.0264 ent0.0030 VRAM 27MB
Ep 9650 | M0_PDR 0.692 | M1_PDR 0.532 | H_m0 1.68 H_m1 2.84 | a-0.0061 c2.1729 ent0.0027 VRAM 27MB
Ep 9700 | M0_PDR 0.664 | M1_PDR 0.500 | H_m0 1.68 H_m1 2.83 | a-0.0056 c2.6526 ent0.0025 VRAM 27MB
Ep 9750 | M0_PDR 0.662 | M1_PDR 0.524 | H_m0 1.68 H_m1 2.83 | a-0.0050 c2.6469 ent0.0022 VRAM 27MB
Ep 9800 | M0_PDR 0.718 | M1_PDR 0.490 | H_m0 1.67 H_m1 2.82 | a-0.0044 c2.0858 ent0.0020 VRAM 27MB
Ep 9850 | M0_PDR 0.717 | M1_PDR 0.494 | H_m0 1.67 H_m1 2.81 | a-0.0039 c2.7084 ent0.0017 VRAM 27MB
Ep 9900 | M0_PDR 0.690 | M1_PDR 0.515 | H_m0 1.68 H_m1 2.79 | a-0.0034 c2.0318 ent0.0015 VRAM 27MB
Ep 9950 | M0_PDR 0.696 | M1_PDR 0.536 | H_m0 1.68 H_m1 2.81 | a-0.0028 c2.1867 ent0.0012 VRAM 27MB

Training complete. Running 100 eval episodes...

  Eval ep   0: M0_PDR=0.719  M1_PDR=0.496
  Eval ep  20: M0_PDR=0.701  M1_PDR=0.546
  Eval ep  40: M0_PDR=0.718  M1_PDR=0.553
  Eval ep  60: M0_PDR=0.703  M1_PDR=0.537
  Eval ep  80: M0_PDR=0.697  M1_PDR=0.563

=== Eval Summary (100 episodes) ===
  M0_PDR_mean         : 0.6864
  M0_PDR_p05 (across) : 0.6464
  M0_PDR_p05 (intra)  : 0.0788
  M1_PDR_mean         : 0.5230
  M0_SINR_mean (dB)   : 13.51
  M1_SINR_mean (dB)   : 3.37
  M0_collision_rate   : 0.671
  M0_collision_within_pool : 0.359
  M1_collision_within_pool : 0.365

Result saved -> results/_A_N6_seed1_10000ep.json
  N=6  rho=1.2  M0_PDR=0.686  M1_PDR=0.523
[NS3Bridge] Shutdown complete.
Run complete.
