[seed] all RNGs seeded with 3
GPU : NVIDIA GeForce RTX 3060
VRAM: 12.9 GB
Device          : cuda:0
Actor M0 params : 21,273
Actor M1 params : 21,273
Critic params   : 84,993
obs_dim=11  action_dim=25  gs_dim=71
M0 count: 3  M1 count: 3
Training for 5000 episodes (Config A_N6_seed3_5000ep, N=6)...

[NS3Bridge] Connected tcp://localhost:6716
Ep    0 | M0_PDR 0.584 | M1_PDR 0.564 | H_m0 3.22 H_m1 3.22 | a-0.1656 c35.1021 ent0.0500 VRAM 27MB
Ep   50 | M0_PDR 0.591 | M1_PDR 0.527 | H_m0 3.17 H_m1 3.19 | a-0.1589 c15.8661 ent0.0495 VRAM 27MB
Ep  100 | M0_PDR 0.572 | M1_PDR 0.557 | H_m0 3.11 H_m1 3.21 | a-0.1568 c9.8942 ent0.0490 VRAM 27MB
Ep  150 | M0_PDR 0.669 | M1_PDR 0.513 | H_m0 3.05 H_m1 3.19 | a-0.1528 c6.9649 ent0.0485 VRAM 27MB
Ep  200 | M0_PDR 0.663 | M1_PDR 0.523 | H_m0 2.89 H_m1 3.19 | a-0.1475 c8.2875 ent0.0480 VRAM 27MB
Ep  250 | M0_PDR 0.652 | M1_PDR 0.509 | H_m0 2.93 H_m1 3.21 | a-0.1466 c7.1840 ent0.0475 VRAM 27MB
Ep  300 | M0_PDR 0.675 | M1_PDR 0.513 | H_m0 2.82 H_m1 3.18 | a-0.1421 c3.1793 ent0.0471 VRAM 27MB
Ep  350 | M0_PDR 0.635 | M1_PDR 0.556 | H_m0 2.76 H_m1 3.16 | a-0.1393 c2.8775 ent0.0466 VRAM 27MB
Ep  400 | M0_PDR 0.649 | M1_PDR 0.533 | H_m0 2.66 H_m1 3.10 | a-0.1340 c2.6679 ent0.0461 VRAM 27MB
Ep  450 | M0_PDR 0.668 | M1_PDR 0.510 | H_m0 2.70 H_m1 3.14 | a-0.1339 c2.9244 ent0.0456 VRAM 27MB
Ep  500 | M0_PDR 0.650 | M1_PDR 0.548 | H_m0 2.74 H_m1 3.18 | a-0.1348 c2.1746 ent0.0451 VRAM 27MB
Ep  550 | M0_PDR 0.648 | M1_PDR 0.516 | H_m0 2.78 H_m1 3.19 | a-0.1337 c3.4429 ent0.0446 VRAM 27MB
Ep  600 | M0_PDR 0.680 | M1_PDR 0.496 | H_m0 2.69 H_m1 3.18 | a-0.1314 c2.9736 ent0.0441 VRAM 27MB
Ep  650 | M0_PDR 0.676 | M1_PDR 0.530 | H_m0 2.66 H_m1 3.16 | a-0.1281 c2.0631 ent0.0436 VRAM 27MB
Ep  700 | M0_PDR 0.657 | M1_PDR 0.496 | H_m0 2.65 H_m1 3.17 | a-0.1259 c2.1200 ent0.0431 VRAM 27MB
Ep  750 | M0_PDR 0.673 | M1_PDR 0.532 | H_m0 2.74 H_m1 3.20 | a-0.1278 c2.3283 ent0.0426 VRAM 27MB
Ep  800 | M0_PDR 0.678 | M1_PDR 0.527 | H_m0 2.77 H_m1 3.20 | a-0.1267 c2.6442 ent0.0422 VRAM 27MB
Ep  850 | M0_PDR 0.635 | M1_PDR 0.550 | H_m0 2.60 H_m1 3.16 | a-0.1220 c2.8097 ent0.0417 VRAM 27MB
Ep  900 | M0_PDR 0.646 | M1_PDR 0.516 | H_m0 2.56 H_m1 3.16 | a-0.1188 c2.1112 ent0.0412 VRAM 27MB
Ep  950 | M0_PDR 0.642 | M1_PDR 0.492 | H_m0 2.71 H_m1 3.17 | a-0.1205 c3.0811 ent0.0407 VRAM 27MB
Ep 1000 | M0_PDR 0.669 | M1_PDR 0.466 | H_m0 2.54 H_m1 3.15 | a-0.1149 c2.2720 ent0.0402 VRAM 27MB
Ep 1050 | M0_PDR 0.673 | M1_PDR 0.476 | H_m0 2.43 H_m1 3.17 | a-0.1119 c2.3579 ent0.0397 VRAM 27MB
Ep 1100 | M0_PDR 0.669 | M1_PDR 0.509 | H_m0 2.57 H_m1 3.18 | a-0.1131 c2.3869 ent0.0392 VRAM 27MB
Ep 1150 | M0_PDR 0.633 | M1_PDR 0.532 | H_m0 2.58 H_m1 3.16 | a-0.1120 c3.5734 ent0.0387 VRAM 27MB
Ep 1200 | M0_PDR 0.699 | M1_PDR 0.512 | H_m0 2.48 H_m1 3.17 | a-0.1087 c1.7200 ent0.0382 VRAM 27MB
Ep 1250 | M0_PDR 0.654 | M1_PDR 0.518 | H_m0 2.39 H_m1 3.17 | a-0.1055 c2.4560 ent0.0377 VRAM 27MB
Ep 1300 | M0_PDR 0.676 | M1_PDR 0.500 | H_m0 2.60 H_m1 3.18 | a-0.1085 c3.1810 ent0.0373 VRAM 27MB
Ep 1350 | M0_PDR 0.696 | M1_PDR 0.495 | H_m0 2.51 H_m1 3.17 | a-0.1055 c2.1858 ent0.0368 VRAM 27MB
Ep 1400 | M0_PDR 0.651 | M1_PDR 0.514 | H_m0 2.39 H_m1 3.10 | a-0.1006 c2.2544 ent0.0363 VRAM 27MB
Ep 1450 | M0_PDR 0.685 | M1_PDR 0.522 | H_m0 2.47 H_m1 3.14 | a-0.1015 c2.3559 ent0.0358 VRAM 27MB
Ep 1500 | M0_PDR 0.696 | M1_PDR 0.499 | H_m0 2.50 H_m1 3.17 | a-0.1008 c2.1831 ent0.0353 VRAM 27MB
Ep 1550 | M0_PDR 0.650 | M1_PDR 0.502 | H_m0 2.52 H_m1 3.15 | a-0.0996 c3.2543 ent0.0348 VRAM 27MB
Ep 1600 | M0_PDR 0.697 | M1_PDR 0.504 | H_m0 2.38 H_m1 3.14 | a-0.0969 c3.0000 ent0.0343 VRAM 27MB
Ep 1650 | M0_PDR 0.712 | M1_PDR 0.496 | H_m0 2.26 H_m1 3.15 | a-0.0934 c2.4119 ent0.0338 VRAM 27MB
Ep 1700 | M0_PDR 0.691 | M1_PDR 0.501 | H_m0 2.41 H_m1 3.16 | a-0.0932 c2.5847 ent0.0333 VRAM 27MB
Ep 1750 | M0_PDR 0.647 | M1_PDR 0.521 | H_m0 2.57 H_m1 3.14 | a-0.0947 c1.9510 ent0.0328 VRAM 27MB
Ep 1800 | M0_PDR 0.656 | M1_PDR 0.485 | H_m0 2.51 H_m1 3.17 | a-0.0928 c2.9756 ent0.0324 VRAM 27MB
Ep 1850 | M0_PDR 0.681 | M1_PDR 0.500 | H_m0 2.37 H_m1 3.17 | a-0.0889 c2.3965 ent0.0319 VRAM 27MB
Ep 1900 | M0_PDR 0.717 | M1_PDR 0.484 | H_m0 2.39 H_m1 3.16 | a-0.0879 c1.8055 ent0.0314 VRAM 27MB
Ep 1950 | M0_PDR 0.659 | M1_PDR 0.511 | H_m0 2.37 H_m1 3.16 | a-0.0864 c3.0254 ent0.0309 VRAM 27MB
Ep 2000 | M0_PDR 0.703 | M1_PDR 0.482 | H_m0 2.40 H_m1 3.17 | a-0.0851 c2.7986 ent0.0304 VRAM 27MB
Ep 2050 | M0_PDR 0.678 | M1_PDR 0.510 | H_m0 2.56 H_m1 3.15 | a-0.0861 c2.2351 ent0.0299 VRAM 27MB
Ep 2100 | M0_PDR 0.699 | M1_PDR 0.497 | H_m0 2.40 H_m1 3.15 | a-0.0817 c3.1888 ent0.0294 VRAM 27MB
Ep 2150 | M0_PDR 0.658 | M1_PDR 0.468 | H_m0 2.44 H_m1 3.16 | a-0.0817 c2.7681 ent0.0289 VRAM 27MB
Ep 2200 | M0_PDR 0.682 | M1_PDR 0.493 | H_m0 2.25 H_m1 3.14 | a-0.0772 c3.0273 ent0.0284 VRAM 27MB
Ep 2250 | M0_PDR 0.697 | M1_PDR 0.501 | H_m0 2.32 H_m1 3.13 | a-0.0776 c2.0298 ent0.0279 VRAM 27MB
Ep 2300 | M0_PDR 0.697 | M1_PDR 0.526 | H_m0 2.22 H_m1 3.13 | a-0.0739 c2.7592 ent0.0275 VRAM 27MB
Ep 2350 | M0_PDR 0.695 | M1_PDR 0.473 | H_m0 2.13 H_m1 3.12 | a-0.0709 c2.5936 ent0.0270 VRAM 27MB
Ep 2400 | M0_PDR 0.679 | M1_PDR 0.482 | H_m0 2.08 H_m1 3.12 | a-0.0695 c2.2985 ent0.0265 VRAM 27MB
Ep 2450 | M0_PDR 0.705 | M1_PDR 0.495 | H_m0 2.04 H_m1 3.12 | a-0.0671 c2.5389 ent0.0260 VRAM 27MB
Ep 2500 | M0_PDR 0.714 | M1_PDR 0.492 | H_m0 2.06 H_m1 3.12 | a-0.0668 c2.1758 ent0.0255 VRAM 27MB
Ep 2550 | M0_PDR 0.687 | M1_PDR 0.495 | H_m0 2.06 H_m1 3.11 | a-0.0652 c2.3113 ent0.0250 VRAM 27MB
Ep 2600 | M0_PDR 0.705 | M1_PDR 0.482 | H_m0 2.12 H_m1 3.14 | a-0.0648 c2.0530 ent0.0245 VRAM 27MB
Ep 2650 | M0_PDR 0.720 | M1_PDR 0.501 | H_m0 2.21 H_m1 3.12 | a-0.0643 c2.5152 ent0.0240 VRAM 27MB
Ep 2700 | M0_PDR 0.671 | M1_PDR 0.481 | H_m0 2.15 H_m1 3.10 | a-0.0622 c2.2834 ent0.0235 VRAM 27MB
Ep 2750 | M0_PDR 0.686 | M1_PDR 0.534 | H_m0 2.05 H_m1 3.09 | a-0.0600 c2.5913 ent0.0230 VRAM 27MB
Ep 2800 | M0_PDR 0.691 | M1_PDR 0.485 | H_m0 2.02 H_m1 3.11 | a-0.0584 c2.0811 ent0.0226 VRAM 27MB
Ep 2850 | M0_PDR 0.715 | M1_PDR 0.517 | H_m0 2.06 H_m1 3.06 | a-0.0570 c2.0491 ent0.0221 VRAM 27MB
Ep 2900 | M0_PDR 0.649 | M1_PDR 0.524 | H_m0 2.08 H_m1 3.07 | a-0.0562 c2.5472 ent0.0216 VRAM 27MB
Ep 2950 | M0_PDR 0.657 | M1_PDR 0.489 | H_m0 2.07 H_m1 3.08 | a-0.0541 c2.1463 ent0.0211 VRAM 27MB
Ep 3000 | M0_PDR 0.704 | M1_PDR 0.539 | H_m0 2.01 H_m1 3.09 | a-0.0532 c2.0269 ent0.0206 VRAM 27MB
Ep 3050 | M0_PDR 0.660 | M1_PDR 0.446 | H_m0 1.88 H_m1 3.13 | a-0.0507 c2.4312 ent0.0201 VRAM 27MB
Ep 3100 | M0_PDR 0.702 | M1_PDR 0.479 | H_m0 1.89 H_m1 3.12 | a-0.0498 c2.8155 ent0.0196 VRAM 27MB
Ep 3150 | M0_PDR 0.711 | M1_PDR 0.486 | H_m0 1.92 H_m1 3.13 | a-0.0489 c2.3010 ent0.0191 VRAM 27MB
Ep 3200 | M0_PDR 0.676 | M1_PDR 0.512 | H_m0 1.96 H_m1 3.11 | a-0.0475 c2.2785 ent0.0186 VRAM 27MB
Ep 3250 | M0_PDR 0.672 | M1_PDR 0.503 | H_m0 1.97 H_m1 3.09 | a-0.0465 c2.3288 ent0.0181 VRAM 27MB
Ep 3300 | M0_PDR 0.707 | M1_PDR 0.516 | H_m0 1.95 H_m1 3.08 | a-0.0448 c2.3591 ent0.0177 VRAM 27MB
Ep 3350 | M0_PDR 0.692 | M1_PDR 0.486 | H_m0 1.98 H_m1 3.10 | a-0.0441 c2.2780 ent0.0172 VRAM 27MB
Ep 3400 | M0_PDR 0.682 | M1_PDR 0.527 | H_m0 2.03 H_m1 3.09 | a-0.0429 c1.8457 ent0.0167 VRAM 27MB
Ep 3450 | M0_PDR 0.716 | M1_PDR 0.449 | H_m0 1.91 H_m1 3.10 | a-0.0408 c1.8734 ent0.0162 VRAM 27MB
Ep 3500 | M0_PDR 0.701 | M1_PDR 0.475 | H_m0 1.94 H_m1 3.09 | a-0.0403 c3.0020 ent0.0157 VRAM 27MB
Ep 3550 | M0_PDR 0.680 | M1_PDR 0.502 | H_m0 1.92 H_m1 3.07 | a-0.0384 c2.3051 ent0.0152 VRAM 27MB
Ep 3600 | M0_PDR 0.707 | M1_PDR 0.484 | H_m0 1.87 H_m1 3.06 | a-0.0363 c2.4748 ent0.0147 VRAM 27MB
Ep 3650 | M0_PDR 0.698 | M1_PDR 0.496 | H_m0 1.85 H_m1 3.05 | a-0.0351 c2.3602 ent0.0142 VRAM 27MB
Ep 3700 | M0_PDR 0.671 | M1_PDR 0.473 | H_m0 1.88 H_m1 3.08 | a-0.0347 c2.8620 ent0.0137 VRAM 27MB
Ep 3750 | M0_PDR 0.686 | M1_PDR 0.508 | H_m0 1.82 H_m1 3.06 | a-0.0323 c2.2427 ent0.0132 VRAM 27MB
Ep 3800 | M0_PDR 0.665 | M1_PDR 0.502 | H_m0 1.84 H_m1 3.07 | a-0.0314 c2.6409 ent0.0128 VRAM 27MB
Ep 3850 | M0_PDR 0.713 | M1_PDR 0.478 | H_m0 1.82 H_m1 3.06 | a-0.0302 c3.1133 ent0.0123 VRAM 27MB
Ep 3900 | M0_PDR 0.656 | M1_PDR 0.478 | H_m0 1.83 H_m1 3.05 | a-0.0289 c2.8094 ent0.0118 VRAM 27MB
Ep 3950 | M0_PDR 0.687 | M1_PDR 0.501 | H_m0 1.81 H_m1 3.06 | a-0.0276 c1.9562 ent0.0113 VRAM 27MB
Ep 4000 | M0_PDR 0.691 | M1_PDR 0.547 | H_m0 1.80 H_m1 3.05 | a-0.0262 c2.8829 ent0.0108 VRAM 27MB
Ep 4050 | M0_PDR 0.680 | M1_PDR 0.494 | H_m0 1.82 H_m1 3.06 | a-0.0253 c2.1500 ent0.0103 VRAM 27MB
Ep 4100 | M0_PDR 0.682 | M1_PDR 0.515 | H_m0 1.80 H_m1 3.06 | a-0.0239 c1.9808 ent0.0098 VRAM 27MB
Ep 4150 | M0_PDR 0.682 | M1_PDR 0.518 | H_m0 1.78 H_m1 3.05 | a-0.0226 c3.0865 ent0.0093 VRAM 27MB
Ep 4200 | M0_PDR 0.689 | M1_PDR 0.497 | H_m0 1.77 H_m1 3.03 | a-0.0212 c2.1310 ent0.0088 VRAM 27MB
Ep 4250 | M0_PDR 0.677 | M1_PDR 0.485 | H_m0 1.78 H_m1 3.03 | a-0.0201 c2.4151 ent0.0083 VRAM 27MB
Ep 4300 | M0_PDR 0.654 | M1_PDR 0.524 | H_m0 1.78 H_m1 3.02 | a-0.0190 c2.8475 ent0.0079 VRAM 27MB
Ep 4350 | M0_PDR 0.660 | M1_PDR 0.533 | H_m0 1.78 H_m1 3.01 | a-0.0178 c2.1157 ent0.0074 VRAM 27MB
Ep 4400 | M0_PDR 0.686 | M1_PDR 0.499 | H_m0 1.75 H_m1 3.01 | a-0.0164 c2.5764 ent0.0069 VRAM 27MB
Ep 4450 | M0_PDR 0.673 | M1_PDR 0.494 | H_m0 1.76 H_m1 3.01 | a-0.0153 c2.3696 ent0.0064 VRAM 27MB
Ep 4500 | M0_PDR 0.703 | M1_PDR 0.483 | H_m0 1.75 H_m1 3.02 | a-0.0141 c1.8264 ent0.0059 VRAM 27MB
Ep 4550 | M0_PDR 0.662 | M1_PDR 0.529 | H_m0 1.77 H_m1 3.02 | a-0.0130 c2.0141 ent0.0054 VRAM 27MB
Ep 4600 | M0_PDR 0.710 | M1_PDR 0.482 | H_m0 1.75 H_m1 3.01 | a-0.0118 c2.2894 ent0.0049 VRAM 27MB
Ep 4650 | M0_PDR 0.711 | M1_PDR 0.507 | H_m0 1.75 H_m1 3.00 | a-0.0106 c2.1964 ent0.0044 VRAM 27MB
Ep 4700 | M0_PDR 0.664 | M1_PDR 0.495 | H_m0 1.76 H_m1 3.00 | a-0.0094 c3.0052 ent0.0039 VRAM 27MB
Ep 4750 | M0_PDR 0.700 | M1_PDR 0.512 | H_m0 1.75 H_m1 2.99 | a-0.0082 c2.1891 ent0.0034 VRAM 27MB
Ep 4800 | M0_PDR 0.704 | M1_PDR 0.511 | H_m0 1.74 H_m1 2.99 | a-0.0070 c2.1017 ent0.0030 VRAM 27MB
Ep 4850 | M0_PDR 0.723 | M1_PDR 0.489 | H_m0 1.74 H_m1 2.98 | a-0.0058 c3.2075 ent0.0025 VRAM 27MB
Ep 4900 | M0_PDR 0.726 | M1_PDR 0.484 | H_m0 1.73 H_m1 2.97 | a-0.0047 c2.0797 ent0.0020 VRAM 27MB
Ep 4950 | M0_PDR 0.713 | M1_PDR 0.500 | H_m0 1.73 H_m1 2.97 | a-0.0035 c2.4191 ent0.0015 VRAM 27MB

Training complete. Running 100 eval episodes...

  Eval ep   0: M0_PDR=0.685  M1_PDR=0.511
  Eval ep  20: M0_PDR=0.673  M1_PDR=0.522
  Eval ep  40: M0_PDR=0.672  M1_PDR=0.512
  Eval ep  60: M0_PDR=0.674  M1_PDR=0.478
  Eval ep  80: M0_PDR=0.680  M1_PDR=0.527

=== Eval Summary (100 episodes) ===
  M0_PDR_mean         : 0.6913
  M0_PDR_p05 (across) : 0.6555
  M0_PDR_p05 (intra)  : 0.1068
  M1_PDR_mean         : 0.5096
  M0_SINR_mean (dB)   : 13.99
  M1_SINR_mean (dB)   : 2.31
  M0_collision_rate   : 0.671
  M0_collision_within_pool : 0.358
  M1_collision_within_pool : 0.359

Result saved -> results/_A_N6_seed3_5000ep.json
  N=6  rho=1.2  M0_PDR=0.691  M1_PDR=0.510
[NS3Bridge] Shutdown complete.
Run complete.
