[seed] all RNGs seeded with 3
GPU : NVIDIA GeForce RTX 3060
VRAM: 12.9 GB
Device          : cuda:0
Actor M0 params : 21,273
Actor M1 params : 21,273
Critic params   : 84,993
obs_dim=11  action_dim=25  gs_dim=71
M0 count: 3  M1 count: 3
Training for 5000 episodes (Config A_N6_seed3_5000ep_gaefix, N=6)...

[NS3Bridge] Connected tcp://localhost:6976
Ep    0 | M0_PDR 0.581 | M1_PDR 0.568 | H_m0 3.22 H_m1 3.22 | a-0.1656 c60.6672 ent0.0500 VRAM 27MB
Ep   50 | M0_PDR 0.577 | M1_PDR 0.529 | H_m0 3.17 H_m1 3.20 | a-0.1588 c38.8543 ent0.0495 VRAM 27MB
Ep  100 | M0_PDR 0.555 | M1_PDR 0.568 | H_m0 3.20 H_m1 3.20 | a-0.1571 c30.5407 ent0.0490 VRAM 27MB
Ep  150 | M0_PDR 0.639 | M1_PDR 0.551 | H_m0 3.18 H_m1 3.21 | a-0.1559 c39.0550 ent0.0485 VRAM 27MB
Ep  200 | M0_PDR 0.633 | M1_PDR 0.511 | H_m0 3.09 H_m1 3.20 | a-0.1516 c38.9960 ent0.0480 VRAM 27MB
Ep  250 | M0_PDR 0.637 | M1_PDR 0.585 | H_m0 3.15 H_m1 3.21 | a-0.1517 c37.2535 ent0.0475 VRAM 27MB
Ep  300 | M0_PDR 0.660 | M1_PDR 0.537 | H_m0 3.14 H_m1 3.21 | a-0.1503 c41.2751 ent0.0471 VRAM 27MB
Ep  350 | M0_PDR 0.593 | M1_PDR 0.561 | H_m0 3.11 H_m1 3.21 | a-0.1480 c33.8344 ent0.0466 VRAM 27MB
Ep  400 | M0_PDR 0.609 | M1_PDR 0.532 | H_m0 3.08 H_m1 3.20 | a-0.1460 c35.8847 ent0.0461 VRAM 27MB
Ep  450 | M0_PDR 0.632 | M1_PDR 0.566 | H_m0 3.12 H_m1 3.21 | a-0.1448 c37.6304 ent0.0456 VRAM 27MB
Ep  500 | M0_PDR 0.620 | M1_PDR 0.592 | H_m0 3.15 H_m1 3.21 | a-0.1438 c36.7585 ent0.0451 VRAM 27MB
Ep  550 | M0_PDR 0.632 | M1_PDR 0.527 | H_m0 3.14 H_m1 3.21 | a-0.1422 c39.8996 ent0.0446 VRAM 27MB
Ep  600 | M0_PDR 0.616 | M1_PDR 0.520 | H_m0 3.12 H_m1 3.21 | a-0.1407 c37.7368 ent0.0441 VRAM 27MB
Ep  650 | M0_PDR 0.597 | M1_PDR 0.551 | H_m0 3.10 H_m1 3.21 | a-0.1388 c34.4560 ent0.0436 VRAM 27MB
Ep  700 | M0_PDR 0.641 | M1_PDR 0.522 | H_m0 3.07 H_m1 3.21 | a-0.1361 c38.7617 ent0.0431 VRAM 27MB
Ep  750 | M0_PDR 0.628 | M1_PDR 0.559 | H_m0 3.09 H_m1 3.21 | a-0.1355 c37.2672 ent0.0426 VRAM 27MB
Ep  800 | M0_PDR 0.623 | M1_PDR 0.552 | H_m0 3.12 H_m1 3.21 | a-0.1336 c36.8919 ent0.0422 VRAM 27MB
Ep  850 | M0_PDR 0.598 | M1_PDR 0.555 | H_m0 3.14 H_m1 3.21 | a-0.1329 c34.3575 ent0.0417 VRAM 27MB
Ep  900 | M0_PDR 0.660 | M1_PDR 0.569 | H_m0 3.12 H_m1 3.21 | a-0.1305 c40.5832 ent0.0412 VRAM 27MB
Ep  950 | M0_PDR 0.616 | M1_PDR 0.521 | H_m0 3.10 H_m1 3.20 | a-0.1287 c37.6679 ent0.0407 VRAM 27MB
Ep 1000 | M0_PDR 0.610 | M1_PDR 0.518 | H_m0 3.10 H_m1 3.19 | a-0.1271 c36.6753 ent0.0402 VRAM 27MB
Ep 1050 | M0_PDR 0.615 | M1_PDR 0.547 | H_m0 3.10 H_m1 3.21 | a-0.1260 c36.6784 ent0.0397 VRAM 27MB
Ep 1100 | M0_PDR 0.635 | M1_PDR 0.540 | H_m0 3.15 H_m1 3.20 | a-0.1250 c39.2231 ent0.0392 VRAM 27MB
Ep 1150 | M0_PDR 0.610 | M1_PDR 0.555 | H_m0 3.12 H_m1 3.17 | a-0.1225 c36.1607 ent0.0387 VRAM 27MB
Ep 1200 | M0_PDR 0.636 | M1_PDR 0.530 | H_m0 3.06 H_m1 3.18 | a-0.1198 c39.7545 ent0.0382 VRAM 27MB
Ep 1250 | M0_PDR 0.650 | M1_PDR 0.574 | H_m0 3.13 H_m1 3.21 | a-0.1201 c39.8574 ent0.0377 VRAM 27MB
Ep 1300 | M0_PDR 0.646 | M1_PDR 0.544 | H_m0 3.13 H_m1 3.21 | a-0.1187 c38.4664 ent0.0373 VRAM 27MB
Ep 1350 | M0_PDR 0.600 | M1_PDR 0.534 | H_m0 3.11 H_m1 3.21 | a-0.1166 c34.8218 ent0.0368 VRAM 27MB
Ep 1400 | M0_PDR 0.632 | M1_PDR 0.524 | H_m0 3.06 H_m1 3.21 | a-0.1147 c39.0881 ent0.0363 VRAM 27MB
Ep 1450 | M0_PDR 0.637 | M1_PDR 0.515 | H_m0 3.06 H_m1 3.21 | a-0.1130 c39.7103 ent0.0358 VRAM 27MB
Ep 1500 | M0_PDR 0.645 | M1_PDR 0.511 | H_m0 3.09 H_m1 3.21 | a-0.1115 c40.7666 ent0.0353 VRAM 27MB
Ep 1550 | M0_PDR 0.646 | M1_PDR 0.501 | H_m0 2.98 H_m1 3.20 | a-0.1082 c40.4038 ent0.0348 VRAM 27MB
Ep 1600 | M0_PDR 0.612 | M1_PDR 0.526 | H_m0 3.01 H_m1 3.21 | a-0.1075 c35.0694 ent0.0343 VRAM 27MB
Ep 1650 | M0_PDR 0.678 | M1_PDR 0.493 | H_m0 2.98 H_m1 3.21 | a-0.1047 c43.3031 ent0.0338 VRAM 27MB
Ep 1700 | M0_PDR 0.661 | M1_PDR 0.516 | H_m0 3.09 H_m1 3.21 | a-0.1056 c42.0033 ent0.0333 VRAM 27MB
Ep 1750 | M0_PDR 0.642 | M1_PDR 0.549 | H_m0 3.12 H_m1 3.20 | a-0.1042 c38.8852 ent0.0328 VRAM 27MB
Ep 1800 | M0_PDR 0.655 | M1_PDR 0.556 | H_m0 3.08 H_m1 3.21 | a-0.1020 c40.6828 ent0.0324 VRAM 27MB
Ep 1850 | M0_PDR 0.620 | M1_PDR 0.519 | H_m0 3.09 H_m1 3.21 | a-0.1006 c37.2960 ent0.0319 VRAM 27MB
Ep 1900 | M0_PDR 0.654 | M1_PDR 0.516 | H_m0 3.08 H_m1 3.21 | a-0.0990 c40.4891 ent0.0314 VRAM 27MB
Ep 1950 | M0_PDR 0.633 | M1_PDR 0.519 | H_m0 3.08 H_m1 3.21 | a-0.0974 c39.2255 ent0.0309 VRAM 27MB
Ep 2000 | M0_PDR 0.621 | M1_PDR 0.525 | H_m0 3.09 H_m1 3.21 | a-0.0962 c37.4913 ent0.0304 VRAM 27MB
Ep 2050 | M0_PDR 0.645 | M1_PDR 0.515 | H_m0 3.08 H_m1 3.21 | a-0.0943 c39.5085 ent0.0299 VRAM 27MB
Ep 2100 | M0_PDR 0.681 | M1_PDR 0.526 | H_m0 3.04 H_m1 3.20 | a-0.0921 c43.4881 ent0.0294 VRAM 27MB
Ep 2150 | M0_PDR 0.632 | M1_PDR 0.468 | H_m0 3.04 H_m1 3.21 | a-0.0908 c38.5909 ent0.0289 VRAM 27MB
Ep 2200 | M0_PDR 0.623 | M1_PDR 0.542 | H_m0 3.04 H_m1 3.21 | a-0.0892 c36.8825 ent0.0284 VRAM 27MB
Ep 2250 | M0_PDR 0.666 | M1_PDR 0.540 | H_m0 3.01 H_m1 3.21 | a-0.0871 c42.4625 ent0.0279 VRAM 27MB
Ep 2300 | M0_PDR 0.639 | M1_PDR 0.523 | H_m0 3.01 H_m1 3.21 | a-0.0857 c39.1443 ent0.0275 VRAM 27MB
Ep 2350 | M0_PDR 0.613 | M1_PDR 0.515 | H_m0 3.07 H_m1 3.21 | a-0.0848 c36.1101 ent0.0270 VRAM 27MB
Ep 2400 | M0_PDR 0.664 | M1_PDR 0.520 | H_m0 3.03 H_m1 3.21 | a-0.0830 c42.4650 ent0.0265 VRAM 27MB
Ep 2450 | M0_PDR 0.666 | M1_PDR 0.531 | H_m0 3.01 H_m1 3.21 | a-0.0811 c41.2676 ent0.0260 VRAM 27MB
Ep 2500 | M0_PDR 0.637 | M1_PDR 0.530 | H_m0 2.98 H_m1 3.21 | a-0.0795 c39.4921 ent0.0255 VRAM 27MB
Ep 2550 | M0_PDR 0.676 | M1_PDR 0.497 | H_m0 3.02 H_m1 3.21 | a-0.0781 c43.4076 ent0.0250 VRAM 27MB
Ep 2600 | M0_PDR 0.640 | M1_PDR 0.498 | H_m0 3.01 H_m1 3.21 | a-0.0765 c40.1158 ent0.0245 VRAM 27MB
Ep 2650 | M0_PDR 0.629 | M1_PDR 0.524 | H_m0 3.07 H_m1 3.21 | a-0.0757 c38.2462 ent0.0240 VRAM 27MB
Ep 2700 | M0_PDR 0.646 | M1_PDR 0.495 | H_m0 3.05 H_m1 3.21 | a-0.0739 c40.5149 ent0.0235 VRAM 27MB
Ep 2750 | M0_PDR 0.602 | M1_PDR 0.551 | H_m0 3.06 H_m1 3.21 | a-0.0724 c34.9122 ent0.0230 VRAM 27MB
Ep 2800 | M0_PDR 0.605 | M1_PDR 0.548 | H_m0 3.07 H_m1 3.21 | a-0.0712 c34.6145 ent0.0226 VRAM 27MB
Ep 2850 | M0_PDR 0.649 | M1_PDR 0.548 | H_m0 3.08 H_m1 3.21 | a-0.0695 c39.5176 ent0.0221 VRAM 27MB
Ep 2900 | M0_PDR 0.654 | M1_PDR 0.518 | H_m0 3.04 H_m1 3.21 | a-0.0676 c40.3623 ent0.0216 VRAM 27MB
Ep 2950 | M0_PDR 0.623 | M1_PDR 0.526 | H_m0 3.02 H_m1 3.21 | a-0.0659 c37.3670 ent0.0211 VRAM 27MB
Ep 3000 | M0_PDR 0.636 | M1_PDR 0.516 | H_m0 2.97 H_m1 3.21 | a-0.0639 c38.3133 ent0.0206 VRAM 27MB
Ep 3050 | M0_PDR 0.664 | M1_PDR 0.481 | H_m0 2.92 H_m1 3.21 | a-0.0618 c42.5412 ent0.0201 VRAM 27MB
Ep 3100 | M0_PDR 0.631 | M1_PDR 0.500 | H_m0 2.88 H_m1 3.21 | a-0.0598 c39.8567 ent0.0196 VRAM 27MB
Ep 3150 | M0_PDR 0.675 | M1_PDR 0.515 | H_m0 2.85 H_m1 3.21 | a-0.0582 c43.7138 ent0.0191 VRAM 27MB
Ep 3200 | M0_PDR 0.635 | M1_PDR 0.503 | H_m0 2.84 H_m1 3.20 | a-0.0565 c38.4216 ent0.0186 VRAM 27MB
Ep 3250 | M0_PDR 0.657 | M1_PDR 0.549 | H_m0 2.84 H_m1 3.20 | a-0.0550 c41.3054 ent0.0181 VRAM 27MB
Ep 3300 | M0_PDR 0.673 | M1_PDR 0.504 | H_m0 2.79 H_m1 3.20 | a-0.0532 c43.2391 ent0.0177 VRAM 27MB
Ep 3350 | M0_PDR 0.645 | M1_PDR 0.533 | H_m0 2.80 H_m1 3.20 | a-0.0518 c39.6439 ent0.0172 VRAM 27MB
Ep 3400 | M0_PDR 0.639 | M1_PDR 0.525 | H_m0 2.80 H_m1 3.20 | a-0.0502 c39.6396 ent0.0167 VRAM 27MB
Ep 3450 | M0_PDR 0.663 | M1_PDR 0.496 | H_m0 2.82 H_m1 3.20 | a-0.0489 c42.0307 ent0.0162 VRAM 27MB
Ep 3500 | M0_PDR 0.651 | M1_PDR 0.498 | H_m0 2.87 H_m1 3.20 | a-0.0478 c41.0673 ent0.0157 VRAM 27MB
Ep 3550 | M0_PDR 0.635 | M1_PDR 0.538 | H_m0 2.86 H_m1 3.20 | a-0.0463 c38.1938 ent0.0152 VRAM 27MB
Ep 3600 | M0_PDR 0.632 | M1_PDR 0.507 | H_m0 2.85 H_m1 3.20 | a-0.0446 c38.1822 ent0.0147 VRAM 27MB
Ep 3650 | M0_PDR 0.641 | M1_PDR 0.502 | H_m0 2.83 H_m1 3.20 | a-0.0430 c39.7092 ent0.0142 VRAM 27MB
Ep 3700 | M0_PDR 0.657 | M1_PDR 0.502 | H_m0 2.81 H_m1 3.20 | a-0.0415 c41.7230 ent0.0137 VRAM 27MB
Ep 3750 | M0_PDR 0.659 | M1_PDR 0.543 | H_m0 2.81 H_m1 3.20 | a-0.0399 c40.9082 ent0.0132 VRAM 27MB
Ep 3800 | M0_PDR 0.641 | M1_PDR 0.529 | H_m0 2.79 H_m1 3.20 | a-0.0382 c39.9085 ent0.0128 VRAM 27MB
Ep 3850 | M0_PDR 0.651 | M1_PDR 0.495 | H_m0 2.79 H_m1 3.19 | a-0.0368 c40.5985 ent0.0123 VRAM 27MB
Ep 3900 | M0_PDR 0.667 | M1_PDR 0.508 | H_m0 2.75 H_m1 3.19 | a-0.0350 c41.2765 ent0.0118 VRAM 27MB
Ep 3950 | M0_PDR 0.668 | M1_PDR 0.485 | H_m0 2.72 H_m1 3.20 | a-0.0335 c42.2983 ent0.0113 VRAM 27MB
Ep 4000 | M0_PDR 0.715 | M1_PDR 0.515 | H_m0 2.67 H_m1 3.19 | a-0.0318 c48.5102 ent0.0108 VRAM 27MB
Ep 4050 | M0_PDR 0.667 | M1_PDR 0.528 | H_m0 2.68 H_m1 3.19 | a-0.0303 c42.5613 ent0.0103 VRAM 27MB
Ep 4100 | M0_PDR 0.679 | M1_PDR 0.532 | H_m0 2.67 H_m1 3.19 | a-0.0289 c43.0360 ent0.0098 VRAM 27MB
Ep 4150 | M0_PDR 0.655 | M1_PDR 0.503 | H_m0 2.68 H_m1 3.19 | a-0.0274 c41.4539 ent0.0093 VRAM 27MB
Ep 4200 | M0_PDR 0.656 | M1_PDR 0.490 | H_m0 2.67 H_m1 3.19 | a-0.0260 c41.4726 ent0.0088 VRAM 27MB
Ep 4250 | M0_PDR 0.638 | M1_PDR 0.499 | H_m0 2.69 H_m1 3.19 | a-0.0247 c39.7288 ent0.0083 VRAM 27MB
Ep 4300 | M0_PDR 0.679 | M1_PDR 0.491 | H_m0 2.66 H_m1 3.19 | a-0.0230 c43.0852 ent0.0079 VRAM 27MB
Ep 4350 | M0_PDR 0.692 | M1_PDR 0.507 | H_m0 2.64 H_m1 3.19 | a-0.0215 c45.1354 ent0.0074 VRAM 27MB
Ep 4400 | M0_PDR 0.681 | M1_PDR 0.491 | H_m0 2.63 H_m1 3.19 | a-0.0201 c46.0312 ent0.0069 VRAM 27MB
Ep 4450 | M0_PDR 0.718 | M1_PDR 0.492 | H_m0 2.62 H_m1 3.19 | a-0.0186 c48.4090 ent0.0064 VRAM 27MB
Ep 4500 | M0_PDR 0.648 | M1_PDR 0.522 | H_m0 2.65 H_m1 3.19 | a-0.0172 c39.6006 ent0.0059 VRAM 27MB
Ep 4550 | M0_PDR 0.673 | M1_PDR 0.519 | H_m0 2.62 H_m1 3.19 | a-0.0157 c42.5722 ent0.0054 VRAM 27MB
Ep 4600 | M0_PDR 0.701 | M1_PDR 0.477 | H_m0 2.61 H_m1 3.19 | a-0.0143 c47.9671 ent0.0049 VRAM 27MB
Ep 4650 | M0_PDR 0.701 | M1_PDR 0.464 | H_m0 2.58 H_m1 3.19 | a-0.0128 c46.9920 ent0.0044 VRAM 27MB
Ep 4700 | M0_PDR 0.677 | M1_PDR 0.503 | H_m0 2.59 H_m1 3.19 | a-0.0114 c44.2487 ent0.0039 VRAM 27MB
Ep 4750 | M0_PDR 0.667 | M1_PDR 0.516 | H_m0 2.59 H_m1 3.19 | a-0.0100 c43.0114 ent0.0034 VRAM 27MB
Ep 4800 | M0_PDR 0.702 | M1_PDR 0.474 | H_m0 2.56 H_m1 3.19 | a-0.0085 c46.1993 ent0.0030 VRAM 27MB
Ep 4850 | M0_PDR 0.713 | M1_PDR 0.466 | H_m0 2.54 H_m1 3.19 | a-0.0071 c47.8162 ent0.0025 VRAM 27MB
Ep 4900 | M0_PDR 0.700 | M1_PDR 0.504 | H_m0 2.52 H_m1 3.19 | a-0.0057 c45.2623 ent0.0020 VRAM 27MB
Ep 4950 | M0_PDR 0.704 | M1_PDR 0.469 | H_m0 2.54 H_m1 3.19 | a-0.0043 c47.8309 ent0.0015 VRAM 27MB

Training complete. Running 100 eval episodes...

  Eval ep   0: M0_PDR=0.692  M1_PDR=0.471
  Eval ep  20: M0_PDR=0.683  M1_PDR=0.483
  Eval ep  40: M0_PDR=0.650  M1_PDR=0.523
  Eval ep  60: M0_PDR=0.686  M1_PDR=0.461
  Eval ep  80: M0_PDR=0.638  M1_PDR=0.499

=== Eval Summary (100 episodes) ===
  M0_PDR_mean         : 0.6810
  M0_PDR_p05 (across) : 0.6423
  M0_PDR_p05 (intra)  : 0.0869
  M1_PDR_mean         : 0.4922
  M0_SINR_mean (dB)   : 13.42
  M1_SINR_mean (dB)   : -0.31
  M0_collision_rate   : 0.670
  M0_collision_within_pool : 0.360
  M1_collision_within_pool : 0.362

Result saved -> results/_A_N6_seed3_5000ep_gaefix.json
  N=6  rho=1.2  M0_PDR=0.681  M1_PDR=0.492
[NS3Bridge] Shutdown complete.
Run complete.
