[seed] all RNGs seeded with 2
GPU : NVIDIA GeForce RTX 3060
VRAM: 12.9 GB
Device          : cuda:0
Actor M0 params : 21,273
Actor M1 params : 21,273
Critic params   : 84,993
obs_dim=11  action_dim=25  gs_dim=71
M0 count: 3  M1 count: 3
Training for 5000 episodes (Config A_N6_seed2_5000ep, N=6)...

[NS3Bridge] Connected tcp://localhost:6706
Ep    0 | M0_PDR 0.590 | M1_PDR 0.556 | H_m0 3.22 H_m1 3.22 | a-0.1646 c34.8078 ent0.0500 VRAM 27MB
Ep   50 | M0_PDR 0.641 | M1_PDR 0.555 | H_m0 3.16 H_m1 3.20 | a-0.1580 c15.9341 ent0.0495 VRAM 27MB
Ep  100 | M0_PDR 0.660 | M1_PDR 0.521 | H_m0 3.11 H_m1 3.21 | a-0.1559 c13.3609 ent0.0490 VRAM 27MB
Ep  150 | M0_PDR 0.610 | M1_PDR 0.566 | H_m0 3.09 H_m1 3.19 | a-0.1541 c4.8773 ent0.0485 VRAM 27MB
Ep  200 | M0_PDR 0.643 | M1_PDR 0.559 | H_m0 2.98 H_m1 3.20 | a-0.1496 c8.1442 ent0.0480 VRAM 27MB
Ep  250 | M0_PDR 0.665 | M1_PDR 0.534 | H_m0 2.86 H_m1 3.18 | a-0.1445 c4.5776 ent0.0475 VRAM 27MB
Ep  300 | M0_PDR 0.615 | M1_PDR 0.536 | H_m0 2.89 H_m1 3.18 | a-0.1440 c3.5110 ent0.0471 VRAM 27MB
Ep  350 | M0_PDR 0.670 | M1_PDR 0.573 | H_m0 2.76 H_m1 3.12 | a-0.1387 c3.2868 ent0.0466 VRAM 27MB
Ep  400 | M0_PDR 0.672 | M1_PDR 0.508 | H_m0 2.71 H_m1 3.18 | a-0.1383 c3.9131 ent0.0461 VRAM 27MB
Ep  450 | M0_PDR 0.634 | M1_PDR 0.524 | H_m0 2.76 H_m1 3.18 | a-0.1353 c3.4405 ent0.0456 VRAM 27MB
Ep  500 | M0_PDR 0.664 | M1_PDR 0.499 | H_m0 2.77 H_m1 3.19 | a-0.1361 c2.1674 ent0.0451 VRAM 27MB
Ep  550 | M0_PDR 0.684 | M1_PDR 0.489 | H_m0 2.63 H_m1 3.20 | a-0.1304 c2.5873 ent0.0446 VRAM 27MB
Ep  600 | M0_PDR 0.665 | M1_PDR 0.531 | H_m0 2.83 H_m1 3.17 | a-0.1336 c2.7904 ent0.0441 VRAM 27MB
Ep  650 | M0_PDR 0.640 | M1_PDR 0.495 | H_m0 2.83 H_m1 3.18 | a-0.1330 c2.5893 ent0.0436 VRAM 27MB
Ep  700 | M0_PDR 0.627 | M1_PDR 0.495 | H_m0 2.75 H_m1 3.18 | a-0.1288 c2.4908 ent0.0431 VRAM 27MB
Ep  750 | M0_PDR 0.627 | M1_PDR 0.513 | H_m0 2.79 H_m1 3.17 | a-0.1276 c2.9383 ent0.0426 VRAM 27MB
Ep  800 | M0_PDR 0.688 | M1_PDR 0.481 | H_m0 2.59 H_m1 3.20 | a-0.1228 c2.5689 ent0.0422 VRAM 27MB
Ep  850 | M0_PDR 0.666 | M1_PDR 0.458 | H_m0 2.43 H_m1 3.20 | a-0.1192 c2.6855 ent0.0417 VRAM 27MB
Ep  900 | M0_PDR 0.640 | M1_PDR 0.472 | H_m0 2.22 H_m1 3.16 | a-0.1113 c3.8547 ent0.0412 VRAM 27MB
Ep  950 | M0_PDR 0.664 | M1_PDR 0.512 | H_m0 2.46 H_m1 3.18 | a-0.1155 c3.6883 ent0.0407 VRAM 27MB
Ep 1000 | M0_PDR 0.637 | M1_PDR 0.473 | H_m0 2.54 H_m1 3.18 | a-0.1160 c3.4870 ent0.0402 VRAM 27MB
Ep 1050 | M0_PDR 0.691 | M1_PDR 0.518 | H_m0 2.43 H_m1 3.18 | a-0.1117 c2.4846 ent0.0397 VRAM 27MB
Ep 1100 | M0_PDR 0.692 | M1_PDR 0.493 | H_m0 2.37 H_m1 3.17 | a-0.1094 c1.8053 ent0.0392 VRAM 27MB
Ep 1150 | M0_PDR 0.681 | M1_PDR 0.512 | H_m0 2.43 H_m1 3.10 | a-0.1081 c2.7122 ent0.0387 VRAM 27MB
Ep 1200 | M0_PDR 0.640 | M1_PDR 0.514 | H_m0 2.58 H_m1 3.17 | a-0.1108 c2.6608 ent0.0382 VRAM 27MB
Ep 1250 | M0_PDR 0.678 | M1_PDR 0.480 | H_m0 2.71 H_m1 3.18 | a-0.1115 c2.9404 ent0.0377 VRAM 27MB
Ep 1300 | M0_PDR 0.662 | M1_PDR 0.487 | H_m0 2.65 H_m1 3.19 | a-0.1101 c3.1679 ent0.0373 VRAM 27MB
Ep 1350 | M0_PDR 0.696 | M1_PDR 0.525 | H_m0 2.50 H_m1 3.17 | a-0.1058 c2.8508 ent0.0368 VRAM 27MB
Ep 1400 | M0_PDR 0.681 | M1_PDR 0.513 | H_m0 2.55 H_m1 3.17 | a-0.1048 c2.4256 ent0.0363 VRAM 27MB
Ep 1450 | M0_PDR 0.684 | M1_PDR 0.522 | H_m0 2.66 H_m1 3.19 | a-0.1056 c2.5725 ent0.0358 VRAM 27MB
Ep 1500 | M0_PDR 0.671 | M1_PDR 0.498 | H_m0 2.58 H_m1 3.19 | a-0.1028 c2.3844 ent0.0353 VRAM 27MB
Ep 1550 | M0_PDR 0.683 | M1_PDR 0.502 | H_m0 2.48 H_m1 3.19 | a-0.0989 c2.3502 ent0.0348 VRAM 27MB
Ep 1600 | M0_PDR 0.627 | M1_PDR 0.534 | H_m0 2.57 H_m1 3.18 | a-0.0992 c2.2219 ent0.0343 VRAM 27MB
Ep 1650 | M0_PDR 0.678 | M1_PDR 0.530 | H_m0 2.65 H_m1 3.18 | a-0.0996 c2.2025 ent0.0338 VRAM 27MB
Ep 1700 | M0_PDR 0.681 | M1_PDR 0.493 | H_m0 2.38 H_m1 3.18 | a-0.0944 c2.3102 ent0.0333 VRAM 27MB
Ep 1750 | M0_PDR 0.658 | M1_PDR 0.469 | H_m0 2.48 H_m1 3.18 | a-0.0937 c2.9155 ent0.0328 VRAM 27MB
Ep 1800 | M0_PDR 0.663 | M1_PDR 0.480 | H_m0 2.29 H_m1 3.15 | a-0.0889 c3.3560 ent0.0324 VRAM 27MB
Ep 1850 | M0_PDR 0.662 | M1_PDR 0.479 | H_m0 2.28 H_m1 3.16 | a-0.0876 c2.5317 ent0.0319 VRAM 27MB
Ep 1900 | M0_PDR 0.665 | M1_PDR 0.505 | H_m0 2.38 H_m1 3.15 | a-0.0872 c2.5263 ent0.0314 VRAM 27MB
Ep 1950 | M0_PDR 0.657 | M1_PDR 0.510 | H_m0 2.39 H_m1 3.19 | a-0.0865 c2.0249 ent0.0309 VRAM 27MB
Ep 2000 | M0_PDR 0.677 | M1_PDR 0.487 | H_m0 2.19 H_m1 3.19 | a-0.0826 c2.8111 ent0.0304 VRAM 27MB
Ep 2050 | M0_PDR 0.698 | M1_PDR 0.462 | H_m0 2.10 H_m1 3.18 | a-0.0797 c2.3526 ent0.0299 VRAM 27MB
Ep 2100 | M0_PDR 0.695 | M1_PDR 0.471 | H_m0 2.27 H_m1 3.15 | a-0.0800 c2.6042 ent0.0294 VRAM 27MB
Ep 2150 | M0_PDR 0.677 | M1_PDR 0.497 | H_m0 2.30 H_m1 3.14 | a-0.0791 c2.6633 ent0.0289 VRAM 27MB
Ep 2200 | M0_PDR 0.683 | M1_PDR 0.498 | H_m0 2.32 H_m1 3.17 | a-0.0783 c1.8385 ent0.0284 VRAM 27MB
Ep 2250 | M0_PDR 0.673 | M1_PDR 0.480 | H_m0 2.18 H_m1 3.16 | a-0.0753 c3.5998 ent0.0279 VRAM 27MB
Ep 2300 | M0_PDR 0.697 | M1_PDR 0.500 | H_m0 2.15 H_m1 3.17 | a-0.0736 c2.2824 ent0.0275 VRAM 27MB
Ep 2350 | M0_PDR 0.709 | M1_PDR 0.476 | H_m0 2.25 H_m1 3.16 | a-0.0731 c2.3612 ent0.0270 VRAM 27MB
Ep 2400 | M0_PDR 0.681 | M1_PDR 0.481 | H_m0 2.22 H_m1 3.18 | a-0.0716 c3.2558 ent0.0265 VRAM 27MB
Ep 2450 | M0_PDR 0.662 | M1_PDR 0.489 | H_m0 2.24 H_m1 3.18 | a-0.0706 c2.5998 ent0.0260 VRAM 27MB
Ep 2500 | M0_PDR 0.677 | M1_PDR 0.496 | H_m0 2.15 H_m1 3.17 | a-0.0681 c2.3825 ent0.0255 VRAM 27MB
Ep 2550 | M0_PDR 0.686 | M1_PDR 0.513 | H_m0 2.18 H_m1 3.18 | a-0.0675 c2.3948 ent0.0250 VRAM 27MB
Ep 2600 | M0_PDR 0.696 | M1_PDR 0.502 | H_m0 2.10 H_m1 3.16 | a-0.0648 c2.3653 ent0.0245 VRAM 27MB
Ep 2650 | M0_PDR 0.671 | M1_PDR 0.476 | H_m0 2.14 H_m1 3.17 | a-0.0641 c2.7419 ent0.0240 VRAM 27MB
Ep 2700 | M0_PDR 0.701 | M1_PDR 0.474 | H_m0 2.20 H_m1 3.16 | a-0.0634 c2.5535 ent0.0235 VRAM 27MB
Ep 2750 | M0_PDR 0.650 | M1_PDR 0.517 | H_m0 2.33 H_m1 3.17 | a-0.0636 c2.8092 ent0.0230 VRAM 27MB
Ep 2800 | M0_PDR 0.710 | M1_PDR 0.496 | H_m0 2.24 H_m1 3.16 | a-0.0613 c2.1818 ent0.0226 VRAM 27MB
Ep 2850 | M0_PDR 0.716 | M1_PDR 0.484 | H_m0 2.26 H_m1 3.17 | a-0.0602 c2.2569 ent0.0221 VRAM 27MB
Ep 2900 | M0_PDR 0.714 | M1_PDR 0.488 | H_m0 2.24 H_m1 3.17 | a-0.0584 c2.4909 ent0.0216 VRAM 27MB
Ep 2950 | M0_PDR 0.711 | M1_PDR 0.488 | H_m0 2.10 H_m1 3.16 | a-0.0559 c2.3235 ent0.0211 VRAM 27MB
Ep 3000 | M0_PDR 0.709 | M1_PDR 0.467 | H_m0 2.12 H_m1 3.17 | a-0.0546 c2.0291 ent0.0206 VRAM 27MB
Ep 3050 | M0_PDR 0.693 | M1_PDR 0.499 | H_m0 2.15 H_m1 3.17 | a-0.0536 c1.9227 ent0.0201 VRAM 27MB
Ep 3100 | M0_PDR 0.685 | M1_PDR 0.517 | H_m0 2.13 H_m1 3.17 | a-0.0521 c2.1539 ent0.0196 VRAM 27MB
Ep 3150 | M0_PDR 0.667 | M1_PDR 0.484 | H_m0 2.12 H_m1 3.18 | a-0.0510 c2.8562 ent0.0191 VRAM 27MB
Ep 3200 | M0_PDR 0.730 | M1_PDR 0.454 | H_m0 2.06 H_m1 3.18 | a-0.0492 c2.2800 ent0.0186 VRAM 27MB
Ep 3250 | M0_PDR 0.721 | M1_PDR 0.496 | H_m0 2.09 H_m1 3.18 | a-0.0480 c2.1892 ent0.0181 VRAM 27MB
Ep 3300 | M0_PDR 0.674 | M1_PDR 0.477 | H_m0 2.17 H_m1 3.17 | a-0.0473 c3.0228 ent0.0177 VRAM 27MB
Ep 3350 | M0_PDR 0.674 | M1_PDR 0.487 | H_m0 2.02 H_m1 3.16 | a-0.0448 c2.6687 ent0.0172 VRAM 27MB
Ep 3400 | M0_PDR 0.719 | M1_PDR 0.477 | H_m0 1.95 H_m1 3.14 | a-0.0428 c2.5573 ent0.0167 VRAM 27MB
Ep 3450 | M0_PDR 0.714 | M1_PDR 0.498 | H_m0 1.94 H_m1 3.13 | a-0.0413 c1.8881 ent0.0162 VRAM 27MB
Ep 3500 | M0_PDR 0.690 | M1_PDR 0.514 | H_m0 2.04 H_m1 3.14 | a-0.0408 c2.8817 ent0.0157 VRAM 27MB
Ep 3550 | M0_PDR 0.739 | M1_PDR 0.461 | H_m0 1.98 H_m1 3.14 | a-0.0392 c2.1435 ent0.0152 VRAM 27MB
Ep 3600 | M0_PDR 0.729 | M1_PDR 0.467 | H_m0 1.97 H_m1 3.12 | a-0.0377 c2.8487 ent0.0147 VRAM 27MB
Ep 3650 | M0_PDR 0.730 | M1_PDR 0.496 | H_m0 1.93 H_m1 3.13 | a-0.0362 c2.1953 ent0.0142 VRAM 27MB
Ep 3700 | M0_PDR 0.727 | M1_PDR 0.485 | H_m0 1.91 H_m1 3.12 | a-0.0346 c2.0383 ent0.0137 VRAM 27MB
Ep 3750 | M0_PDR 0.696 | M1_PDR 0.472 | H_m0 1.92 H_m1 3.14 | a-0.0338 c1.9211 ent0.0132 VRAM 27MB
Ep 3800 | M0_PDR 0.682 | M1_PDR 0.467 | H_m0 1.93 H_m1 3.13 | a-0.0326 c2.5867 ent0.0128 VRAM 27MB
Ep 3850 | M0_PDR 0.690 | M1_PDR 0.501 | H_m0 1.87 H_m1 3.13 | a-0.0309 c2.4822 ent0.0123 VRAM 27MB
Ep 3900 | M0_PDR 0.714 | M1_PDR 0.512 | H_m0 1.85 H_m1 3.14 | a-0.0294 c2.1898 ent0.0118 VRAM 27MB
Ep 3950 | M0_PDR 0.711 | M1_PDR 0.467 | H_m0 1.82 H_m1 3.14 | a-0.0280 c1.8307 ent0.0113 VRAM 27MB
Ep 4000 | M0_PDR 0.702 | M1_PDR 0.518 | H_m0 1.80 H_m1 3.15 | a-0.0268 c2.7904 ent0.0108 VRAM 27MB
Ep 4050 | M0_PDR 0.679 | M1_PDR 0.505 | H_m0 1.81 H_m1 3.14 | a-0.0256 c2.7733 ent0.0103 VRAM 27MB
Ep 4100 | M0_PDR 0.668 | M1_PDR 0.481 | H_m0 1.79 H_m1 3.14 | a-0.0244 c2.4625 ent0.0098 VRAM 27MB
Ep 4150 | M0_PDR 0.701 | M1_PDR 0.476 | H_m0 1.77 H_m1 3.14 | a-0.0230 c2.6094 ent0.0093 VRAM 27MB
Ep 4200 | M0_PDR 0.700 | M1_PDR 0.484 | H_m0 1.77 H_m1 3.14 | a-0.0218 c2.4974 ent0.0088 VRAM 27MB
Ep 4250 | M0_PDR 0.677 | M1_PDR 0.450 | H_m0 1.79 H_m1 3.13 | a-0.0206 c2.6813 ent0.0083 VRAM 27MB
Ep 4300 | M0_PDR 0.712 | M1_PDR 0.479 | H_m0 1.78 H_m1 3.13 | a-0.0194 c2.0753 ent0.0079 VRAM 27MB
Ep 4350 | M0_PDR 0.682 | M1_PDR 0.486 | H_m0 1.79 H_m1 3.14 | a-0.0183 c2.2592 ent0.0074 VRAM 27MB
Ep 4400 | M0_PDR 0.694 | M1_PDR 0.453 | H_m0 1.77 H_m1 3.13 | a-0.0170 c3.0132 ent0.0069 VRAM 27MB
Ep 4450 | M0_PDR 0.713 | M1_PDR 0.472 | H_m0 1.76 H_m1 3.13 | a-0.0157 c1.9290 ent0.0064 VRAM 27MB
Ep 4500 | M0_PDR 0.721 | M1_PDR 0.482 | H_m0 1.75 H_m1 3.13 | a-0.0144 c2.5805 ent0.0059 VRAM 27MB
Ep 4550 | M0_PDR 0.728 | M1_PDR 0.509 | H_m0 1.74 H_m1 3.13 | a-0.0133 c1.6951 ent0.0054 VRAM 27MB
Ep 4600 | M0_PDR 0.710 | M1_PDR 0.453 | H_m0 1.75 H_m1 3.13 | a-0.0119 c1.8267 ent0.0049 VRAM 27MB
Ep 4650 | M0_PDR 0.703 | M1_PDR 0.494 | H_m0 1.74 H_m1 3.13 | a-0.0108 c2.3183 ent0.0044 VRAM 27MB
Ep 4700 | M0_PDR 0.744 | M1_PDR 0.481 | H_m0 1.73 H_m1 3.12 | a-0.0096 c2.4955 ent0.0039 VRAM 27MB
Ep 4750 | M0_PDR 0.697 | M1_PDR 0.452 | H_m0 1.73 H_m1 3.12 | a-0.0084 c2.6689 ent0.0034 VRAM 27MB
Ep 4800 | M0_PDR 0.667 | M1_PDR 0.498 | H_m0 1.74 H_m1 3.13 | a-0.0072 c2.2586 ent0.0030 VRAM 27MB
Ep 4850 | M0_PDR 0.660 | M1_PDR 0.526 | H_m0 1.74 H_m1 3.12 | a-0.0060 c2.7434 ent0.0025 VRAM 27MB
Ep 4900 | M0_PDR 0.701 | M1_PDR 0.471 | H_m0 1.72 H_m1 3.12 | a-0.0048 c2.6341 ent0.0020 VRAM 27MB
Ep 4950 | M0_PDR 0.707 | M1_PDR 0.465 | H_m0 1.72 H_m1 3.12 | a-0.0036 c2.6901 ent0.0015 VRAM 27MB

Training complete. Running 100 eval episodes...

  Eval ep   0: M0_PDR=0.738  M1_PDR=0.504
  Eval ep  20: M0_PDR=0.693  M1_PDR=0.463
  Eval ep  40: M0_PDR=0.717  M1_PDR=0.496
  Eval ep  60: M0_PDR=0.715  M1_PDR=0.441
  Eval ep  80: M0_PDR=0.722  M1_PDR=0.486

=== Eval Summary (100 episodes) ===
  M0_PDR_mean         : 0.6992
  M0_PDR_p05 (across) : 0.6608
  M0_PDR_p05 (intra)  : 0.1081
  M1_PDR_mean         : 0.4902
  M0_SINR_mean (dB)   : 14.68
  M1_SINR_mean (dB)   : 0.70
  M0_collision_rate   : 0.672
  M0_collision_within_pool : 0.360
  M1_collision_within_pool : 0.359

Result saved -> results/_A_N6_seed2_5000ep.json
  N=6  rho=1.2  M0_PDR=0.699  M1_PDR=0.490
[NS3Bridge] Shutdown complete.
Run complete.
