[seed] all RNGs seeded with 2
GPU : NVIDIA GeForce RTX 3060
VRAM: 12.9 GB
Device          : cuda:0
Actor M0 params : 21,273
Actor M1 params : 21,273
Critic params   : 84,993
obs_dim=11  action_dim=25  gs_dim=71
M0 count: 3  M1 count: 3
Training for 5000 episodes (Config A_N6_seed2_5000ep_gaefix, N=6)...

[NS3Bridge] Connected tcp://localhost:6966
Ep    0 | M0_PDR 0.593 | M1_PDR 0.569 | H_m0 3.22 H_m1 3.22 | a-0.1642 c64.7883 ent0.0500 VRAM 27MB
Ep   50 | M0_PDR 0.658 | M1_PDR 0.565 | H_m0 3.20 H_m1 3.20 | a-0.1597 c47.7291 ent0.0495 VRAM 27MB
Ep  100 | M0_PDR 0.619 | M1_PDR 0.551 | H_m0 3.17 H_m1 3.20 | a-0.1569 c37.8635 ent0.0490 VRAM 27MB
Ep  150 | M0_PDR 0.622 | M1_PDR 0.573 | H_m0 3.19 H_m1 3.21 | a-0.1559 c37.4071 ent0.0485 VRAM 27MB
Ep  200 | M0_PDR 0.648 | M1_PDR 0.545 | H_m0 3.10 H_m1 3.21 | a-0.1521 c40.8679 ent0.0480 VRAM 27MB
Ep  250 | M0_PDR 0.631 | M1_PDR 0.519 | H_m0 3.12 H_m1 3.20 | a-0.1507 c38.8457 ent0.0475 VRAM 27MB
Ep  300 | M0_PDR 0.607 | M1_PDR 0.544 | H_m0 3.03 H_m1 3.20 | a-0.1474 c35.9277 ent0.0471 VRAM 27MB
Ep  350 | M0_PDR 0.635 | M1_PDR 0.559 | H_m0 3.12 H_m1 3.19 | a-0.1475 c38.9674 ent0.0466 VRAM 27MB
Ep  400 | M0_PDR 0.612 | M1_PDR 0.548 | H_m0 3.13 H_m1 3.20 | a-0.1470 c36.3730 ent0.0461 VRAM 27MB
Ep  450 | M0_PDR 0.637 | M1_PDR 0.563 | H_m0 3.14 H_m1 3.21 | a-0.1456 c39.2953 ent0.0456 VRAM 27MB
Ep  500 | M0_PDR 0.651 | M1_PDR 0.519 | H_m0 3.14 H_m1 3.20 | a-0.1439 c40.3696 ent0.0451 VRAM 27MB
Ep  550 | M0_PDR 0.664 | M1_PDR 0.541 | H_m0 3.16 H_m1 3.21 | a-0.1426 c41.6505 ent0.0446 VRAM 27MB
Ep  600 | M0_PDR 0.629 | M1_PDR 0.537 | H_m0 3.12 H_m1 3.20 | a-0.1404 c38.0357 ent0.0441 VRAM 27MB
Ep  650 | M0_PDR 0.622 | M1_PDR 0.522 | H_m0 3.13 H_m1 3.21 | a-0.1389 c36.9032 ent0.0436 VRAM 27MB
Ep  700 | M0_PDR 0.631 | M1_PDR 0.495 | H_m0 3.14 H_m1 3.21 | a-0.1376 c38.6222 ent0.0431 VRAM 27MB
Ep  750 | M0_PDR 0.621 | M1_PDR 0.535 | H_m0 3.15 H_m1 3.21 | a-0.1364 c36.2561 ent0.0426 VRAM 27MB
Ep  800 | M0_PDR 0.621 | M1_PDR 0.537 | H_m0 3.11 H_m1 3.21 | a-0.1338 c36.4772 ent0.0422 VRAM 27MB
Ep  850 | M0_PDR 0.685 | M1_PDR 0.483 | H_m0 3.06 H_m1 3.21 | a-0.1312 c44.9428 ent0.0417 VRAM 27MB
Ep  900 | M0_PDR 0.590 | M1_PDR 0.528 | H_m0 3.00 H_m1 3.22 | a-0.1285 c34.6924 ent0.0412 VRAM 27MB
Ep  950 | M0_PDR 0.579 | M1_PDR 0.572 | H_m0 3.13 H_m1 3.22 | a-0.1296 c32.7653 ent0.0407 VRAM 27MB
Ep 1000 | M0_PDR 0.639 | M1_PDR 0.523 | H_m0 3.17 H_m1 3.22 | a-0.1287 c38.9100 ent0.0402 VRAM 27MB
Ep 1050 | M0_PDR 0.633 | M1_PDR 0.547 | H_m0 3.13 H_m1 3.21 | a-0.1264 c38.6445 ent0.0397 VRAM 27MB
Ep 1100 | M0_PDR 0.707 | M1_PDR 0.495 | H_m0 3.05 H_m1 3.21 | a-0.1239 c47.5981 ent0.0392 VRAM 27MB
Ep 1150 | M0_PDR 0.659 | M1_PDR 0.526 | H_m0 2.99 H_m1 3.21 | a-0.1202 c40.9705 ent0.0387 VRAM 27MB
Ep 1200 | M0_PDR 0.574 | M1_PDR 0.550 | H_m0 3.08 H_m1 3.21 | a-0.1209 c32.5030 ent0.0382 VRAM 27MB
Ep 1250 | M0_PDR 0.601 | M1_PDR 0.527 | H_m0 3.13 H_m1 3.21 | a-0.1201 c34.7222 ent0.0377 VRAM 27MB
Ep 1300 | M0_PDR 0.589 | M1_PDR 0.537 | H_m0 3.14 H_m1 3.22 | a-0.1187 c33.2936 ent0.0373 VRAM 27MB
Ep 1350 | M0_PDR 0.642 | M1_PDR 0.534 | H_m0 3.15 H_m1 3.21 | a-0.1175 c39.5885 ent0.0368 VRAM 27MB
Ep 1400 | M0_PDR 0.643 | M1_PDR 0.539 | H_m0 3.14 H_m1 3.20 | a-0.1158 c38.3508 ent0.0363 VRAM 27MB
Ep 1450 | M0_PDR 0.616 | M1_PDR 0.516 | H_m0 3.11 H_m1 3.20 | a-0.1134 c37.2124 ent0.0358 VRAM 27MB
Ep 1500 | M0_PDR 0.641 | M1_PDR 0.521 | H_m0 3.16 H_m1 3.21 | a-0.1128 c39.1135 ent0.0353 VRAM 27MB
Ep 1550 | M0_PDR 0.649 | M1_PDR 0.538 | H_m0 3.12 H_m1 3.21 | a-0.1105 c39.7720 ent0.0348 VRAM 27MB
Ep 1600 | M0_PDR 0.647 | M1_PDR 0.521 | H_m0 3.07 H_m1 3.21 | a-0.1080 c40.0160 ent0.0343 VRAM 27MB
Ep 1650 | M0_PDR 0.642 | M1_PDR 0.518 | H_m0 3.06 H_m1 3.21 | a-0.1072 c39.6856 ent0.0338 VRAM 27MB
Ep 1700 | M0_PDR 0.639 | M1_PDR 0.522 | H_m0 3.07 H_m1 3.20 | a-0.1049 c39.9100 ent0.0333 VRAM 27MB
Ep 1750 | M0_PDR 0.654 | M1_PDR 0.499 | H_m0 3.10 H_m1 3.20 | a-0.1036 c41.0556 ent0.0328 VRAM 27MB
Ep 1800 | M0_PDR 0.660 | M1_PDR 0.479 | H_m0 3.00 H_m1 3.19 | a-0.1007 c44.5233 ent0.0324 VRAM 27MB
Ep 1850 | M0_PDR 0.620 | M1_PDR 0.526 | H_m0 2.98 H_m1 3.19 | a-0.0986 c37.8299 ent0.0319 VRAM 27MB
Ep 1900 | M0_PDR 0.628 | M1_PDR 0.513 | H_m0 3.02 H_m1 3.19 | a-0.0978 c37.5664 ent0.0314 VRAM 27MB
Ep 1950 | M0_PDR 0.639 | M1_PDR 0.515 | H_m0 3.07 H_m1 3.20 | a-0.0971 c40.0537 ent0.0309 VRAM 27MB
Ep 2000 | M0_PDR 0.617 | M1_PDR 0.524 | H_m0 3.08 H_m1 3.21 | a-0.0956 c37.7876 ent0.0304 VRAM 27MB
Ep 2050 | M0_PDR 0.616 | M1_PDR 0.533 | H_m0 3.11 H_m1 3.21 | a-0.0948 c36.9903 ent0.0299 VRAM 27MB
Ep 2100 | M0_PDR 0.628 | M1_PDR 0.536 | H_m0 3.09 H_m1 3.20 | a-0.0927 c38.6563 ent0.0294 VRAM 27MB
Ep 2150 | M0_PDR 0.615 | M1_PDR 0.538 | H_m0 3.13 H_m1 3.21 | a-0.0919 c37.3764 ent0.0289 VRAM 27MB
Ep 2200 | M0_PDR 0.629 | M1_PDR 0.518 | H_m0 3.08 H_m1 3.21 | a-0.0894 c37.4890 ent0.0284 VRAM 27MB
Ep 2250 | M0_PDR 0.622 | M1_PDR 0.525 | H_m0 3.04 H_m1 3.21 | a-0.0877 c38.2405 ent0.0279 VRAM 27MB
Ep 2300 | M0_PDR 0.627 | M1_PDR 0.552 | H_m0 3.12 H_m1 3.21 | a-0.0872 c36.9647 ent0.0275 VRAM 27MB
Ep 2350 | M0_PDR 0.651 | M1_PDR 0.536 | H_m0 3.08 H_m1 3.21 | a-0.0850 c40.3063 ent0.0270 VRAM 27MB
Ep 2400 | M0_PDR 0.642 | M1_PDR 0.537 | H_m0 3.02 H_m1 3.21 | a-0.0830 c39.1012 ent0.0265 VRAM 27MB
Ep 2450 | M0_PDR 0.641 | M1_PDR 0.543 | H_m0 3.02 H_m1 3.21 | a-0.0813 c39.8867 ent0.0260 VRAM 27MB
Ep 2500 | M0_PDR 0.647 | M1_PDR 0.497 | H_m0 2.99 H_m1 3.21 | a-0.0793 c40.2576 ent0.0255 VRAM 27MB
Ep 2550 | M0_PDR 0.660 | M1_PDR 0.525 | H_m0 3.08 H_m1 3.21 | a-0.0789 c41.8288 ent0.0250 VRAM 27MB
Ep 2600 | M0_PDR 0.641 | M1_PDR 0.536 | H_m0 3.04 H_m1 3.21 | a-0.0769 c39.4370 ent0.0245 VRAM 27MB
Ep 2650 | M0_PDR 0.657 | M1_PDR 0.528 | H_m0 3.06 H_m1 3.21 | a-0.0759 c40.3973 ent0.0240 VRAM 27MB
Ep 2700 | M0_PDR 0.673 | M1_PDR 0.560 | H_m0 3.02 H_m1 3.21 | a-0.0737 c42.6537 ent0.0235 VRAM 27MB
Ep 2750 | M0_PDR 0.646 | M1_PDR 0.527 | H_m0 3.04 H_m1 3.21 | a-0.0723 c39.2039 ent0.0230 VRAM 27MB
Ep 2800 | M0_PDR 0.661 | M1_PDR 0.517 | H_m0 3.04 H_m1 3.21 | a-0.0708 c41.9464 ent0.0226 VRAM 27MB
Ep 2850 | M0_PDR 0.643 | M1_PDR 0.502 | H_m0 2.99 H_m1 3.22 | a-0.0687 c40.1033 ent0.0221 VRAM 27MB
Ep 2900 | M0_PDR 0.673 | M1_PDR 0.506 | H_m0 2.97 H_m1 3.21 | a-0.0670 c43.4958 ent0.0216 VRAM 27MB
Ep 2950 | M0_PDR 0.658 | M1_PDR 0.535 | H_m0 3.06 H_m1 3.21 | a-0.0662 c41.3881 ent0.0211 VRAM 27MB
Ep 3000 | M0_PDR 0.645 | M1_PDR 0.535 | H_m0 3.05 H_m1 3.21 | a-0.0646 c39.7185 ent0.0206 VRAM 27MB
Ep 3050 | M0_PDR 0.660 | M1_PDR 0.542 | H_m0 3.07 H_m1 3.21 | a-0.0633 c41.4497 ent0.0201 VRAM 27MB
Ep 3100 | M0_PDR 0.688 | M1_PDR 0.543 | H_m0 3.07 H_m1 3.21 | a-0.0617 c43.5677 ent0.0196 VRAM 27MB
Ep 3150 | M0_PDR 0.608 | M1_PDR 0.526 | H_m0 3.03 H_m1 3.21 | a-0.0598 c36.5032 ent0.0191 VRAM 27MB
Ep 3200 | M0_PDR 0.673 | M1_PDR 0.502 | H_m0 2.99 H_m1 3.21 | a-0.0579 c44.4000 ent0.0186 VRAM 27MB
Ep 3250 | M0_PDR 0.658 | M1_PDR 0.520 | H_m0 2.98 H_m1 3.21 | a-0.0563 c40.4851 ent0.0181 VRAM 27MB
Ep 3300 | M0_PDR 0.649 | M1_PDR 0.528 | H_m0 2.94 H_m1 3.21 | a-0.0544 c40.3737 ent0.0177 VRAM 27MB
Ep 3350 | M0_PDR 0.664 | M1_PDR 0.508 | H_m0 2.89 H_m1 3.21 | a-0.0528 c42.5306 ent0.0172 VRAM 27MB
Ep 3400 | M0_PDR 0.697 | M1_PDR 0.494 | H_m0 2.84 H_m1 3.21 | a-0.0506 c46.1301 ent0.0167 VRAM 27MB
Ep 3450 | M0_PDR 0.616 | M1_PDR 0.505 | H_m0 2.84 H_m1 3.21 | a-0.0491 c36.4487 ent0.0162 VRAM 27MB
Ep 3500 | M0_PDR 0.624 | M1_PDR 0.522 | H_m0 2.88 H_m1 3.21 | a-0.0479 c37.8892 ent0.0157 VRAM 27MB
Ep 3550 | M0_PDR 0.630 | M1_PDR 0.480 | H_m0 2.94 H_m1 3.21 | a-0.0469 c38.8662 ent0.0152 VRAM 27MB
Ep 3600 | M0_PDR 0.676 | M1_PDR 0.528 | H_m0 2.92 H_m1 3.21 | a-0.0454 c42.3641 ent0.0147 VRAM 27MB
Ep 3650 | M0_PDR 0.656 | M1_PDR 0.497 | H_m0 2.94 H_m1 3.21 | a-0.0439 c41.2643 ent0.0142 VRAM 27MB
Ep 3700 | M0_PDR 0.677 | M1_PDR 0.505 | H_m0 2.91 H_m1 3.21 | a-0.0422 c43.8243 ent0.0137 VRAM 27MB
Ep 3750 | M0_PDR 0.683 | M1_PDR 0.543 | H_m0 2.88 H_m1 3.21 | a-0.0403 c43.8067 ent0.0132 VRAM 27MB
Ep 3800 | M0_PDR 0.647 | M1_PDR 0.494 | H_m0 2.89 H_m1 3.21 | a-0.0391 c40.8243 ent0.0128 VRAM 27MB
Ep 3850 | M0_PDR 0.639 | M1_PDR 0.495 | H_m0 2.86 H_m1 3.21 | a-0.0374 c39.8989 ent0.0123 VRAM 27MB
Ep 3900 | M0_PDR 0.670 | M1_PDR 0.495 | H_m0 2.86 H_m1 3.21 | a-0.0358 c42.0614 ent0.0118 VRAM 27MB
Ep 3950 | M0_PDR 0.652 | M1_PDR 0.491 | H_m0 2.87 H_m1 3.21 | a-0.0344 c41.1479 ent0.0113 VRAM 27MB
Ep 4000 | M0_PDR 0.647 | M1_PDR 0.548 | H_m0 2.86 H_m1 3.21 | a-0.0328 c38.7139 ent0.0108 VRAM 27MB
Ep 4050 | M0_PDR 0.625 | M1_PDR 0.529 | H_m0 2.85 H_m1 3.21 | a-0.0314 c38.7146 ent0.0103 VRAM 27MB
Ep 4100 | M0_PDR 0.669 | M1_PDR 0.512 | H_m0 2.84 H_m1 3.21 | a-0.0297 c42.8702 ent0.0098 VRAM 27MB
Ep 4150 | M0_PDR 0.644 | M1_PDR 0.504 | H_m0 2.85 H_m1 3.21 | a-0.0283 c39.6800 ent0.0093 VRAM 27MB
Ep 4200 | M0_PDR 0.688 | M1_PDR 0.499 | H_m0 2.84 H_m1 3.21 | a-0.0267 c45.1425 ent0.0088 VRAM 27MB
Ep 4250 | M0_PDR 0.633 | M1_PDR 0.503 | H_m0 2.84 H_m1 3.21 | a-0.0253 c39.4623 ent0.0083 VRAM 27MB
Ep 4300 | M0_PDR 0.652 | M1_PDR 0.485 | H_m0 2.81 H_m1 3.21 | a-0.0237 c42.4233 ent0.0079 VRAM 27MB
Ep 4350 | M0_PDR 0.663 | M1_PDR 0.493 | H_m0 2.80 H_m1 3.21 | a-0.0222 c42.5967 ent0.0074 VRAM 27MB
Ep 4400 | M0_PDR 0.707 | M1_PDR 0.480 | H_m0 2.79 H_m1 3.21 | a-0.0207 c48.3624 ent0.0069 VRAM 27MB
Ep 4450 | M0_PDR 0.660 | M1_PDR 0.477 | H_m0 2.79 H_m1 3.21 | a-0.0192 c42.4581 ent0.0064 VRAM 27MB
Ep 4500 | M0_PDR 0.659 | M1_PDR 0.531 | H_m0 2.80 H_m1 3.21 | a-0.0177 c41.3067 ent0.0059 VRAM 27MB
Ep 4550 | M0_PDR 0.684 | M1_PDR 0.503 | H_m0 2.77 H_m1 3.21 | a-0.0162 c45.4765 ent0.0054 VRAM 27MB
Ep 4600 | M0_PDR 0.684 | M1_PDR 0.502 | H_m0 2.77 H_m1 3.21 | a-0.0147 c45.3004 ent0.0049 VRAM 27MB
Ep 4650 | M0_PDR 0.700 | M1_PDR 0.487 | H_m0 2.75 H_m1 3.21 | a-0.0132 c46.3551 ent0.0044 VRAM 27MB
Ep 4700 | M0_PDR 0.687 | M1_PDR 0.529 | H_m0 2.73 H_m1 3.21 | a-0.0117 c45.8324 ent0.0039 VRAM 27MB
Ep 4750 | M0_PDR 0.677 | M1_PDR 0.505 | H_m0 2.73 H_m1 3.21 | a-0.0103 c43.1093 ent0.0034 VRAM 27MB
Ep 4800 | M0_PDR 0.627 | M1_PDR 0.506 | H_m0 2.74 H_m1 3.21 | a-0.0088 c39.4982 ent0.0030 VRAM 27MB
Ep 4850 | M0_PDR 0.667 | M1_PDR 0.540 | H_m0 2.72 H_m1 3.21 | a-0.0073 c41.1354 ent0.0025 VRAM 27MB
Ep 4900 | M0_PDR 0.661 | M1_PDR 0.492 | H_m0 2.69 H_m1 3.21 | a-0.0058 c41.8669 ent0.0020 VRAM 27MB
Ep 4950 | M0_PDR 0.686 | M1_PDR 0.472 | H_m0 2.69 H_m1 3.21 | a-0.0044 c43.3921 ent0.0015 VRAM 27MB

Training complete. Running 100 eval episodes...

  Eval ep   0: M0_PDR=0.678  M1_PDR=0.519
  Eval ep  20: M0_PDR=0.670  M1_PDR=0.492
  Eval ep  40: M0_PDR=0.654  M1_PDR=0.505
  Eval ep  60: M0_PDR=0.668  M1_PDR=0.454
  Eval ep  80: M0_PDR=0.712  M1_PDR=0.487

=== Eval Summary (100 episodes) ===
  M0_PDR_mean         : 0.6745
  M0_PDR_p05 (across) : 0.6458
  M0_PDR_p05 (intra)  : 0.0767
  M1_PDR_mean         : 0.4959
  M0_SINR_mean (dB)   : 12.70
  M1_SINR_mean (dB)   : -0.61
  M0_collision_rate   : 0.673
  M0_collision_within_pool : 0.362
  M1_collision_within_pool : 0.358

Result saved -> results/_A_N6_seed2_5000ep_gaefix.json
  N=6  rho=1.2  M0_PDR=0.674  M1_PDR=0.496
[NS3Bridge] Shutdown complete.
Run complete.
