[seed] all RNGs seeded with 1
GPU : NVIDIA GeForce RTX 3060
VRAM: 12.9 GB
Device          : cuda:0
Actor M0 params : 21,273
Actor M1 params : 21,273
Critic params   : 87,809
obs_dim=11  action_dim=25  gs_dim=71
M0 count: 3  M1 count: 3
Training for 5000 episodes (Config A_N6_seed1_5000ep_gaefix_g05_ent01_as, N=6)...

[NS3Bridge] Connected tcp://localhost:9166
Ep    0 | M0_PDR 0.592 | M1_PDR 0.553 | H_m0 3.21 H_m1 3.22 | a-0.0380 c0.7418 ent0.0100 VRAM 28MB
Ep   50 | M0_PDR 0.657 | M1_PDR 0.585 | H_m0 1.82 H_m1 2.18 | a-0.0241 c0.1916 ent0.0099 VRAM 28MB
Ep  100 | M0_PDR 0.638 | M1_PDR 0.557 | H_m0 1.64 H_m1 1.97 | a-0.0166 c0.1788 ent0.0098 VRAM 28MB
Ep  150 | M0_PDR 0.659 | M1_PDR 0.556 | H_m0 1.64 H_m1 2.10 | a-0.0189 c0.1631 ent0.0097 VRAM 28MB
Ep  200 | M0_PDR 0.661 | M1_PDR 0.616 | H_m0 1.63 H_m1 1.68 | a-0.0184 c0.1603 ent0.0096 VRAM 28MB
Ep  250 | M0_PDR 0.635 | M1_PDR 0.623 | H_m0 1.63 H_m1 1.83 | a-0.0195 c0.1901 ent0.0095 VRAM 28MB
Ep  300 | M0_PDR 0.664 | M1_PDR 0.598 | H_m0 1.61 H_m1 1.85 | a-0.0208 c0.2011 ent0.0095 VRAM 28MB
Ep  350 | M0_PDR 0.651 | M1_PDR 0.558 | H_m0 1.60 H_m1 1.97 | a-0.0202 c0.1601 ent0.0094 VRAM 28MB
Ep  400 | M0_PDR 0.672 | M1_PDR 0.568 | H_m0 1.63 H_m1 1.95 | a-0.0163 c0.1727 ent0.0093 VRAM 28MB
Ep  450 | M0_PDR 0.632 | M1_PDR 0.622 | H_m0 1.62 H_m1 1.99 | a-0.0203 c0.1706 ent0.0092 VRAM 28MB
Ep  500 | M0_PDR 0.659 | M1_PDR 0.598 | H_m0 1.60 H_m1 1.78 | a-0.0156 c0.1679 ent0.0091 VRAM 28MB
Ep  550 | M0_PDR 0.643 | M1_PDR 0.592 | H_m0 1.58 H_m1 1.68 | a-0.0178 c0.1534 ent0.0090 VRAM 28MB
Ep  600 | M0_PDR 0.656 | M1_PDR 0.589 | H_m0 1.61 H_m1 1.84 | a-0.0162 c0.1625 ent0.0089 VRAM 28MB
Ep  650 | M0_PDR 0.659 | M1_PDR 0.593 | H_m0 1.62 H_m1 1.76 | a-0.0168 c0.1538 ent0.0088 VRAM 28MB
Ep  700 | M0_PDR 0.606 | M1_PDR 0.593 | H_m0 1.62 H_m1 1.70 | a-0.0145 c0.1672 ent0.0087 VRAM 28MB
Ep  750 | M0_PDR 0.701 | M1_PDR 0.591 | H_m0 1.61 H_m1 1.75 | a-0.0142 c0.1429 ent0.0086 VRAM 28MB
Ep  800 | M0_PDR 0.646 | M1_PDR 0.585 | H_m0 1.61 H_m1 1.76 | a-0.0165 c0.1638 ent0.0086 VRAM 28MB
Ep  850 | M0_PDR 0.645 | M1_PDR 0.620 | H_m0 1.62 H_m1 1.80 | a-0.0169 c0.1758 ent0.0085 VRAM 28MB
Ep  900 | M0_PDR 0.614 | M1_PDR 0.598 | H_m0 1.61 H_m1 1.70 | a-0.0148 c0.1864 ent0.0084 VRAM 28MB
Ep  950 | M0_PDR 0.644 | M1_PDR 0.578 | H_m0 1.61 H_m1 1.80 | a-0.0166 c0.1695 ent0.0083 VRAM 28MB
Ep 1000 | M0_PDR 0.681 | M1_PDR 0.555 | H_m0 1.61 H_m1 1.77 | a-0.0149 c0.1641 ent0.0082 VRAM 28MB
Ep 1050 | M0_PDR 0.668 | M1_PDR 0.608 | H_m0 1.62 H_m1 1.78 | a-0.0153 c0.1527 ent0.0081 VRAM 28MB
Ep 1100 | M0_PDR 0.650 | M1_PDR 0.571 | H_m0 1.62 H_m1 1.74 | a-0.0138 c0.1665 ent0.0080 VRAM 28MB
Ep 1150 | M0_PDR 0.660 | M1_PDR 0.577 | H_m0 1.62 H_m1 1.76 | a-0.0149 c0.1609 ent0.0079 VRAM 28MB
Ep 1200 | M0_PDR 0.680 | M1_PDR 0.567 | H_m0 1.61 H_m1 1.77 | a-0.0151 c0.1511 ent0.0078 VRAM 28MB
Ep 1250 | M0_PDR 0.645 | M1_PDR 0.601 | H_m0 1.62 H_m1 1.71 | a-0.0131 c0.1632 ent0.0077 VRAM 28MB
Ep 1300 | M0_PDR 0.705 | M1_PDR 0.583 | H_m0 1.61 H_m1 1.72 | a-0.0137 c0.1454 ent0.0077 VRAM 28MB
Ep 1350 | M0_PDR 0.660 | M1_PDR 0.549 | H_m0 1.61 H_m1 1.76 | a-0.0139 c0.1619 ent0.0076 VRAM 28MB
Ep 1400 | M0_PDR 0.695 | M1_PDR 0.595 | H_m0 1.61 H_m1 1.73 | a-0.0129 c0.1624 ent0.0075 VRAM 28MB
Ep 1450 | M0_PDR 0.688 | M1_PDR 0.579 | H_m0 1.60 H_m1 1.70 | a-0.0126 c0.1558 ent0.0074 VRAM 28MB
Ep 1500 | M0_PDR 0.630 | M1_PDR 0.591 | H_m0 1.61 H_m1 1.67 | a-0.0124 c0.1705 ent0.0073 VRAM 28MB
Ep 1550 | M0_PDR 0.672 | M1_PDR 0.566 | H_m0 1.61 H_m1 1.67 | a-0.0119 c0.1667 ent0.0072 VRAM 28MB
Ep 1600 | M0_PDR 0.649 | M1_PDR 0.579 | H_m0 1.62 H_m1 1.67 | a-0.0109 c0.1601 ent0.0071 VRAM 28MB
Ep 1650 | M0_PDR 0.651 | M1_PDR 0.594 | H_m0 1.62 H_m1 1.63 | a-0.0114 c0.1720 ent0.0070 VRAM 28MB
Ep 1700 | M0_PDR 0.669 | M1_PDR 0.603 | H_m0 1.61 H_m1 1.71 | a-0.0123 c0.1454 ent0.0069 VRAM 28MB
Ep 1750 | M0_PDR 0.640 | M1_PDR 0.591 | H_m0 1.61 H_m1 1.64 | a-0.0111 c0.1689 ent0.0068 VRAM 28MB
Ep 1800 | M0_PDR 0.653 | M1_PDR 0.584 | H_m0 1.61 H_m1 1.65 | a-0.0118 c0.1621 ent0.0068 VRAM 28MB
Ep 1850 | M0_PDR 0.627 | M1_PDR 0.591 | H_m0 1.62 H_m1 1.68 | a-0.0114 c0.1661 ent0.0067 VRAM 28MB
Ep 1900 | M0_PDR 0.677 | M1_PDR 0.579 | H_m0 1.61 H_m1 1.80 | a-0.0114 c0.1655 ent0.0066 VRAM 28MB
Ep 1950 | M0_PDR 0.665 | M1_PDR 0.568 | H_m0 1.60 H_m1 1.76 | a-0.0107 c0.1508 ent0.0065 VRAM 28MB
Ep 2000 | M0_PDR 0.626 | M1_PDR 0.565 | H_m0 1.61 H_m1 1.66 | a-0.0107 c0.1635 ent0.0064 VRAM 28MB
Ep 2050 | M0_PDR 0.664 | M1_PDR 0.589 | H_m0 1.61 H_m1 1.65 | a-0.0099 c0.1674 ent0.0063 VRAM 28MB
Ep 2100 | M0_PDR 0.660 | M1_PDR 0.610 | H_m0 1.61 H_m1 1.65 | a-0.0115 c0.1556 ent0.0062 VRAM 28MB
Ep 2150 | M0_PDR 0.665 | M1_PDR 0.571 | H_m0 1.60 H_m1 1.66 | a-0.0106 c0.1815 ent0.0061 VRAM 28MB
Ep 2200 | M0_PDR 0.665 | M1_PDR 0.589 | H_m0 1.60 H_m1 1.68 | a-0.0108 c0.1530 ent0.0060 VRAM 28MB
Ep 2250 | M0_PDR 0.644 | M1_PDR 0.604 | H_m0 1.59 H_m1 1.74 | a-0.0106 c0.1661 ent0.0059 VRAM 28MB
Ep 2300 | M0_PDR 0.687 | M1_PDR 0.591 | H_m0 1.59 H_m1 1.67 | a-0.0120 c0.1815 ent0.0059 VRAM 28MB
Ep 2350 | M0_PDR 0.673 | M1_PDR 0.599 | H_m0 1.58 H_m1 1.62 | a-0.0096 c0.1511 ent0.0058 VRAM 28MB
Ep 2400 | M0_PDR 0.672 | M1_PDR 0.618 | H_m0 1.57 H_m1 1.62 | a-0.0094 c0.1565 ent0.0057 VRAM 28MB
Ep 2450 | M0_PDR 0.700 | M1_PDR 0.577 | H_m0 1.51 H_m1 1.60 | a-0.0100 c0.1266 ent0.0056 VRAM 28MB
Ep 2500 | M0_PDR 0.725 | M1_PDR 0.614 | H_m0 1.15 H_m1 1.52 | a-0.0107 c0.1262 ent0.0055 VRAM 28MB
Ep 2550 | M0_PDR 0.788 | M1_PDR 0.534 | H_m0 0.69 H_m1 1.13 | a-0.0064 c0.0928 ent0.0054 VRAM 28MB
Ep 2600 | M0_PDR 0.794 | M1_PDR 0.525 | H_m0 0.55 H_m1 1.03 | a-0.0045 c0.0898 ent0.0053 VRAM 28MB
Ep 2650 | M0_PDR 0.813 | M1_PDR 0.534 | H_m0 0.56 H_m1 1.08 | a-0.0044 c0.0902 ent0.0052 VRAM 28MB
Ep 2700 | M0_PDR 0.785 | M1_PDR 0.560 | H_m0 0.60 H_m1 1.14 | a-0.0051 c0.0934 ent0.0051 VRAM 28MB
Ep 2750 | M0_PDR 0.823 | M1_PDR 0.602 | H_m0 0.71 H_m1 1.10 | a-0.0061 c0.0840 ent0.0050 VRAM 28MB
Ep 2800 | M0_PDR 0.825 | M1_PDR 0.665 | H_m0 0.73 H_m1 0.90 | a-0.0049 c0.0903 ent0.0050 VRAM 28MB
Ep 2850 | M0_PDR 0.824 | M1_PDR 0.705 | H_m0 0.68 H_m1 0.63 | a-0.0035 c0.0853 ent0.0049 VRAM 28MB
Ep 2900 | M0_PDR 0.820 | M1_PDR 0.746 | H_m0 0.70 H_m1 0.59 | a-0.0040 c0.0746 ent0.0048 VRAM 28MB
Ep 2950 | M0_PDR 0.804 | M1_PDR 0.724 | H_m0 0.63 H_m1 0.56 | a-0.0027 c0.0965 ent0.0047 VRAM 28MB
Ep 3000 | M0_PDR 0.877 | M1_PDR 0.752 | H_m0 0.43 H_m1 0.50 | a-0.0051 c0.0730 ent0.0046 VRAM 28MB
Ep 3050 | M0_PDR 0.884 | M1_PDR 0.680 | H_m0 0.23 H_m1 0.41 | a-0.0037 c0.0823 ent0.0045 VRAM 28MB
Ep 3100 | M0_PDR 0.967 | M1_PDR 0.701 | H_m0 0.04 H_m1 0.38 | a-0.0013 c0.0303 ent0.0044 VRAM 28MB
Ep 3150 | M0_PDR 0.966 | M1_PDR 0.816 | H_m0 0.02 H_m1 0.32 | a-0.0018 c0.0251 ent0.0043 VRAM 28MB
Ep 3200 | M0_PDR 0.935 | M1_PDR 0.874 | H_m0 0.04 H_m1 0.16 | a-0.0014 c0.0407 ent0.0042 VRAM 28MB
Ep 3250 | M0_PDR 0.940 | M1_PDR 0.901 | H_m0 0.01 H_m1 0.10 | a-0.0002 c0.0386 ent0.0041 VRAM 28MB
Ep 3300 | M0_PDR 0.947 | M1_PDR 0.874 | H_m0 0.01 H_m1 0.09 | a-0.0005 c0.0362 ent0.0041 VRAM 28MB
Ep 3350 | M0_PDR 0.937 | M1_PDR 0.914 | H_m0 0.01 H_m1 0.05 | a0.0002 c0.0341 ent0.0040 VRAM 28MB
Ep 3400 | M0_PDR 0.932 | M1_PDR 0.914 | H_m0 0.01 H_m1 0.07 | a-0.0002 c0.0300 ent0.0039 VRAM 28MB
Ep 3450 | M0_PDR 0.945 | M1_PDR 0.882 | H_m0 0.01 H_m1 0.05 | a-0.0002 c0.0330 ent0.0038 VRAM 28MB
Ep 3500 | M0_PDR 0.939 | M1_PDR 0.907 | H_m0 0.01 H_m1 0.07 | a-0.0002 c0.0339 ent0.0037 VRAM 28MB
Ep 3550 | M0_PDR 0.935 | M1_PDR 0.898 | H_m0 0.01 H_m1 0.04 | a-0.0001 c0.0319 ent0.0036 VRAM 28MB
Ep 3600 | M0_PDR 0.950 | M1_PDR 0.914 | H_m0 0.00 H_m1 0.02 | a-0.0001 c0.0265 ent0.0035 VRAM 28MB
Ep 3650 | M0_PDR 0.943 | M1_PDR 0.924 | H_m0 0.00 H_m1 0.04 | a-0.0000 c0.0304 ent0.0034 VRAM 28MB
Ep 3700 | M0_PDR 0.952 | M1_PDR 0.914 | H_m0 0.00 H_m1 0.04 | a-0.0004 c0.0315 ent0.0033 VRAM 28MB
Ep 3750 | M0_PDR 0.942 | M1_PDR 0.930 | H_m0 0.00 H_m1 0.02 | a0.0000 c0.0301 ent0.0032 VRAM 28MB
Ep 3800 | M0_PDR 0.938 | M1_PDR 0.942 | H_m0 0.01 H_m1 0.02 | a-0.0000 c0.0336 ent0.0032 VRAM 28MB
Ep 3850 | M0_PDR 0.950 | M1_PDR 0.916 | H_m0 0.00 H_m1 0.03 | a-0.0004 c0.0319 ent0.0031 VRAM 28MB
Ep 3900 | M0_PDR 0.938 | M1_PDR 0.915 | H_m0 0.00 H_m1 0.04 | a-0.0003 c0.0360 ent0.0030 VRAM 28MB
Ep 3950 | M0_PDR 0.948 | M1_PDR 0.925 | H_m0 0.00 H_m1 0.02 | a-0.0001 c0.0269 ent0.0029 VRAM 28MB
Ep 4000 | M0_PDR 0.955 | M1_PDR 0.925 | H_m0 0.00 H_m1 0.01 | a-0.0001 c0.0252 ent0.0028 VRAM 28MB
Ep 4050 | M0_PDR 0.945 | M1_PDR 0.927 | H_m0 0.00 H_m1 0.02 | a-0.0000 c0.0310 ent0.0027 VRAM 28MB
Ep 4100 | M0_PDR 0.938 | M1_PDR 0.925 | H_m0 0.00 H_m1 0.02 | a-0.0000 c0.0309 ent0.0026 VRAM 28MB
Ep 4150 | M0_PDR 0.943 | M1_PDR 0.938 | H_m0 0.00 H_m1 0.02 | a-0.0000 c0.0334 ent0.0025 VRAM 28MB
Ep 4200 | M0_PDR 0.949 | M1_PDR 0.913 | H_m0 0.00 H_m1 0.02 | a-0.0000 c0.0310 ent0.0024 VRAM 28MB
Ep 4250 | M0_PDR 0.946 | M1_PDR 0.911 | H_m0 0.00 H_m1 0.02 | a-0.0001 c0.0334 ent0.0023 VRAM 28MB
Ep 4300 | M0_PDR 0.948 | M1_PDR 0.915 | H_m0 0.00 H_m1 0.01 | a-0.0001 c0.0257 ent0.0023 VRAM 28MB
Ep 4350 | M0_PDR 0.937 | M1_PDR 0.926 | H_m0 0.00 H_m1 0.02 | a-0.0000 c0.0305 ent0.0022 VRAM 28MB
Ep 4400 | M0_PDR 0.909 | M1_PDR 0.912 | H_m0 0.00 H_m1 0.06 | a-0.0001 c0.0411 ent0.0021 VRAM 28MB
Ep 4450 | M0_PDR 0.919 | M1_PDR 0.905 | H_m0 0.00 H_m1 0.08 | a-0.0001 c0.0402 ent0.0020 VRAM 28MB
Ep 4500 | M0_PDR 0.943 | M1_PDR 0.920 | H_m0 0.00 H_m1 0.01 | a-0.0000 c0.0276 ent0.0019 VRAM 28MB
Ep 4550 | M0_PDR 0.935 | M1_PDR 0.933 | H_m0 0.00 H_m1 0.03 | a-0.0000 c0.0348 ent0.0018 VRAM 28MB
Ep 4600 | M0_PDR 0.957 | M1_PDR 0.916 | H_m0 0.00 H_m1 0.01 | a-0.0000 c0.0260 ent0.0017 VRAM 28MB
Ep 4650 | M0_PDR 0.942 | M1_PDR 0.935 | H_m0 0.00 H_m1 0.01 | a-0.0000 c0.0296 ent0.0016 VRAM 28MB
Ep 4700 | M0_PDR 0.930 | M1_PDR 0.939 | H_m0 0.00 H_m1 0.01 | a-0.0000 c0.0328 ent0.0015 VRAM 28MB
Ep 4750 | M0_PDR 0.943 | M1_PDR 0.923 | H_m0 0.00 H_m1 0.01 | a-0.0000 c0.0262 ent0.0014 VRAM 28MB
Ep 4800 | M0_PDR 0.951 | M1_PDR 0.920 | H_m0 0.00 H_m1 0.01 | a-0.0000 c0.0293 ent0.0014 VRAM 28MB
Ep 4850 | M0_PDR 0.951 | M1_PDR 0.922 | H_m0 0.00 H_m1 0.03 | a-0.0000 c0.0294 ent0.0013 VRAM 28MB
Ep 4900 | M0_PDR 0.930 | M1_PDR 0.912 | H_m0 0.00 H_m1 0.03 | a-0.0000 c0.0392 ent0.0012 VRAM 28MB
Ep 4950 | M0_PDR 0.947 | M1_PDR 0.940 | H_m0 0.00 H_m1 0.01 | a-0.0000 c0.0290 ent0.0011 VRAM 28MB

Training complete. Running 100 eval episodes...

  Eval ep   0: M0_PDR=0.940  M1_PDR=0.951
  Eval ep  20: M0_PDR=0.935  M1_PDR=0.918
  Eval ep  40: M0_PDR=0.942  M1_PDR=0.919
  Eval ep  60: M0_PDR=0.958  M1_PDR=0.928
  Eval ep  80: M0_PDR=0.930  M1_PDR=0.933

=== Eval Summary (100 episodes) ===
  M0_PDR_mean         : 0.9414
  M0_PDR_p05 (across) : 0.9258
  M0_PDR_p05 (intra)  : 0.6667
  M1_PDR_mean         : 0.9243
  M0_SINR_mean (dB)   : 37.71
  M1_SINR_mean (dB)   : 33.31
  M0_collision_rate   : 0.331
  M0_collision_within_pool : 0.001
  M1_collision_within_pool : 0.010

Result saved -> results/_A_N6_seed1_5000ep_gaefix_g05_ent01_as.json
  N=6  rho=1.2  M0_PDR=0.941  M1_PDR=0.924
[NS3Bridge] Shutdown complete.
Run complete.
