[seed] all RNGs seeded with 2
GPU : NVIDIA GeForce RTX 3060
VRAM: 12.9 GB
Device          : cuda:0
Actor M0 params : 21,273
Actor M1 params : 21,273
Critic params   : 90,625
obs_dim=11  action_dim=25  gs_dim=82
M0 count: 3  M1 count: 4
Training for 5000 episodes (Config A_N7_seed2_5000ep_gaefix_g05_ent01_as, N=7)...

[NS3Bridge] Connected tcp://localhost:8736
Ep    0 | M0_PDR 0.589 | M1_PDR 0.616 | H_m0 3.22 H_m1 3.22 | a-0.0358 c0.5956 ent0.0100 VRAM 29MB
Ep   50 | M0_PDR 0.644 | M1_PDR 0.677 | H_m0 1.77 H_m1 1.95 | a-0.0212 c0.1734 ent0.0099 VRAM 29MB
Ep  100 | M0_PDR 0.642 | M1_PDR 0.701 | H_m0 1.63 H_m1 1.77 | a-0.0213 c0.1331 ent0.0098 VRAM 29MB
Ep  150 | M0_PDR 0.624 | M1_PDR 0.680 | H_m0 1.60 H_m1 1.65 | a-0.0146 c0.1587 ent0.0097 VRAM 29MB
Ep  200 | M0_PDR 0.672 | M1_PDR 0.698 | H_m0 1.62 H_m1 1.71 | a-0.0181 c0.1405 ent0.0096 VRAM 29MB
Ep  250 | M0_PDR 0.673 | M1_PDR 0.655 | H_m0 1.61 H_m1 1.70 | a-0.0140 c0.1600 ent0.0095 VRAM 29MB
Ep  300 | M0_PDR 0.661 | M1_PDR 0.663 | H_m0 1.61 H_m1 1.72 | a-0.0188 c0.1328 ent0.0095 VRAM 29MB
Ep  350 | M0_PDR 0.660 | M1_PDR 0.676 | H_m0 1.62 H_m1 1.67 | a-0.0177 c0.1338 ent0.0094 VRAM 29MB
Ep  400 | M0_PDR 0.625 | M1_PDR 0.663 | H_m0 1.62 H_m1 1.67 | a-0.0149 c0.1530 ent0.0093 VRAM 29MB
Ep  450 | M0_PDR 0.658 | M1_PDR 0.664 | H_m0 1.62 H_m1 1.71 | a-0.0164 c0.1332 ent0.0092 VRAM 29MB
Ep  500 | M0_PDR 0.672 | M1_PDR 0.659 | H_m0 1.62 H_m1 1.68 | a-0.0164 c0.1281 ent0.0091 VRAM 29MB
Ep  550 | M0_PDR 0.640 | M1_PDR 0.646 | H_m0 1.62 H_m1 1.71 | a-0.0183 c0.1412 ent0.0090 VRAM 29MB
Ep  600 | M0_PDR 0.640 | M1_PDR 0.674 | H_m0 1.62 H_m1 1.77 | a-0.0173 c0.1395 ent0.0089 VRAM 29MB
Ep  650 | M0_PDR 0.660 | M1_PDR 0.672 | H_m0 1.62 H_m1 1.79 | a-0.0173 c0.1337 ent0.0088 VRAM 29MB
Ep  700 | M0_PDR 0.650 | M1_PDR 0.646 | H_m0 1.63 H_m1 1.68 | a-0.0165 c0.1374 ent0.0087 VRAM 29MB
Ep  750 | M0_PDR 0.627 | M1_PDR 0.699 | H_m0 1.59 H_m1 1.64 | a-0.0139 c0.1577 ent0.0086 VRAM 29MB
Ep  800 | M0_PDR 0.639 | M1_PDR 0.690 | H_m0 1.61 H_m1 1.64 | a-0.0168 c0.1458 ent0.0086 VRAM 29MB
Ep  850 | M0_PDR 0.606 | M1_PDR 0.681 | H_m0 1.61 H_m1 1.67 | a-0.0162 c0.1503 ent0.0085 VRAM 29MB
Ep  900 | M0_PDR 0.634 | M1_PDR 0.662 | H_m0 1.62 H_m1 1.67 | a-0.0143 c0.1361 ent0.0084 VRAM 29MB
Ep  950 | M0_PDR 0.632 | M1_PDR 0.692 | H_m0 1.63 H_m1 1.66 | a-0.0150 c0.1447 ent0.0083 VRAM 29MB
Ep 1000 | M0_PDR 0.675 | M1_PDR 0.697 | H_m0 1.61 H_m1 1.65 | a-0.0136 c0.1300 ent0.0082 VRAM 29MB
Ep 1050 | M0_PDR 0.654 | M1_PDR 0.683 | H_m0 1.60 H_m1 1.69 | a-0.0142 c0.1454 ent0.0081 VRAM 29MB
Ep 1100 | M0_PDR 0.616 | M1_PDR 0.675 | H_m0 1.61 H_m1 1.68 | a-0.0142 c0.1472 ent0.0080 VRAM 29MB
Ep 1150 | M0_PDR 0.621 | M1_PDR 0.670 | H_m0 1.61 H_m1 1.64 | a-0.0128 c0.1513 ent0.0079 VRAM 29MB
Ep 1200 | M0_PDR 0.631 | M1_PDR 0.662 | H_m0 1.62 H_m1 1.65 | a-0.0139 c0.1393 ent0.0078 VRAM 29MB
Ep 1250 | M0_PDR 0.681 | M1_PDR 0.677 | H_m0 1.62 H_m1 1.64 | a-0.0135 c0.1407 ent0.0077 VRAM 29MB
Ep 1300 | M0_PDR 0.670 | M1_PDR 0.688 | H_m0 1.62 H_m1 1.65 | a-0.0152 c0.1489 ent0.0077 VRAM 29MB
Ep 1350 | M0_PDR 0.656 | M1_PDR 0.666 | H_m0 1.61 H_m1 1.66 | a-0.0128 c0.1323 ent0.0076 VRAM 29MB
Ep 1400 | M0_PDR 0.654 | M1_PDR 0.683 | H_m0 1.62 H_m1 1.63 | a-0.0120 c0.1459 ent0.0075 VRAM 29MB
Ep 1450 | M0_PDR 0.619 | M1_PDR 0.662 | H_m0 1.61 H_m1 1.63 | a-0.0112 c0.1371 ent0.0074 VRAM 29MB
Ep 1500 | M0_PDR 0.641 | M1_PDR 0.697 | H_m0 1.61 H_m1 1.64 | a-0.0131 c0.1393 ent0.0073 VRAM 29MB
Ep 1550 | M0_PDR 0.622 | M1_PDR 0.671 | H_m0 1.61 H_m1 1.64 | a-0.0128 c0.1486 ent0.0072 VRAM 29MB
Ep 1600 | M0_PDR 0.611 | M1_PDR 0.685 | H_m0 1.61 H_m1 1.65 | a-0.0120 c0.1548 ent0.0071 VRAM 29MB
Ep 1650 | M0_PDR 0.670 | M1_PDR 0.677 | H_m0 1.62 H_m1 1.64 | a-0.0122 c0.1415 ent0.0070 VRAM 29MB
Ep 1700 | M0_PDR 0.639 | M1_PDR 0.669 | H_m0 1.61 H_m1 1.64 | a-0.0126 c0.1385 ent0.0069 VRAM 29MB
Ep 1750 | M0_PDR 0.622 | M1_PDR 0.680 | H_m0 1.61 H_m1 1.65 | a-0.0119 c0.1345 ent0.0068 VRAM 29MB
Ep 1800 | M0_PDR 0.668 | M1_PDR 0.667 | H_m0 1.61 H_m1 1.64 | a-0.0130 c0.1366 ent0.0068 VRAM 29MB
Ep 1850 | M0_PDR 0.622 | M1_PDR 0.703 | H_m0 1.62 H_m1 1.63 | a-0.0111 c0.1519 ent0.0067 VRAM 29MB
Ep 1900 | M0_PDR 0.668 | M1_PDR 0.707 | H_m0 1.61 H_m1 1.63 | a-0.0108 c0.1358 ent0.0066 VRAM 29MB
Ep 1950 | M0_PDR 0.621 | M1_PDR 0.682 | H_m0 1.61 H_m1 1.63 | a-0.0115 c0.1497 ent0.0065 VRAM 29MB
Ep 2000 | M0_PDR 0.673 | M1_PDR 0.668 | H_m0 1.61 H_m1 1.62 | a-0.0118 c0.1349 ent0.0064 VRAM 29MB
Ep 2050 | M0_PDR 0.634 | M1_PDR 0.695 | H_m0 1.61 H_m1 1.64 | a-0.0106 c0.1373 ent0.0063 VRAM 29MB
Ep 2100 | M0_PDR 0.656 | M1_PDR 0.683 | H_m0 1.62 H_m1 1.66 | a-0.0114 c0.1366 ent0.0062 VRAM 29MB
Ep 2150 | M0_PDR 0.649 | M1_PDR 0.652 | H_m0 1.62 H_m1 1.65 | a-0.0103 c0.1377 ent0.0061 VRAM 29MB
Ep 2200 | M0_PDR 0.652 | M1_PDR 0.698 | H_m0 1.62 H_m1 1.62 | a-0.0107 c0.1390 ent0.0060 VRAM 29MB
Ep 2250 | M0_PDR 0.659 | M1_PDR 0.687 | H_m0 1.61 H_m1 1.64 | a-0.0103 c0.1385 ent0.0059 VRAM 29MB
Ep 2300 | M0_PDR 0.622 | M1_PDR 0.691 | H_m0 1.61 H_m1 1.63 | a-0.0096 c0.1504 ent0.0059 VRAM 29MB
Ep 2350 | M0_PDR 0.640 | M1_PDR 0.666 | H_m0 1.61 H_m1 1.64 | a-0.0094 c0.1349 ent0.0058 VRAM 29MB
Ep 2400 | M0_PDR 0.646 | M1_PDR 0.723 | H_m0 1.61 H_m1 1.64 | a-0.0099 c0.1516 ent0.0057 VRAM 29MB
Ep 2450 | M0_PDR 0.652 | M1_PDR 0.704 | H_m0 1.61 H_m1 1.64 | a-0.0096 c0.1420 ent0.0056 VRAM 29MB
Ep 2500 | M0_PDR 0.609 | M1_PDR 0.669 | H_m0 1.61 H_m1 1.62 | a-0.0094 c0.1486 ent0.0055 VRAM 29MB
Ep 2550 | M0_PDR 0.623 | M1_PDR 0.640 | H_m0 1.61 H_m1 1.64 | a-0.0093 c0.1400 ent0.0054 VRAM 29MB
Ep 2600 | M0_PDR 0.674 | M1_PDR 0.704 | H_m0 1.61 H_m1 1.63 | a-0.0094 c0.1296 ent0.0053 VRAM 29MB
Ep 2650 | M0_PDR 0.658 | M1_PDR 0.679 | H_m0 1.61 H_m1 1.63 | a-0.0086 c0.1302 ent0.0052 VRAM 29MB
Ep 2700 | M0_PDR 0.669 | M1_PDR 0.677 | H_m0 1.60 H_m1 1.63 | a-0.0090 c0.1270 ent0.0051 VRAM 29MB
Ep 2750 | M0_PDR 0.635 | M1_PDR 0.668 | H_m0 1.61 H_m1 1.64 | a-0.0089 c0.1496 ent0.0050 VRAM 29MB
Ep 2800 | M0_PDR 0.671 | M1_PDR 0.693 | H_m0 1.61 H_m1 1.64 | a-0.0083 c0.1393 ent0.0050 VRAM 29MB
Ep 2850 | M0_PDR 0.663 | M1_PDR 0.691 | H_m0 1.61 H_m1 1.62 | a-0.0081 c0.1250 ent0.0049 VRAM 29MB
Ep 2900 | M0_PDR 0.666 | M1_PDR 0.660 | H_m0 1.61 H_m1 1.61 | a-0.0082 c0.1327 ent0.0048 VRAM 29MB
Ep 2950 | M0_PDR 0.651 | M1_PDR 0.657 | H_m0 1.61 H_m1 1.62 | a-0.0082 c0.1336 ent0.0047 VRAM 29MB
Ep 3000 | M0_PDR 0.703 | M1_PDR 0.712 | H_m0 1.61 H_m1 1.62 | a-0.0082 c0.1297 ent0.0046 VRAM 29MB
Ep 3050 | M0_PDR 0.644 | M1_PDR 0.708 | H_m0 1.61 H_m1 1.62 | a-0.0074 c0.1220 ent0.0045 VRAM 29MB
Ep 3100 | M0_PDR 0.675 | M1_PDR 0.657 | H_m0 1.61 H_m1 1.62 | a-0.0075 c0.1257 ent0.0044 VRAM 29MB
Ep 3150 | M0_PDR 0.643 | M1_PDR 0.687 | H_m0 1.61 H_m1 1.62 | a-0.0071 c0.1314 ent0.0043 VRAM 29MB
Ep 3200 | M0_PDR 0.688 | M1_PDR 0.675 | H_m0 1.61 H_m1 1.61 | a-0.0078 c0.1313 ent0.0042 VRAM 29MB
Ep 3250 | M0_PDR 0.675 | M1_PDR 0.667 | H_m0 1.61 H_m1 1.62 | a-0.0070 c0.1252 ent0.0041 VRAM 29MB
Ep 3300 | M0_PDR 0.647 | M1_PDR 0.695 | H_m0 1.61 H_m1 1.61 | a-0.0066 c0.1585 ent0.0041 VRAM 29MB
Ep 3350 | M0_PDR 0.631 | M1_PDR 0.665 | H_m0 1.61 H_m1 1.61 | a-0.0069 c0.1511 ent0.0040 VRAM 29MB
Ep 3400 | M0_PDR 0.675 | M1_PDR 0.710 | H_m0 1.61 H_m1 1.62 | a-0.0064 c0.1234 ent0.0039 VRAM 29MB
Ep 3450 | M0_PDR 0.647 | M1_PDR 0.682 | H_m0 1.61 H_m1 1.61 | a-0.0063 c0.1319 ent0.0038 VRAM 29MB
Ep 3500 | M0_PDR 0.635 | M1_PDR 0.624 | H_m0 1.61 H_m1 1.61 | a-0.0059 c0.1463 ent0.0037 VRAM 29MB
Ep 3550 | M0_PDR 0.687 | M1_PDR 0.666 | H_m0 1.61 H_m1 1.61 | a-0.0063 c0.1291 ent0.0036 VRAM 29MB
Ep 3600 | M0_PDR 0.667 | M1_PDR 0.683 | H_m0 1.61 H_m1 1.61 | a-0.0058 c0.1438 ent0.0035 VRAM 29MB
Ep 3650 | M0_PDR 0.676 | M1_PDR 0.691 | H_m0 1.61 H_m1 1.61 | a-0.0055 c0.1270 ent0.0034 VRAM 29MB
Ep 3700 | M0_PDR 0.666 | M1_PDR 0.688 | H_m0 1.61 H_m1 1.61 | a-0.0053 c0.1296 ent0.0033 VRAM 29MB
Ep 3750 | M0_PDR 0.648 | M1_PDR 0.696 | H_m0 1.61 H_m1 1.61 | a-0.0053 c0.1197 ent0.0032 VRAM 29MB
Ep 3800 | M0_PDR 0.672 | M1_PDR 0.695 | H_m0 1.61 H_m1 1.61 | a-0.0055 c0.1363 ent0.0032 VRAM 29MB
Ep 3850 | M0_PDR 0.654 | M1_PDR 0.688 | H_m0 1.61 H_m1 1.61 | a-0.0050 c0.1539 ent0.0031 VRAM 29MB
Ep 3900 | M0_PDR 0.652 | M1_PDR 0.665 | H_m0 1.61 H_m1 1.61 | a-0.0050 c0.1184 ent0.0030 VRAM 29MB
Ep 3950 | M0_PDR 0.667 | M1_PDR 0.688 | H_m0 1.61 H_m1 1.61 | a-0.0050 c0.1341 ent0.0029 VRAM 29MB
Ep 4000 | M0_PDR 0.649 | M1_PDR 0.665 | H_m0 1.61 H_m1 1.61 | a-0.0046 c0.1315 ent0.0028 VRAM 29MB
Ep 4050 | M0_PDR 0.636 | M1_PDR 0.667 | H_m0 1.61 H_m1 1.61 | a-0.0046 c0.1392 ent0.0027 VRAM 29MB
Ep 4100 | M0_PDR 0.631 | M1_PDR 0.666 | H_m0 1.61 H_m1 1.61 | a-0.0044 c0.1380 ent0.0026 VRAM 29MB
Ep 4150 | M0_PDR 0.636 | M1_PDR 0.665 | H_m0 1.61 H_m1 1.61 | a-0.0041 c0.1271 ent0.0025 VRAM 29MB
Ep 4200 | M0_PDR 0.631 | M1_PDR 0.685 | H_m0 1.61 H_m1 1.61 | a-0.0040 c0.1266 ent0.0024 VRAM 29MB
Ep 4250 | M0_PDR 0.633 | M1_PDR 0.657 | H_m0 1.61 H_m1 1.61 | a-0.0038 c0.1419 ent0.0023 VRAM 29MB
Ep 4300 | M0_PDR 0.683 | M1_PDR 0.692 | H_m0 1.61 H_m1 1.61 | a-0.0037 c0.1204 ent0.0023 VRAM 29MB
Ep 4350 | M0_PDR 0.606 | M1_PDR 0.649 | H_m0 1.61 H_m1 1.61 | a-0.0037 c0.1420 ent0.0022 VRAM 29MB
Ep 4400 | M0_PDR 0.652 | M1_PDR 0.679 | H_m0 1.61 H_m1 1.61 | a-0.0034 c0.1371 ent0.0021 VRAM 29MB
Ep 4450 | M0_PDR 0.654 | M1_PDR 0.712 | H_m0 1.61 H_m1 1.61 | a-0.0034 c0.1209 ent0.0020 VRAM 29MB
Ep 4500 | M0_PDR 0.667 | M1_PDR 0.696 | H_m0 1.61 H_m1 1.61 | a-0.0031 c0.1395 ent0.0019 VRAM 29MB
Ep 4550 | M0_PDR 0.690 | M1_PDR 0.707 | H_m0 1.61 H_m1 1.61 | a-0.0029 c0.1309 ent0.0018 VRAM 29MB
Ep 4600 | M0_PDR 0.663 | M1_PDR 0.670 | H_m0 1.61 H_m1 1.61 | a-0.0028 c0.1210 ent0.0017 VRAM 29MB
Ep 4650 | M0_PDR 0.669 | M1_PDR 0.691 | H_m0 1.61 H_m1 1.61 | a-0.0026 c0.1341 ent0.0016 VRAM 29MB
Ep 4700 | M0_PDR 0.662 | M1_PDR 0.683 | H_m0 1.61 H_m1 1.61 | a-0.0025 c0.1194 ent0.0015 VRAM 29MB
Ep 4750 | M0_PDR 0.627 | M1_PDR 0.664 | H_m0 1.61 H_m1 1.61 | a-0.0024 c0.1389 ent0.0014 VRAM 29MB
Ep 4800 | M0_PDR 0.628 | M1_PDR 0.677 | H_m0 1.61 H_m1 1.61 | a-0.0022 c0.1495 ent0.0014 VRAM 29MB
Ep 4850 | M0_PDR 0.628 | M1_PDR 0.696 | H_m0 1.61 H_m1 1.61 | a-0.0021 c0.1394 ent0.0013 VRAM 29MB
Ep 4900 | M0_PDR 0.672 | M1_PDR 0.642 | H_m0 1.61 H_m1 1.61 | a-0.0019 c0.1390 ent0.0012 VRAM 29MB
Ep 4950 | M0_PDR 0.641 | M1_PDR 0.716 | H_m0 1.61 H_m1 1.61 | a-0.0018 c0.1410 ent0.0011 VRAM 29MB

Training complete. Running 100 eval episodes...

  Eval ep   0: M0_PDR=0.707  M1_PDR=0.694
  Eval ep  20: M0_PDR=0.627  M1_PDR=0.695
  Eval ep  40: M0_PDR=0.671  M1_PDR=0.700
  Eval ep  60: M0_PDR=0.676  M1_PDR=0.684
  Eval ep  80: M0_PDR=0.676  M1_PDR=0.692

=== Eval Summary (100 episodes) ===
  M0_PDR_mean         : 0.6538
  M0_PDR_p05 (across) : 0.6126
  M0_PDR_p05 (intra)  : 0.0326
  M1_PDR_mean         : 0.6840
  M0_SINR_mean (dB)   : 9.85
  M1_SINR_mean (dB)   : 13.75
  M0_collision_rate   : 0.736
  M0_collision_within_pool : 0.358
  M1_collision_within_pool : 0.490

Result saved -> results/_A_N7_seed2_5000ep_gaefix_g05_ent01_as.json
  N=7  rho=1.4  M0_PDR=0.654  M1_PDR=0.684
[NS3Bridge] Shutdown complete.
Run complete.
