[seed] all RNGs seeded with 1
GPU : NVIDIA GeForce RTX 3060
VRAM: 12.9 GB
Device          : cuda:0
Actor M0 params : 21,273
Actor M1 params : 21,273
Critic params   : 87,809
obs_dim=11  action_dim=25  gs_dim=82
M0 count: 3  M1 count: 4
Training for 5000 episodes (Config A_N7_5000ep, N=7)...

[NS3Bridge] Connected tcp://localhost:5756
Ep    0 | M0_PDR 0.568 | M1_PDR 0.647 | H_m0 3.21 H_m1 3.21 | a-0.1649 c24.7459 ent0.0500 VRAM 29MB
Ep   50 | M0_PDR 0.667 | M1_PDR 0.607 | H_m0 3.08 H_m1 3.20 | a-0.1578 c12.0272 ent0.0495 VRAM 29MB
Ep  100 | M0_PDR 0.639 | M1_PDR 0.580 | H_m0 2.93 H_m1 3.20 | a-0.1523 c8.7336 ent0.0490 VRAM 29MB
Ep  150 | M0_PDR 0.673 | M1_PDR 0.594 | H_m0 2.98 H_m1 3.21 | a-0.1518 c6.8591 ent0.0485 VRAM 29MB
Ep  200 | M0_PDR 0.686 | M1_PDR 0.591 | H_m0 2.92 H_m1 3.18 | a-0.1490 c5.5954 ent0.0480 VRAM 29MB
Ep  250 | M0_PDR 0.639 | M1_PDR 0.596 | H_m0 2.88 H_m1 3.17 | a-0.1458 c3.4805 ent0.0475 VRAM 29MB
Ep  300 | M0_PDR 0.663 | M1_PDR 0.557 | H_m0 2.82 H_m1 3.18 | a-0.1442 c4.4799 ent0.0471 VRAM 29MB
Ep  350 | M0_PDR 0.641 | M1_PDR 0.614 | H_m0 2.60 H_m1 3.18 | a-0.1374 c2.6764 ent0.0466 VRAM 29MB
Ep  400 | M0_PDR 0.649 | M1_PDR 0.604 | H_m0 2.71 H_m1 3.19 | a-0.1383 c4.0683 ent0.0461 VRAM 29MB
Ep  450 | M0_PDR 0.666 | M1_PDR 0.588 | H_m0 2.73 H_m1 3.19 | a-0.1375 c2.2263 ent0.0456 VRAM 29MB
Ep  500 | M0_PDR 0.670 | M1_PDR 0.597 | H_m0 2.65 H_m1 3.16 | a-0.1340 c2.5360 ent0.0451 VRAM 29MB
Ep  550 | M0_PDR 0.679 | M1_PDR 0.618 | H_m0 2.72 H_m1 3.12 | a-0.1329 c2.1197 ent0.0446 VRAM 29MB
Ep  600 | M0_PDR 0.690 | M1_PDR 0.571 | H_m0 2.52 H_m1 3.15 | a-0.1277 c2.2950 ent0.0441 VRAM 29MB
Ep  650 | M0_PDR 0.654 | M1_PDR 0.583 | H_m0 2.61 H_m1 3.14 | a-0.1288 c2.5886 ent0.0436 VRAM 29MB
Ep  700 | M0_PDR 0.644 | M1_PDR 0.582 | H_m0 2.51 H_m1 3.13 | a-0.1249 c1.8828 ent0.0431 VRAM 29MB
Ep  750 | M0_PDR 0.698 | M1_PDR 0.591 | H_m0 2.39 H_m1 3.15 | a-0.1213 c3.0083 ent0.0426 VRAM 29MB
Ep  800 | M0_PDR 0.642 | M1_PDR 0.569 | H_m0 2.56 H_m1 3.18 | a-0.1238 c3.1906 ent0.0422 VRAM 29MB
Ep  850 | M0_PDR 0.648 | M1_PDR 0.631 | H_m0 2.76 H_m1 3.18 | a-0.1258 c2.5082 ent0.0417 VRAM 29MB
Ep  900 | M0_PDR 0.659 | M1_PDR 0.583 | H_m0 2.52 H_m1 3.18 | a-0.1210 c2.4187 ent0.0412 VRAM 29MB
Ep  950 | M0_PDR 0.722 | M1_PDR 0.574 | H_m0 2.44 H_m1 3.19 | a-0.1171 c2.7175 ent0.0407 VRAM 29MB
Ep 1000 | M0_PDR 0.649 | M1_PDR 0.566 | H_m0 2.53 H_m1 3.17 | a-0.1169 c2.5542 ent0.0402 VRAM 29MB
Ep 1050 | M0_PDR 0.687 | M1_PDR 0.571 | H_m0 2.39 H_m1 3.17 | a-0.1142 c3.0157 ent0.0397 VRAM 29MB
Ep 1100 | M0_PDR 0.682 | M1_PDR 0.609 | H_m0 2.41 H_m1 3.17 | a-0.1129 c2.7755 ent0.0392 VRAM 29MB
Ep 1150 | M0_PDR 0.669 | M1_PDR 0.603 | H_m0 2.58 H_m1 3.14 | a-0.1128 c2.5172 ent0.0387 VRAM 29MB
Ep 1200 | M0_PDR 0.674 | M1_PDR 0.608 | H_m0 2.55 H_m1 3.13 | a-0.1118 c2.0346 ent0.0382 VRAM 29MB
Ep 1250 | M0_PDR 0.632 | M1_PDR 0.605 | H_m0 2.49 H_m1 3.14 | a-0.1085 c2.4999 ent0.0377 VRAM 29MB
Ep 1300 | M0_PDR 0.675 | M1_PDR 0.574 | H_m0 2.33 H_m1 3.11 | a-0.1043 c1.9790 ent0.0373 VRAM 29MB
Ep 1350 | M0_PDR 0.682 | M1_PDR 0.593 | H_m0 2.40 H_m1 3.16 | a-0.1051 c2.4614 ent0.0368 VRAM 29MB
Ep 1400 | M0_PDR 0.720 | M1_PDR 0.597 | H_m0 2.46 H_m1 3.17 | a-0.1042 c1.9008 ent0.0363 VRAM 29MB
Ep 1450 | M0_PDR 0.699 | M1_PDR 0.588 | H_m0 2.27 H_m1 3.16 | a-0.1007 c2.2926 ent0.0358 VRAM 29MB
Ep 1500 | M0_PDR 0.647 | M1_PDR 0.579 | H_m0 2.31 H_m1 3.18 | a-0.1002 c2.1985 ent0.0353 VRAM 29MB
Ep 1550 | M0_PDR 0.677 | M1_PDR 0.604 | H_m0 2.42 H_m1 3.15 | a-0.0995 c2.1766 ent0.0348 VRAM 29MB
Ep 1600 | M0_PDR 0.699 | M1_PDR 0.606 | H_m0 2.43 H_m1 3.17 | a-0.0982 c2.2102 ent0.0343 VRAM 29MB
Ep 1650 | M0_PDR 0.679 | M1_PDR 0.600 | H_m0 2.20 H_m1 3.14 | a-0.0931 c1.8190 ent0.0338 VRAM 29MB
Ep 1700 | M0_PDR 0.716 | M1_PDR 0.623 | H_m0 2.19 H_m1 3.15 | a-0.0915 c2.0271 ent0.0333 VRAM 29MB
Ep 1750 | M0_PDR 0.707 | M1_PDR 0.601 | H_m0 2.17 H_m1 3.16 | a-0.0906 c2.2638 ent0.0328 VRAM 29MB
Ep 1800 | M0_PDR 0.686 | M1_PDR 0.562 | H_m0 2.25 H_m1 3.17 | a-0.0902 c2.2483 ent0.0324 VRAM 29MB
Ep 1850 | M0_PDR 0.645 | M1_PDR 0.598 | H_m0 2.33 H_m1 3.15 | a-0.0898 c2.7345 ent0.0319 VRAM 29MB
Ep 1900 | M0_PDR 0.688 | M1_PDR 0.566 | H_m0 2.28 H_m1 3.13 | a-0.0871 c2.6656 ent0.0314 VRAM 29MB
Ep 1950 | M0_PDR 0.688 | M1_PDR 0.585 | H_m0 2.27 H_m1 3.12 | a-0.0858 c2.7625 ent0.0309 VRAM 29MB
Ep 2000 | M0_PDR 0.659 | M1_PDR 0.642 | H_m0 2.23 H_m1 3.10 | a-0.0837 c2.7343 ent0.0304 VRAM 29MB
Ep 2050 | M0_PDR 0.703 | M1_PDR 0.572 | H_m0 2.17 H_m1 3.10 | a-0.0812 c2.3605 ent0.0299 VRAM 29MB
Ep 2100 | M0_PDR 0.705 | M1_PDR 0.635 | H_m0 2.14 H_m1 3.12 | a-0.0802 c2.6276 ent0.0294 VRAM 29MB
Ep 2150 | M0_PDR 0.692 | M1_PDR 0.590 | H_m0 2.14 H_m1 3.11 | a-0.0788 c2.1164 ent0.0289 VRAM 29MB
Ep 2200 | M0_PDR 0.676 | M1_PDR 0.624 | H_m0 2.10 H_m1 3.07 | a-0.0760 c2.4914 ent0.0284 VRAM 29MB
Ep 2250 | M0_PDR 0.688 | M1_PDR 0.555 | H_m0 2.12 H_m1 3.10 | a-0.0761 c2.0948 ent0.0279 VRAM 29MB
Ep 2300 | M0_PDR 0.698 | M1_PDR 0.590 | H_m0 2.08 H_m1 3.12 | a-0.0743 c2.3359 ent0.0275 VRAM 29MB
Ep 2350 | M0_PDR 0.686 | M1_PDR 0.596 | H_m0 2.13 H_m1 3.08 | a-0.0728 c2.3896 ent0.0270 VRAM 29MB
Ep 2400 | M0_PDR 0.704 | M1_PDR 0.599 | H_m0 2.04 H_m1 3.06 | a-0.0700 c2.5320 ent0.0265 VRAM 29MB
Ep 2450 | M0_PDR 0.674 | M1_PDR 0.622 | H_m0 2.05 H_m1 3.07 | a-0.0686 c2.4509 ent0.0260 VRAM 29MB
Ep 2500 | M0_PDR 0.698 | M1_PDR 0.596 | H_m0 2.01 H_m1 3.05 | a-0.0678 c2.3269 ent0.0255 VRAM 29MB
Ep 2550 | M0_PDR 0.648 | M1_PDR 0.573 | H_m0 2.05 H_m1 3.13 | a-0.0670 c2.4655 ent0.0250 VRAM 29MB
Ep 2600 | M0_PDR 0.659 | M1_PDR 0.574 | H_m0 2.00 H_m1 3.14 | a-0.0657 c2.6381 ent0.0245 VRAM 29MB
Ep 2650 | M0_PDR 0.696 | M1_PDR 0.566 | H_m0 2.03 H_m1 3.13 | a-0.0644 c2.6890 ent0.0240 VRAM 29MB
Ep 2700 | M0_PDR 0.707 | M1_PDR 0.613 | H_m0 2.00 H_m1 3.05 | a-0.0617 c2.5325 ent0.0235 VRAM 29MB
Ep 2750 | M0_PDR 0.675 | M1_PDR 0.627 | H_m0 2.08 H_m1 3.01 | a-0.0606 c2.5128 ent0.0230 VRAM 29MB
Ep 2800 | M0_PDR 0.731 | M1_PDR 0.612 | H_m0 1.95 H_m1 3.06 | a-0.0591 c2.4763 ent0.0226 VRAM 29MB
Ep 2850 | M0_PDR 0.672 | M1_PDR 0.594 | H_m0 1.93 H_m1 3.06 | a-0.0571 c2.8455 ent0.0221 VRAM 29MB
Ep 2900 | M0_PDR 0.692 | M1_PDR 0.579 | H_m0 1.86 H_m1 3.11 | a-0.0568 c2.3707 ent0.0216 VRAM 29MB
Ep 2950 | M0_PDR 0.710 | M1_PDR 0.553 | H_m0 1.89 H_m1 3.10 | a-0.0549 c2.1996 ent0.0211 VRAM 29MB
Ep 3000 | M0_PDR 0.726 | M1_PDR 0.615 | H_m0 1.93 H_m1 3.07 | a-0.0536 c2.6475 ent0.0206 VRAM 29MB
Ep 3050 | M0_PDR 0.654 | M1_PDR 0.631 | H_m0 1.92 H_m1 3.01 | a-0.0517 c2.5193 ent0.0201 VRAM 29MB
Ep 3100 | M0_PDR 0.706 | M1_PDR 0.606 | H_m0 1.88 H_m1 3.04 | a-0.0505 c2.4999 ent0.0196 VRAM 29MB
Ep 3150 | M0_PDR 0.674 | M1_PDR 0.603 | H_m0 1.86 H_m1 3.05 | a-0.0491 c1.9819 ent0.0191 VRAM 29MB
Ep 3200 | M0_PDR 0.706 | M1_PDR 0.594 | H_m0 1.86 H_m1 3.04 | a-0.0474 c1.7861 ent0.0186 VRAM 29MB
Ep 3250 | M0_PDR 0.657 | M1_PDR 0.603 | H_m0 1.91 H_m1 3.02 | a-0.0463 c2.7637 ent0.0181 VRAM 29MB
Ep 3300 | M0_PDR 0.723 | M1_PDR 0.587 | H_m0 1.88 H_m1 3.03 | a-0.0452 c2.2937 ent0.0177 VRAM 29MB
Ep 3350 | M0_PDR 0.673 | M1_PDR 0.597 | H_m0 1.88 H_m1 2.99 | a-0.0437 c2.1158 ent0.0172 VRAM 29MB
Ep 3400 | M0_PDR 0.687 | M1_PDR 0.619 | H_m0 1.84 H_m1 3.02 | a-0.0421 c1.5679 ent0.0167 VRAM 29MB
Ep 3450 | M0_PDR 0.676 | M1_PDR 0.612 | H_m0 1.82 H_m1 2.99 | a-0.0408 c2.4157 ent0.0162 VRAM 29MB
Ep 3500 | M0_PDR 0.695 | M1_PDR 0.601 | H_m0 1.79 H_m1 2.96 | a-0.0388 c2.2902 ent0.0157 VRAM 29MB
Ep 3550 | M0_PDR 0.690 | M1_PDR 0.629 | H_m0 1.78 H_m1 2.94 | a-0.0372 c2.1355 ent0.0152 VRAM 29MB
Ep 3600 | M0_PDR 0.683 | M1_PDR 0.626 | H_m0 1.77 H_m1 2.95 | a-0.0362 c2.3812 ent0.0147 VRAM 29MB
Ep 3650 | M0_PDR 0.717 | M1_PDR 0.609 | H_m0 1.75 H_m1 2.96 | a-0.0349 c2.4648 ent0.0142 VRAM 29MB
Ep 3700 | M0_PDR 0.685 | M1_PDR 0.579 | H_m0 1.74 H_m1 2.97 | a-0.0337 c2.0442 ent0.0137 VRAM 29MB
Ep 3750 | M0_PDR 0.703 | M1_PDR 0.625 | H_m0 1.73 H_m1 2.98 | a-0.0325 c2.6203 ent0.0132 VRAM 29MB
Ep 3800 | M0_PDR 0.696 | M1_PDR 0.606 | H_m0 1.75 H_m1 3.00 | a-0.0315 c2.4281 ent0.0128 VRAM 29MB
Ep 3850 | M0_PDR 0.706 | M1_PDR 0.572 | H_m0 1.74 H_m1 3.01 | a-0.0302 c2.7193 ent0.0123 VRAM 29MB
Ep 3900 | M0_PDR 0.727 | M1_PDR 0.576 | H_m0 1.74 H_m1 2.99 | a-0.0291 c2.1818 ent0.0118 VRAM 29MB
Ep 3950 | M0_PDR 0.742 | M1_PDR 0.599 | H_m0 1.73 H_m1 2.99 | a-0.0278 c2.3992 ent0.0113 VRAM 29MB
Ep 4000 | M0_PDR 0.689 | M1_PDR 0.630 | H_m0 1.74 H_m1 2.97 | a-0.0264 c2.3508 ent0.0108 VRAM 29MB
Ep 4050 | M0_PDR 0.695 | M1_PDR 0.585 | H_m0 1.74 H_m1 2.99 | a-0.0254 c2.1972 ent0.0103 VRAM 29MB
Ep 4100 | M0_PDR 0.717 | M1_PDR 0.583 | H_m0 1.73 H_m1 2.97 | a-0.0240 c1.6946 ent0.0098 VRAM 29MB
Ep 4150 | M0_PDR 0.698 | M1_PDR 0.555 | H_m0 1.73 H_m1 2.99 | a-0.0230 c1.6316 ent0.0093 VRAM 29MB
Ep 4200 | M0_PDR 0.689 | M1_PDR 0.609 | H_m0 1.72 H_m1 2.97 | a-0.0216 c1.9645 ent0.0088 VRAM 29MB
Ep 4250 | M0_PDR 0.644 | M1_PDR 0.625 | H_m0 1.73 H_m1 2.93 | a-0.0202 c2.4009 ent0.0083 VRAM 29MB
Ep 4300 | M0_PDR 0.660 | M1_PDR 0.624 | H_m0 1.72 H_m1 2.92 | a-0.0190 c2.9899 ent0.0079 VRAM 29MB
Ep 4350 | M0_PDR 0.691 | M1_PDR 0.604 | H_m0 1.71 H_m1 2.92 | a-0.0179 c2.0410 ent0.0074 VRAM 29MB
Ep 4400 | M0_PDR 0.653 | M1_PDR 0.582 | H_m0 1.71 H_m1 2.95 | a-0.0167 c3.2867 ent0.0069 VRAM 29MB
Ep 4450 | M0_PDR 0.706 | M1_PDR 0.594 | H_m0 1.71 H_m1 2.91 | a-0.0154 c1.5883 ent0.0064 VRAM 29MB
Ep 4500 | M0_PDR 0.706 | M1_PDR 0.621 | H_m0 1.70 H_m1 2.91 | a-0.0141 c2.1106 ent0.0059 VRAM 29MB
Ep 4550 | M0_PDR 0.701 | M1_PDR 0.604 | H_m0 1.70 H_m1 2.89 | a-0.0130 c2.4131 ent0.0054 VRAM 29MB
Ep 4600 | M0_PDR 0.685 | M1_PDR 0.600 | H_m0 1.71 H_m1 2.89 | a-0.0117 c1.5701 ent0.0049 VRAM 29MB
Ep 4650 | M0_PDR 0.689 | M1_PDR 0.643 | H_m0 1.70 H_m1 2.86 | a-0.0105 c2.8345 ent0.0044 VRAM 29MB
Ep 4700 | M0_PDR 0.675 | M1_PDR 0.621 | H_m0 1.70 H_m1 2.86 | a-0.0094 c2.0013 ent0.0039 VRAM 29MB
Ep 4750 | M0_PDR 0.679 | M1_PDR 0.608 | H_m0 1.70 H_m1 2.88 | a-0.0082 c2.4924 ent0.0034 VRAM 29MB
Ep 4800 | M0_PDR 0.700 | M1_PDR 0.584 | H_m0 1.69 H_m1 2.89 | a-0.0070 c2.9687 ent0.0030 VRAM 29MB
Ep 4850 | M0_PDR 0.671 | M1_PDR 0.561 | H_m0 1.69 H_m1 2.89 | a-0.0059 c2.2259 ent0.0025 VRAM 29MB
Ep 4900 | M0_PDR 0.690 | M1_PDR 0.580 | H_m0 1.68 H_m1 2.88 | a-0.0047 c2.1881 ent0.0020 VRAM 29MB
Ep 4950 | M0_PDR 0.681 | M1_PDR 0.628 | H_m0 1.69 H_m1 2.83 | a-0.0035 c2.4761 ent0.0015 VRAM 29MB

Training complete. Running 100 eval episodes...

  Eval ep   0: M0_PDR=0.676  M1_PDR=0.646
  Eval ep  20: M0_PDR=0.688  M1_PDR=0.608
  Eval ep  40: M0_PDR=0.636  M1_PDR=0.634
  Eval ep  60: M0_PDR=0.683  M1_PDR=0.609
  Eval ep  80: M0_PDR=0.703  M1_PDR=0.604

=== Eval Summary (100 episodes) ===
  M0_PDR_mean         : 0.6890
  M0_PDR_p05 (across) : 0.6468
  M0_PDR_p05 (intra)  : 0.0880
  M1_PDR_mean         : 0.6159
  M0_SINR_mean (dB)   : 12.06
  M1_SINR_mean (dB)   : 9.61
  M0_collision_rate   : 0.735
  M0_collision_within_pool : 0.359
  M1_collision_within_pool : 0.490

Result saved -> results/_A_N7_5000ep.json
  N=7  rho=1.4  M0_PDR=0.689  M1_PDR=0.616
[NS3Bridge] Shutdown complete.
Run complete.
