[seed] all RNGs seeded with 1
GPU : NVIDIA GeForce RTX 3060
VRAM: 12.9 GB
Device          : cuda:0
Actor M0 params : 21,273
Actor M1 params : 21,273
Critic params   : 90,625
obs_dim=11  action_dim=25  gs_dim=82
M0 count: 3  M1 count: 4
Training for 5000 episodes (Config A_N7_seed1_5000ep_gaefix_g05_ent01_as, N=7)...

[NS3Bridge] Connected tcp://localhost:8726
Ep    0 | M0_PDR 0.572 | M1_PDR 0.644 | H_m0 3.21 H_m1 3.21 | a-0.0378 c0.5784 ent0.0100 VRAM 29MB
Ep   50 | M0_PDR 0.618 | M1_PDR 0.673 | H_m0 1.76 H_m1 1.79 | a-0.0205 c0.1647 ent0.0099 VRAM 29MB
Ep  100 | M0_PDR 0.644 | M1_PDR 0.672 | H_m0 1.67 H_m1 1.76 | a-0.0185 c0.1585 ent0.0098 VRAM 29MB
Ep  150 | M0_PDR 0.635 | M1_PDR 0.695 | H_m0 1.63 H_m1 1.72 | a-0.0167 c0.1550 ent0.0097 VRAM 29MB
Ep  200 | M0_PDR 0.651 | M1_PDR 0.680 | H_m0 1.63 H_m1 1.67 | a-0.0152 c0.1412 ent0.0096 VRAM 29MB
Ep  250 | M0_PDR 0.613 | M1_PDR 0.679 | H_m0 1.63 H_m1 1.67 | a-0.0153 c0.1551 ent0.0095 VRAM 29MB
Ep  300 | M0_PDR 0.665 | M1_PDR 0.639 | H_m0 1.63 H_m1 1.68 | a-0.0176 c0.1338 ent0.0095 VRAM 29MB
Ep  350 | M0_PDR 0.626 | M1_PDR 0.648 | H_m0 1.62 H_m1 1.72 | a-0.0184 c0.1409 ent0.0094 VRAM 29MB
Ep  400 | M0_PDR 0.671 | M1_PDR 0.690 | H_m0 1.60 H_m1 1.68 | a-0.0146 c0.1461 ent0.0093 VRAM 29MB
Ep  450 | M0_PDR 0.625 | M1_PDR 0.697 | H_m0 1.60 H_m1 1.70 | a-0.0184 c0.1518 ent0.0092 VRAM 29MB
Ep  500 | M0_PDR 0.630 | M1_PDR 0.700 | H_m0 1.60 H_m1 1.69 | a-0.0157 c0.1374 ent0.0091 VRAM 29MB
Ep  550 | M0_PDR 0.663 | M1_PDR 0.676 | H_m0 1.61 H_m1 1.63 | a-0.0184 c0.1447 ent0.0090 VRAM 29MB
Ep  600 | M0_PDR 0.673 | M1_PDR 0.674 | H_m0 1.62 H_m1 1.69 | a-0.0166 c0.1429 ent0.0089 VRAM 29MB
Ep  650 | M0_PDR 0.672 | M1_PDR 0.653 | H_m0 1.61 H_m1 1.69 | a-0.0150 c0.1409 ent0.0088 VRAM 29MB
Ep  700 | M0_PDR 0.608 | M1_PDR 0.645 | H_m0 1.62 H_m1 1.65 | a-0.0171 c0.1337 ent0.0087 VRAM 29MB
Ep  750 | M0_PDR 0.655 | M1_PDR 0.682 | H_m0 1.60 H_m1 1.68 | a-0.0127 c0.1299 ent0.0086 VRAM 29MB
Ep  800 | M0_PDR 0.649 | M1_PDR 0.672 | H_m0 1.61 H_m1 1.66 | a-0.0165 c0.1521 ent0.0086 VRAM 29MB
Ep  850 | M0_PDR 0.626 | M1_PDR 0.668 | H_m0 1.62 H_m1 1.64 | a-0.0162 c0.1531 ent0.0085 VRAM 29MB
Ep  900 | M0_PDR 0.624 | M1_PDR 0.695 | H_m0 1.62 H_m1 1.64 | a-0.0152 c0.1552 ent0.0084 VRAM 29MB
Ep  950 | M0_PDR 0.665 | M1_PDR 0.659 | H_m0 1.62 H_m1 1.68 | a-0.0146 c0.1438 ent0.0083 VRAM 29MB
Ep 1000 | M0_PDR 0.676 | M1_PDR 0.659 | H_m0 1.61 H_m1 1.66 | a-0.0134 c0.1428 ent0.0082 VRAM 29MB
Ep 1050 | M0_PDR 0.670 | M1_PDR 0.706 | H_m0 1.61 H_m1 1.65 | a-0.0148 c0.1348 ent0.0081 VRAM 29MB
Ep 1100 | M0_PDR 0.648 | M1_PDR 0.643 | H_m0 1.61 H_m1 1.64 | a-0.0144 c0.1428 ent0.0080 VRAM 29MB
Ep 1150 | M0_PDR 0.636 | M1_PDR 0.679 | H_m0 1.61 H_m1 1.65 | a-0.0161 c0.1424 ent0.0079 VRAM 29MB
Ep 1200 | M0_PDR 0.656 | M1_PDR 0.654 | H_m0 1.60 H_m1 1.63 | a-0.0164 c0.1464 ent0.0078 VRAM 29MB
Ep 1250 | M0_PDR 0.642 | M1_PDR 0.664 | H_m0 1.61 H_m1 1.67 | a-0.0151 c0.1380 ent0.0077 VRAM 29MB
Ep 1300 | M0_PDR 0.683 | M1_PDR 0.696 | H_m0 1.60 H_m1 1.63 | a-0.0145 c0.1393 ent0.0077 VRAM 29MB
Ep 1350 | M0_PDR 0.626 | M1_PDR 0.653 | H_m0 1.61 H_m1 1.64 | a-0.0131 c0.1447 ent0.0076 VRAM 29MB
Ep 1400 | M0_PDR 0.689 | M1_PDR 0.701 | H_m0 1.59 H_m1 1.64 | a-0.0126 c0.1328 ent0.0075 VRAM 29MB
Ep 1450 | M0_PDR 0.681 | M1_PDR 0.665 | H_m0 1.59 H_m1 1.65 | a-0.0141 c0.1631 ent0.0074 VRAM 29MB
Ep 1500 | M0_PDR 0.616 | M1_PDR 0.685 | H_m0 1.57 H_m1 1.62 | a-0.0132 c0.1458 ent0.0073 VRAM 29MB
Ep 1550 | M0_PDR 0.690 | M1_PDR 0.671 | H_m0 1.54 H_m1 1.63 | a-0.0119 c0.1521 ent0.0072 VRAM 29MB
Ep 1600 | M0_PDR 0.696 | M1_PDR 0.661 | H_m0 1.40 H_m1 1.61 | a-0.0137 c0.1392 ent0.0071 VRAM 29MB
Ep 1650 | M0_PDR 0.703 | M1_PDR 0.692 | H_m0 1.02 H_m1 1.54 | a-0.0099 c0.1175 ent0.0070 VRAM 29MB
Ep 1700 | M0_PDR 0.792 | M1_PDR 0.674 | H_m0 0.72 H_m1 1.44 | a-0.0102 c0.1045 ent0.0069 VRAM 29MB
Ep 1750 | M0_PDR 0.932 | M1_PDR 0.690 | H_m0 0.13 H_m1 1.26 | a-0.0071 c0.0585 ent0.0068 VRAM 29MB
Ep 1800 | M0_PDR 0.944 | M1_PDR 0.697 | H_m0 0.08 H_m1 1.18 | a-0.0062 c0.0409 ent0.0068 VRAM 29MB
Ep 1850 | M0_PDR 0.974 | M1_PDR 0.757 | H_m0 0.04 H_m1 0.86 | a-0.0044 c0.0266 ent0.0067 VRAM 29MB
Ep 1900 | M0_PDR 0.983 | M1_PDR 0.770 | H_m0 0.01 H_m1 0.71 | a-0.0047 c0.0186 ent0.0066 VRAM 29MB
Ep 1950 | M0_PDR 0.987 | M1_PDR 0.767 | H_m0 0.01 H_m1 0.73 | a-0.0044 c0.0161 ent0.0065 VRAM 29MB
Ep 2000 | M0_PDR 0.947 | M1_PDR 0.778 | H_m0 0.02 H_m1 0.69 | a-0.0025 c0.0329 ent0.0064 VRAM 29MB
Ep 2050 | M0_PDR 0.986 | M1_PDR 0.763 | H_m0 0.01 H_m1 0.74 | a-0.0035 c0.0166 ent0.0063 VRAM 29MB
Ep 2100 | M0_PDR 0.945 | M1_PDR 0.781 | H_m0 0.02 H_m1 0.78 | a-0.0033 c0.0375 ent0.0062 VRAM 29MB
Ep 2150 | M0_PDR 0.938 | M1_PDR 0.784 | H_m0 0.01 H_m1 0.65 | a-0.0047 c0.0379 ent0.0061 VRAM 29MB
Ep 2200 | M0_PDR 0.955 | M1_PDR 0.775 | H_m0 0.01 H_m1 0.76 | a-0.0031 c0.0339 ent0.0060 VRAM 29MB
Ep 2250 | M0_PDR 0.940 | M1_PDR 0.796 | H_m0 0.01 H_m1 0.58 | a-0.0023 c0.0351 ent0.0059 VRAM 29MB
Ep 2300 | M0_PDR 0.939 | M1_PDR 0.864 | H_m0 0.01 H_m1 0.34 | a-0.0025 c0.0348 ent0.0059 VRAM 29MB
Ep 2350 | M0_PDR 0.987 | M1_PDR 0.899 | H_m0 0.01 H_m1 0.22 | a-0.0015 c0.0151 ent0.0058 VRAM 29MB
Ep 2400 | M0_PDR 0.968 | M1_PDR 0.904 | H_m0 0.01 H_m1 0.27 | a-0.0009 c0.0260 ent0.0057 VRAM 29MB
Ep 2450 | M0_PDR 0.951 | M1_PDR 0.933 | H_m0 0.01 H_m1 0.34 | a-0.0023 c0.0283 ent0.0056 VRAM 29MB
Ep 2500 | M0_PDR 0.950 | M1_PDR 0.935 | H_m0 0.00 H_m1 0.33 | a-0.0010 c0.0309 ent0.0055 VRAM 29MB
Ep 2550 | M0_PDR 0.948 | M1_PDR 0.946 | H_m0 0.02 H_m1 0.28 | a-0.0014 c0.0406 ent0.0054 VRAM 29MB
Ep 2600 | M0_PDR 0.963 | M1_PDR 0.943 | H_m0 0.00 H_m1 0.36 | a-0.0009 c0.0259 ent0.0053 VRAM 29MB
Ep 2650 | M0_PDR 0.965 | M1_PDR 0.933 | H_m0 0.00 H_m1 0.28 | a-0.0015 c0.0246 ent0.0052 VRAM 29MB
Ep 2700 | M0_PDR 0.944 | M1_PDR 0.957 | H_m0 0.00 H_m1 0.24 | a-0.0014 c0.0298 ent0.0051 VRAM 29MB
Ep 2750 | M0_PDR 0.954 | M1_PDR 0.948 | H_m0 0.01 H_m1 0.25 | a-0.0011 c0.0304 ent0.0050 VRAM 29MB
Ep 2800 | M0_PDR 0.972 | M1_PDR 0.981 | H_m0 0.01 H_m1 0.23 | a-0.0008 c0.0236 ent0.0050 VRAM 29MB
Ep 2850 | M0_PDR 0.962 | M1_PDR 0.954 | H_m0 0.01 H_m1 0.22 | a-0.0017 c0.0293 ent0.0049 VRAM 29MB
Ep 2900 | M0_PDR 0.947 | M1_PDR 0.961 | H_m0 0.01 H_m1 0.20 | a-0.0001 c0.0339 ent0.0048 VRAM 29MB
Ep 2950 | M0_PDR 0.913 | M1_PDR 0.970 | H_m0 0.02 H_m1 0.20 | a-0.0006 c0.0514 ent0.0047 VRAM 29MB
Ep 3000 | M0_PDR 0.945 | M1_PDR 0.974 | H_m0 0.00 H_m1 0.22 | a-0.0008 c0.0313 ent0.0046 VRAM 29MB
Ep 3050 | M0_PDR 0.939 | M1_PDR 0.962 | H_m0 0.01 H_m1 0.21 | a-0.0003 c0.0390 ent0.0045 VRAM 29MB
Ep 3100 | M0_PDR 0.936 | M1_PDR 0.958 | H_m0 0.00 H_m1 0.21 | a-0.0016 c0.0405 ent0.0044 VRAM 29MB
Ep 3150 | M0_PDR 0.948 | M1_PDR 0.970 | H_m0 0.00 H_m1 0.20 | a-0.0018 c0.0314 ent0.0043 VRAM 29MB
Ep 3200 | M0_PDR 0.960 | M1_PDR 0.981 | H_m0 0.00 H_m1 0.20 | a-0.0007 c0.0266 ent0.0042 VRAM 29MB
Ep 3250 | M0_PDR 0.956 | M1_PDR 0.986 | H_m0 0.00 H_m1 0.21 | a-0.0006 c0.0275 ent0.0041 VRAM 29MB
Ep 3300 | M0_PDR 0.952 | M1_PDR 0.978 | H_m0 0.00 H_m1 0.20 | a-0.0007 c0.0286 ent0.0041 VRAM 29MB
Ep 3350 | M0_PDR 0.949 | M1_PDR 0.985 | H_m0 0.00 H_m1 0.22 | a-0.0005 c0.0293 ent0.0040 VRAM 29MB
Ep 3400 | M0_PDR 0.969 | M1_PDR 0.983 | H_m0 0.00 H_m1 0.22 | a-0.0008 c0.0237 ent0.0039 VRAM 29MB
Ep 3450 | M0_PDR 0.951 | M1_PDR 0.967 | H_m0 0.00 H_m1 0.18 | a-0.0004 c0.0330 ent0.0038 VRAM 29MB
Ep 3500 | M0_PDR 0.944 | M1_PDR 0.977 | H_m0 0.00 H_m1 0.19 | a-0.0004 c0.0348 ent0.0037 VRAM 29MB
Ep 3550 | M0_PDR 0.946 | M1_PDR 0.936 | H_m0 0.00 H_m1 0.20 | a-0.0006 c0.0308 ent0.0036 VRAM 29MB
Ep 3600 | M0_PDR 0.969 | M1_PDR 0.974 | H_m0 0.00 H_m1 0.18 | a-0.0005 c0.0201 ent0.0035 VRAM 29MB
Ep 3650 | M0_PDR 0.956 | M1_PDR 0.981 | H_m0 0.00 H_m1 0.17 | a-0.0005 c0.0297 ent0.0034 VRAM 29MB
Ep 3700 | M0_PDR 0.958 | M1_PDR 0.971 | H_m0 0.01 H_m1 0.18 | a-0.0011 c0.0273 ent0.0033 VRAM 29MB
Ep 3750 | M0_PDR 0.962 | M1_PDR 0.984 | H_m0 0.00 H_m1 0.17 | a-0.0002 c0.0229 ent0.0032 VRAM 29MB
Ep 3800 | M0_PDR 0.968 | M1_PDR 0.989 | H_m0 0.00 H_m1 0.15 | a-0.0003 c0.0208 ent0.0032 VRAM 29MB
Ep 3850 | M0_PDR 0.957 | M1_PDR 0.991 | H_m0 0.00 H_m1 0.15 | a-0.0002 c0.0250 ent0.0031 VRAM 29MB
Ep 3900 | M0_PDR 0.959 | M1_PDR 0.970 | H_m0 0.00 H_m1 0.16 | a-0.0002 c0.0257 ent0.0030 VRAM 29MB
Ep 3950 | M0_PDR 0.963 | M1_PDR 0.975 | H_m0 0.00 H_m1 0.16 | a-0.0003 c0.0245 ent0.0029 VRAM 29MB
Ep 4000 | M0_PDR 0.963 | M1_PDR 0.978 | H_m0 0.00 H_m1 0.18 | a-0.0003 c0.0234 ent0.0028 VRAM 29MB
Ep 4050 | M0_PDR 0.960 | M1_PDR 0.986 | H_m0 0.00 H_m1 0.18 | a-0.0002 c0.0250 ent0.0027 VRAM 29MB
Ep 4100 | M0_PDR 0.963 | M1_PDR 0.976 | H_m0 0.00 H_m1 0.14 | a-0.0004 c0.0234 ent0.0026 VRAM 29MB
Ep 4150 | M0_PDR 0.941 | M1_PDR 0.981 | H_m0 0.00 H_m1 0.14 | a-0.0002 c0.0293 ent0.0025 VRAM 29MB
Ep 4200 | M0_PDR 0.953 | M1_PDR 0.966 | H_m0 0.00 H_m1 0.15 | a-0.0002 c0.0304 ent0.0024 VRAM 29MB
Ep 4250 | M0_PDR 0.959 | M1_PDR 0.988 | H_m0 0.00 H_m1 0.13 | a-0.0001 c0.0213 ent0.0023 VRAM 29MB
Ep 4300 | M0_PDR 0.944 | M1_PDR 0.988 | H_m0 0.01 H_m1 0.13 | a-0.0005 c0.0373 ent0.0023 VRAM 29MB
Ep 4350 | M0_PDR 0.965 | M1_PDR 0.985 | H_m0 0.00 H_m1 0.13 | a-0.0002 c0.0226 ent0.0022 VRAM 29MB
Ep 4400 | M0_PDR 0.951 | M1_PDR 0.983 | H_m0 0.00 H_m1 0.16 | a-0.0002 c0.0312 ent0.0021 VRAM 29MB
Ep 4450 | M0_PDR 0.958 | M1_PDR 0.985 | H_m0 0.00 H_m1 0.12 | a-0.0002 c0.0247 ent0.0020 VRAM 29MB
Ep 4500 | M0_PDR 0.918 | M1_PDR 0.980 | H_m0 0.02 H_m1 0.13 | a-0.0005 c0.0525 ent0.0019 VRAM 29MB
Ep 4550 | M0_PDR 0.949 | M1_PDR 0.985 | H_m0 0.00 H_m1 0.14 | a-0.0001 c0.0280 ent0.0018 VRAM 29MB
Ep 4600 | M0_PDR 0.954 | M1_PDR 0.963 | H_m0 0.00 H_m1 0.16 | a-0.0002 c0.0288 ent0.0017 VRAM 29MB
Ep 4650 | M0_PDR 0.953 | M1_PDR 0.987 | H_m0 0.00 H_m1 0.16 | a-0.0002 c0.0244 ent0.0016 VRAM 29MB
Ep 4700 | M0_PDR 0.970 | M1_PDR 0.989 | H_m0 0.00 H_m1 0.12 | a-0.0002 c0.0198 ent0.0015 VRAM 29MB
Ep 4750 | M0_PDR 0.956 | M1_PDR 0.982 | H_m0 0.00 H_m1 0.12 | a-0.0001 c0.0246 ent0.0014 VRAM 29MB
Ep 4800 | M0_PDR 0.937 | M1_PDR 0.963 | H_m0 0.01 H_m1 0.16 | a-0.0004 c0.0342 ent0.0014 VRAM 29MB
Ep 4850 | M0_PDR 0.957 | M1_PDR 0.975 | H_m0 0.00 H_m1 0.18 | a-0.0001 c0.0259 ent0.0013 VRAM 29MB
Ep 4900 | M0_PDR 0.966 | M1_PDR 0.963 | H_m0 0.00 H_m1 0.17 | a-0.0001 c0.0199 ent0.0012 VRAM 29MB
Ep 4950 | M0_PDR 0.964 | M1_PDR 0.987 | H_m0 0.00 H_m1 0.13 | a-0.0001 c0.0225 ent0.0011 VRAM 29MB

Training complete. Running 100 eval episodes...

  Eval ep   0: M0_PDR=0.965  M1_PDR=0.970
  Eval ep  20: M0_PDR=0.937  M1_PDR=0.987
  Eval ep  40: M0_PDR=0.964  M1_PDR=0.963
  Eval ep  60: M0_PDR=0.942  M1_PDR=0.993
  Eval ep  80: M0_PDR=0.973  M1_PDR=0.991

=== Eval Summary (100 episodes) ===
  M0_PDR_mean         : 0.9585
  M0_PDR_p05 (across) : 0.9406
  M0_PDR_p05 (intra)  : 0.6702
  M1_PDR_mean         : 0.9792
  M0_SINR_mean (dB)   : 28.90
  M1_SINR_mean (dB)   : 33.56
  M0_collision_rate   : 0.602
  M0_collision_within_pool : 0.002
  M1_collision_within_pool : 0.103

Result saved -> results/_A_N7_seed1_5000ep_gaefix_g05_ent01_as.json
  N=7  rho=1.4  M0_PDR=0.958  M1_PDR=0.979
[NS3Bridge] Shutdown complete.
Run complete.
