[seed] all RNGs seeded with 3
GPU : NVIDIA GeForce RTX 3060
VRAM: 12.9 GB
Device          : cuda:0
Actor M0 params : 21,273
Actor M1 params : 21,273
Critic params   : 87,809
obs_dim=11  action_dim=25  gs_dim=82
M0 count: 3  M1 count: 4
Training for 5000 episodes (Config A_N7_seed3_5000ep, N=7)...

[NS3Bridge] Connected tcp://localhost:6876
Ep    0 | M0_PDR 0.544 | M1_PDR 0.647 | H_m0 3.22 H_m1 3.22 | a-0.1649 c23.4969 ent0.0500 VRAM 29MB
Ep   50 | M0_PDR 0.598 | M1_PDR 0.577 | H_m0 3.11 H_m1 3.20 | a-0.1584 c11.9111 ent0.0495 VRAM 29MB
Ep  100 | M0_PDR 0.603 | M1_PDR 0.602 | H_m0 3.04 H_m1 3.20 | a-0.1550 c8.9364 ent0.0490 VRAM 29MB
Ep  150 | M0_PDR 0.668 | M1_PDR 0.581 | H_m0 2.98 H_m1 3.19 | a-0.1510 c7.4447 ent0.0485 VRAM 29MB
Ep  200 | M0_PDR 0.691 | M1_PDR 0.585 | H_m0 2.68 H_m1 3.19 | a-0.1444 c7.1854 ent0.0480 VRAM 29MB
Ep  250 | M0_PDR 0.647 | M1_PDR 0.593 | H_m0 2.82 H_m1 3.19 | a-0.1462 c4.1285 ent0.0475 VRAM 29MB
Ep  300 | M0_PDR 0.689 | M1_PDR 0.582 | H_m0 2.71 H_m1 3.19 | a-0.1422 c3.8374 ent0.0471 VRAM 29MB
Ep  350 | M0_PDR 0.609 | M1_PDR 0.597 | H_m0 2.82 H_m1 3.17 | a-0.1417 c2.6383 ent0.0466 VRAM 29MB
Ep  400 | M0_PDR 0.671 | M1_PDR 0.590 | H_m0 2.70 H_m1 3.16 | a-0.1371 c4.5292 ent0.0461 VRAM 29MB
Ep  450 | M0_PDR 0.675 | M1_PDR 0.605 | H_m0 2.65 H_m1 3.16 | a-0.1353 c2.2770 ent0.0456 VRAM 29MB
Ep  500 | M0_PDR 0.670 | M1_PDR 0.635 | H_m0 2.65 H_m1 3.15 | a-0.1335 c2.4322 ent0.0451 VRAM 29MB
Ep  550 | M0_PDR 0.652 | M1_PDR 0.616 | H_m0 2.73 H_m1 3.05 | a-0.1323 c2.3035 ent0.0446 VRAM 29MB
Ep  600 | M0_PDR 0.677 | M1_PDR 0.566 | H_m0 2.56 H_m1 3.18 | a-0.1302 c2.8794 ent0.0441 VRAM 29MB
Ep  650 | M0_PDR 0.701 | M1_PDR 0.579 | H_m0 2.48 H_m1 3.20 | a-0.1266 c2.0629 ent0.0436 VRAM 29MB
Ep  700 | M0_PDR 0.679 | M1_PDR 0.601 | H_m0 2.64 H_m1 3.19 | a-0.1281 c2.3494 ent0.0431 VRAM 29MB
Ep  750 | M0_PDR 0.686 | M1_PDR 0.604 | H_m0 2.51 H_m1 3.18 | a-0.1238 c2.1042 ent0.0426 VRAM 29MB
Ep  800 | M0_PDR 0.670 | M1_PDR 0.599 | H_m0 2.50 H_m1 3.16 | a-0.1222 c3.0578 ent0.0422 VRAM 29MB
Ep  850 | M0_PDR 0.633 | M1_PDR 0.626 | H_m0 2.54 H_m1 3.08 | a-0.1203 c2.6933 ent0.0417 VRAM 29MB
Ep  900 | M0_PDR 0.669 | M1_PDR 0.576 | H_m0 2.41 H_m1 3.15 | a-0.1172 c2.0212 ent0.0412 VRAM 29MB
Ep  950 | M0_PDR 0.676 | M1_PDR 0.594 | H_m0 2.51 H_m1 3.18 | a-0.1184 c2.6843 ent0.0407 VRAM 29MB
Ep 1000 | M0_PDR 0.669 | M1_PDR 0.569 | H_m0 2.41 H_m1 3.16 | a-0.1143 c2.5540 ent0.0402 VRAM 29MB
Ep 1050 | M0_PDR 0.664 | M1_PDR 0.578 | H_m0 2.50 H_m1 3.15 | a-0.1146 c1.9926 ent0.0397 VRAM 29MB
Ep 1100 | M0_PDR 0.693 | M1_PDR 0.581 | H_m0 2.30 H_m1 3.16 | a-0.1096 c2.5918 ent0.0392 VRAM 29MB
Ep 1150 | M0_PDR 0.678 | M1_PDR 0.588 | H_m0 2.37 H_m1 3.14 | a-0.1099 c3.3175 ent0.0387 VRAM 29MB
Ep 1200 | M0_PDR 0.701 | M1_PDR 0.603 | H_m0 2.37 H_m1 3.14 | a-0.1083 c2.0610 ent0.0382 VRAM 29MB
Ep 1250 | M0_PDR 0.657 | M1_PDR 0.610 | H_m0 2.13 H_m1 3.16 | a-0.1047 c2.3672 ent0.0377 VRAM 29MB
Ep 1300 | M0_PDR 0.683 | M1_PDR 0.574 | H_m0 2.17 H_m1 3.07 | a-0.1006 c2.2055 ent0.0373 VRAM 29MB
Ep 1350 | M0_PDR 0.708 | M1_PDR 0.562 | H_m0 2.26 H_m1 3.18 | a-0.1034 c1.9188 ent0.0368 VRAM 29MB
Ep 1400 | M0_PDR 0.663 | M1_PDR 0.603 | H_m0 2.31 H_m1 3.16 | a-0.1013 c1.7427 ent0.0363 VRAM 29MB
Ep 1450 | M0_PDR 0.681 | M1_PDR 0.597 | H_m0 2.38 H_m1 3.17 | a-0.1021 c2.2434 ent0.0358 VRAM 29MB
Ep 1500 | M0_PDR 0.655 | M1_PDR 0.564 | H_m0 2.38 H_m1 3.13 | a-0.0999 c2.4289 ent0.0353 VRAM 29MB
Ep 1550 | M0_PDR 0.643 | M1_PDR 0.603 | H_m0 2.38 H_m1 3.14 | a-0.0983 c2.7294 ent0.0348 VRAM 29MB
Ep 1600 | M0_PDR 0.704 | M1_PDR 0.613 | H_m0 2.27 H_m1 3.15 | a-0.0966 c2.3638 ent0.0343 VRAM 29MB
Ep 1650 | M0_PDR 0.704 | M1_PDR 0.580 | H_m0 2.29 H_m1 3.13 | a-0.0952 c2.3898 ent0.0338 VRAM 29MB
Ep 1700 | M0_PDR 0.670 | M1_PDR 0.559 | H_m0 2.21 H_m1 3.16 | a-0.0928 c2.2367 ent0.0333 VRAM 29MB
Ep 1750 | M0_PDR 0.677 | M1_PDR 0.592 | H_m0 2.32 H_m1 3.13 | a-0.0918 c1.8169 ent0.0328 VRAM 29MB
Ep 1800 | M0_PDR 0.690 | M1_PDR 0.585 | H_m0 2.30 H_m1 3.15 | a-0.0906 c2.2665 ent0.0324 VRAM 29MB
Ep 1850 | M0_PDR 0.671 | M1_PDR 0.560 | H_m0 2.19 H_m1 3.17 | a-0.0887 c2.7169 ent0.0319 VRAM 29MB
Ep 1900 | M0_PDR 0.730 | M1_PDR 0.563 | H_m0 2.17 H_m1 3.18 | a-0.0870 c1.9035 ent0.0314 VRAM 29MB
Ep 1950 | M0_PDR 0.683 | M1_PDR 0.580 | H_m0 2.15 H_m1 3.15 | a-0.0847 c2.5044 ent0.0309 VRAM 29MB
Ep 2000 | M0_PDR 0.665 | M1_PDR 0.587 | H_m0 2.32 H_m1 3.16 | a-0.0855 c2.9459 ent0.0304 VRAM 29MB
Ep 2050 | M0_PDR 0.705 | M1_PDR 0.588 | H_m0 2.44 H_m1 3.13 | a-0.0853 c1.7944 ent0.0299 VRAM 29MB
Ep 2100 | M0_PDR 0.687 | M1_PDR 0.629 | H_m0 2.27 H_m1 3.09 | a-0.0807 c2.3375 ent0.0294 VRAM 29MB
Ep 2150 | M0_PDR 0.673 | M1_PDR 0.584 | H_m0 2.27 H_m1 3.11 | a-0.0798 c2.0112 ent0.0289 VRAM 29MB
Ep 2200 | M0_PDR 0.649 | M1_PDR 0.606 | H_m0 2.07 H_m1 3.06 | a-0.0757 c2.8365 ent0.0284 VRAM 29MB
Ep 2250 | M0_PDR 0.726 | M1_PDR 0.582 | H_m0 2.08 H_m1 3.10 | a-0.0752 c2.2765 ent0.0279 VRAM 29MB
Ep 2300 | M0_PDR 0.668 | M1_PDR 0.608 | H_m0 2.12 H_m1 3.13 | a-0.0744 c2.5231 ent0.0275 VRAM 29MB
Ep 2350 | M0_PDR 0.691 | M1_PDR 0.568 | H_m0 2.04 H_m1 3.17 | a-0.0730 c2.7795 ent0.0270 VRAM 29MB
Ep 2400 | M0_PDR 0.685 | M1_PDR 0.563 | H_m0 2.00 H_m1 3.16 | a-0.0711 c2.3770 ent0.0265 VRAM 29MB
Ep 2450 | M0_PDR 0.687 | M1_PDR 0.601 | H_m0 1.99 H_m1 3.09 | a-0.0683 c2.0555 ent0.0260 VRAM 29MB
Ep 2500 | M0_PDR 0.698 | M1_PDR 0.625 | H_m0 2.00 H_m1 3.09 | a-0.0675 c1.9984 ent0.0255 VRAM 29MB
Ep 2550 | M0_PDR 0.666 | M1_PDR 0.580 | H_m0 2.08 H_m1 3.13 | a-0.0675 c2.0410 ent0.0250 VRAM 29MB
Ep 2600 | M0_PDR 0.712 | M1_PDR 0.544 | H_m0 2.11 H_m1 3.13 | a-0.0665 c1.8407 ent0.0245 VRAM 29MB
Ep 2650 | M0_PDR 0.692 | M1_PDR 0.628 | H_m0 2.10 H_m1 3.06 | a-0.0640 c2.3039 ent0.0240 VRAM 29MB
Ep 2700 | M0_PDR 0.670 | M1_PDR 0.637 | H_m0 2.17 H_m1 2.95 | a-0.0621 c1.9701 ent0.0235 VRAM 29MB
Ep 2750 | M0_PDR 0.706 | M1_PDR 0.617 | H_m0 1.99 H_m1 2.99 | a-0.0595 c1.9514 ent0.0230 VRAM 29MB
Ep 2800 | M0_PDR 0.685 | M1_PDR 0.599 | H_m0 1.90 H_m1 3.02 | a-0.0577 c2.0802 ent0.0226 VRAM 29MB
Ep 2850 | M0_PDR 0.695 | M1_PDR 0.598 | H_m0 1.93 H_m1 3.06 | a-0.0572 c2.2850 ent0.0221 VRAM 29MB
Ep 2900 | M0_PDR 0.648 | M1_PDR 0.599 | H_m0 1.97 H_m1 3.04 | a-0.0562 c2.5378 ent0.0216 VRAM 29MB
Ep 2950 | M0_PDR 0.667 | M1_PDR 0.607 | H_m0 2.03 H_m1 3.06 | a-0.0555 c2.6146 ent0.0211 VRAM 29MB
Ep 3000 | M0_PDR 0.703 | M1_PDR 0.560 | H_m0 1.90 H_m1 3.08 | a-0.0532 c2.2616 ent0.0206 VRAM 29MB
Ep 3050 | M0_PDR 0.664 | M1_PDR 0.574 | H_m0 1.86 H_m1 3.09 | a-0.0518 c1.9708 ent0.0201 VRAM 29MB
Ep 3100 | M0_PDR 0.719 | M1_PDR 0.574 | H_m0 1.86 H_m1 3.07 | a-0.0506 c3.0856 ent0.0196 VRAM 29MB
Ep 3150 | M0_PDR 0.710 | M1_PDR 0.540 | H_m0 1.79 H_m1 3.05 | a-0.0485 c2.1611 ent0.0191 VRAM 29MB
Ep 3200 | M0_PDR 0.649 | M1_PDR 0.580 | H_m0 1.80 H_m1 3.04 | a-0.0468 c2.6133 ent0.0186 VRAM 29MB
Ep 3250 | M0_PDR 0.680 | M1_PDR 0.585 | H_m0 1.82 H_m1 3.01 | a-0.0459 c2.5804 ent0.0181 VRAM 29MB
Ep 3300 | M0_PDR 0.687 | M1_PDR 0.603 | H_m0 1.80 H_m1 2.98 | a-0.0439 c1.9893 ent0.0177 VRAM 29MB
Ep 3350 | M0_PDR 0.693 | M1_PDR 0.616 | H_m0 1.84 H_m1 2.98 | a-0.0435 c2.4118 ent0.0172 VRAM 29MB
Ep 3400 | M0_PDR 0.675 | M1_PDR 0.598 | H_m0 1.86 H_m1 2.98 | a-0.0420 c2.0336 ent0.0167 VRAM 29MB
Ep 3450 | M0_PDR 0.702 | M1_PDR 0.601 | H_m0 1.78 H_m1 3.03 | a-0.0406 c1.9968 ent0.0162 VRAM 29MB
Ep 3500 | M0_PDR 0.680 | M1_PDR 0.603 | H_m0 1.77 H_m1 3.01 | a-0.0394 c2.1546 ent0.0157 VRAM 29MB
Ep 3550 | M0_PDR 0.722 | M1_PDR 0.615 | H_m0 1.74 H_m1 2.98 | a-0.0375 c2.3257 ent0.0152 VRAM 29MB
Ep 3600 | M0_PDR 0.721 | M1_PDR 0.623 | H_m0 1.74 H_m1 2.96 | a-0.0360 c1.9229 ent0.0147 VRAM 29MB
Ep 3650 | M0_PDR 0.696 | M1_PDR 0.623 | H_m0 1.75 H_m1 2.96 | a-0.0350 c2.2582 ent0.0142 VRAM 29MB
Ep 3700 | M0_PDR 0.704 | M1_PDR 0.589 | H_m0 1.77 H_m1 2.97 | a-0.0341 c1.9632 ent0.0137 VRAM 29MB
Ep 3750 | M0_PDR 0.697 | M1_PDR 0.574 | H_m0 1.75 H_m1 2.94 | a-0.0323 c2.2499 ent0.0132 VRAM 29MB
Ep 3800 | M0_PDR 0.656 | M1_PDR 0.604 | H_m0 1.76 H_m1 2.92 | a-0.0310 c2.2131 ent0.0128 VRAM 29MB
Ep 3850 | M0_PDR 0.715 | M1_PDR 0.616 | H_m0 1.74 H_m1 2.86 | a-0.0294 c2.5643 ent0.0123 VRAM 29MB
Ep 3900 | M0_PDR 0.671 | M1_PDR 0.580 | H_m0 1.73 H_m1 2.88 | a-0.0283 c2.5087 ent0.0118 VRAM 29MB
Ep 3950 | M0_PDR 0.711 | M1_PDR 0.635 | H_m0 1.71 H_m1 2.85 | a-0.0267 c1.8660 ent0.0113 VRAM 29MB
Ep 4000 | M0_PDR 0.695 | M1_PDR 0.659 | H_m0 1.72 H_m1 2.83 | a-0.0254 c2.2923 ent0.0108 VRAM 29MB
Ep 4050 | M0_PDR 0.673 | M1_PDR 0.612 | H_m0 1.71 H_m1 2.91 | a-0.0247 c1.8580 ent0.0103 VRAM 29MB
Ep 4100 | M0_PDR 0.693 | M1_PDR 0.615 | H_m0 1.69 H_m1 2.92 | a-0.0235 c1.9389 ent0.0098 VRAM 29MB
Ep 4150 | M0_PDR 0.694 | M1_PDR 0.623 | H_m0 1.68 H_m1 2.89 | a-0.0222 c2.7143 ent0.0093 VRAM 29MB
Ep 4200 | M0_PDR 0.692 | M1_PDR 0.586 | H_m0 1.68 H_m1 2.89 | a-0.0209 c2.1298 ent0.0088 VRAM 29MB
Ep 4250 | M0_PDR 0.670 | M1_PDR 0.618 | H_m0 1.69 H_m1 2.88 | a-0.0198 c2.3138 ent0.0083 VRAM 29MB
Ep 4300 | M0_PDR 0.661 | M1_PDR 0.652 | H_m0 1.68 H_m1 2.82 | a-0.0184 c2.4766 ent0.0079 VRAM 29MB
Error: tcpip::Socket::accept() Unable to create listening socket: Address already in use
Quitting (on error).
Ep 4350 | M0_PDR 0.657 | M1_PDR 0.611 | H_m0 1.68 H_m1 2.84 | a-0.0174 c2.4074 ent0.0074 VRAM 29MB
Ep 4400 | M0_PDR 0.675 | M1_PDR 0.607 | H_m0 1.68 H_m1 2.85 | a-0.0161 c2.3960 ent0.0069 VRAM 29MB
Ep 4450 | M0_PDR 0.665 | M1_PDR 0.611 | H_m0 1.68 H_m1 2.85 | a-0.0151 c1.9346 ent0.0064 VRAM 29MB
Ep 4500 | M0_PDR 0.735 | M1_PDR 0.634 | H_m0 1.67 H_m1 2.83 | a-0.0138 c1.9623 ent0.0059 VRAM 29MB
Ep 4550 | M0_PDR 0.659 | M1_PDR 0.630 | H_m0 1.68 H_m1 2.83 | a-0.0126 c1.9923 ent0.0054 VRAM 29MB
Ep 4600 | M0_PDR 0.706 | M1_PDR 0.562 | H_m0 1.67 H_m1 2.86 | a-0.0117 c2.1106 ent0.0049 VRAM 29MB
Ep 4650 | M0_PDR 0.680 | M1_PDR 0.626 | H_m0 1.67 H_m1 2.82 | a-0.0104 c2.2946 ent0.0044 VRAM 29MB
Ep 4700 | M0_PDR 0.639 | M1_PDR 0.625 | H_m0 1.68 H_m1 2.81 | a-0.0092 c2.9427 ent0.0039 VRAM 29MB
Ep 4750 | M0_PDR 0.677 | M1_PDR 0.662 | H_m0 1.67 H_m1 2.78 | a-0.0080 c2.1335 ent0.0034 VRAM 29MB
Ep 4800 | M0_PDR 0.666 | M1_PDR 0.673 | H_m0 1.67 H_m1 2.76 | a-0.0068 c2.0714 ent0.0030 VRAM 29MB
Ep 4850 | M0_PDR 0.705 | M1_PDR 0.641 | H_m0 1.66 H_m1 2.77 | a-0.0057 c2.7465 ent0.0025 VRAM 29MB
Ep 4900 | M0_PDR 0.698 | M1_PDR 0.570 | H_m0 1.66 H_m1 2.82 | a-0.0046 c2.0587 ent0.0020 VRAM 29MB
Ep 4950 | M0_PDR 0.673 | M1_PDR 0.651 | H_m0 1.67 H_m1 2.75 | a-0.0034 c2.4398 ent0.0015 VRAM 29MB

Training complete. Running 100 eval episodes...

  Eval ep   0: M0_PDR=0.675  M1_PDR=0.628
  Eval ep  20: M0_PDR=0.679  M1_PDR=0.614
  Eval ep  40: M0_PDR=0.680  M1_PDR=0.622
  Eval ep  60: M0_PDR=0.681  M1_PDR=0.607
  Eval ep  80: M0_PDR=0.686  M1_PDR=0.611

=== Eval Summary (100 episodes) ===
  M0_PDR_mean         : 0.6841
  M0_PDR_p05 (across) : 0.6498
  M0_PDR_p05 (intra)  : 0.0851
  M1_PDR_mean         : 0.6218
  M0_SINR_mean (dB)   : 11.74
  M1_SINR_mean (dB)   : 10.08
  M0_collision_rate   : 0.735
  M0_collision_within_pool : 0.359
  M1_collision_within_pool : 0.490

Result saved -> results/_A_N7_seed3_5000ep.json
  N=7  rho=1.4  M0_PDR=0.684  M1_PDR=0.622
[NS3Bridge] Shutdown complete.
Run complete.
