[seed] all RNGs seeded with 3
GPU : NVIDIA GeForce RTX 3060
VRAM: 12.9 GB
Device          : cuda:0
Actor M0 params : 21,273
Actor M1 params : 21,273
Critic params   : 90,625
obs_dim=11  action_dim=25  gs_dim=82
M0 count: 3  M1 count: 4
Training for 5000 episodes (Config A_N7_seed3_5000ep_gaefix_g05_ent01_as, N=7)...

[NS3Bridge] Connected tcp://localhost:8806
Ep    0 | M0_PDR 0.562 | M1_PDR 0.639 | H_m0 3.22 H_m1 3.22 | a-0.0367 c0.7189 ent0.0100 VRAM 29MB
Ep   50 | M0_PDR 0.667 | M1_PDR 0.664 | H_m0 1.68 H_m1 1.87 | a-0.0219 c0.1526 ent0.0099 VRAM 29MB
Ep  100 | M0_PDR 0.677 | M1_PDR 0.663 | H_m0 1.64 H_m1 1.76 | a-0.0187 c0.1554 ent0.0098 VRAM 29MB
Ep  150 | M0_PDR 0.636 | M1_PDR 0.703 | H_m0 1.62 H_m1 1.69 | a-0.0181 c0.1547 ent0.0097 VRAM 29MB
Ep  200 | M0_PDR 0.699 | M1_PDR 0.707 | H_m0 1.63 H_m1 1.76 | a-0.0197 c0.1225 ent0.0096 VRAM 29MB
Ep  250 | M0_PDR 0.675 | M1_PDR 0.671 | H_m0 1.62 H_m1 1.72 | a-0.0203 c0.1417 ent0.0095 VRAM 29MB
Ep  300 | M0_PDR 0.681 | M1_PDR 0.692 | H_m0 1.62 H_m1 1.72 | a-0.0170 c0.1237 ent0.0095 VRAM 29MB
Ep  350 | M0_PDR 0.656 | M1_PDR 0.670 | H_m0 1.63 H_m1 1.71 | a-0.0184 c0.1379 ent0.0094 VRAM 29MB
Ep  400 | M0_PDR 0.635 | M1_PDR 0.690 | H_m0 1.61 H_m1 1.73 | a-0.0160 c0.1311 ent0.0093 VRAM 29MB
Ep  450 | M0_PDR 0.654 | M1_PDR 0.677 | H_m0 1.62 H_m1 1.72 | a-0.0163 c0.1403 ent0.0092 VRAM 29MB
Ep  500 | M0_PDR 0.675 | M1_PDR 0.704 | H_m0 1.62 H_m1 1.71 | a-0.0138 c0.1292 ent0.0091 VRAM 29MB
Ep  550 | M0_PDR 0.651 | M1_PDR 0.654 | H_m0 1.61 H_m1 1.70 | a-0.0183 c0.1353 ent0.0090 VRAM 29MB
Ep  600 | M0_PDR 0.622 | M1_PDR 0.694 | H_m0 1.62 H_m1 1.71 | a-0.0153 c0.1510 ent0.0089 VRAM 29MB
Ep  650 | M0_PDR 0.638 | M1_PDR 0.690 | H_m0 1.62 H_m1 1.71 | a-0.0160 c0.1572 ent0.0088 VRAM 29MB
Ep  700 | M0_PDR 0.672 | M1_PDR 0.664 | H_m0 1.62 H_m1 1.67 | a-0.0163 c0.1242 ent0.0087 VRAM 29MB
Ep  750 | M0_PDR 0.680 | M1_PDR 0.687 | H_m0 1.62 H_m1 1.67 | a-0.0197 c0.1410 ent0.0086 VRAM 29MB
Ep  800 | M0_PDR 0.644 | M1_PDR 0.675 | H_m0 1.62 H_m1 1.70 | a-0.0157 c0.1532 ent0.0086 VRAM 29MB
Ep  850 | M0_PDR 0.628 | M1_PDR 0.662 | H_m0 1.61 H_m1 1.74 | a-0.0169 c0.1628 ent0.0085 VRAM 29MB
Ep  900 | M0_PDR 0.635 | M1_PDR 0.706 | H_m0 1.64 H_m1 1.73 | a-0.0147 c0.1499 ent0.0084 VRAM 29MB
Ep  950 | M0_PDR 0.662 | M1_PDR 0.663 | H_m0 1.61 H_m1 1.76 | a-0.0160 c0.1334 ent0.0083 VRAM 29MB
Ep 1000 | M0_PDR 0.665 | M1_PDR 0.678 | H_m0 1.61 H_m1 1.68 | a-0.0157 c0.1362 ent0.0082 VRAM 29MB
Ep 1050 | M0_PDR 0.637 | M1_PDR 0.685 | H_m0 1.61 H_m1 1.65 | a-0.0135 c0.1401 ent0.0081 VRAM 29MB
Ep 1100 | M0_PDR 0.656 | M1_PDR 0.637 | H_m0 1.61 H_m1 1.66 | a-0.0146 c0.1428 ent0.0080 VRAM 29MB
Ep 1150 | M0_PDR 0.649 | M1_PDR 0.656 | H_m0 1.62 H_m1 1.66 | a-0.0137 c0.1551 ent0.0079 VRAM 29MB
Ep 1200 | M0_PDR 0.674 | M1_PDR 0.691 | H_m0 1.61 H_m1 1.65 | a-0.0143 c0.1390 ent0.0078 VRAM 29MB
Ep 1250 | M0_PDR 0.601 | M1_PDR 0.640 | H_m0 1.62 H_m1 1.63 | a-0.0142 c0.1486 ent0.0077 VRAM 29MB
Ep 1300 | M0_PDR 0.619 | M1_PDR 0.663 | H_m0 1.61 H_m1 1.63 | a-0.0129 c0.1461 ent0.0077 VRAM 29MB
Ep 1350 | M0_PDR 0.689 | M1_PDR 0.727 | H_m0 1.60 H_m1 1.63 | a-0.0132 c0.1395 ent0.0076 VRAM 29MB
Ep 1400 | M0_PDR 0.683 | M1_PDR 0.708 | H_m0 1.59 H_m1 1.63 | a-0.0134 c0.1204 ent0.0075 VRAM 29MB
Ep 1450 | M0_PDR 0.638 | M1_PDR 0.666 | H_m0 1.56 H_m1 1.64 | a-0.0126 c0.1549 ent0.0074 VRAM 29MB
Ep 1500 | M0_PDR 0.667 | M1_PDR 0.665 | H_m0 1.54 H_m1 1.62 | a-0.0126 c0.1586 ent0.0073 VRAM 29MB
Ep 1550 | M0_PDR 0.679 | M1_PDR 0.643 | H_m0 1.45 H_m1 1.63 | a-0.0123 c0.1526 ent0.0072 VRAM 29MB
Ep 1600 | M0_PDR 0.658 | M1_PDR 0.677 | H_m0 1.21 H_m1 1.61 | a-0.0117 c0.1415 ent0.0071 VRAM 29MB
Ep 1650 | M0_PDR 0.671 | M1_PDR 0.708 | H_m0 0.89 H_m1 1.61 | a-0.0108 c0.1179 ent0.0070 VRAM 29MB
Ep 1700 | M0_PDR 0.767 | M1_PDR 0.695 | H_m0 0.55 H_m1 1.32 | a-0.0082 c0.0789 ent0.0069 VRAM 29MB
Ep 1750 | M0_PDR 0.937 | M1_PDR 0.706 | H_m0 0.10 H_m1 1.14 | a-0.0072 c0.0397 ent0.0068 VRAM 29MB
Ep 1800 | M0_PDR 0.955 | M1_PDR 0.770 | H_m0 0.03 H_m1 0.85 | a-0.0043 c0.0379 ent0.0068 VRAM 29MB
Ep 1850 | M0_PDR 0.951 | M1_PDR 0.755 | H_m0 0.02 H_m1 0.75 | a-0.0032 c0.0292 ent0.0067 VRAM 29MB
Ep 1900 | M0_PDR 0.973 | M1_PDR 0.764 | H_m0 0.01 H_m1 0.77 | a-0.0030 c0.0235 ent0.0066 VRAM 29MB
Ep 1950 | M0_PDR 0.966 | M1_PDR 0.762 | H_m0 0.01 H_m1 0.81 | a-0.0031 c0.0257 ent0.0065 VRAM 29MB
Ep 2000 | M0_PDR 0.974 | M1_PDR 0.791 | H_m0 0.01 H_m1 0.78 | a-0.0027 c0.0222 ent0.0064 VRAM 29MB
Ep 2050 | M0_PDR 0.958 | M1_PDR 0.774 | H_m0 0.00 H_m1 0.75 | a-0.0033 c0.0278 ent0.0063 VRAM 29MB
Ep 2100 | M0_PDR 0.979 | M1_PDR 0.790 | H_m0 0.01 H_m1 0.75 | a-0.0039 c0.0216 ent0.0062 VRAM 29MB
Ep 2150 | M0_PDR 0.974 | M1_PDR 0.745 | H_m0 0.01 H_m1 0.73 | a-0.0031 c0.0236 ent0.0061 VRAM 29MB
Ep 2200 | M0_PDR 0.971 | M1_PDR 0.755 | H_m0 0.00 H_m1 0.76 | a-0.0024 c0.0224 ent0.0060 VRAM 29MB
Ep 2250 | M0_PDR 0.965 | M1_PDR 0.751 | H_m0 0.00 H_m1 0.77 | a-0.0027 c0.0257 ent0.0059 VRAM 29MB
Ep 2300 | M0_PDR 0.982 | M1_PDR 0.761 | H_m0 0.00 H_m1 0.74 | a-0.0026 c0.0190 ent0.0059 VRAM 29MB
Ep 2350 | M0_PDR 0.967 | M1_PDR 0.768 | H_m0 0.00 H_m1 0.75 | a-0.0024 c0.0258 ent0.0058 VRAM 29MB
Ep 2400 | M0_PDR 0.969 | M1_PDR 0.787 | H_m0 0.00 H_m1 0.74 | a-0.0023 c0.0237 ent0.0057 VRAM 29MB
Ep 2450 | M0_PDR 0.985 | M1_PDR 0.764 | H_m0 0.00 H_m1 0.72 | a-0.0026 c0.0149 ent0.0056 VRAM 29MB
Ep 2500 | M0_PDR 0.970 | M1_PDR 0.758 | H_m0 0.00 H_m1 0.73 | a-0.0033 c0.0235 ent0.0055 VRAM 29MB
Ep 2550 | M0_PDR 0.973 | M1_PDR 0.766 | H_m0 0.00 H_m1 0.72 | a-0.0024 c0.0221 ent0.0054 VRAM 29MB
Ep 2600 | M0_PDR 0.961 | M1_PDR 0.737 | H_m0 0.00 H_m1 0.73 | a-0.0026 c0.0273 ent0.0053 VRAM 29MB
Ep 2650 | M0_PDR 0.963 | M1_PDR 0.770 | H_m0 0.00 H_m1 0.72 | a-0.0027 c0.0253 ent0.0052 VRAM 29MB
Ep 2700 | M0_PDR 0.986 | M1_PDR 0.769 | H_m0 0.00 H_m1 0.68 | a-0.0016 c0.0150 ent0.0051 VRAM 29MB
Ep 2750 | M0_PDR 0.965 | M1_PDR 0.782 | H_m0 0.00 H_m1 0.67 | a-0.0017 c0.0252 ent0.0050 VRAM 29MB
Ep 2800 | M0_PDR 0.962 | M1_PDR 0.790 | H_m0 0.00 H_m1 0.66 | a-0.0029 c0.0262 ent0.0050 VRAM 29MB
Ep 2850 | M0_PDR 0.976 | M1_PDR 0.760 | H_m0 0.00 H_m1 0.69 | a-0.0015 c0.0214 ent0.0049 VRAM 29MB
Ep 2900 | M0_PDR 0.984 | M1_PDR 0.771 | H_m0 0.00 H_m1 0.70 | a-0.0020 c0.0186 ent0.0048 VRAM 29MB
Ep 2950 | M0_PDR 0.966 | M1_PDR 0.761 | H_m0 0.00 H_m1 0.65 | a-0.0017 c0.0253 ent0.0047 VRAM 29MB
Ep 3000 | M0_PDR 0.964 | M1_PDR 0.778 | H_m0 0.00 H_m1 0.61 | a-0.0018 c0.0267 ent0.0046 VRAM 29MB
Ep 3050 | M0_PDR 0.958 | M1_PDR 0.805 | H_m0 0.00 H_m1 0.61 | a-0.0021 c0.0285 ent0.0045 VRAM 29MB
Ep 3100 | M0_PDR 0.960 | M1_PDR 0.779 | H_m0 0.00 H_m1 0.63 | a-0.0018 c0.0253 ent0.0044 VRAM 29MB
Ep 3150 | M0_PDR 0.970 | M1_PDR 0.797 | H_m0 0.00 H_m1 0.62 | a-0.0019 c0.0223 ent0.0043 VRAM 29MB
Ep 3200 | M0_PDR 0.963 | M1_PDR 0.756 | H_m0 0.00 H_m1 0.57 | a-0.0018 c0.0231 ent0.0042 VRAM 29MB
Ep 3250 | M0_PDR 0.959 | M1_PDR 0.819 | H_m0 0.00 H_m1 0.44 | a-0.0022 c0.0253 ent0.0041 VRAM 29MB
Ep 3300 | M0_PDR 0.949 | M1_PDR 0.944 | H_m0 0.00 H_m1 0.25 | a-0.0006 c0.0288 ent0.0041 VRAM 29MB
Ep 3350 | M0_PDR 0.949 | M1_PDR 0.956 | H_m0 0.00 H_m1 0.18 | a-0.0006 c0.0272 ent0.0040 VRAM 29MB
Ep 3400 | M0_PDR 0.944 | M1_PDR 0.968 | H_m0 0.00 H_m1 0.18 | a-0.0004 c0.0302 ent0.0039 VRAM 29MB
Ep 3450 | M0_PDR 0.919 | M1_PDR 0.958 | H_m0 0.00 H_m1 0.18 | a-0.0004 c0.0350 ent0.0038 VRAM 29MB
Ep 3500 | M0_PDR 0.931 | M1_PDR 0.940 | H_m0 0.00 H_m1 0.12 | a-0.0007 c0.0325 ent0.0037 VRAM 29MB
Ep 3550 | M0_PDR 0.942 | M1_PDR 0.975 | H_m0 0.00 H_m1 0.13 | a-0.0005 c0.0309 ent0.0036 VRAM 29MB
Ep 3600 | M0_PDR 0.944 | M1_PDR 0.975 | H_m0 0.00 H_m1 0.10 | a-0.0002 c0.0252 ent0.0035 VRAM 29MB
Ep 3650 | M0_PDR 0.936 | M1_PDR 0.974 | H_m0 0.00 H_m1 0.11 | a-0.0003 c0.0344 ent0.0034 VRAM 29MB
Ep 3700 | M0_PDR 0.941 | M1_PDR 0.988 | H_m0 0.00 H_m1 0.07 | a-0.0003 c0.0306 ent0.0033 VRAM 29MB
Ep 3750 | M0_PDR 0.936 | M1_PDR 0.972 | H_m0 0.00 H_m1 0.10 | a-0.0003 c0.0311 ent0.0032 VRAM 29MB
Ep 3800 | M0_PDR 0.929 | M1_PDR 0.980 | H_m0 0.00 H_m1 0.06 | a-0.0001 c0.0367 ent0.0032 VRAM 29MB
Ep 3850 | M0_PDR 0.931 | M1_PDR 0.988 | H_m0 0.00 H_m1 0.05 | a-0.0001 c0.0285 ent0.0031 VRAM 29MB
Ep 3900 | M0_PDR 0.948 | M1_PDR 0.989 | H_m0 0.00 H_m1 0.06 | a-0.0002 c0.0254 ent0.0030 VRAM 29MB
Ep 3950 | M0_PDR 0.927 | M1_PDR 0.989 | H_m0 0.00 H_m1 0.06 | a-0.0001 c0.0366 ent0.0029 VRAM 29MB
Ep 4000 | M0_PDR 0.929 | M1_PDR 0.982 | H_m0 0.00 H_m1 0.05 | a-0.0001 c0.0311 ent0.0028 VRAM 29MB
Ep 4050 | M0_PDR 0.941 | M1_PDR 0.996 | H_m0 0.00 H_m1 0.02 | a-0.0000 c0.0281 ent0.0027 VRAM 29MB
Ep 4100 | M0_PDR 0.928 | M1_PDR 0.984 | H_m0 0.00 H_m1 0.03 | a-0.0001 c0.0349 ent0.0026 VRAM 29MB
Ep 4150 | M0_PDR 0.986 | M1_PDR 0.906 | H_m0 0.00 H_m1 0.05 | a-0.0001 c0.0262 ent0.0025 VRAM 29MB
Ep 4200 | M0_PDR 0.928 | M1_PDR 0.985 | H_m0 0.00 H_m1 0.04 | a-0.0001 c0.0301 ent0.0024 VRAM 29MB
Ep 4250 | M0_PDR 0.955 | M1_PDR 0.982 | H_m0 0.00 H_m1 0.03 | a-0.0001 c0.0256 ent0.0023 VRAM 29MB
Ep 4300 | M0_PDR 0.933 | M1_PDR 0.991 | H_m0 0.00 H_m1 0.03 | a-0.0000 c0.0304 ent0.0023 VRAM 29MB
Ep 4350 | M0_PDR 0.938 | M1_PDR 0.991 | H_m0 0.00 H_m1 0.02 | a-0.0000 c0.0292 ent0.0022 VRAM 29MB
Ep 4400 | M0_PDR 0.920 | M1_PDR 0.978 | H_m0 0.00 H_m1 0.04 | a-0.0001 c0.0336 ent0.0021 VRAM 29MB
Ep 4450 | M0_PDR 0.926 | M1_PDR 0.986 | H_m0 0.00 H_m1 0.03 | a-0.0001 c0.0310 ent0.0020 VRAM 29MB
Ep 4500 | M0_PDR 0.935 | M1_PDR 0.987 | H_m0 0.00 H_m1 0.03 | a-0.0000 c0.0258 ent0.0019 VRAM 29MB
Ep 4550 | M0_PDR 0.933 | M1_PDR 0.990 | H_m0 0.00 H_m1 0.03 | a-0.0000 c0.0330 ent0.0018 VRAM 29MB
Ep 4600 | M0_PDR 0.941 | M1_PDR 0.986 | H_m0 0.00 H_m1 0.03 | a-0.0000 c0.0287 ent0.0017 VRAM 29MB
Ep 4650 | M0_PDR 0.936 | M1_PDR 0.994 | H_m0 0.00 H_m1 0.02 | a-0.0000 c0.0277 ent0.0016 VRAM 29MB
Ep 4700 | M0_PDR 0.955 | M1_PDR 0.991 | H_m0 0.00 H_m1 0.02 | a-0.0000 c0.0246 ent0.0015 VRAM 29MB
Ep 4750 | M0_PDR 0.941 | M1_PDR 0.991 | H_m0 0.00 H_m1 0.02 | a-0.0000 c0.0289 ent0.0014 VRAM 29MB
Ep 4800 | M0_PDR 0.937 | M1_PDR 0.986 | H_m0 0.00 H_m1 0.04 | a-0.0000 c0.0279 ent0.0014 VRAM 29MB
Ep 4850 | M0_PDR 0.943 | M1_PDR 0.959 | H_m0 0.00 H_m1 0.06 | a-0.0001 c0.0304 ent0.0013 VRAM 29MB
Ep 4900 | M0_PDR 0.925 | M1_PDR 0.985 | H_m0 0.00 H_m1 0.03 | a-0.0000 c0.0353 ent0.0012 VRAM 29MB
Ep 4950 | M0_PDR 0.911 | M1_PDR 0.990 | H_m0 0.00 H_m1 0.03 | a-0.0000 c0.0416 ent0.0011 VRAM 29MB

Training complete. Running 100 eval episodes...

  Eval ep   0: M0_PDR=0.934  M1_PDR=0.989
  Eval ep  20: M0_PDR=0.935  M1_PDR=0.998
  Eval ep  40: M0_PDR=0.937  M1_PDR=0.994
  Eval ep  60: M0_PDR=0.940  M1_PDR=0.989
  Eval ep  80: M0_PDR=0.936  M1_PDR=0.988

=== Eval Summary (100 episodes) ===
  M0_PDR_mean         : 0.9351
  M0_PDR_p05 (across) : 0.9154
  M0_PDR_p05 (intra)  : 0.6761
  M1_PDR_mean         : 0.9848
  M0_SINR_mean (dB)   : 27.54
  M1_SINR_mean (dB)   : 35.27
  M0_collision_rate   : 0.639
  M0_collision_within_pool : 0.002
  M1_collision_within_pool : 0.045

Result saved -> results/_A_N7_seed3_5000ep_gaefix_g05_ent01_as.json
  N=7  rho=1.4  M0_PDR=0.935  M1_PDR=0.985
[NS3Bridge] Shutdown complete.
Run complete.
