[seed] all RNGs seeded with 2
GPU : NVIDIA GeForce RTX 3060
VRAM: 12.9 GB
Device          : cuda:0
Actor M0 params : 21,273
Actor M1 params : 21,273
Critic params   : 87,809
obs_dim=11  action_dim=25  gs_dim=82
M0 count: 3  M1 count: 4
Training for 5000 episodes (Config A_N7_seed2_5000ep, N=7)...

[NS3Bridge] Connected tcp://localhost:6866
Ep    0 | M0_PDR 0.580 | M1_PDR 0.599 | H_m0 3.22 H_m1 3.22 | a-0.1644 c25.4159 ent0.0500 VRAM 29MB
Ep   50 | M0_PDR 0.632 | M1_PDR 0.601 | H_m0 3.10 H_m1 3.20 | a-0.1572 c12.2723 ent0.0495 VRAM 29MB
Ep  100 | M0_PDR 0.636 | M1_PDR 0.589 | H_m0 2.99 H_m1 3.21 | a-0.1538 c10.5704 ent0.0490 VRAM 29MB
Ep  150 | M0_PDR 0.593 | M1_PDR 0.623 | H_m0 2.98 H_m1 3.20 | a-0.1526 c4.1324 ent0.0485 VRAM 29MB
Ep  200 | M0_PDR 0.645 | M1_PDR 0.596 | H_m0 2.81 H_m1 3.20 | a-0.1464 c4.6253 ent0.0480 VRAM 29MB
Ep  250 | M0_PDR 0.679 | M1_PDR 0.635 | H_m0 2.82 H_m1 3.17 | a-0.1442 c3.8298 ent0.0475 VRAM 29MB
Ep  300 | M0_PDR 0.621 | M1_PDR 0.600 | H_m0 2.67 H_m1 3.14 | a-0.1402 c4.6507 ent0.0471 VRAM 29MB
Ep  350 | M0_PDR 0.675 | M1_PDR 0.576 | H_m0 2.69 H_m1 3.08 | a-0.1371 c3.0860 ent0.0466 VRAM 29MB
Ep  400 | M0_PDR 0.644 | M1_PDR 0.596 | H_m0 2.63 H_m1 3.17 | a-0.1369 c4.8309 ent0.0461 VRAM 29MB
Ep  450 | M0_PDR 0.662 | M1_PDR 0.538 | H_m0 2.61 H_m1 3.19 | a-0.1358 c2.7448 ent0.0456 VRAM 29MB
Ep  500 | M0_PDR 0.646 | M1_PDR 0.569 | H_m0 2.68 H_m1 3.19 | a-0.1348 c2.5828 ent0.0451 VRAM 29MB
Ep  550 | M0_PDR 0.668 | M1_PDR 0.598 | H_m0 2.67 H_m1 3.16 | a-0.1324 c2.8817 ent0.0446 VRAM 29MB
Ep  600 | M0_PDR 0.699 | M1_PDR 0.586 | H_m0 2.45 H_m1 3.13 | a-0.1264 c2.5963 ent0.0441 VRAM 29MB
Ep  650 | M0_PDR 0.679 | M1_PDR 0.553 | H_m0 2.50 H_m1 3.17 | a-0.1273 c2.4283 ent0.0436 VRAM 29MB
Ep  700 | M0_PDR 0.680 | M1_PDR 0.562 | H_m0 2.45 H_m1 3.17 | a-0.1248 c2.4710 ent0.0431 VRAM 29MB
Ep  750 | M0_PDR 0.660 | M1_PDR 0.577 | H_m0 2.65 H_m1 3.18 | a-0.1271 c2.6029 ent0.0426 VRAM 29MB
Ep  800 | M0_PDR 0.674 | M1_PDR 0.597 | H_m0 2.59 H_m1 3.19 | a-0.1239 c2.1320 ent0.0422 VRAM 29MB
Ep  850 | M0_PDR 0.663 | M1_PDR 0.583 | H_m0 2.49 H_m1 3.17 | a-0.1213 c1.8871 ent0.0417 VRAM 29MB
Ep  900 | M0_PDR 0.628 | M1_PDR 0.595 | H_m0 2.27 H_m1 3.14 | a-0.1152 c2.8993 ent0.0412 VRAM 29MB
Ep  950 | M0_PDR 0.647 | M1_PDR 0.605 | H_m0 2.52 H_m1 3.13 | a-0.1178 c3.4672 ent0.0407 VRAM 29MB
Ep 1000 | M0_PDR 0.650 | M1_PDR 0.606 | H_m0 2.50 H_m1 3.16 | a-0.1166 c3.1624 ent0.0402 VRAM 29MB
Ep 1050 | M0_PDR 0.697 | M1_PDR 0.613 | H_m0 2.37 H_m1 3.16 | a-0.1130 c2.0698 ent0.0397 VRAM 29MB
Ep 1100 | M0_PDR 0.683 | M1_PDR 0.571 | H_m0 2.36 H_m1 3.12 | a-0.1101 c2.2891 ent0.0392 VRAM 29MB
Ep 1150 | M0_PDR 0.676 | M1_PDR 0.595 | H_m0 2.26 H_m1 3.07 | a-0.1061 c2.2800 ent0.0387 VRAM 29MB
Ep 1200 | M0_PDR 0.622 | M1_PDR 0.615 | H_m0 2.38 H_m1 3.14 | a-0.1085 c2.7814 ent0.0382 VRAM 29MB
Ep 1250 | M0_PDR 0.677 | M1_PDR 0.588 | H_m0 2.44 H_m1 3.16 | a-0.1083 c2.7734 ent0.0377 VRAM 29MB
Ep 1300 | M0_PDR 0.709 | M1_PDR 0.584 | H_m0 2.37 H_m1 3.16 | a-0.1059 c2.8422 ent0.0373 VRAM 29MB
Ep 1350 | M0_PDR 0.706 | M1_PDR 0.562 | H_m0 2.34 H_m1 3.16 | a-0.1040 c2.2742 ent0.0368 VRAM 29MB
Ep 1400 | M0_PDR 0.712 | M1_PDR 0.612 | H_m0 2.51 H_m1 3.14 | a-0.1049 c2.5273 ent0.0363 VRAM 29MB
Ep 1450 | M0_PDR 0.665 | M1_PDR 0.599 | H_m0 2.44 H_m1 3.15 | a-0.1020 c2.7656 ent0.0358 VRAM 29MB
Ep 1500 | M0_PDR 0.670 | M1_PDR 0.578 | H_m0 2.19 H_m1 3.13 | a-0.0971 c2.5676 ent0.0353 VRAM 29MB
Ep 1550 | M0_PDR 0.658 | M1_PDR 0.592 | H_m0 2.44 H_m1 3.11 | a-0.0989 c1.9872 ent0.0348 VRAM 29MB
Ep 1600 | M0_PDR 0.652 | M1_PDR 0.561 | H_m0 2.35 H_m1 3.13 | a-0.0963 c2.5547 ent0.0343 VRAM 29MB
Ep 1650 | M0_PDR 0.686 | M1_PDR 0.594 | H_m0 2.47 H_m1 3.15 | a-0.0973 c2.3012 ent0.0338 VRAM 29MB
Ep 1700 | M0_PDR 0.659 | M1_PDR 0.591 | H_m0 2.30 H_m1 3.15 | a-0.0939 c2.8034 ent0.0333 VRAM 29MB
Ep 1750 | M0_PDR 0.660 | M1_PDR 0.559 | H_m0 2.24 H_m1 3.15 | a-0.0912 c2.4106 ent0.0328 VRAM 29MB
Ep 1800 | M0_PDR 0.665 | M1_PDR 0.585 | H_m0 2.19 H_m1 3.10 | a-0.0881 c2.7047 ent0.0324 VRAM 29MB
Ep 1850 | M0_PDR 0.651 | M1_PDR 0.595 | H_m0 2.23 H_m1 3.10 | a-0.0873 c2.3879 ent0.0319 VRAM 29MB
Ep 1900 | M0_PDR 0.686 | M1_PDR 0.607 | H_m0 2.10 H_m1 3.11 | a-0.0842 c2.0482 ent0.0314 VRAM 29MB
Ep 1950 | M0_PDR 0.667 | M1_PDR 0.583 | H_m0 2.23 H_m1 3.15 | a-0.0862 c2.1141 ent0.0309 VRAM 29MB
Ep 2000 | M0_PDR 0.680 | M1_PDR 0.584 | H_m0 1.99 H_m1 3.19 | a-0.0820 c3.0890 ent0.0304 VRAM 29MB
Ep 2050 | M0_PDR 0.701 | M1_PDR 0.559 | H_m0 2.03 H_m1 3.17 | a-0.0807 c2.2321 ent0.0299 VRAM 29MB
Ep 2100 | M0_PDR 0.688 | M1_PDR 0.566 | H_m0 1.89 H_m1 3.15 | a-0.0769 c2.2829 ent0.0294 VRAM 29MB
Ep 2150 | M0_PDR 0.730 | M1_PDR 0.601 | H_m0 2.07 H_m1 3.16 | a-0.0781 c1.6107 ent0.0289 VRAM 29MB
Ep 2200 | M0_PDR 0.690 | M1_PDR 0.573 | H_m0 2.08 H_m1 3.17 | a-0.0772 c2.5818 ent0.0284 VRAM 29MB
Ep 2250 | M0_PDR 0.699 | M1_PDR 0.543 | H_m0 1.97 H_m1 3.12 | a-0.0747 c2.7180 ent0.0279 VRAM 29MB
Ep 2300 | M0_PDR 0.678 | M1_PDR 0.616 | H_m0 1.98 H_m1 3.06 | a-0.0728 c2.5953 ent0.0275 VRAM 29MB
Ep 2350 | M0_PDR 0.686 | M1_PDR 0.611 | H_m0 1.91 H_m1 3.09 | a-0.0697 c3.0358 ent0.0270 VRAM 29MB
Ep 2400 | M0_PDR 0.683 | M1_PDR 0.586 | H_m0 2.01 H_m1 3.12 | a-0.0706 c2.9341 ent0.0265 VRAM 29MB
Ep 2450 | M0_PDR 0.679 | M1_PDR 0.591 | H_m0 2.00 H_m1 3.12 | a-0.0688 c2.0249 ent0.0260 VRAM 29MB
Ep 2500 | M0_PDR 0.666 | M1_PDR 0.603 | H_m0 2.04 H_m1 3.10 | a-0.0678 c2.8263 ent0.0255 VRAM 29MB
Ep 2550 | M0_PDR 0.683 | M1_PDR 0.588 | H_m0 2.05 H_m1 3.12 | a-0.0669 c1.9984 ent0.0250 VRAM 29MB
Ep 2600 | M0_PDR 0.702 | M1_PDR 0.596 | H_m0 2.00 H_m1 3.12 | a-0.0650 c2.3016 ent0.0245 VRAM 29MB
Ep 2650 | M0_PDR 0.685 | M1_PDR 0.609 | H_m0 1.96 H_m1 3.14 | a-0.0636 c2.6638 ent0.0240 VRAM 29MB
Ep 2700 | M0_PDR 0.693 | M1_PDR 0.607 | H_m0 1.92 H_m1 3.14 | a-0.0620 c2.1821 ent0.0235 VRAM 29MB
Ep 2750 | M0_PDR 0.678 | M1_PDR 0.574 | H_m0 2.03 H_m1 3.15 | a-0.0621 c2.3004 ent0.0230 VRAM 29MB
Ep 2800 | M0_PDR 0.703 | M1_PDR 0.594 | H_m0 2.04 H_m1 3.12 | a-0.0599 c2.1821 ent0.0226 VRAM 29MB
Ep 2850 | M0_PDR 0.727 | M1_PDR 0.622 | H_m0 2.01 H_m1 3.11 | a-0.0584 c1.8362 ent0.0221 VRAM 29MB
Ep 2900 | M0_PDR 0.728 | M1_PDR 0.578 | H_m0 1.97 H_m1 3.13 | a-0.0572 c1.8649 ent0.0216 VRAM 29MB
Ep 2950 | M0_PDR 0.694 | M1_PDR 0.629 | H_m0 1.90 H_m1 3.07 | a-0.0551 c1.9866 ent0.0211 VRAM 29MB
Ep 3000 | M0_PDR 0.720 | M1_PDR 0.601 | H_m0 1.89 H_m1 3.08 | a-0.0532 c2.2813 ent0.0206 VRAM 29MB
Ep 3050 | M0_PDR 0.691 | M1_PDR 0.618 | H_m0 1.89 H_m1 3.04 | a-0.0514 c1.7692 ent0.0201 VRAM 29MB
Ep 3100 | M0_PDR 0.683 | M1_PDR 0.607 | H_m0 1.86 H_m1 3.05 | a-0.0500 c2.4792 ent0.0196 VRAM 29MB
Ep 3150 | M0_PDR 0.657 | M1_PDR 0.595 | H_m0 1.83 H_m1 3.07 | a-0.0490 c2.4390 ent0.0191 VRAM 29MB
Ep 3200 | M0_PDR 0.717 | M1_PDR 0.572 | H_m0 1.80 H_m1 3.09 | a-0.0480 c2.5372 ent0.0186 VRAM 29MB
Ep 3250 | M0_PDR 0.720 | M1_PDR 0.611 | H_m0 1.82 H_m1 3.08 | a-0.0466 c2.3896 ent0.0181 VRAM 29MB
Ep 3300 | M0_PDR 0.683 | M1_PDR 0.581 | H_m0 1.85 H_m1 3.07 | a-0.0454 c2.6562 ent0.0177 VRAM 29MB
Ep 3350 | M0_PDR 0.665 | M1_PDR 0.596 | H_m0 1.83 H_m1 3.06 | a-0.0439 c2.5455 ent0.0172 VRAM 29MB
Ep 3400 | M0_PDR 0.707 | M1_PDR 0.583 | H_m0 1.79 H_m1 3.05 | a-0.0421 c2.2566 ent0.0167 VRAM 29MB
Ep 3450 | M0_PDR 0.712 | M1_PDR 0.595 | H_m0 1.81 H_m1 3.05 | a-0.0413 c2.0991 ent0.0162 VRAM 29MB
Ep 3500 | M0_PDR 0.685 | M1_PDR 0.601 | H_m0 1.81 H_m1 3.04 | a-0.0396 c2.5562 ent0.0157 VRAM 29MB
Ep 3550 | M0_PDR 0.710 | M1_PDR 0.562 | H_m0 1.77 H_m1 3.05 | a-0.0382 c1.9656 ent0.0152 VRAM 29MB
Ep 3600 | M0_PDR 0.716 | M1_PDR 0.573 | H_m0 1.78 H_m1 3.02 | a-0.0368 c2.9874 ent0.0147 VRAM 29MB
Ep 3650 | M0_PDR 0.723 | M1_PDR 0.621 | H_m0 1.77 H_m1 3.01 | a-0.0353 c2.0121 ent0.0142 VRAM 29MB
Ep 3700 | M0_PDR 0.729 | M1_PDR 0.588 | H_m0 1.76 H_m1 3.02 | a-0.0341 c2.0792 ent0.0137 VRAM 29MB
Ep 3750 | M0_PDR 0.684 | M1_PDR 0.587 | H_m0 1.77 H_m1 3.05 | a-0.0335 c2.0529 ent0.0132 VRAM 29MB
Ep 3800 | M0_PDR 0.711 | M1_PDR 0.584 | H_m0 1.76 H_m1 3.05 | a-0.0321 c2.6345 ent0.0128 VRAM 29MB
Ep 3850 | M0_PDR 0.705 | M1_PDR 0.599 | H_m0 1.75 H_m1 3.04 | a-0.0306 c2.7771 ent0.0123 VRAM 29MB
Ep 3900 | M0_PDR 0.710 | M1_PDR 0.628 | H_m0 1.72 H_m1 3.01 | a-0.0290 c2.4053 ent0.0118 VRAM 29MB
Ep 3950 | M0_PDR 0.721 | M1_PDR 0.616 | H_m0 1.71 H_m1 3.01 | a-0.0279 c1.6019 ent0.0113 VRAM 29MB
Ep 4000 | M0_PDR 0.685 | M1_PDR 0.601 | H_m0 1.71 H_m1 3.03 | a-0.0266 c2.2072 ent0.0108 VRAM 29MB
Ep 4050 | M0_PDR 0.675 | M1_PDR 0.602 | H_m0 1.72 H_m1 3.00 | a-0.0253 c1.9912 ent0.0103 VRAM 29MB
Ep 4100 | M0_PDR 0.661 | M1_PDR 0.631 | H_m0 1.70 H_m1 2.99 | a-0.0241 c2.4457 ent0.0098 VRAM 29MB
Ep 4150 | M0_PDR 0.679 | M1_PDR 0.616 | H_m0 1.69 H_m1 2.98 | a-0.0227 c2.6613 ent0.0093 VRAM 29MB
Ep 4200 | M0_PDR 0.685 | M1_PDR 0.613 | H_m0 1.70 H_m1 2.95 | a-0.0215 c2.1143 ent0.0088 VRAM 29MB
Ep 4250 | M0_PDR 0.683 | M1_PDR 0.601 | H_m0 1.70 H_m1 2.97 | a-0.0204 c2.3734 ent0.0083 VRAM 29MB
Ep 4300 | M0_PDR 0.699 | M1_PDR 0.601 | H_m0 1.70 H_m1 2.97 | a-0.0191 c1.9469 ent0.0079 VRAM 29MB
Ep 4350 | M0_PDR 0.669 | M1_PDR 0.605 | H_m0 1.71 H_m1 2.95 | a-0.0179 c2.3764 ent0.0074 VRAM 29MB
Ep 4400 | M0_PDR 0.677 | M1_PDR 0.575 | H_m0 1.69 H_m1 2.96 | a-0.0167 c2.6259 ent0.0069 VRAM 29MB
Ep 4450 | M0_PDR 0.706 | M1_PDR 0.596 | H_m0 1.68 H_m1 2.95 | a-0.0155 c1.8906 ent0.0064 VRAM 29MB
Ep 4500 | M0_PDR 0.712 | M1_PDR 0.563 | H_m0 1.68 H_m1 2.97 | a-0.0142 c2.6387 ent0.0059 VRAM 29MB
Ep 4550 | M0_PDR 0.734 | M1_PDR 0.613 | H_m0 1.68 H_m1 2.95 | a-0.0131 c2.1417 ent0.0054 VRAM 29MB
Ep 4600 | M0_PDR 0.723 | M1_PDR 0.587 | H_m0 1.68 H_m1 2.95 | a-0.0118 c2.0646 ent0.0049 VRAM 29MB
Ep 4650 | M0_PDR 0.683 | M1_PDR 0.613 | H_m0 1.69 H_m1 2.94 | a-0.0106 c2.4086 ent0.0044 VRAM 29MB
Ep 4700 | M0_PDR 0.725 | M1_PDR 0.576 | H_m0 1.68 H_m1 2.94 | a-0.0095 c2.0472 ent0.0039 VRAM 29MB
Ep 4750 | M0_PDR 0.685 | M1_PDR 0.580 | H_m0 1.68 H_m1 2.95 | a-0.0083 c2.3506 ent0.0034 VRAM 29MB
Ep 4800 | M0_PDR 0.662 | M1_PDR 0.615 | H_m0 1.69 H_m1 2.93 | a-0.0071 c2.1044 ent0.0030 VRAM 29MB
Ep 4850 | M0_PDR 0.661 | M1_PDR 0.613 | H_m0 1.68 H_m1 2.92 | a-0.0059 c2.3711 ent0.0025 VRAM 29MB
Ep 4900 | M0_PDR 0.702 | M1_PDR 0.633 | H_m0 1.67 H_m1 2.90 | a-0.0047 c2.2279 ent0.0020 VRAM 29MB
Ep 4950 | M0_PDR 0.700 | M1_PDR 0.590 | H_m0 1.67 H_m1 2.92 | a-0.0035 c2.5951 ent0.0015 VRAM 29MB

Training complete. Running 100 eval episodes...

  Eval ep   0: M0_PDR=0.731  M1_PDR=0.627
  Eval ep  20: M0_PDR=0.657  M1_PDR=0.606
  Eval ep  40: M0_PDR=0.697  M1_PDR=0.599
  Eval ep  60: M0_PDR=0.705  M1_PDR=0.589
  Eval ep  80: M0_PDR=0.719  M1_PDR=0.637

=== Eval Summary (100 episodes) ===
  M0_PDR_mean         : 0.6922
  M0_PDR_p05 (across) : 0.6549
  M0_PDR_p05 (intra)  : 0.0942
  M1_PDR_mean         : 0.6098
  M0_SINR_mean (dB)   : 12.25
  M1_SINR_mean (dB)   : 9.11
  M0_collision_rate   : 0.737
  M0_collision_within_pool : 0.358
  M1_collision_within_pool : 0.490

Result saved -> results/_A_N7_seed2_5000ep.json
  N=7  rho=1.4  M0_PDR=0.692  M1_PDR=0.610
[NS3Bridge] Shutdown complete.
Run complete.
