[seed] all RNGs seeded with 4
GPU : NVIDIA GeForce RTX 3060
VRAM: 12.9 GB
Device          : cuda:0
Actor M0 params : 19,727
Actor M1 params : 19,727
Critic params   : 76,801
obs_dim=9  action_dim=15  gs_dim=39
M0 count: 2  M1 count: 2
Training for 5000 episodes (Config B_M3_seed4_5000ep, N=4)...

[NS3Bridge] Connected tcp://localhost:6756
Ep    0 | M0_PDR 0.468 | M1_PDR 0.498 | H_m0 2.71 H_m1 2.70 | a-0.1404 c20.2257 ent0.0500 VRAM 23MB
Ep   50 | M0_PDR 0.512 | M1_PDR 0.450 | H_m0 2.64 H_m1 2.69 | a-0.1324 c10.3656 ent0.0495 VRAM 23MB
Ep  100 | M0_PDR 0.444 | M1_PDR 0.471 | H_m0 2.62 H_m1 2.70 | a-0.1323 c6.8723 ent0.0490 VRAM 23MB
Ep  150 | M0_PDR 0.501 | M1_PDR 0.474 | H_m0 2.43 H_m1 2.69 | a-0.1254 c4.0079 ent0.0485 VRAM 23MB
Ep  200 | M0_PDR 0.531 | M1_PDR 0.439 | H_m0 2.15 H_m1 2.70 | a-0.1178 c2.4838 ent0.0480 VRAM 23MB
Ep  250 | M0_PDR 0.556 | M1_PDR 0.452 | H_m0 2.23 H_m1 2.70 | a-0.1185 c2.5633 ent0.0475 VRAM 23MB
Ep  300 | M0_PDR 0.536 | M1_PDR 0.495 | H_m0 2.44 H_m1 2.71 | a-0.1214 c2.4866 ent0.0471 VRAM 23MB
Ep  350 | M0_PDR 0.550 | M1_PDR 0.393 | H_m0 1.94 H_m1 2.71 | a-0.1103 c1.9601 ent0.0466 VRAM 23MB
Ep  400 | M0_PDR 0.537 | M1_PDR 0.406 | H_m0 2.15 H_m1 2.70 | a-0.1145 c2.4497 ent0.0461 VRAM 23MB
Ep  450 | M0_PDR 0.547 | M1_PDR 0.413 | H_m0 2.17 H_m1 2.70 | a-0.1112 c2.1162 ent0.0456 VRAM 23MB
Ep  500 | M0_PDR 0.572 | M1_PDR 0.443 | H_m0 2.09 H_m1 2.66 | a-0.1095 c1.9732 ent0.0451 VRAM 23MB
Ep  550 | M0_PDR 0.603 | M1_PDR 0.407 | H_m0 2.26 H_m1 2.67 | a-0.1105 c2.4531 ent0.0446 VRAM 23MB
Ep  600 | M0_PDR 0.564 | M1_PDR 0.439 | H_m0 1.86 H_m1 2.67 | a-0.1007 c2.0867 ent0.0441 VRAM 23MB
Ep  650 | M0_PDR 0.635 | M1_PDR 0.414 | H_m0 1.56 H_m1 2.69 | a-0.0937 c1.9218 ent0.0436 VRAM 23MB
Ep  700 | M0_PDR 0.797 | M1_PDR 0.411 | H_m0 0.58 H_m1 2.54 | a-0.0694 c1.8845 ent0.0431 VRAM 23MB
Ep  750 | M0_PDR 0.852 | M1_PDR 0.419 | H_m0 0.11 H_m1 2.47 | a-0.0560 c1.2660 ent0.0426 VRAM 23MB
Ep  800 | M0_PDR 0.862 | M1_PDR 0.428 | H_m0 0.09 H_m1 2.49 | a-0.0549 c0.9787 ent0.0422 VRAM 23MB
Ep  850 | M0_PDR 0.876 | M1_PDR 0.449 | H_m0 0.13 H_m1 2.38 | a-0.0531 c1.3892 ent0.0417 VRAM 23MB
Ep  900 | M0_PDR 0.897 | M1_PDR 0.402 | H_m0 0.12 H_m1 2.43 | a-0.0531 c1.3031 ent0.0412 VRAM 23MB
Ep  950 | M0_PDR 0.854 | M1_PDR 0.487 | H_m0 0.08 H_m1 2.32 | a-0.0507 c1.0323 ent0.0407 VRAM 23MB
Ep 1000 | M0_PDR 0.848 | M1_PDR 0.442 | H_m0 0.13 H_m1 2.37 | a-0.0507 c1.3378 ent0.0402 VRAM 23MB
Ep 1050 | M0_PDR 0.852 | M1_PDR 0.462 | H_m0 0.12 H_m1 2.19 | a-0.0458 c1.4165 ent0.0397 VRAM 23MB
Ep 1100 | M0_PDR 0.865 | M1_PDR 0.492 | H_m0 0.22 H_m1 2.22 | a-0.0486 c1.0888 ent0.0392 VRAM 23MB
Ep 1150 | M0_PDR 0.905 | M1_PDR 0.468 | H_m0 0.11 H_m1 2.29 | a-0.0476 c1.2085 ent0.0387 VRAM 23MB
Ep 1200 | M0_PDR 0.890 | M1_PDR 0.456 | H_m0 0.03 H_m1 2.49 | a-0.0485 c1.1264 ent0.0382 VRAM 23MB
Ep 1250 | M0_PDR 0.853 | M1_PDR 0.487 | H_m0 0.02 H_m1 2.38 | a-0.0457 c1.2093 ent0.0377 VRAM 23MB
Ep 1300 | M0_PDR 0.893 | M1_PDR 0.437 | H_m0 0.02 H_m1 2.37 | a-0.0451 c0.9794 ent0.0373 VRAM 23MB
Ep 1350 | M0_PDR 0.910 | M1_PDR 0.457 | H_m0 0.03 H_m1 2.26 | a-0.0426 c1.3080 ent0.0368 VRAM 23MB
Ep 1400 | M0_PDR 0.911 | M1_PDR 0.464 | H_m0 0.10 H_m1 2.07 | a-0.0399 c1.0797 ent0.0363 VRAM 23MB
Ep 1450 | M0_PDR 0.872 | M1_PDR 0.458 | H_m0 0.05 H_m1 2.41 | a-0.0443 c1.3919 ent0.0358 VRAM 23MB
Ep 1500 | M0_PDR 0.919 | M1_PDR 0.477 | H_m0 0.02 H_m1 2.05 | a-0.0365 c0.9948 ent0.0353 VRAM 23MB
Ep 1550 | M0_PDR 0.909 | M1_PDR 0.525 | H_m0 0.02 H_m1 2.24 | a-0.0401 c0.9311 ent0.0348 VRAM 23MB
Ep 1600 | M0_PDR 0.925 | M1_PDR 0.498 | H_m0 0.03 H_m1 2.07 | a-0.0363 c0.6892 ent0.0343 VRAM 23MB
Ep 1650 | M0_PDR 0.919 | M1_PDR 0.555 | H_m0 0.10 H_m1 2.13 | a-0.0385 c0.7007 ent0.0338 VRAM 23MB
Ep 1700 | M0_PDR 0.931 | M1_PDR 0.529 | H_m0 0.15 H_m1 2.09 | a-0.0375 c0.8494 ent0.0333 VRAM 23MB
Ep 1750 | M0_PDR 0.936 | M1_PDR 0.523 | H_m0 0.06 H_m1 2.10 | a-0.0369 c0.7460 ent0.0328 VRAM 23MB
Ep 1800 | M0_PDR 0.922 | M1_PDR 0.550 | H_m0 0.03 H_m1 2.05 | a-0.0341 c0.7985 ent0.0324 VRAM 23MB
Ep 1850 | M0_PDR 0.922 | M1_PDR 0.552 | H_m0 0.05 H_m1 2.01 | a-0.0338 c0.6622 ent0.0319 VRAM 23MB
Ep 1900 | M0_PDR 0.912 | M1_PDR 0.603 | H_m0 0.08 H_m1 1.99 | a-0.0323 c0.8710 ent0.0314 VRAM 23MB
Ep 1950 | M0_PDR 0.928 | M1_PDR 0.606 | H_m0 0.02 H_m1 1.84 | a-0.0291 c0.8238 ent0.0309 VRAM 23MB
Ep 2000 | M0_PDR 0.897 | M1_PDR 0.570 | H_m0 0.02 H_m1 1.99 | a-0.0312 c1.0331 ent0.0304 VRAM 23MB
Ep 2050 | M0_PDR 0.881 | M1_PDR 0.586 | H_m0 0.03 H_m1 1.93 | a-0.0303 c1.1793 ent0.0299 VRAM 23MB
Ep 2100 | M0_PDR 0.858 | M1_PDR 0.619 | H_m0 0.03 H_m1 1.88 | a-0.0286 c0.9559 ent0.0294 VRAM 23MB
Ep 2150 | M0_PDR 0.885 | M1_PDR 0.646 | H_m0 0.02 H_m1 1.79 | a-0.0267 c1.4105 ent0.0289 VRAM 23MB
Ep 2200 | M0_PDR 0.881 | M1_PDR 0.618 | H_m0 0.02 H_m1 1.87 | a-0.0266 c0.8152 ent0.0284 VRAM 23MB
Ep 2250 | M0_PDR 0.858 | M1_PDR 0.607 | H_m0 0.03 H_m1 1.91 | a-0.0281 c1.3451 ent0.0279 VRAM 23MB
Ep 2300 | M0_PDR 0.860 | M1_PDR 0.621 | H_m0 0.02 H_m1 1.90 | a-0.0273 c1.0906 ent0.0275 VRAM 23MB
Ep 2350 | M0_PDR 0.876 | M1_PDR 0.602 | H_m0 0.01 H_m1 1.87 | a-0.0255 c0.8057 ent0.0270 VRAM 23MB
Ep 2400 | M0_PDR 0.894 | M1_PDR 0.619 | H_m0 0.01 H_m1 1.77 | a-0.0236 c0.9337 ent0.0265 VRAM 23MB
Ep 2450 | M0_PDR 0.835 | M1_PDR 0.654 | H_m0 0.00 H_m1 1.68 | a-0.0229 c1.1198 ent0.0260 VRAM 23MB
Ep 2500 | M0_PDR 0.821 | M1_PDR 0.663 | H_m0 0.00 H_m1 1.79 | a-0.0235 c1.2489 ent0.0255 VRAM 23MB
Ep 2550 | M0_PDR 0.830 | M1_PDR 0.694 | H_m0 0.00 H_m1 1.68 | a-0.0213 c1.2651 ent0.0250 VRAM 23MB
Ep 2600 | M0_PDR 0.824 | M1_PDR 0.735 | H_m0 0.00 H_m1 1.49 | a-0.0191 c0.9744 ent0.0245 VRAM 23MB
Ep 2650 | M0_PDR 0.835 | M1_PDR 0.754 | H_m0 0.00 H_m1 1.44 | a-0.0168 c1.0355 ent0.0240 VRAM 23MB
Ep 2700 | M0_PDR 0.802 | M1_PDR 0.771 | H_m0 0.01 H_m1 1.39 | a-0.0169 c0.9229 ent0.0235 VRAM 23MB
Ep 2750 | M0_PDR 0.812 | M1_PDR 0.773 | H_m0 0.01 H_m1 1.34 | a-0.0158 c0.8843 ent0.0230 VRAM 23MB
Ep 2800 | M0_PDR 0.796 | M1_PDR 0.773 | H_m0 0.01 H_m1 1.42 | a-0.0164 c0.8062 ent0.0226 VRAM 23MB
Ep 2850 | M0_PDR 0.822 | M1_PDR 0.757 | H_m0 0.01 H_m1 1.52 | a-0.0172 c0.8900 ent0.0221 VRAM 23MB
Ep 2900 | M0_PDR 0.835 | M1_PDR 0.700 | H_m0 0.00 H_m1 1.48 | a-0.0161 c1.0718 ent0.0216 VRAM 23MB
Ep 2950 | M0_PDR 0.839 | M1_PDR 0.723 | H_m0 0.00 H_m1 1.45 | a-0.0154 c0.8349 ent0.0211 VRAM 23MB
Ep 3000 | M0_PDR 0.803 | M1_PDR 0.768 | H_m0 0.00 H_m1 1.44 | a-0.0156 c0.8392 ent0.0206 VRAM 23MB
Ep 3050 | M0_PDR 0.806 | M1_PDR 0.773 | H_m0 0.00 H_m1 1.35 | a-0.0136 c1.0762 ent0.0201 VRAM 23MB
Ep 3100 | M0_PDR 0.787 | M1_PDR 0.779 | H_m0 0.00 H_m1 1.31 | a-0.0131 c0.9299 ent0.0196 VRAM 23MB
Ep 3150 | M0_PDR 0.794 | M1_PDR 0.768 | H_m0 0.00 H_m1 1.28 | a-0.0123 c1.5071 ent0.0191 VRAM 23MB
Ep 3200 | M0_PDR 0.789 | M1_PDR 0.806 | H_m0 0.00 H_m1 1.32 | a-0.0124 c0.8952 ent0.0186 VRAM 23MB
Error: tcpip::Socket::accept() Unable to create listening socket: Address already in use
Quitting (on error).
Ep 3250 | M0_PDR 0.786 | M1_PDR 0.811 | H_m0 0.00 H_m1 1.15 | a-0.0108 c1.0205 ent0.0181 VRAM 23MB
Ep 3300 | M0_PDR 0.796 | M1_PDR 0.789 | H_m0 0.00 H_m1 1.19 | a-0.0108 c0.9280 ent0.0177 VRAM 23MB
Ep 3350 | M0_PDR 0.814 | M1_PDR 0.787 | H_m0 0.00 H_m1 1.16 | a-0.0102 c0.9595 ent0.0172 VRAM 23MB
Ep 3400 | M0_PDR 0.770 | M1_PDR 0.831 | H_m0 0.00 H_m1 1.15 | a-0.0096 c1.0771 ent0.0167 VRAM 23MB
Ep 3450 | M0_PDR 0.800 | M1_PDR 0.796 | H_m0 0.00 H_m1 1.10 | a-0.0093 c0.7963 ent0.0162 VRAM 23MB
Ep 3500 | M0_PDR 0.793 | M1_PDR 0.802 | H_m0 0.00 H_m1 1.08 | a-0.0084 c1.2121 ent0.0157 VRAM 23MB
Ep 3550 | M0_PDR 0.785 | M1_PDR 0.798 | H_m0 0.00 H_m1 1.03 | a-0.0080 c0.9396 ent0.0152 VRAM 23MB
Ep 3600 | M0_PDR 0.786 | M1_PDR 0.815 | H_m0 0.00 H_m1 1.04 | a-0.0077 c0.8794 ent0.0147 VRAM 23MB
Ep 3650 | M0_PDR 0.810 | M1_PDR 0.845 | H_m0 0.00 H_m1 1.01 | a-0.0072 c0.9116 ent0.0142 VRAM 23MB
Ep 3700 | M0_PDR 0.797 | M1_PDR 0.799 | H_m0 0.00 H_m1 0.99 | a-0.0069 c1.3488 ent0.0137 VRAM 23MB
Ep 3750 | M0_PDR 0.787 | M1_PDR 0.821 | H_m0 0.00 H_m1 0.94 | a-0.0063 c0.7154 ent0.0132 VRAM 23MB
Ep 3800 | M0_PDR 0.763 | M1_PDR 0.833 | H_m0 0.00 H_m1 0.95 | a-0.0061 c0.9154 ent0.0128 VRAM 23MB
Ep 3850 | M0_PDR 0.776 | M1_PDR 0.810 | H_m0 0.00 H_m1 0.93 | a-0.0059 c1.0695 ent0.0123 VRAM 23MB
Ep 3900 | M0_PDR 0.800 | M1_PDR 0.826 | H_m0 0.00 H_m1 0.95 | a-0.0058 c1.2262 ent0.0118 VRAM 23MB
Ep 3950 | M0_PDR 0.749 | M1_PDR 0.819 | H_m0 0.00 H_m1 0.95 | a-0.0054 c0.7981 ent0.0113 VRAM 23MB
Ep 4000 | M0_PDR 0.781 | M1_PDR 0.798 | H_m0 0.00 H_m1 0.92 | a-0.0050 c1.0586 ent0.0108 VRAM 23MB
Ep 4050 | M0_PDR 0.800 | M1_PDR 0.809 | H_m0 0.00 H_m1 0.86 | a-0.0046 c1.1227 ent0.0103 VRAM 23MB
Ep 4100 | M0_PDR 0.760 | M1_PDR 0.803 | H_m0 0.00 H_m1 0.91 | a-0.0045 c0.7496 ent0.0098 VRAM 23MB
Ep 4150 | M0_PDR 0.765 | M1_PDR 0.836 | H_m0 0.00 H_m1 0.88 | a-0.0041 c1.1140 ent0.0093 VRAM 23MB
Ep 4200 | M0_PDR 0.800 | M1_PDR 0.845 | H_m0 0.00 H_m1 0.88 | a-0.0039 c1.1062 ent0.0088 VRAM 23MB
Ep 4250 | M0_PDR 0.776 | M1_PDR 0.837 | H_m0 0.00 H_m1 0.85 | a-0.0036 c0.9829 ent0.0083 VRAM 23MB
Ep 4300 | M0_PDR 0.764 | M1_PDR 0.813 | H_m0 0.00 H_m1 0.84 | a-0.0034 c1.0264 ent0.0079 VRAM 23MB
Ep 4350 | M0_PDR 0.787 | M1_PDR 0.860 | H_m0 0.00 H_m1 0.84 | a-0.0032 c1.1746 ent0.0074 VRAM 23MB
Ep 4400 | M0_PDR 0.784 | M1_PDR 0.847 | H_m0 0.00 H_m1 0.83 | a-0.0029 c0.8654 ent0.0069 VRAM 23MB
Ep 4450 | M0_PDR 0.773 | M1_PDR 0.865 | H_m0 0.00 H_m1 0.85 | a-0.0028 c0.7943 ent0.0064 VRAM 23MB
Ep 4500 | M0_PDR 0.751 | M1_PDR 0.858 | H_m0 0.00 H_m1 0.84 | a-0.0025 c1.0025 ent0.0059 VRAM 23MB
Ep 4550 | M0_PDR 0.770 | M1_PDR 0.821 | H_m0 0.00 H_m1 0.80 | a-0.0022 c0.9329 ent0.0054 VRAM 23MB
Ep 4600 | M0_PDR 0.767 | M1_PDR 0.831 | H_m0 0.00 H_m1 0.81 | a-0.0020 c0.8036 ent0.0049 VRAM 23MB
Ep 4650 | M0_PDR 0.754 | M1_PDR 0.857 | H_m0 0.00 H_m1 0.81 | a-0.0018 c1.1047 ent0.0044 VRAM 23MB
Ep 4700 | M0_PDR 0.734 | M1_PDR 0.854 | H_m0 0.00 H_m1 0.81 | a-0.0016 c0.9645 ent0.0039 VRAM 23MB
Ep 4750 | M0_PDR 0.765 | M1_PDR 0.820 | H_m0 0.00 H_m1 0.82 | a-0.0014 c1.0671 ent0.0034 VRAM 23MB
Ep 4800 | M0_PDR 0.756 | M1_PDR 0.840 | H_m0 0.00 H_m1 0.81 | a-0.0012 c0.8293 ent0.0030 VRAM 23MB
Ep 4850 | M0_PDR 0.736 | M1_PDR 0.831 | H_m0 0.00 H_m1 0.80 | a-0.0010 c1.0103 ent0.0025 VRAM 23MB
Ep 4900 | M0_PDR 0.772 | M1_PDR 0.813 | H_m0 0.00 H_m1 0.79 | a-0.0008 c0.7551 ent0.0020 VRAM 23MB
Ep 4950 | M0_PDR 0.782 | M1_PDR 0.843 | H_m0 0.00 H_m1 0.78 | a-0.0006 c1.0922 ent0.0015 VRAM 23MB

Training complete. Running 100 eval episodes...

  Eval ep   0: M0_PDR=0.780  M1_PDR=0.849
  Eval ep  20: M0_PDR=0.742  M1_PDR=0.838
  Eval ep  40: M0_PDR=0.784  M1_PDR=0.839
  Eval ep  60: M0_PDR=0.771  M1_PDR=0.845
  Eval ep  80: M0_PDR=0.767  M1_PDR=0.849

=== Eval Summary (100 episodes) ===
  M0_PDR_mean         : 0.7642
  M0_PDR_p05 (across) : 0.7396
  M0_PDR_p05 (intra)  : 0.5000
  M1_PDR_mean         : 0.8389
  M0_SINR_mean (dB)   : 26.52
  M1_SINR_mean (dB)   : 23.09
  M0_collision_rate   : 0.494
  M0_collision_within_pool : 0.000
  M1_collision_within_pool : 0.018

Result saved -> results/_B_M3_seed4_5000ep.json
  N=4  rho=1.33  M0_PDR=0.764  M1_PDR=0.839
[NS3Bridge] Shutdown complete.
Run complete.
