[seed] all RNGs seeded with 5
GPU : NVIDIA GeForce RTX 3060
VRAM: 12.9 GB
Device          : cuda:0
Actor M0 params : 19,727
Actor M1 params : 19,727
Critic params   : 76,801
obs_dim=9  action_dim=15  gs_dim=39
M0 count: 2  M1 count: 2
Training for 5000 episodes (Config B_M3_seed5_5000ep, N=4)...

[NS3Bridge] Connected tcp://localhost:6766
Ep    0 | M0_PDR 0.483 | M1_PDR 0.485 | H_m0 2.71 H_m1 2.71 | a-0.1402 c21.4537 ent0.0500 VRAM 23MB
Ep   50 | M0_PDR 0.495 | M1_PDR 0.484 | H_m0 2.66 H_m1 2.70 | a-0.1342 c9.5600 ent0.0495 VRAM 23MB
Ep  100 | M0_PDR 0.513 | M1_PDR 0.443 | H_m0 2.53 H_m1 2.69 | a-0.1292 c5.1881 ent0.0490 VRAM 23MB
Ep  150 | M0_PDR 0.500 | M1_PDR 0.474 | H_m0 2.50 H_m1 2.69 | a-0.1272 c5.5851 ent0.0485 VRAM 23MB
Ep  200 | M0_PDR 0.537 | M1_PDR 0.449 | H_m0 2.43 H_m1 2.68 | a-0.1248 c2.3434 ent0.0480 VRAM 23MB
Ep  250 | M0_PDR 0.493 | M1_PDR 0.446 | H_m0 2.36 H_m1 2.69 | a-0.1221 c3.1168 ent0.0475 VRAM 23MB
Ep  300 | M0_PDR 0.589 | M1_PDR 0.463 | H_m0 2.18 H_m1 2.70 | a-0.1166 c2.7515 ent0.0471 VRAM 23MB
Ep  350 | M0_PDR 0.552 | M1_PDR 0.438 | H_m0 2.26 H_m1 2.71 | a-0.1176 c2.3471 ent0.0466 VRAM 23MB
Ep  400 | M0_PDR 0.541 | M1_PDR 0.470 | H_m0 2.04 H_m1 2.70 | a-0.1084 c2.7493 ent0.0461 VRAM 23MB
Ep  450 | M0_PDR 0.588 | M1_PDR 0.413 | H_m0 1.87 H_m1 2.69 | a-0.1072 c2.2891 ent0.0456 VRAM 23MB
Ep  500 | M0_PDR 0.577 | M1_PDR 0.382 | H_m0 2.14 H_m1 2.68 | a-0.1095 c2.1017 ent0.0451 VRAM 23MB
Ep  550 | M0_PDR 0.541 | M1_PDR 0.420 | H_m0 2.09 H_m1 2.70 | a-0.1075 c2.1024 ent0.0446 VRAM 23MB
Ep  600 | M0_PDR 0.524 | M1_PDR 0.459 | H_m0 2.13 H_m1 2.70 | a-0.1086 c1.7182 ent0.0441 VRAM 23MB
Ep  650 | M0_PDR 0.587 | M1_PDR 0.423 | H_m0 2.16 H_m1 2.70 | a-0.1060 c1.8455 ent0.0436 VRAM 23MB
Ep  700 | M0_PDR 0.547 | M1_PDR 0.395 | H_m0 1.85 H_m1 2.70 | a-0.0996 c1.8775 ent0.0431 VRAM 23MB
Ep  750 | M0_PDR 0.543 | M1_PDR 0.412 | H_m0 2.17 H_m1 2.71 | a-0.1040 c1.6632 ent0.0426 VRAM 23MB
Ep  800 | M0_PDR 0.558 | M1_PDR 0.430 | H_m0 2.11 H_m1 2.70 | a-0.1020 c1.9650 ent0.0422 VRAM 23MB
Ep  850 | M0_PDR 0.563 | M1_PDR 0.416 | H_m0 2.04 H_m1 2.70 | a-0.0999 c2.4928 ent0.0417 VRAM 23MB
Ep  900 | M0_PDR 0.560 | M1_PDR 0.444 | H_m0 2.04 H_m1 2.69 | a-0.0974 c1.8730 ent0.0412 VRAM 23MB
Ep  950 | M0_PDR 0.563 | M1_PDR 0.435 | H_m0 2.13 H_m1 2.67 | a-0.0987 c2.0219 ent0.0407 VRAM 23MB
Ep 1000 | M0_PDR 0.541 | M1_PDR 0.382 | H_m0 1.73 H_m1 2.68 | a-0.0902 c1.4647 ent0.0402 VRAM 23MB
Ep 1050 | M0_PDR 0.556 | M1_PDR 0.408 | H_m0 2.00 H_m1 2.69 | a-0.0932 c2.4029 ent0.0397 VRAM 23MB
Ep 1100 | M0_PDR 0.551 | M1_PDR 0.414 | H_m0 1.82 H_m1 2.68 | a-0.0896 c2.0309 ent0.0392 VRAM 23MB
Ep 1150 | M0_PDR 0.541 | M1_PDR 0.415 | H_m0 2.00 H_m1 2.66 | a-0.0920 c2.0072 ent0.0387 VRAM 23MB
Ep 1200 | M0_PDR 0.527 | M1_PDR 0.428 | H_m0 1.99 H_m1 2.66 | a-0.0894 c2.6815 ent0.0382 VRAM 23MB
Ep 1250 | M0_PDR 0.555 | M1_PDR 0.441 | H_m0 2.00 H_m1 2.68 | a-0.0903 c2.0732 ent0.0377 VRAM 23MB
Ep 1300 | M0_PDR 0.583 | M1_PDR 0.392 | H_m0 1.60 H_m1 2.67 | a-0.0803 c1.6228 ent0.0373 VRAM 23MB
Ep 1350 | M0_PDR 0.562 | M1_PDR 0.420 | H_m0 1.82 H_m1 2.67 | a-0.0844 c1.9340 ent0.0368 VRAM 23MB
Ep 1400 | M0_PDR 0.569 | M1_PDR 0.433 | H_m0 1.89 H_m1 2.69 | a-0.0848 c1.4772 ent0.0363 VRAM 23MB
Ep 1450 | M0_PDR 0.549 | M1_PDR 0.415 | H_m0 1.92 H_m1 2.69 | a-0.0856 c2.7007 ent0.0358 VRAM 23MB
Ep 1500 | M0_PDR 0.567 | M1_PDR 0.458 | H_m0 1.96 H_m1 2.68 | a-0.0824 c1.1433 ent0.0353 VRAM 23MB
Ep 1550 | M0_PDR 0.640 | M1_PDR 0.422 | H_m0 1.33 H_m1 2.67 | a-0.0716 c2.9730 ent0.0348 VRAM 23MB
Ep 1600 | M0_PDR 0.727 | M1_PDR 0.390 | H_m0 0.59 H_m1 2.52 | a-0.0551 c2.0280 ent0.0343 VRAM 23MB
Ep 1650 | M0_PDR 0.903 | M1_PDR 0.400 | H_m0 0.10 H_m1 2.28 | a-0.0410 c1.1568 ent0.0338 VRAM 23MB
Ep 1700 | M0_PDR 0.900 | M1_PDR 0.408 | H_m0 0.03 H_m1 2.12 | a-0.0373 c1.0419 ent0.0333 VRAM 23MB
Ep 1750 | M0_PDR 0.898 | M1_PDR 0.456 | H_m0 0.02 H_m1 2.16 | a-0.0367 c0.9208 ent0.0328 VRAM 23MB
Ep 1800 | M0_PDR 0.935 | M1_PDR 0.450 | H_m0 0.01 H_m1 2.05 | a-0.0332 c0.8897 ent0.0324 VRAM 23MB
Ep 1850 | M0_PDR 0.985 | M1_PDR 0.398 | H_m0 0.01 H_m1 1.72 | a-0.0278 c0.5000 ent0.0319 VRAM 23MB
Ep 1900 | M0_PDR 0.926 | M1_PDR 0.424 | H_m0 0.01 H_m1 2.07 | a-0.0330 c0.8089 ent0.0314 VRAM 23MB
Ep 1950 | M0_PDR 0.883 | M1_PDR 0.524 | H_m0 0.01 H_m1 2.15 | a-0.0336 c0.9949 ent0.0309 VRAM 23MB
Ep 2000 | M0_PDR 0.915 | M1_PDR 0.452 | H_m0 0.01 H_m1 2.02 | a-0.0313 c0.9198 ent0.0304 VRAM 23MB
Ep 2050 | M0_PDR 0.907 | M1_PDR 0.452 | H_m0 0.00 H_m1 2.23 | a-0.0342 c0.7878 ent0.0299 VRAM 23MB
Ep 2100 | M0_PDR 0.892 | M1_PDR 0.458 | H_m0 0.00 H_m1 2.35 | a-0.0348 c0.9633 ent0.0294 VRAM 23MB
Ep 2150 | M0_PDR 0.868 | M1_PDR 0.452 | H_m0 0.00 H_m1 2.31 | a-0.0340 c0.8181 ent0.0289 VRAM 23MB
Ep 2200 | M0_PDR 0.840 | M1_PDR 0.461 | H_m0 0.01 H_m1 2.21 | a-0.0323 c1.4748 ent0.0284 VRAM 23MB
Ep 2250 | M0_PDR 0.858 | M1_PDR 0.488 | H_m0 0.00 H_m1 2.10 | a-0.0296 c1.3197 ent0.0279 VRAM 23MB
Ep 2300 | M0_PDR 0.848 | M1_PDR 0.480 | H_m0 0.00 H_m1 2.15 | a-0.0300 c0.9295 ent0.0275 VRAM 23MB
Ep 2350 | M0_PDR 0.868 | M1_PDR 0.448 | H_m0 0.00 H_m1 2.21 | a-0.0309 c1.1768 ent0.0270 VRAM 23MB
Ep 2400 | M0_PDR 0.882 | M1_PDR 0.501 | H_m0 0.00 H_m1 2.21 | a-0.0297 c1.1961 ent0.0265 VRAM 23MB
Ep 2450 | M0_PDR 0.890 | M1_PDR 0.483 | H_m0 0.00 H_m1 2.04 | a-0.0269 c0.9484 ent0.0260 VRAM 23MB
Ep 2500 | M0_PDR 0.878 | M1_PDR 0.467 | H_m0 0.00 H_m1 2.05 | a-0.0263 c1.0497 ent0.0255 VRAM 23MB
Ep 2550 | M0_PDR 0.872 | M1_PDR 0.466 | H_m0 0.00 H_m1 2.13 | a-0.0269 c1.0192 ent0.0250 VRAM 23MB
Ep 2600 | M0_PDR 0.898 | M1_PDR 0.454 | H_m0 0.00 H_m1 1.99 | a-0.0247 c0.9309 ent0.0245 VRAM 23MB
Ep 2650 | M0_PDR 0.880 | M1_PDR 0.492 | H_m0 0.00 H_m1 2.00 | a-0.0242 c0.9063 ent0.0240 VRAM 23MB
Ep 2700 | M0_PDR 0.829 | M1_PDR 0.507 | H_m0 0.00 H_m1 2.15 | a-0.0258 c1.4197 ent0.0235 VRAM 23MB
Ep 2750 | M0_PDR 0.833 | M1_PDR 0.474 | H_m0 0.00 H_m1 2.21 | a-0.0257 c1.6461 ent0.0230 VRAM 23MB
Ep 2800 | M0_PDR 0.822 | M1_PDR 0.485 | H_m0 0.00 H_m1 2.10 | a-0.0239 c1.3910 ent0.0226 VRAM 23MB
Ep 2850 | M0_PDR 0.863 | M1_PDR 0.500 | H_m0 0.00 H_m1 2.02 | a-0.0223 c0.9086 ent0.0221 VRAM 23MB
Ep 2900 | M0_PDR 0.859 | M1_PDR 0.508 | H_m0 0.00 H_m1 2.02 | a-0.0218 c1.2337 ent0.0216 VRAM 23MB
Ep 2950 | M0_PDR 0.837 | M1_PDR 0.541 | H_m0 0.00 H_m1 1.97 | a-0.0212 c1.2916 ent0.0211 VRAM 23MB
Ep 3000 | M0_PDR 0.862 | M1_PDR 0.523 | H_m0 0.00 H_m1 1.80 | a-0.0194 c0.8919 ent0.0206 VRAM 23MB
Ep 3050 | M0_PDR 0.826 | M1_PDR 0.553 | H_m0 0.00 H_m1 1.92 | a-0.0194 c1.1254 ent0.0201 VRAM 23MB
Ep 3100 | M0_PDR 0.849 | M1_PDR 0.521 | H_m0 0.00 H_m1 1.79 | a-0.0177 c1.0140 ent0.0196 VRAM 23MB
Ep 3150 | M0_PDR 0.850 | M1_PDR 0.545 | H_m0 0.00 H_m1 1.68 | a-0.0162 c1.2126 ent0.0191 VRAM 23MB
Ep 3200 | M0_PDR 0.849 | M1_PDR 0.565 | H_m0 0.00 H_m1 1.64 | a-0.0154 c0.9504 ent0.0186 VRAM 23MB
Ep 3250 | M0_PDR 0.818 | M1_PDR 0.558 | H_m0 0.00 H_m1 1.63 | a-0.0150 c1.0731 ent0.0181 VRAM 23MB
Ep 3300 | M0_PDR 0.838 | M1_PDR 0.522 | H_m0 0.00 H_m1 1.70 | a-0.0151 c0.8439 ent0.0177 VRAM 23MB
Ep 3350 | M0_PDR 0.839 | M1_PDR 0.605 | H_m0 0.00 H_m1 1.51 | a-0.0130 c1.0597 ent0.0172 VRAM 23MB
Ep 3400 | M0_PDR 0.828 | M1_PDR 0.579 | H_m0 0.00 H_m1 1.44 | a-0.0123 c0.8991 ent0.0167 VRAM 23MB
Ep 3450 | M0_PDR 0.871 | M1_PDR 0.588 | H_m0 0.00 H_m1 1.36 | a-0.0114 c0.8850 ent0.0162 VRAM 23MB
Ep 3500 | M0_PDR 0.850 | M1_PDR 0.621 | H_m0 0.00 H_m1 1.41 | a-0.0117 c0.7359 ent0.0157 VRAM 23MB
Ep 3550 | M0_PDR 0.883 | M1_PDR 0.568 | H_m0 0.00 H_m1 1.36 | a-0.0106 c1.1700 ent0.0152 VRAM 23MB
Ep 3600 | M0_PDR 0.853 | M1_PDR 0.581 | H_m0 0.00 H_m1 1.26 | a-0.0095 c1.1524 ent0.0147 VRAM 23MB
Ep 3650 | M0_PDR 0.841 | M1_PDR 0.613 | H_m0 0.00 H_m1 1.20 | a-0.0091 c1.0220 ent0.0142 VRAM 23MB
Ep 3700 | M0_PDR 0.819 | M1_PDR 0.674 | H_m0 0.00 H_m1 1.08 | a-0.0075 c0.9726 ent0.0137 VRAM 23MB
Ep 3750 | M0_PDR 0.770 | M1_PDR 0.673 | H_m0 0.00 H_m1 0.96 | a-0.0068 c1.2378 ent0.0132 VRAM 23MB
Ep 3800 | M0_PDR 0.768 | M1_PDR 0.698 | H_m0 0.00 H_m1 0.88 | a-0.0057 c1.1180 ent0.0128 VRAM 23MB
Ep 3850 | M0_PDR 0.786 | M1_PDR 0.722 | H_m0 0.00 H_m1 0.79 | a-0.0053 c1.5858 ent0.0123 VRAM 23MB
Ep 3900 | M0_PDR 0.807 | M1_PDR 0.692 | H_m0 0.00 H_m1 0.81 | a-0.0050 c1.0367 ent0.0118 VRAM 23MB
Ep 3950 | M0_PDR 0.794 | M1_PDR 0.728 | H_m0 0.00 H_m1 0.76 | a-0.0044 c0.9170 ent0.0113 VRAM 23MB
Ep 4000 | M0_PDR 0.808 | M1_PDR 0.719 | H_m0 0.00 H_m1 0.66 | a-0.0036 c1.1183 ent0.0108 VRAM 23MB
Ep 4050 | M0_PDR 0.790 | M1_PDR 0.747 | H_m0 0.00 H_m1 0.63 | a-0.0033 c0.8937 ent0.0103 VRAM 23MB
Ep 4100 | M0_PDR 0.803 | M1_PDR 0.742 | H_m0 0.00 H_m1 0.62 | a-0.0030 c0.9787 ent0.0098 VRAM 23MB
Ep 4150 | M0_PDR 0.773 | M1_PDR 0.756 | H_m0 0.00 H_m1 0.56 | a-0.0027 c0.7858 ent0.0093 VRAM 23MB
Ep 4200 | M0_PDR 0.793 | M1_PDR 0.772 | H_m0 0.00 H_m1 0.52 | a-0.0024 c1.0653 ent0.0088 VRAM 23MB
Ep 4250 | M0_PDR 0.760 | M1_PDR 0.781 | H_m0 0.00 H_m1 0.48 | a-0.0021 c1.0276 ent0.0083 VRAM 23MB
Ep 4300 | M0_PDR 0.772 | M1_PDR 0.790 | H_m0 0.00 H_m1 0.47 | a-0.0019 c1.0078 ent0.0079 VRAM 23MB
Ep 4350 | M0_PDR 0.769 | M1_PDR 0.806 | H_m0 0.00 H_m1 0.40 | a-0.0016 c1.1261 ent0.0074 VRAM 23MB
Ep 4400 | M0_PDR 0.762 | M1_PDR 0.794 | H_m0 0.00 H_m1 0.38 | a-0.0013 c1.0657 ent0.0069 VRAM 23MB
Ep 4450 | M0_PDR 0.742 | M1_PDR 0.797 | H_m0 0.00 H_m1 0.38 | a-0.0015 c0.9952 ent0.0064 VRAM 23MB
Ep 4500 | M0_PDR 0.766 | M1_PDR 0.799 | H_m0 0.00 H_m1 0.34 | a-0.0010 c0.8580 ent0.0059 VRAM 23MB
Ep 4550 | M0_PDR 0.792 | M1_PDR 0.836 | H_m0 0.00 H_m1 0.32 | a-0.0009 c0.9530 ent0.0054 VRAM 23MB
Ep 4600 | M0_PDR 0.744 | M1_PDR 0.823 | H_m0 0.00 H_m1 0.33 | a-0.0008 c1.0261 ent0.0049 VRAM 23MB
Ep 4650 | M0_PDR 0.773 | M1_PDR 0.804 | H_m0 0.00 H_m1 0.34 | a-0.0007 c0.8705 ent0.0044 VRAM 23MB
Ep 4700 | M0_PDR 0.725 | M1_PDR 0.830 | H_m0 0.00 H_m1 0.29 | a-0.0006 c1.0802 ent0.0039 VRAM 23MB
Ep 4750 | M0_PDR 0.786 | M1_PDR 0.808 | H_m0 0.00 H_m1 0.28 | a-0.0005 c1.2140 ent0.0034 VRAM 23MB
Ep 4800 | M0_PDR 0.741 | M1_PDR 0.802 | H_m0 0.00 H_m1 0.29 | a-0.0004 c1.1773 ent0.0030 VRAM 23MB
Ep 4850 | M0_PDR 0.784 | M1_PDR 0.805 | H_m0 0.00 H_m1 0.25 | a-0.0003 c0.8097 ent0.0025 VRAM 23MB
Ep 4900 | M0_PDR 0.796 | M1_PDR 0.829 | H_m0 0.00 H_m1 0.25 | a-0.0002 c0.8221 ent0.0020 VRAM 23MB
Ep 4950 | M0_PDR 0.758 | M1_PDR 0.768 | H_m0 0.00 H_m1 0.26 | a-0.0002 c1.0851 ent0.0015 VRAM 23MB

Training complete. Running 100 eval episodes...

  Eval ep   0: M0_PDR=0.768  M1_PDR=0.818
  Eval ep  20: M0_PDR=0.778  M1_PDR=0.757
  Eval ep  40: M0_PDR=0.757  M1_PDR=0.801
  Eval ep  60: M0_PDR=0.764  M1_PDR=0.826
  Eval ep  80: M0_PDR=0.753  M1_PDR=0.827

=== Eval Summary (100 episodes) ===
  M0_PDR_mean         : 0.7671
  M0_PDR_p05 (across) : 0.7417
  M0_PDR_p05 (intra)  : 0.5000
  M1_PDR_mean         : 0.8180
  M0_SINR_mean (dB)   : 27.30
  M1_SINR_mean (dB)   : 24.40
  M0_collision_rate   : 0.470
  M0_collision_within_pool : 0.000
  M1_collision_within_pool : 0.084

Result saved -> results/_B_M3_seed5_5000ep.json
  N=4  rho=1.33  M0_PDR=0.767  M1_PDR=0.818
[NS3Bridge] Shutdown complete.
Run complete.
