[seed] all RNGs seeded with 2
GPU : NVIDIA GeForce RTX 3060
VRAM: 12.9 GB
Device          : cuda:0
Actor M0 params : 19,727
Actor M1 params : 19,727
Critic params   : 79,105
obs_dim=9  action_dim=15  gs_dim=39
M0 count: 2  M1 count: 2
Training for 5000 episodes (Config B_M3_seed2_5000ep_gaefix_g05_ent01_as, N=4)...

[NS3Bridge] Connected tcp://localhost:9236
Ep    0 | M0_PDR 0.495 | M1_PDR 0.503 | H_m0 2.71 H_m1 2.70 | a-0.0321 c0.5930 ent0.0100 VRAM 23MB
Ep   50 | M0_PDR 0.717 | M1_PDR 0.455 | H_m0 0.77 H_m1 0.68 | a-0.0086 c0.1680 ent0.0099 VRAM 23MB
Ep  100 | M0_PDR 0.825 | M1_PDR 0.595 | H_m0 0.35 H_m1 1.08 | a-0.0172 c0.1130 ent0.0098 VRAM 23MB
Ep  150 | M0_PDR 0.752 | M1_PDR 0.870 | H_m0 0.02 H_m1 0.08 | a-0.0006 c0.0877 ent0.0097 VRAM 23MB
Ep  200 | M0_PDR 0.744 | M1_PDR 0.845 | H_m0 0.01 H_m1 0.11 | a-0.0009 c0.0940 ent0.0096 VRAM 23MB
Ep  250 | M0_PDR 0.764 | M1_PDR 0.848 | H_m0 0.01 H_m1 0.04 | a-0.0005 c0.0809 ent0.0095 VRAM 23MB
Ep  300 | M0_PDR 0.746 | M1_PDR 0.859 | H_m0 0.01 H_m1 0.04 | a-0.0002 c0.0833 ent0.0095 VRAM 23MB
Ep  350 | M0_PDR 0.740 | M1_PDR 0.848 | H_m0 0.00 H_m1 0.09 | a-0.0009 c0.0779 ent0.0094 VRAM 23MB
Ep  400 | M0_PDR 0.776 | M1_PDR 0.859 | H_m0 0.00 H_m1 0.02 | a-0.0001 c0.0637 ent0.0093 VRAM 23MB
Ep  450 | M0_PDR 0.772 | M1_PDR 0.854 | H_m0 0.00 H_m1 0.05 | a-0.0001 c0.0753 ent0.0092 VRAM 23MB
Ep  500 | M0_PDR 0.759 | M1_PDR 0.845 | H_m0 0.00 H_m1 0.02 | a-0.0013 c0.0763 ent0.0091 VRAM 23MB
Ep  550 | M0_PDR 0.776 | M1_PDR 0.856 | H_m0 0.00 H_m1 0.03 | a-0.0002 c0.0745 ent0.0090 VRAM 23MB
Ep  600 | M0_PDR 0.757 | M1_PDR 0.838 | H_m0 0.00 H_m1 0.02 | a-0.0002 c0.0760 ent0.0089 VRAM 23MB
Ep  650 | M0_PDR 0.753 | M1_PDR 0.884 | H_m0 0.00 H_m1 0.01 | a-0.0000 c0.0705 ent0.0088 VRAM 23MB
Ep  700 | M0_PDR 0.781 | M1_PDR 0.840 | H_m0 0.00 H_m1 0.00 | a-0.0001 c0.0732 ent0.0087 VRAM 23MB
Ep  750 | M0_PDR 0.764 | M1_PDR 0.853 | H_m0 0.00 H_m1 0.01 | a-0.0000 c0.0688 ent0.0086 VRAM 23MB
Ep  800 | M0_PDR 0.759 | M1_PDR 0.835 | H_m0 0.00 H_m1 0.02 | a-0.0002 c0.0809 ent0.0086 VRAM 23MB
Ep  850 | M0_PDR 0.735 | M1_PDR 0.855 | H_m0 0.00 H_m1 0.01 | a-0.0001 c0.0743 ent0.0085 VRAM 23MB
Ep  900 | M0_PDR 0.779 | M1_PDR 0.851 | H_m0 0.00 H_m1 0.01 | a-0.0000 c0.0725 ent0.0084 VRAM 23MB
Ep  950 | M0_PDR 0.762 | M1_PDR 0.869 | H_m0 0.00 H_m1 0.04 | a-0.0002 c0.0783 ent0.0083 VRAM 23MB
Ep 1000 | M0_PDR 0.778 | M1_PDR 0.880 | H_m0 0.00 H_m1 0.00 | a-0.0001 c0.0855 ent0.0082 VRAM 23MB
Ep 1050 | M0_PDR 0.774 | M1_PDR 0.854 | H_m0 0.00 H_m1 0.01 | a-0.0000 c0.0732 ent0.0081 VRAM 23MB
Ep 1100 | M0_PDR 0.770 | M1_PDR 0.878 | H_m0 0.00 H_m1 0.00 | a-0.0001 c0.0798 ent0.0080 VRAM 23MB
Ep 1150 | M0_PDR 0.740 | M1_PDR 0.859 | H_m0 0.00 H_m1 0.01 | a-0.0001 c0.0791 ent0.0079 VRAM 23MB
Ep 1200 | M0_PDR 0.771 | M1_PDR 0.843 | H_m0 0.00 H_m1 0.02 | a-0.0001 c0.0756 ent0.0078 VRAM 23MB
Ep 1250 | M0_PDR 0.726 | M1_PDR 0.814 | H_m0 0.00 H_m1 0.01 | a-0.0001 c0.0796 ent0.0077 VRAM 23MB
Ep 1300 | M0_PDR 0.746 | M1_PDR 0.853 | H_m0 0.00 H_m1 0.00 | a-0.0005 c0.0757 ent0.0077 VRAM 23MB
Ep 1350 | M0_PDR 0.734 | M1_PDR 0.859 | H_m0 0.00 H_m1 0.02 | a-0.0001 c0.0722 ent0.0076 VRAM 23MB
Ep 1400 | M0_PDR 0.757 | M1_PDR 0.880 | H_m0 0.00 H_m1 0.01 | a-0.0000 c0.0632 ent0.0075 VRAM 23MB
Ep 1450 | M0_PDR 0.750 | M1_PDR 0.872 | H_m0 0.00 H_m1 0.01 | a-0.0001 c0.0763 ent0.0074 VRAM 23MB
Ep 1500 | M0_PDR 0.744 | M1_PDR 0.833 | H_m0 0.00 H_m1 0.00 | a-0.0000 c0.0741 ent0.0073 VRAM 23MB
Ep 1550 | M0_PDR 0.745 | M1_PDR 0.832 | H_m0 0.00 H_m1 0.01 | a-0.0001 c0.0771 ent0.0072 VRAM 23MB
Ep 1600 | M0_PDR 0.761 | M1_PDR 0.836 | H_m0 0.00 H_m1 0.01 | a-0.0001 c0.0708 ent0.0071 VRAM 23MB
Ep 1650 | M0_PDR 0.773 | M1_PDR 0.863 | H_m0 0.00 H_m1 0.01 | a-0.0001 c0.0907 ent0.0070 VRAM 23MB
Ep 1700 | M0_PDR 0.757 | M1_PDR 0.849 | H_m0 0.00 H_m1 0.01 | a-0.0000 c0.0809 ent0.0069 VRAM 23MB
Ep 1750 | M0_PDR 0.779 | M1_PDR 0.865 | H_m0 0.00 H_m1 0.00 | a-0.0000 c0.0880 ent0.0068 VRAM 23MB
Ep 1800 | M0_PDR 0.742 | M1_PDR 0.862 | H_m0 0.00 H_m1 0.00 | a-0.0000 c0.0719 ent0.0068 VRAM 23MB
Ep 1850 | M0_PDR 0.759 | M1_PDR 0.878 | H_m0 0.00 H_m1 0.00 | a-0.0000 c0.0746 ent0.0067 VRAM 23MB
Ep 1900 | M0_PDR 0.792 | M1_PDR 0.852 | H_m0 0.00 H_m1 0.00 | a-0.0000 c0.0769 ent0.0066 VRAM 23MB
Ep 1950 | M0_PDR 0.743 | M1_PDR 0.887 | H_m0 0.00 H_m1 0.00 | a-0.0000 c0.0805 ent0.0065 VRAM 23MB
Ep 2000 | M0_PDR 0.747 | M1_PDR 0.892 | H_m0 0.00 H_m1 0.00 | a-0.0000 c0.0756 ent0.0064 VRAM 23MB
Ep 2050 | M0_PDR 0.778 | M1_PDR 0.864 | H_m0 0.00 H_m1 0.00 | a-0.0000 c0.0811 ent0.0063 VRAM 23MB
Ep 2100 | M0_PDR 0.770 | M1_PDR 0.891 | H_m0 0.00 H_m1 0.00 | a-0.0000 c0.0721 ent0.0062 VRAM 23MB
Ep 2150 | M0_PDR 0.764 | M1_PDR 0.856 | H_m0 0.00 H_m1 0.01 | a-0.0001 c0.0644 ent0.0061 VRAM 23MB
Ep 2200 | M0_PDR 0.802 | M1_PDR 0.859 | H_m0 0.00 H_m1 0.00 | a-0.0000 c0.0796 ent0.0060 VRAM 23MB
Ep 2250 | M0_PDR 0.771 | M1_PDR 0.843 | H_m0 0.00 H_m1 0.00 | a-0.0000 c0.0717 ent0.0059 VRAM 23MB
Ep 2300 | M0_PDR 0.744 | M1_PDR 0.857 | H_m0 0.00 H_m1 0.00 | a-0.0000 c0.0873 ent0.0059 VRAM 23MB
Ep 2350 | M0_PDR 0.744 | M1_PDR 0.876 | H_m0 0.00 H_m1 0.00 | a-0.0000 c0.0776 ent0.0058 VRAM 23MB
Ep 2400 | M0_PDR 0.738 | M1_PDR 0.865 | H_m0 0.00 H_m1 0.00 | a-0.0000 c0.0756 ent0.0057 VRAM 23MB
Ep 2450 | M0_PDR 0.760 | M1_PDR 0.878 | H_m0 0.00 H_m1 0.01 | a-0.0000 c0.0881 ent0.0056 VRAM 23MB
Ep 2500 | M0_PDR 0.773 | M1_PDR 0.843 | H_m0 0.00 H_m1 0.00 | a-0.0001 c0.0665 ent0.0055 VRAM 23MB
Ep 2550 | M0_PDR 0.750 | M1_PDR 0.851 | H_m0 0.00 H_m1 0.01 | a-0.0000 c0.0700 ent0.0054 VRAM 23MB
Ep 2600 | M0_PDR 0.759 | M1_PDR 0.886 | H_m0 0.00 H_m1 0.00 | a-0.0000 c0.0644 ent0.0053 VRAM 23MB
Ep 2650 | M0_PDR 0.812 | M1_PDR 0.869 | H_m0 0.00 H_m1 0.01 | a-0.0000 c0.0912 ent0.0052 VRAM 23MB
Ep 2700 | M0_PDR 0.757 | M1_PDR 0.863 | H_m0 0.00 H_m1 0.01 | a-0.0000 c0.0776 ent0.0051 VRAM 23MB
Ep 2750 | M0_PDR 0.730 | M1_PDR 0.847 | H_m0 0.00 H_m1 0.01 | a-0.0000 c0.0702 ent0.0050 VRAM 23MB
Ep 2800 | M0_PDR 0.784 | M1_PDR 0.867 | H_m0 0.00 H_m1 0.01 | a-0.0000 c0.0694 ent0.0050 VRAM 23MB
Ep 2850 | M0_PDR 0.756 | M1_PDR 0.888 | H_m0 0.00 H_m1 0.00 | a-0.0000 c0.0723 ent0.0049 VRAM 23MB
Ep 2900 | M0_PDR 0.738 | M1_PDR 0.867 | H_m0 0.00 H_m1 0.01 | a-0.0000 c0.0765 ent0.0048 VRAM 23MB
Ep 2950 | M0_PDR 0.743 | M1_PDR 0.857 | H_m0 0.00 H_m1 0.00 | a-0.0000 c0.0823 ent0.0047 VRAM 23MB
Ep 3000 | M0_PDR 0.764 | M1_PDR 0.856 | H_m0 0.00 H_m1 0.00 | a-0.0000 c0.0742 ent0.0046 VRAM 23MB
Ep 3050 | M0_PDR 0.771 | M1_PDR 0.856 | H_m0 0.00 H_m1 0.00 | a-0.0000 c0.0713 ent0.0045 VRAM 23MB
Ep 3100 | M0_PDR 0.761 | M1_PDR 0.863 | H_m0 0.00 H_m1 0.00 | a-0.0001 c0.0688 ent0.0044 VRAM 23MB
Ep 3150 | M0_PDR 0.759 | M1_PDR 0.837 | H_m0 0.00 H_m1 0.00 | a-0.0000 c0.0731 ent0.0043 VRAM 23MB
Ep 3200 | M0_PDR 0.752 | M1_PDR 0.866 | H_m0 0.00 H_m1 0.00 | a-0.0000 c0.0657 ent0.0042 VRAM 23MB
Ep 3250 | M0_PDR 0.773 | M1_PDR 0.874 | H_m0 0.00 H_m1 0.00 | a-0.0000 c0.0687 ent0.0041 VRAM 23MB
Ep 3300 | M0_PDR 0.749 | M1_PDR 0.862 | H_m0 0.00 H_m1 0.00 | a-0.0000 c0.0742 ent0.0041 VRAM 23MB
Ep 3350 | M0_PDR 0.727 | M1_PDR 0.858 | H_m0 0.00 H_m1 0.00 | a-0.0001 c0.0753 ent0.0040 VRAM 23MB
Ep 3400 | M0_PDR 0.766 | M1_PDR 0.857 | H_m0 0.00 H_m1 0.00 | a-0.0000 c0.0727 ent0.0039 VRAM 23MB
Ep 3450 | M0_PDR 0.759 | M1_PDR 0.860 | H_m0 0.00 H_m1 0.00 | a-0.0000 c0.0786 ent0.0038 VRAM 23MB
Ep 3500 | M0_PDR 0.751 | M1_PDR 0.836 | H_m0 0.00 H_m1 0.00 | a-0.0000 c0.0795 ent0.0037 VRAM 23MB
Ep 3550 | M0_PDR 0.744 | M1_PDR 0.851 | H_m0 0.00 H_m1 0.01 | a-0.0000 c0.0625 ent0.0036 VRAM 23MB
Ep 3600 | M0_PDR 0.753 | M1_PDR 0.853 | H_m0 0.00 H_m1 0.00 | a-0.0000 c0.0688 ent0.0035 VRAM 23MB
Ep 3650 | M0_PDR 0.769 | M1_PDR 0.880 | H_m0 0.00 H_m1 0.00 | a-0.0000 c0.0660 ent0.0034 VRAM 23MB
Ep 3700 | M0_PDR 0.745 | M1_PDR 0.880 | H_m0 0.00 H_m1 0.00 | a-0.0000 c0.0668 ent0.0033 VRAM 23MB
Ep 3750 | M0_PDR 0.755 | M1_PDR 0.837 | H_m0 0.00 H_m1 0.00 | a-0.0000 c0.0777 ent0.0032 VRAM 23MB
Ep 3800 | M0_PDR 0.764 | M1_PDR 0.871 | H_m0 0.00 H_m1 0.00 | a-0.0000 c0.0695 ent0.0032 VRAM 23MB
Ep 3850 | M0_PDR 0.763 | M1_PDR 0.854 | H_m0 0.00 H_m1 0.00 | a-0.0000 c0.0800 ent0.0031 VRAM 23MB
Ep 3900 | M0_PDR 0.759 | M1_PDR 0.834 | H_m0 0.00 H_m1 0.00 | a-0.0000 c0.0719 ent0.0030 VRAM 23MB
Ep 3950 | M0_PDR 0.777 | M1_PDR 0.850 | H_m0 0.00 H_m1 0.00 | a-0.0000 c0.0735 ent0.0029 VRAM 23MB
Ep 4000 | M0_PDR 0.745 | M1_PDR 0.861 | H_m0 0.00 H_m1 0.00 | a-0.0000 c0.0771 ent0.0028 VRAM 23MB
Ep 4050 | M0_PDR 0.758 | M1_PDR 0.863 | H_m0 0.00 H_m1 0.00 | a-0.0000 c0.0776 ent0.0027 VRAM 23MB
Ep 4100 | M0_PDR 0.756 | M1_PDR 0.868 | H_m0 0.00 H_m1 0.00 | a-0.0000 c0.0833 ent0.0026 VRAM 23MB
Ep 4150 | M0_PDR 0.737 | M1_PDR 0.867 | H_m0 0.00 H_m1 0.00 | a-0.0000 c0.0786 ent0.0025 VRAM 23MB
Ep 4200 | M0_PDR 0.742 | M1_PDR 0.852 | H_m0 0.00 H_m1 0.00 | a-0.0000 c0.0655 ent0.0024 VRAM 23MB
Ep 4250 | M0_PDR 0.758 | M1_PDR 0.869 | H_m0 0.00 H_m1 0.00 | a-0.0000 c0.0800 ent0.0023 VRAM 23MB
Ep 4300 | M0_PDR 0.747 | M1_PDR 0.859 | H_m0 0.00 H_m1 0.00 | a-0.0000 c0.0763 ent0.0023 VRAM 23MB
Ep 4350 | M0_PDR 0.768 | M1_PDR 0.843 | H_m0 0.00 H_m1 0.00 | a-0.0000 c0.0657 ent0.0022 VRAM 23MB
Ep 4400 | M0_PDR 0.718 | M1_PDR 0.875 | H_m0 0.00 H_m1 0.00 | a-0.0000 c0.0702 ent0.0021 VRAM 23MB
Ep 4450 | M0_PDR 0.770 | M1_PDR 0.846 | H_m0 0.00 H_m1 0.00 | a-0.0000 c0.0734 ent0.0020 VRAM 23MB
Ep 4500 | M0_PDR 0.745 | M1_PDR 0.819 | H_m0 0.00 H_m1 0.00 | a-0.0000 c0.0802 ent0.0019 VRAM 23MB
Ep 4550 | M0_PDR 0.758 | M1_PDR 0.836 | H_m0 0.00 H_m1 0.00 | a-0.0000 c0.0828 ent0.0018 VRAM 23MB
Ep 4600 | M0_PDR 0.751 | M1_PDR 0.841 | H_m0 0.00 H_m1 0.00 | a-0.0000 c0.0753 ent0.0017 VRAM 23MB
Ep 4650 | M0_PDR 0.756 | M1_PDR 0.861 | H_m0 0.00 H_m1 0.00 | a-0.0000 c0.0675 ent0.0016 VRAM 23MB
Ep 4700 | M0_PDR 0.788 | M1_PDR 0.849 | H_m0 0.00 H_m1 0.00 | a-0.0000 c0.0739 ent0.0015 VRAM 23MB
Ep 4750 | M0_PDR 0.786 | M1_PDR 0.877 | H_m0 0.00 H_m1 0.00 | a-0.0000 c0.0919 ent0.0014 VRAM 23MB
Ep 4800 | M0_PDR 0.765 | M1_PDR 0.854 | H_m0 0.00 H_m1 0.00 | a-0.0000 c0.0803 ent0.0014 VRAM 23MB
Ep 4850 | M0_PDR 0.746 | M1_PDR 0.848 | H_m0 0.00 H_m1 0.00 | a-0.0000 c0.0695 ent0.0013 VRAM 23MB
Ep 4900 | M0_PDR 0.750 | M1_PDR 0.827 | H_m0 0.00 H_m1 0.00 | a-0.0000 c0.0795 ent0.0012 VRAM 23MB
Ep 4950 | M0_PDR 0.777 | M1_PDR 0.845 | H_m0 0.00 H_m1 0.00 | a-0.0000 c0.0827 ent0.0011 VRAM 23MB

Training complete. Running 100 eval episodes...

  Eval ep   0: M0_PDR=0.771  M1_PDR=0.858
  Eval ep  20: M0_PDR=0.742  M1_PDR=0.854
  Eval ep  40: M0_PDR=0.773  M1_PDR=0.869
  Eval ep  60: M0_PDR=0.753  M1_PDR=0.851
  Eval ep  80: M0_PDR=0.751  M1_PDR=0.861

=== Eval Summary (100 episodes) ===
  M0_PDR_mean         : 0.7580
  M0_PDR_p05 (across) : 0.7337
  M0_PDR_p05 (intra)  : 0.5000
  M1_PDR_mean         : 0.8579
  M0_SINR_mean (dB)   : 26.17
  M1_SINR_mean (dB)   : 28.31
  M0_collision_rate   : 0.500
  M0_collision_within_pool : 0.000
  M1_collision_within_pool : 0.000

Result saved -> results/_B_M3_seed2_5000ep_gaefix_g05_ent01_as.json
  N=4  rho=1.33  M0_PDR=0.758  M1_PDR=0.858
[NS3Bridge] Shutdown complete.
Run complete.
