[seed] all RNGs seeded with 3
GPU : NVIDIA GeForce RTX 3060
VRAM: 12.9 GB
Device          : cuda:0
Actor M0 params : 19,727
Actor M1 params : 19,727
Critic params   : 76,801
obs_dim=9  action_dim=15  gs_dim=39
M0 count: 2  M1 count: 2
Training for 5000 episodes (Config B_M3_seed3_5000ep, N=4)...

[NS3Bridge] Connected tcp://localhost:6746
Ep    0 | M0_PDR 0.431 | M1_PDR 0.524 | H_m0 2.71 H_m1 2.70 | a-0.1390 c16.3947 ent0.0500 VRAM 23MB
Ep   50 | M0_PDR 0.465 | M1_PDR 0.438 | H_m0 2.67 H_m1 2.68 | a-0.1336 c7.8765 ent0.0495 VRAM 23MB
Ep  100 | M0_PDR 0.486 | M1_PDR 0.400 | H_m0 2.58 H_m1 2.69 | a-0.1317 c6.7573 ent0.0490 VRAM 23MB
Ep  150 | M0_PDR 0.514 | M1_PDR 0.534 | H_m0 2.44 H_m1 2.69 | a-0.1252 c5.0129 ent0.0485 VRAM 23MB
Ep  200 | M0_PDR 0.502 | M1_PDR 0.453 | H_m0 2.40 H_m1 2.69 | a-0.1243 c3.8830 ent0.0480 VRAM 23MB
Ep  250 | M0_PDR 0.495 | M1_PDR 0.441 | H_m0 2.30 H_m1 2.67 | a-0.1203 c2.9490 ent0.0475 VRAM 23MB
Ep  300 | M0_PDR 0.502 | M1_PDR 0.446 | H_m0 2.08 H_m1 2.63 | a-0.1122 c2.4885 ent0.0471 VRAM 23MB
Ep  350 | M0_PDR 0.547 | M1_PDR 0.425 | H_m0 2.19 H_m1 2.48 | a-0.1114 c2.1971 ent0.0466 VRAM 23MB
Ep  400 | M0_PDR 0.591 | M1_PDR 0.482 | H_m0 1.74 H_m1 2.44 | a-0.0983 c2.2352 ent0.0461 VRAM 23MB
Ep  450 | M0_PDR 0.532 | M1_PDR 0.472 | H_m0 2.21 H_m1 2.57 | a-0.1112 c1.6567 ent0.0456 VRAM 23MB
Ep  500 | M0_PDR 0.567 | M1_PDR 0.414 | H_m0 1.85 H_m1 2.64 | a-0.1030 c2.0428 ent0.0451 VRAM 23MB
Ep  550 | M0_PDR 0.579 | M1_PDR 0.434 | H_m0 1.76 H_m1 2.66 | a-0.0994 c1.7985 ent0.0446 VRAM 23MB
Ep  600 | M0_PDR 0.731 | M1_PDR 0.433 | H_m0 0.43 H_m1 2.62 | a-0.0700 c2.8155 ent0.0441 VRAM 23MB
Ep  650 | M0_PDR 0.873 | M1_PDR 0.440 | H_m0 0.23 H_m1 2.27 | a-0.0555 c1.5117 ent0.0436 VRAM 23MB
Ep  700 | M0_PDR 0.876 | M1_PDR 0.493 | H_m0 0.35 H_m1 2.14 | a-0.0545 c1.6108 ent0.0431 VRAM 23MB
Ep  750 | M0_PDR 0.882 | M1_PDR 0.464 | H_m0 0.40 H_m1 2.32 | a-0.0589 c1.2484 ent0.0426 VRAM 23MB
Ep  800 | M0_PDR 0.889 | M1_PDR 0.458 | H_m0 0.38 H_m1 2.35 | a-0.0593 c1.1021 ent0.0422 VRAM 23MB
Ep  850 | M0_PDR 0.931 | M1_PDR 0.480 | H_m0 0.37 H_m1 2.02 | a-0.0493 c1.1064 ent0.0417 VRAM 23MB
Ep  900 | M0_PDR 0.891 | M1_PDR 0.470 | H_m0 0.45 H_m1 2.27 | a-0.0563 c0.9099 ent0.0412 VRAM 23MB
Ep  950 | M0_PDR 0.932 | M1_PDR 0.504 | H_m0 0.50 H_m1 2.08 | a-0.0528 c1.1823 ent0.0407 VRAM 23MB
Ep 1000 | M0_PDR 0.927 | M1_PDR 0.522 | H_m0 0.17 H_m1 1.80 | a-0.0402 c1.0498 ent0.0402 VRAM 23MB
Ep 1050 | M0_PDR 0.920 | M1_PDR 0.529 | H_m0 0.22 H_m1 1.87 | a-0.0423 c0.8022 ent0.0397 VRAM 23MB
Ep 1100 | M0_PDR 0.889 | M1_PDR 0.528 | H_m0 0.25 H_m1 2.16 | a-0.0478 c1.4144 ent0.0392 VRAM 23MB
Ep 1150 | M0_PDR 0.853 | M1_PDR 0.515 | H_m0 0.45 H_m1 2.16 | a-0.0523 c1.1520 ent0.0387 VRAM 23MB
Ep 1200 | M0_PDR 0.941 | M1_PDR 0.528 | H_m0 0.25 H_m1 2.09 | a-0.0450 c0.8209 ent0.0382 VRAM 23MB
Ep 1250 | M0_PDR 0.876 | M1_PDR 0.521 | H_m0 0.35 H_m1 2.03 | a-0.0467 c1.5120 ent0.0377 VRAM 23MB
Ep 1300 | M0_PDR 0.906 | M1_PDR 0.523 | H_m0 0.37 H_m1 2.18 | a-0.0472 c0.9497 ent0.0373 VRAM 23MB
Ep 1350 | M0_PDR 0.880 | M1_PDR 0.564 | H_m0 0.28 H_m1 2.17 | a-0.0455 c1.3802 ent0.0368 VRAM 23MB
Ep 1400 | M0_PDR 0.877 | M1_PDR 0.603 | H_m0 0.18 H_m1 1.83 | a-0.0372 c1.0785 ent0.0363 VRAM 23MB
Ep 1450 | M0_PDR 0.868 | M1_PDR 0.619 | H_m0 0.10 H_m1 1.88 | a-0.0362 c0.8080 ent0.0358 VRAM 23MB
Ep 1500 | M0_PDR 0.883 | M1_PDR 0.608 | H_m0 0.20 H_m1 1.87 | a-0.0369 c1.1786 ent0.0353 VRAM 23MB
Ep 1550 | M0_PDR 0.865 | M1_PDR 0.517 | H_m0 0.17 H_m1 2.03 | a-0.0384 c1.3293 ent0.0348 VRAM 23MB
Ep 1600 | M0_PDR 0.855 | M1_PDR 0.677 | H_m0 0.39 H_m1 1.90 | a-0.0401 c1.0640 ent0.0343 VRAM 23MB
Ep 1650 | M0_PDR 0.825 | M1_PDR 0.633 | H_m0 0.31 H_m1 1.95 | a-0.0396 c1.1433 ent0.0338 VRAM 23MB
Ep 1700 | M0_PDR 0.870 | M1_PDR 0.630 | H_m0 0.26 H_m1 1.90 | a-0.0366 c0.9860 ent0.0333 VRAM 23MB
Ep 1750 | M0_PDR 0.818 | M1_PDR 0.713 | H_m0 0.36 H_m1 1.74 | a-0.0344 c1.3671 ent0.0328 VRAM 23MB
Ep 1800 | M0_PDR 0.835 | M1_PDR 0.698 | H_m0 0.36 H_m1 1.68 | a-0.0342 c0.9249 ent0.0324 VRAM 23MB
Ep 1850 | M0_PDR 0.817 | M1_PDR 0.671 | H_m0 0.31 H_m1 1.75 | a-0.0340 c0.8555 ent0.0319 VRAM 23MB
Ep 1900 | M0_PDR 0.782 | M1_PDR 0.692 | H_m0 0.30 H_m1 1.72 | a-0.0318 c0.8978 ent0.0314 VRAM 23MB
Ep 1950 | M0_PDR 0.794 | M1_PDR 0.682 | H_m0 0.18 H_m1 1.64 | a-0.0303 c1.0594 ent0.0309 VRAM 23MB
Ep 2000 | M0_PDR 0.770 | M1_PDR 0.683 | H_m0 0.24 H_m1 1.53 | a-0.0278 c1.4356 ent0.0304 VRAM 23MB
Ep 2050 | M0_PDR 0.839 | M1_PDR 0.660 | H_m0 0.29 H_m1 1.78 | a-0.0326 c1.6342 ent0.0299 VRAM 23MB
Ep 2100 | M0_PDR 0.792 | M1_PDR 0.688 | H_m0 0.36 H_m1 1.67 | a-0.0299 c1.5011 ent0.0294 VRAM 23MB
Ep 2150 | M0_PDR 0.768 | M1_PDR 0.717 | H_m0 0.33 H_m1 1.55 | a-0.0280 c1.2709 ent0.0289 VRAM 23MB
Ep 2200 | M0_PDR 0.774 | M1_PDR 0.712 | H_m0 0.30 H_m1 1.54 | a-0.0267 c1.2010 ent0.0284 VRAM 23MB
Ep 2250 | M0_PDR 0.809 | M1_PDR 0.754 | H_m0 0.32 H_m1 1.44 | a-0.0244 c1.1171 ent0.0279 VRAM 23MB
Ep 2300 | M0_PDR 0.787 | M1_PDR 0.679 | H_m0 0.35 H_m1 1.53 | a-0.0257 c1.2007 ent0.0275 VRAM 23MB
Ep 2350 | M0_PDR 0.822 | M1_PDR 0.703 | H_m0 0.32 H_m1 1.58 | a-0.0260 c1.0241 ent0.0270 VRAM 23MB
Ep 2400 | M0_PDR 0.834 | M1_PDR 0.684 | H_m0 0.25 H_m1 1.67 | a-0.0260 c1.9356 ent0.0265 VRAM 23MB
Ep 2450 | M0_PDR 0.840 | M1_PDR 0.711 | H_m0 0.34 H_m1 1.68 | a-0.0269 c0.9736 ent0.0260 VRAM 23MB
Ep 2500 | M0_PDR 0.830 | M1_PDR 0.705 | H_m0 0.38 H_m1 1.66 | a-0.0265 c0.9338 ent0.0255 VRAM 23MB
Ep 2550 | M0_PDR 0.831 | M1_PDR 0.710 | H_m0 0.09 H_m1 1.64 | a-0.0221 c1.3207 ent0.0250 VRAM 23MB
Ep 2600 | M0_PDR 0.809 | M1_PDR 0.708 | H_m0 0.13 H_m1 1.59 | a-0.0214 c0.9871 ent0.0245 VRAM 23MB
Ep 2650 | M0_PDR 0.798 | M1_PDR 0.727 | H_m0 0.12 H_m1 1.40 | a-0.0182 c1.4864 ent0.0240 VRAM 23MB
Ep 2700 | M0_PDR 0.817 | M1_PDR 0.765 | H_m0 0.27 H_m1 1.21 | a-0.0190 c1.2087 ent0.0235 VRAM 23MB
Ep 2750 | M0_PDR 0.770 | M1_PDR 0.790 | H_m0 0.26 H_m1 1.22 | a-0.0173 c0.8874 ent0.0230 VRAM 23MB
Ep 2800 | M0_PDR 0.794 | M1_PDR 0.783 | H_m0 0.44 H_m1 1.28 | a-0.0197 c1.1147 ent0.0226 VRAM 23MB
Ep 2850 | M0_PDR 0.782 | M1_PDR 0.754 | H_m0 0.41 H_m1 1.26 | a-0.0193 c0.9326 ent0.0221 VRAM 23MB
Ep 2900 | M0_PDR 0.803 | M1_PDR 0.748 | H_m0 0.44 H_m1 1.27 | a-0.0186 c1.1659 ent0.0216 VRAM 23MB
Ep 2950 | M0_PDR 0.801 | M1_PDR 0.771 | H_m0 0.37 H_m1 1.34 | a-0.0184 c1.3528 ent0.0211 VRAM 23MB
Ep 3000 | M0_PDR 0.788 | M1_PDR 0.770 | H_m0 0.30 H_m1 1.44 | a-0.0182 c0.7640 ent0.0206 VRAM 23MB
Ep 3050 | M0_PDR 0.782 | M1_PDR 0.760 | H_m0 0.31 H_m1 1.47 | a-0.0186 c1.5639 ent0.0201 VRAM 23MB
Ep 3100 | M0_PDR 0.783 | M1_PDR 0.755 | H_m0 0.36 H_m1 1.34 | a-0.0171 c1.0459 ent0.0196 VRAM 23MB
Ep 3150 | M0_PDR 0.785 | M1_PDR 0.791 | H_m0 0.41 H_m1 1.32 | a-0.0168 c0.8579 ent0.0191 VRAM 23MB
Ep 3200 | M0_PDR 0.759 | M1_PDR 0.819 | H_m0 0.39 H_m1 1.23 | a-0.0154 c1.3846 ent0.0186 VRAM 23MB
Ep 3250 | M0_PDR 0.777 | M1_PDR 0.822 | H_m0 0.34 H_m1 1.34 | a-0.0154 c1.0820 ent0.0181 VRAM 23MB
Ep 3300 | M0_PDR 0.801 | M1_PDR 0.779 | H_m0 0.28 H_m1 1.20 | a-0.0132 c0.9977 ent0.0177 VRAM 23MB
Ep 3350 | M0_PDR 0.802 | M1_PDR 0.790 | H_m0 0.35 H_m1 1.27 | a-0.0142 c0.8719 ent0.0172 VRAM 23MB
Ep 3400 | M0_PDR 0.748 | M1_PDR 0.789 | H_m0 0.37 H_m1 1.08 | a-0.0121 c1.1863 ent0.0167 VRAM 23MB
Ep 3450 | M0_PDR 0.793 | M1_PDR 0.817 | H_m0 0.38 H_m1 1.01 | a-0.0116 c0.8903 ent0.0162 VRAM 23MB
Ep 3500 | M0_PDR 0.787 | M1_PDR 0.806 | H_m0 0.47 H_m1 1.03 | a-0.0117 c1.2472 ent0.0157 VRAM 23MB
Ep 3550 | M0_PDR 0.765 | M1_PDR 0.834 | H_m0 0.49 H_m1 1.01 | a-0.0117 c0.7658 ent0.0152 VRAM 23MB
Ep 3600 | M0_PDR 0.772 | M1_PDR 0.795 | H_m0 0.44 H_m1 1.03 | a-0.0116 c0.9650 ent0.0147 VRAM 23MB
Ep 3650 | M0_PDR 0.775 | M1_PDR 0.803 | H_m0 0.43 H_m1 1.00 | a-0.0105 c0.8718 ent0.0142 VRAM 23MB
Ep 3700 | M0_PDR 0.761 | M1_PDR 0.829 | H_m0 0.42 H_m1 0.96 | a-0.0098 c0.8446 ent0.0137 VRAM 23MB
Ep 3750 | M0_PDR 0.729 | M1_PDR 0.823 | H_m0 0.34 H_m1 0.99 | a-0.0090 c0.8069 ent0.0132 VRAM 23MB
Ep 3800 | M0_PDR 0.752 | M1_PDR 0.833 | H_m0 0.36 H_m1 0.94 | a-0.0085 c1.1867 ent0.0128 VRAM 23MB
Ep 3850 | M0_PDR 0.744 | M1_PDR 0.839 | H_m0 0.44 H_m1 1.02 | a-0.0093 c1.1240 ent0.0123 VRAM 23MB
Ep 3900 | M0_PDR 0.766 | M1_PDR 0.793 | H_m0 0.45 H_m1 1.11 | a-0.0098 c1.0677 ent0.0118 VRAM 23MB
Ep 3950 | M0_PDR 0.744 | M1_PDR 0.836 | H_m0 0.46 H_m1 0.95 | a-0.0082 c0.8712 ent0.0113 VRAM 23MB
Ep 4000 | M0_PDR 0.771 | M1_PDR 0.812 | H_m0 0.51 H_m1 0.95 | a-0.0082 c1.1473 ent0.0108 VRAM 23MB
Ep 4050 | M0_PDR 0.763 | M1_PDR 0.849 | H_m0 0.52 H_m1 0.89 | a-0.0074 c1.0494 ent0.0103 VRAM 23MB
Ep 4100 | M0_PDR 0.757 | M1_PDR 0.819 | H_m0 0.52 H_m1 0.89 | a-0.0072 c1.0529 ent0.0098 VRAM 23MB
Ep 4150 | M0_PDR 0.763 | M1_PDR 0.838 | H_m0 0.51 H_m1 0.84 | a-0.0064 c0.7943 ent0.0093 VRAM 23MB
Ep 4200 | M0_PDR 0.749 | M1_PDR 0.807 | H_m0 0.52 H_m1 0.89 | a-0.0063 c1.0898 ent0.0088 VRAM 23MB
Ep 4250 | M0_PDR 0.767 | M1_PDR 0.839 | H_m0 0.54 H_m1 0.85 | a-0.0057 c0.9108 ent0.0083 VRAM 23MB
Ep 4300 | M0_PDR 0.802 | M1_PDR 0.852 | H_m0 0.53 H_m1 0.88 | a-0.0056 c0.9269 ent0.0079 VRAM 23MB
Ep 4350 | M0_PDR 0.755 | M1_PDR 0.841 | H_m0 0.53 H_m1 0.82 | a-0.0049 c0.8107 ent0.0074 VRAM 23MB
Ep 4400 | M0_PDR 0.775 | M1_PDR 0.817 | H_m0 0.53 H_m1 0.87 | a-0.0048 c0.9060 ent0.0069 VRAM 23MB
Ep 4450 | M0_PDR 0.751 | M1_PDR 0.825 | H_m0 0.52 H_m1 0.92 | a-0.0046 c1.1424 ent0.0064 VRAM 23MB
Ep 4500 | M0_PDR 0.755 | M1_PDR 0.847 | H_m0 0.53 H_m1 0.84 | a-0.0040 c0.9989 ent0.0059 VRAM 23MB
Ep 4550 | M0_PDR 0.758 | M1_PDR 0.864 | H_m0 0.53 H_m1 0.82 | a-0.0038 c0.8763 ent0.0054 VRAM 23MB
Ep 4600 | M0_PDR 0.757 | M1_PDR 0.827 | H_m0 0.53 H_m1 0.85 | a-0.0034 c1.0716 ent0.0049 VRAM 23MB
Ep 4650 | M0_PDR 0.755 | M1_PDR 0.841 | H_m0 0.53 H_m1 0.84 | a-0.0031 c1.0023 ent0.0044 VRAM 23MB
Ep 4700 | M0_PDR 0.791 | M1_PDR 0.854 | H_m0 0.53 H_m1 0.84 | a-0.0027 c0.9155 ent0.0039 VRAM 23MB
Ep 4750 | M0_PDR 0.776 | M1_PDR 0.827 | H_m0 0.53 H_m1 0.88 | a-0.0025 c0.8892 ent0.0034 VRAM 23MB
Ep 4800 | M0_PDR 0.770 | M1_PDR 0.844 | H_m0 0.53 H_m1 0.84 | a-0.0020 c0.8039 ent0.0030 VRAM 23MB
Ep 4850 | M0_PDR 0.767 | M1_PDR 0.856 | H_m0 0.52 H_m1 0.87 | a-0.0017 c0.7990 ent0.0025 VRAM 23MB
Ep 4900 | M0_PDR 0.774 | M1_PDR 0.827 | H_m0 0.51 H_m1 0.88 | a-0.0014 c1.0764 ent0.0020 VRAM 23MB
Ep 4950 | M0_PDR 0.746 | M1_PDR 0.831 | H_m0 0.51 H_m1 0.86 | a-0.0011 c0.9508 ent0.0015 VRAM 23MB

Training complete. Running 100 eval episodes...

  Eval ep   0: M0_PDR=0.763  M1_PDR=0.864
  Eval ep  20: M0_PDR=0.760  M1_PDR=0.828
  Eval ep  40: M0_PDR=0.766  M1_PDR=0.838
  Eval ep  60: M0_PDR=0.739  M1_PDR=0.841
  Eval ep  80: M0_PDR=0.758  M1_PDR=0.860

=== Eval Summary (100 episodes) ===
  M0_PDR_mean         : 0.7615
  M0_PDR_p05 (across) : 0.7371
  M0_PDR_p05 (intra)  : 0.5000
  M1_PDR_mean         : 0.8382
  M0_SINR_mean (dB)   : 23.99
  M1_SINR_mean (dB)   : 23.18
  M0_collision_rate   : 0.499
  M0_collision_within_pool : 0.000
  M1_collision_within_pool : 0.009

Result saved -> results/_B_M3_seed3_5000ep.json
  N=4  rho=1.33  M0_PDR=0.761  M1_PDR=0.838
[NS3Bridge] Shutdown complete.
Run complete.
