[seed] all RNGs seeded with 2
GPU : NVIDIA GeForce RTX 3060
VRAM: 12.9 GB
Device          : cuda:0
Actor M0 params : 19,727
Actor M1 params : 19,727
Critic params   : 76,801
obs_dim=9  action_dim=15  gs_dim=39
M0 count: 2  M1 count: 2
Training for 5000 episodes (Config B_M3_seed2_5000ep, N=4)...

[NS3Bridge] Connected tcp://localhost:6686
Ep    0 | M0_PDR 0.480 | M1_PDR 0.501 | H_m0 2.71 H_m1 2.71 | a-0.1396 c21.0243 ent0.0500 VRAM 23MB
Ep   50 | M0_PDR 0.501 | M1_PDR 0.464 | H_m0 2.67 H_m1 2.69 | a-0.1336 c9.7535 ent0.0495 VRAM 23MB
Ep  100 | M0_PDR 0.563 | M1_PDR 0.470 | H_m0 2.48 H_m1 2.68 | a-0.1289 c6.9599 ent0.0490 VRAM 23MB
Ep  150 | M0_PDR 0.536 | M1_PDR 0.398 | H_m0 2.35 H_m1 2.69 | a-0.1243 c6.9894 ent0.0485 VRAM 23MB
Ep  200 | M0_PDR 0.568 | M1_PDR 0.451 | H_m0 2.47 H_m1 2.69 | a-0.1246 c3.7768 ent0.0480 VRAM 23MB
Ep  250 | M0_PDR 0.526 | M1_PDR 0.467 | H_m0 2.32 H_m1 2.70 | a-0.1198 c3.0137 ent0.0475 VRAM 23MB
Ep  300 | M0_PDR 0.462 | M1_PDR 0.479 | H_m0 2.16 H_m1 2.68 | a-0.1147 c2.9623 ent0.0471 VRAM 23MB
Ep  350 | M0_PDR 0.576 | M1_PDR 0.443 | H_m0 2.14 H_m1 2.69 | a-0.1141 c2.5162 ent0.0466 VRAM 23MB
Ep  400 | M0_PDR 0.549 | M1_PDR 0.421 | H_m0 1.98 H_m1 2.70 | a-0.1091 c1.6983 ent0.0461 VRAM 23MB
Ep  450 | M0_PDR 0.557 | M1_PDR 0.388 | H_m0 2.16 H_m1 2.70 | a-0.1113 c1.6937 ent0.0456 VRAM 23MB
Ep  500 | M0_PDR 0.534 | M1_PDR 0.409 | H_m0 2.20 H_m1 2.69 | a-0.1118 c2.6790 ent0.0451 VRAM 23MB
Ep  550 | M0_PDR 0.480 | M1_PDR 0.477 | H_m0 2.40 H_m1 2.67 | a-0.1141 c1.7029 ent0.0446 VRAM 23MB
Ep  600 | M0_PDR 0.564 | M1_PDR 0.486 | H_m0 2.23 H_m1 2.67 | a-0.1087 c1.7483 ent0.0441 VRAM 23MB
Ep  650 | M0_PDR 0.538 | M1_PDR 0.423 | H_m0 2.00 H_m1 2.67 | a-0.1022 c1.9139 ent0.0436 VRAM 23MB
Ep  700 | M0_PDR 0.532 | M1_PDR 0.438 | H_m0 2.08 H_m1 2.68 | a-0.1038 c2.1346 ent0.0431 VRAM 23MB
Ep  750 | M0_PDR 0.542 | M1_PDR 0.417 | H_m0 2.20 H_m1 2.69 | a-0.1054 c1.5936 ent0.0426 VRAM 23MB
Ep  800 | M0_PDR 0.545 | M1_PDR 0.410 | H_m0 2.16 H_m1 2.68 | a-0.1046 c1.5988 ent0.0422 VRAM 23MB
Ep  850 | M0_PDR 0.587 | M1_PDR 0.454 | H_m0 2.24 H_m1 2.68 | a-0.1038 c1.9090 ent0.0417 VRAM 23MB
Ep  900 | M0_PDR 0.574 | M1_PDR 0.440 | H_m0 1.95 H_m1 2.69 | a-0.0966 c2.4230 ent0.0412 VRAM 23MB
Ep  950 | M0_PDR 0.559 | M1_PDR 0.416 | H_m0 1.74 H_m1 2.69 | a-0.0907 c1.7588 ent0.0407 VRAM 23MB
Ep 1000 | M0_PDR 0.590 | M1_PDR 0.395 | H_m0 1.73 H_m1 2.66 | a-0.0894 c1.3772 ent0.0402 VRAM 23MB
Ep 1050 | M0_PDR 0.535 | M1_PDR 0.429 | H_m0 1.83 H_m1 2.66 | a-0.0915 c2.0056 ent0.0397 VRAM 23MB
Ep 1100 | M0_PDR 0.616 | M1_PDR 0.460 | H_m0 1.59 H_m1 2.62 | a-0.0835 c1.7992 ent0.0392 VRAM 23MB
Ep 1150 | M0_PDR 0.734 | M1_PDR 0.416 | H_m0 0.82 H_m1 2.53 | a-0.0664 c1.5137 ent0.0387 VRAM 23MB
Ep 1200 | M0_PDR 0.768 | M1_PDR 0.435 | H_m0 0.55 H_m1 2.50 | a-0.0595 c1.6277 ent0.0382 VRAM 23MB
Ep 1250 | M0_PDR 0.851 | M1_PDR 0.467 | H_m0 0.23 H_m1 2.46 | a-0.0518 c1.4136 ent0.0377 VRAM 23MB
Ep 1300 | M0_PDR 0.852 | M1_PDR 0.436 | H_m0 0.09 H_m1 2.32 | a-0.0451 c1.1059 ent0.0373 VRAM 23MB
Ep 1350 | M0_PDR 0.899 | M1_PDR 0.434 | H_m0 0.05 H_m1 2.27 | a-0.0429 c0.8297 ent0.0368 VRAM 23MB
Ep 1400 | M0_PDR 0.879 | M1_PDR 0.505 | H_m0 0.02 H_m1 2.12 | a-0.0397 c0.8195 ent0.0363 VRAM 23MB
Ep 1450 | M0_PDR 0.873 | M1_PDR 0.449 | H_m0 0.01 H_m1 2.37 | a-0.0425 c0.7626 ent0.0358 VRAM 23MB
Ep 1500 | M0_PDR 0.897 | M1_PDR 0.437 | H_m0 0.01 H_m1 2.28 | a-0.0409 c1.0932 ent0.0353 VRAM 23MB
Ep 1550 | M0_PDR 0.905 | M1_PDR 0.465 | H_m0 0.01 H_m1 2.17 | a-0.0381 c1.0031 ent0.0348 VRAM 23MB
Ep 1600 | M0_PDR 0.852 | M1_PDR 0.496 | H_m0 0.01 H_m1 2.20 | a-0.0384 c0.9797 ent0.0343 VRAM 23MB
Ep 1650 | M0_PDR 0.875 | M1_PDR 0.492 | H_m0 0.01 H_m1 2.25 | a-0.0384 c1.1295 ent0.0338 VRAM 23MB
Ep 1700 | M0_PDR 0.869 | M1_PDR 0.503 | H_m0 0.01 H_m1 2.16 | a-0.0367 c0.8760 ent0.0333 VRAM 23MB
Ep 1750 | M0_PDR 0.871 | M1_PDR 0.502 | H_m0 0.01 H_m1 2.18 | a-0.0361 c1.0397 ent0.0328 VRAM 23MB
Ep 1800 | M0_PDR 0.899 | M1_PDR 0.475 | H_m0 0.00 H_m1 2.12 | a-0.0355 c0.7761 ent0.0324 VRAM 23MB
Ep 1850 | M0_PDR 0.878 | M1_PDR 0.468 | H_m0 0.00 H_m1 2.21 | a-0.0354 c0.7937 ent0.0319 VRAM 23MB
Ep 1900 | M0_PDR 0.849 | M1_PDR 0.453 | H_m0 0.00 H_m1 2.31 | a-0.0364 c1.1124 ent0.0314 VRAM 23MB
Ep 1950 | M0_PDR 0.859 | M1_PDR 0.448 | H_m0 0.00 H_m1 2.35 | a-0.0365 c1.1108 ent0.0309 VRAM 23MB
Ep 2000 | M0_PDR 0.844 | M1_PDR 0.435 | H_m0 0.00 H_m1 2.39 | a-0.0366 c1.3422 ent0.0304 VRAM 23MB
Ep 2050 | M0_PDR 0.873 | M1_PDR 0.441 | H_m0 0.01 H_m1 2.21 | a-0.0331 c1.3348 ent0.0299 VRAM 23MB
Ep 2100 | M0_PDR 0.873 | M1_PDR 0.492 | H_m0 0.00 H_m1 2.09 | a-0.0307 c0.9697 ent0.0294 VRAM 23MB
Ep 2150 | M0_PDR 0.886 | M1_PDR 0.491 | H_m0 0.00 H_m1 2.07 | a-0.0310 c0.8777 ent0.0289 VRAM 23MB
Ep 2200 | M0_PDR 0.846 | M1_PDR 0.448 | H_m0 0.00 H_m1 2.06 | a-0.0293 c1.0545 ent0.0284 VRAM 23MB
Ep 2250 | M0_PDR 0.872 | M1_PDR 0.526 | H_m0 0.00 H_m1 1.89 | a-0.0266 c0.8832 ent0.0279 VRAM 23MB
Ep 2300 | M0_PDR 0.839 | M1_PDR 0.485 | H_m0 0.00 H_m1 2.02 | a-0.0282 c0.8541 ent0.0275 VRAM 23MB
Ep 2350 | M0_PDR 0.849 | M1_PDR 0.493 | H_m0 0.00 H_m1 2.00 | a-0.0271 c1.1375 ent0.0270 VRAM 23MB
Ep 2400 | M0_PDR 0.885 | M1_PDR 0.495 | H_m0 0.00 H_m1 2.13 | a-0.0283 c1.4831 ent0.0265 VRAM 23MB
Ep 2450 | M0_PDR 0.871 | M1_PDR 0.471 | H_m0 0.00 H_m1 2.03 | a-0.0266 c1.3815 ent0.0260 VRAM 23MB
Ep 2500 | M0_PDR 0.867 | M1_PDR 0.512 | H_m0 0.00 H_m1 2.11 | a-0.0273 c0.9146 ent0.0255 VRAM 23MB
Ep 2550 | M0_PDR 0.880 | M1_PDR 0.506 | H_m0 0.00 H_m1 1.85 | a-0.0233 c0.8735 ent0.0250 VRAM 23MB
Ep 2600 | M0_PDR 0.881 | M1_PDR 0.476 | H_m0 0.00 H_m1 1.88 | a-0.0234 c0.9799 ent0.0245 VRAM 23MB
Ep 2650 | M0_PDR 0.823 | M1_PDR 0.562 | H_m0 0.00 H_m1 1.88 | a-0.0228 c1.1859 ent0.0240 VRAM 23MB
Ep 2700 | M0_PDR 0.831 | M1_PDR 0.483 | H_m0 0.00 H_m1 1.89 | a-0.0223 c1.3861 ent0.0235 VRAM 23MB
Ep 2750 | M0_PDR 0.880 | M1_PDR 0.510 | H_m0 0.00 H_m1 1.72 | a-0.0199 c0.8214 ent0.0230 VRAM 23MB
Ep 2800 | M0_PDR 0.864 | M1_PDR 0.533 | H_m0 0.00 H_m1 1.71 | a-0.0194 c1.1081 ent0.0226 VRAM 23MB
Ep 2850 | M0_PDR 0.905 | M1_PDR 0.504 | H_m0 0.00 H_m1 1.65 | a-0.0185 c0.9922 ent0.0221 VRAM 23MB
Ep 2900 | M0_PDR 0.873 | M1_PDR 0.524 | H_m0 0.00 H_m1 1.75 | a-0.0188 c0.7922 ent0.0216 VRAM 23MB
Ep 2950 | M0_PDR 0.839 | M1_PDR 0.545 | H_m0 0.00 H_m1 1.73 | a-0.0184 c1.0477 ent0.0211 VRAM 23MB
Ep 3000 | M0_PDR 0.901 | M1_PDR 0.490 | H_m0 0.00 H_m1 1.80 | a-0.0188 c0.6648 ent0.0206 VRAM 23MB
Ep 3050 | M0_PDR 0.858 | M1_PDR 0.524 | H_m0 0.00 H_m1 1.94 | a-0.0196 c0.9182 ent0.0201 VRAM 23MB
Ep 3100 | M0_PDR 0.845 | M1_PDR 0.518 | H_m0 0.00 H_m1 1.82 | a-0.0181 c1.3100 ent0.0196 VRAM 23MB
Ep 3150 | M0_PDR 0.896 | M1_PDR 0.509 | H_m0 0.00 H_m1 1.79 | a-0.0173 c0.9062 ent0.0191 VRAM 23MB
Ep 3200 | M0_PDR 0.880 | M1_PDR 0.515 | H_m0 0.00 H_m1 1.70 | a-0.0160 c1.0992 ent0.0186 VRAM 23MB
Ep 3250 | M0_PDR 0.898 | M1_PDR 0.520 | H_m0 0.00 H_m1 1.82 | a-0.0169 c0.8818 ent0.0181 VRAM 23MB
Ep 3300 | M0_PDR 0.851 | M1_PDR 0.512 | H_m0 0.00 H_m1 1.82 | a-0.0161 c0.8276 ent0.0177 VRAM 23MB
Ep 3350 | M0_PDR 0.865 | M1_PDR 0.514 | H_m0 0.00 H_m1 1.72 | a-0.0148 c1.0350 ent0.0172 VRAM 23MB
Ep 3400 | M0_PDR 0.890 | M1_PDR 0.540 | H_m0 0.00 H_m1 1.78 | a-0.0149 c0.8781 ent0.0167 VRAM 23MB
Ep 3450 | M0_PDR 0.903 | M1_PDR 0.498 | H_m0 0.00 H_m1 1.74 | a-0.0141 c0.6560 ent0.0162 VRAM 23MB
Ep 3500 | M0_PDR 0.888 | M1_PDR 0.492 | H_m0 0.00 H_m1 1.85 | a-0.0146 c0.8800 ent0.0157 VRAM 23MB
Ep 3550 | M0_PDR 0.866 | M1_PDR 0.509 | H_m0 0.00 H_m1 1.89 | a-0.0146 c1.1950 ent0.0152 VRAM 23MB
Ep 3600 | M0_PDR 0.867 | M1_PDR 0.527 | H_m0 0.00 H_m1 1.81 | a-0.0136 c1.0546 ent0.0147 VRAM 23MB
Ep 3650 | M0_PDR 0.880 | M1_PDR 0.506 | H_m0 0.00 H_m1 1.71 | a-0.0123 c0.8746 ent0.0142 VRAM 23MB
Ep 3700 | M0_PDR 0.863 | M1_PDR 0.552 | H_m0 0.00 H_m1 1.63 | a-0.0114 c0.9637 ent0.0137 VRAM 23MB
Ep 3750 | M0_PDR 0.906 | M1_PDR 0.490 | H_m0 0.00 H_m1 1.59 | a-0.0106 c1.0263 ent0.0132 VRAM 23MB
Ep 3800 | M0_PDR 0.894 | M1_PDR 0.510 | H_m0 0.00 H_m1 1.64 | a-0.0105 c0.6975 ent0.0128 VRAM 23MB
Ep 3850 | M0_PDR 0.889 | M1_PDR 0.536 | H_m0 0.00 H_m1 1.50 | a-0.0092 c1.0223 ent0.0123 VRAM 23MB
Ep 3900 | M0_PDR 0.916 | M1_PDR 0.487 | H_m0 0.00 H_m1 1.52 | a-0.0090 c0.7171 ent0.0118 VRAM 23MB
Ep 3950 | M0_PDR 0.907 | M1_PDR 0.486 | H_m0 0.00 H_m1 1.46 | a-0.0083 c0.7687 ent0.0113 VRAM 23MB
Ep 4000 | M0_PDR 0.883 | M1_PDR 0.555 | H_m0 0.00 H_m1 1.33 | a-0.0072 c1.1316 ent0.0108 VRAM 23MB
Ep 4050 | M0_PDR 0.911 | M1_PDR 0.520 | H_m0 0.00 H_m1 1.37 | a-0.0071 c0.7299 ent0.0103 VRAM 23MB
Ep 4100 | M0_PDR 0.912 | M1_PDR 0.492 | H_m0 0.00 H_m1 1.33 | a-0.0066 c0.7528 ent0.0098 VRAM 23MB
Ep 4150 | M0_PDR 0.894 | M1_PDR 0.524 | H_m0 0.00 H_m1 1.33 | a-0.0062 c0.6962 ent0.0093 VRAM 23MB
Ep 4200 | M0_PDR 0.903 | M1_PDR 0.510 | H_m0 0.00 H_m1 1.32 | a-0.0058 c1.1656 ent0.0088 VRAM 23MB
Ep 4250 | M0_PDR 0.906 | M1_PDR 0.513 | H_m0 0.00 H_m1 1.31 | a-0.0055 c0.8637 ent0.0083 VRAM 23MB
Ep 4300 | M0_PDR 0.893 | M1_PDR 0.522 | H_m0 0.00 H_m1 1.26 | a-0.0050 c0.8277 ent0.0079 VRAM 23MB
Ep 4350 | M0_PDR 0.908 | M1_PDR 0.523 | H_m0 0.00 H_m1 1.23 | a-0.0046 c0.7029 ent0.0074 VRAM 23MB
Ep 4400 | M0_PDR 0.927 | M1_PDR 0.490 | H_m0 0.00 H_m1 1.20 | a-0.0042 c0.7752 ent0.0069 VRAM 23MB
Ep 4450 | M0_PDR 0.909 | M1_PDR 0.522 | H_m0 0.00 H_m1 1.19 | a-0.0039 c0.6452 ent0.0064 VRAM 23MB
Ep 4500 | M0_PDR 0.913 | M1_PDR 0.495 | H_m0 0.00 H_m1 1.22 | a-0.0037 c0.8429 ent0.0059 VRAM 23MB
Ep 4550 | M0_PDR 0.910 | M1_PDR 0.487 | H_m0 0.00 H_m1 1.17 | a-0.0032 c0.8418 ent0.0054 VRAM 23MB
Ep 4600 | M0_PDR 0.921 | M1_PDR 0.473 | H_m0 0.00 H_m1 1.21 | a-0.0030 c0.8305 ent0.0049 VRAM 23MB
Ep 4650 | M0_PDR 0.900 | M1_PDR 0.511 | H_m0 0.00 H_m1 1.14 | a-0.0026 c0.7403 ent0.0044 VRAM 23MB
Ep 4700 | M0_PDR 0.915 | M1_PDR 0.496 | H_m0 0.00 H_m1 1.14 | a-0.0023 c0.7938 ent0.0039 VRAM 23MB
Ep 4750 | M0_PDR 0.905 | M1_PDR 0.540 | H_m0 0.00 H_m1 1.07 | a-0.0019 c0.8460 ent0.0034 VRAM 23MB
Ep 4800 | M0_PDR 0.884 | M1_PDR 0.522 | H_m0 0.00 H_m1 1.07 | a-0.0016 c0.9432 ent0.0030 VRAM 23MB
Ep 4850 | M0_PDR 0.900 | M1_PDR 0.548 | H_m0 0.00 H_m1 1.05 | a-0.0013 c1.0129 ent0.0025 VRAM 23MB
Ep 4900 | M0_PDR 0.914 | M1_PDR 0.538 | H_m0 0.00 H_m1 1.05 | a-0.0011 c0.5923 ent0.0020 VRAM 23MB
Ep 4950 | M0_PDR 0.895 | M1_PDR 0.527 | H_m0 0.00 H_m1 1.07 | a-0.0008 c0.7119 ent0.0015 VRAM 23MB

Training complete. Running 100 eval episodes...

  Eval ep   0: M0_PDR=0.879  M1_PDR=0.525
  Eval ep  20: M0_PDR=0.899  M1_PDR=0.530
  Eval ep  40: M0_PDR=0.913  M1_PDR=0.558
  Eval ep  60: M0_PDR=0.902  M1_PDR=0.540
  Eval ep  80: M0_PDR=0.918  M1_PDR=0.521

=== Eval Summary (100 episodes) ===
  M0_PDR_mean         : 0.8985
  M0_PDR_p05 (across) : 0.8763
  M0_PDR_p05 (intra)  : 0.5000
  M1_PDR_mean         : 0.5346
  M0_SINR_mean (dB)   : 39.66
  M1_SINR_mean (dB)   : -3.11
  M0_collision_rate   : 0.170
  M0_collision_within_pool : 0.000
  M1_collision_within_pool : 0.692

Result saved -> results/_B_M3_seed2_5000ep.json
  N=4  rho=1.33  M0_PDR=0.899  M1_PDR=0.535
[NS3Bridge] Shutdown complete.
Run complete.
