[seed] all RNGs seeded with 1
GPU : NVIDIA GeForce RTX 3060
VRAM: 12.9 GB
Device          : cuda:0
Actor M0 params : 19,727
Actor M1 params : 19,727
Critic params   : 76,801
obs_dim=9  action_dim=15  gs_dim=39
M0 count: 2  M1 count: 2
Training for 5000 episodes (Config B_M3_seed1_5000ep, N=4)...

[NS3Bridge] Connected tcp://localhost:6676
Ep    0 | M0_PDR 0.492 | M1_PDR 0.475 | H_m0 2.70 H_m1 2.70 | a-0.1394 c21.9984 ent0.0500 VRAM 23MB
Ep   50 | M0_PDR 0.515 | M1_PDR 0.460 | H_m0 2.67 H_m1 2.69 | a-0.1350 c9.4742 ent0.0495 VRAM 23MB
Ep  100 | M0_PDR 0.499 | M1_PDR 0.454 | H_m0 2.49 H_m1 2.69 | a-0.1280 c5.5723 ent0.0490 VRAM 23MB
Ep  150 | M0_PDR 0.519 | M1_PDR 0.457 | H_m0 2.57 H_m1 2.69 | a-0.1280 c4.8676 ent0.0485 VRAM 23MB
Ep  200 | M0_PDR 0.522 | M1_PDR 0.388 | H_m0 2.42 H_m1 2.70 | a-0.1263 c3.3139 ent0.0480 VRAM 23MB
Ep  250 | M0_PDR 0.548 | M1_PDR 0.439 | H_m0 2.38 H_m1 2.70 | a-0.1220 c2.5851 ent0.0475 VRAM 23MB
Ep  300 | M0_PDR 0.577 | M1_PDR 0.425 | H_m0 2.04 H_m1 2.70 | a-0.1118 c2.3495 ent0.0471 VRAM 23MB
Ep  350 | M0_PDR 0.553 | M1_PDR 0.383 | H_m0 2.08 H_m1 2.68 | a-0.1133 c2.3176 ent0.0466 VRAM 23MB
Ep  400 | M0_PDR 0.553 | M1_PDR 0.450 | H_m0 2.00 H_m1 2.69 | a-0.1078 c2.5299 ent0.0461 VRAM 23MB
Ep  450 | M0_PDR 0.557 | M1_PDR 0.400 | H_m0 2.15 H_m1 2.69 | a-0.1126 c2.1044 ent0.0456 VRAM 23MB
Ep  500 | M0_PDR 0.568 | M1_PDR 0.429 | H_m0 1.87 H_m1 2.69 | a-0.1039 c1.9778 ent0.0451 VRAM 23MB
Ep  550 | M0_PDR 0.537 | M1_PDR 0.441 | H_m0 2.00 H_m1 2.67 | a-0.1045 c1.5579 ent0.0446 VRAM 23MB
Ep  600 | M0_PDR 0.558 | M1_PDR 0.463 | H_m0 2.18 H_m1 2.65 | a-0.1072 c2.0290 ent0.0441 VRAM 23MB
Ep  650 | M0_PDR 0.553 | M1_PDR 0.429 | H_m0 2.04 H_m1 2.67 | a-0.1033 c2.0429 ent0.0436 VRAM 23MB
Ep  700 | M0_PDR 0.514 | M1_PDR 0.419 | H_m0 2.09 H_m1 2.68 | a-0.1038 c1.6763 ent0.0431 VRAM 23MB
Ep  750 | M0_PDR 0.598 | M1_PDR 0.433 | H_m0 1.96 H_m1 2.65 | a-0.1004 c1.8689 ent0.0426 VRAM 23MB
Ep  800 | M0_PDR 0.549 | M1_PDR 0.443 | H_m0 1.99 H_m1 2.58 | a-0.0980 c2.4500 ent0.0422 VRAM 23MB
Ep  850 | M0_PDR 0.522 | M1_PDR 0.441 | H_m0 1.89 H_m1 2.60 | a-0.0946 c2.4390 ent0.0417 VRAM 23MB
Ep  900 | M0_PDR 0.643 | M1_PDR 0.390 | H_m0 1.55 H_m1 2.65 | a-0.0869 c2.2446 ent0.0412 VRAM 23MB
Ep  950 | M0_PDR 0.740 | M1_PDR 0.409 | H_m0 0.49 H_m1 2.62 | a-0.0646 c2.7057 ent0.0407 VRAM 23MB
Ep 1000 | M0_PDR 0.880 | M1_PDR 0.406 | H_m0 0.17 H_m1 2.27 | a-0.0498 c1.4363 ent0.0402 VRAM 23MB
Ep 1050 | M0_PDR 0.895 | M1_PDR 0.451 | H_m0 0.22 H_m1 2.16 | a-0.0475 c1.2017 ent0.0397 VRAM 23MB
Ep 1100 | M0_PDR 0.919 | M1_PDR 0.432 | H_m0 0.54 H_m1 2.15 | a-0.0540 c1.1263 ent0.0392 VRAM 23MB
Ep 1150 | M0_PDR 0.877 | M1_PDR 0.456 | H_m0 0.51 H_m1 2.30 | a-0.0563 c0.8636 ent0.0387 VRAM 23MB
Ep 1200 | M0_PDR 0.872 | M1_PDR 0.445 | H_m0 0.52 H_m1 2.41 | a-0.0574 c0.8152 ent0.0382 VRAM 23MB
Ep 1250 | M0_PDR 0.884 | M1_PDR 0.456 | H_m0 0.67 H_m1 2.34 | a-0.0585 c1.0975 ent0.0377 VRAM 23MB
Ep 1300 | M0_PDR 0.864 | M1_PDR 0.422 | H_m0 0.41 H_m1 2.41 | a-0.0538 c1.4257 ent0.0373 VRAM 23MB
Ep 1350 | M0_PDR 0.933 | M1_PDR 0.453 | H_m0 0.56 H_m1 2.34 | a-0.0542 c0.7614 ent0.0368 VRAM 23MB
Ep 1400 | M0_PDR 0.869 | M1_PDR 0.479 | H_m0 0.56 H_m1 2.25 | a-0.0522 c0.9790 ent0.0363 VRAM 23MB
Ep 1450 | M0_PDR 0.848 | M1_PDR 0.449 | H_m0 0.54 H_m1 2.41 | a-0.0542 c1.4007 ent0.0358 VRAM 23MB
Ep 1500 | M0_PDR 0.885 | M1_PDR 0.466 | H_m0 0.45 H_m1 2.30 | a-0.0494 c0.9430 ent0.0353 VRAM 23MB
Ep 1550 | M0_PDR 0.913 | M1_PDR 0.457 | H_m0 0.52 H_m1 2.19 | a-0.0484 c0.8111 ent0.0348 VRAM 23MB
Ep 1600 | M0_PDR 0.867 | M1_PDR 0.465 | H_m0 0.60 H_m1 2.31 | a-0.0501 c1.0976 ent0.0343 VRAM 23MB
Ep 1650 | M0_PDR 0.884 | M1_PDR 0.471 | H_m0 0.62 H_m1 2.18 | a-0.0480 c0.9765 ent0.0338 VRAM 23MB
Ep 1700 | M0_PDR 0.879 | M1_PDR 0.499 | H_m0 0.59 H_m1 2.16 | a-0.0470 c1.2562 ent0.0333 VRAM 23MB
Ep 1750 | M0_PDR 0.839 | M1_PDR 0.504 | H_m0 0.62 H_m1 2.34 | a-0.0494 c1.0403 ent0.0328 VRAM 23MB
Ep 1800 | M0_PDR 0.872 | M1_PDR 0.514 | H_m0 0.63 H_m1 2.21 | a-0.0469 c1.0969 ent0.0324 VRAM 23MB
Ep 1850 | M0_PDR 0.843 | M1_PDR 0.484 | H_m0 0.44 H_m1 2.33 | a-0.0435 c1.0353 ent0.0319 VRAM 23MB
Ep 1900 | M0_PDR 0.863 | M1_PDR 0.456 | H_m0 0.47 H_m1 2.42 | a-0.0462 c1.2246 ent0.0314 VRAM 23MB
Ep 1950 | M0_PDR 0.864 | M1_PDR 0.471 | H_m0 0.50 H_m1 2.34 | a-0.0448 c1.2243 ent0.0309 VRAM 23MB
Ep 2000 | M0_PDR 0.844 | M1_PDR 0.478 | H_m0 0.52 H_m1 2.41 | a-0.0453 c0.8581 ent0.0304 VRAM 23MB
Ep 2050 | M0_PDR 0.868 | M1_PDR 0.480 | H_m0 0.53 H_m1 2.23 | a-0.0415 c1.3401 ent0.0299 VRAM 23MB
Ep 2100 | M0_PDR 0.861 | M1_PDR 0.499 | H_m0 0.53 H_m1 2.23 | a-0.0419 c1.2922 ent0.0294 VRAM 23MB
Ep 2150 | M0_PDR 0.887 | M1_PDR 0.475 | H_m0 0.56 H_m1 2.22 | a-0.0407 c0.9868 ent0.0289 VRAM 23MB
Ep 2200 | M0_PDR 0.897 | M1_PDR 0.487 | H_m0 0.51 H_m1 2.21 | a-0.0397 c0.8390 ent0.0284 VRAM 23MB
Ep 2250 | M0_PDR 0.858 | M1_PDR 0.494 | H_m0 0.47 H_m1 2.26 | a-0.0389 c1.3092 ent0.0279 VRAM 23MB
Ep 2300 | M0_PDR 0.876 | M1_PDR 0.480 | H_m0 0.53 H_m1 2.21 | a-0.0383 c1.3617 ent0.0275 VRAM 23MB
Ep 2350 | M0_PDR 0.878 | M1_PDR 0.476 | H_m0 0.61 H_m1 2.21 | a-0.0389 c1.0008 ent0.0270 VRAM 23MB
Ep 2400 | M0_PDR 0.877 | M1_PDR 0.470 | H_m0 0.62 H_m1 2.10 | a-0.0367 c0.8166 ent0.0265 VRAM 23MB
Ep 2450 | M0_PDR 0.895 | M1_PDR 0.518 | H_m0 0.61 H_m1 2.00 | a-0.0348 c0.8003 ent0.0260 VRAM 23MB
Ep 2500 | M0_PDR 0.889 | M1_PDR 0.488 | H_m0 0.64 H_m1 2.07 | a-0.0354 c0.8153 ent0.0255 VRAM 23MB
Ep 2550 | M0_PDR 0.855 | M1_PDR 0.463 | H_m0 0.61 H_m1 2.11 | a-0.0346 c1.1633 ent0.0250 VRAM 23MB
Ep 2600 | M0_PDR 0.885 | M1_PDR 0.506 | H_m0 0.53 H_m1 2.01 | a-0.0317 c1.0246 ent0.0245 VRAM 23MB
Ep 2650 | M0_PDR 0.837 | M1_PDR 0.480 | H_m0 0.59 H_m1 2.08 | a-0.0333 c1.1436 ent0.0240 VRAM 23MB
Ep 2700 | M0_PDR 0.891 | M1_PDR 0.475 | H_m0 0.58 H_m1 1.97 | a-0.0312 c0.8880 ent0.0235 VRAM 23MB
Ep 2750 | M0_PDR 0.854 | M1_PDR 0.478 | H_m0 0.57 H_m1 2.08 | a-0.0308 c1.0318 ent0.0230 VRAM 23MB
Ep 2800 | M0_PDR 0.870 | M1_PDR 0.455 | H_m0 0.60 H_m1 2.00 | a-0.0298 c1.2386 ent0.0226 VRAM 23MB
Ep 2850 | M0_PDR 0.847 | M1_PDR 0.496 | H_m0 0.63 H_m1 2.07 | a-0.0299 c1.2757 ent0.0221 VRAM 23MB
Ep 2900 | M0_PDR 0.854 | M1_PDR 0.477 | H_m0 0.60 H_m1 2.20 | a-0.0305 c1.1673 ent0.0216 VRAM 23MB
Ep 2950 | M0_PDR 0.880 | M1_PDR 0.482 | H_m0 0.51 H_m1 2.18 | a-0.0284 c0.9989 ent0.0211 VRAM 23MB
Ep 3000 | M0_PDR 0.857 | M1_PDR 0.499 | H_m0 0.63 H_m1 2.04 | a-0.0278 c0.9662 ent0.0206 VRAM 23MB
Ep 3050 | M0_PDR 0.850 | M1_PDR 0.505 | H_m0 0.56 H_m1 2.00 | a-0.0261 c1.3102 ent0.0201 VRAM 23MB
Ep 3100 | M0_PDR 0.873 | M1_PDR 0.501 | H_m0 0.58 H_m1 1.95 | a-0.0251 c1.0794 ent0.0196 VRAM 23MB
Ep 3150 | M0_PDR 0.902 | M1_PDR 0.517 | H_m0 0.59 H_m1 1.83 | a-0.0234 c0.7265 ent0.0191 VRAM 23MB
Ep 3200 | M0_PDR 0.870 | M1_PDR 0.509 | H_m0 0.59 H_m1 1.84 | a-0.0228 c1.0524 ent0.0186 VRAM 23MB
Ep 3250 | M0_PDR 0.870 | M1_PDR 0.531 | H_m0 0.60 H_m1 1.86 | a-0.0226 c1.2139 ent0.0181 VRAM 23MB
Ep 3300 | M0_PDR 0.874 | M1_PDR 0.470 | H_m0 0.56 H_m1 1.87 | a-0.0221 c0.9222 ent0.0177 VRAM 23MB
Ep 3350 | M0_PDR 0.902 | M1_PDR 0.475 | H_m0 0.60 H_m1 1.89 | a-0.0219 c0.8970 ent0.0172 VRAM 23MB
Ep 3400 | M0_PDR 0.860 | M1_PDR 0.466 | H_m0 0.58 H_m1 2.02 | a-0.0222 c0.9227 ent0.0167 VRAM 23MB
Ep 3450 | M0_PDR 0.869 | M1_PDR 0.475 | H_m0 0.59 H_m1 1.95 | a-0.0206 c1.0697 ent0.0162 VRAM 23MB
Ep 3500 | M0_PDR 0.874 | M1_PDR 0.511 | H_m0 0.61 H_m1 1.88 | a-0.0194 c0.9798 ent0.0157 VRAM 23MB
Ep 3550 | M0_PDR 0.896 | M1_PDR 0.479 | H_m0 0.56 H_m1 1.83 | a-0.0188 c1.0930 ent0.0152 VRAM 23MB
Ep 3600 | M0_PDR 0.893 | M1_PDR 0.474 | H_m0 0.59 H_m1 1.73 | a-0.0170 c1.0071 ent0.0147 VRAM 23MB
Ep 3650 | M0_PDR 0.890 | M1_PDR 0.525 | H_m0 0.58 H_m1 1.77 | a-0.0168 c0.7773 ent0.0142 VRAM 23MB
Ep 3700 | M0_PDR 0.889 | M1_PDR 0.481 | H_m0 0.59 H_m1 1.78 | a-0.0165 c0.9878 ent0.0137 VRAM 23MB
Ep 3750 | M0_PDR 0.885 | M1_PDR 0.482 | H_m0 0.61 H_m1 1.82 | a-0.0162 c0.7276 ent0.0132 VRAM 23MB
Ep 3800 | M0_PDR 0.906 | M1_PDR 0.464 | H_m0 0.59 H_m1 1.69 | a-0.0146 c0.6013 ent0.0128 VRAM 23MB
Ep 3850 | M0_PDR 0.915 | M1_PDR 0.439 | H_m0 0.60 H_m1 1.67 | a-0.0141 c0.8606 ent0.0123 VRAM 23MB
Ep 3900 | M0_PDR 0.918 | M1_PDR 0.464 | H_m0 0.61 H_m1 1.63 | a-0.0135 c0.7476 ent0.0118 VRAM 23MB
Ep 3950 | M0_PDR 0.879 | M1_PDR 0.500 | H_m0 0.62 H_m1 1.53 | a-0.0122 c1.0997 ent0.0113 VRAM 23MB
Ep 4000 | M0_PDR 0.909 | M1_PDR 0.469 | H_m0 0.58 H_m1 1.53 | a-0.0116 c0.6402 ent0.0108 VRAM 23MB
Ep 4050 | M0_PDR 0.885 | M1_PDR 0.476 | H_m0 0.56 H_m1 1.50 | a-0.0106 c0.8942 ent0.0103 VRAM 23MB
Ep 4100 | M0_PDR 0.894 | M1_PDR 0.493 | H_m0 0.55 H_m1 1.50 | a-0.0101 c0.9154 ent0.0098 VRAM 23MB
Ep 4150 | M0_PDR 0.895 | M1_PDR 0.515 | H_m0 0.53 H_m1 1.46 | a-0.0093 c0.7368 ent0.0093 VRAM 23MB
Ep 4200 | M0_PDR 0.901 | M1_PDR 0.464 | H_m0 0.51 H_m1 1.40 | a-0.0085 c0.7137 ent0.0088 VRAM 23MB
Ep 4250 | M0_PDR 0.919 | M1_PDR 0.478 | H_m0 0.52 H_m1 1.33 | a-0.0078 c0.5918 ent0.0083 VRAM 23MB
Ep 4300 | M0_PDR 0.926 | M1_PDR 0.462 | H_m0 0.53 H_m1 1.28 | a-0.0072 c0.8088 ent0.0079 VRAM 23MB
Ep 4350 | M0_PDR 0.913 | M1_PDR 0.455 | H_m0 0.53 H_m1 1.29 | a-0.0069 c0.7482 ent0.0074 VRAM 23MB
Ep 4400 | M0_PDR 0.936 | M1_PDR 0.451 | H_m0 0.52 H_m1 1.25 | a-0.0060 c0.7162 ent0.0069 VRAM 23MB
Ep 4450 | M0_PDR 0.906 | M1_PDR 0.433 | H_m0 0.53 H_m1 1.30 | a-0.0058 c0.9524 ent0.0064 VRAM 23MB
Ep 4500 | M0_PDR 0.914 | M1_PDR 0.502 | H_m0 0.54 H_m1 1.30 | a-0.0055 c0.6473 ent0.0059 VRAM 23MB
Ep 4550 | M0_PDR 0.909 | M1_PDR 0.461 | H_m0 0.54 H_m1 1.27 | a-0.0049 c0.8492 ent0.0054 VRAM 23MB
Ep 4600 | M0_PDR 0.891 | M1_PDR 0.494 | H_m0 0.54 H_m1 1.29 | a-0.0046 c0.9587 ent0.0049 VRAM 23MB
Ep 4650 | M0_PDR 0.889 | M1_PDR 0.464 | H_m0 0.55 H_m1 1.28 | a-0.0041 c0.8048 ent0.0044 VRAM 23MB
Ep 4700 | M0_PDR 0.905 | M1_PDR 0.461 | H_m0 0.55 H_m1 1.20 | a-0.0035 c0.9117 ent0.0039 VRAM 23MB
Ep 4750 | M0_PDR 0.920 | M1_PDR 0.445 | H_m0 0.55 H_m1 1.15 | a-0.0030 c0.7456 ent0.0034 VRAM 23MB
Ep 4800 | M0_PDR 0.880 | M1_PDR 0.525 | H_m0 0.54 H_m1 1.28 | a-0.0028 c1.2167 ent0.0030 VRAM 23MB
Ep 4850 | M0_PDR 0.906 | M1_PDR 0.462 | H_m0 0.54 H_m1 1.18 | a-0.0023 c0.8479 ent0.0025 VRAM 23MB
Error: tcpip::Socket::accept() Unable to create listening socket: Address already in use
Quitting (on error).
Ep 4900 | M0_PDR 0.897 | M1_PDR 0.491 | H_m0 0.53 H_m1 1.18 | a-0.0018 c0.8453 ent0.0020 VRAM 23MB
Ep 4950 | M0_PDR 0.910 | M1_PDR 0.483 | H_m0 0.53 H_m1 1.16 | a-0.0013 c0.9078 ent0.0015 VRAM 23MB

Training complete. Running 100 eval episodes...

  Eval ep   0: M0_PDR=0.891  M1_PDR=0.499
  Eval ep  20: M0_PDR=0.896  M1_PDR=0.513
  Eval ep  40: M0_PDR=0.875  M1_PDR=0.495
  Eval ep  60: M0_PDR=0.911  M1_PDR=0.485
  Eval ep  80: M0_PDR=0.922  M1_PDR=0.483

=== Eval Summary (100 episodes) ===
  M0_PDR_mean         : 0.9062
  M0_PDR_p05 (across) : 0.8794
  M0_PDR_p05 (intra)  : 0.5000
  M1_PDR_mean         : 0.4834
  M0_SINR_mean (dB)   : 38.57
  M1_SINR_mean (dB)   : -5.45
  M0_collision_rate   : 0.144
  M0_collision_within_pool : 0.000
  M1_collision_within_pool : 0.730

Result saved -> results/_B_M3_seed1_5000ep.json
  N=4  rho=1.33  M0_PDR=0.906  M1_PDR=0.483
[NS3Bridge] Shutdown complete.
Run complete.
