[seed] all RNGs seeded with 2
GPU : NVIDIA GeForce RTX 3060
VRAM: 12.9 GB
Device          : cuda:0
Actor M0 params : 20,500
Actor M1 params : 20,500
Critic params   : 78,081
obs_dim=10  action_dim=20  gs_dim=44
M0 count: 2  M1 count: 2
Training for 5000 episodes (Config B_M4_seed2_5000ep, N=4)...

[NS3Bridge] Connected tcp://localhost:6806
Ep    0 | M0_PDR 0.559 | M1_PDR 0.566 | H_m0 2.99 H_m1 2.99 | a-0.1541 c31.0585 ent0.0500 VRAM 23MB
Ep   50 | M0_PDR 0.626 | M1_PDR 0.564 | H_m0 2.95 H_m1 2.98 | a-0.1485 c16.9190 ent0.0495 VRAM 23MB
Ep  100 | M0_PDR 0.602 | M1_PDR 0.566 | H_m0 2.92 H_m1 2.97 | a-0.1454 c9.4605 ent0.0490 VRAM 23MB
Ep  150 | M0_PDR 0.604 | M1_PDR 0.632 | H_m0 2.87 H_m1 2.98 | a-0.1432 c5.2386 ent0.0485 VRAM 23MB
Ep  200 | M0_PDR 0.631 | M1_PDR 0.586 | H_m0 2.80 H_m1 2.97 | a-0.1395 c3.7820 ent0.0480 VRAM 23MB
Ep  250 | M0_PDR 0.697 | M1_PDR 0.575 | H_m0 2.70 H_m1 2.99 | a-0.1359 c3.2118 ent0.0475 VRAM 23MB
Ep  300 | M0_PDR 0.660 | M1_PDR 0.555 | H_m0 2.40 H_m1 2.96 | a-0.1281 c1.8018 ent0.0471 VRAM 23MB
Ep  350 | M0_PDR 0.607 | M1_PDR 0.567 | H_m0 2.64 H_m1 2.97 | a-0.1316 c3.2294 ent0.0466 VRAM 23MB
Ep  400 | M0_PDR 0.675 | M1_PDR 0.536 | H_m0 2.44 H_m1 2.99 | a-0.1268 c2.1307 ent0.0461 VRAM 23MB
Ep  450 | M0_PDR 0.612 | M1_PDR 0.563 | H_m0 2.66 H_m1 2.99 | a-0.1302 c2.3340 ent0.0456 VRAM 23MB
Ep  500 | M0_PDR 0.660 | M1_PDR 0.507 | H_m0 2.30 H_m1 2.99 | a-0.1215 c2.3457 ent0.0451 VRAM 23MB
Ep  550 | M0_PDR 0.635 | M1_PDR 0.539 | H_m0 2.32 H_m1 2.97 | a-0.1194 c2.5589 ent0.0446 VRAM 23MB
Ep  600 | M0_PDR 0.644 | M1_PDR 0.532 | H_m0 2.39 H_m1 2.97 | a-0.1189 c2.4261 ent0.0441 VRAM 23MB
Ep  650 | M0_PDR 0.681 | M1_PDR 0.529 | H_m0 2.54 H_m1 2.97 | a-0.1218 c1.9626 ent0.0436 VRAM 23MB
Ep  700 | M0_PDR 0.677 | M1_PDR 0.572 | H_m0 2.41 H_m1 2.97 | a-0.1170 c2.3890 ent0.0431 VRAM 23MB
Ep  750 | M0_PDR 0.677 | M1_PDR 0.592 | H_m0 2.53 H_m1 2.98 | a-0.1182 c1.5514 ent0.0426 VRAM 23MB
Ep  800 | M0_PDR 0.637 | M1_PDR 0.602 | H_m0 2.39 H_m1 2.94 | a-0.1140 c1.6392 ent0.0422 VRAM 23MB
Ep  850 | M0_PDR 0.641 | M1_PDR 0.609 | H_m0 2.51 H_m1 2.94 | a-0.1139 c2.4014 ent0.0417 VRAM 23MB
Ep  900 | M0_PDR 0.644 | M1_PDR 0.593 | H_m0 2.46 H_m1 2.96 | a-0.1132 c2.9589 ent0.0412 VRAM 23MB
Ep  950 | M0_PDR 0.661 | M1_PDR 0.581 | H_m0 2.31 H_m1 2.93 | a-0.1085 c1.5740 ent0.0407 VRAM 23MB
Ep 1000 | M0_PDR 0.648 | M1_PDR 0.557 | H_m0 2.49 H_m1 2.95 | a-0.1103 c2.3322 ent0.0402 VRAM 23MB
Ep 1050 | M0_PDR 0.616 | M1_PDR 0.601 | H_m0 2.60 H_m1 2.95 | a-0.1110 c2.3812 ent0.0397 VRAM 23MB
Ep 1100 | M0_PDR 0.667 | M1_PDR 0.579 | H_m0 2.32 H_m1 2.92 | a-0.1033 c2.0518 ent0.0392 VRAM 23MB
Ep 1150 | M0_PDR 0.620 | M1_PDR 0.595 | H_m0 2.21 H_m1 2.94 | a-0.1007 c1.9465 ent0.0387 VRAM 23MB
Ep 1200 | M0_PDR 0.627 | M1_PDR 0.514 | H_m0 2.36 H_m1 2.92 | a-0.1027 c1.8001 ent0.0382 VRAM 23MB
Ep 1250 | M0_PDR 0.670 | M1_PDR 0.591 | H_m0 2.35 H_m1 2.96 | a-0.1016 c2.6722 ent0.0377 VRAM 23MB
Ep 1300 | M0_PDR 0.596 | M1_PDR 0.548 | H_m0 2.36 H_m1 2.93 | a-0.0995 c2.2087 ent0.0373 VRAM 23MB
Ep 1350 | M0_PDR 0.659 | M1_PDR 0.531 | H_m0 2.34 H_m1 2.93 | a-0.0979 c1.6359 ent0.0368 VRAM 23MB
Ep 1400 | M0_PDR 0.663 | M1_PDR 0.545 | H_m0 2.09 H_m1 2.91 | a-0.0915 c1.8569 ent0.0363 VRAM 23MB
Ep 1450 | M0_PDR 0.657 | M1_PDR 0.537 | H_m0 2.41 H_m1 2.92 | a-0.0957 c2.9761 ent0.0358 VRAM 23MB
Ep 1500 | M0_PDR 0.681 | M1_PDR 0.514 | H_m0 2.23 H_m1 2.91 | a-0.0923 c2.5016 ent0.0353 VRAM 23MB
Ep 1550 | M0_PDR 0.690 | M1_PDR 0.550 | H_m0 1.82 H_m1 2.91 | a-0.0843 c2.4934 ent0.0348 VRAM 23MB
Ep 1600 | M0_PDR 0.794 | M1_PDR 0.476 | H_m0 1.10 H_m1 2.91 | a-0.0695 c1.5221 ent0.0343 VRAM 23MB
Ep 1650 | M0_PDR 0.878 | M1_PDR 0.611 | H_m0 0.43 H_m1 2.79 | a-0.0551 c1.6280 ent0.0338 VRAM 23MB
Ep 1700 | M0_PDR 0.926 | M1_PDR 0.610 | H_m0 0.16 H_m1 2.50 | a-0.0468 c0.9062 ent0.0333 VRAM 23MB
Ep 1750 | M0_PDR 0.972 | M1_PDR 0.636 | H_m0 0.03 H_m1 2.45 | a-0.0409 c0.7552 ent0.0328 VRAM 23MB
Ep 1800 | M0_PDR 0.947 | M1_PDR 0.623 | H_m0 0.02 H_m1 2.50 | a-0.0409 c0.8459 ent0.0324 VRAM 23MB
Ep 1850 | M0_PDR 0.949 | M1_PDR 0.620 | H_m0 0.01 H_m1 2.31 | a-0.0380 c0.9313 ent0.0319 VRAM 23MB
Error: tcpip::Socket::accept() Unable to create listening socket: Address already in use
Quitting (on error).
Ep 1900 | M0_PDR 0.957 | M1_PDR 0.676 | H_m0 0.01 H_m1 2.32 | a-0.0369 c0.6325 ent0.0314 VRAM 23MB
Ep 1950 | M0_PDR 0.934 | M1_PDR 0.641 | H_m0 0.01 H_m1 2.43 | a-0.0379 c0.8543 ent0.0309 VRAM 23MB
Ep 2000 | M0_PDR 0.951 | M1_PDR 0.646 | H_m0 0.01 H_m1 2.24 | a-0.0349 c1.1410 ent0.0304 VRAM 23MB
Ep 2050 | M0_PDR 0.970 | M1_PDR 0.628 | H_m0 0.00 H_m1 2.27 | a-0.0348 c0.5889 ent0.0299 VRAM 23MB
Ep 2100 | M0_PDR 0.976 | M1_PDR 0.657 | H_m0 0.00 H_m1 2.24 | a-0.0329 c0.5828 ent0.0294 VRAM 23MB
Ep 2150 | M0_PDR 0.966 | M1_PDR 0.658 | H_m0 0.00 H_m1 2.29 | a-0.0334 c0.5711 ent0.0289 VRAM 23MB
Ep 2200 | M0_PDR 0.968 | M1_PDR 0.639 | H_m0 0.00 H_m1 2.29 | a-0.0333 c0.7631 ent0.0284 VRAM 23MB
Ep 2250 | M0_PDR 0.988 | M1_PDR 0.626 | H_m0 0.00 H_m1 2.25 | a-0.0317 c0.5320 ent0.0279 VRAM 23MB
Ep 2300 | M0_PDR 0.959 | M1_PDR 0.615 | H_m0 0.00 H_m1 2.37 | a-0.0328 c0.7533 ent0.0275 VRAM 23MB
Ep 2350 | M0_PDR 0.961 | M1_PDR 0.664 | H_m0 0.00 H_m1 2.36 | a-0.0321 c0.6800 ent0.0270 VRAM 23MB
Ep 2400 | M0_PDR 0.971 | M1_PDR 0.647 | H_m0 0.00 H_m1 2.37 | a-0.0320 c0.7163 ent0.0265 VRAM 23MB
Ep 2450 | M0_PDR 0.968 | M1_PDR 0.622 | H_m0 0.00 H_m1 2.39 | a-0.0316 c0.6257 ent0.0260 VRAM 23MB
Ep 2500 | M0_PDR 0.972 | M1_PDR 0.639 | H_m0 0.00 H_m1 2.35 | a-0.0306 c0.5660 ent0.0255 VRAM 23MB
Ep 2550 | M0_PDR 0.963 | M1_PDR 0.706 | H_m0 0.00 H_m1 2.13 | a-0.0269 c0.7701 ent0.0250 VRAM 23MB
Ep 2600 | M0_PDR 0.980 | M1_PDR 0.697 | H_m0 0.00 H_m1 2.02 | a-0.0249 c0.5236 ent0.0245 VRAM 23MB
Ep 2650 | M0_PDR 0.969 | M1_PDR 0.659 | H_m0 0.00 H_m1 2.12 | a-0.0258 c0.5038 ent0.0240 VRAM 23MB
Ep 2700 | M0_PDR 0.955 | M1_PDR 0.627 | H_m0 0.00 H_m1 2.24 | a-0.0270 c0.6335 ent0.0235 VRAM 23MB
Ep 2750 | M0_PDR 0.950 | M1_PDR 0.626 | H_m0 0.00 H_m1 2.20 | a-0.0255 c0.8146 ent0.0230 VRAM 23MB
Ep 2800 | M0_PDR 0.981 | M1_PDR 0.733 | H_m0 0.00 H_m1 1.97 | a-0.0230 c0.7086 ent0.0226 VRAM 23MB
Ep 2850 | M0_PDR 0.966 | M1_PDR 0.684 | H_m0 0.00 H_m1 2.19 | a-0.0245 c0.6788 ent0.0221 VRAM 23MB
Ep 2900 | M0_PDR 0.980 | M1_PDR 0.685 | H_m0 0.00 H_m1 1.96 | a-0.0212 c0.4951 ent0.0216 VRAM 23MB
Ep 2950 | M0_PDR 0.970 | M1_PDR 0.657 | H_m0 0.00 H_m1 2.09 | a-0.0221 c0.7228 ent0.0211 VRAM 23MB
Ep 3000 | M0_PDR 0.980 | M1_PDR 0.705 | H_m0 0.00 H_m1 1.99 | a-0.0206 c0.5379 ent0.0206 VRAM 23MB
Ep 3050 | M0_PDR 0.989 | M1_PDR 0.661 | H_m0 0.00 H_m1 2.01 | a-0.0204 c0.4577 ent0.0201 VRAM 23MB
Ep 3100 | M0_PDR 0.982 | M1_PDR 0.669 | H_m0 0.00 H_m1 1.89 | a-0.0189 c0.4516 ent0.0196 VRAM 23MB
Ep 3150 | M0_PDR 0.979 | M1_PDR 0.666 | H_m0 0.00 H_m1 1.85 | a-0.0177 c0.4976 ent0.0191 VRAM 23MB
Ep 3200 | M0_PDR 0.977 | M1_PDR 0.652 | H_m0 0.00 H_m1 1.81 | a-0.0172 c0.5724 ent0.0186 VRAM 23MB
Ep 3250 | M0_PDR 0.975 | M1_PDR 0.685 | H_m0 0.00 H_m1 1.76 | a-0.0162 c0.4608 ent0.0181 VRAM 23MB
Ep 3300 | M0_PDR 0.982 | M1_PDR 0.683 | H_m0 0.00 H_m1 1.82 | a-0.0163 c0.6056 ent0.0177 VRAM 23MB
Ep 3350 | M0_PDR 0.973 | M1_PDR 0.641 | H_m0 0.00 H_m1 1.95 | a-0.0168 c0.5137 ent0.0172 VRAM 23MB
Ep 3400 | M0_PDR 0.974 | M1_PDR 0.729 | H_m0 0.00 H_m1 1.93 | a-0.0163 c0.4880 ent0.0167 VRAM 23MB
Ep 3450 | M0_PDR 0.992 | M1_PDR 0.659 | H_m0 0.00 H_m1 1.99 | a-0.0162 c0.3697 ent0.0162 VRAM 23MB
Ep 3500 | M0_PDR 0.992 | M1_PDR 0.660 | H_m0 0.00 H_m1 2.04 | a-0.0159 c0.5399 ent0.0157 VRAM 23MB
Ep 3550 | M0_PDR 0.983 | M1_PDR 0.611 | H_m0 0.00 H_m1 1.98 | a-0.0152 c0.4000 ent0.0152 VRAM 23MB
Ep 3600 | M0_PDR 0.974 | M1_PDR 0.681 | H_m0 0.00 H_m1 1.86 | a-0.0140 c0.4435 ent0.0147 VRAM 23MB
Ep 3650 | M0_PDR 0.977 | M1_PDR 0.658 | H_m0 0.00 H_m1 1.91 | a-0.0137 c0.5815 ent0.0142 VRAM 23MB
Ep 3700 | M0_PDR 0.981 | M1_PDR 0.693 | H_m0 0.00 H_m1 1.86 | a-0.0130 c0.4589 ent0.0137 VRAM 23MB
Ep 3750 | M0_PDR 0.981 | M1_PDR 0.630 | H_m0 0.00 H_m1 1.85 | a-0.0125 c0.4834 ent0.0132 VRAM 23MB
Ep 3800 | M0_PDR 0.976 | M1_PDR 0.655 | H_m0 0.00 H_m1 1.77 | a-0.0114 c0.5680 ent0.0128 VRAM 23MB
Ep 3850 | M0_PDR 0.989 | M1_PDR 0.676 | H_m0 0.00 H_m1 1.72 | a-0.0106 c0.3645 ent0.0123 VRAM 23MB
Ep 3900 | M0_PDR 0.980 | M1_PDR 0.666 | H_m0 0.00 H_m1 1.71 | a-0.0102 c0.6370 ent0.0118 VRAM 23MB
Ep 3950 | M0_PDR 0.990 | M1_PDR 0.656 | H_m0 0.00 H_m1 1.71 | a-0.0097 c0.4782 ent0.0113 VRAM 23MB
Ep 4000 | M0_PDR 0.993 | M1_PDR 0.691 | H_m0 0.00 H_m1 1.63 | a-0.0089 c0.3972 ent0.0108 VRAM 23MB
Ep 4050 | M0_PDR 0.988 | M1_PDR 0.682 | H_m0 0.00 H_m1 1.63 | a-0.0087 c0.4192 ent0.0103 VRAM 23MB
Ep 4100 | M0_PDR 0.990 | M1_PDR 0.676 | H_m0 0.00 H_m1 1.61 | a-0.0080 c0.3627 ent0.0098 VRAM 23MB
Ep 4150 | M0_PDR 0.990 | M1_PDR 0.645 | H_m0 0.00 H_m1 1.60 | a-0.0074 c0.3630 ent0.0093 VRAM 23MB
Ep 4200 | M0_PDR 0.980 | M1_PDR 0.680 | H_m0 0.00 H_m1 1.57 | a-0.0070 c0.4943 ent0.0088 VRAM 23MB
Ep 4250 | M0_PDR 0.997 | M1_PDR 0.659 | H_m0 0.00 H_m1 1.56 | a-0.0066 c0.3639 ent0.0083 VRAM 23MB
Ep 4300 | M0_PDR 0.990 | M1_PDR 0.661 | H_m0 0.00 H_m1 1.56 | a-0.0062 c0.4248 ent0.0079 VRAM 23MB
Ep 4350 | M0_PDR 0.990 | M1_PDR 0.703 | H_m0 0.00 H_m1 1.53 | a-0.0057 c0.3586 ent0.0074 VRAM 23MB
Ep 4400 | M0_PDR 0.993 | M1_PDR 0.691 | H_m0 0.00 H_m1 1.50 | a-0.0052 c0.3462 ent0.0069 VRAM 23MB
Ep 4450 | M0_PDR 0.995 | M1_PDR 0.690 | H_m0 0.00 H_m1 1.43 | a-0.0046 c0.3525 ent0.0064 VRAM 23MB
Ep 4500 | M0_PDR 0.991 | M1_PDR 0.685 | H_m0 0.00 H_m1 1.41 | a-0.0041 c0.3701 ent0.0059 VRAM 23MB
Ep 4550 | M0_PDR 1.000 | M1_PDR 0.688 | H_m0 0.00 H_m1 1.41 | a-0.0038 c0.3583 ent0.0054 VRAM 23MB
Ep 4600 | M0_PDR 0.990 | M1_PDR 0.705 | H_m0 0.00 H_m1 1.36 | a-0.0034 c0.4469 ent0.0049 VRAM 23MB
Ep 4650 | M0_PDR 0.993 | M1_PDR 0.729 | H_m0 0.00 H_m1 1.32 | a-0.0029 c0.3596 ent0.0044 VRAM 23MB
Ep 4700 | M0_PDR 0.995 | M1_PDR 0.696 | H_m0 0.00 H_m1 1.35 | a-0.0027 c0.3472 ent0.0039 VRAM 23MB
Ep 4750 | M0_PDR 0.993 | M1_PDR 0.749 | H_m0 0.00 H_m1 1.32 | a-0.0023 c0.3767 ent0.0034 VRAM 23MB
Ep 4800 | M0_PDR 0.998 | M1_PDR 0.739 | H_m0 0.00 H_m1 1.29 | a-0.0019 c0.3656 ent0.0030 VRAM 23MB
Ep 4850 | M0_PDR 0.990 | M1_PDR 0.655 | H_m0 0.00 H_m1 1.31 | a-0.0016 c0.4221 ent0.0025 VRAM 23MB
Ep 4900 | M0_PDR 0.990 | M1_PDR 0.710 | H_m0 0.00 H_m1 1.28 | a-0.0013 c0.4012 ent0.0020 VRAM 23MB
Ep 4950 | M0_PDR 0.998 | M1_PDR 0.716 | H_m0 0.00 H_m1 1.27 | a-0.0010 c0.3837 ent0.0015 VRAM 23MB

Training complete. Running 100 eval episodes...

  Eval ep   0: M0_PDR=0.992  M1_PDR=0.665
  Eval ep  20: M0_PDR=0.998  M1_PDR=0.703
  Eval ep  40: M0_PDR=1.000  M1_PDR=0.692
  Eval ep  60: M0_PDR=0.997  M1_PDR=0.687
  Eval ep  80: M0_PDR=0.995  M1_PDR=0.678

=== Eval Summary (100 episodes) ===
  M0_PDR_mean         : 0.9962
  M0_PDR_p05 (across) : 0.9901
  M0_PDR_p05 (intra)  : 1.0000
  M1_PDR_mean         : 0.6890
  M0_SINR_mean (dB)   : 46.97
  M1_SINR_mean (dB)   : 15.18
  M0_collision_rate   : 0.009
  M0_collision_within_pool : 0.000
  M1_collision_within_pool : 0.495

Result saved -> results/_B_M4_seed2_5000ep.json
  N=4  rho=1.0  M0_PDR=0.996  M1_PDR=0.689
[NS3Bridge] Shutdown complete.
Run complete.
