[seed] all RNGs seeded with 5
GPU : NVIDIA GeForce RTX 3060
VRAM: 12.9 GB
Device          : cuda:0
Actor M0 params : 20,500
Actor M1 params : 20,500
Critic params   : 78,081
obs_dim=10  action_dim=20  gs_dim=44
M0 count: 2  M1 count: 2
Training for 5000 episodes (Config B_M4_seed5_5000ep, N=4)...

[NS3Bridge] Connected tcp://localhost:6836
Ep    0 | M0_PDR 0.578 | M1_PDR 0.601 | H_m0 2.99 H_m1 2.99 | a-0.1546 c34.5556 ent0.0500 VRAM 23MB
Ep   50 | M0_PDR 0.604 | M1_PDR 0.585 | H_m0 2.98 H_m1 2.95 | a-0.1484 c13.8823 ent0.0495 VRAM 23MB
Ep  100 | M0_PDR 0.603 | M1_PDR 0.574 | H_m0 2.90 H_m1 2.93 | a-0.1450 c7.8662 ent0.0490 VRAM 23MB
Ep  150 | M0_PDR 0.612 | M1_PDR 0.551 | H_m0 2.93 H_m1 2.93 | a-0.1429 c5.2474 ent0.0485 VRAM 23MB
Ep  200 | M0_PDR 0.549 | M1_PDR 0.582 | H_m0 2.95 H_m1 2.95 | a-0.1425 c4.4916 ent0.0480 VRAM 23MB
Ep  250 | M0_PDR 0.569 | M1_PDR 0.609 | H_m0 2.88 H_m1 2.97 | a-0.1408 c3.1754 ent0.0475 VRAM 23MB
Ep  300 | M0_PDR 0.614 | M1_PDR 0.552 | H_m0 2.63 H_m1 2.99 | a-0.1328 c2.1110 ent0.0471 VRAM 23MB
Ep  350 | M0_PDR 0.632 | M1_PDR 0.502 | H_m0 2.34 H_m1 2.98 | a-0.1249 c2.2941 ent0.0466 VRAM 23MB
Ep  400 | M0_PDR 0.591 | M1_PDR 0.536 | H_m0 2.70 H_m1 2.98 | a-0.1320 c1.7262 ent0.0461 VRAM 23MB
Ep  450 | M0_PDR 0.638 | M1_PDR 0.544 | H_m0 2.63 H_m1 2.98 | a-0.1286 c1.9403 ent0.0456 VRAM 23MB
Ep  500 | M0_PDR 0.686 | M1_PDR 0.550 | H_m0 2.60 H_m1 2.99 | a-0.1268 c2.5183 ent0.0451 VRAM 23MB
Ep  550 | M0_PDR 0.663 | M1_PDR 0.518 | H_m0 2.54 H_m1 2.99 | a-0.1240 c2.8572 ent0.0446 VRAM 23MB
Ep  600 | M0_PDR 0.631 | M1_PDR 0.544 | H_m0 2.42 H_m1 2.98 | a-0.1205 c2.5473 ent0.0441 VRAM 23MB
Ep  650 | M0_PDR 0.616 | M1_PDR 0.541 | H_m0 2.39 H_m1 2.98 | a-0.1185 c2.4844 ent0.0436 VRAM 23MB
Ep  700 | M0_PDR 0.658 | M1_PDR 0.570 | H_m0 2.38 H_m1 2.97 | a-0.1174 c1.8056 ent0.0431 VRAM 23MB
Ep  750 | M0_PDR 0.699 | M1_PDR 0.533 | H_m0 2.32 H_m1 2.98 | a-0.1143 c1.4968 ent0.0426 VRAM 23MB
Ep  800 | M0_PDR 0.615 | M1_PDR 0.543 | H_m0 2.54 H_m1 2.94 | a-0.1164 c2.2963 ent0.0422 VRAM 23MB
Ep  850 | M0_PDR 0.646 | M1_PDR 0.556 | H_m0 2.50 H_m1 2.96 | a-0.1147 c2.1892 ent0.0417 VRAM 23MB
Ep  900 | M0_PDR 0.644 | M1_PDR 0.529 | H_m0 2.33 H_m1 2.97 | a-0.1104 c2.4704 ent0.0412 VRAM 23MB
Ep  950 | M0_PDR 0.675 | M1_PDR 0.518 | H_m0 2.35 H_m1 2.96 | a-0.1096 c2.4052 ent0.0407 VRAM 23MB
Ep 1000 | M0_PDR 0.644 | M1_PDR 0.506 | H_m0 2.42 H_m1 2.96 | a-0.1091 c2.0326 ent0.0402 VRAM 23MB
Ep 1050 | M0_PDR 0.613 | M1_PDR 0.567 | H_m0 2.51 H_m1 2.98 | a-0.1097 c2.2883 ent0.0397 VRAM 23MB
Ep 1100 | M0_PDR 0.621 | M1_PDR 0.550 | H_m0 2.32 H_m1 2.96 | a-0.1044 c1.4407 ent0.0392 VRAM 23MB
Ep 1150 | M0_PDR 0.658 | M1_PDR 0.518 | H_m0 2.31 H_m1 2.96 | a-0.1035 c1.3705 ent0.0387 VRAM 23MB
Ep 1200 | M0_PDR 0.652 | M1_PDR 0.562 | H_m0 2.49 H_m1 2.94 | a-0.1042 c1.2711 ent0.0382 VRAM 23MB
Ep 1250 | M0_PDR 0.632 | M1_PDR 0.603 | H_m0 2.44 H_m1 2.97 | a-0.1026 c1.9225 ent0.0377 VRAM 23MB
Ep 1300 | M0_PDR 0.653 | M1_PDR 0.531 | H_m0 2.45 H_m1 2.97 | a-0.1016 c2.2789 ent0.0373 VRAM 23MB
Ep 1350 | M0_PDR 0.632 | M1_PDR 0.546 | H_m0 2.30 H_m1 2.98 | a-0.0976 c2.1508 ent0.0368 VRAM 23MB
Ep 1400 | M0_PDR 0.619 | M1_PDR 0.519 | H_m0 2.19 H_m1 2.97 | a-0.0946 c2.6067 ent0.0363 VRAM 23MB
Ep 1450 | M0_PDR 0.662 | M1_PDR 0.553 | H_m0 2.23 H_m1 2.96 | a-0.0943 c1.7100 ent0.0358 VRAM 23MB
Ep 1500 | M0_PDR 0.654 | M1_PDR 0.555 | H_m0 1.98 H_m1 2.95 | a-0.0879 c1.9988 ent0.0353 VRAM 23MB
Ep 1550 | M0_PDR 0.694 | M1_PDR 0.538 | H_m0 1.85 H_m1 2.93 | a-0.0848 c1.9601 ent0.0348 VRAM 23MB
Ep 1600 | M0_PDR 0.697 | M1_PDR 0.496 | H_m0 1.35 H_m1 2.89 | a-0.0743 c1.1974 ent0.0343 VRAM 23MB
Ep 1650 | M0_PDR 0.770 | M1_PDR 0.573 | H_m0 1.12 H_m1 2.92 | a-0.0689 c1.5393 ent0.0338 VRAM 23MB
Ep 1700 | M0_PDR 0.815 | M1_PDR 0.492 | H_m0 0.70 H_m1 2.92 | a-0.0617 c1.6939 ent0.0333 VRAM 23MB
Ep 1750 | M0_PDR 0.867 | M1_PDR 0.589 | H_m0 0.64 H_m1 2.70 | a-0.0567 c1.4059 ent0.0328 VRAM 23MB
Ep 1800 | M0_PDR 0.968 | M1_PDR 0.697 | H_m0 0.41 H_m1 2.35 | a-0.0452 c0.8704 ent0.0324 VRAM 23MB
Ep 1850 | M0_PDR 0.974 | M1_PDR 0.618 | H_m0 0.37 H_m1 2.30 | a-0.0423 c0.6236 ent0.0319 VRAM 23MB
Ep 1900 | M0_PDR 0.967 | M1_PDR 0.655 | H_m0 0.37 H_m1 2.28 | a-0.0426 c0.4936 ent0.0314 VRAM 23MB
Ep 1950 | M0_PDR 0.961 | M1_PDR 0.679 | H_m0 0.29 H_m1 2.17 | a-0.0391 c0.8130 ent0.0309 VRAM 23MB
Ep 2000 | M0_PDR 0.961 | M1_PDR 0.689 | H_m0 0.35 H_m1 2.32 | a-0.0406 c0.7177 ent0.0304 VRAM 23MB
Ep 2050 | M0_PDR 0.962 | M1_PDR 0.692 | H_m0 0.17 H_m1 2.20 | a-0.0366 c0.8080 ent0.0299 VRAM 23MB
Ep 2100 | M0_PDR 0.971 | M1_PDR 0.707 | H_m0 0.34 H_m1 2.12 | a-0.0381 c0.6507 ent0.0294 VRAM 23MB
Ep 2150 | M0_PDR 0.985 | M1_PDR 0.680 | H_m0 0.35 H_m1 2.01 | a-0.0346 c0.4931 ent0.0289 VRAM 23MB
Ep 2200 | M0_PDR 0.967 | M1_PDR 0.651 | H_m0 0.32 H_m1 2.19 | a-0.0364 c0.7906 ent0.0284 VRAM 23MB
Ep 2250 | M0_PDR 0.992 | M1_PDR 0.747 | H_m0 0.32 H_m1 2.14 | a-0.0346 c0.3948 ent0.0279 VRAM 23MB
Ep 2300 | M0_PDR 0.978 | M1_PDR 0.682 | H_m0 0.32 H_m1 2.18 | a-0.0355 c0.5525 ent0.0275 VRAM 23MB
Ep 2350 | M0_PDR 0.975 | M1_PDR 0.682 | H_m0 0.35 H_m1 2.14 | a-0.0341 c0.5457 ent0.0270 VRAM 23MB
Ep 2400 | M0_PDR 0.978 | M1_PDR 0.687 | H_m0 0.34 H_m1 2.08 | a-0.0324 c0.4840 ent0.0265 VRAM 23MB
Ep 2450 | M0_PDR 0.965 | M1_PDR 0.712 | H_m0 0.35 H_m1 2.24 | a-0.0340 c0.5346 ent0.0260 VRAM 23MB
Ep 2500 | M0_PDR 0.974 | M1_PDR 0.660 | H_m0 0.34 H_m1 2.28 | a-0.0335 c0.5072 ent0.0255 VRAM 23MB
Ep 2550 | M0_PDR 0.960 | M1_PDR 0.618 | H_m0 0.33 H_m1 2.33 | a-0.0347 c0.9615 ent0.0250 VRAM 23MB
Ep 2600 | M0_PDR 0.966 | M1_PDR 0.662 | H_m0 0.34 H_m1 2.23 | a-0.0314 c0.5695 ent0.0245 VRAM 23MB
Ep 2650 | M0_PDR 0.963 | M1_PDR 0.697 | H_m0 0.35 H_m1 2.24 | a-0.0321 c0.5428 ent0.0240 VRAM 23MB
Ep 2700 | M0_PDR 0.960 | M1_PDR 0.689 | H_m0 0.35 H_m1 2.22 | a-0.0311 c0.5260 ent0.0235 VRAM 23MB
Ep 2750 | M0_PDR 0.967 | M1_PDR 0.689 | H_m0 0.27 H_m1 2.34 | a-0.0307 c0.5149 ent0.0230 VRAM 23MB
Ep 2800 | M0_PDR 0.945 | M1_PDR 0.693 | H_m0 0.26 H_m1 2.35 | a-0.0298 c0.6713 ent0.0226 VRAM 23MB
Ep 2850 | M0_PDR 0.945 | M1_PDR 0.665 | H_m0 0.26 H_m1 2.36 | a-0.0298 c0.8392 ent0.0221 VRAM 23MB
Ep 2900 | M0_PDR 0.955 | M1_PDR 0.710 | H_m0 0.28 H_m1 2.20 | a-0.0270 c0.7094 ent0.0216 VRAM 23MB
Ep 2950 | M0_PDR 0.968 | M1_PDR 0.672 | H_m0 0.28 H_m1 2.25 | a-0.0270 c0.6331 ent0.0211 VRAM 23MB
Ep 3000 | M0_PDR 0.950 | M1_PDR 0.688 | H_m0 0.34 H_m1 2.26 | a-0.0270 c0.5928 ent0.0206 VRAM 23MB
Ep 3050 | M0_PDR 0.957 | M1_PDR 0.675 | H_m0 0.33 H_m1 2.18 | a-0.0257 c0.8151 ent0.0201 VRAM 23MB
Ep 3100 | M0_PDR 0.981 | M1_PDR 0.639 | H_m0 0.32 H_m1 2.05 | a-0.0236 c0.5904 ent0.0196 VRAM 23MB
Ep 3150 | M0_PDR 0.974 | M1_PDR 0.635 | H_m0 0.34 H_m1 2.08 | a-0.0236 c0.5792 ent0.0191 VRAM 23MB
Ep 3200 | M0_PDR 0.976 | M1_PDR 0.690 | H_m0 0.35 H_m1 2.03 | a-0.0230 c0.5397 ent0.0186 VRAM 23MB
Ep 3250 | M0_PDR 0.983 | M1_PDR 0.672 | H_m0 0.31 H_m1 1.94 | a-0.0207 c0.4806 ent0.0181 VRAM 23MB
Ep 3300 | M0_PDR 0.990 | M1_PDR 0.659 | H_m0 0.33 H_m1 1.94 | a-0.0202 c0.3808 ent0.0177 VRAM 23MB
Ep 3350 | M0_PDR 0.987 | M1_PDR 0.665 | H_m0 0.33 H_m1 1.91 | a-0.0194 c0.6505 ent0.0172 VRAM 23MB
Ep 3400 | M0_PDR 0.976 | M1_PDR 0.622 | H_m0 0.29 H_m1 1.92 | a-0.0192 c0.4817 ent0.0167 VRAM 23MB
Ep 3450 | M0_PDR 0.965 | M1_PDR 0.681 | H_m0 0.34 H_m1 1.83 | a-0.0179 c0.4925 ent0.0162 VRAM 23MB
Ep 3500 | M0_PDR 0.977 | M1_PDR 0.654 | H_m0 0.32 H_m1 1.96 | a-0.0180 c0.4988 ent0.0157 VRAM 23MB
Ep 3550 | M0_PDR 0.980 | M1_PDR 0.626 | H_m0 0.34 H_m1 1.91 | a-0.0174 c0.5439 ent0.0152 VRAM 23MB
Ep 3600 | M0_PDR 0.987 | M1_PDR 0.637 | H_m0 0.32 H_m1 1.85 | a-0.0162 c0.4510 ent0.0147 VRAM 23MB
Ep 3650 | M0_PDR 0.988 | M1_PDR 0.705 | H_m0 0.32 H_m1 1.84 | a-0.0158 c0.4252 ent0.0142 VRAM 23MB
Ep 3700 | M0_PDR 0.993 | M1_PDR 0.666 | H_m0 0.33 H_m1 1.75 | a-0.0145 c0.3678 ent0.0137 VRAM 23MB
Ep 3750 | M0_PDR 0.995 | M1_PDR 0.653 | H_m0 0.34 H_m1 1.78 | a-0.0141 c0.3525 ent0.0132 VRAM 23MB
Ep 3800 | M0_PDR 0.984 | M1_PDR 0.684 | H_m0 0.34 H_m1 1.77 | a-0.0138 c0.4383 ent0.0128 VRAM 23MB
Ep 3850 | M0_PDR 0.992 | M1_PDR 0.705 | H_m0 0.33 H_m1 1.74 | a-0.0129 c0.4012 ent0.0123 VRAM 23MB
Ep 3900 | M0_PDR 0.990 | M1_PDR 0.673 | H_m0 0.32 H_m1 1.71 | a-0.0122 c0.3613 ent0.0118 VRAM 23MB
Ep 3950 | M0_PDR 0.985 | M1_PDR 0.690 | H_m0 0.32 H_m1 1.68 | a-0.0115 c0.5042 ent0.0113 VRAM 23MB
Ep 4000 | M0_PDR 0.989 | M1_PDR 0.705 | H_m0 0.33 H_m1 1.65 | a-0.0109 c0.3918 ent0.0108 VRAM 23MB
Ep 4050 | M0_PDR 0.995 | M1_PDR 0.671 | H_m0 0.34 H_m1 1.65 | a-0.0102 c0.3684 ent0.0103 VRAM 23MB
Ep 4100 | M0_PDR 0.997 | M1_PDR 0.653 | H_m0 0.34 H_m1 1.60 | a-0.0097 c0.3415 ent0.0098 VRAM 23MB
Ep 4150 | M0_PDR 0.995 | M1_PDR 0.679 | H_m0 0.32 H_m1 1.54 | a-0.0090 c0.4076 ent0.0093 VRAM 23MB
Ep 4200 | M0_PDR 0.997 | M1_PDR 0.685 | H_m0 0.30 H_m1 1.46 | a-0.0080 c0.3263 ent0.0088 VRAM 23MB
Ep 4250 | M0_PDR 1.000 | M1_PDR 0.667 | H_m0 0.31 H_m1 1.42 | a-0.0074 c0.3553 ent0.0083 VRAM 23MB
Ep 4300 | M0_PDR 0.990 | M1_PDR 0.678 | H_m0 0.31 H_m1 1.40 | a-0.0067 c0.4419 ent0.0079 VRAM 23MB
Ep 4350 | M0_PDR 0.995 | M1_PDR 0.680 | H_m0 0.33 H_m1 1.36 | a-0.0062 c0.3529 ent0.0074 VRAM 23MB
Ep 4400 | M0_PDR 0.998 | M1_PDR 0.705 | H_m0 0.34 H_m1 1.36 | a-0.0059 c0.3414 ent0.0069 VRAM 23MB
Ep 4450 | M0_PDR 0.995 | M1_PDR 0.631 | H_m0 0.33 H_m1 1.38 | a-0.0055 c0.3794 ent0.0064 VRAM 23MB
Ep 4500 | M0_PDR 1.000 | M1_PDR 0.671 | H_m0 0.33 H_m1 1.35 | a-0.0050 c0.3168 ent0.0059 VRAM 23MB
Ep 4550 | M0_PDR 1.000 | M1_PDR 0.702 | H_m0 0.31 H_m1 1.32 | a-0.0044 c0.3217 ent0.0054 VRAM 23MB
Ep 4600 | M0_PDR 0.995 | M1_PDR 0.675 | H_m0 0.31 H_m1 1.33 | a-0.0040 c0.3767 ent0.0049 VRAM 23MB
Ep 4650 | M0_PDR 0.995 | M1_PDR 0.705 | H_m0 0.32 H_m1 1.28 | a-0.0037 c0.3820 ent0.0044 VRAM 23MB
Ep 4700 | M0_PDR 0.993 | M1_PDR 0.729 | H_m0 0.32 H_m1 1.25 | a-0.0032 c0.3731 ent0.0039 VRAM 23MB
Ep 4750 | M0_PDR 0.998 | M1_PDR 0.653 | H_m0 0.33 H_m1 1.26 | a-0.0028 c0.3878 ent0.0034 VRAM 23MB
Ep 4800 | M0_PDR 1.000 | M1_PDR 0.656 | H_m0 0.33 H_m1 1.24 | a-0.0024 c0.3471 ent0.0030 VRAM 23MB
Ep 4850 | M0_PDR 0.995 | M1_PDR 0.656 | H_m0 0.33 H_m1 1.23 | a-0.0019 c0.3899 ent0.0025 VRAM 23MB
Ep 4900 | M0_PDR 0.998 | M1_PDR 0.675 | H_m0 0.33 H_m1 1.21 | a-0.0016 c0.3399 ent0.0020 VRAM 23MB
Ep 4950 | M0_PDR 0.998 | M1_PDR 0.707 | H_m0 0.33 H_m1 1.20 | a-0.0011 c0.3569 ent0.0015 VRAM 23MB

Training complete. Running 100 eval episodes...

  Eval ep   0: M0_PDR=0.997  M1_PDR=0.697
  Eval ep  20: M0_PDR=0.998  M1_PDR=0.700
  Eval ep  40: M0_PDR=0.999  M1_PDR=0.734
  Eval ep  60: M0_PDR=0.998  M1_PDR=0.683
  Eval ep  80: M0_PDR=0.998  M1_PDR=0.710

=== Eval Summary (100 episodes) ===
  M0_PDR_mean         : 0.9977
  M0_PDR_p05 (across) : 0.9935
  M0_PDR_p05 (intra)  : 1.0000
  M1_PDR_mean         : 0.6969
  M0_SINR_mean (dB)   : 45.76
  M1_SINR_mean (dB)   : 15.76
  M0_collision_rate   : 0.005
  M0_collision_within_pool : 0.000
  M1_collision_within_pool : 0.494

Result saved -> results/_B_M4_seed5_5000ep.json
  N=4  rho=1.0  M0_PDR=0.998  M1_PDR=0.697
[NS3Bridge] Shutdown complete.
Run complete.
