[seed] all RNGs seeded with 3
GPU : NVIDIA GeForce RTX 3060
VRAM: 12.9 GB
Device          : cuda:0
Actor M0 params : 20,500
Actor M1 params : 20,500
Critic params   : 78,081
obs_dim=10  action_dim=20  gs_dim=44
M0 count: 2  M1 count: 2
Training for 5000 episodes (Config B_M4_seed3_5000ep, N=4)...

[NS3Bridge] Connected tcp://localhost:6816
Ep    0 | M0_PDR 0.597 | M1_PDR 0.611 | H_m0 2.99 H_m1 2.99 | a-0.1564 c38.9296 ent0.0500 VRAM 23MB
Ep   50 | M0_PDR 0.565 | M1_PDR 0.577 | H_m0 2.97 H_m1 2.94 | a-0.1477 c12.5849 ent0.0495 VRAM 23MB
Ep  100 | M0_PDR 0.621 | M1_PDR 0.590 | H_m0 2.89 H_m1 2.95 | a-0.1458 c10.5131 ent0.0490 VRAM 23MB
Ep  150 | M0_PDR 0.611 | M1_PDR 0.576 | H_m0 2.81 H_m1 2.92 | a-0.1409 c6.4867 ent0.0485 VRAM 23MB
Ep  200 | M0_PDR 0.658 | M1_PDR 0.604 | H_m0 2.65 H_m1 2.96 | a-0.1371 c5.5721 ent0.0480 VRAM 23MB
Ep  250 | M0_PDR 0.607 | M1_PDR 0.592 | H_m0 2.51 H_m1 2.94 | a-0.1317 c3.1542 ent0.0475 VRAM 23MB
Ep  300 | M0_PDR 0.666 | M1_PDR 0.520 | H_m0 2.66 H_m1 2.98 | a-0.1341 c2.4743 ent0.0471 VRAM 23MB
Ep  350 | M0_PDR 0.692 | M1_PDR 0.558 | H_m0 2.61 H_m1 2.97 | a-0.1308 c3.0945 ent0.0466 VRAM 23MB
Ep  400 | M0_PDR 0.633 | M1_PDR 0.564 | H_m0 2.64 H_m1 2.96 | a-0.1306 c1.8794 ent0.0461 VRAM 23MB
Ep  450 | M0_PDR 0.623 | M1_PDR 0.606 | H_m0 2.68 H_m1 2.97 | a-0.1302 c1.4012 ent0.0456 VRAM 23MB
Ep  500 | M0_PDR 0.643 | M1_PDR 0.582 | H_m0 2.54 H_m1 2.98 | a-0.1256 c2.0171 ent0.0451 VRAM 23MB
Ep  550 | M0_PDR 0.650 | M1_PDR 0.552 | H_m0 2.50 H_m1 2.98 | a-0.1230 c1.7667 ent0.0446 VRAM 23MB
Ep  600 | M0_PDR 0.641 | M1_PDR 0.506 | H_m0 2.40 H_m1 2.97 | a-0.1213 c2.5398 ent0.0441 VRAM 23MB
Ep  650 | M0_PDR 0.641 | M1_PDR 0.567 | H_m0 2.55 H_m1 2.96 | a-0.1213 c1.5710 ent0.0436 VRAM 23MB
Ep  700 | M0_PDR 0.660 | M1_PDR 0.502 | H_m0 2.42 H_m1 2.94 | a-0.1164 c1.4595 ent0.0431 VRAM 23MB
Ep  750 | M0_PDR 0.593 | M1_PDR 0.564 | H_m0 2.50 H_m1 2.97 | a-0.1179 c2.3968 ent0.0426 VRAM 23MB
Ep  800 | M0_PDR 0.640 | M1_PDR 0.568 | H_m0 2.35 H_m1 2.95 | a-0.1118 c2.2584 ent0.0422 VRAM 23MB
Ep  850 | M0_PDR 0.620 | M1_PDR 0.497 | H_m0 2.36 H_m1 2.95 | a-0.1116 c1.5876 ent0.0417 VRAM 23MB
Ep  900 | M0_PDR 0.623 | M1_PDR 0.561 | H_m0 2.64 H_m1 2.94 | a-0.1149 c1.4367 ent0.0412 VRAM 23MB
Ep  950 | M0_PDR 0.664 | M1_PDR 0.560 | H_m0 2.42 H_m1 2.94 | a-0.1103 c2.4391 ent0.0407 VRAM 23MB
Ep 1000 | M0_PDR 0.620 | M1_PDR 0.578 | H_m0 2.48 H_m1 2.96 | a-0.1098 c1.9667 ent0.0402 VRAM 23MB
Ep 1050 | M0_PDR 0.646 | M1_PDR 0.525 | H_m0 2.42 H_m1 2.96 | a-0.1077 c1.7217 ent0.0397 VRAM 23MB
Ep 1100 | M0_PDR 0.624 | M1_PDR 0.580 | H_m0 2.50 H_m1 2.93 | a-0.1091 c2.7188 ent0.0392 VRAM 23MB
Ep 1150 | M0_PDR 0.628 | M1_PDR 0.528 | H_m0 2.30 H_m1 2.91 | a-0.1023 c2.1945 ent0.0387 VRAM 23MB
Ep 1200 | M0_PDR 0.688 | M1_PDR 0.539 | H_m0 2.18 H_m1 2.90 | a-0.0988 c2.0665 ent0.0382 VRAM 23MB
Ep 1250 | M0_PDR 0.655 | M1_PDR 0.527 | H_m0 2.23 H_m1 2.94 | a-0.0986 c1.8998 ent0.0377 VRAM 23MB
Ep 1300 | M0_PDR 0.693 | M1_PDR 0.592 | H_m0 2.33 H_m1 2.94 | a-0.0996 c1.6007 ent0.0373 VRAM 23MB
Ep 1350 | M0_PDR 0.631 | M1_PDR 0.572 | H_m0 2.17 H_m1 2.94 | a-0.0944 c2.5565 ent0.0368 VRAM 23MB
Ep 1400 | M0_PDR 0.696 | M1_PDR 0.553 | H_m0 2.13 H_m1 2.96 | a-0.0940 c1.8827 ent0.0363 VRAM 23MB
Ep 1450 | M0_PDR 0.698 | M1_PDR 0.497 | H_m0 1.76 H_m1 2.97 | a-0.0868 c2.2033 ent0.0358 VRAM 23MB
Ep 1500 | M0_PDR 0.797 | M1_PDR 0.532 | H_m0 1.17 H_m1 2.93 | a-0.0738 c1.7318 ent0.0353 VRAM 23MB
Ep 1550 | M0_PDR 0.846 | M1_PDR 0.592 | H_m0 0.59 H_m1 2.72 | a-0.0597 c2.1860 ent0.0348 VRAM 23MB
Ep 1600 | M0_PDR 0.951 | M1_PDR 0.694 | H_m0 0.12 H_m1 2.43 | a-0.0467 c0.7602 ent0.0343 VRAM 23MB
Ep 1650 | M0_PDR 0.937 | M1_PDR 0.698 | H_m0 0.09 H_m1 2.48 | a-0.0447 c1.1228 ent0.0338 VRAM 23MB
Ep 1700 | M0_PDR 0.971 | M1_PDR 0.653 | H_m0 0.38 H_m1 2.29 | a-0.0450 c0.8057 ent0.0333 VRAM 23MB
Ep 1750 | M0_PDR 0.964 | M1_PDR 0.675 | H_m0 0.36 H_m1 2.23 | a-0.0432 c0.7455 ent0.0328 VRAM 23MB
Ep 1800 | M0_PDR 0.961 | M1_PDR 0.735 | H_m0 0.20 H_m1 2.26 | a-0.0407 c0.7355 ent0.0324 VRAM 23MB
Ep 1850 | M0_PDR 0.944 | M1_PDR 0.720 | H_m0 0.31 H_m1 2.30 | a-0.0422 c1.0884 ent0.0319 VRAM 23MB
Ep 1900 | M0_PDR 0.980 | M1_PDR 0.707 | H_m0 0.28 H_m1 2.20 | a-0.0393 c0.3855 ent0.0314 VRAM 23MB
Ep 1950 | M0_PDR 0.967 | M1_PDR 0.731 | H_m0 0.32 H_m1 2.24 | a-0.0397 c0.6376 ent0.0309 VRAM 23MB
Ep 2000 | M0_PDR 0.972 | M1_PDR 0.711 | H_m0 0.35 H_m1 2.29 | a-0.0407 c0.7401 ent0.0304 VRAM 23MB
Ep 2050 | M0_PDR 0.943 | M1_PDR 0.709 | H_m0 0.35 H_m1 2.33 | a-0.0409 c0.7476 ent0.0299 VRAM 23MB
Ep 2100 | M0_PDR 0.949 | M1_PDR 0.681 | H_m0 0.28 H_m1 2.35 | a-0.0394 c0.7689 ent0.0294 VRAM 23MB
Ep 2150 | M0_PDR 0.963 | M1_PDR 0.613 | H_m0 0.12 H_m1 2.40 | a-0.0367 c0.8326 ent0.0289 VRAM 23MB
Ep 2200 | M0_PDR 0.945 | M1_PDR 0.688 | H_m0 0.28 H_m1 2.43 | a-0.0385 c0.8994 ent0.0284 VRAM 23MB
Ep 2250 | M0_PDR 0.968 | M1_PDR 0.687 | H_m0 0.21 H_m1 2.36 | a-0.0364 c0.9564 ent0.0279 VRAM 23MB
Ep 2300 | M0_PDR 0.969 | M1_PDR 0.693 | H_m0 0.19 H_m1 2.34 | a-0.0360 c0.5059 ent0.0275 VRAM 23MB
Ep 2350 | M0_PDR 0.969 | M1_PDR 0.710 | H_m0 0.15 H_m1 2.16 | a-0.0318 c0.8135 ent0.0270 VRAM 23MB
Ep 2400 | M0_PDR 0.992 | M1_PDR 0.674 | H_m0 0.22 H_m1 2.28 | a-0.0333 c0.4109 ent0.0265 VRAM 23MB
Ep 2450 | M0_PDR 0.965 | M1_PDR 0.658 | H_m0 0.20 H_m1 2.38 | a-0.0339 c0.6498 ent0.0260 VRAM 23MB
Ep 2500 | M0_PDR 0.975 | M1_PDR 0.684 | H_m0 0.23 H_m1 2.23 | a-0.0317 c0.5256 ent0.0255 VRAM 23MB
Ep 2550 | M0_PDR 0.956 | M1_PDR 0.684 | H_m0 0.28 H_m1 2.20 | a-0.0317 c0.6531 ent0.0250 VRAM 23MB
Ep 2600 | M0_PDR 0.929 | M1_PDR 0.693 | H_m0 0.20 H_m1 2.33 | a-0.0318 c0.7286 ent0.0245 VRAM 23MB
Ep 2650 | M0_PDR 0.931 | M1_PDR 0.691 | H_m0 0.20 H_m1 2.36 | a-0.0311 c0.8004 ent0.0240 VRAM 23MB
Ep 2700 | M0_PDR 0.920 | M1_PDR 0.697 | H_m0 0.30 H_m1 2.35 | a-0.0310 c0.9634 ent0.0235 VRAM 23MB
Ep 2750 | M0_PDR 0.940 | M1_PDR 0.669 | H_m0 0.21 H_m1 2.34 | a-0.0303 c0.6924 ent0.0230 VRAM 23MB
Ep 2800 | M0_PDR 0.960 | M1_PDR 0.687 | H_m0 0.22 H_m1 2.26 | a-0.0283 c0.5716 ent0.0226 VRAM 23MB
Ep 2850 | M0_PDR 0.945 | M1_PDR 0.673 | H_m0 0.25 H_m1 2.26 | a-0.0281 c0.6259 ent0.0221 VRAM 23MB
Ep 2900 | M0_PDR 0.960 | M1_PDR 0.744 | H_m0 0.34 H_m1 2.26 | a-0.0283 c0.5727 ent0.0216 VRAM 23MB
Ep 2950 | M0_PDR 0.953 | M1_PDR 0.686 | H_m0 0.32 H_m1 2.26 | a-0.0276 c0.6594 ent0.0211 VRAM 23MB
Ep 3000 | M0_PDR 0.936 | M1_PDR 0.673 | H_m0 0.34 H_m1 2.31 | a-0.0277 c0.8323 ent0.0206 VRAM 23MB
Ep 3050 | M0_PDR 0.953 | M1_PDR 0.697 | H_m0 0.31 H_m1 2.30 | a-0.0265 c0.6185 ent0.0201 VRAM 23MB
Ep 3100 | M0_PDR 0.982 | M1_PDR 0.599 | H_m0 0.25 H_m1 2.30 | a-0.0254 c0.5195 ent0.0196 VRAM 23MB
Ep 3150 | M0_PDR 0.946 | M1_PDR 0.696 | H_m0 0.32 H_m1 2.26 | a-0.0249 c0.7377 ent0.0191 VRAM 23MB
Ep 3200 | M0_PDR 0.954 | M1_PDR 0.654 | H_m0 0.36 H_m1 2.23 | a-0.0242 c0.6288 ent0.0186 VRAM 23MB
Ep 3250 | M0_PDR 0.973 | M1_PDR 0.679 | H_m0 0.36 H_m1 2.16 | a-0.0235 c0.5981 ent0.0181 VRAM 23MB
Ep 3300 | M0_PDR 0.961 | M1_PDR 0.694 | H_m0 0.36 H_m1 2.19 | a-0.0227 c0.5422 ent0.0177 VRAM 23MB
Ep 3350 | M0_PDR 0.967 | M1_PDR 0.697 | H_m0 0.35 H_m1 2.13 | a-0.0217 c0.6309 ent0.0172 VRAM 23MB
Ep 3400 | M0_PDR 0.978 | M1_PDR 0.713 | H_m0 0.33 H_m1 2.12 | a-0.0206 c0.4128 ent0.0167 VRAM 23MB
Ep 3450 | M0_PDR 0.965 | M1_PDR 0.679 | H_m0 0.30 H_m1 2.13 | a-0.0204 c0.5415 ent0.0162 VRAM 23MB
Ep 3500 | M0_PDR 0.968 | M1_PDR 0.675 | H_m0 0.30 H_m1 2.04 | a-0.0186 c0.5372 ent0.0157 VRAM 23MB
Ep 3550 | M0_PDR 0.968 | M1_PDR 0.735 | H_m0 0.35 H_m1 1.90 | a-0.0175 c0.4854 ent0.0152 VRAM 23MB
Ep 3600 | M0_PDR 0.968 | M1_PDR 0.674 | H_m0 0.33 H_m1 1.94 | a-0.0169 c0.6239 ent0.0147 VRAM 23MB
Ep 3650 | M0_PDR 0.970 | M1_PDR 0.656 | H_m0 0.34 H_m1 1.85 | a-0.0157 c0.5145 ent0.0142 VRAM 23MB
Ep 3700 | M0_PDR 0.988 | M1_PDR 0.675 | H_m0 0.33 H_m1 1.77 | a-0.0146 c0.4459 ent0.0137 VRAM 23MB
Ep 3750 | M0_PDR 0.982 | M1_PDR 0.688 | H_m0 0.33 H_m1 1.83 | a-0.0143 c0.4148 ent0.0132 VRAM 23MB
Ep 3800 | M0_PDR 0.960 | M1_PDR 0.672 | H_m0 0.32 H_m1 1.89 | a-0.0144 c0.6468 ent0.0128 VRAM 23MB
Ep 3850 | M0_PDR 0.981 | M1_PDR 0.688 | H_m0 0.33 H_m1 1.84 | a-0.0134 c0.5091 ent0.0123 VRAM 23MB
Ep 3900 | M0_PDR 0.966 | M1_PDR 0.723 | H_m0 0.33 H_m1 1.87 | a-0.0132 c0.4524 ent0.0118 VRAM 23MB
Ep 3950 | M0_PDR 0.980 | M1_PDR 0.703 | H_m0 0.34 H_m1 1.81 | a-0.0124 c0.4173 ent0.0113 VRAM 23MB
Ep 4000 | M0_PDR 0.977 | M1_PDR 0.690 | H_m0 0.34 H_m1 1.79 | a-0.0115 c0.4638 ent0.0108 VRAM 23MB
Ep 4050 | M0_PDR 0.967 | M1_PDR 0.718 | H_m0 0.29 H_m1 1.79 | a-0.0112 c0.4393 ent0.0103 VRAM 23MB
Ep 4100 | M0_PDR 0.977 | M1_PDR 0.649 | H_m0 0.27 H_m1 1.76 | a-0.0103 c0.4153 ent0.0098 VRAM 23MB
Ep 4150 | M0_PDR 0.979 | M1_PDR 0.675 | H_m0 0.27 H_m1 1.73 | a-0.0094 c0.3918 ent0.0093 VRAM 23MB
Ep 4200 | M0_PDR 0.975 | M1_PDR 0.662 | H_m0 0.26 H_m1 1.68 | a-0.0087 c0.7377 ent0.0088 VRAM 23MB
Ep 4250 | M0_PDR 0.972 | M1_PDR 0.734 | H_m0 0.27 H_m1 1.58 | a-0.0078 c0.5918 ent0.0083 VRAM 23MB
Ep 4300 | M0_PDR 0.986 | M1_PDR 0.717 | H_m0 0.26 H_m1 1.56 | a-0.0072 c0.4005 ent0.0079 VRAM 23MB
Ep 4350 | M0_PDR 0.975 | M1_PDR 0.678 | H_m0 0.28 H_m1 1.58 | a-0.0069 c0.4846 ent0.0074 VRAM 23MB
Ep 4400 | M0_PDR 0.978 | M1_PDR 0.692 | H_m0 0.28 H_m1 1.58 | a-0.0066 c0.5023 ent0.0069 VRAM 23MB
Ep 4450 | M0_PDR 0.981 | M1_PDR 0.713 | H_m0 0.26 H_m1 1.55 | a-0.0058 c0.4655 ent0.0064 VRAM 23MB
Ep 4500 | M0_PDR 0.977 | M1_PDR 0.702 | H_m0 0.28 H_m1 1.55 | a-0.0053 c0.6172 ent0.0059 VRAM 23MB
Ep 4550 | M0_PDR 0.988 | M1_PDR 0.727 | H_m0 0.27 H_m1 1.51 | a-0.0048 c0.4543 ent0.0054 VRAM 23MB
Ep 4600 | M0_PDR 0.980 | M1_PDR 0.702 | H_m0 0.27 H_m1 1.47 | a-0.0043 c0.5124 ent0.0049 VRAM 23MB
Ep 4650 | M0_PDR 0.988 | M1_PDR 0.721 | H_m0 0.26 H_m1 1.45 | a-0.0038 c0.4154 ent0.0044 VRAM 23MB
Ep 4700 | M0_PDR 0.985 | M1_PDR 0.715 | H_m0 0.25 H_m1 1.46 | a-0.0034 c0.4267 ent0.0039 VRAM 23MB
Ep 4750 | M0_PDR 0.972 | M1_PDR 0.691 | H_m0 0.26 H_m1 1.45 | a-0.0030 c0.4890 ent0.0034 VRAM 23MB
Ep 4800 | M0_PDR 0.984 | M1_PDR 0.694 | H_m0 0.24 H_m1 1.44 | a-0.0025 c0.4394 ent0.0030 VRAM 23MB
Ep 4850 | M0_PDR 0.980 | M1_PDR 0.700 | H_m0 0.25 H_m1 1.38 | a-0.0020 c0.5043 ent0.0025 VRAM 23MB
Ep 4900 | M0_PDR 0.982 | M1_PDR 0.720 | H_m0 0.24 H_m1 1.40 | a-0.0017 c0.4619 ent0.0020 VRAM 23MB
Ep 4950 | M0_PDR 0.997 | M1_PDR 0.711 | H_m0 0.24 H_m1 1.38 | a-0.0013 c0.3664 ent0.0015 VRAM 23MB

Training complete. Running 100 eval episodes...

  Eval ep   0: M0_PDR=0.985  M1_PDR=0.745
  Eval ep  20: M0_PDR=0.988  M1_PDR=0.703
  Eval ep  40: M0_PDR=0.982  M1_PDR=0.747
  Eval ep  60: M0_PDR=0.995  M1_PDR=0.768
  Eval ep  80: M0_PDR=0.987  M1_PDR=0.743

=== Eval Summary (100 episodes) ===
  M0_PDR_mean         : 0.9874
  M0_PDR_p05 (across) : 0.9776
  M0_PDR_p05 (intra)  : 0.9941
  M1_PDR_mean         : 0.7159
  M0_SINR_mean (dB)   : 45.90
  M1_SINR_mean (dB)   : 17.17
  M0_collision_rate   : 0.021
  M0_collision_within_pool : 0.000
  M1_collision_within_pool : 0.456

Result saved -> results/_B_M4_seed3_5000ep.json
  N=4  rho=1.0  M0_PDR=0.987  M1_PDR=0.716
[NS3Bridge] Shutdown complete.
Run complete.
