[seed] all RNGs seeded with 1
GPU : NVIDIA GeForce RTX 3060
VRAM: 12.9 GB
Device          : cuda:0
Actor M0 params : 20,500
Actor M1 params : 20,500
Critic params   : 78,081
obs_dim=10  action_dim=20  gs_dim=44
M0 count: 2  M1 count: 2
Training for 5000 episodes (Config B_M4_seed1_5000ep, N=4)...

[NS3Bridge] Connected tcp://localhost:6796
Ep    0 | M0_PDR 0.586 | M1_PDR 0.612 | H_m0 2.99 H_m1 2.99 | a-0.1557 c35.6830 ent0.0500 VRAM 23MB
Ep   50 | M0_PDR 0.613 | M1_PDR 0.532 | H_m0 2.96 H_m1 2.99 | a-0.1493 c14.8860 ent0.0495 VRAM 23MB
Ep  100 | M0_PDR 0.587 | M1_PDR 0.630 | H_m0 2.94 H_m1 2.96 | a-0.1468 c10.0673 ent0.0490 VRAM 23MB
Ep  150 | M0_PDR 0.585 | M1_PDR 0.612 | H_m0 2.89 H_m1 2.97 | a-0.1428 c7.9607 ent0.0485 VRAM 23MB
Ep  200 | M0_PDR 0.661 | M1_PDR 0.519 | H_m0 2.78 H_m1 2.98 | a-0.1399 c5.1557 ent0.0480 VRAM 23MB
Ep  250 | M0_PDR 0.642 | M1_PDR 0.558 | H_m0 2.72 H_m1 2.98 | a-0.1368 c4.0245 ent0.0475 VRAM 23MB
Ep  300 | M0_PDR 0.581 | M1_PDR 0.603 | H_m0 2.74 H_m1 2.94 | a-0.1346 c2.7511 ent0.0471 VRAM 23MB
Error: tcpip::Socket::accept() Unable to create listening socket: Address already in use
Quitting (on error).
Ep  350 | M0_PDR 0.620 | M1_PDR 0.577 | H_m0 2.59 H_m1 2.97 | a-0.1301 c2.0648 ent0.0466 VRAM 23MB
Ep  400 | M0_PDR 0.602 | M1_PDR 0.571 | H_m0 2.58 H_m1 2.97 | a-0.1290 c2.6590 ent0.0461 VRAM 23MB
Ep  450 | M0_PDR 0.643 | M1_PDR 0.566 | H_m0 2.62 H_m1 2.98 | a-0.1288 c2.3915 ent0.0456 VRAM 23MB
Ep  500 | M0_PDR 0.638 | M1_PDR 0.569 | H_m0 2.67 H_m1 2.98 | a-0.1281 c1.4270 ent0.0451 VRAM 23MB
Ep  550 | M0_PDR 0.612 | M1_PDR 0.586 | H_m0 2.70 H_m1 2.97 | a-0.1277 c2.0762 ent0.0446 VRAM 23MB
Ep  600 | M0_PDR 0.612 | M1_PDR 0.556 | H_m0 2.54 H_m1 2.89 | a-0.1198 c3.5881 ent0.0441 VRAM 23MB
Ep  650 | M0_PDR 0.619 | M1_PDR 0.563 | H_m0 2.52 H_m1 2.94 | a-0.1213 c2.4343 ent0.0436 VRAM 23MB
Ep  700 | M0_PDR 0.651 | M1_PDR 0.555 | H_m0 2.41 H_m1 2.91 | a-0.1160 c2.5594 ent0.0431 VRAM 23MB
Ep  750 | M0_PDR 0.658 | M1_PDR 0.573 | H_m0 2.42 H_m1 2.89 | a-0.1148 c1.9232 ent0.0426 VRAM 23MB
Ep  800 | M0_PDR 0.658 | M1_PDR 0.594 | H_m0 2.41 H_m1 2.95 | a-0.1141 c2.0993 ent0.0422 VRAM 23MB
Ep  850 | M0_PDR 0.624 | M1_PDR 0.541 | H_m0 2.44 H_m1 2.95 | a-0.1131 c1.9727 ent0.0417 VRAM 23MB
Ep  900 | M0_PDR 0.630 | M1_PDR 0.574 | H_m0 2.22 H_m1 2.93 | a-0.1080 c1.6087 ent0.0412 VRAM 23MB
Ep  950 | M0_PDR 0.680 | M1_PDR 0.561 | H_m0 2.29 H_m1 2.97 | a-0.1078 c2.4964 ent0.0407 VRAM 23MB
Ep 1000 | M0_PDR 0.662 | M1_PDR 0.546 | H_m0 2.28 H_m1 2.98 | a-0.1063 c1.1770 ent0.0402 VRAM 23MB
Ep 1050 | M0_PDR 0.629 | M1_PDR 0.571 | H_m0 2.41 H_m1 2.98 | a-0.1076 c1.9473 ent0.0397 VRAM 23MB
Ep 1100 | M0_PDR 0.622 | M1_PDR 0.600 | H_m0 2.55 H_m1 2.96 | a-0.1084 c2.2145 ent0.0392 VRAM 23MB
Ep 1150 | M0_PDR 0.612 | M1_PDR 0.549 | H_m0 2.45 H_m1 2.93 | a-0.1063 c2.0316 ent0.0387 VRAM 23MB
Ep 1200 | M0_PDR 0.617 | M1_PDR 0.544 | H_m0 2.44 H_m1 2.90 | a-0.1020 c1.7879 ent0.0382 VRAM 23MB
Ep 1250 | M0_PDR 0.690 | M1_PDR 0.538 | H_m0 2.30 H_m1 2.96 | a-0.0997 c1.5862 ent0.0377 VRAM 23MB
Ep 1300 | M0_PDR 0.619 | M1_PDR 0.540 | H_m0 2.27 H_m1 2.96 | a-0.0972 c3.0333 ent0.0373 VRAM 23MB
Ep 1350 | M0_PDR 0.665 | M1_PDR 0.551 | H_m0 2.09 H_m1 2.95 | a-0.0927 c1.7979 ent0.0368 VRAM 23MB
Ep 1400 | M0_PDR 0.698 | M1_PDR 0.568 | H_m0 1.91 H_m1 2.93 | a-0.0884 c2.3051 ent0.0363 VRAM 23MB
Ep 1450 | M0_PDR 0.753 | M1_PDR 0.573 | H_m0 1.49 H_m1 2.89 | a-0.0792 c2.2146 ent0.0358 VRAM 23MB
Ep 1500 | M0_PDR 0.927 | M1_PDR 0.628 | H_m0 0.31 H_m1 2.25 | a-0.0491 c1.2762 ent0.0353 VRAM 23MB
Ep 1550 | M0_PDR 0.949 | M1_PDR 0.675 | H_m0 0.06 H_m1 2.40 | a-0.0441 c0.8874 ent0.0348 VRAM 23MB
Ep 1600 | M0_PDR 0.927 | M1_PDR 0.659 | H_m0 0.16 H_m1 2.43 | a-0.0452 c1.2306 ent0.0343 VRAM 23MB
Ep 1650 | M0_PDR 0.946 | M1_PDR 0.639 | H_m0 0.06 H_m1 2.41 | a-0.0431 c0.7765 ent0.0338 VRAM 23MB
Ep 1700 | M0_PDR 0.972 | M1_PDR 0.682 | H_m0 0.09 H_m1 2.43 | a-0.0424 c0.5748 ent0.0333 VRAM 23MB
Ep 1750 | M0_PDR 0.963 | M1_PDR 0.670 | H_m0 0.23 H_m1 2.40 | a-0.0432 c0.7460 ent0.0328 VRAM 23MB
Ep 1800 | M0_PDR 0.973 | M1_PDR 0.673 | H_m0 0.09 H_m1 2.22 | a-0.0374 c0.5398 ent0.0324 VRAM 23MB
Ep 1850 | M0_PDR 0.967 | M1_PDR 0.691 | H_m0 0.07 H_m1 2.26 | a-0.0374 c0.5557 ent0.0319 VRAM 23MB
Ep 1900 | M0_PDR 0.964 | M1_PDR 0.710 | H_m0 0.04 H_m1 2.36 | a-0.0377 c0.6156 ent0.0314 VRAM 23MB
Ep 1950 | M0_PDR 0.975 | M1_PDR 0.640 | H_m0 0.13 H_m1 2.31 | a-0.0381 c0.8158 ent0.0309 VRAM 23MB
Ep 2000 | M0_PDR 0.968 | M1_PDR 0.658 | H_m0 0.27 H_m1 2.41 | a-0.0407 c0.5244 ent0.0304 VRAM 23MB
Ep 2050 | M0_PDR 0.959 | M1_PDR 0.654 | H_m0 0.20 H_m1 2.37 | a-0.0403 c0.8664 ent0.0299 VRAM 23MB
Ep 2100 | M0_PDR 0.957 | M1_PDR 0.682 | H_m0 0.31 H_m1 2.24 | a-0.0382 c1.0696 ent0.0294 VRAM 23MB
Ep 2150 | M0_PDR 0.990 | M1_PDR 0.693 | H_m0 0.33 H_m1 2.04 | a-0.0337 c0.9613 ent0.0289 VRAM 23MB
Ep 2200 | M0_PDR 0.980 | M1_PDR 0.674 | H_m0 0.32 H_m1 2.21 | a-0.0363 c0.5263 ent0.0284 VRAM 23MB
Ep 2250 | M0_PDR 0.979 | M1_PDR 0.711 | H_m0 0.37 H_m1 2.11 | a-0.0380 c0.5416 ent0.0279 VRAM 23MB
Ep 2300 | M0_PDR 0.962 | M1_PDR 0.701 | H_m0 0.26 H_m1 2.22 | a-0.0351 c0.6300 ent0.0275 VRAM 23MB
Ep 2350 | M0_PDR 0.945 | M1_PDR 0.643 | H_m0 0.35 H_m1 2.35 | a-0.0366 c0.6465 ent0.0270 VRAM 23MB
Ep 2400 | M0_PDR 0.935 | M1_PDR 0.655 | H_m0 0.28 H_m1 2.26 | a-0.0350 c0.7895 ent0.0265 VRAM 23MB
Ep 2450 | M0_PDR 0.968 | M1_PDR 0.714 | H_m0 0.33 H_m1 2.25 | a-0.0334 c0.6303 ent0.0260 VRAM 23MB
Ep 2500 | M0_PDR 0.988 | M1_PDR 0.695 | H_m0 0.40 H_m1 2.24 | a-0.0337 c0.5155 ent0.0255 VRAM 23MB
Ep 2550 | M0_PDR 0.940 | M1_PDR 0.722 | H_m0 0.45 H_m1 2.30 | a-0.0344 c0.8164 ent0.0250 VRAM 23MB
Ep 2600 | M0_PDR 0.957 | M1_PDR 0.674 | H_m0 0.42 H_m1 2.21 | a-0.0329 c0.6218 ent0.0245 VRAM 23MB
Ep 2650 | M0_PDR 0.946 | M1_PDR 0.677 | H_m0 0.35 H_m1 2.16 | a-0.0316 c0.9751 ent0.0240 VRAM 23MB
Ep 2700 | M0_PDR 0.958 | M1_PDR 0.684 | H_m0 0.46 H_m1 2.07 | a-0.0315 c0.6801 ent0.0235 VRAM 23MB
Ep 2750 | M0_PDR 0.956 | M1_PDR 0.611 | H_m0 0.36 H_m1 2.21 | a-0.0304 c0.6136 ent0.0230 VRAM 23MB
Ep 2800 | M0_PDR 0.940 | M1_PDR 0.667 | H_m0 0.24 H_m1 2.21 | a-0.0277 c0.6473 ent0.0226 VRAM 23MB
Ep 2850 | M0_PDR 0.953 | M1_PDR 0.697 | H_m0 0.24 H_m1 2.24 | a-0.0273 c0.5676 ent0.0221 VRAM 23MB
Ep 2900 | M0_PDR 0.968 | M1_PDR 0.660 | H_m0 0.19 H_m1 2.23 | a-0.0274 c0.5410 ent0.0216 VRAM 23MB
Ep 2950 | M0_PDR 0.967 | M1_PDR 0.662 | H_m0 0.36 H_m1 2.14 | a-0.0264 c0.5156 ent0.0211 VRAM 23MB
Ep 3000 | M0_PDR 0.974 | M1_PDR 0.638 | H_m0 0.22 H_m1 2.12 | a-0.0244 c0.4468 ent0.0206 VRAM 23MB
Ep 3050 | M0_PDR 0.962 | M1_PDR 0.677 | H_m0 0.26 H_m1 2.16 | a-0.0245 c0.5120 ent0.0201 VRAM 23MB
Ep 3100 | M0_PDR 0.967 | M1_PDR 0.664 | H_m0 0.25 H_m1 2.13 | a-0.0236 c0.6799 ent0.0196 VRAM 23MB
Ep 3150 | M0_PDR 0.970 | M1_PDR 0.679 | H_m0 0.31 H_m1 2.20 | a-0.0241 c0.5649 ent0.0191 VRAM 23MB
Ep 3200 | M0_PDR 0.934 | M1_PDR 0.673 | H_m0 0.36 H_m1 2.23 | a-0.0248 c0.8602 ent0.0186 VRAM 23MB
Ep 3250 | M0_PDR 0.954 | M1_PDR 0.686 | H_m0 0.40 H_m1 2.27 | a-0.0249 c0.6699 ent0.0181 VRAM 23MB
Ep 3300 | M0_PDR 0.958 | M1_PDR 0.652 | H_m0 0.36 H_m1 2.22 | a-0.0229 c0.6398 ent0.0177 VRAM 23MB
Ep 3350 | M0_PDR 0.960 | M1_PDR 0.641 | H_m0 0.36 H_m1 2.19 | a-0.0222 c0.5979 ent0.0172 VRAM 23MB
Ep 3400 | M0_PDR 0.960 | M1_PDR 0.653 | H_m0 0.34 H_m1 2.28 | a-0.0221 c0.6078 ent0.0167 VRAM 23MB
Ep 3450 | M0_PDR 0.962 | M1_PDR 0.677 | H_m0 0.43 H_m1 2.19 | a-0.0218 c0.5034 ent0.0162 VRAM 23MB
Ep 3500 | M0_PDR 0.958 | M1_PDR 0.723 | H_m0 0.43 H_m1 2.17 | a-0.0209 c0.6573 ent0.0157 VRAM 23MB
Ep 3550 | M0_PDR 0.950 | M1_PDR 0.690 | H_m0 0.35 H_m1 2.17 | a-0.0201 c0.8049 ent0.0152 VRAM 23MB
Ep 3600 | M0_PDR 0.971 | M1_PDR 0.672 | H_m0 0.28 H_m1 2.14 | a-0.0180 c0.5325 ent0.0147 VRAM 23MB
Ep 3650 | M0_PDR 0.950 | M1_PDR 0.684 | H_m0 0.33 H_m1 2.04 | a-0.0172 c0.5947 ent0.0142 VRAM 23MB
Ep 3700 | M0_PDR 0.960 | M1_PDR 0.673 | H_m0 0.35 H_m1 1.98 | a-0.0161 c0.6025 ent0.0137 VRAM 23MB
Ep 3750 | M0_PDR 0.978 | M1_PDR 0.685 | H_m0 0.34 H_m1 2.02 | a-0.0160 c0.5687 ent0.0132 VRAM 23MB
Ep 3800 | M0_PDR 0.980 | M1_PDR 0.672 | H_m0 0.28 H_m1 1.97 | a-0.0145 c0.4315 ent0.0128 VRAM 23MB
Ep 3850 | M0_PDR 0.983 | M1_PDR 0.715 | H_m0 0.29 H_m1 1.94 | a-0.0138 c0.4178 ent0.0123 VRAM 23MB
Ep 3900 | M0_PDR 0.984 | M1_PDR 0.665 | H_m0 0.30 H_m1 1.91 | a-0.0133 c0.4007 ent0.0118 VRAM 23MB
Ep 3950 | M0_PDR 0.980 | M1_PDR 0.683 | H_m0 0.34 H_m1 1.86 | a-0.0124 c0.5127 ent0.0113 VRAM 23MB
Ep 4000 | M0_PDR 0.976 | M1_PDR 0.668 | H_m0 0.34 H_m1 1.81 | a-0.0121 c0.4802 ent0.0108 VRAM 23MB
Ep 4050 | M0_PDR 0.985 | M1_PDR 0.725 | H_m0 0.37 H_m1 1.76 | a-0.0111 c0.4081 ent0.0103 VRAM 23MB
Ep 4100 | M0_PDR 0.987 | M1_PDR 0.690 | H_m0 0.37 H_m1 1.70 | a-0.0103 c0.4058 ent0.0098 VRAM 23MB
Ep 4150 | M0_PDR 0.990 | M1_PDR 0.695 | H_m0 0.34 H_m1 1.72 | a-0.0097 c0.4068 ent0.0093 VRAM 23MB
Ep 4200 | M0_PDR 0.988 | M1_PDR 0.659 | H_m0 0.30 H_m1 1.71 | a-0.0090 c0.4156 ent0.0088 VRAM 23MB
Ep 4250 | M0_PDR 0.978 | M1_PDR 0.682 | H_m0 0.26 H_m1 1.65 | a-0.0082 c0.4851 ent0.0083 VRAM 23MB
Ep 4300 | M0_PDR 0.996 | M1_PDR 0.689 | H_m0 0.26 H_m1 1.65 | a-0.0076 c0.3586 ent0.0079 VRAM 23MB
Ep 4350 | M0_PDR 0.985 | M1_PDR 0.684 | H_m0 0.27 H_m1 1.63 | a-0.0070 c0.3979 ent0.0074 VRAM 23MB
Ep 4400 | M0_PDR 0.985 | M1_PDR 0.690 | H_m0 0.28 H_m1 1.56 | a-0.0064 c0.4073 ent0.0069 VRAM 23MB
Ep 4450 | M0_PDR 0.989 | M1_PDR 0.703 | H_m0 0.29 H_m1 1.53 | a-0.0059 c0.3953 ent0.0064 VRAM 23MB
Ep 4500 | M0_PDR 0.982 | M1_PDR 0.733 | H_m0 0.29 H_m1 1.48 | a-0.0053 c0.4420 ent0.0059 VRAM 23MB
Ep 4550 | M0_PDR 0.983 | M1_PDR 0.708 | H_m0 0.29 H_m1 1.46 | a-0.0048 c0.4805 ent0.0054 VRAM 23MB
Ep 4600 | M0_PDR 0.995 | M1_PDR 0.700 | H_m0 0.28 H_m1 1.47 | a-0.0043 c0.3862 ent0.0049 VRAM 23MB
Ep 4650 | M0_PDR 0.993 | M1_PDR 0.683 | H_m0 0.27 H_m1 1.45 | a-0.0039 c0.4002 ent0.0044 VRAM 23MB
Ep 4700 | M0_PDR 0.988 | M1_PDR 0.706 | H_m0 0.28 H_m1 1.42 | a-0.0034 c0.4452 ent0.0039 VRAM 23MB
Ep 4750 | M0_PDR 0.985 | M1_PDR 0.694 | H_m0 0.30 H_m1 1.39 | a-0.0030 c0.4207 ent0.0034 VRAM 23MB
Ep 4800 | M0_PDR 0.990 | M1_PDR 0.692 | H_m0 0.31 H_m1 1.38 | a-0.0025 c0.4270 ent0.0030 VRAM 23MB
Ep 4850 | M0_PDR 0.995 | M1_PDR 0.667 | H_m0 0.32 H_m1 1.39 | a-0.0022 c0.3841 ent0.0025 VRAM 23MB
Ep 4900 | M0_PDR 0.998 | M1_PDR 0.712 | H_m0 0.30 H_m1 1.37 | a-0.0017 c0.3353 ent0.0020 VRAM 23MB
Ep 4950 | M0_PDR 0.997 | M1_PDR 0.738 | H_m0 0.29 H_m1 1.34 | a-0.0012 c0.3893 ent0.0015 VRAM 23MB

Training complete. Running 100 eval episodes...

  Eval ep   0: M0_PDR=0.997  M1_PDR=0.715
  Eval ep  20: M0_PDR=0.995  M1_PDR=0.701
  Eval ep  40: M0_PDR=0.995  M1_PDR=0.711
  Eval ep  60: M0_PDR=0.996  M1_PDR=0.718
  Eval ep  80: M0_PDR=0.987  M1_PDR=0.704

=== Eval Summary (100 episodes) ===
  M0_PDR_mean         : 0.9936
  M0_PDR_p05 (across) : 0.9875
  M0_PDR_p05 (intra)  : 1.0000
  M1_PDR_mean         : 0.6945
  M0_SINR_mean (dB)   : 46.07
  M1_SINR_mean (dB)   : 15.64
  M0_collision_rate   : 0.011
  M0_collision_within_pool : 0.000
  M1_collision_within_pool : 0.485

Result saved -> results/_B_M4_seed1_5000ep.json
  N=4  rho=1.0  M0_PDR=0.994  M1_PDR=0.694
[NS3Bridge] Shutdown complete.
Run complete.
