[seed] all RNGs seeded with 4
GPU : NVIDIA GeForce RTX 3060
VRAM: 12.9 GB
Device          : cuda:0
Actor M0 params : 20,500
Actor M1 params : 20,500
Critic params   : 78,081
obs_dim=10  action_dim=20  gs_dim=44
M0 count: 2  M1 count: 2
Training for 5000 episodes (Config B_M4_seed4_5000ep, N=4)...

[NS3Bridge] Connected tcp://localhost:6826
Ep    0 | M0_PDR 0.605 | M1_PDR 0.607 | H_m0 2.99 H_m1 2.99 | a-0.1550 c38.5397 ent0.0500 VRAM 23MB
Ep   50 | M0_PDR 0.580 | M1_PDR 0.660 | H_m0 2.97 H_m1 2.98 | a-0.1482 c16.7158 ent0.0495 VRAM 23MB
Ep  100 | M0_PDR 0.618 | M1_PDR 0.575 | H_m0 2.94 H_m1 2.91 | a-0.1442 c9.9358 ent0.0490 VRAM 23MB
Ep  150 | M0_PDR 0.575 | M1_PDR 0.593 | H_m0 2.87 H_m1 2.94 | a-0.1428 c6.5555 ent0.0485 VRAM 23MB
Ep  200 | M0_PDR 0.575 | M1_PDR 0.577 | H_m0 2.83 H_m1 2.96 | a-0.1408 c3.9993 ent0.0480 VRAM 23MB
Ep  250 | M0_PDR 0.641 | M1_PDR 0.565 | H_m0 2.70 H_m1 2.97 | a-0.1368 c3.6702 ent0.0475 VRAM 23MB
Ep  300 | M0_PDR 0.613 | M1_PDR 0.527 | H_m0 2.65 H_m1 2.98 | a-0.1337 c2.2528 ent0.0471 VRAM 23MB
Ep  350 | M0_PDR 0.663 | M1_PDR 0.600 | H_m0 2.49 H_m1 2.98 | a-0.1285 c2.3522 ent0.0466 VRAM 23MB
Ep  400 | M0_PDR 0.604 | M1_PDR 0.554 | H_m0 2.64 H_m1 2.96 | a-0.1298 c2.8099 ent0.0461 VRAM 23MB
Ep  450 | M0_PDR 0.674 | M1_PDR 0.514 | H_m0 2.49 H_m1 2.98 | a-0.1248 c2.1136 ent0.0456 VRAM 23MB
Ep  500 | M0_PDR 0.602 | M1_PDR 0.568 | H_m0 2.59 H_m1 2.96 | a-0.1266 c1.7693 ent0.0451 VRAM 23MB
Ep  550 | M0_PDR 0.675 | M1_PDR 0.528 | H_m0 2.41 H_m1 2.96 | a-0.1211 c1.8094 ent0.0446 VRAM 23MB
Ep  600 | M0_PDR 0.675 | M1_PDR 0.592 | H_m0 2.53 H_m1 2.97 | a-0.1226 c2.3618 ent0.0441 VRAM 23MB
Ep  650 | M0_PDR 0.692 | M1_PDR 0.600 | H_m0 2.41 H_m1 2.96 | a-0.1169 c1.9271 ent0.0436 VRAM 23MB
Ep  700 | M0_PDR 0.657 | M1_PDR 0.516 | H_m0 2.41 H_m1 2.95 | a-0.1169 c1.7106 ent0.0431 VRAM 23MB
Ep  750 | M0_PDR 0.669 | M1_PDR 0.522 | H_m0 2.29 H_m1 2.97 | a-0.1144 c1.6372 ent0.0426 VRAM 23MB
Ep  800 | M0_PDR 0.655 | M1_PDR 0.537 | H_m0 2.42 H_m1 2.98 | a-0.1143 c1.8914 ent0.0422 VRAM 23MB
Ep  850 | M0_PDR 0.610 | M1_PDR 0.549 | H_m0 2.46 H_m1 2.98 | a-0.1139 c2.2303 ent0.0417 VRAM 23MB
Ep  900 | M0_PDR 0.697 | M1_PDR 0.565 | H_m0 2.26 H_m1 2.96 | a-0.1083 c1.5774 ent0.0412 VRAM 23MB
Ep  950 | M0_PDR 0.612 | M1_PDR 0.535 | H_m0 2.33 H_m1 2.93 | a-0.1079 c2.8834 ent0.0407 VRAM 23MB
Ep 1000 | M0_PDR 0.672 | M1_PDR 0.528 | H_m0 2.21 H_m1 2.95 | a-0.1065 c2.6628 ent0.0402 VRAM 23MB
Ep 1050 | M0_PDR 0.673 | M1_PDR 0.577 | H_m0 2.40 H_m1 2.94 | a-0.1062 c1.5947 ent0.0397 VRAM 23MB
Ep 1100 | M0_PDR 0.610 | M1_PDR 0.536 | H_m0 2.48 H_m1 2.96 | a-0.1074 c2.6138 ent0.0392 VRAM 23MB
Ep 1150 | M0_PDR 0.672 | M1_PDR 0.568 | H_m0 2.40 H_m1 2.97 | a-0.1043 c1.6832 ent0.0387 VRAM 23MB
Ep 1200 | M0_PDR 0.664 | M1_PDR 0.553 | H_m0 2.13 H_m1 2.93 | a-0.0970 c2.0588 ent0.0382 VRAM 23MB
Ep 1250 | M0_PDR 0.645 | M1_PDR 0.588 | H_m0 2.40 H_m1 2.91 | a-0.1008 c2.2031 ent0.0377 VRAM 23MB
Ep 1300 | M0_PDR 0.647 | M1_PDR 0.548 | H_m0 2.31 H_m1 2.94 | a-0.1000 c2.0702 ent0.0373 VRAM 23MB
Ep 1350 | M0_PDR 0.642 | M1_PDR 0.549 | H_m0 2.38 H_m1 2.96 | a-0.0990 c1.8660 ent0.0368 VRAM 23MB
Ep 1400 | M0_PDR 0.660 | M1_PDR 0.560 | H_m0 2.15 H_m1 2.96 | a-0.0940 c1.8036 ent0.0363 VRAM 23MB
Ep 1450 | M0_PDR 0.761 | M1_PDR 0.502 | H_m0 1.47 H_m1 2.97 | a-0.0794 c1.9561 ent0.0358 VRAM 23MB
Ep 1500 | M0_PDR 0.808 | M1_PDR 0.559 | H_m0 0.73 H_m1 2.92 | a-0.0652 c1.4842 ent0.0353 VRAM 23MB
Ep 1550 | M0_PDR 0.903 | M1_PDR 0.580 | H_m0 0.24 H_m1 2.76 | a-0.0536 c1.7609 ent0.0348 VRAM 23MB
Ep 1600 | M0_PDR 0.975 | M1_PDR 0.678 | H_m0 0.04 H_m1 2.32 | a-0.0411 c0.7535 ent0.0343 VRAM 23MB
Ep 1650 | M0_PDR 0.990 | M1_PDR 0.709 | H_m0 0.02 H_m1 2.24 | a-0.0394 c0.4188 ent0.0338 VRAM 23MB
Ep 1700 | M0_PDR 0.984 | M1_PDR 0.656 | H_m0 0.01 H_m1 2.29 | a-0.0399 c0.5664 ent0.0333 VRAM 23MB
Ep 1750 | M0_PDR 0.995 | M1_PDR 0.682 | H_m0 0.01 H_m1 2.06 | a-0.0347 c0.4901 ent0.0328 VRAM 23MB
Ep 1800 | M0_PDR 0.998 | M1_PDR 0.663 | H_m0 0.01 H_m1 2.10 | a-0.0349 c0.6515 ent0.0324 VRAM 23MB
Ep 1850 | M0_PDR 0.995 | M1_PDR 0.675 | H_m0 0.01 H_m1 2.09 | a-0.0347 c0.4535 ent0.0319 VRAM 23MB
Ep 1900 | M0_PDR 0.998 | M1_PDR 0.639 | H_m0 0.01 H_m1 2.08 | a-0.0337 c0.5024 ent0.0314 VRAM 23MB
Ep 1950 | M0_PDR 0.996 | M1_PDR 0.669 | H_m0 0.01 H_m1 2.03 | a-0.0325 c0.4097 ent0.0309 VRAM 23MB
Ep 2000 | M0_PDR 0.998 | M1_PDR 0.716 | H_m0 0.01 H_m1 2.07 | a-0.0324 c0.4171 ent0.0304 VRAM 23MB
Ep 2050 | M0_PDR 0.990 | M1_PDR 0.660 | H_m0 0.01 H_m1 2.09 | a-0.0320 c0.5497 ent0.0299 VRAM 23MB
Ep 2100 | M0_PDR 0.983 | M1_PDR 0.687 | H_m0 0.01 H_m1 2.00 | a-0.0300 c0.4893 ent0.0294 VRAM 23MB
Ep 2150 | M0_PDR 0.987 | M1_PDR 0.676 | H_m0 0.14 H_m1 2.08 | a-0.0328 c0.5024 ent0.0289 VRAM 23MB
Ep 2200 | M0_PDR 0.979 | M1_PDR 0.718 | H_m0 0.11 H_m1 2.04 | a-0.0306 c0.4782 ent0.0284 VRAM 23MB
Ep 2250 | M0_PDR 0.990 | M1_PDR 0.690 | H_m0 0.06 H_m1 2.00 | a-0.0292 c0.4832 ent0.0279 VRAM 23MB
Ep 2300 | M0_PDR 0.984 | M1_PDR 0.653 | H_m0 0.03 H_m1 2.03 | a-0.0289 c0.4774 ent0.0275 VRAM 23MB
Ep 2350 | M0_PDR 0.988 | M1_PDR 0.675 | H_m0 0.03 H_m1 2.06 | a-0.0285 c0.4511 ent0.0270 VRAM 23MB
Ep 2400 | M0_PDR 0.987 | M1_PDR 0.731 | H_m0 0.04 H_m1 2.05 | a-0.0278 c0.4322 ent0.0265 VRAM 23MB
Ep 2450 | M0_PDR 0.979 | M1_PDR 0.665 | H_m0 0.04 H_m1 2.04 | a-0.0278 c0.4830 ent0.0260 VRAM 23MB
Ep 2500 | M0_PDR 0.983 | M1_PDR 0.682 | H_m0 0.29 H_m1 2.04 | a-0.0295 c0.4540 ent0.0255 VRAM 23MB
Ep 2550 | M0_PDR 0.972 | M1_PDR 0.705 | H_m0 0.35 H_m1 2.10 | a-0.0306 c0.6740 ent0.0250 VRAM 23MB
Ep 2600 | M0_PDR 0.974 | M1_PDR 0.704 | H_m0 0.26 H_m1 2.09 | a-0.0291 c0.5681 ent0.0245 VRAM 23MB
Ep 2650 | M0_PDR 0.975 | M1_PDR 0.655 | H_m0 0.29 H_m1 2.13 | a-0.0303 c0.8738 ent0.0240 VRAM 23MB
Ep 2700 | M0_PDR 0.977 | M1_PDR 0.719 | H_m0 0.32 H_m1 1.96 | a-0.0271 c0.5330 ent0.0235 VRAM 23MB
Ep 2750 | M0_PDR 0.980 | M1_PDR 0.698 | H_m0 0.30 H_m1 2.05 | a-0.0286 c0.5227 ent0.0230 VRAM 23MB
Ep 2800 | M0_PDR 0.965 | M1_PDR 0.672 | H_m0 0.26 H_m1 2.19 | a-0.0276 c0.6875 ent0.0226 VRAM 23MB
Ep 2850 | M0_PDR 0.969 | M1_PDR 0.685 | H_m0 0.22 H_m1 2.18 | a-0.0268 c0.6129 ent0.0221 VRAM 23MB
Ep 2900 | M0_PDR 0.953 | M1_PDR 0.660 | H_m0 0.13 H_m1 2.11 | a-0.0243 c0.6358 ent0.0216 VRAM 23MB
Ep 2950 | M0_PDR 0.979 | M1_PDR 0.662 | H_m0 0.12 H_m1 2.08 | a-0.0237 c0.6370 ent0.0211 VRAM 23MB
Ep 3000 | M0_PDR 0.989 | M1_PDR 0.701 | H_m0 0.24 H_m1 2.04 | a-0.0239 c0.5222 ent0.0206 VRAM 23MB
Ep 3050 | M0_PDR 0.959 | M1_PDR 0.723 | H_m0 0.18 H_m1 1.99 | a-0.0225 c0.6493 ent0.0201 VRAM 23MB
Ep 3100 | M0_PDR 0.978 | M1_PDR 0.683 | H_m0 0.13 H_m1 2.09 | a-0.0223 c0.6085 ent0.0196 VRAM 23MB
Ep 3150 | M0_PDR 0.966 | M1_PDR 0.687 | H_m0 0.12 H_m1 2.06 | a-0.0211 c0.5625 ent0.0191 VRAM 23MB
Ep 3200 | M0_PDR 0.945 | M1_PDR 0.648 | H_m0 0.13 H_m1 2.14 | a-0.0211 c0.7355 ent0.0186 VRAM 23MB
Ep 3250 | M0_PDR 0.983 | M1_PDR 0.658 | H_m0 0.06 H_m1 2.20 | a-0.0212 c0.4400 ent0.0181 VRAM 23MB
Ep 3300 | M0_PDR 0.958 | M1_PDR 0.656 | H_m0 0.07 H_m1 2.14 | a-0.0194 c0.6102 ent0.0177 VRAM 23MB
Ep 3350 | M0_PDR 0.975 | M1_PDR 0.709 | H_m0 0.20 H_m1 2.06 | a-0.0199 c0.5497 ent0.0172 VRAM 23MB
Ep 3400 | M0_PDR 0.970 | M1_PDR 0.692 | H_m0 0.23 H_m1 2.00 | a-0.0193 c0.5557 ent0.0167 VRAM 23MB
Ep 3450 | M0_PDR 0.975 | M1_PDR 0.651 | H_m0 0.24 H_m1 2.01 | a-0.0192 c0.5021 ent0.0162 VRAM 23MB
Ep 3500 | M0_PDR 0.982 | M1_PDR 0.674 | H_m0 0.28 H_m1 1.95 | a-0.0176 c0.5258 ent0.0157 VRAM 23MB
Ep 3550 | M0_PDR 0.988 | M1_PDR 0.670 | H_m0 0.26 H_m1 1.93 | a-0.0177 c0.4771 ent0.0152 VRAM 23MB
Ep 3600 | M0_PDR 0.984 | M1_PDR 0.685 | H_m0 0.22 H_m1 1.93 | a-0.0162 c0.4414 ent0.0147 VRAM 23MB
Ep 3650 | M0_PDR 0.980 | M1_PDR 0.664 | H_m0 0.17 H_m1 1.90 | a-0.0152 c0.4892 ent0.0142 VRAM 23MB
Ep 3700 | M0_PDR 0.972 | M1_PDR 0.712 | H_m0 0.14 H_m1 1.85 | a-0.0139 c0.5420 ent0.0137 VRAM 23MB
Ep 3750 | M0_PDR 0.980 | M1_PDR 0.695 | H_m0 0.13 H_m1 1.84 | a-0.0131 c0.4348 ent0.0132 VRAM 23MB
Ep 3800 | M0_PDR 0.983 | M1_PDR 0.694 | H_m0 0.16 H_m1 1.78 | a-0.0125 c0.4520 ent0.0128 VRAM 23MB
Ep 3850 | M0_PDR 0.967 | M1_PDR 0.663 | H_m0 0.18 H_m1 1.75 | a-0.0120 c0.6742 ent0.0123 VRAM 23MB
Ep 3900 | M0_PDR 0.990 | M1_PDR 0.697 | H_m0 0.22 H_m1 1.75 | a-0.0119 c0.4351 ent0.0118 VRAM 23MB
Ep 3950 | M0_PDR 0.983 | M1_PDR 0.648 | H_m0 0.22 H_m1 1.76 | a-0.0117 c0.6054 ent0.0113 VRAM 23MB
Ep 4000 | M0_PDR 0.988 | M1_PDR 0.699 | H_m0 0.19 H_m1 1.68 | a-0.0103 c0.4281 ent0.0108 VRAM 23MB
Ep 4050 | M0_PDR 0.985 | M1_PDR 0.722 | H_m0 0.16 H_m1 1.61 | a-0.0093 c0.4687 ent0.0103 VRAM 23MB
Ep 4100 | M0_PDR 0.992 | M1_PDR 0.705 | H_m0 0.16 H_m1 1.54 | a-0.0085 c0.4011 ent0.0098 VRAM 23MB
Ep 4150 | M0_PDR 0.987 | M1_PDR 0.676 | H_m0 0.21 H_m1 1.56 | a-0.0084 c0.3937 ent0.0093 VRAM 23MB
Ep 4200 | M0_PDR 0.987 | M1_PDR 0.721 | H_m0 0.18 H_m1 1.52 | a-0.0080 c0.3884 ent0.0088 VRAM 23MB
Ep 4250 | M0_PDR 0.997 | M1_PDR 0.715 | H_m0 0.20 H_m1 1.49 | a-0.0072 c0.3396 ent0.0083 VRAM 23MB
Ep 4300 | M0_PDR 0.992 | M1_PDR 0.701 | H_m0 0.20 H_m1 1.46 | a-0.0067 c0.4058 ent0.0079 VRAM 23MB
Ep 4350 | M0_PDR 1.000 | M1_PDR 0.723 | H_m0 0.20 H_m1 1.45 | a-0.0061 c0.3446 ent0.0074 VRAM 23MB
Ep 4400 | M0_PDR 0.993 | M1_PDR 0.691 | H_m0 0.22 H_m1 1.46 | a-0.0057 c0.3777 ent0.0069 VRAM 23MB
Ep 4450 | M0_PDR 0.995 | M1_PDR 0.694 | H_m0 0.22 H_m1 1.45 | a-0.0054 c0.3581 ent0.0064 VRAM 23MB
Ep 4500 | M0_PDR 0.992 | M1_PDR 0.663 | H_m0 0.24 H_m1 1.43 | a-0.0049 c0.3800 ent0.0059 VRAM 23MB
Ep 4550 | M0_PDR 0.997 | M1_PDR 0.691 | H_m0 0.22 H_m1 1.42 | a-0.0045 c0.3395 ent0.0054 VRAM 23MB
Ep 4600 | M0_PDR 0.988 | M1_PDR 0.718 | H_m0 0.23 H_m1 1.39 | a-0.0041 c0.5181 ent0.0049 VRAM 23MB
Ep 4650 | M0_PDR 0.993 | M1_PDR 0.706 | H_m0 0.22 H_m1 1.40 | a-0.0036 c0.3905 ent0.0044 VRAM 23MB
Ep 4700 | M0_PDR 0.992 | M1_PDR 0.673 | H_m0 0.23 H_m1 1.42 | a-0.0033 c0.3729 ent0.0039 VRAM 23MB
Ep 4750 | M0_PDR 0.989 | M1_PDR 0.669 | H_m0 0.23 H_m1 1.40 | a-0.0029 c0.3977 ent0.0034 VRAM 23MB
Ep 4800 | M0_PDR 0.988 | M1_PDR 0.693 | H_m0 0.21 H_m1 1.35 | a-0.0023 c0.3930 ent0.0030 VRAM 23MB
Ep 4850 | M0_PDR 0.992 | M1_PDR 0.704 | H_m0 0.20 H_m1 1.34 | a-0.0019 c0.3767 ent0.0025 VRAM 23MB
Ep 4900 | M0_PDR 0.991 | M1_PDR 0.695 | H_m0 0.20 H_m1 1.33 | a-0.0016 c0.4102 ent0.0020 VRAM 23MB
Ep 4950 | M0_PDR 0.988 | M1_PDR 0.725 | H_m0 0.20 H_m1 1.32 | a-0.0011 c0.3695 ent0.0015 VRAM 23MB

Training complete. Running 100 eval episodes...

  Eval ep   0: M0_PDR=0.997  M1_PDR=0.686
  Eval ep  20: M0_PDR=0.990  M1_PDR=0.710
  Eval ep  40: M0_PDR=0.995  M1_PDR=0.726
  Eval ep  60: M0_PDR=0.993  M1_PDR=0.728
  Eval ep  80: M0_PDR=0.995  M1_PDR=0.686

=== Eval Summary (100 episodes) ===
  M0_PDR_mean         : 0.9950
  M0_PDR_p05 (across) : 0.9875
  M0_PDR_p05 (intra)  : 1.0000
  M1_PDR_mean         : 0.7060
  M0_SINR_mean (dB)   : 46.33
  M1_SINR_mean (dB)   : 16.53
  M0_collision_rate   : 0.009
  M0_collision_within_pool : 0.000
  M1_collision_within_pool : 0.475

Result saved -> results/_B_M4_seed4_5000ep.json
  N=4  rho=1.0  M0_PDR=0.995  M1_PDR=0.706
[NS3Bridge] Shutdown complete.
Run complete.
