[seed] all RNGs seeded with 2
GPU : NVIDIA GeForce RTX 3060
VRAM: 12.9 GB
Device          : cuda:0
Actor M0 params : 21,273
Actor M1 params : 21,273
Critic params   : 96,257
obs_dim=11  action_dim=25  gs_dim=115
M0 count: 5  M1 count: 5
Training for 5000 episodes (Config C_N10_seed2_gaefix_g05_ent01, N=10)...

[NS3Bridge] Connected tcp://localhost:7696
Ep    0 | M0_PDR 0.259 | M1_PDR 0.438 | H_m0 3.22 H_m1 3.22 | a-0.0353 c0.2562 ent0.0100 VRAM 33MB
Ep   50 | M0_PDR 0.278 | M1_PDR 0.511 | H_m0 1.68 H_m1 2.49 | a-0.0211 c0.2557 ent0.0099 VRAM 33MB
Ep  100 | M0_PDR 0.281 | M1_PDR 0.544 | H_m0 1.32 H_m1 1.51 | a-0.0149 c0.2706 ent0.0098 VRAM 33MB
Ep  150 | M0_PDR 0.283 | M1_PDR 0.523 | H_m0 1.20 H_m1 1.75 | a-0.0156 c0.2617 ent0.0097 VRAM 33MB
Ep  200 | M0_PDR 0.324 | M1_PDR 0.525 | H_m0 1.31 H_m1 1.65 | a-0.0154 c0.3152 ent0.0096 VRAM 33MB
Ep  250 | M0_PDR 0.301 | M1_PDR 0.541 | H_m0 1.47 H_m1 1.72 | a-0.0164 c0.2805 ent0.0095 VRAM 33MB
Ep  300 | M0_PDR 0.290 | M1_PDR 0.552 | H_m0 1.35 H_m1 1.79 | a-0.0161 c0.2817 ent0.0095 VRAM 33MB
Ep  350 | M0_PDR 0.274 | M1_PDR 0.537 | H_m0 1.33 H_m1 1.86 | a-0.0155 c0.2578 ent0.0094 VRAM 33MB
Ep  400 | M0_PDR 0.282 | M1_PDR 0.528 | H_m0 1.45 H_m1 1.73 | a-0.0157 c0.2640 ent0.0093 VRAM 33MB
Ep  450 | M0_PDR 0.288 | M1_PDR 0.550 | H_m0 1.34 H_m1 1.69 | a-0.0144 c0.2854 ent0.0092 VRAM 33MB
Ep  500 | M0_PDR 0.302 | M1_PDR 0.524 | H_m0 1.43 H_m1 1.76 | a-0.0145 c0.2870 ent0.0091 VRAM 33MB
Ep  550 | M0_PDR 0.296 | M1_PDR 0.557 | H_m0 1.41 H_m1 1.73 | a-0.0159 c0.2716 ent0.0090 VRAM 33MB
Ep  600 | M0_PDR 0.293 | M1_PDR 0.563 | H_m0 1.43 H_m1 1.71 | a-0.0148 c0.2790 ent0.0089 VRAM 33MB
Ep  650 | M0_PDR 0.303 | M1_PDR 0.542 | H_m0 1.34 H_m1 1.84 | a-0.0150 c0.2942 ent0.0088 VRAM 33MB
Ep  700 | M0_PDR 0.314 | M1_PDR 0.550 | H_m0 1.37 H_m1 1.69 | a-0.0149 c0.3000 ent0.0087 VRAM 33MB
Ep  750 | M0_PDR 0.293 | M1_PDR 0.530 | H_m0 1.43 H_m1 1.79 | a-0.0160 c0.2882 ent0.0086 VRAM 33MB
Ep  800 | M0_PDR 0.274 | M1_PDR 0.557 | H_m0 1.50 H_m1 1.66 | a-0.0147 c0.2697 ent0.0086 VRAM 33MB
Ep  850 | M0_PDR 0.268 | M1_PDR 0.529 | H_m0 1.51 H_m1 1.61 | a-0.0129 c0.2510 ent0.0085 VRAM 33MB
Ep  900 | M0_PDR 0.278 | M1_PDR 0.554 | H_m0 1.43 H_m1 1.74 | a-0.0161 c0.2610 ent0.0084 VRAM 33MB
Ep  950 | M0_PDR 0.293 | M1_PDR 0.519 | H_m0 1.52 H_m1 1.75 | a-0.0143 c0.2753 ent0.0083 VRAM 33MB
Ep 1000 | M0_PDR 0.296 | M1_PDR 0.559 | H_m0 1.45 H_m1 1.52 | a-0.0131 c0.2802 ent0.0082 VRAM 33MB
Ep 1050 | M0_PDR 0.293 | M1_PDR 0.552 | H_m0 1.39 H_m1 1.62 | a-0.0122 c0.2750 ent0.0081 VRAM 33MB
Ep 1100 | M0_PDR 0.281 | M1_PDR 0.564 | H_m0 1.36 H_m1 1.59 | a-0.0134 c0.2671 ent0.0080 VRAM 33MB
Ep 1150 | M0_PDR 0.279 | M1_PDR 0.530 | H_m0 1.60 H_m1 1.52 | a-0.0122 c0.2655 ent0.0079 VRAM 33MB
Ep 1200 | M0_PDR 0.297 | M1_PDR 0.505 | H_m0 1.41 H_m1 1.67 | a-0.0122 c0.2882 ent0.0078 VRAM 33MB
Ep 1250 | M0_PDR 0.307 | M1_PDR 0.555 | H_m0 1.42 H_m1 1.57 | a-0.0128 c0.2966 ent0.0077 VRAM 33MB
Ep 1300 | M0_PDR 0.280 | M1_PDR 0.556 | H_m0 1.35 H_m1 1.56 | a-0.0112 c0.2661 ent0.0077 VRAM 33MB
Ep 1350 | M0_PDR 0.290 | M1_PDR 0.541 | H_m0 1.15 H_m1 1.70 | a-0.0109 c0.2790 ent0.0076 VRAM 33MB
Ep 1400 | M0_PDR 0.288 | M1_PDR 0.542 | H_m0 1.53 H_m1 1.68 | a-0.0124 c0.2748 ent0.0075 VRAM 33MB
Ep 1450 | M0_PDR 0.319 | M1_PDR 0.528 | H_m0 1.56 H_m1 1.66 | a-0.0117 c0.3166 ent0.0074 VRAM 33MB
Ep 1500 | M0_PDR 0.305 | M1_PDR 0.566 | H_m0 1.51 H_m1 1.57 | a-0.0115 c0.2950 ent0.0073 VRAM 33MB
Ep 1550 | M0_PDR 0.300 | M1_PDR 0.550 | H_m0 1.57 H_m1 1.64 | a-0.0127 c0.2867 ent0.0072 VRAM 33MB
Ep 1600 | M0_PDR 0.291 | M1_PDR 0.537 | H_m0 1.53 H_m1 1.66 | a-0.0113 c0.2772 ent0.0071 VRAM 33MB
Ep 1650 | M0_PDR 0.321 | M1_PDR 0.544 | H_m0 1.55 H_m1 1.73 | a-0.0119 c0.3126 ent0.0070 VRAM 33MB
Ep 1700 | M0_PDR 0.283 | M1_PDR 0.546 | H_m0 1.55 H_m1 1.65 | a-0.0120 c0.2642 ent0.0069 VRAM 33MB
Ep 1750 | M0_PDR 0.279 | M1_PDR 0.572 | H_m0 1.60 H_m1 1.56 | a-0.0116 c0.2638 ent0.0068 VRAM 33MB
Ep 1800 | M0_PDR 0.293 | M1_PDR 0.533 | H_m0 1.57 H_m1 1.65 | a-0.0111 c0.2784 ent0.0068 VRAM 33MB
Ep 1850 | M0_PDR 0.291 | M1_PDR 0.547 | H_m0 1.50 H_m1 1.61 | a-0.0119 c0.2782 ent0.0067 VRAM 33MB
Ep 1900 | M0_PDR 0.273 | M1_PDR 0.560 | H_m0 1.47 H_m1 1.63 | a-0.0103 c0.2559 ent0.0066 VRAM 33MB
Ep 1950 | M0_PDR 0.277 | M1_PDR 0.532 | H_m0 1.39 H_m1 1.63 | a-0.0104 c0.2665 ent0.0065 VRAM 33MB
Ep 2000 | M0_PDR 0.305 | M1_PDR 0.536 | H_m0 1.43 H_m1 1.62 | a-0.0104 c0.2846 ent0.0064 VRAM 33MB
Ep 2050 | M0_PDR 0.303 | M1_PDR 0.539 | H_m0 1.56 H_m1 1.65 | a-0.0108 c0.2901 ent0.0063 VRAM 33MB
Ep 2100 | M0_PDR 0.291 | M1_PDR 0.511 | H_m0 1.49 H_m1 1.73 | a-0.0104 c0.2869 ent0.0062 VRAM 33MB
Ep 2150 | M0_PDR 0.284 | M1_PDR 0.564 | H_m0 1.52 H_m1 1.57 | a-0.0104 c0.2623 ent0.0061 VRAM 33MB
Ep 2200 | M0_PDR 0.291 | M1_PDR 0.537 | H_m0 1.56 H_m1 1.62 | a-0.0100 c0.2648 ent0.0060 VRAM 33MB
Ep 2250 | M0_PDR 0.279 | M1_PDR 0.526 | H_m0 1.53 H_m1 1.68 | a-0.0106 c0.2738 ent0.0059 VRAM 33MB
Ep 2300 | M0_PDR 0.306 | M1_PDR 0.561 | H_m0 1.41 H_m1 1.59 | a-0.0087 c0.2828 ent0.0059 VRAM 33MB
Ep 2350 | M0_PDR 0.281 | M1_PDR 0.546 | H_m0 1.56 H_m1 1.61 | a-0.0094 c0.2653 ent0.0058 VRAM 33MB
Ep 2400 | M0_PDR 0.292 | M1_PDR 0.567 | H_m0 1.56 H_m1 1.46 | a-0.0097 c0.2662 ent0.0057 VRAM 33MB
Ep 2450 | M0_PDR 0.307 | M1_PDR 0.563 | H_m0 1.38 H_m1 1.55 | a-0.0082 c0.2978 ent0.0056 VRAM 33MB
Ep 2500 | M0_PDR 0.288 | M1_PDR 0.560 | H_m0 1.22 H_m1 1.54 | a-0.0077 c0.2731 ent0.0055 VRAM 33MB
Ep 2550 | M0_PDR 0.321 | M1_PDR 0.526 | H_m0 1.21 H_m1 1.61 | a-0.0080 c0.3157 ent0.0054 VRAM 33MB
Ep 2600 | M0_PDR 0.287 | M1_PDR 0.537 | H_m0 1.49 H_m1 1.60 | a-0.0080 c0.2671 ent0.0053 VRAM 33MB
Ep 2650 | M0_PDR 0.299 | M1_PDR 0.543 | H_m0 1.50 H_m1 1.57 | a-0.0084 c0.2852 ent0.0052 VRAM 33MB
Ep 2700 | M0_PDR 0.290 | M1_PDR 0.549 | H_m0 1.54 H_m1 1.60 | a-0.0088 c0.2763 ent0.0051 VRAM 33MB
Ep 2750 | M0_PDR 0.317 | M1_PDR 0.546 | H_m0 1.53 H_m1 1.53 | a-0.0089 c0.3071 ent0.0050 VRAM 33MB
Ep 2800 | M0_PDR 0.305 | M1_PDR 0.559 | H_m0 1.53 H_m1 1.53 | a-0.0079 c0.3002 ent0.0050 VRAM 33MB
Ep 2850 | M0_PDR 0.303 | M1_PDR 0.549 | H_m0 1.55 H_m1 1.55 | a-0.0078 c0.3004 ent0.0049 VRAM 33MB
Ep 2900 | M0_PDR 0.304 | M1_PDR 0.536 | H_m0 1.53 H_m1 1.56 | a-0.0077 c0.2887 ent0.0048 VRAM 33MB
Ep 2950 | M0_PDR 0.294 | M1_PDR 0.548 | H_m0 1.56 H_m1 1.63 | a-0.0080 c0.2884 ent0.0047 VRAM 33MB
Ep 3000 | M0_PDR 0.301 | M1_PDR 0.547 | H_m0 1.55 H_m1 1.64 | a-0.0074 c0.2908 ent0.0046 VRAM 33MB
Ep 3050 | M0_PDR 0.287 | M1_PDR 0.593 | H_m0 1.57 H_m1 1.62 | a-0.0079 c0.2667 ent0.0045 VRAM 33MB
Ep 3100 | M0_PDR 0.300 | M1_PDR 0.518 | H_m0 1.57 H_m1 1.64 | a-0.0073 c0.2840 ent0.0044 VRAM 33MB
Ep 3150 | M0_PDR 0.295 | M1_PDR 0.547 | H_m0 1.53 H_m1 1.63 | a-0.0073 c0.2787 ent0.0043 VRAM 33MB
Ep 3200 | M0_PDR 0.286 | M1_PDR 0.549 | H_m0 1.54 H_m1 1.62 | a-0.0066 c0.2769 ent0.0042 VRAM 33MB
Ep 3250 | M0_PDR 0.305 | M1_PDR 0.517 | H_m0 1.58 H_m1 1.62 | a-0.0070 c0.3078 ent0.0041 VRAM 33MB
Ep 3300 | M0_PDR 0.302 | M1_PDR 0.538 | H_m0 1.59 H_m1 1.63 | a-0.0068 c0.2849 ent0.0041 VRAM 33MB
Ep 3350 | M0_PDR 0.295 | M1_PDR 0.546 | H_m0 1.57 H_m1 1.59 | a-0.0068 c0.2776 ent0.0040 VRAM 33MB
Ep 3400 | M0_PDR 0.304 | M1_PDR 0.548 | H_m0 1.58 H_m1 1.56 | a-0.0062 c0.2812 ent0.0039 VRAM 33MB
Ep 3450 | M0_PDR 0.300 | M1_PDR 0.545 | H_m0 1.58 H_m1 1.57 | a-0.0062 c0.2879 ent0.0038 VRAM 33MB
Ep 3500 | M0_PDR 0.291 | M1_PDR 0.512 | H_m0 1.58 H_m1 1.62 | a-0.0061 c0.2800 ent0.0037 VRAM 33MB
Ep 3550 | M0_PDR 0.300 | M1_PDR 0.528 | H_m0 1.59 H_m1 1.60 | a-0.0059 c0.2895 ent0.0036 VRAM 33MB
Ep 3600 | M0_PDR 0.312 | M1_PDR 0.564 | H_m0 1.59 H_m1 1.59 | a-0.0056 c0.3001 ent0.0035 VRAM 33MB
Ep 3650 | M0_PDR 0.276 | M1_PDR 0.560 | H_m0 1.59 H_m1 1.59 | a-0.0055 c0.2553 ent0.0034 VRAM 33MB
Ep 3700 | M0_PDR 0.286 | M1_PDR 0.538 | H_m0 1.59 H_m1 1.57 | a-0.0056 c0.2710 ent0.0033 VRAM 33MB
Ep 3750 | M0_PDR 0.310 | M1_PDR 0.581 | H_m0 1.58 H_m1 1.58 | a-0.0051 c0.2926 ent0.0032 VRAM 33MB
Ep 3800 | M0_PDR 0.310 | M1_PDR 0.554 | H_m0 1.58 H_m1 1.57 | a-0.0050 c0.3040 ent0.0032 VRAM 33MB
Ep 3850 | M0_PDR 0.295 | M1_PDR 0.534 | H_m0 1.56 H_m1 1.58 | a-0.0049 c0.2825 ent0.0031 VRAM 33MB
Ep 3900 | M0_PDR 0.311 | M1_PDR 0.535 | H_m0 1.55 H_m1 1.59 | a-0.0046 c0.2991 ent0.0030 VRAM 33MB
Ep 3950 | M0_PDR 0.289 | M1_PDR 0.567 | H_m0 1.56 H_m1 1.59 | a-0.0047 c0.2760 ent0.0029 VRAM 33MB
Ep 4000 | M0_PDR 0.294 | M1_PDR 0.552 | H_m0 1.56 H_m1 1.58 | a-0.0044 c0.2794 ent0.0028 VRAM 33MB
Ep 4050 | M0_PDR 0.288 | M1_PDR 0.524 | H_m0 1.57 H_m1 1.58 | a-0.0043 c0.2732 ent0.0027 VRAM 33MB
Ep 4100 | M0_PDR 0.264 | M1_PDR 0.541 | H_m0 1.56 H_m1 1.57 | a-0.0044 c0.2489 ent0.0026 VRAM 33MB
Ep 4150 | M0_PDR 0.282 | M1_PDR 0.525 | H_m0 1.56 H_m1 1.58 | a-0.0041 c0.2584 ent0.0025 VRAM 33MB
Ep 4200 | M0_PDR 0.295 | M1_PDR 0.534 | H_m0 1.54 H_m1 1.57 | a-0.0040 c0.2781 ent0.0024 VRAM 33MB
Ep 4250 | M0_PDR 0.298 | M1_PDR 0.525 | H_m0 1.54 H_m1 1.57 | a-0.0038 c0.2981 ent0.0023 VRAM 33MB
Ep 4300 | M0_PDR 0.308 | M1_PDR 0.537 | H_m0 1.54 H_m1 1.58 | a-0.0038 c0.2990 ent0.0023 VRAM 33MB
Ep 4350 | M0_PDR 0.300 | M1_PDR 0.537 | H_m0 1.54 H_m1 1.57 | a-0.0035 c0.2832 ent0.0022 VRAM 33MB
Ep 4400 | M0_PDR 0.288 | M1_PDR 0.541 | H_m0 1.55 H_m1 1.58 | a-0.0033 c0.2748 ent0.0021 VRAM 33MB
Ep 4450 | M0_PDR 0.287 | M1_PDR 0.550 | H_m0 1.55 H_m1 1.57 | a-0.0032 c0.2665 ent0.0020 VRAM 33MB
Ep 4500 | M0_PDR 0.287 | M1_PDR 0.561 | H_m0 1.54 H_m1 1.56 | a-0.0029 c0.2714 ent0.0019 VRAM 33MB
Ep 4550 | M0_PDR 0.294 | M1_PDR 0.533 | H_m0 1.53 H_m1 1.57 | a-0.0028 c0.2775 ent0.0018 VRAM 33MB
Ep 4600 | M0_PDR 0.299 | M1_PDR 0.542 | H_m0 1.53 H_m1 1.57 | a-0.0027 c0.2919 ent0.0017 VRAM 33MB
Ep 4650 | M0_PDR 0.296 | M1_PDR 0.556 | H_m0 1.53 H_m1 1.57 | a-0.0026 c0.2857 ent0.0016 VRAM 33MB
Ep 4700 | M0_PDR 0.318 | M1_PDR 0.537 | H_m0 1.53 H_m1 1.56 | a-0.0024 c0.3123 ent0.0015 VRAM 33MB
Ep 4750 | M0_PDR 0.305 | M1_PDR 0.525 | H_m0 1.53 H_m1 1.56 | a-0.0023 c0.3033 ent0.0014 VRAM 33MB
Ep 4800 | M0_PDR 0.288 | M1_PDR 0.539 | H_m0 1.53 H_m1 1.57 | a-0.0021 c0.2729 ent0.0014 VRAM 33MB
Ep 4850 | M0_PDR 0.294 | M1_PDR 0.539 | H_m0 1.54 H_m1 1.57 | a-0.0020 c0.2818 ent0.0013 VRAM 33MB
Ep 4900 | M0_PDR 0.309 | M1_PDR 0.515 | H_m0 1.53 H_m1 1.56 | a-0.0019 c0.2969 ent0.0012 VRAM 33MB
Ep 4950 | M0_PDR 0.288 | M1_PDR 0.581 | H_m0 1.54 H_m1 1.56 | a-0.0017 c0.2625 ent0.0011 VRAM 33MB

Training complete. Running 100 eval episodes...

  Eval ep   0: M0_PDR=0.302  M1_PDR=0.567
  Eval ep  20: M0_PDR=0.299  M1_PDR=0.543
  Eval ep  40: M0_PDR=0.310  M1_PDR=0.550
  Eval ep  60: M0_PDR=0.289  M1_PDR=0.577
  Eval ep  80: M0_PDR=0.289  M1_PDR=0.553

=== Eval Summary (100 episodes) ===
  M0_PDR_mean         : 0.2970
  M0_PDR_p05 (across) : 0.2793
  M0_PDR_p05 (intra)  : 0.0002
  M1_PDR_mean         : 0.5442
  M0_SINR_mean (dB)   : -14.34
  M1_SINR_mean (dB)   : 3.25
  M0_collision_rate   : 0.938
  M0_collision_within_pool : 0.938
  M1_collision_within_pool : 0.805

Result saved -> results/_C_N10_seed2_gaefix_g05_ent01.json
  N=10  rho=2.0  M0_PDR=0.297  M1_PDR=0.544
[NS3Bridge] Shutdown complete.
Run complete.
