[seed] all RNGs seeded with 3
GPU : NVIDIA GeForce RTX 3060
VRAM: 12.9 GB
Device          : cuda:0
Actor M0 params : 21,273
Actor M1 params : 21,273
Critic params   : 96,257
obs_dim=11  action_dim=25  gs_dim=115
M0 count: 5  M1 count: 5
Training for 5000 episodes (Config C_N10_seed3, N=10)...

[NS3Bridge] Connected tcp://localhost:5906
Ep    0 | M0_PDR 0.262 | M1_PDR 0.461 | H_m0 3.22 H_m1 3.22 | a-0.1642 c3.4996 ent0.0500 VRAM 33MB
Ep   50 | M0_PDR 0.283 | M1_PDR 0.517 | H_m0 3.08 H_m1 3.12 | a-0.1549 c2.2527 ent0.0495 VRAM 33MB
Ep  100 | M0_PDR 0.285 | M1_PDR 0.473 | H_m0 2.87 H_m1 3.21 | a-0.1507 c2.0924 ent0.0490 VRAM 33MB
Ep  150 | M0_PDR 0.320 | M1_PDR 0.456 | H_m0 3.03 H_m1 3.17 | a-0.1509 c2.2265 ent0.0485 VRAM 33MB
Ep  200 | M0_PDR 0.283 | M1_PDR 0.506 | H_m0 2.86 H_m1 3.20 | a-0.1460 c2.2795 ent0.0480 VRAM 33MB
Ep  250 | M0_PDR 0.279 | M1_PDR 0.479 | H_m0 2.84 H_m1 3.19 | a-0.1447 c1.4580 ent0.0475 VRAM 33MB
Ep  300 | M0_PDR 0.285 | M1_PDR 0.518 | H_m0 2.87 H_m1 3.18 | a-0.1435 c1.7255 ent0.0471 VRAM 33MB
Ep  350 | M0_PDR 0.288 | M1_PDR 0.495 | H_m0 2.86 H_m1 3.16 | a-0.1411 c1.6349 ent0.0466 VRAM 33MB
Ep  400 | M0_PDR 0.310 | M1_PDR 0.478 | H_m0 2.77 H_m1 3.19 | a-0.1376 c1.3672 ent0.0461 VRAM 33MB
Ep  450 | M0_PDR 0.307 | M1_PDR 0.502 | H_m0 2.85 H_m1 3.16 | a-0.1389 c1.1164 ent0.0456 VRAM 33MB
Ep  500 | M0_PDR 0.277 | M1_PDR 0.521 | H_m0 2.83 H_m1 3.18 | a-0.1378 c1.3476 ent0.0451 VRAM 33MB
Ep  550 | M0_PDR 0.273 | M1_PDR 0.472 | H_m0 2.88 H_m1 3.16 | a-0.1362 c1.2289 ent0.0446 VRAM 33MB
Ep  600 | M0_PDR 0.302 | M1_PDR 0.515 | H_m0 2.64 H_m1 3.18 | a-0.1292 c1.2876 ent0.0441 VRAM 33MB
Ep  650 | M0_PDR 0.289 | M1_PDR 0.504 | H_m0 2.65 H_m1 3.18 | a-0.1278 c1.2346 ent0.0436 VRAM 33MB
Ep  700 | M0_PDR 0.274 | M1_PDR 0.508 | H_m0 2.71 H_m1 3.15 | a-0.1266 c1.3260 ent0.0431 VRAM 33MB
Ep  750 | M0_PDR 0.275 | M1_PDR 0.505 | H_m0 2.71 H_m1 3.18 | a-0.1263 c1.0756 ent0.0426 VRAM 33MB
Ep  800 | M0_PDR 0.273 | M1_PDR 0.484 | H_m0 2.65 H_m1 3.18 | a-0.1241 c1.5776 ent0.0422 VRAM 33MB
Ep  850 | M0_PDR 0.276 | M1_PDR 0.534 | H_m0 2.76 H_m1 3.12 | a-0.1226 c0.9759 ent0.0417 VRAM 33MB
Ep  900 | M0_PDR 0.300 | M1_PDR 0.479 | H_m0 2.66 H_m1 3.15 | a-0.1197 c1.3200 ent0.0412 VRAM 33MB
Ep  950 | M0_PDR 0.286 | M1_PDR 0.519 | H_m0 2.61 H_m1 3.13 | a-0.1176 c1.4346 ent0.0407 VRAM 33MB
Ep 1000 | M0_PDR 0.274 | M1_PDR 0.485 | H_m0 2.45 H_m1 3.11 | a-0.1128 c1.2766 ent0.0402 VRAM 33MB
Ep 1050 | M0_PDR 0.294 | M1_PDR 0.492 | H_m0 2.54 H_m1 3.14 | a-0.1132 c1.3614 ent0.0397 VRAM 33MB
Ep 1100 | M0_PDR 0.295 | M1_PDR 0.456 | H_m0 2.72 H_m1 3.15 | a-0.1163 c1.2702 ent0.0392 VRAM 33MB
Ep 1150 | M0_PDR 0.296 | M1_PDR 0.483 | H_m0 2.52 H_m1 3.13 | a-0.1098 c1.0787 ent0.0387 VRAM 33MB
Ep 1200 | M0_PDR 0.304 | M1_PDR 0.525 | H_m0 2.59 H_m1 3.09 | a-0.1096 c0.9986 ent0.0382 VRAM 33MB
Ep 1250 | M0_PDR 0.297 | M1_PDR 0.519 | H_m0 2.60 H_m1 3.16 | a-0.1074 c1.2267 ent0.0377 VRAM 33MB
Ep 1300 | M0_PDR 0.303 | M1_PDR 0.496 | H_m0 2.52 H_m1 3.17 | a-0.1061 c1.0837 ent0.0373 VRAM 33MB
Ep 1350 | M0_PDR 0.280 | M1_PDR 0.479 | H_m0 2.63 H_m1 3.17 | a-0.1074 c0.9419 ent0.0368 VRAM 33MB
Ep 1400 | M0_PDR 0.288 | M1_PDR 0.488 | H_m0 2.68 H_m1 3.14 | a-0.1059 c1.1858 ent0.0363 VRAM 33MB
Ep 1450 | M0_PDR 0.302 | M1_PDR 0.536 | H_m0 2.53 H_m1 3.11 | a-0.1026 c1.3408 ent0.0358 VRAM 33MB
Ep 1500 | M0_PDR 0.288 | M1_PDR 0.498 | H_m0 2.65 H_m1 3.12 | a-0.1027 c1.2156 ent0.0353 VRAM 33MB
Ep 1550 | M0_PDR 0.295 | M1_PDR 0.515 | H_m0 2.54 H_m1 3.17 | a-0.0999 c1.1745 ent0.0348 VRAM 33MB
Ep 1600 | M0_PDR 0.288 | M1_PDR 0.505 | H_m0 2.55 H_m1 3.09 | a-0.0984 c1.0653 ent0.0343 VRAM 33MB
Ep 1650 | M0_PDR 0.306 | M1_PDR 0.500 | H_m0 2.47 H_m1 3.08 | a-0.0948 c1.2305 ent0.0338 VRAM 33MB
Ep 1700 | M0_PDR 0.294 | M1_PDR 0.512 | H_m0 2.43 H_m1 3.13 | a-0.0932 c1.1947 ent0.0333 VRAM 33MB
Ep 1750 | M0_PDR 0.282 | M1_PDR 0.501 | H_m0 2.60 H_m1 3.10 | a-0.0942 c1.1482 ent0.0328 VRAM 33MB
Ep 1800 | M0_PDR 0.290 | M1_PDR 0.507 | H_m0 2.43 H_m1 3.13 | a-0.0910 c1.1540 ent0.0324 VRAM 33MB
Ep 1850 | M0_PDR 0.301 | M1_PDR 0.486 | H_m0 2.40 H_m1 3.11 | a-0.0882 c1.1908 ent0.0319 VRAM 33MB
Ep 1900 | M0_PDR 0.294 | M1_PDR 0.496 | H_m0 2.52 H_m1 3.12 | a-0.0889 c1.1042 ent0.0314 VRAM 33MB
Ep 1950 | M0_PDR 0.290 | M1_PDR 0.503 | H_m0 2.41 H_m1 3.14 | a-0.0858 c1.3227 ent0.0309 VRAM 33MB
Ep 2000 | M0_PDR 0.297 | M1_PDR 0.479 | H_m0 2.21 H_m1 3.13 | a-0.0819 c1.2924 ent0.0304 VRAM 33MB
Ep 2050 | M0_PDR 0.299 | M1_PDR 0.505 | H_m0 2.46 H_m1 3.11 | a-0.0839 c0.8737 ent0.0299 VRAM 33MB
Ep 2100 | M0_PDR 0.309 | M1_PDR 0.497 | H_m0 2.31 H_m1 3.11 | a-0.0804 c0.9493 ent0.0294 VRAM 33MB
Ep 2150 | M0_PDR 0.292 | M1_PDR 0.490 | H_m0 2.35 H_m1 3.14 | a-0.0807 c1.0775 ent0.0289 VRAM 33MB
Ep 2200 | M0_PDR 0.306 | M1_PDR 0.502 | H_m0 2.31 H_m1 3.12 | a-0.0780 c1.0287 ent0.0284 VRAM 33MB
Ep 2250 | M0_PDR 0.304 | M1_PDR 0.500 | H_m0 2.30 H_m1 3.07 | a-0.0754 c1.1849 ent0.0279 VRAM 33MB
Ep 2300 | M0_PDR 0.304 | M1_PDR 0.506 | H_m0 2.22 H_m1 3.12 | a-0.0739 c1.2425 ent0.0275 VRAM 33MB
Ep 2350 | M0_PDR 0.300 | M1_PDR 0.518 | H_m0 2.28 H_m1 3.09 | a-0.0728 c1.1123 ent0.0270 VRAM 33MB
Ep 2400 | M0_PDR 0.300 | M1_PDR 0.507 | H_m0 2.25 H_m1 3.13 | a-0.0716 c1.2644 ent0.0265 VRAM 33MB
Ep 2450 | M0_PDR 0.326 | M1_PDR 0.500 | H_m0 2.16 H_m1 3.14 | a-0.0695 c0.9661 ent0.0260 VRAM 33MB
Ep 2500 | M0_PDR 0.316 | M1_PDR 0.499 | H_m0 2.14 H_m1 3.14 | a-0.0677 c1.2701 ent0.0255 VRAM 33MB
Ep 2550 | M0_PDR 0.334 | M1_PDR 0.492 | H_m0 2.14 H_m1 3.12 | a-0.0662 c1.0388 ent0.0250 VRAM 33MB
Ep 2600 | M0_PDR 0.322 | M1_PDR 0.495 | H_m0 2.08 H_m1 3.04 | a-0.0636 c0.9456 ent0.0245 VRAM 33MB
Ep 2650 | M0_PDR 0.325 | M1_PDR 0.517 | H_m0 2.03 H_m1 3.04 | a-0.0611 c1.2801 ent0.0240 VRAM 33MB
Ep 2700 | M0_PDR 0.320 | M1_PDR 0.519 | H_m0 1.97 H_m1 3.03 | a-0.0593 c0.9855 ent0.0235 VRAM 33MB
Ep 2750 | M0_PDR 0.335 | M1_PDR 0.540 | H_m0 1.87 H_m1 3.05 | a-0.0574 c1.1973 ent0.0230 VRAM 33MB
Ep 2800 | M0_PDR 0.310 | M1_PDR 0.508 | H_m0 1.81 H_m1 3.02 | a-0.0546 c1.0147 ent0.0226 VRAM 33MB
Ep 2850 | M0_PDR 0.329 | M1_PDR 0.531 | H_m0 1.75 H_m1 3.01 | a-0.0530 c0.9622 ent0.0221 VRAM 33MB
Ep 2900 | M0_PDR 0.319 | M1_PDR 0.503 | H_m0 1.77 H_m1 3.02 | a-0.0526 c1.1131 ent0.0216 VRAM 33MB
Ep 2950 | M0_PDR 0.331 | M1_PDR 0.507 | H_m0 1.76 H_m1 2.97 | a-0.0499 c1.0979 ent0.0211 VRAM 33MB
Ep 3000 | M0_PDR 0.325 | M1_PDR 0.497 | H_m0 1.74 H_m1 2.99 | a-0.0491 c0.8272 ent0.0206 VRAM 33MB
Ep 3050 | M0_PDR 0.339 | M1_PDR 0.477 | H_m0 1.69 H_m1 3.07 | a-0.0482 c0.8768 ent0.0201 VRAM 33MB
Ep 3100 | M0_PDR 0.334 | M1_PDR 0.514 | H_m0 1.67 H_m1 2.98 | a-0.0462 c0.9464 ent0.0196 VRAM 33MB
Ep 3150 | M0_PDR 0.340 | M1_PDR 0.524 | H_m0 1.69 H_m1 3.04 | a-0.0456 c1.2037 ent0.0191 VRAM 33MB
Ep 3200 | M0_PDR 0.320 | M1_PDR 0.514 | H_m0 1.71 H_m1 2.99 | a-0.0441 c1.0273 ent0.0186 VRAM 33MB
Ep 3250 | M0_PDR 0.335 | M1_PDR 0.491 | H_m0 1.69 H_m1 2.98 | a-0.0425 c0.9535 ent0.0181 VRAM 33MB
Ep 3300 | M0_PDR 0.343 | M1_PDR 0.504 | H_m0 1.69 H_m1 2.97 | a-0.0412 c0.9656 ent0.0177 VRAM 33MB
Ep 3350 | M0_PDR 0.329 | M1_PDR 0.528 | H_m0 1.67 H_m1 2.98 | a-0.0403 c1.1378 ent0.0172 VRAM 33MB
Ep 3400 | M0_PDR 0.316 | M1_PDR 0.504 | H_m0 1.63 H_m1 2.95 | a-0.0385 c1.0081 ent0.0167 VRAM 33MB
Ep 3450 | M0_PDR 0.342 | M1_PDR 0.510 | H_m0 1.59 H_m1 2.94 | a-0.0372 c0.9944 ent0.0162 VRAM 33MB
Ep 3500 | M0_PDR 0.361 | M1_PDR 0.509 | H_m0 1.56 H_m1 2.92 | a-0.0353 c1.0871 ent0.0157 VRAM 33MB
Ep 3550 | M0_PDR 0.337 | M1_PDR 0.504 | H_m0 1.53 H_m1 2.87 | a-0.0336 c1.1003 ent0.0152 VRAM 33MB
Ep 3600 | M0_PDR 0.352 | M1_PDR 0.510 | H_m0 1.50 H_m1 2.86 | a-0.0322 c0.8488 ent0.0147 VRAM 33MB
Ep 3650 | M0_PDR 0.335 | M1_PDR 0.529 | H_m0 1.49 H_m1 2.85 | a-0.0309 c0.9179 ent0.0142 VRAM 33MB
Ep 3700 | M0_PDR 0.354 | M1_PDR 0.519 | H_m0 1.45 H_m1 2.83 | a-0.0297 c1.2482 ent0.0137 VRAM 33MB
Ep 3750 | M0_PDR 0.358 | M1_PDR 0.528 | H_m0 1.41 H_m1 2.84 | a-0.0284 c0.9312 ent0.0132 VRAM 33MB
Ep 3800 | M0_PDR 0.351 | M1_PDR 0.514 | H_m0 1.32 H_m1 2.86 | a-0.0270 c0.8624 ent0.0128 VRAM 33MB
Ep 3850 | M0_PDR 0.366 | M1_PDR 0.545 | H_m0 1.26 H_m1 2.81 | a-0.0252 c0.8446 ent0.0123 VRAM 33MB
Ep 3900 | M0_PDR 0.356 | M1_PDR 0.507 | H_m0 1.20 H_m1 2.79 | a-0.0237 c0.8897 ent0.0118 VRAM 33MB
Ep 3950 | M0_PDR 0.364 | M1_PDR 0.520 | H_m0 1.11 H_m1 2.83 | a-0.0224 c0.8798 ent0.0113 VRAM 33MB
Ep 4000 | M0_PDR 0.357 | M1_PDR 0.507 | H_m0 1.05 H_m1 2.76 | a-0.0208 c0.8230 ent0.0108 VRAM 33MB
Ep 4050 | M0_PDR 0.361 | M1_PDR 0.518 | H_m0 1.00 H_m1 2.75 | a-0.0195 c0.9304 ent0.0103 VRAM 33MB
Ep 4100 | M0_PDR 0.359 | M1_PDR 0.514 | H_m0 0.99 H_m1 2.70 | a-0.0180 c0.8407 ent0.0098 VRAM 33MB
Ep 4150 | M0_PDR 0.384 | M1_PDR 0.528 | H_m0 0.97 H_m1 2.67 | a-0.0170 c1.0509 ent0.0093 VRAM 33MB
Ep 4200 | M0_PDR 0.378 | M1_PDR 0.508 | H_m0 0.93 H_m1 2.66 | a-0.0161 c0.7540 ent0.0088 VRAM 33MB
Ep 4250 | M0_PDR 0.381 | M1_PDR 0.500 | H_m0 0.91 H_m1 2.68 | a-0.0150 c0.8333 ent0.0083 VRAM 33MB
Ep 4300 | M0_PDR 0.380 | M1_PDR 0.558 | H_m0 0.87 H_m1 2.67 | a-0.0140 c0.9228 ent0.0079 VRAM 33MB
Ep 4350 | M0_PDR 0.366 | M1_PDR 0.531 | H_m0 0.86 H_m1 2.66 | a-0.0131 c0.6573 ent0.0074 VRAM 33MB
Ep 4400 | M0_PDR 0.371 | M1_PDR 0.498 | H_m0 0.83 H_m1 2.64 | a-0.0120 c0.8977 ent0.0069 VRAM 33MB
Ep 4450 | M0_PDR 0.378 | M1_PDR 0.503 | H_m0 0.79 H_m1 2.62 | a-0.0109 c0.7129 ent0.0064 VRAM 33MB
Ep 4500 | M0_PDR 0.388 | M1_PDR 0.537 | H_m0 0.78 H_m1 2.61 | a-0.0100 c0.8661 ent0.0059 VRAM 33MB
Ep 4550 | M0_PDR 0.379 | M1_PDR 0.512 | H_m0 0.74 H_m1 2.60 | a-0.0090 c0.7303 ent0.0054 VRAM 33MB
Ep 4600 | M0_PDR 0.373 | M1_PDR 0.538 | H_m0 0.73 H_m1 2.58 | a-0.0082 c0.7934 ent0.0049 VRAM 33MB
Ep 4650 | M0_PDR 0.390 | M1_PDR 0.525 | H_m0 0.70 H_m1 2.58 | a-0.0073 c0.7462 ent0.0044 VRAM 33MB
Ep 4700 | M0_PDR 0.376 | M1_PDR 0.495 | H_m0 0.70 H_m1 2.57 | a-0.0065 c0.8456 ent0.0039 VRAM 33MB
Ep 4750 | M0_PDR 0.394 | M1_PDR 0.527 | H_m0 0.66 H_m1 2.56 | a-0.0056 c0.7085 ent0.0034 VRAM 33MB
Ep 4800 | M0_PDR 0.393 | M1_PDR 0.544 | H_m0 0.65 H_m1 2.54 | a-0.0047 c0.8647 ent0.0030 VRAM 33MB
Ep 4850 | M0_PDR 0.382 | M1_PDR 0.521 | H_m0 0.64 H_m1 2.54 | a-0.0039 c0.7805 ent0.0025 VRAM 33MB
Ep 4900 | M0_PDR 0.380 | M1_PDR 0.503 | H_m0 0.62 H_m1 2.50 | a-0.0031 c0.7297 ent0.0020 VRAM 33MB
Ep 4950 | M0_PDR 0.392 | M1_PDR 0.538 | H_m0 0.60 H_m1 2.49 | a-0.0024 c0.7550 ent0.0015 VRAM 33MB

Training complete. Running 100 eval episodes...

  Eval ep   0: M0_PDR=0.381  M1_PDR=0.535
  Eval ep  20: M0_PDR=0.384  M1_PDR=0.506
  Eval ep  40: M0_PDR=0.382  M1_PDR=0.544
  Eval ep  60: M0_PDR=0.387  M1_PDR=0.526
  Eval ep  80: M0_PDR=0.398  M1_PDR=0.526

=== Eval Summary (100 episodes) ===
  M0_PDR_mean         : 0.3826
  M0_PDR_p05 (across) : 0.3692
  M0_PDR_p05 (intra)  : 0.2000
  M1_PDR_mean         : 0.5286
  M0_SINR_mean (dB)   : -10.76
  M1_SINR_mean (dB)   : 2.47
  M0_collision_rate   : 0.926
  M0_collision_within_pool : 0.926
  M1_collision_within_pool : 0.803

Result saved -> results/_C_N10_seed3.json
  N=10  rho=2.0  M0_PDR=0.383  M1_PDR=0.529
[NS3Bridge] Shutdown complete.
Run complete.
