[seed] all RNGs seeded with 2
GPU : NVIDIA GeForce RTX 3060
VRAM: 12.9 GB
Device          : cuda:0
Actor M0 params : 21,273
Actor M1 params : 21,273
Critic params   : 96,257
obs_dim=11  action_dim=25  gs_dim=115
M0 count: 5  M1 count: 5
Training for 5000 episodes (Config C_N10_seed2, N=10)...

[NS3Bridge] Connected tcp://localhost:5826
Ep    0 | M0_PDR 0.269 | M1_PDR 0.455 | H_m0 3.22 H_m1 3.22 | a-0.1638 c3.7900 ent0.0500 VRAM 33MB
Ep   50 | M0_PDR 0.289 | M1_PDR 0.477 | H_m0 3.14 H_m1 3.20 | a-0.1579 c2.3932 ent0.0495 VRAM 33MB
Ep  100 | M0_PDR 0.289 | M1_PDR 0.487 | H_m0 2.96 H_m1 3.19 | a-0.1523 c2.2269 ent0.0490 VRAM 33MB
Ep  150 | M0_PDR 0.289 | M1_PDR 0.486 | H_m0 2.92 H_m1 3.18 | a-0.1482 c1.9442 ent0.0485 VRAM 33MB
Ep  200 | M0_PDR 0.289 | M1_PDR 0.506 | H_m0 2.83 H_m1 3.15 | a-0.1455 c1.5743 ent0.0480 VRAM 33MB
Ep  250 | M0_PDR 0.287 | M1_PDR 0.513 | H_m0 2.84 H_m1 3.14 | a-0.1431 c1.8663 ent0.0475 VRAM 33MB
Ep  300 | M0_PDR 0.292 | M1_PDR 0.487 | H_m0 2.96 H_m1 3.16 | a-0.1453 c1.3395 ent0.0471 VRAM 33MB
Ep  350 | M0_PDR 0.306 | M1_PDR 0.464 | H_m0 2.80 H_m1 3.16 | a-0.1391 c1.2519 ent0.0466 VRAM 33MB
Ep  400 | M0_PDR 0.277 | M1_PDR 0.480 | H_m0 2.82 H_m1 3.18 | a-0.1399 c1.2107 ent0.0461 VRAM 33MB
Ep  450 | M0_PDR 0.275 | M1_PDR 0.483 | H_m0 2.72 H_m1 3.18 | a-0.1354 c1.2815 ent0.0456 VRAM 33MB
Ep  500 | M0_PDR 0.282 | M1_PDR 0.479 | H_m0 2.84 H_m1 3.15 | a-0.1365 c1.1184 ent0.0451 VRAM 33MB
Ep  550 | M0_PDR 0.297 | M1_PDR 0.508 | H_m0 2.67 H_m1 3.17 | a-0.1316 c0.9883 ent0.0446 VRAM 33MB
Ep  600 | M0_PDR 0.291 | M1_PDR 0.503 | H_m0 2.62 H_m1 3.16 | a-0.1283 c1.2807 ent0.0441 VRAM 33MB
Ep  650 | M0_PDR 0.295 | M1_PDR 0.459 | H_m0 2.68 H_m1 3.16 | a-0.1280 c1.1236 ent0.0436 VRAM 33MB
Ep  700 | M0_PDR 0.281 | M1_PDR 0.494 | H_m0 2.63 H_m1 3.15 | a-0.1260 c1.1670 ent0.0431 VRAM 33MB
Ep  750 | M0_PDR 0.283 | M1_PDR 0.489 | H_m0 2.74 H_m1 3.06 | a-0.1243 c1.1849 ent0.0426 VRAM 33MB
Ep  800 | M0_PDR 0.303 | M1_PDR 0.504 | H_m0 2.67 H_m1 3.17 | a-0.1234 c1.4195 ent0.0422 VRAM 33MB
Ep  850 | M0_PDR 0.286 | M1_PDR 0.509 | H_m0 2.53 H_m1 3.17 | a-0.1193 c1.1393 ent0.0417 VRAM 33MB
Ep  900 | M0_PDR 0.303 | M1_PDR 0.490 | H_m0 2.52 H_m1 3.14 | a-0.1168 c1.0636 ent0.0412 VRAM 33MB
Ep  950 | M0_PDR 0.291 | M1_PDR 0.510 | H_m0 2.77 H_m1 3.17 | a-0.1215 c1.0870 ent0.0407 VRAM 33MB
Ep 1000 | M0_PDR 0.292 | M1_PDR 0.489 | H_m0 2.67 H_m1 3.15 | a-0.1176 c1.2731 ent0.0402 VRAM 33MB
Ep 1050 | M0_PDR 0.280 | M1_PDR 0.507 | H_m0 2.53 H_m1 3.17 | a-0.1141 c1.3809 ent0.0397 VRAM 33MB
Ep 1100 | M0_PDR 0.302 | M1_PDR 0.491 | H_m0 2.44 H_m1 3.15 | a-0.1110 c1.2029 ent0.0392 VRAM 33MB
Ep 1150 | M0_PDR 0.309 | M1_PDR 0.479 | H_m0 2.46 H_m1 3.13 | a-0.1090 c0.9308 ent0.0387 VRAM 33MB
Ep 1200 | M0_PDR 0.275 | M1_PDR 0.513 | H_m0 2.57 H_m1 3.13 | a-0.1093 c1.2717 ent0.0382 VRAM 33MB
Ep 1250 | M0_PDR 0.287 | M1_PDR 0.527 | H_m0 2.61 H_m1 3.15 | a-0.1101 c1.2885 ent0.0377 VRAM 33MB
Ep 1300 | M0_PDR 0.293 | M1_PDR 0.509 | H_m0 2.55 H_m1 3.14 | a-0.1082 c1.0786 ent0.0373 VRAM 33MB
Ep 1350 | M0_PDR 0.298 | M1_PDR 0.509 | H_m0 2.43 H_m1 3.13 | a-0.1030 c1.2489 ent0.0368 VRAM 33MB
Ep 1400 | M0_PDR 0.303 | M1_PDR 0.503 | H_m0 2.58 H_m1 3.08 | a-0.1038 c1.0785 ent0.0363 VRAM 33MB
Ep 1450 | M0_PDR 0.311 | M1_PDR 0.510 | H_m0 2.59 H_m1 3.06 | a-0.1013 c1.3493 ent0.0358 VRAM 33MB
Ep 1500 | M0_PDR 0.292 | M1_PDR 0.478 | H_m0 2.44 H_m1 3.14 | a-0.0986 c1.0639 ent0.0353 VRAM 33MB
Ep 1550 | M0_PDR 0.285 | M1_PDR 0.493 | H_m0 2.47 H_m1 3.10 | a-0.0980 c0.9741 ent0.0348 VRAM 33MB
Ep 1600 | M0_PDR 0.292 | M1_PDR 0.526 | H_m0 2.54 H_m1 3.11 | a-0.0972 c1.1783 ent0.0343 VRAM 33MB
Ep 1650 | M0_PDR 0.298 | M1_PDR 0.513 | H_m0 2.51 H_m1 3.14 | a-0.0969 c1.4580 ent0.0338 VRAM 33MB
Ep 1700 | M0_PDR 0.270 | M1_PDR 0.504 | H_m0 2.56 H_m1 3.13 | a-0.0953 c1.1903 ent0.0333 VRAM 33MB
Ep 1750 | M0_PDR 0.299 | M1_PDR 0.479 | H_m0 2.57 H_m1 3.11 | a-0.0936 c1.2105 ent0.0328 VRAM 33MB
Ep 1800 | M0_PDR 0.304 | M1_PDR 0.501 | H_m0 2.39 H_m1 3.12 | a-0.0900 c1.5067 ent0.0324 VRAM 33MB
Ep 1850 | M0_PDR 0.299 | M1_PDR 0.506 | H_m0 2.44 H_m1 3.09 | a-0.0886 c1.2203 ent0.0319 VRAM 33MB
Ep 1900 | M0_PDR 0.292 | M1_PDR 0.517 | H_m0 2.63 H_m1 3.13 | a-0.0908 c1.1526 ent0.0314 VRAM 33MB
Ep 1950 | M0_PDR 0.301 | M1_PDR 0.490 | H_m0 2.44 H_m1 3.15 | a-0.0867 c1.0913 ent0.0309 VRAM 33MB
Ep 2000 | M0_PDR 0.300 | M1_PDR 0.516 | H_m0 2.44 H_m1 3.14 | a-0.0851 c1.0590 ent0.0304 VRAM 33MB
Ep 2050 | M0_PDR 0.293 | M1_PDR 0.506 | H_m0 2.37 H_m1 3.13 | a-0.0823 c1.0991 ent0.0299 VRAM 33MB
Ep 2100 | M0_PDR 0.302 | M1_PDR 0.508 | H_m0 2.39 H_m1 3.11 | a-0.0811 c1.0227 ent0.0294 VRAM 33MB
Ep 2150 | M0_PDR 0.304 | M1_PDR 0.515 | H_m0 2.43 H_m1 3.15 | a-0.0809 c1.1473 ent0.0289 VRAM 33MB
Ep 2200 | M0_PDR 0.291 | M1_PDR 0.483 | H_m0 2.35 H_m1 3.16 | a-0.0786 c1.2499 ent0.0284 VRAM 33MB
Ep 2250 | M0_PDR 0.294 | M1_PDR 0.495 | H_m0 2.29 H_m1 3.13 | a-0.0761 c1.4726 ent0.0279 VRAM 33MB
Ep 2300 | M0_PDR 0.302 | M1_PDR 0.476 | H_m0 2.37 H_m1 3.11 | a-0.0760 c1.1471 ent0.0275 VRAM 33MB
Ep 2350 | M0_PDR 0.301 | M1_PDR 0.499 | H_m0 2.37 H_m1 3.09 | a-0.0742 c1.0772 ent0.0270 VRAM 33MB
Ep 2400 | M0_PDR 0.320 | M1_PDR 0.517 | H_m0 2.44 H_m1 3.11 | a-0.0738 c1.2443 ent0.0265 VRAM 33MB
Ep 2450 | M0_PDR 0.295 | M1_PDR 0.480 | H_m0 2.32 H_m1 3.09 | a-0.0710 c1.0503 ent0.0260 VRAM 33MB
Ep 2500 | M0_PDR 0.313 | M1_PDR 0.535 | H_m0 2.24 H_m1 3.06 | a-0.0678 c1.0290 ent0.0255 VRAM 33MB
Ep 2550 | M0_PDR 0.303 | M1_PDR 0.529 | H_m0 2.30 H_m1 3.10 | a-0.0680 c1.4209 ent0.0250 VRAM 33MB
Ep 2600 | M0_PDR 0.310 | M1_PDR 0.526 | H_m0 2.28 H_m1 3.12 | a-0.0667 c1.3630 ent0.0245 VRAM 33MB
Ep 2650 | M0_PDR 0.299 | M1_PDR 0.530 | H_m0 2.25 H_m1 3.10 | a-0.0647 c0.8297 ent0.0240 VRAM 33MB
Ep 2700 | M0_PDR 0.311 | M1_PDR 0.525 | H_m0 2.17 H_m1 3.04 | a-0.0625 c1.3221 ent0.0235 VRAM 33MB
Ep 2750 | M0_PDR 0.310 | M1_PDR 0.499 | H_m0 2.12 H_m1 3.02 | a-0.0601 c1.0060 ent0.0230 VRAM 33MB
Ep 2800 | M0_PDR 0.314 | M1_PDR 0.531 | H_m0 2.06 H_m1 3.05 | a-0.0584 c1.0983 ent0.0226 VRAM 33MB
Ep 2850 | M0_PDR 0.328 | M1_PDR 0.571 | H_m0 2.02 H_m1 2.99 | a-0.0558 c1.0956 ent0.0221 VRAM 33MB
Ep 2900 | M0_PDR 0.313 | M1_PDR 0.510 | H_m0 1.97 H_m1 3.01 | a-0.0540 c0.9152 ent0.0216 VRAM 33MB
Ep 2950 | M0_PDR 0.329 | M1_PDR 0.503 | H_m0 1.94 H_m1 2.95 | a-0.0518 c1.1206 ent0.0211 VRAM 33MB
Ep 3000 | M0_PDR 0.319 | M1_PDR 0.498 | H_m0 1.85 H_m1 2.94 | a-0.0502 c0.8821 ent0.0206 VRAM 33MB
Ep 3050 | M0_PDR 0.340 | M1_PDR 0.529 | H_m0 1.80 H_m1 2.94 | a-0.0483 c0.9454 ent0.0201 VRAM 33MB
Ep 3100 | M0_PDR 0.336 | M1_PDR 0.498 | H_m0 1.78 H_m1 2.91 | a-0.0466 c0.9205 ent0.0196 VRAM 33MB
Ep 3150 | M0_PDR 0.339 | M1_PDR 0.493 | H_m0 1.78 H_m1 2.92 | a-0.0452 c0.9456 ent0.0191 VRAM 33MB
Ep 3200 | M0_PDR 0.344 | M1_PDR 0.534 | H_m0 1.76 H_m1 2.90 | a-0.0437 c1.1563 ent0.0186 VRAM 33MB
Ep 3250 | M0_PDR 0.336 | M1_PDR 0.521 | H_m0 1.75 H_m1 2.89 | a-0.0424 c0.9778 ent0.0181 VRAM 33MB
Ep 3300 | M0_PDR 0.340 | M1_PDR 0.502 | H_m0 1.72 H_m1 2.89 | a-0.0413 c1.0256 ent0.0177 VRAM 33MB
Ep 3350 | M0_PDR 0.320 | M1_PDR 0.520 | H_m0 1.78 H_m1 2.93 | a-0.0406 c0.9972 ent0.0172 VRAM 33MB
Ep 3400 | M0_PDR 0.342 | M1_PDR 0.520 | H_m0 1.76 H_m1 2.89 | a-0.0391 c1.0460 ent0.0167 VRAM 33MB
Ep 3450 | M0_PDR 0.338 | M1_PDR 0.516 | H_m0 1.71 H_m1 2.87 | a-0.0372 c0.8756 ent0.0162 VRAM 33MB
Ep 3500 | M0_PDR 0.349 | M1_PDR 0.522 | H_m0 1.66 H_m1 2.83 | a-0.0357 c1.0053 ent0.0157 VRAM 33MB
Ep 3550 | M0_PDR 0.341 | M1_PDR 0.487 | H_m0 1.61 H_m1 2.88 | a-0.0343 c0.8905 ent0.0152 VRAM 33MB
Ep 3600 | M0_PDR 0.350 | M1_PDR 0.490 | H_m0 1.54 H_m1 2.87 | a-0.0330 c0.9352 ent0.0147 VRAM 33MB
Ep 3650 | M0_PDR 0.334 | M1_PDR 0.523 | H_m0 1.47 H_m1 2.88 | a-0.0315 c1.0443 ent0.0142 VRAM 33MB
Ep 3700 | M0_PDR 0.340 | M1_PDR 0.498 | H_m0 1.42 H_m1 2.83 | a-0.0292 c0.9845 ent0.0137 VRAM 33MB
Ep 3750 | M0_PDR 0.350 | M1_PDR 0.511 | H_m0 1.34 H_m1 2.74 | a-0.0274 c0.9042 ent0.0132 VRAM 33MB
Ep 3800 | M0_PDR 0.361 | M1_PDR 0.545 | H_m0 1.36 H_m1 2.78 | a-0.0266 c1.0311 ent0.0128 VRAM 33MB
Ep 3850 | M0_PDR 0.371 | M1_PDR 0.501 | H_m0 1.25 H_m1 2.73 | a-0.0246 c0.9415 ent0.0123 VRAM 33MB
Ep 3900 | M0_PDR 0.361 | M1_PDR 0.534 | H_m0 1.15 H_m1 2.78 | a-0.0233 c0.9872 ent0.0118 VRAM 33MB
Ep 3950 | M0_PDR 0.371 | M1_PDR 0.550 | H_m0 1.12 H_m1 2.78 | a-0.0223 c0.7747 ent0.0113 VRAM 33MB
Ep 4000 | M0_PDR 0.382 | M1_PDR 0.508 | H_m0 1.10 H_m1 2.76 | a-0.0209 c0.9104 ent0.0108 VRAM 33MB
Ep 4050 | M0_PDR 0.387 | M1_PDR 0.530 | H_m0 1.07 H_m1 2.76 | a-0.0198 c0.7304 ent0.0103 VRAM 33MB
Ep 4100 | M0_PDR 0.372 | M1_PDR 0.534 | H_m0 1.07 H_m1 2.70 | a-0.0186 c0.8233 ent0.0098 VRAM 33MB
Ep 4150 | M0_PDR 0.365 | M1_PDR 0.507 | H_m0 1.06 H_m1 2.71 | a-0.0179 c1.0750 ent0.0093 VRAM 33MB
Ep 4200 | M0_PDR 0.394 | M1_PDR 0.522 | H_m0 1.00 H_m1 2.74 | a-0.0166 c0.8969 ent0.0088 VRAM 33MB
Ep 4250 | M0_PDR 0.395 | M1_PDR 0.477 | H_m0 1.00 H_m1 2.75 | a-0.0157 c1.0940 ent0.0083 VRAM 33MB
Ep 4300 | M0_PDR 0.394 | M1_PDR 0.508 | H_m0 0.96 H_m1 2.73 | a-0.0148 c0.9097 ent0.0079 VRAM 33MB
Ep 4350 | M0_PDR 0.408 | M1_PDR 0.516 | H_m0 0.91 H_m1 2.73 | a-0.0136 c1.1237 ent0.0074 VRAM 33MB
Ep 4400 | M0_PDR 0.374 | M1_PDR 0.502 | H_m0 0.93 H_m1 2.70 | a-0.0127 c1.0340 ent0.0069 VRAM 33MB
Ep 4450 | M0_PDR 0.427 | M1_PDR 0.526 | H_m0 0.84 H_m1 2.68 | a-0.0112 c1.0669 ent0.0064 VRAM 33MB
Ep 4500 | M0_PDR 0.408 | M1_PDR 0.477 | H_m0 0.83 H_m1 2.66 | a-0.0104 c1.1678 ent0.0059 VRAM 33MB
Ep 4550 | M0_PDR 0.423 | M1_PDR 0.530 | H_m0 0.79 H_m1 2.66 | a-0.0094 c1.0774 ent0.0054 VRAM 33MB
Ep 4600 | M0_PDR 0.406 | M1_PDR 0.522 | H_m0 0.80 H_m1 2.64 | a-0.0085 c1.0732 ent0.0049 VRAM 33MB
Ep 4650 | M0_PDR 0.425 | M1_PDR 0.535 | H_m0 0.76 H_m1 2.62 | a-0.0076 c1.2705 ent0.0044 VRAM 33MB
Ep 4700 | M0_PDR 0.410 | M1_PDR 0.508 | H_m0 0.77 H_m1 2.62 | a-0.0067 c1.9957 ent0.0039 VRAM 33MB
Ep 4750 | M0_PDR 0.439 | M1_PDR 0.497 | H_m0 0.70 H_m1 2.61 | a-0.0058 c1.2293 ent0.0034 VRAM 33MB
Ep 4800 | M0_PDR 0.428 | M1_PDR 0.521 | H_m0 0.70 H_m1 2.57 | a-0.0049 c1.2624 ent0.0030 VRAM 33MB
Ep 4850 | M0_PDR 0.467 | M1_PDR 0.521 | H_m0 0.64 H_m1 2.55 | a-0.0040 c0.9515 ent0.0025 VRAM 33MB
Ep 4900 | M0_PDR 0.435 | M1_PDR 0.528 | H_m0 0.68 H_m1 2.54 | a-0.0032 c1.2071 ent0.0020 VRAM 33MB
Ep 4950 | M0_PDR 0.450 | M1_PDR 0.539 | H_m0 0.65 H_m1 2.51 | a-0.0024 c1.1836 ent0.0015 VRAM 33MB

Training complete. Running 100 eval episodes...

  Eval ep   0: M0_PDR=0.465  M1_PDR=0.527
  Eval ep  20: M0_PDR=0.448  M1_PDR=0.538
  Eval ep  40: M0_PDR=0.452  M1_PDR=0.530
  Eval ep  60: M0_PDR=0.449  M1_PDR=0.505
  Eval ep  80: M0_PDR=0.446  M1_PDR=0.510

=== Eval Summary (100 episodes) ===
  M0_PDR_mean         : 0.4471
  M0_PDR_p05 (across) : 0.4303
  M0_PDR_p05 (intra)  : 0.2221
  M1_PDR_mean         : 0.5271
  M0_SINR_mean (dB)   : -7.22
  M1_SINR_mean (dB)   : 2.40
  M0_collision_rate   : 0.974
  M0_collision_within_pool : 0.974
  M1_collision_within_pool : 0.802

Result saved -> results/_C_N10_seed2.json
  N=10  rho=2.0  M0_PDR=0.447  M1_PDR=0.527
[NS3Bridge] Shutdown complete.
Run complete.
