[seed] all RNGs seeded with 1
GPU : NVIDIA GeForce RTX 3060
VRAM: 12.9 GB
Device          : cuda:0
Actor M0 params : 21,273
Actor M1 params : 21,273
Critic params   : 96,257
obs_dim=11  action_dim=25  gs_dim=115
M0 count: 5  M1 count: 5
Training for 5000 episodes (Config C_N10_seed1, N=10)...

[NS3Bridge] Connected tcp://localhost:5816
Ep    0 | M0_PDR 0.270 | M1_PDR 0.486 | H_m0 3.21 H_m1 3.22 | a-0.1646 c3.8450 ent0.0500 VRAM 33MB
Ep   50 | M0_PDR 0.287 | M1_PDR 0.518 | H_m0 3.10 H_m1 3.18 | a-0.1563 c2.0748 ent0.0495 VRAM 33MB
Ep  100 | M0_PDR 0.280 | M1_PDR 0.465 | H_m0 2.86 H_m1 3.18 | a-0.1496 c2.1144 ent0.0490 VRAM 33MB
Ep  150 | M0_PDR 0.273 | M1_PDR 0.478 | H_m0 3.00 H_m1 3.18 | a-0.1506 c2.1338 ent0.0485 VRAM 33MB
Ep  200 | M0_PDR 0.275 | M1_PDR 0.509 | H_m0 3.00 H_m1 3.17 | a-0.1486 c1.8560 ent0.0480 VRAM 33MB
Ep  250 | M0_PDR 0.269 | M1_PDR 0.483 | H_m0 2.88 H_m1 3.14 | a-0.1444 c1.7511 ent0.0475 VRAM 33MB
Ep  300 | M0_PDR 0.293 | M1_PDR 0.488 | H_m0 2.78 H_m1 3.16 | a-0.1408 c1.4435 ent0.0471 VRAM 33MB
Ep  350 | M0_PDR 0.291 | M1_PDR 0.506 | H_m0 2.72 H_m1 3.15 | a-0.1373 c1.9774 ent0.0466 VRAM 33MB
Ep  400 | M0_PDR 0.297 | M1_PDR 0.509 | H_m0 2.81 H_m1 3.18 | a-0.1390 c1.1785 ent0.0461 VRAM 33MB
Ep  450 | M0_PDR 0.307 | M1_PDR 0.479 | H_m0 2.73 H_m1 3.16 | a-0.1345 c1.2693 ent0.0456 VRAM 33MB
Ep  500 | M0_PDR 0.285 | M1_PDR 0.505 | H_m0 2.93 H_m1 3.14 | a-0.1382 c1.2455 ent0.0451 VRAM 33MB
Ep  550 | M0_PDR 0.296 | M1_PDR 0.496 | H_m0 2.81 H_m1 3.17 | a-0.1346 c1.1559 ent0.0446 VRAM 33MB
Ep  600 | M0_PDR 0.295 | M1_PDR 0.509 | H_m0 2.61 H_m1 3.17 | a-0.1294 c1.1568 ent0.0441 VRAM 33MB
Ep  650 | M0_PDR 0.290 | M1_PDR 0.487 | H_m0 2.61 H_m1 3.12 | a-0.1258 c1.1327 ent0.0436 VRAM 33MB
Ep  700 | M0_PDR 0.288 | M1_PDR 0.502 | H_m0 2.65 H_m1 3.16 | a-0.1263 c1.2738 ent0.0431 VRAM 33MB
Ep  750 | M0_PDR 0.291 | M1_PDR 0.484 | H_m0 2.66 H_m1 3.11 | a-0.1235 c1.1962 ent0.0426 VRAM 33MB
Ep  800 | M0_PDR 0.281 | M1_PDR 0.496 | H_m0 2.69 H_m1 3.15 | a-0.1244 c1.3524 ent0.0422 VRAM 33MB
Ep  850 | M0_PDR 0.297 | M1_PDR 0.506 | H_m0 2.53 H_m1 3.13 | a-0.1193 c1.2733 ent0.0417 VRAM 33MB
Ep  900 | M0_PDR 0.295 | M1_PDR 0.505 | H_m0 2.68 H_m1 3.14 | a-0.1212 c1.5364 ent0.0412 VRAM 33MB
Ep  950 | M0_PDR 0.296 | M1_PDR 0.483 | H_m0 2.60 H_m1 3.13 | a-0.1179 c1.0023 ent0.0407 VRAM 33MB
Ep 1000 | M0_PDR 0.277 | M1_PDR 0.493 | H_m0 2.74 H_m1 3.14 | a-0.1188 c1.1021 ent0.0402 VRAM 33MB
Ep 1050 | M0_PDR 0.309 | M1_PDR 0.485 | H_m0 2.57 H_m1 3.14 | a-0.1137 c1.3793 ent0.0397 VRAM 33MB
Ep 1100 | M0_PDR 0.281 | M1_PDR 0.534 | H_m0 2.68 H_m1 3.15 | a-0.1148 c1.0511 ent0.0392 VRAM 33MB
Ep 1150 | M0_PDR 0.297 | M1_PDR 0.481 | H_m0 2.48 H_m1 3.13 | a-0.1103 c1.2065 ent0.0387 VRAM 33MB
Ep 1200 | M0_PDR 0.302 | M1_PDR 0.479 | H_m0 2.75 H_m1 3.17 | a-0.1136 c1.2748 ent0.0382 VRAM 33MB
Ep 1250 | M0_PDR 0.276 | M1_PDR 0.539 | H_m0 2.51 H_m1 3.12 | a-0.1069 c1.0403 ent0.0377 VRAM 33MB
Ep 1300 | M0_PDR 0.294 | M1_PDR 0.491 | H_m0 2.48 H_m1 3.15 | a-0.1051 c1.2795 ent0.0373 VRAM 33MB
Ep 1350 | M0_PDR 0.281 | M1_PDR 0.490 | H_m0 2.52 H_m1 3.14 | a-0.1051 c1.0548 ent0.0368 VRAM 33MB
Ep 1400 | M0_PDR 0.302 | M1_PDR 0.506 | H_m0 2.51 H_m1 3.17 | a-0.1034 c1.0242 ent0.0363 VRAM 33MB
Ep 1450 | M0_PDR 0.297 | M1_PDR 0.485 | H_m0 2.60 H_m1 3.15 | a-0.1031 c1.3222 ent0.0358 VRAM 33MB
Ep 1500 | M0_PDR 0.308 | M1_PDR 0.490 | H_m0 2.57 H_m1 3.16 | a-0.1015 c1.1350 ent0.0353 VRAM 33MB
Ep 1550 | M0_PDR 0.289 | M1_PDR 0.503 | H_m0 2.67 H_m1 3.05 | a-0.1001 c1.0676 ent0.0348 VRAM 33MB
Ep 1600 | M0_PDR 0.302 | M1_PDR 0.500 | H_m0 2.43 H_m1 3.15 | a-0.0960 c1.1132 ent0.0343 VRAM 33MB
Ep 1650 | M0_PDR 0.302 | M1_PDR 0.492 | H_m0 2.48 H_m1 3.11 | a-0.0951 c0.9837 ent0.0338 VRAM 33MB
Ep 1700 | M0_PDR 0.290 | M1_PDR 0.488 | H_m0 2.38 H_m1 3.06 | a-0.0917 c1.3056 ent0.0333 VRAM 33MB
Ep 1750 | M0_PDR 0.287 | M1_PDR 0.501 | H_m0 2.53 H_m1 3.04 | a-0.0921 c1.2161 ent0.0328 VRAM 33MB
Ep 1800 | M0_PDR 0.295 | M1_PDR 0.488 | H_m0 2.44 H_m1 3.14 | a-0.0907 c1.1138 ent0.0324 VRAM 33MB
Ep 1850 | M0_PDR 0.315 | M1_PDR 0.483 | H_m0 2.22 H_m1 3.12 | a-0.0856 c1.1552 ent0.0319 VRAM 33MB
Ep 1900 | M0_PDR 0.303 | M1_PDR 0.494 | H_m0 2.32 H_m1 3.14 | a-0.0859 c1.0722 ent0.0314 VRAM 33MB
Ep 1950 | M0_PDR 0.304 | M1_PDR 0.503 | H_m0 2.29 H_m1 3.05 | a-0.0831 c1.0739 ent0.0309 VRAM 33MB
Ep 2000 | M0_PDR 0.303 | M1_PDR 0.503 | H_m0 2.40 H_m1 3.16 | a-0.0851 c0.8165 ent0.0304 VRAM 33MB
Ep 2050 | M0_PDR 0.301 | M1_PDR 0.496 | H_m0 2.33 H_m1 3.14 | a-0.0820 c1.1843 ent0.0299 VRAM 33MB
Ep 2100 | M0_PDR 0.305 | M1_PDR 0.516 | H_m0 2.21 H_m1 3.12 | a-0.0788 c1.1493 ent0.0294 VRAM 33MB
Ep 2150 | M0_PDR 0.312 | M1_PDR 0.497 | H_m0 2.28 H_m1 3.08 | a-0.0787 c1.0481 ent0.0289 VRAM 33MB
Ep 2200 | M0_PDR 0.316 | M1_PDR 0.498 | H_m0 2.25 H_m1 3.08 | a-0.0770 c1.2759 ent0.0284 VRAM 33MB
Ep 2250 | M0_PDR 0.299 | M1_PDR 0.502 | H_m0 2.17 H_m1 3.02 | a-0.0729 c1.1126 ent0.0279 VRAM 33MB
Ep 2300 | M0_PDR 0.301 | M1_PDR 0.535 | H_m0 2.11 H_m1 3.04 | a-0.0718 c1.0152 ent0.0275 VRAM 33MB
Ep 2350 | M0_PDR 0.317 | M1_PDR 0.484 | H_m0 2.09 H_m1 3.09 | a-0.0705 c1.1301 ent0.0270 VRAM 33MB
Ep 2400 | M0_PDR 0.314 | M1_PDR 0.474 | H_m0 1.94 H_m1 3.06 | a-0.0668 c1.0375 ent0.0265 VRAM 33MB
Ep 2450 | M0_PDR 0.344 | M1_PDR 0.541 | H_m0 1.92 H_m1 3.07 | a-0.0654 c0.9178 ent0.0260 VRAM 33MB
Ep 2500 | M0_PDR 0.327 | M1_PDR 0.530 | H_m0 1.90 H_m1 3.08 | a-0.0639 c0.9874 ent0.0255 VRAM 33MB
Ep 2550 | M0_PDR 0.321 | M1_PDR 0.498 | H_m0 1.85 H_m1 3.10 | a-0.0624 c1.0116 ent0.0250 VRAM 33MB
Ep 2600 | M0_PDR 0.329 | M1_PDR 0.525 | H_m0 1.83 H_m1 3.06 | a-0.0605 c0.8145 ent0.0245 VRAM 33MB
Ep 2650 | M0_PDR 0.341 | M1_PDR 0.505 | H_m0 1.80 H_m1 3.03 | a-0.0586 c0.9563 ent0.0240 VRAM 33MB
Ep 2700 | M0_PDR 0.330 | M1_PDR 0.514 | H_m0 1.76 H_m1 3.06 | a-0.0570 c1.2717 ent0.0235 VRAM 33MB
Ep 2750 | M0_PDR 0.324 | M1_PDR 0.498 | H_m0 1.61 H_m1 3.03 | a-0.0543 c1.0495 ent0.0230 VRAM 33MB
Ep 2800 | M0_PDR 0.340 | M1_PDR 0.511 | H_m0 1.52 H_m1 3.02 | a-0.0524 c1.0866 ent0.0226 VRAM 33MB
Ep 2850 | M0_PDR 0.368 | M1_PDR 0.509 | H_m0 1.48 H_m1 3.03 | a-0.0502 c1.0509 ent0.0221 VRAM 33MB
Ep 2900 | M0_PDR 0.364 | M1_PDR 0.499 | H_m0 1.35 H_m1 3.00 | a-0.0476 c0.8631 ent0.0216 VRAM 33MB
Ep 2950 | M0_PDR 0.350 | M1_PDR 0.487 | H_m0 1.24 H_m1 3.02 | a-0.0458 c0.7240 ent0.0211 VRAM 33MB
Ep 3000 | M0_PDR 0.366 | M1_PDR 0.519 | H_m0 1.16 H_m1 2.99 | a-0.0438 c0.8305 ent0.0206 VRAM 33MB
Ep 3050 | M0_PDR 0.361 | M1_PDR 0.525 | H_m0 1.13 H_m1 3.00 | a-0.0419 c0.8130 ent0.0201 VRAM 33MB
Ep 3100 | M0_PDR 0.388 | M1_PDR 0.508 | H_m0 1.08 H_m1 3.05 | a-0.0409 c0.6817 ent0.0196 VRAM 33MB
Ep 3150 | M0_PDR 0.398 | M1_PDR 0.490 | H_m0 1.04 H_m1 3.04 | a-0.0389 c0.7091 ent0.0191 VRAM 33MB
Ep 3200 | M0_PDR 0.368 | M1_PDR 0.501 | H_m0 1.02 H_m1 2.99 | a-0.0379 c0.7635 ent0.0186 VRAM 33MB
Ep 3250 | M0_PDR 0.368 | M1_PDR 0.517 | H_m0 1.01 H_m1 2.99 | a-0.0363 c0.8769 ent0.0181 VRAM 33MB
Ep 3300 | M0_PDR 0.382 | M1_PDR 0.511 | H_m0 1.01 H_m1 2.94 | a-0.0351 c0.8181 ent0.0177 VRAM 33MB
Ep 3350 | M0_PDR 0.390 | M1_PDR 0.505 | H_m0 1.01 H_m1 3.01 | a-0.0352 c0.7011 ent0.0172 VRAM 33MB
Ep 3400 | M0_PDR 0.380 | M1_PDR 0.504 | H_m0 1.07 H_m1 2.97 | a-0.0344 c0.7617 ent0.0167 VRAM 33MB
Ep 3450 | M0_PDR 0.401 | M1_PDR 0.515 | H_m0 1.02 H_m1 2.89 | a-0.0321 c0.6496 ent0.0162 VRAM 33MB
Ep 3500 | M0_PDR 0.388 | M1_PDR 0.528 | H_m0 1.07 H_m1 2.89 | a-0.0316 c0.6973 ent0.0157 VRAM 33MB
Ep 3550 | M0_PDR 0.391 | M1_PDR 0.512 | H_m0 1.07 H_m1 2.82 | a-0.0299 c0.7174 ent0.0152 VRAM 33MB
Ep 3600 | M0_PDR 0.408 | M1_PDR 0.509 | H_m0 1.05 H_m1 2.85 | a-0.0293 c0.7292 ent0.0147 VRAM 33MB
Ep 3650 | M0_PDR 0.383 | M1_PDR 0.520 | H_m0 1.01 H_m1 2.84 | a-0.0277 c0.6637 ent0.0142 VRAM 33MB
Ep 3700 | M0_PDR 0.398 | M1_PDR 0.501 | H_m0 1.00 H_m1 2.85 | a-0.0267 c0.5963 ent0.0137 VRAM 33MB
Ep 3750 | M0_PDR 0.405 | M1_PDR 0.517 | H_m0 0.97 H_m1 2.85 | a-0.0252 c0.8288 ent0.0132 VRAM 33MB
Ep 3800 | M0_PDR 0.386 | M1_PDR 0.522 | H_m0 0.98 H_m1 2.86 | a-0.0245 c0.6817 ent0.0128 VRAM 33MB
Ep 3850 | M0_PDR 0.390 | M1_PDR 0.497 | H_m0 0.97 H_m1 2.85 | a-0.0240 c0.7142 ent0.0123 VRAM 33MB
Ep 3900 | M0_PDR 0.392 | M1_PDR 0.493 | H_m0 0.97 H_m1 2.83 | a-0.0225 c0.5920 ent0.0118 VRAM 33MB
Ep 3950 | M0_PDR 0.389 | M1_PDR 0.544 | H_m0 0.92 H_m1 2.85 | a-0.0214 c0.6536 ent0.0113 VRAM 33MB
Ep 4000 | M0_PDR 0.397 | M1_PDR 0.515 | H_m0 0.92 H_m1 2.81 | a-0.0205 c0.7565 ent0.0108 VRAM 33MB
Ep 4050 | M0_PDR 0.393 | M1_PDR 0.512 | H_m0 0.96 H_m1 2.80 | a-0.0194 c0.6133 ent0.0103 VRAM 33MB
Ep 4100 | M0_PDR 0.383 | M1_PDR 0.547 | H_m0 0.98 H_m1 2.76 | a-0.0184 c0.7422 ent0.0098 VRAM 33MB
Ep 4150 | M0_PDR 0.397 | M1_PDR 0.530 | H_m0 0.98 H_m1 2.72 | a-0.0173 c0.6662 ent0.0093 VRAM 33MB
Ep 4200 | M0_PDR 0.405 | M1_PDR 0.522 | H_m0 0.97 H_m1 2.75 | a-0.0166 c0.6021 ent0.0088 VRAM 33MB
Ep 4250 | M0_PDR 0.395 | M1_PDR 0.540 | H_m0 0.91 H_m1 2.71 | a-0.0151 c0.6145 ent0.0083 VRAM 33MB
Ep 4300 | M0_PDR 0.389 | M1_PDR 0.521 | H_m0 0.95 H_m1 2.69 | a-0.0144 c0.7415 ent0.0079 VRAM 33MB
Ep 4350 | M0_PDR 0.378 | M1_PDR 0.552 | H_m0 0.97 H_m1 2.67 | a-0.0135 c0.7618 ent0.0074 VRAM 33MB
Ep 4400 | M0_PDR 0.393 | M1_PDR 0.530 | H_m0 0.97 H_m1 2.65 | a-0.0125 c0.7331 ent0.0069 VRAM 33MB
Ep 4450 | M0_PDR 0.394 | M1_PDR 0.541 | H_m0 0.96 H_m1 2.63 | a-0.0115 c0.6340 ent0.0064 VRAM 33MB
Ep 4500 | M0_PDR 0.383 | M1_PDR 0.540 | H_m0 0.94 H_m1 2.59 | a-0.0104 c0.6997 ent0.0059 VRAM 33MB
Ep 4550 | M0_PDR 0.400 | M1_PDR 0.490 | H_m0 0.95 H_m1 2.56 | a-0.0095 c0.7959 ent0.0054 VRAM 33MB
Ep 4600 | M0_PDR 0.402 | M1_PDR 0.518 | H_m0 0.94 H_m1 2.57 | a-0.0087 c0.6303 ent0.0049 VRAM 33MB
Ep 4650 | M0_PDR 0.388 | M1_PDR 0.582 | H_m0 0.93 H_m1 2.57 | a-0.0078 c0.7317 ent0.0044 VRAM 33MB
Ep 4700 | M0_PDR 0.395 | M1_PDR 0.535 | H_m0 0.93 H_m1 2.55 | a-0.0069 c0.7092 ent0.0039 VRAM 33MB
Ep 4750 | M0_PDR 0.388 | M1_PDR 0.520 | H_m0 0.94 H_m1 2.52 | a-0.0060 c0.6640 ent0.0034 VRAM 33MB
Ep 4800 | M0_PDR 0.395 | M1_PDR 0.540 | H_m0 0.95 H_m1 2.52 | a-0.0051 c0.7898 ent0.0030 VRAM 33MB
Ep 4850 | M0_PDR 0.392 | M1_PDR 0.506 | H_m0 0.96 H_m1 2.51 | a-0.0043 c0.6137 ent0.0025 VRAM 33MB
Ep 4900 | M0_PDR 0.400 | M1_PDR 0.523 | H_m0 0.96 H_m1 2.51 | a-0.0034 c0.5744 ent0.0020 VRAM 33MB
Ep 4950 | M0_PDR 0.393 | M1_PDR 0.504 | H_m0 0.97 H_m1 2.49 | a-0.0027 c0.8198 ent0.0015 VRAM 33MB

Training complete. Running 100 eval episodes...

  Eval ep   0: M0_PDR=0.385  M1_PDR=0.524
  Eval ep  20: M0_PDR=0.393  M1_PDR=0.508
  Eval ep  40: M0_PDR=0.406  M1_PDR=0.546
  Eval ep  60: M0_PDR=0.388  M1_PDR=0.538
  Eval ep  80: M0_PDR=0.402  M1_PDR=0.511

=== Eval Summary (100 episodes) ===
  M0_PDR_mean         : 0.3958
  M0_PDR_p05 (across) : 0.3844
  M0_PDR_p05 (intra)  : 0.2005
  M1_PDR_mean         : 0.5294
  M0_SINR_mean (dB)   : -10.48
  M1_SINR_mean (dB)   : 2.50
  M0_collision_rate   : 0.952
  M0_collision_within_pool : 0.952
  M1_collision_within_pool : 0.803

Result saved -> results/_C_N10_seed1.json
  N=10  rho=2.0  M0_PDR=0.396  M1_PDR=0.529
[NS3Bridge] Shutdown complete.
Run complete.
