[seed] all RNGs seeded with 1
GPU : NVIDIA GeForce RTX 3060
VRAM: 12.9 GB
Device          : cuda:0
Actor M0 params : 21,273
Actor M1 params : 21,273
Critic params   : 79,361
obs_dim=11  action_dim=25  gs_dim=49
M0 count: 2  M1 count: 2
Training for 5000 episodes (Config C_N4_seed1_gaefix_g05_ent01, N=4)...

[NS3Bridge] Connected tcp://localhost:7666
Ep    0 | M0_PDR 0.621 | M1_PDR 0.763 | H_m0 3.21 H_m1 3.22 | a-0.0388 c0.8625 ent0.0100 VRAM 23MB
Ep   50 | M0_PDR 0.663 | M1_PDR 0.774 | H_m0 2.59 H_m1 3.10 | a-0.0335 c0.7182 ent0.0099 VRAM 23MB
Ep  100 | M0_PDR 0.709 | M1_PDR 0.794 | H_m0 1.66 H_m1 2.50 | a-0.0222 c0.7737 ent0.0098 VRAM 23MB
Ep  150 | M0_PDR 0.734 | M1_PDR 0.780 | H_m0 1.44 H_m1 2.79 | a-0.0267 c0.7961 ent0.0097 VRAM 23MB
Ep  200 | M0_PDR 0.686 | M1_PDR 0.841 | H_m0 1.56 H_m1 2.70 | a-0.0227 c0.7322 ent0.0096 VRAM 23MB
Ep  250 | M0_PDR 0.780 | M1_PDR 0.800 | H_m0 1.05 H_m1 2.59 | a-0.0204 c0.8424 ent0.0095 VRAM 23MB
Ep  300 | M0_PDR 0.671 | M1_PDR 0.770 | H_m0 1.44 H_m1 2.64 | a-0.0219 c0.7398 ent0.0095 VRAM 23MB
Ep  350 | M0_PDR 0.715 | M1_PDR 0.787 | H_m0 1.56 H_m1 2.69 | a-0.0229 c0.7820 ent0.0094 VRAM 23MB
Ep  400 | M0_PDR 0.973 | M1_PDR 0.762 | H_m0 0.77 H_m1 2.56 | a-0.0184 c1.1115 ent0.0093 VRAM 23MB
Ep  450 | M0_PDR 0.981 | M1_PDR 0.808 | H_m0 0.46 H_m1 2.00 | a-0.0128 c1.0986 ent0.0092 VRAM 23MB
Ep  500 | M0_PDR 1.000 | M1_PDR 0.788 | H_m0 0.50 H_m1 2.56 | a-0.0137 c1.1282 ent0.0091 VRAM 23MB
Ep  550 | M0_PDR 1.000 | M1_PDR 0.762 | H_m0 0.62 H_m1 2.38 | a-0.0165 c1.1436 ent0.0090 VRAM 23MB
Ep  600 | M0_PDR 0.998 | M1_PDR 0.790 | H_m0 0.33 H_m1 2.34 | a-0.0152 c1.1282 ent0.0089 VRAM 23MB
Ep  650 | M0_PDR 1.000 | M1_PDR 0.798 | H_m0 0.50 H_m1 2.39 | a-0.0156 c1.1270 ent0.0088 VRAM 23MB
Ep  700 | M0_PDR 1.000 | M1_PDR 0.786 | H_m0 0.61 H_m1 2.12 | a-0.0127 c1.1289 ent0.0087 VRAM 23MB
Ep  750 | M0_PDR 1.000 | M1_PDR 0.820 | H_m0 0.49 H_m1 1.95 | a-0.0119 c1.1129 ent0.0086 VRAM 23MB
Ep  800 | M0_PDR 1.000 | M1_PDR 0.799 | H_m0 0.31 H_m1 2.36 | a-0.0140 c1.1197 ent0.0086 VRAM 23MB
Ep  850 | M0_PDR 1.000 | M1_PDR 0.788 | H_m0 0.43 H_m1 2.53 | a-0.0141 c1.1282 ent0.0085 VRAM 23MB
Ep  900 | M0_PDR 0.998 | M1_PDR 0.775 | H_m0 0.69 H_m1 2.51 | a-0.0134 c1.1335 ent0.0084 VRAM 23MB
Ep  950 | M0_PDR 1.000 | M1_PDR 0.766 | H_m0 0.70 H_m1 2.43 | a-0.0138 c1.1410 ent0.0083 VRAM 23MB
Ep 1000 | M0_PDR 1.000 | M1_PDR 0.798 | H_m0 0.34 H_m1 2.57 | a-0.0124 c1.1224 ent0.0082 VRAM 23MB
Ep 1050 | M0_PDR 1.000 | M1_PDR 0.804 | H_m0 0.66 H_m1 2.46 | a-0.0135 c1.1174 ent0.0081 VRAM 23MB
Ep 1100 | M0_PDR 1.000 | M1_PDR 0.747 | H_m0 0.56 H_m1 2.29 | a-0.0131 c1.1511 ent0.0080 VRAM 23MB
Ep 1150 | M0_PDR 1.000 | M1_PDR 0.786 | H_m0 0.65 H_m1 2.33 | a-0.0128 c1.1298 ent0.0079 VRAM 23MB
Ep 1200 | M0_PDR 1.000 | M1_PDR 0.733 | H_m0 0.72 H_m1 2.75 | a-0.0139 c1.1591 ent0.0078 VRAM 23MB
Ep 1250 | M0_PDR 0.998 | M1_PDR 0.809 | H_m0 0.72 H_m1 2.68 | a-0.0136 c1.1149 ent0.0077 VRAM 23MB
Ep 1300 | M0_PDR 1.000 | M1_PDR 0.820 | H_m0 0.56 H_m1 2.31 | a-0.0117 c1.1158 ent0.0077 VRAM 23MB
Ep 1350 | M0_PDR 0.996 | M1_PDR 0.742 | H_m0 0.69 H_m1 2.70 | a-0.0145 c1.1459 ent0.0076 VRAM 23MB
Ep 1400 | M0_PDR 1.000 | M1_PDR 0.761 | H_m0 0.73 H_m1 2.69 | a-0.0139 c1.1390 ent0.0075 VRAM 23MB
Ep 1450 | M0_PDR 1.000 | M1_PDR 0.799 | H_m0 0.75 H_m1 2.53 | a-0.0137 c1.1251 ent0.0074 VRAM 23MB
Ep 1500 | M0_PDR 1.000 | M1_PDR 0.808 | H_m0 0.90 H_m1 2.45 | a-0.0134 c1.1200 ent0.0073 VRAM 23MB
Ep 1550 | M0_PDR 0.999 | M1_PDR 0.783 | H_m0 0.93 H_m1 2.62 | a-0.0144 c1.1245 ent0.0072 VRAM 23MB
Ep 1600 | M0_PDR 1.000 | M1_PDR 0.762 | H_m0 1.02 H_m1 2.58 | a-0.0140 c1.1346 ent0.0071 VRAM 23MB
Ep 1650 | M0_PDR 1.000 | M1_PDR 0.786 | H_m0 0.87 H_m1 2.53 | a-0.0132 c1.1269 ent0.0070 VRAM 23MB
Ep 1700 | M0_PDR 1.000 | M1_PDR 0.766 | H_m0 0.92 H_m1 2.58 | a-0.0129 c1.1372 ent0.0069 VRAM 23MB
Ep 1750 | M0_PDR 0.998 | M1_PDR 0.811 | H_m0 0.85 H_m1 2.56 | a-0.0123 c1.1221 ent0.0068 VRAM 23MB
Ep 1800 | M0_PDR 1.000 | M1_PDR 0.779 | H_m0 0.89 H_m1 2.56 | a-0.0128 c1.1293 ent0.0068 VRAM 23MB
Ep 1850 | M0_PDR 1.000 | M1_PDR 0.794 | H_m0 0.87 H_m1 2.55 | a-0.0120 c1.1249 ent0.0067 VRAM 23MB
Ep 1900 | M0_PDR 1.000 | M1_PDR 0.779 | H_m0 0.89 H_m1 2.56 | a-0.0124 c1.1299 ent0.0066 VRAM 23MB
Ep 1950 | M0_PDR 1.000 | M1_PDR 0.782 | H_m0 0.90 H_m1 2.50 | a-0.0118 c1.1330 ent0.0065 VRAM 23MB
Ep 2000 | M0_PDR 0.998 | M1_PDR 0.795 | H_m0 0.96 H_m1 2.65 | a-0.0120 c1.1183 ent0.0064 VRAM 23MB
Ep 2050 | M0_PDR 0.998 | M1_PDR 0.814 | H_m0 0.89 H_m1 2.75 | a-0.0124 c1.1127 ent0.0063 VRAM 23MB
Ep 2100 | M0_PDR 1.000 | M1_PDR 0.817 | H_m0 0.83 H_m1 2.55 | a-0.0107 c1.1105 ent0.0062 VRAM 23MB
Ep 2150 | M0_PDR 1.000 | M1_PDR 0.751 | H_m0 0.86 H_m1 2.75 | a-0.0122 c1.1382 ent0.0061 VRAM 23MB
Ep 2200 | M0_PDR 1.000 | M1_PDR 0.803 | H_m0 1.00 H_m1 2.79 | a-0.0118 c1.1222 ent0.0060 VRAM 23MB
Ep 2250 | M0_PDR 1.000 | M1_PDR 0.761 | H_m0 0.90 H_m1 2.76 | a-0.0118 c1.1368 ent0.0059 VRAM 23MB
Ep 2300 | M0_PDR 1.000 | M1_PDR 0.809 | H_m0 0.90 H_m1 2.79 | a-0.0117 c1.1149 ent0.0059 VRAM 23MB
Ep 2350 | M0_PDR 1.000 | M1_PDR 0.791 | H_m0 0.96 H_m1 2.72 | a-0.0111 c1.1238 ent0.0058 VRAM 23MB
Ep 2400 | M0_PDR 1.000 | M1_PDR 0.799 | H_m0 0.98 H_m1 2.67 | a-0.0112 c1.1189 ent0.0057 VRAM 23MB
Ep 2450 | M0_PDR 1.000 | M1_PDR 0.798 | H_m0 1.03 H_m1 2.61 | a-0.0111 c1.1187 ent0.0056 VRAM 23MB
Ep 2500 | M0_PDR 1.000 | M1_PDR 0.802 | H_m0 1.05 H_m1 2.52 | a-0.0105 c1.1162 ent0.0055 VRAM 23MB
Ep 2550 | M0_PDR 1.000 | M1_PDR 0.804 | H_m0 1.02 H_m1 2.67 | a-0.0103 c1.1167 ent0.0054 VRAM 23MB
Ep 2600 | M0_PDR 1.000 | M1_PDR 0.798 | H_m0 0.99 H_m1 2.60 | a-0.0105 c1.1168 ent0.0053 VRAM 23MB
Ep 2650 | M0_PDR 1.000 | M1_PDR 0.751 | H_m0 1.04 H_m1 2.62 | a-0.0099 c1.1404 ent0.0052 VRAM 23MB
Ep 2700 | M0_PDR 1.000 | M1_PDR 0.781 | H_m0 1.06 H_m1 2.47 | a-0.0101 c1.1338 ent0.0051 VRAM 23MB
Ep 2750 | M0_PDR 0.998 | M1_PDR 0.808 | H_m0 1.07 H_m1 2.48 | a-0.0093 c1.1128 ent0.0050 VRAM 23MB
Ep 2800 | M0_PDR 1.000 | M1_PDR 0.776 | H_m0 1.08 H_m1 2.48 | a-0.0090 c1.1294 ent0.0050 VRAM 23MB
Ep 2850 | M0_PDR 0.998 | M1_PDR 0.809 | H_m0 1.04 H_m1 2.29 | a-0.0086 c1.1180 ent0.0049 VRAM 23MB
Ep 2900 | M0_PDR 1.000 | M1_PDR 0.809 | H_m0 1.04 H_m1 2.28 | a-0.0082 c1.1188 ent0.0048 VRAM 23MB
Ep 2950 | M0_PDR 1.000 | M1_PDR 0.769 | H_m0 0.99 H_m1 2.16 | a-0.0083 c1.1318 ent0.0047 VRAM 23MB
Ep 3000 | M0_PDR 1.000 | M1_PDR 0.812 | H_m0 1.00 H_m1 1.99 | a-0.0080 c1.1166 ent0.0046 VRAM 23MB
Ep 3050 | M0_PDR 1.000 | M1_PDR 0.790 | H_m0 0.98 H_m1 1.91 | a-0.0076 c1.1296 ent0.0045 VRAM 23MB
Ep 3100 | M0_PDR 1.000 | M1_PDR 0.811 | H_m0 0.93 H_m1 2.17 | a-0.0077 c1.1225 ent0.0044 VRAM 23MB
Ep 3150 | M0_PDR 1.000 | M1_PDR 0.796 | H_m0 0.84 H_m1 2.29 | a-0.0078 c1.1183 ent0.0043 VRAM 23MB
Ep 3200 | M0_PDR 1.000 | M1_PDR 0.836 | H_m0 0.81 H_m1 2.30 | a-0.0071 c1.1026 ent0.0042 VRAM 23MB
Ep 3250 | M0_PDR 1.000 | M1_PDR 0.784 | H_m0 0.81 H_m1 2.36 | a-0.0073 c1.1290 ent0.0041 VRAM 23MB
Ep 3300 | M0_PDR 1.000 | M1_PDR 0.811 | H_m0 0.74 H_m1 2.37 | a-0.0066 c1.1179 ent0.0041 VRAM 23MB
Ep 3350 | M0_PDR 1.000 | M1_PDR 0.785 | H_m0 0.75 H_m1 2.44 | a-0.0072 c1.1236 ent0.0040 VRAM 23MB
Ep 3400 | M0_PDR 1.000 | M1_PDR 0.827 | H_m0 0.87 H_m1 2.34 | a-0.0063 c1.1102 ent0.0039 VRAM 23MB
Ep 3450 | M0_PDR 1.000 | M1_PDR 0.811 | H_m0 0.96 H_m1 2.33 | a-0.0066 c1.1222 ent0.0038 VRAM 23MB
Ep 3500 | M0_PDR 1.000 | M1_PDR 0.796 | H_m0 1.00 H_m1 2.30 | a-0.0064 c1.1229 ent0.0037 VRAM 23MB
Ep 3550 | M0_PDR 1.000 | M1_PDR 0.767 | H_m0 1.00 H_m1 2.29 | a-0.0062 c1.1370 ent0.0036 VRAM 23MB
Ep 3600 | M0_PDR 1.000 | M1_PDR 0.797 | H_m0 0.98 H_m1 2.20 | a-0.0058 c1.1242 ent0.0035 VRAM 23MB
Ep 3650 | M0_PDR 1.000 | M1_PDR 0.813 | H_m0 0.97 H_m1 2.12 | a-0.0056 c1.1098 ent0.0034 VRAM 23MB
Ep 3700 | M0_PDR 1.000 | M1_PDR 0.793 | H_m0 0.97 H_m1 2.18 | a-0.0054 c1.1276 ent0.0033 VRAM 23MB
Ep 3750 | M0_PDR 1.000 | M1_PDR 0.806 | H_m0 0.92 H_m1 2.12 | a-0.0052 c1.1200 ent0.0032 VRAM 23MB
Ep 3800 | M0_PDR 1.000 | M1_PDR 0.824 | H_m0 0.95 H_m1 2.05 | a-0.0050 c1.1151 ent0.0032 VRAM 23MB
Ep 3850 | M0_PDR 1.000 | M1_PDR 0.781 | H_m0 0.92 H_m1 2.06 | a-0.0047 c1.1314 ent0.0031 VRAM 23MB
Ep 3900 | M0_PDR 1.000 | M1_PDR 0.778 | H_m0 0.94 H_m1 2.10 | a-0.0048 c1.1356 ent0.0030 VRAM 23MB
Ep 3950 | M0_PDR 1.000 | M1_PDR 0.786 | H_m0 0.95 H_m1 2.05 | a-0.0045 c1.1308 ent0.0029 VRAM 23MB
Ep 4000 | M0_PDR 1.000 | M1_PDR 0.759 | H_m0 0.96 H_m1 2.04 | a-0.0045 c1.1470 ent0.0028 VRAM 23MB
Ep 4050 | M0_PDR 1.000 | M1_PDR 0.774 | H_m0 0.95 H_m1 2.04 | a-0.0044 c1.1378 ent0.0027 VRAM 23MB
Ep 4100 | M0_PDR 1.000 | M1_PDR 0.794 | H_m0 0.96 H_m1 2.04 | a-0.0040 c1.1157 ent0.0026 VRAM 23MB
Ep 4150 | M0_PDR 1.000 | M1_PDR 0.810 | H_m0 0.98 H_m1 2.06 | a-0.0040 c1.1177 ent0.0025 VRAM 23MB
Ep 4200 | M0_PDR 1.000 | M1_PDR 0.806 | H_m0 0.97 H_m1 2.04 | a-0.0037 c1.1223 ent0.0024 VRAM 23MB
Ep 4250 | M0_PDR 1.000 | M1_PDR 0.810 | H_m0 0.97 H_m1 2.03 | a-0.0036 c1.1187 ent0.0023 VRAM 23MB
Ep 4300 | M0_PDR 1.000 | M1_PDR 0.799 | H_m0 0.98 H_m1 2.00 | a-0.0035 c1.1262 ent0.0023 VRAM 23MB
Ep 4350 | M0_PDR 1.000 | M1_PDR 0.824 | H_m0 0.98 H_m1 1.99 | a-0.0033 c1.1137 ent0.0022 VRAM 23MB
Ep 4400 | M0_PDR 1.000 | M1_PDR 0.824 | H_m0 0.98 H_m1 1.97 | a-0.0031 c1.1115 ent0.0021 VRAM 23MB
Ep 4450 | M0_PDR 1.000 | M1_PDR 0.785 | H_m0 0.98 H_m1 2.02 | a-0.0030 c1.1333 ent0.0020 VRAM 23MB
Ep 4500 | M0_PDR 0.998 | M1_PDR 0.816 | H_m0 0.97 H_m1 1.97 | a-0.0030 c1.1196 ent0.0019 VRAM 23MB
Ep 4550 | M0_PDR 1.000 | M1_PDR 0.780 | H_m0 0.97 H_m1 2.02 | a-0.0028 c1.1338 ent0.0018 VRAM 23MB
Ep 4600 | M0_PDR 1.000 | M1_PDR 0.791 | H_m0 0.96 H_m1 2.02 | a-0.0026 c1.1293 ent0.0017 VRAM 23MB
Ep 4650 | M0_PDR 1.000 | M1_PDR 0.833 | H_m0 0.95 H_m1 1.97 | a-0.0024 c1.1072 ent0.0016 VRAM 23MB
Ep 4700 | M0_PDR 1.000 | M1_PDR 0.773 | H_m0 0.95 H_m1 1.98 | a-0.0023 c1.1378 ent0.0015 VRAM 23MB
Ep 4750 | M0_PDR 1.000 | M1_PDR 0.804 | H_m0 0.95 H_m1 1.95 | a-0.0021 c1.1265 ent0.0014 VRAM 23MB
Ep 4800 | M0_PDR 1.000 | M1_PDR 0.829 | H_m0 0.95 H_m1 1.93 | a-0.0020 c1.1074 ent0.0014 VRAM 23MB
Ep 4850 | M0_PDR 1.000 | M1_PDR 0.800 | H_m0 0.96 H_m1 1.98 | a-0.0019 c1.1273 ent0.0013 VRAM 23MB
Ep 4900 | M0_PDR 1.000 | M1_PDR 0.806 | H_m0 0.95 H_m1 1.96 | a-0.0017 c1.1165 ent0.0012 VRAM 23MB
Ep 4950 | M0_PDR 1.000 | M1_PDR 0.762 | H_m0 0.96 H_m1 1.99 | a-0.0017 c1.1468 ent0.0011 VRAM 23MB

Training complete. Running 100 eval episodes...

  Eval ep   0: M0_PDR=1.000  M1_PDR=0.782
  Eval ep  20: M0_PDR=1.000  M1_PDR=0.784
  Eval ep  40: M0_PDR=1.000  M1_PDR=0.820
  Eval ep  60: M0_PDR=1.000  M1_PDR=0.797
  Eval ep  80: M0_PDR=1.000  M1_PDR=0.785

=== Eval Summary (100 episodes) ===
  M0_PDR_mean         : 0.9998
  M0_PDR_p05 (across) : 0.9985
  M0_PDR_p05 (intra)  : 1.0000
  M1_PDR_mean         : 0.7990
  M0_SINR_mean (dB)   : 45.16
  M1_SINR_mean (dB)   : 26.15
  M0_collision_rate   : 0.000
  M0_collision_within_pool : 0.000
  M1_collision_within_pool : 0.335

Result saved -> results/_C_N4_seed1_gaefix_g05_ent01.json
  N=4  rho=0.8  M0_PDR=1.000  M1_PDR=0.799
[NS3Bridge] Shutdown complete.
Run complete.
