[seed] all RNGs seeded with 2
GPU : NVIDIA GeForce RTX 3060
VRAM: 12.9 GB
Device          : cuda:0
Actor M0 params : 21,273
Actor M1 params : 21,273
Critic params   : 79,361
obs_dim=11  action_dim=25  gs_dim=49
M0 count: 2  M1 count: 2
Training for 5000 episodes (Config C_N4_seed2, N=4)...

[NS3Bridge] Connected tcp://localhost:5876
Ep    0 | M0_PDR 0.678 | M1_PDR 0.717 | H_m0 3.22 H_m1 3.22 | a-0.1657 c55.4279 ent0.0500 VRAM 23MB
Ep   50 | M0_PDR 0.652 | M1_PDR 0.716 | H_m0 3.19 H_m1 3.19 | a-0.1587 c20.7818 ent0.0495 VRAM 23MB
Ep  100 | M0_PDR 0.652 | M1_PDR 0.755 | H_m0 3.19 H_m1 3.20 | a-0.1580 c8.6736 ent0.0490 VRAM 23MB
Ep  150 | M0_PDR 0.671 | M1_PDR 0.742 | H_m0 3.17 H_m1 3.20 | a-0.1566 c3.6263 ent0.0485 VRAM 23MB
Ep  200 | M0_PDR 0.692 | M1_PDR 0.703 | H_m0 3.13 H_m1 3.20 | a-0.1533 c4.0354 ent0.0480 VRAM 23MB
Ep  250 | M0_PDR 0.685 | M1_PDR 0.762 | H_m0 3.02 H_m1 3.17 | a-0.1497 c2.2973 ent0.0475 VRAM 23MB
Ep  300 | M0_PDR 0.734 | M1_PDR 0.780 | H_m0 3.03 H_m1 3.16 | a-0.1470 c1.6407 ent0.0471 VRAM 23MB
Ep  350 | M0_PDR 0.766 | M1_PDR 0.738 | H_m0 2.81 H_m1 3.18 | a-0.1438 c2.6159 ent0.0466 VRAM 23MB
Ep  400 | M0_PDR 0.965 | M1_PDR 0.774 | H_m0 1.86 H_m1 3.15 | a-0.1164 c1.1755 ent0.0461 VRAM 23MB
Ep  450 | M0_PDR 0.979 | M1_PDR 0.728 | H_m0 1.63 H_m1 3.16 | a-0.1118 c0.8624 ent0.0456 VRAM 23MB
Ep  500 | M0_PDR 0.967 | M1_PDR 0.728 | H_m0 1.96 H_m1 3.17 | a-0.1171 c0.6518 ent0.0451 VRAM 23MB
Ep  550 | M0_PDR 0.978 | M1_PDR 0.739 | H_m0 1.95 H_m1 3.10 | a-0.1148 c1.0308 ent0.0446 VRAM 23MB
Ep  600 | M0_PDR 0.997 | M1_PDR 0.793 | H_m0 1.76 H_m1 3.10 | a-0.1110 c0.4674 ent0.0441 VRAM 23MB
Ep  650 | M0_PDR 0.995 | M1_PDR 0.737 | H_m0 1.75 H_m1 3.17 | a-0.1107 c0.6379 ent0.0436 VRAM 23MB
Ep  700 | M0_PDR 0.993 | M1_PDR 0.756 | H_m0 1.89 H_m1 3.12 | a-0.1108 c0.4763 ent0.0431 VRAM 23MB
Ep  750 | M0_PDR 0.995 | M1_PDR 0.762 | H_m0 1.67 H_m1 3.08 | a-0.1016 c0.5237 ent0.0426 VRAM 23MB
Ep  800 | M0_PDR 0.995 | M1_PDR 0.804 | H_m0 1.96 H_m1 3.12 | a-0.1079 c0.4409 ent0.0422 VRAM 23MB
Ep  850 | M0_PDR 0.997 | M1_PDR 0.784 | H_m0 1.97 H_m1 3.15 | a-0.1071 c0.6398 ent0.0417 VRAM 23MB
Ep  900 | M0_PDR 0.997 | M1_PDR 0.790 | H_m0 1.88 H_m1 3.06 | a-0.1040 c0.4139 ent0.0412 VRAM 23MB
Ep  950 | M0_PDR 1.000 | M1_PDR 0.798 | H_m0 1.73 H_m1 3.08 | a-0.0997 c0.3792 ent0.0407 VRAM 23MB
Ep 1000 | M0_PDR 0.995 | M1_PDR 0.816 | H_m0 1.87 H_m1 3.02 | a-0.0990 c0.3860 ent0.0402 VRAM 23MB
Ep 1050 | M0_PDR 0.995 | M1_PDR 0.782 | H_m0 1.87 H_m1 3.08 | a-0.1003 c0.3529 ent0.0397 VRAM 23MB
Ep 1100 | M0_PDR 0.986 | M1_PDR 0.766 | H_m0 1.92 H_m1 2.98 | a-0.0977 c1.2067 ent0.0392 VRAM 23MB
Ep 1150 | M0_PDR 0.992 | M1_PDR 0.751 | H_m0 1.87 H_m1 3.01 | a-0.0963 c0.4391 ent0.0387 VRAM 23MB
Ep 1200 | M0_PDR 0.997 | M1_PDR 0.800 | H_m0 1.90 H_m1 3.00 | a-0.0941 c0.3493 ent0.0382 VRAM 23MB
Ep 1250 | M0_PDR 1.000 | M1_PDR 0.764 | H_m0 1.94 H_m1 2.99 | a-0.0941 c1.0544 ent0.0377 VRAM 23MB
Ep 1300 | M0_PDR 0.988 | M1_PDR 0.815 | H_m0 1.94 H_m1 3.01 | a-0.0936 c0.6771 ent0.0373 VRAM 23MB
Ep 1350 | M0_PDR 0.995 | M1_PDR 0.805 | H_m0 1.89 H_m1 3.04 | a-0.0920 c0.5205 ent0.0368 VRAM 23MB
Ep 1400 | M0_PDR 1.000 | M1_PDR 0.801 | H_m0 1.93 H_m1 2.97 | a-0.0898 c0.4210 ent0.0363 VRAM 23MB
Ep 1450 | M0_PDR 0.990 | M1_PDR 0.797 | H_m0 1.93 H_m1 3.03 | a-0.0905 c2.3068 ent0.0358 VRAM 23MB
Ep 1500 | M0_PDR 0.992 | M1_PDR 0.746 | H_m0 2.07 H_m1 3.08 | a-0.0932 c0.4293 ent0.0353 VRAM 23MB
Ep 1550 | M0_PDR 0.992 | M1_PDR 0.770 | H_m0 1.99 H_m1 3.06 | a-0.0888 c0.4369 ent0.0348 VRAM 23MB
Ep 1600 | M0_PDR 0.995 | M1_PDR 0.789 | H_m0 2.06 H_m1 2.90 | a-0.0859 c0.5266 ent0.0343 VRAM 23MB
Ep 1650 | M0_PDR 0.990 | M1_PDR 0.765 | H_m0 2.11 H_m1 3.02 | a-0.0881 c0.4921 ent0.0338 VRAM 23MB
Ep 1700 | M0_PDR 0.980 | M1_PDR 0.781 | H_m0 2.02 H_m1 2.98 | a-0.0842 c0.4638 ent0.0333 VRAM 23MB
Ep 1750 | M0_PDR 0.985 | M1_PDR 0.765 | H_m0 2.04 H_m1 2.91 | a-0.0827 c0.4405 ent0.0328 VRAM 23MB
Ep 1800 | M0_PDR 0.987 | M1_PDR 0.780 | H_m0 2.07 H_m1 3.02 | a-0.0837 c0.5234 ent0.0324 VRAM 23MB
Ep 1850 | M0_PDR 0.987 | M1_PDR 0.764 | H_m0 2.04 H_m1 2.87 | a-0.0796 c0.5438 ent0.0319 VRAM 23MB
Ep 1900 | M0_PDR 0.987 | M1_PDR 0.787 | H_m0 2.06 H_m1 2.88 | a-0.0782 c0.4231 ent0.0314 VRAM 23MB
Ep 1950 | M0_PDR 0.987 | M1_PDR 0.764 | H_m0 2.07 H_m1 2.97 | a-0.0798 c0.8577 ent0.0309 VRAM 23MB
Ep 2000 | M0_PDR 0.992 | M1_PDR 0.756 | H_m0 2.06 H_m1 3.00 | a-0.0774 c0.4503 ent0.0304 VRAM 23MB
Ep 2050 | M0_PDR 0.980 | M1_PDR 0.770 | H_m0 2.00 H_m1 2.99 | a-0.0767 c0.5793 ent0.0299 VRAM 23MB
Ep 2100 | M0_PDR 0.995 | M1_PDR 0.786 | H_m0 1.92 H_m1 2.91 | a-0.0718 c0.5036 ent0.0294 VRAM 23MB
Ep 2150 | M0_PDR 0.990 | M1_PDR 0.799 | H_m0 1.99 H_m1 2.90 | a-0.0714 c0.4684 ent0.0289 VRAM 23MB
Ep 2200 | M0_PDR 0.985 | M1_PDR 0.768 | H_m0 2.02 H_m1 3.00 | a-0.0715 c0.4155 ent0.0284 VRAM 23MB
Ep 2250 | M0_PDR 0.982 | M1_PDR 0.788 | H_m0 1.96 H_m1 2.87 | a-0.0677 c0.5278 ent0.0279 VRAM 23MB
Ep 2300 | M0_PDR 0.987 | M1_PDR 0.757 | H_m0 1.97 H_m1 3.00 | a-0.0695 c0.6624 ent0.0275 VRAM 23MB
Ep 2350 | M0_PDR 0.987 | M1_PDR 0.760 | H_m0 1.97 H_m1 3.00 | a-0.0675 c0.4587 ent0.0270 VRAM 23MB
Ep 2400 | M0_PDR 0.992 | M1_PDR 0.770 | H_m0 2.06 H_m1 2.98 | a-0.0674 c0.3875 ent0.0265 VRAM 23MB
Ep 2450 | M0_PDR 0.993 | M1_PDR 0.761 | H_m0 2.05 H_m1 3.03 | a-0.0663 c0.3563 ent0.0260 VRAM 23MB
Ep 2500 | M0_PDR 0.992 | M1_PDR 0.829 | H_m0 2.00 H_m1 3.02 | a-0.0651 c0.3213 ent0.0255 VRAM 23MB
Ep 2550 | M0_PDR 0.989 | M1_PDR 0.809 | H_m0 2.03 H_m1 3.05 | a-0.0638 c0.6951 ent0.0250 VRAM 23MB
Ep 2600 | M0_PDR 0.992 | M1_PDR 0.787 | H_m0 2.03 H_m1 2.96 | a-0.0617 c0.4435 ent0.0245 VRAM 23MB
Ep 2650 | M0_PDR 0.987 | M1_PDR 0.824 | H_m0 2.02 H_m1 2.90 | a-0.0606 c0.5124 ent0.0240 VRAM 23MB
Ep 2700 | M0_PDR 0.995 | M1_PDR 0.787 | H_m0 2.07 H_m1 2.98 | a-0.0600 c0.6557 ent0.0235 VRAM 23MB
Ep 2750 | M0_PDR 0.972 | M1_PDR 0.759 | H_m0 2.06 H_m1 2.97 | a-0.0585 c0.5525 ent0.0230 VRAM 23MB
Ep 2800 | M0_PDR 0.997 | M1_PDR 0.830 | H_m0 2.02 H_m1 2.94 | a-0.0568 c0.3660 ent0.0226 VRAM 23MB
Ep 2850 | M0_PDR 0.985 | M1_PDR 0.813 | H_m0 2.05 H_m1 2.95 | a-0.0557 c0.5397 ent0.0221 VRAM 23MB
Ep 2900 | M0_PDR 0.980 | M1_PDR 0.803 | H_m0 2.02 H_m1 2.79 | a-0.0525 c0.4825 ent0.0216 VRAM 23MB
Ep 2950 | M0_PDR 0.992 | M1_PDR 0.797 | H_m0 1.99 H_m1 2.76 | a-0.0503 c0.4424 ent0.0211 VRAM 23MB
Ep 3000 | M0_PDR 0.995 | M1_PDR 0.789 | H_m0 1.98 H_m1 2.81 | a-0.0498 c0.3332 ent0.0206 VRAM 23MB
Ep 3050 | M0_PDR 0.992 | M1_PDR 0.811 | H_m0 2.08 H_m1 2.82 | a-0.0495 c0.4910 ent0.0201 VRAM 23MB
Ep 3100 | M0_PDR 0.990 | M1_PDR 0.771 | H_m0 2.07 H_m1 2.88 | a-0.0495 c0.4111 ent0.0196 VRAM 23MB
Ep 3150 | M0_PDR 1.000 | M1_PDR 0.750 | H_m0 2.10 H_m1 2.78 | a-0.0470 c0.4238 ent0.0191 VRAM 23MB
Ep 3200 | M0_PDR 0.993 | M1_PDR 0.808 | H_m0 2.12 H_m1 2.74 | a-0.0458 c0.3518 ent0.0186 VRAM 23MB
Ep 3250 | M0_PDR 0.995 | M1_PDR 0.785 | H_m0 2.07 H_m1 2.68 | a-0.0437 c0.3351 ent0.0181 VRAM 23MB
Ep 3300 | M0_PDR 0.992 | M1_PDR 0.785 | H_m0 2.07 H_m1 2.66 | a-0.0419 c0.3582 ent0.0177 VRAM 23MB
Ep 3350 | M0_PDR 0.995 | M1_PDR 0.766 | H_m0 2.07 H_m1 2.76 | a-0.0417 c0.4133 ent0.0172 VRAM 23MB
Ep 3400 | M0_PDR 0.992 | M1_PDR 0.774 | H_m0 2.09 H_m1 2.78 | a-0.0409 c0.3508 ent0.0167 VRAM 23MB
Ep 3450 | M0_PDR 0.988 | M1_PDR 0.756 | H_m0 2.06 H_m1 2.79 | a-0.0395 c0.5560 ent0.0162 VRAM 23MB
Ep 3500 | M0_PDR 0.992 | M1_PDR 0.788 | H_m0 1.98 H_m1 2.79 | a-0.0382 c0.3217 ent0.0157 VRAM 23MB
Ep 3550 | M0_PDR 0.995 | M1_PDR 0.740 | H_m0 1.96 H_m1 2.74 | a-0.0364 c0.3702 ent0.0152 VRAM 23MB
Ep 3600 | M0_PDR 0.995 | M1_PDR 0.802 | H_m0 1.93 H_m1 2.74 | a-0.0345 c0.3259 ent0.0147 VRAM 23MB
Ep 3650 | M0_PDR 1.000 | M1_PDR 0.734 | H_m0 1.95 H_m1 2.81 | a-0.0342 c0.3642 ent0.0142 VRAM 23MB
Ep 3700 | M0_PDR 0.997 | M1_PDR 0.793 | H_m0 1.98 H_m1 2.73 | a-0.0326 c0.3587 ent0.0137 VRAM 23MB
Ep 3750 | M0_PDR 1.000 | M1_PDR 0.808 | H_m0 2.02 H_m1 2.69 | a-0.0311 c0.3073 ent0.0132 VRAM 23MB
Ep 3800 | M0_PDR 0.992 | M1_PDR 0.803 | H_m0 2.03 H_m1 2.70 | a-0.0308 c0.4797 ent0.0128 VRAM 23MB
Ep 3850 | M0_PDR 0.992 | M1_PDR 0.813 | H_m0 2.01 H_m1 2.66 | a-0.0287 c0.3530 ent0.0123 VRAM 23MB
Ep 3900 | M0_PDR 0.995 | M1_PDR 0.768 | H_m0 1.98 H_m1 2.66 | a-0.0275 c0.3638 ent0.0118 VRAM 23MB
Ep 3950 | M0_PDR 0.992 | M1_PDR 0.815 | H_m0 1.96 H_m1 2.61 | a-0.0264 c0.3506 ent0.0113 VRAM 23MB
Ep 4000 | M0_PDR 0.997 | M1_PDR 0.780 | H_m0 1.96 H_m1 2.61 | a-0.0248 c0.3516 ent0.0108 VRAM 23MB
Ep 4050 | M0_PDR 0.995 | M1_PDR 0.774 | H_m0 1.97 H_m1 2.65 | a-0.0239 c0.3468 ent0.0103 VRAM 23MB
Ep 4100 | M0_PDR 1.000 | M1_PDR 0.814 | H_m0 1.98 H_m1 2.62 | a-0.0227 c0.3072 ent0.0098 VRAM 23MB
Ep 4150 | M0_PDR 0.994 | M1_PDR 0.809 | H_m0 1.98 H_m1 2.62 | a-0.0217 c0.3461 ent0.0093 VRAM 23MB
Ep 4200 | M0_PDR 1.000 | M1_PDR 0.732 | H_m0 1.97 H_m1 2.63 | a-0.0205 c0.3236 ent0.0088 VRAM 23MB
Ep 4250 | M0_PDR 0.995 | M1_PDR 0.725 | H_m0 1.97 H_m1 2.62 | a-0.0193 c0.3655 ent0.0083 VRAM 23MB
Ep 4300 | M0_PDR 1.000 | M1_PDR 0.797 | H_m0 1.97 H_m1 2.60 | a-0.0180 c0.2934 ent0.0079 VRAM 23MB
Ep 4350 | M0_PDR 0.995 | M1_PDR 0.778 | H_m0 1.97 H_m1 2.59 | a-0.0169 c0.3466 ent0.0074 VRAM 23MB
Ep 4400 | M0_PDR 1.000 | M1_PDR 0.757 | H_m0 1.96 H_m1 2.56 | a-0.0156 c0.3216 ent0.0069 VRAM 23MB
Ep 4450 | M0_PDR 0.998 | M1_PDR 0.786 | H_m0 1.96 H_m1 2.53 | a-0.0144 c0.3359 ent0.0064 VRAM 23MB
Ep 4500 | M0_PDR 0.997 | M1_PDR 0.787 | H_m0 1.96 H_m1 2.51 | a-0.0133 c0.3376 ent0.0059 VRAM 23MB
Ep 4550 | M0_PDR 0.997 | M1_PDR 0.796 | H_m0 1.95 H_m1 2.52 | a-0.0121 c0.3201 ent0.0054 VRAM 23MB
Ep 4600 | M0_PDR 0.993 | M1_PDR 0.791 | H_m0 1.95 H_m1 2.53 | a-0.0112 c0.3749 ent0.0049 VRAM 23MB
Ep 4650 | M0_PDR 0.997 | M1_PDR 0.788 | H_m0 1.96 H_m1 2.52 | a-0.0100 c0.3341 ent0.0044 VRAM 23MB
Ep 4700 | M0_PDR 1.000 | M1_PDR 0.774 | H_m0 1.96 H_m1 2.53 | a-0.0089 c0.3207 ent0.0039 VRAM 23MB
Ep 4750 | M0_PDR 1.000 | M1_PDR 0.796 | H_m0 1.96 H_m1 2.50 | a-0.0077 c0.3032 ent0.0034 VRAM 23MB
Ep 4800 | M0_PDR 0.997 | M1_PDR 0.780 | H_m0 1.96 H_m1 2.50 | a-0.0066 c0.3300 ent0.0030 VRAM 23MB
Ep 4850 | M0_PDR 1.000 | M1_PDR 0.769 | H_m0 1.97 H_m1 2.49 | a-0.0056 c0.3298 ent0.0025 VRAM 23MB
Ep 4900 | M0_PDR 0.997 | M1_PDR 0.778 | H_m0 1.97 H_m1 2.47 | a-0.0044 c0.3148 ent0.0020 VRAM 23MB
Ep 4950 | M0_PDR 0.993 | M1_PDR 0.817 | H_m0 1.97 H_m1 2.42 | a-0.0033 c0.3569 ent0.0015 VRAM 23MB

Training complete. Running 100 eval episodes...

  Eval ep   0: M0_PDR=0.994  M1_PDR=0.797
  Eval ep  20: M0_PDR=0.998  M1_PDR=0.782
  Eval ep  40: M0_PDR=0.998  M1_PDR=0.837
  Eval ep  60: M0_PDR=0.998  M1_PDR=0.793
  Eval ep  80: M0_PDR=0.997  M1_PDR=0.794

=== Eval Summary (100 episodes) ===
  M0_PDR_mean         : 0.9978
  M0_PDR_p05 (across) : 0.9941
  M0_PDR_p05 (intra)  : 1.0000
  M1_PDR_mean         : 0.7933
  M0_SINR_mean (dB)   : 39.32
  M1_SINR_mean (dB)   : 25.07
  M0_collision_rate   : 0.003
  M0_collision_within_pool : 0.003
  M1_collision_within_pool : 0.332

Result saved -> results/_C_N4_seed2.json
  N=4  rho=0.8  M0_PDR=0.998  M1_PDR=0.793
[NS3Bridge] Shutdown complete.
Run complete.
