[seed] all RNGs seeded with 4
GPU : NVIDIA GeForce RTX 3060
VRAM: 12.9 GB
Device          : cuda:0
Actor M0 params : 21,273
Actor M1 params : 21,273
Critic params   : 79,361
obs_dim=11  action_dim=25  gs_dim=49
M0 count: 2  M1 count: 2
Training for 3000 episodes (Config C_N4_3000ep_seed4, N=4)...

[NS3Bridge] Connected tcp://localhost:5926
Ep    0 | M0_PDR 0.660 | M1_PDR 0.764 | H_m0 3.22 H_m1 3.21 | a-0.1664 c51.8045 ent0.0500 VRAM 23MB
Ep   50 | M0_PDR 0.628 | M1_PDR 0.736 | H_m0 3.20 H_m1 3.20 | a-0.1577 c17.9098 ent0.0492 VRAM 23MB
Ep  100 | M0_PDR 0.686 | M1_PDR 0.768 | H_m0 3.18 H_m1 3.16 | a-0.1547 c8.2129 ent0.0484 VRAM 23MB
Ep  150 | M0_PDR 0.663 | M1_PDR 0.753 | H_m0 3.19 H_m1 3.19 | a-0.1537 c4.4697 ent0.0475 VRAM 23MB
Ep  200 | M0_PDR 0.709 | M1_PDR 0.722 | H_m0 2.86 H_m1 3.21 | a-0.1438 c2.5978 ent0.0467 VRAM 23MB
Ep  250 | M0_PDR 0.896 | M1_PDR 0.738 | H_m0 2.31 H_m1 3.20 | a-0.1301 c2.0489 ent0.0459 VRAM 23MB
Ep  300 | M0_PDR 0.947 | M1_PDR 0.768 | H_m0 2.17 H_m1 3.20 | a-0.1245 c2.0015 ent0.0451 VRAM 23MB
Ep  350 | M0_PDR 0.967 | M1_PDR 0.767 | H_m0 2.16 H_m1 3.19 | a-0.1197 c0.9726 ent0.0443 VRAM 23MB
Ep  400 | M0_PDR 0.989 | M1_PDR 0.803 | H_m0 2.00 H_m1 3.16 | a-0.1144 c0.9013 ent0.0435 VRAM 23MB
Ep  450 | M0_PDR 0.995 | M1_PDR 0.707 | H_m0 2.06 H_m1 3.17 | a-0.1127 c0.4832 ent0.0426 VRAM 23MB
Ep  500 | M0_PDR 0.992 | M1_PDR 0.744 | H_m0 1.81 H_m1 3.14 | a-0.1097 c0.5705 ent0.0418 VRAM 23MB
Ep  550 | M0_PDR 0.986 | M1_PDR 0.795 | H_m0 2.14 H_m1 3.12 | a-0.1109 c0.6415 ent0.0410 VRAM 23MB
Ep  600 | M0_PDR 0.997 | M1_PDR 0.705 | H_m0 2.14 H_m1 3.12 | a-0.1061 c0.5514 ent0.0402 VRAM 23MB
Ep  650 | M0_PDR 0.995 | M1_PDR 0.793 | H_m0 2.13 H_m1 3.10 | a-0.1025 c0.4751 ent0.0394 VRAM 23MB
Ep  700 | M0_PDR 0.997 | M1_PDR 0.840 | H_m0 2.14 H_m1 3.07 | a-0.1030 c0.6058 ent0.0386 VRAM 23MB
Ep  750 | M0_PDR 1.000 | M1_PDR 0.752 | H_m0 2.09 H_m1 3.13 | a-0.0987 c0.4427 ent0.0377 VRAM 23MB
Ep  800 | M0_PDR 0.997 | M1_PDR 0.775 | H_m0 2.11 H_m1 3.04 | a-0.0975 c0.4991 ent0.0369 VRAM 23MB
Ep  850 | M0_PDR 0.997 | M1_PDR 0.827 | H_m0 2.08 H_m1 3.00 | a-0.0924 c0.3892 ent0.0361 VRAM 23MB
Ep  900 | M0_PDR 0.997 | M1_PDR 0.736 | H_m0 2.06 H_m1 3.03 | a-0.0906 c0.4690 ent0.0353 VRAM 23MB
Ep  950 | M0_PDR 0.995 | M1_PDR 0.779 | H_m0 2.13 H_m1 2.95 | a-0.0891 c0.4514 ent0.0345 VRAM 23MB
Ep 1000 | M0_PDR 0.993 | M1_PDR 0.760 | H_m0 2.09 H_m1 3.06 | a-0.0878 c0.5529 ent0.0337 VRAM 23MB
Ep 1050 | M0_PDR 0.997 | M1_PDR 0.775 | H_m0 2.06 H_m1 3.01 | a-0.0844 c0.4242 ent0.0328 VRAM 23MB
Ep 1100 | M0_PDR 1.000 | M1_PDR 0.770 | H_m0 1.97 H_m1 2.96 | a-0.0819 c0.3427 ent0.0320 VRAM 23MB
Ep 1150 | M0_PDR 1.000 | M1_PDR 0.764 | H_m0 2.03 H_m1 2.97 | a-0.0784 c0.3704 ent0.0312 VRAM 23MB
Ep 1200 | M0_PDR 0.998 | M1_PDR 0.774 | H_m0 2.04 H_m1 2.99 | a-0.0781 c0.3362 ent0.0304 VRAM 23MB
Ep 1250 | M0_PDR 0.998 | M1_PDR 0.722 | H_m0 1.98 H_m1 2.95 | a-0.0734 c0.3515 ent0.0296 VRAM 23MB
Ep 1300 | M0_PDR 0.998 | M1_PDR 0.771 | H_m0 2.01 H_m1 2.99 | a-0.0735 c0.3483 ent0.0288 VRAM 23MB
Ep 1350 | M0_PDR 1.000 | M1_PDR 0.766 | H_m0 2.06 H_m1 2.90 | a-0.0701 c0.3366 ent0.0279 VRAM 23MB
Ep 1400 | M0_PDR 1.000 | M1_PDR 0.761 | H_m0 2.01 H_m1 2.93 | a-0.0679 c0.3819 ent0.0271 VRAM 23MB
Ep 1450 | M0_PDR 0.995 | M1_PDR 0.764 | H_m0 2.00 H_m1 2.96 | a-0.0671 c0.4234 ent0.0263 VRAM 23MB
Ep 1500 | M0_PDR 0.995 | M1_PDR 0.770 | H_m0 2.03 H_m1 2.86 | a-0.0637 c0.4152 ent0.0255 VRAM 23MB
Ep 1550 | M0_PDR 0.996 | M1_PDR 0.789 | H_m0 2.11 H_m1 2.80 | a-0.0607 c0.4038 ent0.0247 VRAM 23MB
Ep 1600 | M0_PDR 1.000 | M1_PDR 0.772 | H_m0 2.04 H_m1 2.73 | a-0.0575 c0.4744 ent0.0239 VRAM 23MB
Ep 1650 | M0_PDR 1.000 | M1_PDR 0.796 | H_m0 2.10 H_m1 2.70 | a-0.0563 c0.3945 ent0.0230 VRAM 23MB
Ep 1700 | M0_PDR 0.997 | M1_PDR 0.811 | H_m0 2.08 H_m1 2.71 | a-0.0535 c0.3558 ent0.0222 VRAM 23MB
Ep 1750 | M0_PDR 1.000 | M1_PDR 0.745 | H_m0 2.14 H_m1 2.77 | a-0.0534 c0.3191 ent0.0214 VRAM 23MB
Ep 1800 | M0_PDR 0.997 | M1_PDR 0.813 | H_m0 2.11 H_m1 2.81 | a-0.0515 c0.4091 ent0.0206 VRAM 23MB
Ep 1850 | M0_PDR 1.000 | M1_PDR 0.788 | H_m0 2.11 H_m1 2.86 | a-0.0497 c0.3133 ent0.0198 VRAM 23MB
Ep 1900 | M0_PDR 0.997 | M1_PDR 0.795 | H_m0 2.10 H_m1 2.87 | a-0.0478 c0.3923 ent0.0190 VRAM 23MB
Ep 1950 | M0_PDR 0.995 | M1_PDR 0.808 | H_m0 2.11 H_m1 2.86 | a-0.0458 c0.4892 ent0.0181 VRAM 23MB
Ep 2000 | M0_PDR 1.000 | M1_PDR 0.764 | H_m0 2.10 H_m1 2.88 | a-0.0436 c0.3377 ent0.0173 VRAM 23MB
Ep 2050 | M0_PDR 1.000 | M1_PDR 0.786 | H_m0 2.07 H_m1 2.90 | a-0.0409 c0.3289 ent0.0165 VRAM 23MB
Ep 2100 | M0_PDR 0.997 | M1_PDR 0.738 | H_m0 2.05 H_m1 2.88 | a-0.0391 c0.3283 ent0.0157 VRAM 23MB
Ep 2150 | M0_PDR 0.997 | M1_PDR 0.755 | H_m0 2.05 H_m1 2.85 | a-0.0368 c0.4051 ent0.0149 VRAM 23MB
Ep 2200 | M0_PDR 1.000 | M1_PDR 0.760 | H_m0 2.06 H_m1 2.86 | a-0.0351 c0.3602 ent0.0141 VRAM 23MB
Ep 2250 | M0_PDR 1.000 | M1_PDR 0.816 | H_m0 2.07 H_m1 2.83 | a-0.0329 c0.3233 ent0.0132 VRAM 23MB
Ep 2300 | M0_PDR 1.000 | M1_PDR 0.803 | H_m0 2.06 H_m1 2.84 | a-0.0308 c0.3208 ent0.0124 VRAM 23MB
Ep 2350 | M0_PDR 0.995 | M1_PDR 0.826 | H_m0 2.08 H_m1 2.82 | a-0.0287 c0.4708 ent0.0116 VRAM 23MB
Ep 2400 | M0_PDR 1.000 | M1_PDR 0.790 | H_m0 2.07 H_m1 2.81 | a-0.0269 c0.3025 ent0.0108 VRAM 23MB
Ep 2450 | M0_PDR 0.998 | M1_PDR 0.804 | H_m0 2.07 H_m1 2.78 | a-0.0244 c0.3488 ent0.0100 VRAM 23MB
Ep 2500 | M0_PDR 1.000 | M1_PDR 0.787 | H_m0 2.09 H_m1 2.81 | a-0.0228 c0.3116 ent0.0092 VRAM 23MB
Ep 2550 | M0_PDR 0.998 | M1_PDR 0.784 | H_m0 2.09 H_m1 2.80 | a-0.0204 c0.3384 ent0.0083 VRAM 23MB
Ep 2600 | M0_PDR 1.000 | M1_PDR 0.779 | H_m0 2.09 H_m1 2.81 | a-0.0186 c0.3198 ent0.0075 VRAM 23MB
Ep 2650 | M0_PDR 1.000 | M1_PDR 0.750 | H_m0 2.08 H_m1 2.79 | a-0.0164 c0.3544 ent0.0067 VRAM 23MB
Ep 2700 | M0_PDR 1.000 | M1_PDR 0.789 | H_m0 2.08 H_m1 2.77 | a-0.0144 c0.3062 ent0.0059 VRAM 23MB
Ep 2750 | M0_PDR 1.000 | M1_PDR 0.770 | H_m0 2.07 H_m1 2.75 | a-0.0123 c0.3100 ent0.0051 VRAM 23MB
Ep 2800 | M0_PDR 0.998 | M1_PDR 0.763 | H_m0 2.06 H_m1 2.73 | a-0.0103 c0.3541 ent0.0043 VRAM 23MB
Ep 2850 | M0_PDR 0.995 | M1_PDR 0.770 | H_m0 2.07 H_m1 2.74 | a-0.0084 c0.4335 ent0.0034 VRAM 23MB
Ep 2900 | M0_PDR 1.000 | M1_PDR 0.782 | H_m0 2.06 H_m1 2.73 | a-0.0063 c0.3312 ent0.0026 VRAM 23MB
Ep 2950 | M0_PDR 0.995 | M1_PDR 0.796 | H_m0 2.07 H_m1 2.72 | a-0.0044 c0.3646 ent0.0018 VRAM 23MB

Training complete. Running 100 eval episodes...

  Eval ep   0: M0_PDR=1.000  M1_PDR=0.797
  Eval ep  20: M0_PDR=1.000  M1_PDR=0.825
  Eval ep  40: M0_PDR=0.995  M1_PDR=0.794
  Eval ep  60: M0_PDR=0.997  M1_PDR=0.786
  Eval ep  80: M0_PDR=0.997  M1_PDR=0.818

=== Eval Summary (100 episodes) ===
  M0_PDR_mean         : 0.9984
  M0_PDR_p05 (across) : 0.9950
  M0_PDR_p05 (intra)  : 1.0000
  M1_PDR_mean         : 0.7855
  M0_SINR_mean (dB)   : 38.38
  M1_SINR_mean (dB)   : 23.44
  M0_collision_rate   : 0.002
  M0_collision_within_pool : 0.002
  M1_collision_within_pool : 0.333

Result saved -> results/_C_N4_3000ep_seed4.json
  N=4  rho=0.8  M0_PDR=0.998  M1_PDR=0.785
[NS3Bridge] Shutdown complete.
Run complete.
