[seed] all RNGs seeded with 2
GPU : NVIDIA GeForce RTX 3060
VRAM: 12.9 GB
Device          : cuda:0
Actor M0 params : 21,273
Actor M1 params : 21,273
Critic params   : 79,361
obs_dim=11  action_dim=25  gs_dim=49
M0 count: 2  M1 count: 2
Training for 5000 episodes (Config C_N4_seed2_gaefix_g05_ent01, N=4)...

[NS3Bridge] Connected tcp://localhost:7676
Ep    0 | M0_PDR 0.672 | M1_PDR 0.733 | H_m0 3.22 H_m1 3.22 | a-0.0370 c1.1268 ent0.0100 VRAM 23MB
Ep   50 | M0_PDR 0.649 | M1_PDR 0.742 | H_m0 2.82 H_m1 3.13 | a-0.0328 c0.7308 ent0.0099 VRAM 23MB
Ep  100 | M0_PDR 0.730 | M1_PDR 0.791 | H_m0 1.02 H_m1 2.84 | a-0.0215 c0.7842 ent0.0098 VRAM 23MB
Ep  150 | M0_PDR 0.698 | M1_PDR 0.794 | H_m0 1.25 H_m1 2.26 | a-0.0196 c0.7430 ent0.0097 VRAM 23MB
Ep  200 | M0_PDR 0.728 | M1_PDR 0.775 | H_m0 1.12 H_m1 1.96 | a-0.0157 c0.8025 ent0.0096 VRAM 23MB
Ep  250 | M0_PDR 0.725 | M1_PDR 0.826 | H_m0 1.14 H_m1 2.56 | a-0.0192 c0.7491 ent0.0095 VRAM 23MB
Ep  300 | M0_PDR 0.728 | M1_PDR 0.814 | H_m0 1.44 H_m1 2.67 | a-0.0205 c0.7776 ent0.0095 VRAM 23MB
Ep  350 | M0_PDR 0.694 | M1_PDR 0.796 | H_m0 1.89 H_m1 2.45 | a-0.0243 c0.7557 ent0.0094 VRAM 23MB
Ep  400 | M0_PDR 0.905 | M1_PDR 0.756 | H_m0 1.09 H_m1 2.70 | a-0.0219 c1.0228 ent0.0093 VRAM 23MB
Ep  450 | M0_PDR 0.987 | M1_PDR 0.769 | H_m0 0.70 H_m1 2.75 | a-0.0175 c1.1217 ent0.0092 VRAM 23MB
Ep  500 | M0_PDR 0.997 | M1_PDR 0.734 | H_m0 0.65 H_m1 2.61 | a-0.0168 c1.1480 ent0.0091 VRAM 23MB
Ep  550 | M0_PDR 1.000 | M1_PDR 0.754 | H_m0 0.79 H_m1 2.52 | a-0.0160 c1.1456 ent0.0090 VRAM 23MB
Ep  600 | M0_PDR 1.000 | M1_PDR 0.750 | H_m0 0.79 H_m1 2.27 | a-0.0169 c1.1514 ent0.0089 VRAM 23MB
Ep  650 | M0_PDR 0.995 | M1_PDR 0.786 | H_m0 0.64 H_m1 2.20 | a-0.0130 c1.1296 ent0.0088 VRAM 23MB
Ep  700 | M0_PDR 0.995 | M1_PDR 0.818 | H_m0 0.77 H_m1 2.66 | a-0.0161 c1.1033 ent0.0087 VRAM 23MB
Ep  750 | M0_PDR 1.000 | M1_PDR 0.745 | H_m0 0.75 H_m1 2.67 | a-0.0154 c1.1492 ent0.0086 VRAM 23MB
Ep  800 | M0_PDR 1.000 | M1_PDR 0.813 | H_m0 0.74 H_m1 2.32 | a-0.0137 c1.1172 ent0.0086 VRAM 23MB
Ep  850 | M0_PDR 1.000 | M1_PDR 0.767 | H_m0 0.78 H_m1 2.56 | a-0.0160 c1.1354 ent0.0085 VRAM 23MB
Ep  900 | M0_PDR 1.000 | M1_PDR 0.775 | H_m0 0.75 H_m1 2.73 | a-0.0149 c1.1319 ent0.0084 VRAM 23MB
Ep  950 | M0_PDR 0.997 | M1_PDR 0.819 | H_m0 0.74 H_m1 2.96 | a-0.0161 c1.1144 ent0.0083 VRAM 23MB
Ep 1000 | M0_PDR 0.998 | M1_PDR 0.800 | H_m0 0.72 H_m1 2.41 | a-0.0136 c1.1220 ent0.0082 VRAM 23MB
Ep 1050 | M0_PDR 1.000 | M1_PDR 0.797 | H_m0 0.77 H_m1 2.78 | a-0.0149 c1.1223 ent0.0081 VRAM 23MB
Ep 1100 | M0_PDR 1.000 | M1_PDR 0.823 | H_m0 0.75 H_m1 2.45 | a-0.0132 c1.1163 ent0.0080 VRAM 23MB
Ep 1150 | M0_PDR 1.000 | M1_PDR 0.753 | H_m0 0.32 H_m1 2.19 | a-0.0104 c1.1505 ent0.0079 VRAM 23MB
Ep 1200 | M0_PDR 1.000 | M1_PDR 0.760 | H_m0 0.60 H_m1 2.26 | a-0.0121 c1.1426 ent0.0078 VRAM 23MB
Ep 1250 | M0_PDR 1.000 | M1_PDR 0.796 | H_m0 0.73 H_m1 2.36 | a-0.0134 c1.1253 ent0.0077 VRAM 23MB
Ep 1300 | M0_PDR 1.000 | M1_PDR 0.849 | H_m0 0.87 H_m1 2.59 | a-0.0142 c1.0978 ent0.0077 VRAM 23MB
Ep 1350 | M0_PDR 1.000 | M1_PDR 0.797 | H_m0 0.89 H_m1 2.43 | a-0.0142 c1.1247 ent0.0076 VRAM 23MB
Ep 1400 | M0_PDR 0.997 | M1_PDR 0.811 | H_m0 0.89 H_m1 2.15 | a-0.0116 c1.1151 ent0.0075 VRAM 23MB
Ep 1450 | M0_PDR 1.000 | M1_PDR 0.782 | H_m0 0.79 H_m1 2.25 | a-0.0116 c1.1345 ent0.0074 VRAM 23MB
Ep 1500 | M0_PDR 1.000 | M1_PDR 0.816 | H_m0 0.85 H_m1 2.13 | a-0.0123 c1.1193 ent0.0073 VRAM 23MB
Ep 1550 | M0_PDR 1.000 | M1_PDR 0.780 | H_m0 0.91 H_m1 2.77 | a-0.0138 c1.1320 ent0.0072 VRAM 23MB
Ep 1600 | M0_PDR 1.000 | M1_PDR 0.829 | H_m0 0.91 H_m1 2.62 | a-0.0132 c1.1079 ent0.0071 VRAM 23MB
Ep 1650 | M0_PDR 0.998 | M1_PDR 0.771 | H_m0 0.94 H_m1 2.73 | a-0.0136 c1.1346 ent0.0070 VRAM 23MB
Ep 1700 | M0_PDR 1.000 | M1_PDR 0.797 | H_m0 0.95 H_m1 2.67 | a-0.0127 c1.1263 ent0.0069 VRAM 23MB
Ep 1750 | M0_PDR 1.000 | M1_PDR 0.785 | H_m0 1.00 H_m1 2.81 | a-0.0141 c1.1287 ent0.0068 VRAM 23MB
Ep 1800 | M0_PDR 1.000 | M1_PDR 0.774 | H_m0 1.01 H_m1 2.71 | a-0.0135 c1.1336 ent0.0068 VRAM 23MB
Ep 1850 | M0_PDR 1.000 | M1_PDR 0.782 | H_m0 1.01 H_m1 2.55 | a-0.0133 c1.1385 ent0.0067 VRAM 23MB
Ep 1900 | M0_PDR 1.000 | M1_PDR 0.782 | H_m0 0.96 H_m1 2.47 | a-0.0124 c1.1329 ent0.0066 VRAM 23MB
Ep 1950 | M0_PDR 1.000 | M1_PDR 0.754 | H_m0 0.89 H_m1 2.75 | a-0.0134 c1.1440 ent0.0065 VRAM 23MB
Ep 2000 | M0_PDR 1.000 | M1_PDR 0.769 | H_m0 0.91 H_m1 2.84 | a-0.0125 c1.1349 ent0.0064 VRAM 23MB
Ep 2050 | M0_PDR 1.000 | M1_PDR 0.772 | H_m0 0.92 H_m1 2.62 | a-0.0127 c1.1322 ent0.0063 VRAM 23MB
Ep 2100 | M0_PDR 1.000 | M1_PDR 0.783 | H_m0 0.94 H_m1 2.59 | a-0.0115 c1.1355 ent0.0062 VRAM 23MB
Ep 2150 | M0_PDR 1.000 | M1_PDR 0.795 | H_m0 1.02 H_m1 2.55 | a-0.0128 c1.1204 ent0.0061 VRAM 23MB
Ep 2200 | M0_PDR 1.000 | M1_PDR 0.778 | H_m0 1.00 H_m1 2.29 | a-0.0108 c1.1385 ent0.0060 VRAM 23MB
Ep 2250 | M0_PDR 1.000 | M1_PDR 0.792 | H_m0 1.04 H_m1 2.51 | a-0.0107 c1.1273 ent0.0059 VRAM 23MB
Ep 2300 | M0_PDR 1.000 | M1_PDR 0.810 | H_m0 0.96 H_m1 2.59 | a-0.0110 c1.1205 ent0.0059 VRAM 23MB
Ep 2350 | M0_PDR 1.000 | M1_PDR 0.784 | H_m0 1.00 H_m1 2.71 | a-0.0113 c1.1338 ent0.0058 VRAM 23MB
Ep 2400 | M0_PDR 1.000 | M1_PDR 0.809 | H_m0 0.97 H_m1 2.71 | a-0.0111 c1.1180 ent0.0057 VRAM 23MB
Ep 2450 | M0_PDR 1.000 | M1_PDR 0.800 | H_m0 1.01 H_m1 2.74 | a-0.0117 c1.1168 ent0.0056 VRAM 23MB
Ep 2500 | M0_PDR 1.000 | M1_PDR 0.807 | H_m0 0.97 H_m1 2.81 | a-0.0110 c1.1143 ent0.0055 VRAM 23MB
Ep 2550 | M0_PDR 1.000 | M1_PDR 0.754 | H_m0 0.99 H_m1 2.85 | a-0.0111 c1.1420 ent0.0054 VRAM 23MB
Ep 2600 | M0_PDR 1.000 | M1_PDR 0.815 | H_m0 1.02 H_m1 2.63 | a-0.0101 c1.1130 ent0.0053 VRAM 23MB
Ep 2650 | M0_PDR 1.000 | M1_PDR 0.809 | H_m0 1.02 H_m1 2.48 | a-0.0102 c1.1162 ent0.0052 VRAM 23MB
Ep 2700 | M0_PDR 1.000 | M1_PDR 0.786 | H_m0 1.00 H_m1 2.49 | a-0.0097 c1.1303 ent0.0051 VRAM 23MB
Ep 2750 | M0_PDR 1.000 | M1_PDR 0.786 | H_m0 1.00 H_m1 2.40 | a-0.0088 c1.1298 ent0.0050 VRAM 23MB
Ep 2800 | M0_PDR 1.000 | M1_PDR 0.802 | H_m0 1.00 H_m1 2.54 | a-0.0094 c1.1221 ent0.0050 VRAM 23MB
Ep 2850 | M0_PDR 1.000 | M1_PDR 0.831 | H_m0 1.01 H_m1 2.44 | a-0.0094 c1.1069 ent0.0049 VRAM 23MB
Ep 2900 | M0_PDR 1.000 | M1_PDR 0.768 | H_m0 1.03 H_m1 2.39 | a-0.0085 c1.1361 ent0.0048 VRAM 23MB
Ep 2950 | M0_PDR 1.000 | M1_PDR 0.805 | H_m0 0.98 H_m1 2.17 | a-0.0077 c1.1179 ent0.0047 VRAM 23MB
Ep 3000 | M0_PDR 1.000 | M1_PDR 0.807 | H_m0 0.94 H_m1 2.38 | a-0.0079 c1.1174 ent0.0046 VRAM 23MB
Ep 3050 | M0_PDR 1.000 | M1_PDR 0.800 | H_m0 0.98 H_m1 2.38 | a-0.0084 c1.1198 ent0.0045 VRAM 23MB
Ep 3100 | M0_PDR 1.000 | M1_PDR 0.780 | H_m0 0.99 H_m1 2.36 | a-0.0077 c1.1350 ent0.0044 VRAM 23MB
Ep 3150 | M0_PDR 1.000 | M1_PDR 0.744 | H_m0 0.96 H_m1 2.48 | a-0.0077 c1.1459 ent0.0043 VRAM 23MB
Ep 3200 | M0_PDR 1.000 | M1_PDR 0.770 | H_m0 0.98 H_m1 2.56 | a-0.0080 c1.1327 ent0.0042 VRAM 23MB
Ep 3250 | M0_PDR 1.000 | M1_PDR 0.791 | H_m0 0.97 H_m1 2.40 | a-0.0074 c1.1226 ent0.0041 VRAM 23MB
Ep 3300 | M0_PDR 1.000 | M1_PDR 0.785 | H_m0 0.99 H_m1 2.27 | a-0.0069 c1.1314 ent0.0041 VRAM 23MB
Ep 3350 | M0_PDR 1.000 | M1_PDR 0.786 | H_m0 0.98 H_m1 2.42 | a-0.0072 c1.1335 ent0.0040 VRAM 23MB
Ep 3400 | M0_PDR 1.000 | M1_PDR 0.799 | H_m0 1.02 H_m1 2.35 | a-0.0069 c1.1272 ent0.0039 VRAM 23MB
Ep 3450 | M0_PDR 1.000 | M1_PDR 0.770 | H_m0 1.02 H_m1 2.24 | a-0.0067 c1.1404 ent0.0038 VRAM 23MB
Ep 3500 | M0_PDR 1.000 | M1_PDR 0.819 | H_m0 1.02 H_m1 2.26 | a-0.0065 c1.1046 ent0.0037 VRAM 23MB
Ep 3550 | M0_PDR 1.000 | M1_PDR 0.798 | H_m0 1.00 H_m1 2.25 | a-0.0061 c1.1255 ent0.0036 VRAM 23MB
Ep 3600 | M0_PDR 1.000 | M1_PDR 0.813 | H_m0 0.98 H_m1 2.14 | a-0.0059 c1.1170 ent0.0035 VRAM 23MB
Ep 3650 | M0_PDR 1.000 | M1_PDR 0.822 | H_m0 0.99 H_m1 2.09 | a-0.0059 c1.1167 ent0.0034 VRAM 23MB
Ep 3700 | M0_PDR 1.000 | M1_PDR 0.775 | H_m0 0.99 H_m1 2.09 | a-0.0058 c1.1346 ent0.0033 VRAM 23MB
Ep 3750 | M0_PDR 1.000 | M1_PDR 0.775 | H_m0 0.96 H_m1 2.21 | a-0.0054 c1.1321 ent0.0032 VRAM 23MB
Ep 3800 | M0_PDR 1.000 | M1_PDR 0.817 | H_m0 0.96 H_m1 2.25 | a-0.0053 c1.1146 ent0.0032 VRAM 23MB
Error: tcpip::Socket::accept() Unable to create listening socket: Address already in use
Quitting (on error).
Ep 3850 | M0_PDR 1.000 | M1_PDR 0.805 | H_m0 0.96 H_m1 2.19 | a-0.0050 c1.1182 ent0.0031 VRAM 23MB
Ep 3900 | M0_PDR 0.995 | M1_PDR 0.791 | H_m0 0.95 H_m1 2.22 | a-0.0050 c1.1240 ent0.0030 VRAM 23MB
Ep 3950 | M0_PDR 1.000 | M1_PDR 0.818 | H_m0 0.95 H_m1 2.22 | a-0.0048 c1.1104 ent0.0029 VRAM 23MB
Ep 4000 | M0_PDR 1.000 | M1_PDR 0.802 | H_m0 0.95 H_m1 2.22 | a-0.0046 c1.1219 ent0.0028 VRAM 23MB
Ep 4050 | M0_PDR 1.000 | M1_PDR 0.795 | H_m0 0.93 H_m1 2.25 | a-0.0044 c1.1283 ent0.0027 VRAM 23MB
Ep 4100 | M0_PDR 1.000 | M1_PDR 0.801 | H_m0 0.93 H_m1 2.28 | a-0.0043 c1.1181 ent0.0026 VRAM 23MB
Ep 4150 | M0_PDR 1.000 | M1_PDR 0.796 | H_m0 0.93 H_m1 2.30 | a-0.0042 c1.1238 ent0.0025 VRAM 23MB
Ep 4200 | M0_PDR 1.000 | M1_PDR 0.770 | H_m0 0.94 H_m1 2.31 | a-0.0042 c1.1382 ent0.0024 VRAM 23MB
Ep 4250 | M0_PDR 1.000 | M1_PDR 0.791 | H_m0 0.94 H_m1 2.27 | a-0.0039 c1.1263 ent0.0023 VRAM 23MB
Ep 4300 | M0_PDR 1.000 | M1_PDR 0.794 | H_m0 0.94 H_m1 2.28 | a-0.0038 c1.1300 ent0.0023 VRAM 23MB
Ep 4350 | M0_PDR 1.000 | M1_PDR 0.759 | H_m0 0.93 H_m1 2.32 | a-0.0036 c1.1463 ent0.0022 VRAM 23MB
Ep 4400 | M0_PDR 1.000 | M1_PDR 0.758 | H_m0 0.94 H_m1 2.32 | a-0.0034 c1.1397 ent0.0021 VRAM 23MB
Ep 4450 | M0_PDR 1.000 | M1_PDR 0.800 | H_m0 0.93 H_m1 2.26 | a-0.0032 c1.1202 ent0.0020 VRAM 23MB
Ep 4500 | M0_PDR 1.000 | M1_PDR 0.776 | H_m0 0.93 H_m1 2.26 | a-0.0031 c1.1324 ent0.0019 VRAM 23MB
Ep 4550 | M0_PDR 1.000 | M1_PDR 0.833 | H_m0 0.93 H_m1 2.19 | a-0.0029 c1.1074 ent0.0018 VRAM 23MB
Ep 4600 | M0_PDR 1.000 | M1_PDR 0.785 | H_m0 0.93 H_m1 2.22 | a-0.0028 c1.1305 ent0.0017 VRAM 23MB
Ep 4650 | M0_PDR 1.000 | M1_PDR 0.774 | H_m0 0.94 H_m1 2.23 | a-0.0026 c1.1363 ent0.0016 VRAM 23MB
Ep 4700 | M0_PDR 1.000 | M1_PDR 0.764 | H_m0 0.94 H_m1 2.24 | a-0.0025 c1.1424 ent0.0015 VRAM 23MB
Ep 4750 | M0_PDR 1.000 | M1_PDR 0.774 | H_m0 0.94 H_m1 2.23 | a-0.0024 c1.1329 ent0.0014 VRAM 23MB
Ep 4800 | M0_PDR 1.000 | M1_PDR 0.779 | H_m0 0.94 H_m1 2.23 | a-0.0022 c1.1305 ent0.0014 VRAM 23MB
Ep 4850 | M0_PDR 1.000 | M1_PDR 0.773 | H_m0 0.94 H_m1 2.23 | a-0.0020 c1.1396 ent0.0013 VRAM 23MB
Ep 4900 | M0_PDR 0.998 | M1_PDR 0.789 | H_m0 0.94 H_m1 2.21 | a-0.0020 c1.1284 ent0.0012 VRAM 23MB
Ep 4950 | M0_PDR 1.000 | M1_PDR 0.859 | H_m0 0.95 H_m1 2.13 | a-0.0017 c1.0914 ent0.0011 VRAM 23MB

Training complete. Running 100 eval episodes...

  Eval ep   0: M0_PDR=1.000  M1_PDR=0.786
  Eval ep  20: M0_PDR=1.000  M1_PDR=0.781
  Eval ep  40: M0_PDR=1.000  M1_PDR=0.836
  Eval ep  60: M0_PDR=1.000  M1_PDR=0.811
  Eval ep  80: M0_PDR=1.000  M1_PDR=0.784

=== Eval Summary (100 episodes) ===
  M0_PDR_mean         : 0.9999
  M0_PDR_p05 (across) : 0.9995
  M0_PDR_p05 (intra)  : 1.0000
  M1_PDR_mean         : 0.7996
  M0_SINR_mean (dB)   : 44.22
  M1_SINR_mean (dB)   : 25.72
  M0_collision_rate   : 0.000
  M0_collision_within_pool : 0.000
  M1_collision_within_pool : 0.333

Result saved -> results/_C_N4_seed2_gaefix_g05_ent01.json
  N=4  rho=0.8  M0_PDR=1.000  M1_PDR=0.800
[NS3Bridge] Shutdown complete.
Run complete.
