[seed] all RNGs seeded with 1
GPU : NVIDIA GeForce RTX 3060
VRAM: 12.9 GB
Device          : cuda:0
Actor M0 params : 21,273
Actor M1 params : 21,273
Critic params   : 79,361
obs_dim=11  action_dim=25  gs_dim=49
M0 count: 2  M1 count: 2
Training for 5000 episodes (Config C_N4_delta06_seed1, N=4)...

[NS3Bridge] Connected tcp://localhost:5966
Ep    0 | M0_PDR 0.639 | M1_PDR 0.766 | H_m0 3.21 H_m1 3.22 | a-0.1682 c68.7175 ent0.0500 VRAM 23MB
Ep   50 | M0_PDR 0.668 | M1_PDR 0.759 | H_m0 3.18 H_m1 3.17 | a-0.1591 c29.1200 ent0.0495 VRAM 23MB
Ep  100 | M0_PDR 0.626 | M1_PDR 0.763 | H_m0 3.16 H_m1 3.19 | a-0.1568 c10.9785 ent0.0490 VRAM 23MB
Ep  150 | M0_PDR 0.655 | M1_PDR 0.802 | H_m0 3.17 H_m1 3.16 | a-0.1548 c5.7080 ent0.0485 VRAM 23MB
Ep  200 | M0_PDR 0.663 | M1_PDR 0.760 | H_m0 3.15 H_m1 3.21 | a-0.1536 c4.0675 ent0.0480 VRAM 23MB
Ep  250 | M0_PDR 0.678 | M1_PDR 0.763 | H_m0 3.09 H_m1 3.19 | a-0.1494 c3.4208 ent0.0475 VRAM 23MB
Ep  300 | M0_PDR 0.721 | M1_PDR 0.711 | H_m0 2.96 H_m1 3.15 | a-0.1455 c2.4315 ent0.0471 VRAM 23MB
Ep  350 | M0_PDR 0.724 | M1_PDR 0.789 | H_m0 2.88 H_m1 3.07 | a-0.1403 c3.5475 ent0.0466 VRAM 23MB
Ep  400 | M0_PDR 0.882 | M1_PDR 0.744 | H_m0 2.01 H_m1 3.07 | a-0.1201 c1.6768 ent0.0461 VRAM 23MB
Ep  450 | M0_PDR 0.956 | M1_PDR 0.755 | H_m0 1.86 H_m1 2.99 | a-0.1127 c1.4406 ent0.0456 VRAM 23MB
Ep  500 | M0_PDR 0.965 | M1_PDR 0.785 | H_m0 1.66 H_m1 3.06 | a-0.1077 c1.1513 ent0.0451 VRAM 23MB
Ep  550 | M0_PDR 0.988 | M1_PDR 0.766 | H_m0 1.72 H_m1 2.99 | a-0.1064 c0.9140 ent0.0446 VRAM 23MB
Ep  600 | M0_PDR 0.986 | M1_PDR 0.752 | H_m0 1.77 H_m1 3.04 | a-0.1093 c0.6852 ent0.0441 VRAM 23MB
Ep  650 | M0_PDR 0.980 | M1_PDR 0.757 | H_m0 1.90 H_m1 2.89 | a-0.1065 c0.9700 ent0.0436 VRAM 23MB
Ep  700 | M0_PDR 0.970 | M1_PDR 0.794 | H_m0 1.92 H_m1 2.88 | a-0.1054 c1.0918 ent0.0431 VRAM 23MB
Ep  750 | M0_PDR 0.980 | M1_PDR 0.806 | H_m0 1.92 H_m1 2.95 | a-0.1068 c1.5286 ent0.0426 VRAM 23MB
Ep  800 | M0_PDR 0.980 | M1_PDR 0.707 | H_m0 1.98 H_m1 3.06 | a-0.1089 c1.2224 ent0.0422 VRAM 23MB
Ep  850 | M0_PDR 0.986 | M1_PDR 0.742 | H_m0 2.05 H_m1 2.96 | a-0.1055 c1.4453 ent0.0417 VRAM 23MB
Ep  900 | M0_PDR 0.990 | M1_PDR 0.753 | H_m0 1.97 H_m1 2.87 | a-0.1022 c0.5753 ent0.0412 VRAM 23MB
Ep  950 | M0_PDR 0.990 | M1_PDR 0.745 | H_m0 1.97 H_m1 2.93 | a-0.1027 c0.4988 ent0.0407 VRAM 23MB
Ep 1000 | M0_PDR 0.995 | M1_PDR 0.763 | H_m0 2.01 H_m1 2.96 | a-0.1009 c0.9256 ent0.0402 VRAM 23MB
Ep 1050 | M0_PDR 0.995 | M1_PDR 0.786 | H_m0 2.06 H_m1 2.95 | a-0.1013 c0.5871 ent0.0397 VRAM 23MB
Ep 1100 | M0_PDR 0.995 | M1_PDR 0.766 | H_m0 2.00 H_m1 2.90 | a-0.0978 c0.4145 ent0.0392 VRAM 23MB
Ep 1150 | M0_PDR 0.990 | M1_PDR 0.771 | H_m0 2.06 H_m1 2.89 | a-0.0979 c0.7037 ent0.0387 VRAM 23MB
Ep 1200 | M0_PDR 0.992 | M1_PDR 0.728 | H_m0 2.07 H_m1 2.95 | a-0.0978 c0.6092 ent0.0382 VRAM 23MB
Ep 1250 | M0_PDR 0.988 | M1_PDR 0.802 | H_m0 2.13 H_m1 2.85 | a-0.0951 c1.1803 ent0.0377 VRAM 23MB
Ep 1300 | M0_PDR 0.983 | M1_PDR 0.781 | H_m0 2.18 H_m1 2.80 | a-0.0955 c0.5964 ent0.0373 VRAM 23MB
Ep 1350 | M0_PDR 0.991 | M1_PDR 0.764 | H_m0 2.13 H_m1 2.76 | a-0.0917 c0.7525 ent0.0368 VRAM 23MB
Ep 1400 | M0_PDR 0.997 | M1_PDR 0.756 | H_m0 2.17 H_m1 2.77 | a-0.0937 c0.7502 ent0.0363 VRAM 23MB
Ep 1450 | M0_PDR 0.997 | M1_PDR 0.782 | H_m0 2.16 H_m1 2.81 | a-0.0906 c0.8896 ent0.0358 VRAM 23MB
Ep 1500 | M0_PDR 1.000 | M1_PDR 0.857 | H_m0 2.18 H_m1 2.76 | a-0.0872 c0.8453 ent0.0353 VRAM 23MB
Ep 1550 | M0_PDR 0.995 | M1_PDR 0.804 | H_m0 2.16 H_m1 2.87 | a-0.0889 c0.4369 ent0.0348 VRAM 23MB
Ep 1600 | M0_PDR 0.988 | M1_PDR 0.758 | H_m0 2.11 H_m1 2.90 | a-0.0881 c1.3361 ent0.0343 VRAM 23MB
Ep 1650 | M0_PDR 0.998 | M1_PDR 0.787 | H_m0 2.05 H_m1 2.83 | a-0.0849 c0.5359 ent0.0338 VRAM 23MB
Ep 1700 | M0_PDR 0.992 | M1_PDR 0.771 | H_m0 2.16 H_m1 2.83 | a-0.0850 c0.5256 ent0.0333 VRAM 23MB
Ep 1750 | M0_PDR 0.990 | M1_PDR 0.762 | H_m0 2.06 H_m1 2.87 | a-0.0813 c0.6834 ent0.0328 VRAM 23MB
Ep 1800 | M0_PDR 1.000 | M1_PDR 0.747 | H_m0 2.04 H_m1 2.86 | a-0.0802 c1.1737 ent0.0324 VRAM 23MB
Ep 1850 | M0_PDR 0.995 | M1_PDR 0.744 | H_m0 2.05 H_m1 2.71 | a-0.0764 c0.5657 ent0.0319 VRAM 23MB
Ep 1900 | M0_PDR 0.997 | M1_PDR 0.771 | H_m0 1.91 H_m1 2.84 | a-0.0767 c0.5141 ent0.0314 VRAM 23MB
Ep 1950 | M0_PDR 1.000 | M1_PDR 0.813 | H_m0 1.99 H_m1 2.74 | a-0.0747 c0.5162 ent0.0309 VRAM 23MB
Ep 2000 | M0_PDR 1.000 | M1_PDR 0.823 | H_m0 2.07 H_m1 2.79 | a-0.0749 c0.4860 ent0.0304 VRAM 23MB
Ep 2050 | M0_PDR 0.997 | M1_PDR 0.775 | H_m0 2.03 H_m1 2.75 | a-0.0718 c0.4452 ent0.0299 VRAM 23MB
Ep 2100 | M0_PDR 0.997 | M1_PDR 0.824 | H_m0 2.05 H_m1 2.76 | a-0.0719 c0.6052 ent0.0294 VRAM 23MB
Ep 2150 | M0_PDR 0.997 | M1_PDR 0.788 | H_m0 2.06 H_m1 2.71 | a-0.0700 c0.5381 ent0.0289 VRAM 23MB
Ep 2200 | M0_PDR 0.993 | M1_PDR 0.800 | H_m0 2.04 H_m1 2.58 | a-0.0661 c0.8225 ent0.0284 VRAM 23MB
Ep 2250 | M0_PDR 0.997 | M1_PDR 0.788 | H_m0 2.02 H_m1 2.50 | a-0.0644 c0.5603 ent0.0279 VRAM 23MB
Ep 2300 | M0_PDR 0.998 | M1_PDR 0.786 | H_m0 2.05 H_m1 2.42 | a-0.0626 c0.4472 ent0.0275 VRAM 23MB
Ep 2350 | M0_PDR 0.992 | M1_PDR 0.799 | H_m0 2.08 H_m1 2.73 | a-0.0653 c0.5132 ent0.0270 VRAM 23MB
Ep 2400 | M0_PDR 0.996 | M1_PDR 0.818 | H_m0 2.14 H_m1 2.73 | a-0.0650 c0.7215 ent0.0265 VRAM 23MB
Ep 2450 | M0_PDR 0.987 | M1_PDR 0.805 | H_m0 2.17 H_m1 2.75 | a-0.0647 c1.3246 ent0.0260 VRAM 23MB
Ep 2500 | M0_PDR 1.000 | M1_PDR 0.823 | H_m0 2.08 H_m1 2.52 | a-0.0597 c0.7466 ent0.0255 VRAM 23MB
Ep 2550 | M0_PDR 0.997 | M1_PDR 0.761 | H_m0 2.09 H_m1 2.79 | a-0.0630 c0.6330 ent0.0250 VRAM 23MB
Ep 2600 | M0_PDR 0.993 | M1_PDR 0.791 | H_m0 2.09 H_m1 2.69 | a-0.0593 c0.4945 ent0.0245 VRAM 23MB
Ep 2650 | M0_PDR 0.992 | M1_PDR 0.779 | H_m0 2.17 H_m1 2.73 | a-0.0597 c0.4767 ent0.0240 VRAM 23MB
Ep 2700 | M0_PDR 0.987 | M1_PDR 0.797 | H_m0 2.12 H_m1 2.42 | a-0.0550 c0.5985 ent0.0235 VRAM 23MB
Ep 2750 | M0_PDR 0.997 | M1_PDR 0.798 | H_m0 2.12 H_m1 2.59 | a-0.0551 c0.4419 ent0.0230 VRAM 23MB
Ep 2800 | M0_PDR 1.000 | M1_PDR 0.824 | H_m0 2.09 H_m1 2.48 | a-0.0524 c0.4242 ent0.0226 VRAM 23MB
Ep 2850 | M0_PDR 0.997 | M1_PDR 0.774 | H_m0 2.11 H_m1 2.52 | a-0.0516 c0.5112 ent0.0221 VRAM 23MB
Ep 2900 | M0_PDR 0.990 | M1_PDR 0.807 | H_m0 2.11 H_m1 2.48 | a-0.0503 c0.6331 ent0.0216 VRAM 23MB
Ep 2950 | M0_PDR 0.997 | M1_PDR 0.808 | H_m0 2.05 H_m1 2.31 | a-0.0465 c0.3645 ent0.0211 VRAM 23MB
Ep 3000 | M0_PDR 1.000 | M1_PDR 0.839 | H_m0 2.13 H_m1 2.15 | a-0.0451 c0.4059 ent0.0206 VRAM 23MB
Ep 3050 | M0_PDR 0.989 | M1_PDR 0.887 | H_m0 2.11 H_m1 1.77 | a-0.0403 c0.5927 ent0.0201 VRAM 23MB
Ep 3100 | M0_PDR 0.997 | M1_PDR 0.906 | H_m0 2.05 H_m1 1.70 | a-0.0381 c0.4059 ent0.0196 VRAM 23MB
Ep 3150 | M0_PDR 1.000 | M1_PDR 0.954 | H_m0 2.08 H_m1 1.46 | a-0.0343 c0.3430 ent0.0191 VRAM 23MB
Ep 3200 | M0_PDR 0.998 | M1_PDR 0.957 | H_m0 2.10 H_m1 1.45 | a-0.0337 c0.4000 ent0.0186 VRAM 23MB
Ep 3250 | M0_PDR 0.997 | M1_PDR 0.968 | H_m0 2.12 H_m1 1.33 | a-0.0317 c0.3534 ent0.0181 VRAM 23MB
Ep 3300 | M0_PDR 1.000 | M1_PDR 0.980 | H_m0 2.10 H_m1 1.31 | a-0.0303 c0.2506 ent0.0177 VRAM 23MB
Ep 3350 | M0_PDR 0.994 | M1_PDR 0.990 | H_m0 2.06 H_m1 1.30 | a-0.0294 c0.3055 ent0.0172 VRAM 23MB
Ep 3400 | M0_PDR 0.997 | M1_PDR 0.980 | H_m0 2.08 H_m1 1.26 | a-0.0281 c0.2501 ent0.0167 VRAM 23MB
Ep 3450 | M0_PDR 0.997 | M1_PDR 0.985 | H_m0 2.09 H_m1 1.26 | a-0.0277 c0.2769 ent0.0162 VRAM 23MB
Ep 3500 | M0_PDR 1.000 | M1_PDR 0.987 | H_m0 2.06 H_m1 1.26 | a-0.0263 c0.2243 ent0.0157 VRAM 23MB
Ep 3550 | M0_PDR 0.997 | M1_PDR 0.982 | H_m0 2.08 H_m1 1.23 | a-0.0256 c0.3280 ent0.0152 VRAM 23MB
Ep 3600 | M0_PDR 1.000 | M1_PDR 0.987 | H_m0 2.09 H_m1 1.24 | a-0.0251 c0.2242 ent0.0147 VRAM 23MB
Ep 3650 | M0_PDR 0.999 | M1_PDR 0.995 | H_m0 2.10 H_m1 1.24 | a-0.0240 c0.2271 ent0.0142 VRAM 23MB
Ep 3700 | M0_PDR 1.000 | M1_PDR 0.986 | H_m0 2.11 H_m1 1.24 | a-0.0230 c0.2242 ent0.0137 VRAM 23MB
Ep 3750 | M0_PDR 0.998 | M1_PDR 0.995 | H_m0 2.10 H_m1 1.22 | a-0.0224 c0.3032 ent0.0132 VRAM 23MB
Ep 3800 | M0_PDR 0.997 | M1_PDR 0.975 | H_m0 2.10 H_m1 1.24 | a-0.0216 c0.2674 ent0.0128 VRAM 23MB
Ep 3850 | M0_PDR 0.997 | M1_PDR 0.995 | H_m0 2.09 H_m1 1.22 | a-0.0206 c0.2353 ent0.0123 VRAM 23MB
Ep 3900 | M0_PDR 0.998 | M1_PDR 0.989 | H_m0 2.11 H_m1 1.21 | a-0.0199 c0.2384 ent0.0118 VRAM 23MB
Ep 3950 | M0_PDR 0.995 | M1_PDR 0.992 | H_m0 2.12 H_m1 1.23 | a-0.0191 c0.2725 ent0.0113 VRAM 23MB
Ep 4000 | M0_PDR 1.000 | M1_PDR 0.995 | H_m0 2.10 H_m1 1.22 | a-0.0180 c0.2214 ent0.0108 VRAM 23MB
Ep 4050 | M0_PDR 0.995 | M1_PDR 0.993 | H_m0 2.10 H_m1 1.24 | a-0.0175 c0.2465 ent0.0103 VRAM 23MB
Ep 4100 | M0_PDR 1.000 | M1_PDR 0.995 | H_m0 2.10 H_m1 1.23 | a-0.0164 c0.2109 ent0.0098 VRAM 23MB
Ep 4150 | M0_PDR 0.998 | M1_PDR 0.997 | H_m0 2.10 H_m1 1.24 | a-0.0159 c0.2228 ent0.0093 VRAM 23MB
Ep 4200 | M0_PDR 1.000 | M1_PDR 0.990 | H_m0 2.10 H_m1 1.23 | a-0.0149 c0.2230 ent0.0088 VRAM 23MB
Ep 4250 | M0_PDR 0.997 | M1_PDR 0.997 | H_m0 2.10 H_m1 1.23 | a-0.0139 c0.2219 ent0.0083 VRAM 23MB
Ep 4300 | M0_PDR 1.000 | M1_PDR 0.995 | H_m0 2.10 H_m1 1.22 | a-0.0132 c0.2111 ent0.0079 VRAM 23MB
Ep 4350 | M0_PDR 0.992 | M1_PDR 0.991 | H_m0 2.10 H_m1 1.23 | a-0.0125 c0.2741 ent0.0074 VRAM 23MB
Ep 4400 | M0_PDR 0.996 | M1_PDR 0.992 | H_m0 2.10 H_m1 1.22 | a-0.0114 c0.2387 ent0.0069 VRAM 23MB
Ep 4450 | M0_PDR 1.000 | M1_PDR 0.995 | H_m0 2.10 H_m1 1.23 | a-0.0107 c0.2098 ent0.0064 VRAM 23MB
Ep 4500 | M0_PDR 1.000 | M1_PDR 0.990 | H_m0 2.10 H_m1 1.22 | a-0.0101 c0.2293 ent0.0059 VRAM 23MB
Ep 4550 | M0_PDR 0.997 | M1_PDR 0.992 | H_m0 2.09 H_m1 1.23 | a-0.0090 c0.2253 ent0.0054 VRAM 23MB
Ep 4600 | M0_PDR 1.000 | M1_PDR 0.995 | H_m0 2.08 H_m1 1.23 | a-0.0082 c0.2065 ent0.0049 VRAM 23MB
Ep 4650 | M0_PDR 1.000 | M1_PDR 0.992 | H_m0 2.07 H_m1 1.22 | a-0.0073 c0.2158 ent0.0044 VRAM 23MB
Ep 4700 | M0_PDR 1.000 | M1_PDR 0.996 | H_m0 2.08 H_m1 1.22 | a-0.0066 c0.2088 ent0.0039 VRAM 23MB
Ep 4750 | M0_PDR 0.997 | M1_PDR 0.997 | H_m0 2.07 H_m1 1.21 | a-0.0057 c0.2219 ent0.0034 VRAM 23MB
Ep 4800 | M0_PDR 1.000 | M1_PDR 0.997 | H_m0 2.07 H_m1 1.22 | a-0.0049 c0.2155 ent0.0030 VRAM 23MB
Ep 4850 | M0_PDR 1.000 | M1_PDR 0.998 | H_m0 2.07 H_m1 1.22 | a-0.0041 c0.2142 ent0.0025 VRAM 23MB
Ep 4900 | M0_PDR 0.997 | M1_PDR 0.992 | H_m0 2.06 H_m1 1.22 | a-0.0033 c0.2234 ent0.0020 VRAM 23MB
Ep 4950 | M0_PDR 1.000 | M1_PDR 0.995 | H_m0 2.07 H_m1 1.22 | a-0.0025 c0.2069 ent0.0015 VRAM 23MB

Training complete. Running 100 eval episodes...

  Eval ep   0: M0_PDR=1.000  M1_PDR=0.993
  Eval ep  20: M0_PDR=1.000  M1_PDR=0.997
  Eval ep  40: M0_PDR=1.000  M1_PDR=0.992
  Eval ep  60: M0_PDR=1.000  M1_PDR=0.995
  Eval ep  80: M0_PDR=1.000  M1_PDR=0.991

=== Eval Summary (100 episodes) ===
  M0_PDR_mean         : 0.9992
  M0_PDR_p05 (across) : 0.9956
  M0_PDR_p05 (intra)  : 1.0000
  M1_PDR_mean         : 0.9933
  M0_SINR_mean (dB)   : 41.07
  M1_SINR_mean (dB)   : 45.16
  M0_collision_rate   : 0.001
  M0_collision_within_pool : 0.001
  M1_collision_within_pool : 0.011

Result saved -> results/_C_N4_delta06_seed1.json
  N=4  rho=0.8  M0_PDR=0.999  M1_PDR=0.993
[NS3Bridge] Shutdown complete.
Run complete.
