[seed] all RNGs seeded with 1
GPU : NVIDIA GeForce RTX 3060
VRAM: 12.9 GB
Device          : cuda:0
Actor M0 params : 21,273
Actor M1 params : 21,273
Critic params   : 79,361
obs_dim=11  action_dim=25  gs_dim=49
M0 count: 2  M1 count: 2
Training for 5000 episodes (Config C_N4_delta20_seed1, N=4)...

[NS3Bridge] Connected tcp://localhost:6006
Ep    0 | M0_PDR 0.634 | M1_PDR 0.769 | H_m0 3.21 H_m1 3.22 | a-0.1677 c194.5466 ent0.0500 VRAM 23MB
Ep   50 | M0_PDR 0.672 | M1_PDR 0.766 | H_m0 3.18 H_m1 3.14 | a-0.1583 c73.2533 ent0.0495 VRAM 23MB
Ep  100 | M0_PDR 0.643 | M1_PDR 0.769 | H_m0 3.18 H_m1 3.16 | a-0.1564 c38.3004 ent0.0490 VRAM 23MB
Ep  150 | M0_PDR 0.671 | M1_PDR 0.790 | H_m0 3.18 H_m1 3.15 | a-0.1548 c12.2076 ent0.0485 VRAM 23MB
Ep  200 | M0_PDR 0.627 | M1_PDR 0.752 | H_m0 3.19 H_m1 3.11 | a-0.1538 c5.4768 ent0.0480 VRAM 23MB
Ep  250 | M0_PDR 0.682 | M1_PDR 0.779 | H_m0 3.14 H_m1 3.00 | a-0.1484 c5.8876 ent0.0475 VRAM 23MB
Ep  300 | M0_PDR 0.705 | M1_PDR 0.711 | H_m0 3.07 H_m1 2.86 | a-0.1410 c6.3538 ent0.0471 VRAM 23MB
Ep  350 | M0_PDR 0.709 | M1_PDR 0.797 | H_m0 3.12 H_m1 2.89 | a-0.1417 c6.4352 ent0.0466 VRAM 23MB
Ep  400 | M0_PDR 0.704 | M1_PDR 0.748 | H_m0 3.14 H_m1 2.86 | a-0.1395 c5.4440 ent0.0461 VRAM 23MB
Ep  450 | M0_PDR 0.717 | M1_PDR 0.777 | H_m0 3.03 H_m1 2.90 | a-0.1370 c3.9202 ent0.0456 VRAM 23MB
Ep  500 | M0_PDR 0.707 | M1_PDR 0.785 | H_m0 2.83 H_m1 2.73 | a-0.1272 c3.5484 ent0.0451 VRAM 23MB
Ep  550 | M0_PDR 0.689 | M1_PDR 0.804 | H_m0 2.97 H_m1 2.60 | a-0.1263 c3.3803 ent0.0446 VRAM 23MB
Ep  600 | M0_PDR 0.772 | M1_PDR 0.783 | H_m0 2.82 H_m1 2.84 | a-0.1270 c2.7485 ent0.0441 VRAM 23MB
Ep  650 | M0_PDR 0.769 | M1_PDR 0.773 | H_m0 2.79 H_m1 2.79 | a-0.1250 c3.3686 ent0.0436 VRAM 23MB
Ep  700 | M0_PDR 0.853 | M1_PDR 0.797 | H_m0 2.30 H_m1 2.83 | a-0.1130 c4.6518 ent0.0431 VRAM 23MB
Ep  750 | M0_PDR 0.943 | M1_PDR 0.794 | H_m0 2.06 H_m1 2.83 | a-0.1062 c2.5730 ent0.0426 VRAM 23MB
Ep  800 | M0_PDR 0.928 | M1_PDR 0.781 | H_m0 2.08 H_m1 2.74 | a-0.1022 c2.6148 ent0.0422 VRAM 23MB
Ep  850 | M0_PDR 0.974 | M1_PDR 0.769 | H_m0 2.06 H_m1 2.80 | a-0.1034 c5.5286 ent0.0417 VRAM 23MB
Ep  900 | M0_PDR 0.955 | M1_PDR 0.764 | H_m0 2.18 H_m1 2.74 | a-0.1030 c2.4076 ent0.0412 VRAM 23MB
Ep  950 | M0_PDR 0.969 | M1_PDR 0.757 | H_m0 2.18 H_m1 2.51 | a-0.0978 c2.6315 ent0.0407 VRAM 23MB
Ep 1000 | M0_PDR 0.980 | M1_PDR 0.763 | H_m0 2.13 H_m1 2.66 | a-0.0981 c2.8090 ent0.0402 VRAM 23MB
Ep 1050 | M0_PDR 0.970 | M1_PDR 0.812 | H_m0 2.23 H_m1 2.52 | a-0.0990 c2.3117 ent0.0397 VRAM 23MB
Ep 1100 | M0_PDR 0.984 | M1_PDR 0.787 | H_m0 2.17 H_m1 2.67 | a-0.0977 c2.0084 ent0.0392 VRAM 23MB
Ep 1150 | M0_PDR 0.973 | M1_PDR 0.775 | H_m0 2.07 H_m1 2.66 | a-0.0936 c3.1687 ent0.0387 VRAM 23MB
Ep 1200 | M0_PDR 0.970 | M1_PDR 0.779 | H_m0 2.07 H_m1 2.50 | a-0.0897 c2.1972 ent0.0382 VRAM 23MB
Ep 1250 | M0_PDR 0.992 | M1_PDR 0.802 | H_m0 2.09 H_m1 2.51 | a-0.0884 c2.0914 ent0.0377 VRAM 23MB
Ep 1300 | M0_PDR 0.977 | M1_PDR 0.802 | H_m0 2.22 H_m1 2.50 | a-0.0906 c2.6052 ent0.0373 VRAM 23MB
Ep 1350 | M0_PDR 0.992 | M1_PDR 0.759 | H_m0 2.16 H_m1 2.51 | a-0.0894 c4.8886 ent0.0368 VRAM 23MB
Ep 1400 | M0_PDR 0.996 | M1_PDR 0.888 | H_m0 2.12 H_m1 1.82 | a-0.0763 c2.7285 ent0.0363 VRAM 23MB
Ep 1450 | M0_PDR 0.992 | M1_PDR 0.992 | H_m0 2.10 H_m1 1.32 | a-0.0626 c0.5680 ent0.0358 VRAM 23MB
Ep 1500 | M0_PDR 0.993 | M1_PDR 0.985 | H_m0 2.22 H_m1 1.22 | a-0.0636 c0.5666 ent0.0353 VRAM 23MB
Ep 1550 | M0_PDR 0.997 | M1_PDR 0.993 | H_m0 2.05 H_m1 1.20 | a-0.0575 c0.6007 ent0.0348 VRAM 23MB
Ep 1600 | M0_PDR 0.995 | M1_PDR 0.993 | H_m0 2.09 H_m1 1.19 | a-0.0563 c0.6471 ent0.0343 VRAM 23MB
Ep 1650 | M0_PDR 0.995 | M1_PDR 0.998 | H_m0 2.00 H_m1 1.18 | a-0.0552 c0.2628 ent0.0338 VRAM 23MB
Ep 1700 | M0_PDR 0.986 | M1_PDR 0.995 | H_m0 2.13 H_m1 1.23 | a-0.0581 c0.3759 ent0.0333 VRAM 23MB
Ep 1750 | M0_PDR 0.990 | M1_PDR 0.998 | H_m0 2.06 H_m1 1.23 | a-0.0555 c4.4024 ent0.0328 VRAM 23MB
Ep 1800 | M0_PDR 0.988 | M1_PDR 0.996 | H_m0 2.18 H_m1 1.22 | a-0.0577 c1.0253 ent0.0324 VRAM 23MB
Ep 1850 | M0_PDR 0.992 | M1_PDR 0.998 | H_m0 2.19 H_m1 1.24 | a-0.0556 c0.4657 ent0.0319 VRAM 23MB
Ep 1900 | M0_PDR 0.995 | M1_PDR 0.990 | H_m0 2.17 H_m1 1.20 | a-0.0547 c0.5540 ent0.0314 VRAM 23MB
Ep 1950 | M0_PDR 0.998 | M1_PDR 0.988 | H_m0 2.03 H_m1 1.22 | a-0.0530 c1.1003 ent0.0309 VRAM 23MB
Ep 2000 | M0_PDR 0.988 | M1_PDR 0.998 | H_m0 2.17 H_m1 1.22 | a-0.0524 c1.0502 ent0.0304 VRAM 23MB
Ep 2050 | M0_PDR 0.995 | M1_PDR 0.997 | H_m0 2.17 H_m1 1.23 | a-0.0513 c1.5501 ent0.0299 VRAM 23MB
Ep 2100 | M0_PDR 0.977 | M1_PDR 0.998 | H_m0 2.11 H_m1 1.15 | a-0.0506 c0.9227 ent0.0294 VRAM 23MB
Ep 2150 | M0_PDR 0.992 | M1_PDR 0.997 | H_m0 2.12 H_m1 1.19 | a-0.0489 c2.6041 ent0.0289 VRAM 23MB
Ep 2200 | M0_PDR 0.992 | M1_PDR 0.993 | H_m0 2.13 H_m1 1.13 | a-0.0476 c0.5648 ent0.0284 VRAM 23MB
Ep 2250 | M0_PDR 0.995 | M1_PDR 0.998 | H_m0 2.07 H_m1 1.09 | a-0.0451 c0.2556 ent0.0279 VRAM 23MB
Ep 2300 | M0_PDR 0.990 | M1_PDR 0.997 | H_m0 2.13 H_m1 1.17 | a-0.0474 c1.0014 ent0.0275 VRAM 23MB
Ep 2350 | M0_PDR 0.985 | M1_PDR 1.000 | H_m0 2.15 H_m1 1.18 | a-0.0462 c0.3658 ent0.0270 VRAM 23MB
Ep 2400 | M0_PDR 0.990 | M1_PDR 0.997 | H_m0 2.17 H_m1 1.19 | a-0.0459 c0.7767 ent0.0265 VRAM 23MB
Ep 2450 | M0_PDR 0.987 | M1_PDR 0.993 | H_m0 2.13 H_m1 1.12 | a-0.0427 c0.3240 ent0.0260 VRAM 23MB
Ep 2500 | M0_PDR 0.987 | M1_PDR 0.998 | H_m0 2.09 H_m1 1.04 | a-0.0408 c1.3402 ent0.0255 VRAM 23MB
Ep 2550 | M0_PDR 0.983 | M1_PDR 0.997 | H_m0 2.15 H_m1 1.16 | a-0.0415 c0.9762 ent0.0250 VRAM 23MB
Ep 2600 | M0_PDR 0.992 | M1_PDR 0.998 | H_m0 2.12 H_m1 1.19 | a-0.0419 c0.2907 ent0.0245 VRAM 23MB
Ep 2650 | M0_PDR 0.981 | M1_PDR 0.995 | H_m0 2.13 H_m1 1.20 | a-0.0411 c0.5708 ent0.0240 VRAM 23MB
Ep 2700 | M0_PDR 0.992 | M1_PDR 0.995 | H_m0 2.11 H_m1 1.18 | a-0.0400 c0.2265 ent0.0235 VRAM 23MB
Ep 2750 | M0_PDR 1.000 | M1_PDR 0.998 | H_m0 2.07 H_m1 1.19 | a-0.0387 c0.4893 ent0.0230 VRAM 23MB
Ep 2800 | M0_PDR 0.997 | M1_PDR 0.997 | H_m0 2.07 H_m1 1.19 | a-0.0381 c0.4241 ent0.0226 VRAM 23MB
Ep 2850 | M0_PDR 1.000 | M1_PDR 0.997 | H_m0 2.05 H_m1 1.21 | a-0.0362 c0.2078 ent0.0221 VRAM 23MB
Ep 2900 | M0_PDR 0.998 | M1_PDR 0.998 | H_m0 2.09 H_m1 1.14 | a-0.0369 c1.1781 ent0.0216 VRAM 23MB
Ep 2950 | M0_PDR 0.993 | M1_PDR 0.997 | H_m0 2.09 H_m1 1.19 | a-0.0360 c0.2994 ent0.0211 VRAM 23MB
Ep 3000 | M0_PDR 0.998 | M1_PDR 1.000 | H_m0 2.06 H_m1 1.17 | a-0.0343 c0.1979 ent0.0206 VRAM 23MB
Ep 3050 | M0_PDR 0.986 | M1_PDR 0.995 | H_m0 2.04 H_m1 1.16 | a-0.0330 c0.3811 ent0.0201 VRAM 23MB
Ep 3100 | M0_PDR 0.995 | M1_PDR 1.000 | H_m0 1.95 H_m1 1.18 | a-0.0328 c0.2539 ent0.0196 VRAM 23MB
Ep 3150 | M0_PDR 1.000 | M1_PDR 1.000 | H_m0 1.91 H_m1 1.17 | a-0.0310 c0.1733 ent0.0191 VRAM 23MB
Ep 3200 | M0_PDR 0.998 | M1_PDR 0.995 | H_m0 1.97 H_m1 1.16 | a-0.0293 c0.1748 ent0.0186 VRAM 23MB
Ep 3250 | M0_PDR 0.997 | M1_PDR 1.000 | H_m0 1.93 H_m1 1.17 | a-0.0291 c0.1780 ent0.0181 VRAM 23MB
Ep 3300 | M0_PDR 0.992 | M1_PDR 0.998 | H_m0 1.98 H_m1 1.17 | a-0.0283 c0.2414 ent0.0177 VRAM 23MB
Ep 3350 | M0_PDR 0.995 | M1_PDR 0.997 | H_m0 2.01 H_m1 1.15 | a-0.0274 c0.2037 ent0.0172 VRAM 23MB
Ep 3400 | M0_PDR 1.000 | M1_PDR 1.000 | H_m0 2.05 H_m1 1.16 | a-0.0270 c0.2101 ent0.0167 VRAM 23MB
Ep 3450 | M0_PDR 0.995 | M1_PDR 1.000 | H_m0 2.05 H_m1 1.18 | a-0.0269 c0.4868 ent0.0162 VRAM 23MB
Ep 3500 | M0_PDR 0.997 | M1_PDR 1.000 | H_m0 2.06 H_m1 1.17 | a-0.0261 c0.1873 ent0.0157 VRAM 23MB
Ep 3550 | M0_PDR 0.993 | M1_PDR 0.998 | H_m0 2.05 H_m1 1.18 | a-0.0248 c0.2421 ent0.0152 VRAM 23MB
Ep 3600 | M0_PDR 1.000 | M1_PDR 1.000 | H_m0 2.05 H_m1 1.17 | a-0.0246 c0.1835 ent0.0147 VRAM 23MB
Ep 3650 | M0_PDR 1.000 | M1_PDR 1.000 | H_m0 2.05 H_m1 1.18 | a-0.0234 c0.3864 ent0.0142 VRAM 23MB
Ep 3700 | M0_PDR 1.000 | M1_PDR 0.997 | H_m0 2.05 H_m1 1.17 | a-0.0224 c0.1527 ent0.0137 VRAM 23MB
Ep 3750 | M0_PDR 0.995 | M1_PDR 0.997 | H_m0 2.03 H_m1 1.15 | a-0.0213 c0.2333 ent0.0132 VRAM 23MB
Ep 3800 | M0_PDR 0.992 | M1_PDR 0.997 | H_m0 2.06 H_m1 1.15 | a-0.0209 c0.2011 ent0.0128 VRAM 23MB
Ep 3850 | M0_PDR 0.992 | M1_PDR 1.000 | H_m0 2.07 H_m1 1.16 | a-0.0199 c0.2058 ent0.0123 VRAM 23MB
Ep 3900 | M0_PDR 0.986 | M1_PDR 0.997 | H_m0 2.06 H_m1 1.16 | a-0.0194 c0.3273 ent0.0118 VRAM 23MB
Ep 3950 | M0_PDR 0.993 | M1_PDR 1.000 | H_m0 2.06 H_m1 1.17 | a-0.0185 c0.2127 ent0.0113 VRAM 23MB
Ep 4000 | M0_PDR 0.990 | M1_PDR 1.000 | H_m0 2.08 H_m1 1.16 | a-0.0175 c0.2141 ent0.0108 VRAM 23MB
Ep 4050 | M0_PDR 0.985 | M1_PDR 1.000 | H_m0 2.08 H_m1 1.17 | a-0.0170 c0.2721 ent0.0103 VRAM 23MB
Ep 4100 | M0_PDR 0.990 | M1_PDR 1.000 | H_m0 2.09 H_m1 1.17 | a-0.0163 c0.1720 ent0.0098 VRAM 23MB
Ep 4150 | M0_PDR 0.993 | M1_PDR 1.000 | H_m0 2.08 H_m1 1.17 | a-0.0155 c0.2362 ent0.0093 VRAM 23MB
Ep 4200 | M0_PDR 0.995 | M1_PDR 1.000 | H_m0 2.09 H_m1 1.17 | a-0.0146 c0.1741 ent0.0088 VRAM 23MB
Ep 4250 | M0_PDR 0.998 | M1_PDR 1.000 | H_m0 2.08 H_m1 1.17 | a-0.0138 c0.1680 ent0.0083 VRAM 23MB
Ep 4300 | M0_PDR 0.992 | M1_PDR 1.000 | H_m0 2.08 H_m1 1.18 | a-0.0130 c0.2024 ent0.0079 VRAM 23MB
Ep 4350 | M0_PDR 0.990 | M1_PDR 0.999 | H_m0 2.07 H_m1 1.18 | a-0.0121 c0.2403 ent0.0074 VRAM 23MB
Ep 4400 | M0_PDR 0.995 | M1_PDR 1.000 | H_m0 2.08 H_m1 1.18 | a-0.0113 c0.1569 ent0.0069 VRAM 23MB
Ep 4450 | M0_PDR 0.985 | M1_PDR 1.000 | H_m0 2.09 H_m1 1.18 | a-0.0105 c0.3180 ent0.0064 VRAM 23MB
Ep 4500 | M0_PDR 0.995 | M1_PDR 1.000 | H_m0 2.08 H_m1 1.18 | a-0.0097 c0.1935 ent0.0059 VRAM 23MB
Ep 4550 | M0_PDR 0.998 | M1_PDR 1.000 | H_m0 2.07 H_m1 1.18 | a-0.0089 c0.1975 ent0.0054 VRAM 23MB
Ep 4600 | M0_PDR 0.997 | M1_PDR 0.995 | H_m0 2.06 H_m1 1.18 | a-0.0081 c0.1901 ent0.0049 VRAM 23MB
Ep 4650 | M0_PDR 1.000 | M1_PDR 0.997 | H_m0 2.06 H_m1 1.18 | a-0.0073 c0.1831 ent0.0044 VRAM 23MB
Ep 4700 | M0_PDR 1.000 | M1_PDR 1.000 | H_m0 2.06 H_m1 1.17 | a-0.0065 c0.1579 ent0.0039 VRAM 23MB
Ep 4750 | M0_PDR 0.994 | M1_PDR 1.000 | H_m0 2.05 H_m1 1.17 | a-0.0056 c0.1766 ent0.0034 VRAM 23MB
Ep 4800 | M0_PDR 0.992 | M1_PDR 1.000 | H_m0 2.05 H_m1 1.17 | a-0.0048 c0.2055 ent0.0030 VRAM 23MB
Ep 4850 | M0_PDR 0.995 | M1_PDR 1.000 | H_m0 2.05 H_m1 1.17 | a-0.0041 c0.1966 ent0.0025 VRAM 23MB
Ep 4900 | M0_PDR 0.997 | M1_PDR 0.996 | H_m0 2.04 H_m1 1.17 | a-0.0034 c0.1910 ent0.0020 VRAM 23MB
Ep 4950 | M0_PDR 1.000 | M1_PDR 0.997 | H_m0 2.04 H_m1 1.17 | a-0.0025 c0.1722 ent0.0015 VRAM 23MB

Training complete. Running 100 eval episodes...

  Eval ep   0: M0_PDR=0.995  M1_PDR=1.000
  Eval ep  20: M0_PDR=1.000  M1_PDR=1.000
  Eval ep  40: M0_PDR=0.998  M1_PDR=0.998
  Eval ep  60: M0_PDR=1.000  M1_PDR=1.000
  Eval ep  80: M0_PDR=1.000  M1_PDR=0.997

=== Eval Summary (100 episodes) ===
  M0_PDR_mean         : 0.9977
  M0_PDR_p05 (across) : 0.9925
  M0_PDR_p05 (intra)  : 1.0000
  M1_PDR_mean         : 0.9993
  M0_SINR_mean (dB)   : 40.34
  M1_SINR_mean (dB)   : 46.17
  M0_collision_rate   : 0.004
  M0_collision_within_pool : 0.004
  M1_collision_within_pool : 0.001

Result saved -> results/_C_N4_delta20_seed1.json
  N=4  rho=0.8  M0_PDR=0.998  M1_PDR=0.999
[NS3Bridge] Shutdown complete.
Run complete.
