[seed] all RNGs seeded with 10
GPU : NVIDIA GeForce RTX 3060
VRAM: 12.9 GB
Device          : cuda:0
Actor M0 params : 21,273
Actor M1 params : 21,273
Critic params   : 79,361
obs_dim=11  action_dim=25  gs_dim=49
M0 count: 2  M1 count: 2
Training for 3000 episodes (Config C_N4_3000ep_seed10, N=4)...

[NS3Bridge] Connected tcp://localhost:5956
Ep    0 | M0_PDR 0.673 | M1_PDR 0.758 | H_m0 3.22 H_m1 3.22 | a-0.1665 c54.2640 ent0.0500 VRAM 23MB
Ep   50 | M0_PDR 0.655 | M1_PDR 0.761 | H_m0 3.17 H_m1 3.18 | a-0.1577 c22.6861 ent0.0492 VRAM 23MB
Ep  100 | M0_PDR 0.643 | M1_PDR 0.819 | H_m0 3.17 H_m1 3.19 | a-0.1554 c10.3063 ent0.0484 VRAM 23MB
Ep  150 | M0_PDR 0.645 | M1_PDR 0.740 | H_m0 3.17 H_m1 3.19 | a-0.1522 c3.9006 ent0.0475 VRAM 23MB
Ep  200 | M0_PDR 0.664 | M1_PDR 0.779 | H_m0 3.13 H_m1 3.19 | a-0.1487 c3.9686 ent0.0467 VRAM 23MB
Ep  250 | M0_PDR 0.696 | M1_PDR 0.779 | H_m0 3.05 H_m1 3.19 | a-0.1444 c2.3804 ent0.0459 VRAM 23MB
Ep  300 | M0_PDR 0.707 | M1_PDR 0.776 | H_m0 2.85 H_m1 3.19 | a-0.1403 c1.6468 ent0.0451 VRAM 23MB
Ep  350 | M0_PDR 0.676 | M1_PDR 0.815 | H_m0 2.94 H_m1 3.17 | a-0.1375 c1.8508 ent0.0443 VRAM 23MB
Ep  400 | M0_PDR 0.876 | M1_PDR 0.814 | H_m0 1.99 H_m1 3.16 | a-0.1169 c1.5056 ent0.0435 VRAM 23MB
Ep  450 | M0_PDR 0.941 | M1_PDR 0.744 | H_m0 1.59 H_m1 3.18 | a-0.1040 c1.1025 ent0.0426 VRAM 23MB
Ep  500 | M0_PDR 0.978 | M1_PDR 0.762 | H_m0 1.60 H_m1 3.13 | a-0.1015 c0.9316 ent0.0418 VRAM 23MB
Ep  550 | M0_PDR 0.969 | M1_PDR 0.745 | H_m0 1.76 H_m1 3.08 | a-0.1002 c0.7024 ent0.0410 VRAM 23MB
Ep  600 | M0_PDR 0.975 | M1_PDR 0.769 | H_m0 1.86 H_m1 3.12 | a-0.1010 c0.7763 ent0.0402 VRAM 23MB
Ep  650 | M0_PDR 0.976 | M1_PDR 0.711 | H_m0 1.80 H_m1 3.08 | a-0.0970 c1.3436 ent0.0394 VRAM 23MB
Ep  700 | M0_PDR 0.991 | M1_PDR 0.810 | H_m0 1.77 H_m1 3.06 | a-0.0949 c0.4552 ent0.0386 VRAM 23MB
Ep  750 | M0_PDR 0.994 | M1_PDR 0.772 | H_m0 1.58 H_m1 3.12 | a-0.0899 c0.6530 ent0.0377 VRAM 23MB
Ep  800 | M0_PDR 0.995 | M1_PDR 0.746 | H_m0 1.65 H_m1 3.05 | a-0.0895 c0.4702 ent0.0369 VRAM 23MB
Ep  850 | M0_PDR 0.997 | M1_PDR 0.761 | H_m0 1.67 H_m1 3.09 | a-0.0873 c0.4153 ent0.0361 VRAM 23MB
Ep  900 | M0_PDR 0.994 | M1_PDR 0.751 | H_m0 1.64 H_m1 3.07 | a-0.0828 c0.4733 ent0.0353 VRAM 23MB
Ep  950 | M0_PDR 0.997 | M1_PDR 0.783 | H_m0 1.71 H_m1 3.04 | a-0.0834 c0.4078 ent0.0345 VRAM 23MB
Ep 1000 | M0_PDR 0.998 | M1_PDR 0.734 | H_m0 1.69 H_m1 3.02 | a-0.0795 c0.5958 ent0.0337 VRAM 23MB
Ep 1050 | M0_PDR 1.000 | M1_PDR 0.765 | H_m0 1.55 H_m1 2.99 | a-0.0753 c0.4029 ent0.0328 VRAM 23MB
Ep 1100 | M0_PDR 0.997 | M1_PDR 0.790 | H_m0 1.71 H_m1 2.92 | a-0.0743 c0.3526 ent0.0320 VRAM 23MB
Ep 1150 | M0_PDR 0.995 | M1_PDR 0.804 | H_m0 1.71 H_m1 2.99 | a-0.0735 c0.3946 ent0.0312 VRAM 23MB
Ep 1200 | M0_PDR 1.000 | M1_PDR 0.791 | H_m0 1.64 H_m1 2.97 | a-0.0705 c0.4467 ent0.0304 VRAM 23MB
Ep 1250 | M0_PDR 0.997 | M1_PDR 0.794 | H_m0 1.63 H_m1 2.90 | a-0.0681 c0.3970 ent0.0296 VRAM 23MB
Ep 1300 | M0_PDR 0.997 | M1_PDR 0.785 | H_m0 1.77 H_m1 2.92 | a-0.0673 c0.3574 ent0.0288 VRAM 23MB
Ep 1350 | M0_PDR 1.000 | M1_PDR 0.804 | H_m0 1.73 H_m1 2.96 | a-0.0660 c0.4291 ent0.0279 VRAM 23MB
Ep 1400 | M0_PDR 1.000 | M1_PDR 0.773 | H_m0 1.71 H_m1 2.97 | a-0.0638 c0.3489 ent0.0271 VRAM 23MB
Ep 1450 | M0_PDR 0.998 | M1_PDR 0.770 | H_m0 1.72 H_m1 2.95 | a-0.0621 c0.3841 ent0.0263 VRAM 23MB
Ep 1500 | M0_PDR 1.000 | M1_PDR 0.775 | H_m0 1.77 H_m1 3.00 | a-0.0614 c0.3389 ent0.0255 VRAM 23MB
Ep 1550 | M0_PDR 0.996 | M1_PDR 0.782 | H_m0 1.77 H_m1 3.00 | a-0.0595 c0.3499 ent0.0247 VRAM 23MB
Ep 1600 | M0_PDR 0.998 | M1_PDR 0.787 | H_m0 1.73 H_m1 3.01 | a-0.0572 c0.3835 ent0.0239 VRAM 23MB
Ep 1650 | M0_PDR 0.995 | M1_PDR 0.823 | H_m0 1.73 H_m1 2.94 | a-0.0547 c0.3460 ent0.0230 VRAM 23MB
Ep 1700 | M0_PDR 0.997 | M1_PDR 0.770 | H_m0 1.78 H_m1 2.87 | a-0.0522 c0.3622 ent0.0222 VRAM 23MB
Ep 1750 | M0_PDR 0.995 | M1_PDR 0.797 | H_m0 1.77 H_m1 2.88 | a-0.0514 c0.3745 ent0.0214 VRAM 23MB
Ep 1800 | M0_PDR 0.997 | M1_PDR 0.822 | H_m0 1.81 H_m1 2.80 | a-0.0477 c0.3800 ent0.0206 VRAM 23MB
Ep 1850 | M0_PDR 0.992 | M1_PDR 0.769 | H_m0 1.78 H_m1 2.87 | a-0.0463 c0.3948 ent0.0198 VRAM 23MB
Ep 1900 | M0_PDR 0.997 | M1_PDR 0.832 | H_m0 1.80 H_m1 2.89 | a-0.0448 c0.3701 ent0.0190 VRAM 23MB
Ep 1950 | M0_PDR 0.987 | M1_PDR 0.811 | H_m0 1.74 H_m1 2.88 | a-0.0425 c0.4345 ent0.0181 VRAM 23MB
Ep 2000 | M0_PDR 0.987 | M1_PDR 0.758 | H_m0 1.76 H_m1 2.89 | a-0.0407 c0.4960 ent0.0173 VRAM 23MB
Ep 2050 | M0_PDR 0.993 | M1_PDR 0.804 | H_m0 1.76 H_m1 2.87 | a-0.0389 c0.3501 ent0.0165 VRAM 23MB
Ep 2100 | M0_PDR 0.997 | M1_PDR 0.813 | H_m0 1.76 H_m1 2.89 | a-0.0368 c0.3569 ent0.0157 VRAM 23MB
Ep 2150 | M0_PDR 0.992 | M1_PDR 0.795 | H_m0 1.74 H_m1 2.83 | a-0.0341 c0.4140 ent0.0149 VRAM 23MB
Ep 2200 | M0_PDR 0.990 | M1_PDR 0.765 | H_m0 1.75 H_m1 2.82 | a-0.0323 c0.4445 ent0.0141 VRAM 23MB
Ep 2250 | M0_PDR 0.997 | M1_PDR 0.796 | H_m0 1.76 H_m1 2.83 | a-0.0307 c0.3312 ent0.0132 VRAM 23MB
Ep 2300 | M0_PDR 0.995 | M1_PDR 0.802 | H_m0 1.77 H_m1 2.81 | a-0.0289 c0.4189 ent0.0124 VRAM 23MB
Ep 2350 | M0_PDR 0.995 | M1_PDR 0.771 | H_m0 1.81 H_m1 2.78 | a-0.0269 c0.3584 ent0.0116 VRAM 23MB
Ep 2400 | M0_PDR 0.998 | M1_PDR 0.766 | H_m0 1.80 H_m1 2.78 | a-0.0248 c0.4254 ent0.0108 VRAM 23MB
Ep 2450 | M0_PDR 0.995 | M1_PDR 0.799 | H_m0 1.79 H_m1 2.78 | a-0.0229 c0.3594 ent0.0100 VRAM 23MB
Ep 2500 | M0_PDR 0.997 | M1_PDR 0.771 | H_m0 1.78 H_m1 2.79 | a-0.0209 c0.3190 ent0.0092 VRAM 23MB
Ep 2550 | M0_PDR 0.995 | M1_PDR 0.764 | H_m0 1.78 H_m1 2.79 | a-0.0192 c0.3503 ent0.0083 VRAM 23MB
Ep 2600 | M0_PDR 0.992 | M1_PDR 0.815 | H_m0 1.78 H_m1 2.77 | a-0.0173 c0.3537 ent0.0075 VRAM 23MB
Ep 2650 | M0_PDR 0.995 | M1_PDR 0.792 | H_m0 1.79 H_m1 2.76 | a-0.0153 c0.3538 ent0.0067 VRAM 23MB
Ep 2700 | M0_PDR 0.995 | M1_PDR 0.818 | H_m0 1.77 H_m1 2.75 | a-0.0134 c0.4000 ent0.0059 VRAM 23MB
Ep 2750 | M0_PDR 1.000 | M1_PDR 0.826 | H_m0 1.79 H_m1 2.75 | a-0.0115 c0.3186 ent0.0051 VRAM 23MB
Ep 2800 | M0_PDR 0.995 | M1_PDR 0.815 | H_m0 1.79 H_m1 2.74 | a-0.0097 c0.3311 ent0.0043 VRAM 23MB
Ep 2850 | M0_PDR 1.000 | M1_PDR 0.758 | H_m0 1.79 H_m1 2.75 | a-0.0078 c0.3350 ent0.0034 VRAM 23MB
Ep 2900 | M0_PDR 0.995 | M1_PDR 0.778 | H_m0 1.77 H_m1 2.73 | a-0.0059 c0.3307 ent0.0026 VRAM 23MB
Ep 2950 | M0_PDR 0.997 | M1_PDR 0.795 | H_m0 1.78 H_m1 2.72 | a-0.0041 c0.3310 ent0.0018 VRAM 23MB

Training complete. Running 100 eval episodes...

  Eval ep   0: M0_PDR=0.995  M1_PDR=0.761
  Eval ep  20: M0_PDR=0.995  M1_PDR=0.779
  Eval ep  40: M0_PDR=0.998  M1_PDR=0.742
  Eval ep  60: M0_PDR=0.995  M1_PDR=0.790
  Eval ep  80: M0_PDR=0.998  M1_PDR=0.775

=== Eval Summary (100 episodes) ===
  M0_PDR_mean         : 0.9964
  M0_PDR_p05 (across) : 0.9900
  M0_PDR_p05 (intra)  : 1.0000
  M1_PDR_mean         : 0.7893
  M0_SINR_mean (dB)   : 38.43
  M1_SINR_mean (dB)   : 23.72
  M0_collision_rate   : 0.005
  M0_collision_within_pool : 0.005
  M1_collision_within_pool : 0.331

Result saved -> results/_C_N4_3000ep_seed10.json
  N=4  rho=0.8  M0_PDR=0.996  M1_PDR=0.789
[NS3Bridge] Shutdown complete.
Run complete.
