[seed] all RNGs seeded with 6
GPU : NVIDIA GeForce RTX 3060
VRAM: 12.9 GB
Device          : cuda:0
Actor M0 params : 21,273
Actor M1 params : 21,273
Critic params   : 79,361
obs_dim=11  action_dim=25  gs_dim=49
M0 count: 2  M1 count: 2
Training for 3000 episodes (Config C_N4_3000ep_seed6, N=4)...

[NS3Bridge] Connected tcp://localhost:5946
Ep    0 | M0_PDR 0.668 | M1_PDR 0.770 | H_m0 3.21 H_m1 3.21 | a-0.1674 c53.2450 ent0.0500 VRAM 23MB
Ep   50 | M0_PDR 0.714 | M1_PDR 0.707 | H_m0 3.15 H_m1 3.20 | a-0.1582 c21.9154 ent0.0492 VRAM 23MB
Ep  100 | M0_PDR 0.658 | M1_PDR 0.706 | H_m0 3.05 H_m1 3.20 | a-0.1529 c8.1518 ent0.0484 VRAM 23MB
Ep  150 | M0_PDR 0.649 | M1_PDR 0.763 | H_m0 3.11 H_m1 3.19 | a-0.1507 c5.0455 ent0.0475 VRAM 23MB
Ep  200 | M0_PDR 0.709 | M1_PDR 0.745 | H_m0 3.13 H_m1 3.04 | a-0.1452 c3.6009 ent0.0467 VRAM 23MB
Ep  250 | M0_PDR 0.651 | M1_PDR 0.730 | H_m0 3.11 H_m1 3.18 | a-0.1461 c2.9417 ent0.0459 VRAM 23MB
Ep  300 | M0_PDR 0.694 | M1_PDR 0.814 | H_m0 3.07 H_m1 3.18 | a-0.1414 c1.8355 ent0.0451 VRAM 23MB
Ep  350 | M0_PDR 0.783 | M1_PDR 0.718 | H_m0 2.47 H_m1 3.19 | a-0.1281 c2.0740 ent0.0443 VRAM 23MB
Ep  400 | M0_PDR 0.879 | M1_PDR 0.795 | H_m0 1.79 H_m1 3.16 | a-0.1116 c1.4134 ent0.0435 VRAM 23MB
Ep  450 | M0_PDR 0.954 | M1_PDR 0.729 | H_m0 1.53 H_m1 3.18 | a-0.1015 c1.2774 ent0.0426 VRAM 23MB
Ep  500 | M0_PDR 0.942 | M1_PDR 0.732 | H_m0 1.82 H_m1 3.19 | a-0.1086 c1.4612 ent0.0418 VRAM 23MB
Ep  550 | M0_PDR 0.980 | M1_PDR 0.762 | H_m0 1.78 H_m1 3.20 | a-0.1041 c0.9540 ent0.0410 VRAM 23MB
Ep  600 | M0_PDR 0.997 | M1_PDR 0.764 | H_m0 1.57 H_m1 3.18 | a-0.0979 c0.4708 ent0.0402 VRAM 23MB
Ep  650 | M0_PDR 0.995 | M1_PDR 0.780 | H_m0 1.56 H_m1 3.09 | a-0.0942 c0.7549 ent0.0394 VRAM 23MB
Ep  700 | M0_PDR 0.987 | M1_PDR 0.753 | H_m0 1.62 H_m1 3.00 | a-0.0933 c2.8526 ent0.0386 VRAM 23MB
Ep  750 | M0_PDR 0.988 | M1_PDR 0.769 | H_m0 1.76 H_m1 3.09 | a-0.0926 c0.4748 ent0.0377 VRAM 23MB
Ep  800 | M0_PDR 0.997 | M1_PDR 0.744 | H_m0 1.76 H_m1 3.14 | a-0.0919 c0.5692 ent0.0369 VRAM 23MB
Ep  850 | M0_PDR 0.992 | M1_PDR 0.762 | H_m0 1.81 H_m1 3.07 | a-0.0893 c0.5857 ent0.0361 VRAM 23MB
Ep  900 | M0_PDR 1.000 | M1_PDR 0.763 | H_m0 1.88 H_m1 3.11 | a-0.0894 c0.5505 ent0.0353 VRAM 23MB
Ep  950 | M0_PDR 1.000 | M1_PDR 0.789 | H_m0 1.87 H_m1 3.05 | a-0.0859 c0.4361 ent0.0345 VRAM 23MB
Ep 1000 | M0_PDR 0.995 | M1_PDR 0.730 | H_m0 1.90 H_m1 2.89 | a-0.0820 c1.1426 ent0.0337 VRAM 23MB
Ep 1050 | M0_PDR 1.000 | M1_PDR 0.771 | H_m0 1.93 H_m1 3.06 | a-0.0824 c0.4316 ent0.0328 VRAM 23MB
Ep 1100 | M0_PDR 0.997 | M1_PDR 0.750 | H_m0 1.87 H_m1 2.96 | a-0.0774 c0.3922 ent0.0320 VRAM 23MB
Ep 1150 | M0_PDR 1.000 | M1_PDR 0.754 | H_m0 1.85 H_m1 2.91 | a-0.0757 c0.7856 ent0.0312 VRAM 23MB
Ep 1200 | M0_PDR 0.997 | M1_PDR 0.799 | H_m0 1.92 H_m1 2.91 | a-0.0750 c0.4078 ent0.0304 VRAM 23MB
Ep 1250 | M0_PDR 0.997 | M1_PDR 0.801 | H_m0 1.95 H_m1 2.98 | a-0.0737 c0.3622 ent0.0296 VRAM 23MB
Ep 1300 | M0_PDR 1.000 | M1_PDR 0.816 | H_m0 1.95 H_m1 2.95 | a-0.0709 c0.3775 ent0.0288 VRAM 23MB
Ep 1350 | M0_PDR 1.000 | M1_PDR 0.796 | H_m0 1.99 H_m1 2.97 | a-0.0700 c0.3460 ent0.0279 VRAM 23MB
Ep 1400 | M0_PDR 0.995 | M1_PDR 0.789 | H_m0 1.93 H_m1 2.94 | a-0.0668 c0.8296 ent0.0271 VRAM 23MB
Ep 1450 | M0_PDR 0.997 | M1_PDR 0.765 | H_m0 1.93 H_m1 2.98 | a-0.0654 c0.4146 ent0.0263 VRAM 23MB
Ep 1500 | M0_PDR 1.000 | M1_PDR 0.776 | H_m0 1.97 H_m1 3.00 | a-0.0642 c0.3052 ent0.0255 VRAM 23MB
Ep 1550 | M0_PDR 1.000 | M1_PDR 0.765 | H_m0 1.97 H_m1 3.00 | a-0.0622 c0.3807 ent0.0247 VRAM 23MB
Ep 1600 | M0_PDR 1.000 | M1_PDR 0.800 | H_m0 1.96 H_m1 3.02 | a-0.0608 c0.5106 ent0.0239 VRAM 23MB
Ep 1650 | M0_PDR 0.997 | M1_PDR 0.756 | H_m0 1.98 H_m1 2.94 | a-0.0573 c0.6603 ent0.0230 VRAM 23MB
Ep 1700 | M0_PDR 1.000 | M1_PDR 0.829 | H_m0 1.93 H_m1 2.84 | a-0.0536 c0.3122 ent0.0222 VRAM 23MB
Ep 1750 | M0_PDR 1.000 | M1_PDR 0.799 | H_m0 1.91 H_m1 2.92 | a-0.0529 c0.3464 ent0.0214 VRAM 23MB
Ep 1800 | M0_PDR 0.995 | M1_PDR 0.751 | H_m0 1.93 H_m1 2.82 | a-0.0493 c0.4635 ent0.0206 VRAM 23MB
Ep 1850 | M0_PDR 0.998 | M1_PDR 0.769 | H_m0 1.90 H_m1 2.84 | a-0.0475 c0.3436 ent0.0198 VRAM 23MB
Ep 1900 | M0_PDR 1.000 | M1_PDR 0.787 | H_m0 1.92 H_m1 2.80 | a-0.0452 c0.3227 ent0.0190 VRAM 23MB
Ep 1950 | M0_PDR 1.000 | M1_PDR 0.834 | H_m0 1.97 H_m1 2.81 | a-0.0441 c0.3483 ent0.0181 VRAM 23MB
Ep 2000 | M0_PDR 1.000 | M1_PDR 0.808 | H_m0 1.99 H_m1 2.74 | a-0.0414 c0.3381 ent0.0173 VRAM 23MB
Ep 2050 | M0_PDR 1.000 | M1_PDR 0.824 | H_m0 2.00 H_m1 2.71 | a-0.0395 c0.3295 ent0.0165 VRAM 23MB
Ep 2100 | M0_PDR 1.000 | M1_PDR 0.764 | H_m0 1.99 H_m1 2.77 | a-0.0375 c0.3160 ent0.0157 VRAM 23MB
Ep 2150 | M0_PDR 0.998 | M1_PDR 0.745 | H_m0 2.00 H_m1 2.82 | a-0.0362 c0.4151 ent0.0149 VRAM 23MB
Ep 2200 | M0_PDR 1.000 | M1_PDR 0.815 | H_m0 1.97 H_m1 2.75 | a-0.0336 c0.3390 ent0.0141 VRAM 23MB
Ep 2250 | M0_PDR 1.000 | M1_PDR 0.802 | H_m0 1.97 H_m1 2.71 | a-0.0313 c0.3481 ent0.0132 VRAM 23MB
Ep 2300 | M0_PDR 1.000 | M1_PDR 0.807 | H_m0 1.95 H_m1 2.72 | a-0.0291 c0.3214 ent0.0124 VRAM 23MB
Ep 2350 | M0_PDR 1.000 | M1_PDR 0.807 | H_m0 1.90 H_m1 2.67 | a-0.0269 c0.3456 ent0.0116 VRAM 23MB
Ep 2400 | M0_PDR 1.000 | M1_PDR 0.845 | H_m0 1.89 H_m1 2.71 | a-0.0251 c0.3001 ent0.0108 VRAM 23MB
Ep 2450 | M0_PDR 0.998 | M1_PDR 0.791 | H_m0 1.93 H_m1 2.72 | a-0.0234 c0.3348 ent0.0100 VRAM 23MB
Ep 2500 | M0_PDR 1.000 | M1_PDR 0.778 | H_m0 1.96 H_m1 2.72 | a-0.0216 c0.3499 ent0.0092 VRAM 23MB
Ep 2550 | M0_PDR 1.000 | M1_PDR 0.802 | H_m0 1.96 H_m1 2.68 | a-0.0195 c0.3244 ent0.0083 VRAM 23MB
Ep 2600 | M0_PDR 1.000 | M1_PDR 0.771 | H_m0 1.97 H_m1 2.71 | a-0.0177 c0.3250 ent0.0075 VRAM 23MB
Ep 2650 | M0_PDR 1.000 | M1_PDR 0.777 | H_m0 1.97 H_m1 2.72 | a-0.0158 c0.3283 ent0.0067 VRAM 23MB
Ep 2700 | M0_PDR 1.000 | M1_PDR 0.806 | H_m0 1.95 H_m1 2.71 | a-0.0138 c0.3008 ent0.0059 VRAM 23MB
Ep 2750 | M0_PDR 1.000 | M1_PDR 0.831 | H_m0 1.96 H_m1 2.68 | a-0.0118 c0.3192 ent0.0051 VRAM 23MB
Ep 2800 | M0_PDR 1.000 | M1_PDR 0.762 | H_m0 1.96 H_m1 2.69 | a-0.0099 c0.3339 ent0.0043 VRAM 23MB
Ep 2850 | M0_PDR 0.997 | M1_PDR 0.803 | H_m0 1.98 H_m1 2.66 | a-0.0080 c0.3452 ent0.0034 VRAM 23MB
Ep 2900 | M0_PDR 1.000 | M1_PDR 0.765 | H_m0 1.96 H_m1 2.66 | a-0.0061 c0.3340 ent0.0026 VRAM 23MB
Ep 2950 | M0_PDR 1.000 | M1_PDR 0.779 | H_m0 1.97 H_m1 2.64 | a-0.0042 c0.3137 ent0.0018 VRAM 23MB

Training complete. Running 100 eval episodes...

  Eval ep   0: M0_PDR=0.997  M1_PDR=0.799
  Eval ep  20: M0_PDR=0.997  M1_PDR=0.747
  Eval ep  40: M0_PDR=0.995  M1_PDR=0.776
  Eval ep  60: M0_PDR=1.000  M1_PDR=0.784
  Eval ep  80: M0_PDR=1.000  M1_PDR=0.783

=== Eval Summary (100 episodes) ===
  M0_PDR_mean         : 0.9991
  M0_PDR_p05 (across) : 0.9950
  M0_PDR_p05 (intra)  : 1.0000
  M1_PDR_mean         : 0.7892
  M0_SINR_mean (dB)   : 40.42
  M1_SINR_mean (dB)   : 23.93
  M0_collision_rate   : 0.001
  M0_collision_within_pool : 0.001
  M1_collision_within_pool : 0.334

Result saved -> results/_C_N4_3000ep_seed6.json
  N=4  rho=0.8  M0_PDR=0.999  M1_PDR=0.789
[NS3Bridge] Shutdown complete.
Run complete.
