[seed] all RNGs seeded with 3
GPU : NVIDIA GeForce RTX 3060
VRAM: 12.9 GB
Device          : cuda:0
Actor M0 params : 21,273
Actor M1 params : 21,273
Critic params   : 79,361
obs_dim=11  action_dim=25  gs_dim=49
M0 count: 2  M1 count: 2
Training for 3000 episodes (Config C_N4_3000ep_seed3, N=4)...

[NS3Bridge] Connected tcp://localhost:5916
Ep    0 | M0_PDR 0.657 | M1_PDR 0.741 | H_m0 3.22 H_m1 3.22 | a-0.1667 c50.5376 ent0.0500 VRAM 23MB
Ep   50 | M0_PDR 0.675 | M1_PDR 0.743 | H_m0 3.16 H_m1 3.19 | a-0.1577 c22.2418 ent0.0492 VRAM 23MB
Ep  100 | M0_PDR 0.650 | M1_PDR 0.744 | H_m0 3.15 H_m1 3.15 | a-0.1541 c9.6975 ent0.0484 VRAM 23MB
Ep  150 | M0_PDR 0.671 | M1_PDR 0.707 | H_m0 3.12 H_m1 3.20 | a-0.1509 c4.7963 ent0.0475 VRAM 23MB
Ep  200 | M0_PDR 0.739 | M1_PDR 0.727 | H_m0 3.01 H_m1 3.20 | a-0.1475 c2.8043 ent0.0467 VRAM 23MB
Ep  250 | M0_PDR 0.661 | M1_PDR 0.787 | H_m0 3.03 H_m1 3.18 | a-0.1441 c2.8241 ent0.0459 VRAM 23MB
Ep  300 | M0_PDR 0.736 | M1_PDR 0.792 | H_m0 2.88 H_m1 3.15 | a-0.1380 c2.6158 ent0.0451 VRAM 23MB
Ep  350 | M0_PDR 0.889 | M1_PDR 0.787 | H_m0 1.79 H_m1 3.21 | a-0.1128 c1.1738 ent0.0443 VRAM 23MB
Ep  400 | M0_PDR 0.955 | M1_PDR 0.770 | H_m0 1.77 H_m1 3.19 | a-0.1104 c1.3828 ent0.0435 VRAM 23MB
Ep  450 | M0_PDR 0.976 | M1_PDR 0.762 | H_m0 1.67 H_m1 3.14 | a-0.1034 c1.8864 ent0.0426 VRAM 23MB
Ep  500 | M0_PDR 0.996 | M1_PDR 0.776 | H_m0 1.75 H_m1 3.16 | a-0.1043 c0.5793 ent0.0418 VRAM 23MB
Ep  550 | M0_PDR 0.997 | M1_PDR 0.710 | H_m0 1.77 H_m1 3.16 | a-0.1026 c0.6794 ent0.0410 VRAM 23MB
Ep  600 | M0_PDR 0.991 | M1_PDR 0.774 | H_m0 1.85 H_m1 3.06 | a-0.0999 c0.7205 ent0.0402 VRAM 23MB
Ep  650 | M0_PDR 0.995 | M1_PDR 0.806 | H_m0 1.99 H_m1 3.06 | a-0.1005 c1.6343 ent0.0394 VRAM 23MB
Ep  700 | M0_PDR 0.991 | M1_PDR 0.754 | H_m0 2.10 H_m1 2.99 | a-0.0994 c0.6745 ent0.0386 VRAM 23MB
Ep  750 | M0_PDR 0.992 | M1_PDR 0.766 | H_m0 2.07 H_m1 3.06 | a-0.1026 c0.5044 ent0.0377 VRAM 23MB
Ep  800 | M0_PDR 1.000 | M1_PDR 0.749 | H_m0 2.11 H_m1 3.02 | a-0.0965 c1.5128 ent0.0369 VRAM 23MB
Ep  850 | M0_PDR 0.995 | M1_PDR 0.806 | H_m0 1.80 H_m1 2.98 | a-0.0889 c0.4963 ent0.0361 VRAM 23MB
Ep  900 | M0_PDR 0.990 | M1_PDR 0.806 | H_m0 1.97 H_m1 2.94 | a-0.0880 c0.4653 ent0.0353 VRAM 23MB
Ep  950 | M0_PDR 0.997 | M1_PDR 0.761 | H_m0 2.01 H_m1 2.88 | a-0.0851 c0.4100 ent0.0345 VRAM 23MB
Ep 1000 | M0_PDR 0.992 | M1_PDR 0.754 | H_m0 1.99 H_m1 3.02 | a-0.0863 c0.9121 ent0.0337 VRAM 23MB
Ep 1050 | M0_PDR 0.993 | M1_PDR 0.802 | H_m0 2.09 H_m1 3.03 | a-0.0847 c0.6186 ent0.0328 VRAM 23MB
Ep 1100 | M0_PDR 0.992 | M1_PDR 0.768 | H_m0 2.09 H_m1 3.00 | a-0.0824 c0.4305 ent0.0320 VRAM 23MB
Ep 1150 | M0_PDR 0.995 | M1_PDR 0.766 | H_m0 2.06 H_m1 3.00 | a-0.0808 c0.3873 ent0.0312 VRAM 23MB
Ep 1200 | M0_PDR 0.992 | M1_PDR 0.800 | H_m0 2.06 H_m1 2.99 | a-0.0771 c0.4064 ent0.0304 VRAM 23MB
Ep 1250 | M0_PDR 0.988 | M1_PDR 0.744 | H_m0 2.09 H_m1 2.98 | a-0.0757 c0.5800 ent0.0296 VRAM 23MB
Ep 1300 | M0_PDR 0.993 | M1_PDR 0.805 | H_m0 2.09 H_m1 2.94 | a-0.0728 c0.4148 ent0.0288 VRAM 23MB
Ep 1350 | M0_PDR 0.992 | M1_PDR 0.835 | H_m0 2.03 H_m1 2.99 | a-0.0712 c0.4586 ent0.0279 VRAM 23MB
Ep 1400 | M0_PDR 0.992 | M1_PDR 0.796 | H_m0 2.05 H_m1 3.00 | a-0.0700 c0.3699 ent0.0271 VRAM 23MB
Ep 1450 | M0_PDR 0.988 | M1_PDR 0.800 | H_m0 2.05 H_m1 3.00 | a-0.0674 c0.8909 ent0.0263 VRAM 23MB
Ep 1500 | M0_PDR 0.993 | M1_PDR 0.758 | H_m0 2.02 H_m1 2.95 | a-0.0653 c0.8468 ent0.0255 VRAM 23MB
Ep 1550 | M0_PDR 0.995 | M1_PDR 0.767 | H_m0 2.07 H_m1 2.89 | a-0.0618 c0.3725 ent0.0247 VRAM 23MB
Ep 1600 | M0_PDR 0.990 | M1_PDR 0.754 | H_m0 2.11 H_m1 2.85 | a-0.0601 c0.4268 ent0.0239 VRAM 23MB
Ep 1650 | M0_PDR 1.000 | M1_PDR 0.799 | H_m0 2.07 H_m1 2.85 | a-0.0574 c0.3750 ent0.0230 VRAM 23MB
Ep 1700 | M0_PDR 0.998 | M1_PDR 0.786 | H_m0 2.05 H_m1 2.82 | a-0.0548 c0.3780 ent0.0222 VRAM 23MB
Ep 1750 | M0_PDR 0.995 | M1_PDR 0.780 | H_m0 2.04 H_m1 2.82 | a-0.0526 c0.4244 ent0.0214 VRAM 23MB
Ep 1800 | M0_PDR 0.993 | M1_PDR 0.803 | H_m0 2.09 H_m1 2.80 | a-0.0510 c0.3521 ent0.0206 VRAM 23MB
Ep 1850 | M0_PDR 0.997 | M1_PDR 0.766 | H_m0 2.06 H_m1 2.67 | a-0.0470 c0.5095 ent0.0198 VRAM 23MB
Ep 1900 | M0_PDR 0.995 | M1_PDR 0.789 | H_m0 2.10 H_m1 2.70 | a-0.0464 c0.3764 ent0.0190 VRAM 23MB
Ep 1950 | M0_PDR 1.000 | M1_PDR 0.807 | H_m0 2.09 H_m1 2.72 | a-0.0445 c0.3881 ent0.0181 VRAM 23MB
Ep 2000 | M0_PDR 1.000 | M1_PDR 0.780 | H_m0 2.14 H_m1 2.71 | a-0.0428 c0.4179 ent0.0173 VRAM 23MB
Ep 2050 | M0_PDR 0.992 | M1_PDR 0.783 | H_m0 2.11 H_m1 2.78 | a-0.0412 c0.4136 ent0.0165 VRAM 23MB
Ep 2100 | M0_PDR 0.998 | M1_PDR 0.784 | H_m0 2.08 H_m1 2.80 | a-0.0389 c0.3494 ent0.0157 VRAM 23MB
Ep 2150 | M0_PDR 0.997 | M1_PDR 0.758 | H_m0 2.08 H_m1 2.83 | a-0.0369 c0.3452 ent0.0149 VRAM 23MB
Ep 2200 | M0_PDR 0.990 | M1_PDR 0.757 | H_m0 2.09 H_m1 2.85 | a-0.0351 c0.3816 ent0.0141 VRAM 23MB
Error: tcpip::Socket::accept() Unable to create listening socket: Address already in use
Quitting (on error).
Ep 2250 | M0_PDR 0.990 | M1_PDR 0.804 | H_m0 2.10 H_m1 2.81 | a-0.0330 c0.4586 ent0.0132 VRAM 23MB
Ep 2300 | M0_PDR 0.995 | M1_PDR 0.817 | H_m0 2.11 H_m1 2.80 | a-0.0308 c0.3172 ent0.0124 VRAM 23MB
Ep 2350 | M0_PDR 0.995 | M1_PDR 0.756 | H_m0 2.11 H_m1 2.81 | a-0.0287 c0.3904 ent0.0116 VRAM 23MB
Ep 2400 | M0_PDR 0.997 | M1_PDR 0.778 | H_m0 2.10 H_m1 2.77 | a-0.0266 c0.3694 ent0.0108 VRAM 23MB
Ep 2450 | M0_PDR 1.000 | M1_PDR 0.775 | H_m0 2.09 H_m1 2.77 | a-0.0244 c0.3110 ent0.0100 VRAM 23MB
Ep 2500 | M0_PDR 0.997 | M1_PDR 0.807 | H_m0 2.09 H_m1 2.74 | a-0.0222 c0.3376 ent0.0092 VRAM 23MB
Ep 2550 | M0_PDR 0.995 | M1_PDR 0.800 | H_m0 2.08 H_m1 2.73 | a-0.0204 c0.3650 ent0.0083 VRAM 23MB
Ep 2600 | M0_PDR 1.000 | M1_PDR 0.785 | H_m0 2.07 H_m1 2.72 | a-0.0184 c0.3243 ent0.0075 VRAM 23MB
Ep 2650 | M0_PDR 1.000 | M1_PDR 0.794 | H_m0 2.07 H_m1 2.70 | a-0.0161 c0.3433 ent0.0067 VRAM 23MB
Ep 2700 | M0_PDR 1.000 | M1_PDR 0.823 | H_m0 2.08 H_m1 2.67 | a-0.0141 c0.3108 ent0.0059 VRAM 23MB
Ep 2750 | M0_PDR 0.992 | M1_PDR 0.807 | H_m0 2.08 H_m1 2.65 | a-0.0121 c0.4164 ent0.0051 VRAM 23MB
Ep 2800 | M0_PDR 1.000 | M1_PDR 0.806 | H_m0 2.06 H_m1 2.64 | a-0.0100 c0.3456 ent0.0043 VRAM 23MB
Ep 2850 | M0_PDR 0.992 | M1_PDR 0.831 | H_m0 2.05 H_m1 2.60 | a-0.0081 c0.3633 ent0.0034 VRAM 23MB
Ep 2900 | M0_PDR 0.997 | M1_PDR 0.818 | H_m0 2.05 H_m1 2.59 | a-0.0061 c0.3252 ent0.0026 VRAM 23MB
Ep 2950 | M0_PDR 1.000 | M1_PDR 0.768 | H_m0 2.04 H_m1 2.60 | a-0.0042 c0.3420 ent0.0018 VRAM 23MB

Training complete. Running 100 eval episodes...

  Eval ep   0: M0_PDR=0.997  M1_PDR=0.777
  Eval ep  20: M0_PDR=0.998  M1_PDR=0.801
  Eval ep  40: M0_PDR=0.997  M1_PDR=0.793
  Eval ep  60: M0_PDR=1.000  M1_PDR=0.783
  Eval ep  80: M0_PDR=1.000  M1_PDR=0.718

=== Eval Summary (100 episodes) ===
  M0_PDR_mean         : 0.9979
  M0_PDR_p05 (across) : 0.9949
  M0_PDR_p05 (intra)  : 1.0000
  M1_PDR_mean         : 0.7892
  M0_SINR_mean (dB)   : 39.96
  M1_SINR_mean (dB)   : 23.90
  M0_collision_rate   : 0.003
  M0_collision_within_pool : 0.003
  M1_collision_within_pool : 0.336

Result saved -> results/_C_N4_3000ep_seed3.json
  N=4  rho=0.8  M0_PDR=0.998  M1_PDR=0.789
[NS3Bridge] Shutdown complete.
Run complete.
