[seed] all RNGs seeded with 1
GPU : NVIDIA GeForce RTX 3060
VRAM: 12.9 GB
Device          : cuda:0
Actor M0 params : 21,273
Actor M1 params : 21,273
Critic params   : 79,361
obs_dim=11  action_dim=25  gs_dim=49
M0 count: 2  M1 count: 2
Training for 5000 episodes (Config C_N4_seed1, N=4)...

[NS3Bridge] Connected tcp://localhost:5866
Ep    0 | M0_PDR 0.648 | M1_PDR 0.788 | H_m0 3.21 H_m1 3.22 | a-0.1685 c51.2087 ent0.0500 VRAM 23MB
Ep   50 | M0_PDR 0.674 | M1_PDR 0.759 | H_m0 3.17 H_m1 3.17 | a-0.1583 c21.1674 ent0.0495 VRAM 23MB
Ep  100 | M0_PDR 0.624 | M1_PDR 0.779 | H_m0 3.16 H_m1 3.20 | a-0.1566 c8.0537 ent0.0490 VRAM 23MB
Ep  150 | M0_PDR 0.657 | M1_PDR 0.797 | H_m0 3.16 H_m1 3.17 | a-0.1547 c5.3830 ent0.0485 VRAM 23MB
Ep  200 | M0_PDR 0.655 | M1_PDR 0.713 | H_m0 3.17 H_m1 3.21 | a-0.1543 c4.0471 ent0.0480 VRAM 23MB
Ep  250 | M0_PDR 0.663 | M1_PDR 0.761 | H_m0 3.07 H_m1 3.21 | a-0.1501 c2.8001 ent0.0475 VRAM 23MB
Ep  300 | M0_PDR 0.722 | M1_PDR 0.721 | H_m0 2.98 H_m1 3.21 | a-0.1468 c2.7304 ent0.0471 VRAM 23MB
Ep  350 | M0_PDR 0.721 | M1_PDR 0.785 | H_m0 2.79 H_m1 3.20 | a-0.1411 c2.1108 ent0.0466 VRAM 23MB
Ep  400 | M0_PDR 0.873 | M1_PDR 0.723 | H_m0 2.16 H_m1 3.17 | a-0.1255 c1.4965 ent0.0461 VRAM 23MB
Ep  450 | M0_PDR 0.920 | M1_PDR 0.762 | H_m0 2.05 H_m1 3.11 | a-0.1183 c1.3175 ent0.0456 VRAM 23MB
Ep  500 | M0_PDR 0.962 | M1_PDR 0.744 | H_m0 1.80 H_m1 3.13 | a-0.1140 c1.1953 ent0.0451 VRAM 23MB
Ep  550 | M0_PDR 0.980 | M1_PDR 0.739 | H_m0 1.81 H_m1 3.16 | a-0.1122 c0.6641 ent0.0446 VRAM 23MB
Ep  600 | M0_PDR 0.979 | M1_PDR 0.773 | H_m0 1.79 H_m1 3.16 | a-0.1111 c0.5903 ent0.0441 VRAM 23MB
Ep  650 | M0_PDR 0.982 | M1_PDR 0.739 | H_m0 1.82 H_m1 3.14 | a-0.1093 c0.5548 ent0.0436 VRAM 23MB
Ep  700 | M0_PDR 0.986 | M1_PDR 0.798 | H_m0 1.86 H_m1 3.04 | a-0.1076 c0.5903 ent0.0431 VRAM 23MB
Ep  750 | M0_PDR 0.986 | M1_PDR 0.802 | H_m0 1.74 H_m1 3.07 | a-0.1043 c0.7963 ent0.0426 VRAM 23MB
Ep  800 | M0_PDR 0.980 | M1_PDR 0.754 | H_m0 1.86 H_m1 3.08 | a-0.1043 c0.4964 ent0.0422 VRAM 23MB
Ep  850 | M0_PDR 0.997 | M1_PDR 0.782 | H_m0 1.98 H_m1 3.13 | a-0.1074 c0.4356 ent0.0417 VRAM 23MB
Ep  900 | M0_PDR 0.982 | M1_PDR 0.804 | H_m0 2.01 H_m1 3.10 | a-0.1061 c0.5810 ent0.0412 VRAM 23MB
Ep  950 | M0_PDR 0.995 | M1_PDR 0.780 | H_m0 2.00 H_m1 3.08 | a-0.1041 c1.2953 ent0.0407 VRAM 23MB
Ep 1000 | M0_PDR 0.990 | M1_PDR 0.802 | H_m0 2.03 H_m1 3.11 | a-0.1048 c0.4133 ent0.0402 VRAM 23MB
Ep 1050 | M0_PDR 0.995 | M1_PDR 0.783 | H_m0 2.08 H_m1 3.13 | a-0.1038 c0.4772 ent0.0397 VRAM 23MB
Ep 1100 | M0_PDR 0.997 | M1_PDR 0.772 | H_m0 2.09 H_m1 3.09 | a-0.1026 c0.5457 ent0.0392 VRAM 23MB
Ep 1150 | M0_PDR 0.990 | M1_PDR 0.757 | H_m0 2.09 H_m1 3.10 | a-0.1023 c0.5071 ent0.0387 VRAM 23MB
Ep 1200 | M0_PDR 0.993 | M1_PDR 0.734 | H_m0 2.08 H_m1 3.11 | a-0.1007 c0.5908 ent0.0382 VRAM 23MB
Ep 1250 | M0_PDR 0.990 | M1_PDR 0.793 | H_m0 2.16 H_m1 3.10 | a-0.1015 c0.5534 ent0.0377 VRAM 23MB
Ep 1300 | M0_PDR 0.990 | M1_PDR 0.762 | H_m0 2.15 H_m1 3.09 | a-0.0982 c0.4432 ent0.0373 VRAM 23MB
Ep 1350 | M0_PDR 0.992 | M1_PDR 0.755 | H_m0 2.14 H_m1 3.03 | a-0.0964 c0.4897 ent0.0368 VRAM 23MB
Ep 1400 | M0_PDR 0.988 | M1_PDR 0.782 | H_m0 2.17 H_m1 3.06 | a-0.0971 c0.6368 ent0.0363 VRAM 23MB
Ep 1450 | M0_PDR 0.995 | M1_PDR 0.778 | H_m0 2.12 H_m1 3.00 | a-0.0931 c0.4491 ent0.0358 VRAM 23MB
Ep 1500 | M0_PDR 0.988 | M1_PDR 0.784 | H_m0 2.16 H_m1 3.01 | a-0.0920 c1.0992 ent0.0353 VRAM 23MB
Ep 1550 | M0_PDR 0.986 | M1_PDR 0.777 | H_m0 2.18 H_m1 2.93 | a-0.0910 c0.5482 ent0.0348 VRAM 23MB
Ep 1600 | M0_PDR 0.990 | M1_PDR 0.766 | H_m0 2.13 H_m1 3.05 | a-0.0901 c0.4536 ent0.0343 VRAM 23MB
Ep 1650 | M0_PDR 0.992 | M1_PDR 0.804 | H_m0 2.15 H_m1 3.04 | a-0.0895 c0.4477 ent0.0338 VRAM 23MB
Ep 1700 | M0_PDR 0.983 | M1_PDR 0.755 | H_m0 2.17 H_m1 3.04 | a-0.0879 c0.5694 ent0.0333 VRAM 23MB
Ep 1750 | M0_PDR 0.982 | M1_PDR 0.787 | H_m0 2.16 H_m1 3.05 | a-0.0860 c0.9213 ent0.0328 VRAM 23MB
Ep 1800 | M0_PDR 0.985 | M1_PDR 0.754 | H_m0 2.12 H_m1 3.08 | a-0.0862 c0.4718 ent0.0324 VRAM 23MB
Ep 1850 | M0_PDR 0.990 | M1_PDR 0.754 | H_m0 2.04 H_m1 3.00 | a-0.0812 c0.5534 ent0.0319 VRAM 23MB
Ep 1900 | M0_PDR 0.980 | M1_PDR 0.747 | H_m0 2.15 H_m1 3.03 | a-0.0822 c0.4707 ent0.0314 VRAM 23MB
Ep 1950 | M0_PDR 0.998 | M1_PDR 0.810 | H_m0 2.13 H_m1 3.04 | a-0.0811 c0.4353 ent0.0309 VRAM 23MB
Ep 2000 | M0_PDR 0.990 | M1_PDR 0.769 | H_m0 2.19 H_m1 3.06 | a-0.0802 c0.4458 ent0.0304 VRAM 23MB
Ep 2050 | M0_PDR 0.995 | M1_PDR 0.794 | H_m0 2.16 H_m1 3.04 | a-0.0787 c1.0577 ent0.0299 VRAM 23MB
Ep 2100 | M0_PDR 0.985 | M1_PDR 0.795 | H_m0 2.02 H_m1 3.02 | a-0.0756 c0.4317 ent0.0294 VRAM 23MB
Ep 2150 | M0_PDR 0.981 | M1_PDR 0.792 | H_m0 2.11 H_m1 2.91 | a-0.0736 c0.6968 ent0.0289 VRAM 23MB
Ep 2200 | M0_PDR 0.987 | M1_PDR 0.813 | H_m0 2.16 H_m1 2.98 | a-0.0736 c0.4697 ent0.0284 VRAM 23MB
Ep 2250 | M0_PDR 0.983 | M1_PDR 0.812 | H_m0 2.14 H_m1 2.85 | a-0.0707 c0.3973 ent0.0279 VRAM 23MB
Ep 2300 | M0_PDR 0.995 | M1_PDR 0.817 | H_m0 2.18 H_m1 2.90 | a-0.0711 c0.5055 ent0.0275 VRAM 23MB
Ep 2350 | M0_PDR 0.985 | M1_PDR 0.761 | H_m0 2.12 H_m1 2.99 | a-0.0697 c0.6884 ent0.0270 VRAM 23MB
Ep 2400 | M0_PDR 0.992 | M1_PDR 0.774 | H_m0 2.20 H_m1 2.99 | a-0.0695 c0.6559 ent0.0265 VRAM 23MB
Ep 2450 | M0_PDR 0.983 | M1_PDR 0.815 | H_m0 2.25 H_m1 2.95 | a-0.0682 c0.4416 ent0.0260 VRAM 23MB
Ep 2500 | M0_PDR 0.999 | M1_PDR 0.827 | H_m0 2.21 H_m1 2.90 | a-0.0658 c0.4446 ent0.0255 VRAM 23MB
Ep 2550 | M0_PDR 0.996 | M1_PDR 0.746 | H_m0 2.25 H_m1 2.90 | a-0.0653 c0.3974 ent0.0250 VRAM 23MB
Ep 2600 | M0_PDR 0.992 | M1_PDR 0.766 | H_m0 2.22 H_m1 2.91 | a-0.0634 c0.4673 ent0.0245 VRAM 23MB
Ep 2650 | M0_PDR 0.990 | M1_PDR 0.770 | H_m0 2.25 H_m1 2.96 | a-0.0629 c0.3618 ent0.0240 VRAM 23MB
Ep 2700 | M0_PDR 0.985 | M1_PDR 0.780 | H_m0 2.23 H_m1 2.82 | a-0.0605 c0.5569 ent0.0235 VRAM 23MB
Ep 2750 | M0_PDR 0.993 | M1_PDR 0.789 | H_m0 2.25 H_m1 2.89 | a-0.0600 c0.3712 ent0.0230 VRAM 23MB
Ep 2800 | M0_PDR 0.983 | M1_PDR 0.814 | H_m0 2.22 H_m1 2.85 | a-0.0580 c0.5017 ent0.0226 VRAM 23MB
Ep 2850 | M0_PDR 0.995 | M1_PDR 0.776 | H_m0 2.19 H_m1 2.85 | a-0.0563 c0.3866 ent0.0221 VRAM 23MB
Ep 2900 | M0_PDR 0.985 | M1_PDR 0.754 | H_m0 2.20 H_m1 2.89 | a-0.0559 c0.5395 ent0.0216 VRAM 23MB
Ep 2950 | M0_PDR 0.986 | M1_PDR 0.786 | H_m0 2.21 H_m1 2.86 | a-0.0541 c0.4899 ent0.0211 VRAM 23MB
Ep 3000 | M0_PDR 1.000 | M1_PDR 0.807 | H_m0 2.19 H_m1 2.85 | a-0.0525 c0.3375 ent0.0206 VRAM 23MB
Ep 3050 | M0_PDR 0.992 | M1_PDR 0.802 | H_m0 2.19 H_m1 2.81 | a-0.0508 c0.4564 ent0.0201 VRAM 23MB
Ep 3100 | M0_PDR 0.992 | M1_PDR 0.785 | H_m0 2.15 H_m1 2.91 | a-0.0505 c0.4157 ent0.0196 VRAM 23MB
Ep 3150 | M0_PDR 1.000 | M1_PDR 0.762 | H_m0 2.17 H_m1 2.91 | a-0.0489 c0.3366 ent0.0191 VRAM 23MB
Ep 3200 | M0_PDR 0.997 | M1_PDR 0.821 | H_m0 2.16 H_m1 2.87 | a-0.0473 c0.3190 ent0.0186 VRAM 23MB
Ep 3250 | M0_PDR 0.997 | M1_PDR 0.781 | H_m0 2.22 H_m1 2.88 | a-0.0468 c0.3363 ent0.0181 VRAM 23MB
Ep 3300 | M0_PDR 0.992 | M1_PDR 0.811 | H_m0 2.21 H_m1 2.83 | a-0.0448 c0.3366 ent0.0177 VRAM 23MB
Ep 3350 | M0_PDR 0.990 | M1_PDR 0.801 | H_m0 2.18 H_m1 2.82 | a-0.0434 c0.4405 ent0.0172 VRAM 23MB
Ep 3400 | M0_PDR 0.998 | M1_PDR 0.788 | H_m0 2.18 H_m1 2.81 | a-0.0419 c0.4124 ent0.0167 VRAM 23MB
Ep 3450 | M0_PDR 0.988 | M1_PDR 0.824 | H_m0 2.18 H_m1 2.76 | a-0.0404 c0.4411 ent0.0162 VRAM 23MB
Ep 3500 | M0_PDR 0.990 | M1_PDR 0.826 | H_m0 2.19 H_m1 2.75 | a-0.0390 c0.3838 ent0.0157 VRAM 23MB
Ep 3550 | M0_PDR 0.992 | M1_PDR 0.769 | H_m0 2.19 H_m1 2.74 | a-0.0379 c0.3595 ent0.0152 VRAM 23MB
Ep 3600 | M0_PDR 1.000 | M1_PDR 0.786 | H_m0 2.17 H_m1 2.67 | a-0.0359 c0.3303 ent0.0147 VRAM 23MB
Ep 3650 | M0_PDR 0.997 | M1_PDR 0.790 | H_m0 2.17 H_m1 2.66 | a-0.0347 c0.3541 ent0.0142 VRAM 23MB
Ep 3700 | M0_PDR 1.000 | M1_PDR 0.793 | H_m0 2.18 H_m1 2.58 | a-0.0329 c0.2988 ent0.0137 VRAM 23MB
Ep 3750 | M0_PDR 1.000 | M1_PDR 0.813 | H_m0 2.16 H_m1 2.61 | a-0.0320 c0.3271 ent0.0132 VRAM 23MB
Ep 3800 | M0_PDR 0.991 | M1_PDR 0.773 | H_m0 2.16 H_m1 2.67 | a-0.0312 c0.3998 ent0.0128 VRAM 23MB
Ep 3850 | M0_PDR 0.997 | M1_PDR 0.779 | H_m0 2.18 H_m1 2.66 | a-0.0299 c0.3239 ent0.0123 VRAM 23MB
Ep 3900 | M0_PDR 1.000 | M1_PDR 0.769 | H_m0 2.19 H_m1 2.63 | a-0.0286 c0.3334 ent0.0118 VRAM 23MB
Ep 3950 | M0_PDR 0.992 | M1_PDR 0.790 | H_m0 2.19 H_m1 2.61 | a-0.0273 c0.3792 ent0.0113 VRAM 23MB
Ep 4000 | M0_PDR 1.000 | M1_PDR 0.758 | H_m0 2.19 H_m1 2.59 | a-0.0259 c0.3627 ent0.0108 VRAM 23MB
Ep 4050 | M0_PDR 0.995 | M1_PDR 0.737 | H_m0 2.18 H_m1 2.61 | a-0.0249 c0.3802 ent0.0103 VRAM 23MB
Ep 4100 | M0_PDR 1.000 | M1_PDR 0.806 | H_m0 2.17 H_m1 2.54 | a-0.0233 c0.3102 ent0.0098 VRAM 23MB
Ep 4150 | M0_PDR 1.000 | M1_PDR 0.822 | H_m0 2.17 H_m1 2.56 | a-0.0224 c0.3031 ent0.0093 VRAM 23MB
Ep 4200 | M0_PDR 1.000 | M1_PDR 0.780 | H_m0 2.17 H_m1 2.58 | a-0.0210 c0.3229 ent0.0088 VRAM 23MB
Ep 4250 | M0_PDR 0.993 | M1_PDR 0.818 | H_m0 2.18 H_m1 2.56 | a-0.0199 c0.4211 ent0.0083 VRAM 23MB
Ep 4300 | M0_PDR 0.995 | M1_PDR 0.798 | H_m0 2.16 H_m1 2.54 | a-0.0186 c0.3557 ent0.0079 VRAM 23MB
Ep 4350 | M0_PDR 0.995 | M1_PDR 0.791 | H_m0 2.17 H_m1 2.55 | a-0.0175 c0.3259 ent0.0074 VRAM 23MB
Ep 4400 | M0_PDR 0.997 | M1_PDR 0.805 | H_m0 2.16 H_m1 2.55 | a-0.0163 c0.3530 ent0.0069 VRAM 23MB
Ep 4450 | M0_PDR 1.000 | M1_PDR 0.806 | H_m0 2.16 H_m1 2.54 | a-0.0151 c0.3152 ent0.0064 VRAM 23MB
Ep 4500 | M0_PDR 0.997 | M1_PDR 0.781 | H_m0 2.16 H_m1 2.52 | a-0.0139 c0.3299 ent0.0059 VRAM 23MB
Ep 4550 | M0_PDR 0.995 | M1_PDR 0.763 | H_m0 2.15 H_m1 2.53 | a-0.0127 c0.3611 ent0.0054 VRAM 23MB
Ep 4600 | M0_PDR 0.999 | M1_PDR 0.796 | H_m0 2.14 H_m1 2.52 | a-0.0115 c0.3260 ent0.0049 VRAM 23MB
Ep 4650 | M0_PDR 1.000 | M1_PDR 0.837 | H_m0 2.14 H_m1 2.49 | a-0.0103 c0.3159 ent0.0044 VRAM 23MB
Ep 4700 | M0_PDR 1.000 | M1_PDR 0.757 | H_m0 2.14 H_m1 2.51 | a-0.0092 c0.3254 ent0.0039 VRAM 23MB
Ep 4750 | M0_PDR 0.997 | M1_PDR 0.754 | H_m0 2.13 H_m1 2.52 | a-0.0081 c0.3267 ent0.0034 VRAM 23MB
Ep 4800 | M0_PDR 0.998 | M1_PDR 0.798 | H_m0 2.13 H_m1 2.48 | a-0.0069 c0.3161 ent0.0030 VRAM 23MB
Ep 4850 | M0_PDR 1.000 | M1_PDR 0.784 | H_m0 2.13 H_m1 2.49 | a-0.0058 c0.3381 ent0.0025 VRAM 23MB
Ep 4900 | M0_PDR 0.997 | M1_PDR 0.783 | H_m0 2.13 H_m1 2.48 | a-0.0046 c0.3073 ent0.0020 VRAM 23MB
Ep 4950 | M0_PDR 1.000 | M1_PDR 0.790 | H_m0 2.13 H_m1 2.47 | a-0.0035 c0.3016 ent0.0015 VRAM 23MB

Training complete. Running 100 eval episodes...

  Eval ep   0: M0_PDR=1.000  M1_PDR=0.800
  Eval ep  20: M0_PDR=1.000  M1_PDR=0.762
  Eval ep  40: M0_PDR=1.000  M1_PDR=0.796
  Eval ep  60: M0_PDR=1.000  M1_PDR=0.774
  Eval ep  80: M0_PDR=1.000  M1_PDR=0.815

=== Eval Summary (100 episodes) ===
  M0_PDR_mean         : 0.9990
  M0_PDR_p05 (across) : 0.9950
  M0_PDR_p05 (intra)  : 1.0000
  M1_PDR_mean         : 0.7882
  M0_SINR_mean (dB)   : 40.52
  M1_SINR_mean (dB)   : 24.59
  M0_collision_rate   : 0.001
  M0_collision_within_pool : 0.001
  M1_collision_within_pool : 0.336

Result saved -> results/_C_N4_seed1.json
  N=4  rho=0.8  M0_PDR=0.999  M1_PDR=0.788
[NS3Bridge] Shutdown complete.
Run complete.
