[seed] all RNGs seeded with 1
GPU : NVIDIA GeForce RTX 3060
VRAM: 12.9 GB
Device          : cuda:0
Actor M0 params : 21,273
Actor M1 params : 21,273
Critic params   : 79,361
obs_dim=11  action_dim=25  gs_dim=49
M0 count: 2  M1 count: 2
Training for 5000 episodes (Config C_N4_delta10_seed1, N=4)...

[NS3Bridge] Connected tcp://localhost:5986
Ep    0 | M0_PDR 0.625 | M1_PDR 0.789 | H_m0 3.21 H_m1 3.22 | a-0.1681 c98.3568 ent0.0500 VRAM 23MB
Ep   50 | M0_PDR 0.673 | M1_PDR 0.754 | H_m0 3.18 H_m1 3.17 | a-0.1589 c42.5093 ent0.0495 VRAM 23MB
Ep  100 | M0_PDR 0.636 | M1_PDR 0.754 | H_m0 3.17 H_m1 3.18 | a-0.1570 c17.6967 ent0.0490 VRAM 23MB
Ep  150 | M0_PDR 0.663 | M1_PDR 0.807 | H_m0 3.19 H_m1 3.13 | a-0.1545 c8.4293 ent0.0485 VRAM 23MB
Ep  200 | M0_PDR 0.659 | M1_PDR 0.764 | H_m0 3.18 H_m1 3.17 | a-0.1538 c4.3056 ent0.0480 VRAM 23MB
Ep  250 | M0_PDR 0.666 | M1_PDR 0.758 | H_m0 3.09 H_m1 3.03 | a-0.1470 c4.7222 ent0.0475 VRAM 23MB
Ep  300 | M0_PDR 0.751 | M1_PDR 0.726 | H_m0 3.04 H_m1 3.03 | a-0.1443 c4.7096 ent0.0471 VRAM 23MB
Ep  350 | M0_PDR 0.718 | M1_PDR 0.790 | H_m0 3.01 H_m1 3.01 | a-0.1418 c2.9177 ent0.0466 VRAM 23MB
Ep  400 | M0_PDR 0.767 | M1_PDR 0.785 | H_m0 2.87 H_m1 3.03 | a-0.1384 c2.3534 ent0.0461 VRAM 23MB
Ep  450 | M0_PDR 0.839 | M1_PDR 0.768 | H_m0 2.55 H_m1 2.99 | a-0.1280 c2.4770 ent0.0456 VRAM 23MB
Ep  500 | M0_PDR 0.903 | M1_PDR 0.777 | H_m0 2.12 H_m1 3.02 | a-0.1181 c3.0946 ent0.0451 VRAM 23MB
Ep  550 | M0_PDR 0.926 | M1_PDR 0.764 | H_m0 2.10 H_m1 2.89 | a-0.1131 c2.4614 ent0.0446 VRAM 23MB
Ep  600 | M0_PDR 0.975 | M1_PDR 0.766 | H_m0 1.96 H_m1 2.93 | a-0.1094 c0.7082 ent0.0441 VRAM 23MB
Ep  650 | M0_PDR 0.985 | M1_PDR 0.784 | H_m0 2.12 H_m1 2.89 | a-0.1099 c2.5115 ent0.0436 VRAM 23MB
Ep  700 | M0_PDR 0.977 | M1_PDR 0.817 | H_m0 2.17 H_m1 2.90 | a-0.1133 c0.8428 ent0.0431 VRAM 23MB
Ep  750 | M0_PDR 0.988 | M1_PDR 0.798 | H_m0 2.14 H_m1 2.88 | a-0.1088 c0.9722 ent0.0426 VRAM 23MB
Ep  800 | M0_PDR 0.972 | M1_PDR 0.727 | H_m0 2.13 H_m1 2.94 | a-0.1078 c1.4320 ent0.0422 VRAM 23MB
Ep  850 | M0_PDR 0.992 | M1_PDR 0.758 | H_m0 2.16 H_m1 2.76 | a-0.1042 c1.1246 ent0.0417 VRAM 23MB
Ep  900 | M0_PDR 0.981 | M1_PDR 0.773 | H_m0 2.21 H_m1 2.81 | a-0.1055 c1.3277 ent0.0412 VRAM 23MB
Ep  950 | M0_PDR 0.990 | M1_PDR 0.771 | H_m0 2.21 H_m1 2.61 | a-0.0987 c1.2375 ent0.0407 VRAM 23MB
Ep 1000 | M0_PDR 0.997 | M1_PDR 0.745 | H_m0 2.13 H_m1 2.80 | a-0.1007 c1.3303 ent0.0402 VRAM 23MB
Ep 1050 | M0_PDR 0.997 | M1_PDR 0.818 | H_m0 2.12 H_m1 2.79 | a-0.0992 c1.1197 ent0.0397 VRAM 23MB
Ep 1100 | M0_PDR 0.992 | M1_PDR 0.764 | H_m0 2.19 H_m1 2.75 | a-0.0987 c1.0058 ent0.0392 VRAM 23MB
Ep 1150 | M0_PDR 0.975 | M1_PDR 0.792 | H_m0 2.23 H_m1 2.69 | a-0.0962 c1.4506 ent0.0387 VRAM 23MB
Ep 1200 | M0_PDR 0.990 | M1_PDR 0.773 | H_m0 2.21 H_m1 2.63 | a-0.0960 c0.7181 ent0.0382 VRAM 23MB
Ep 1250 | M0_PDR 0.990 | M1_PDR 0.788 | H_m0 2.23 H_m1 2.76 | a-0.0959 c0.9787 ent0.0377 VRAM 23MB
Ep 1300 | M0_PDR 0.992 | M1_PDR 0.762 | H_m0 2.22 H_m1 2.67 | a-0.0922 c1.2758 ent0.0373 VRAM 23MB
Ep 1350 | M0_PDR 0.996 | M1_PDR 0.754 | H_m0 2.22 H_m1 2.67 | a-0.0920 c0.9928 ent0.0368 VRAM 23MB
Ep 1400 | M0_PDR 1.000 | M1_PDR 0.784 | H_m0 2.22 H_m1 2.71 | a-0.0916 c2.4098 ent0.0363 VRAM 23MB
Ep 1450 | M0_PDR 0.997 | M1_PDR 0.759 | H_m0 2.25 H_m1 2.73 | a-0.0911 c1.1069 ent0.0358 VRAM 23MB
Ep 1500 | M0_PDR 1.000 | M1_PDR 0.842 | H_m0 2.25 H_m1 2.70 | a-0.0889 c1.5614 ent0.0353 VRAM 23MB
Ep 1550 | M0_PDR 0.995 | M1_PDR 0.788 | H_m0 2.25 H_m1 2.66 | a-0.0864 c1.1193 ent0.0348 VRAM 23MB
Ep 1600 | M0_PDR 1.000 | M1_PDR 0.768 | H_m0 2.18 H_m1 2.71 | a-0.0853 c1.5216 ent0.0343 VRAM 23MB
Ep 1650 | M0_PDR 1.000 | M1_PDR 0.787 | H_m0 2.13 H_m1 2.66 | a-0.0826 c0.7232 ent0.0338 VRAM 23MB
Ep 1700 | M0_PDR 0.955 | M1_PDR 0.773 | H_m0 2.30 H_m1 2.65 | a-0.0848 c1.2339 ent0.0333 VRAM 23MB
Ep 1750 | M0_PDR 0.989 | M1_PDR 0.789 | H_m0 2.19 H_m1 2.76 | a-0.0832 c1.4757 ent0.0328 VRAM 23MB
Ep 1800 | M0_PDR 1.000 | M1_PDR 0.793 | H_m0 2.15 H_m1 2.45 | a-0.0765 c0.7876 ent0.0324 VRAM 23MB
Ep 1850 | M0_PDR 0.999 | M1_PDR 0.763 | H_m0 2.10 H_m1 2.51 | a-0.0746 c0.7730 ent0.0319 VRAM 23MB
Ep 1900 | M0_PDR 1.000 | M1_PDR 0.785 | H_m0 2.21 H_m1 2.64 | a-0.0775 c0.7833 ent0.0314 VRAM 23MB
Ep 1950 | M0_PDR 0.998 | M1_PDR 0.813 | H_m0 2.22 H_m1 2.45 | a-0.0732 c0.8239 ent0.0309 VRAM 23MB
Ep 2000 | M0_PDR 0.997 | M1_PDR 0.869 | H_m0 2.24 H_m1 2.52 | a-0.0731 c1.1852 ent0.0304 VRAM 23MB
Ep 2050 | M0_PDR 0.995 | M1_PDR 0.841 | H_m0 2.27 H_m1 1.98 | a-0.0657 c0.7853 ent0.0299 VRAM 23MB
Ep 2100 | M0_PDR 0.985 | M1_PDR 0.965 | H_m0 2.24 H_m1 1.44 | a-0.0566 c0.7097 ent0.0294 VRAM 23MB
Ep 2150 | M0_PDR 0.990 | M1_PDR 0.980 | H_m0 2.21 H_m1 1.27 | a-0.0527 c0.3949 ent0.0289 VRAM 23MB
Ep 2200 | M0_PDR 0.995 | M1_PDR 0.983 | H_m0 2.19 H_m1 1.25 | a-0.0497 c0.3601 ent0.0284 VRAM 23MB
Ep 2250 | M0_PDR 1.000 | M1_PDR 0.995 | H_m0 2.16 H_m1 1.24 | a-0.0488 c0.5220 ent0.0279 VRAM 23MB
Ep 2300 | M0_PDR 0.995 | M1_PDR 0.990 | H_m0 2.18 H_m1 1.23 | a-0.0480 c0.2579 ent0.0275 VRAM 23MB
Ep 2350 | M0_PDR 1.000 | M1_PDR 0.992 | H_m0 2.11 H_m1 1.27 | a-0.0467 c0.2063 ent0.0270 VRAM 23MB
Ep 2400 | M0_PDR 1.000 | M1_PDR 0.992 | H_m0 2.18 H_m1 1.27 | a-0.0469 c0.3851 ent0.0265 VRAM 23MB
Ep 2450 | M0_PDR 0.993 | M1_PDR 0.995 | H_m0 2.18 H_m1 1.21 | a-0.0456 c0.6606 ent0.0260 VRAM 23MB
Ep 2500 | M0_PDR 1.000 | M1_PDR 0.995 | H_m0 2.18 H_m1 1.28 | a-0.0450 c0.3859 ent0.0255 VRAM 23MB
Ep 2550 | M0_PDR 0.996 | M1_PDR 0.998 | H_m0 2.21 H_m1 1.22 | a-0.0444 c0.1924 ent0.0250 VRAM 23MB
Ep 2600 | M0_PDR 1.000 | M1_PDR 0.995 | H_m0 2.14 H_m1 1.25 | a-0.0425 c0.2917 ent0.0245 VRAM 23MB
Ep 2650 | M0_PDR 0.998 | M1_PDR 0.995 | H_m0 2.15 H_m1 1.26 | a-0.0424 c0.2197 ent0.0240 VRAM 23MB
Ep 2700 | M0_PDR 0.995 | M1_PDR 0.992 | H_m0 2.15 H_m1 1.23 | a-0.0407 c0.2497 ent0.0235 VRAM 23MB
Error: tcpip::Socket::accept() Unable to create listening socket: Address already in use
Quitting (on error).
Ep 2750 | M0_PDR 1.000 | M1_PDR 0.988 | H_m0 2.12 H_m1 1.27 | a-0.0412 c0.3066 ent0.0230 VRAM 23MB
Ep 2800 | M0_PDR 0.997 | M1_PDR 0.995 | H_m0 2.11 H_m1 1.22 | a-0.0385 c0.1757 ent0.0226 VRAM 23MB
Ep 2850 | M0_PDR 0.999 | M1_PDR 0.997 | H_m0 2.09 H_m1 1.25 | a-0.0372 c0.4487 ent0.0221 VRAM 23MB
Ep 2900 | M0_PDR 0.998 | M1_PDR 0.997 | H_m0 2.09 H_m1 1.23 | a-0.0363 c0.1907 ent0.0216 VRAM 23MB
Ep 2950 | M0_PDR 0.997 | M1_PDR 0.997 | H_m0 2.05 H_m1 1.21 | a-0.0353 c0.1996 ent0.0211 VRAM 23MB
Ep 3000 | M0_PDR 1.000 | M1_PDR 1.000 | H_m0 2.10 H_m1 1.23 | a-0.0346 c0.2758 ent0.0206 VRAM 23MB
Ep 3050 | M0_PDR 0.995 | M1_PDR 0.998 | H_m0 2.07 H_m1 1.23 | a-0.0335 c0.4117 ent0.0201 VRAM 23MB
Ep 3100 | M0_PDR 0.990 | M1_PDR 1.000 | H_m0 2.04 H_m1 1.24 | a-0.0327 c0.2496 ent0.0196 VRAM 23MB
Ep 3150 | M0_PDR 0.998 | M1_PDR 1.000 | H_m0 2.05 H_m1 1.23 | a-0.0324 c0.2071 ent0.0191 VRAM 23MB
Ep 3200 | M0_PDR 1.000 | M1_PDR 0.993 | H_m0 2.13 H_m1 1.23 | a-0.0321 c0.2433 ent0.0186 VRAM 23MB
Ep 3250 | M0_PDR 0.997 | M1_PDR 0.997 | H_m0 2.12 H_m1 1.23 | a-0.0308 c0.2750 ent0.0181 VRAM 23MB
Ep 3300 | M0_PDR 1.000 | M1_PDR 1.000 | H_m0 2.12 H_m1 1.24 | a-0.0304 c0.1773 ent0.0177 VRAM 23MB
Ep 3350 | M0_PDR 0.997 | M1_PDR 0.997 | H_m0 2.11 H_m1 1.23 | a-0.0290 c0.2502 ent0.0172 VRAM 23MB
Ep 3400 | M0_PDR 1.000 | M1_PDR 0.997 | H_m0 2.10 H_m1 1.23 | a-0.0280 c0.1666 ent0.0167 VRAM 23MB
Ep 3450 | M0_PDR 1.000 | M1_PDR 1.000 | H_m0 2.10 H_m1 1.26 | a-0.0278 c0.1676 ent0.0162 VRAM 23MB
Ep 3500 | M0_PDR 1.000 | M1_PDR 0.998 | H_m0 2.10 H_m1 1.25 | a-0.0266 c0.1815 ent0.0157 VRAM 23MB
Ep 3550 | M0_PDR 0.997 | M1_PDR 0.997 | H_m0 2.10 H_m1 1.25 | a-0.0257 c0.1874 ent0.0152 VRAM 23MB
Ep 3600 | M0_PDR 1.000 | M1_PDR 1.000 | H_m0 2.09 H_m1 1.24 | a-0.0249 c0.1657 ent0.0147 VRAM 23MB
Ep 3650 | M0_PDR 1.000 | M1_PDR 0.998 | H_m0 2.09 H_m1 1.23 | a-0.0240 c0.1685 ent0.0142 VRAM 23MB
Ep 3700 | M0_PDR 1.000 | M1_PDR 0.998 | H_m0 2.09 H_m1 1.24 | a-0.0231 c0.2096 ent0.0137 VRAM 23MB
Ep 3750 | M0_PDR 1.000 | M1_PDR 0.998 | H_m0 2.08 H_m1 1.24 | a-0.0229 c0.1979 ent0.0132 VRAM 23MB
Ep 3800 | M0_PDR 1.000 | M1_PDR 0.995 | H_m0 2.09 H_m1 1.23 | a-0.0220 c0.2362 ent0.0128 VRAM 23MB
Ep 3850 | M0_PDR 0.997 | M1_PDR 1.000 | H_m0 2.09 H_m1 1.22 | a-0.0206 c0.1745 ent0.0123 VRAM 23MB
Ep 3900 | M0_PDR 1.000 | M1_PDR 0.998 | H_m0 2.11 H_m1 1.23 | a-0.0198 c0.1900 ent0.0118 VRAM 23MB
Ep 3950 | M0_PDR 0.993 | M1_PDR 1.000 | H_m0 2.11 H_m1 1.23 | a-0.0191 c0.2335 ent0.0113 VRAM 23MB
Ep 4000 | M0_PDR 0.998 | M1_PDR 0.998 | H_m0 2.10 H_m1 1.23 | a-0.0180 c0.2204 ent0.0108 VRAM 23MB
Ep 4050 | M0_PDR 0.997 | M1_PDR 1.000 | H_m0 2.10 H_m1 1.23 | a-0.0174 c0.1788 ent0.0103 VRAM 23MB
Ep 4100 | M0_PDR 1.000 | M1_PDR 1.000 | H_m0 2.09 H_m1 1.23 | a-0.0165 c0.1732 ent0.0098 VRAM 23MB
Ep 4150 | M0_PDR 1.000 | M1_PDR 1.000 | H_m0 2.08 H_m1 1.23 | a-0.0158 c0.1878 ent0.0093 VRAM 23MB
Ep 4200 | M0_PDR 0.998 | M1_PDR 0.995 | H_m0 2.09 H_m1 1.23 | a-0.0148 c0.2008 ent0.0088 VRAM 23MB
Ep 4250 | M0_PDR 1.000 | M1_PDR 1.000 | H_m0 2.10 H_m1 1.23 | a-0.0140 c0.1654 ent0.0083 VRAM 23MB
Ep 4300 | M0_PDR 1.000 | M1_PDR 1.000 | H_m0 2.10 H_m1 1.23 | a-0.0132 c0.1626 ent0.0079 VRAM 23MB
Ep 4350 | M0_PDR 0.997 | M1_PDR 0.995 | H_m0 2.09 H_m1 1.23 | a-0.0123 c0.1960 ent0.0074 VRAM 23MB
Ep 4400 | M0_PDR 1.000 | M1_PDR 1.000 | H_m0 2.09 H_m1 1.23 | a-0.0115 c0.1624 ent0.0069 VRAM 23MB
Ep 4450 | M0_PDR 0.998 | M1_PDR 0.998 | H_m0 2.09 H_m1 1.23 | a-0.0107 c0.1890 ent0.0064 VRAM 23MB
Ep 4500 | M0_PDR 1.000 | M1_PDR 1.000 | H_m0 2.09 H_m1 1.23 | a-0.0099 c0.1701 ent0.0059 VRAM 23MB
Ep 4550 | M0_PDR 1.000 | M1_PDR 1.000 | H_m0 2.09 H_m1 1.23 | a-0.0090 c0.1758 ent0.0054 VRAM 23MB
Ep 4600 | M0_PDR 1.000 | M1_PDR 0.997 | H_m0 2.08 H_m1 1.23 | a-0.0082 c0.1674 ent0.0049 VRAM 23MB
Ep 4650 | M0_PDR 1.000 | M1_PDR 0.996 | H_m0 2.08 H_m1 1.22 | a-0.0074 c0.1777 ent0.0044 VRAM 23MB
Ep 4700 | M0_PDR 1.000 | M1_PDR 1.000 | H_m0 2.08 H_m1 1.22 | a-0.0066 c0.1731 ent0.0039 VRAM 23MB
Ep 4750 | M0_PDR 1.000 | M1_PDR 1.000 | H_m0 2.08 H_m1 1.22 | a-0.0057 c0.1628 ent0.0034 VRAM 23MB
Ep 4800 | M0_PDR 1.000 | M1_PDR 1.000 | H_m0 2.07 H_m1 1.22 | a-0.0049 c0.1627 ent0.0030 VRAM 23MB
Ep 4850 | M0_PDR 1.000 | M1_PDR 1.000 | H_m0 2.07 H_m1 1.22 | a-0.0041 c0.1710 ent0.0025 VRAM 23MB
Ep 4900 | M0_PDR 1.000 | M1_PDR 0.997 | H_m0 2.07 H_m1 1.21 | a-0.0034 c0.1686 ent0.0020 VRAM 23MB
Ep 4950 | M0_PDR 0.998 | M1_PDR 0.997 | H_m0 2.07 H_m1 1.21 | a-0.0026 c0.1814 ent0.0015 VRAM 23MB

Training complete. Running 100 eval episodes...

  Eval ep   0: M0_PDR=0.998  M1_PDR=1.000
  Eval ep  20: M0_PDR=1.000  M1_PDR=1.000
  Eval ep  40: M0_PDR=1.000  M1_PDR=0.997
  Eval ep  60: M0_PDR=1.000  M1_PDR=0.998
  Eval ep  80: M0_PDR=1.000  M1_PDR=0.997

=== Eval Summary (100 episodes) ===
  M0_PDR_mean         : 0.9994
  M0_PDR_p05 (across) : 0.9975
  M0_PDR_p05 (intra)  : 1.0000
  M1_PDR_mean         : 0.9988
  M0_SINR_mean (dB)   : 40.66
  M1_SINR_mean (dB)   : 45.92
  M0_collision_rate   : 0.001
  M0_collision_within_pool : 0.001
  M1_collision_within_pool : 0.002

Result saved -> results/_C_N4_delta10_seed1.json
  N=4  rho=0.8  M0_PDR=0.999  M1_PDR=0.999
[NS3Bridge] Shutdown complete.
Run complete.
