[seed] all RNGs seeded with 2
GPU : NVIDIA GeForce RTX 3060
VRAM: 12.9 GB
Device          : cuda:0
Actor M0 params : 21,273
Actor M1 params : 21,273
Critic params   : 79,361
obs_dim=11  action_dim=25  gs_dim=49
M0 count: 2  M1 count: 2
Training for 5000 episodes (Config C_N4_delta10_seed2, N=4)...

[NS3Bridge] Connected tcp://localhost:5996
Ep    0 | M0_PDR 0.669 | M1_PDR 0.743 | H_m0 3.22 H_m1 3.22 | a-0.1657 c100.7587 ent0.0500 VRAM 23MB
Ep   50 | M0_PDR 0.677 | M1_PDR 0.732 | H_m0 3.20 H_m1 3.18 | a-0.1589 c43.2456 ent0.0495 VRAM 23MB
Ep  100 | M0_PDR 0.660 | M1_PDR 0.768 | H_m0 3.19 H_m1 3.18 | a-0.1574 c15.0241 ent0.0490 VRAM 23MB
Ep  150 | M0_PDR 0.668 | M1_PDR 0.789 | H_m0 3.15 H_m1 3.18 | a-0.1555 c4.2851 ent0.0485 VRAM 23MB
Ep  200 | M0_PDR 0.658 | M1_PDR 0.758 | H_m0 3.11 H_m1 3.07 | a-0.1499 c5.2694 ent0.0480 VRAM 23MB
Ep  250 | M0_PDR 0.660 | M1_PDR 0.808 | H_m0 3.07 H_m1 3.08 | a-0.1486 c2.4610 ent0.0475 VRAM 23MB
Ep  300 | M0_PDR 0.711 | M1_PDR 0.816 | H_m0 3.09 H_m1 2.90 | a-0.1434 c3.8567 ent0.0471 VRAM 23MB
Ep  350 | M0_PDR 0.695 | M1_PDR 0.781 | H_m0 2.91 H_m1 3.04 | a-0.1415 c2.3236 ent0.0466 VRAM 23MB
Ep  400 | M0_PDR 0.879 | M1_PDR 0.755 | H_m0 2.26 H_m1 2.99 | a-0.1258 c2.1497 ent0.0461 VRAM 23MB
Ep  450 | M0_PDR 0.964 | M1_PDR 0.784 | H_m0 1.75 H_m1 2.96 | a-0.1097 c1.7321 ent0.0456 VRAM 23MB
Ep  500 | M0_PDR 0.942 | M1_PDR 0.752 | H_m0 1.96 H_m1 2.93 | a-0.1151 c1.5166 ent0.0451 VRAM 23MB
Ep  550 | M0_PDR 0.978 | M1_PDR 0.751 | H_m0 1.87 H_m1 2.89 | a-0.1102 c1.4936 ent0.0446 VRAM 23MB
Ep  600 | M0_PDR 0.995 | M1_PDR 0.812 | H_m0 1.50 H_m1 2.69 | a-0.0983 c1.0028 ent0.0441 VRAM 23MB
Ep  650 | M0_PDR 0.982 | M1_PDR 0.750 | H_m0 1.89 H_m1 2.78 | a-0.1036 c1.3835 ent0.0436 VRAM 23MB
Ep  700 | M0_PDR 0.992 | M1_PDR 0.791 | H_m0 1.99 H_m1 2.97 | a-0.1092 c0.9596 ent0.0431 VRAM 23MB
Ep  750 | M0_PDR 0.987 | M1_PDR 0.752 | H_m0 2.05 H_m1 2.84 | a-0.1058 c1.0102 ent0.0426 VRAM 23MB
Ep  800 | M0_PDR 0.986 | M1_PDR 0.810 | H_m0 2.02 H_m1 2.73 | a-0.1020 c0.7819 ent0.0422 VRAM 23MB
Ep  850 | M0_PDR 0.995 | M1_PDR 0.794 | H_m0 2.00 H_m1 2.81 | a-0.1022 c0.7674 ent0.0417 VRAM 23MB
Ep  900 | M0_PDR 0.988 | M1_PDR 0.806 | H_m0 1.97 H_m1 2.80 | a-0.1009 c0.8971 ent0.0412 VRAM 23MB
Ep  950 | M0_PDR 0.996 | M1_PDR 0.781 | H_m0 1.99 H_m1 2.85 | a-0.0991 c1.1550 ent0.0407 VRAM 23MB
Ep 1000 | M0_PDR 0.993 | M1_PDR 0.803 | H_m0 1.87 H_m1 2.81 | a-0.0957 c0.8530 ent0.0402 VRAM 23MB
Ep 1050 | M0_PDR 0.997 | M1_PDR 0.820 | H_m0 2.10 H_m1 2.80 | a-0.1012 c0.6144 ent0.0397 VRAM 23MB
Ep 1100 | M0_PDR 0.989 | M1_PDR 0.776 | H_m0 2.07 H_m1 2.62 | a-0.0941 c0.7531 ent0.0392 VRAM 23MB
Ep 1150 | M0_PDR 0.991 | M1_PDR 0.779 | H_m0 2.07 H_m1 2.70 | a-0.0941 c0.6249 ent0.0387 VRAM 23MB
Ep 1200 | M0_PDR 0.993 | M1_PDR 0.790 | H_m0 2.10 H_m1 2.72 | a-0.0928 c0.7233 ent0.0382 VRAM 23MB
Ep 1250 | M0_PDR 0.995 | M1_PDR 0.820 | H_m0 2.04 H_m1 2.52 | a-0.0871 c0.6189 ent0.0377 VRAM 23MB
Ep 1300 | M0_PDR 0.982 | M1_PDR 0.813 | H_m0 2.06 H_m1 2.73 | a-0.0908 c1.4680 ent0.0373 VRAM 23MB
Ep 1350 | M0_PDR 0.997 | M1_PDR 0.827 | H_m0 2.01 H_m1 2.63 | a-0.0858 c0.6335 ent0.0368 VRAM 23MB
Ep 1400 | M0_PDR 0.997 | M1_PDR 0.804 | H_m0 2.06 H_m1 2.64 | a-0.0867 c0.7940 ent0.0363 VRAM 23MB
Ep 1450 | M0_PDR 0.987 | M1_PDR 0.780 | H_m0 2.08 H_m1 2.62 | a-0.0862 c0.8658 ent0.0358 VRAM 23MB
Ep 1500 | M0_PDR 0.989 | M1_PDR 0.784 | H_m0 2.12 H_m1 2.62 | a-0.0845 c0.8929 ent0.0353 VRAM 23MB
Ep 1550 | M0_PDR 0.990 | M1_PDR 0.773 | H_m0 2.13 H_m1 2.54 | a-0.0838 c0.7364 ent0.0348 VRAM 23MB
Ep 1600 | M0_PDR 0.997 | M1_PDR 0.788 | H_m0 2.16 H_m1 2.74 | a-0.0853 c0.7202 ent0.0343 VRAM 23MB
Ep 1650 | M0_PDR 0.982 | M1_PDR 0.805 | H_m0 2.21 H_m1 2.62 | a-0.0841 c0.5989 ent0.0338 VRAM 23MB
Ep 1700 | M0_PDR 0.988 | M1_PDR 0.813 | H_m0 2.10 H_m1 2.70 | a-0.0808 c1.1409 ent0.0333 VRAM 23MB
Ep 1750 | M0_PDR 0.990 | M1_PDR 0.789 | H_m0 2.18 H_m1 2.64 | a-0.0809 c0.6800 ent0.0328 VRAM 23MB
Ep 1800 | M0_PDR 0.993 | M1_PDR 0.791 | H_m0 2.20 H_m1 2.66 | a-0.0803 c0.9144 ent0.0324 VRAM 23MB
Ep 1850 | M0_PDR 0.987 | M1_PDR 0.766 | H_m0 2.23 H_m1 2.60 | a-0.0794 c0.8751 ent0.0319 VRAM 23MB
Ep 1900 | M0_PDR 0.995 | M1_PDR 0.794 | H_m0 2.21 H_m1 2.52 | a-0.0751 c0.7985 ent0.0314 VRAM 23MB
Ep 1950 | M0_PDR 0.990 | M1_PDR 0.804 | H_m0 2.16 H_m1 2.43 | a-0.0738 c0.7267 ent0.0309 VRAM 23MB
Ep 2000 | M0_PDR 0.994 | M1_PDR 0.849 | H_m0 2.20 H_m1 2.17 | a-0.0683 c0.8199 ent0.0304 VRAM 23MB
Ep 2050 | M0_PDR 0.995 | M1_PDR 0.907 | H_m0 2.17 H_m1 1.87 | a-0.0635 c0.5405 ent0.0299 VRAM 23MB
Ep 2100 | M0_PDR 0.995 | M1_PDR 0.977 | H_m0 2.11 H_m1 1.35 | a-0.0521 c0.5844 ent0.0294 VRAM 23MB
Ep 2150 | M0_PDR 0.987 | M1_PDR 0.985 | H_m0 2.20 H_m1 1.34 | a-0.0519 c0.4228 ent0.0289 VRAM 23MB
Ep 2200 | M0_PDR 0.995 | M1_PDR 0.990 | H_m0 2.20 H_m1 1.29 | a-0.0507 c0.2338 ent0.0284 VRAM 23MB
Ep 2250 | M0_PDR 0.990 | M1_PDR 0.992 | H_m0 2.16 H_m1 1.26 | a-0.0486 c1.4995 ent0.0279 VRAM 23MB
Ep 2300 | M0_PDR 0.986 | M1_PDR 0.995 | H_m0 2.13 H_m1 1.26 | a-0.0476 c0.3450 ent0.0275 VRAM 23MB
Ep 2350 | M0_PDR 0.992 | M1_PDR 0.987 | H_m0 2.19 H_m1 1.33 | a-0.0479 c0.6102 ent0.0270 VRAM 23MB
Ep 2400 | M0_PDR 0.995 | M1_PDR 0.987 | H_m0 2.18 H_m1 1.27 | a-0.0466 c0.2699 ent0.0265 VRAM 23MB
Ep 2450 | M0_PDR 0.997 | M1_PDR 0.992 | H_m0 2.19 H_m1 1.27 | a-0.0456 c0.3589 ent0.0260 VRAM 23MB
Ep 2500 | M0_PDR 0.989 | M1_PDR 0.993 | H_m0 2.15 H_m1 1.23 | a-0.0441 c0.2744 ent0.0255 VRAM 23MB
Ep 2550 | M0_PDR 0.992 | M1_PDR 0.998 | H_m0 2.14 H_m1 1.17 | a-0.0418 c0.8309 ent0.0250 VRAM 23MB
Ep 2600 | M0_PDR 0.992 | M1_PDR 0.993 | H_m0 2.15 H_m1 1.22 | a-0.0419 c0.2587 ent0.0245 VRAM 23MB
Ep 2650 | M0_PDR 0.990 | M1_PDR 0.997 | H_m0 2.14 H_m1 1.25 | a-0.0409 c0.2652 ent0.0240 VRAM 23MB
Ep 2700 | M0_PDR 1.000 | M1_PDR 0.994 | H_m0 2.18 H_m1 1.24 | a-0.0409 c0.3449 ent0.0235 VRAM 23MB
Ep 2750 | M0_PDR 0.980 | M1_PDR 1.000 | H_m0 2.17 H_m1 1.27 | a-0.0406 c0.3360 ent0.0230 VRAM 23MB
Ep 2800 | M0_PDR 0.997 | M1_PDR 0.996 | H_m0 2.15 H_m1 1.26 | a-0.0397 c0.5258 ent0.0226 VRAM 23MB
Ep 2850 | M0_PDR 0.984 | M1_PDR 0.997 | H_m0 2.01 H_m1 1.26 | a-0.0358 c0.3442 ent0.0221 VRAM 23MB
Ep 2900 | M0_PDR 0.985 | M1_PDR 0.997 | H_m0 2.03 H_m1 1.26 | a-0.0362 c0.4647 ent0.0216 VRAM 23MB
Ep 2950 | M0_PDR 0.997 | M1_PDR 0.998 | H_m0 2.07 H_m1 1.23 | a-0.0359 c0.2297 ent0.0211 VRAM 23MB
Ep 3000 | M0_PDR 0.995 | M1_PDR 1.000 | H_m0 2.07 H_m1 1.24 | a-0.0350 c0.2664 ent0.0206 VRAM 23MB
Ep 3050 | M0_PDR 0.990 | M1_PDR 0.998 | H_m0 2.11 H_m1 1.23 | a-0.0342 c0.2574 ent0.0201 VRAM 23MB
Ep 3100 | M0_PDR 0.992 | M1_PDR 0.998 | H_m0 2.10 H_m1 1.26 | a-0.0329 c0.2351 ent0.0196 VRAM 23MB
Ep 3150 | M0_PDR 1.000 | M1_PDR 0.998 | H_m0 2.09 H_m1 1.26 | a-0.0331 c0.2589 ent0.0191 VRAM 23MB
Ep 3200 | M0_PDR 0.989 | M1_PDR 0.997 | H_m0 2.04 H_m1 1.26 | a-0.0315 c0.3620 ent0.0186 VRAM 23MB
Ep 3250 | M0_PDR 0.995 | M1_PDR 0.997 | H_m0 2.07 H_m1 1.27 | a-0.0308 c0.2428 ent0.0181 VRAM 23MB
Ep 3300 | M0_PDR 0.995 | M1_PDR 0.998 | H_m0 2.06 H_m1 1.27 | a-0.0300 c0.2054 ent0.0177 VRAM 23MB
Ep 3350 | M0_PDR 0.988 | M1_PDR 0.997 | H_m0 2.13 H_m1 1.27 | a-0.0293 c0.3470 ent0.0172 VRAM 23MB
Ep 3400 | M0_PDR 0.992 | M1_PDR 0.995 | H_m0 2.13 H_m1 1.26 | a-0.0286 c0.3581 ent0.0167 VRAM 23MB
Ep 3450 | M0_PDR 0.995 | M1_PDR 0.997 | H_m0 2.12 H_m1 1.26 | a-0.0278 c0.3587 ent0.0162 VRAM 23MB
Ep 3500 | M0_PDR 0.995 | M1_PDR 1.000 | H_m0 2.06 H_m1 1.26 | a-0.0265 c0.2442 ent0.0157 VRAM 23MB
Ep 3550 | M0_PDR 0.997 | M1_PDR 0.998 | H_m0 2.02 H_m1 1.24 | a-0.0246 c0.1834 ent0.0152 VRAM 23MB
Ep 3600 | M0_PDR 0.995 | M1_PDR 0.997 | H_m0 1.97 H_m1 1.24 | a-0.0239 c0.2265 ent0.0147 VRAM 23MB
Ep 3650 | M0_PDR 0.995 | M1_PDR 1.000 | H_m0 2.03 H_m1 1.23 | a-0.0235 c0.2945 ent0.0142 VRAM 23MB
Ep 3700 | M0_PDR 1.000 | M1_PDR 0.995 | H_m0 2.03 H_m1 1.20 | a-0.0227 c0.2008 ent0.0137 VRAM 23MB
Ep 3750 | M0_PDR 1.000 | M1_PDR 1.000 | H_m0 2.05 H_m1 1.19 | a-0.0218 c0.1879 ent0.0132 VRAM 23MB
Ep 3800 | M0_PDR 0.992 | M1_PDR 0.993 | H_m0 2.07 H_m1 1.19 | a-0.0212 c0.3520 ent0.0128 VRAM 23MB
Ep 3850 | M0_PDR 0.997 | M1_PDR 1.000 | H_m0 2.06 H_m1 1.20 | a-0.0202 c0.1824 ent0.0123 VRAM 23MB
Ep 3900 | M0_PDR 0.995 | M1_PDR 1.000 | H_m0 2.03 H_m1 1.20 | a-0.0192 c0.2610 ent0.0118 VRAM 23MB
Ep 3950 | M0_PDR 0.995 | M1_PDR 1.000 | H_m0 2.05 H_m1 1.20 | a-0.0185 c0.2103 ent0.0113 VRAM 23MB
Ep 4000 | M0_PDR 0.995 | M1_PDR 1.000 | H_m0 2.07 H_m1 1.20 | a-0.0179 c0.1821 ent0.0108 VRAM 23MB
Ep 4050 | M0_PDR 0.997 | M1_PDR 1.000 | H_m0 2.08 H_m1 1.21 | a-0.0171 c0.1854 ent0.0103 VRAM 23MB
Ep 4100 | M0_PDR 0.995 | M1_PDR 1.000 | H_m0 2.05 H_m1 1.20 | a-0.0161 c0.1979 ent0.0098 VRAM 23MB
Ep 4150 | M0_PDR 0.995 | M1_PDR 0.997 | H_m0 2.07 H_m1 1.21 | a-0.0155 c0.3313 ent0.0093 VRAM 23MB
Ep 4200 | M0_PDR 1.000 | M1_PDR 0.997 | H_m0 2.09 H_m1 1.21 | a-0.0149 c0.1870 ent0.0088 VRAM 23MB
Ep 4250 | M0_PDR 0.998 | M1_PDR 0.996 | H_m0 2.09 H_m1 1.21 | a-0.0138 c0.1980 ent0.0083 VRAM 23MB
Ep 4300 | M0_PDR 0.997 | M1_PDR 1.000 | H_m0 2.08 H_m1 1.21 | a-0.0130 c0.1973 ent0.0079 VRAM 23MB
Ep 4350 | M0_PDR 0.997 | M1_PDR 1.000 | H_m0 2.07 H_m1 1.22 | a-0.0121 c0.1880 ent0.0074 VRAM 23MB
Ep 4400 | M0_PDR 0.997 | M1_PDR 0.997 | H_m0 2.05 H_m1 1.21 | a-0.0112 c0.2011 ent0.0069 VRAM 23MB
Ep 4450 | M0_PDR 1.000 | M1_PDR 1.000 | H_m0 2.05 H_m1 1.22 | a-0.0105 c0.1765 ent0.0064 VRAM 23MB
Ep 4500 | M0_PDR 1.000 | M1_PDR 1.000 | H_m0 2.05 H_m1 1.21 | a-0.0096 c0.1644 ent0.0059 VRAM 23MB
Ep 4550 | M0_PDR 0.998 | M1_PDR 1.000 | H_m0 2.04 H_m1 1.22 | a-0.0089 c0.1675 ent0.0054 VRAM 23MB
Ep 4600 | M0_PDR 0.997 | M1_PDR 1.000 | H_m0 2.05 H_m1 1.21 | a-0.0081 c0.1772 ent0.0049 VRAM 23MB
Ep 4650 | M0_PDR 0.995 | M1_PDR 1.000 | H_m0 2.07 H_m1 1.21 | a-0.0073 c0.1867 ent0.0044 VRAM 23MB
Ep 4700 | M0_PDR 1.000 | M1_PDR 0.997 | H_m0 2.07 H_m1 1.21 | a-0.0066 c0.1657 ent0.0039 VRAM 23MB
Ep 4750 | M0_PDR 1.000 | M1_PDR 0.997 | H_m0 2.07 H_m1 1.21 | a-0.0057 c0.1725 ent0.0034 VRAM 23MB
Ep 4800 | M0_PDR 1.000 | M1_PDR 1.000 | H_m0 2.07 H_m1 1.21 | a-0.0049 c0.1661 ent0.0030 VRAM 23MB
Ep 4850 | M0_PDR 1.000 | M1_PDR 1.000 | H_m0 2.07 H_m1 1.21 | a-0.0040 c0.1626 ent0.0025 VRAM 23MB
Ep 4900 | M0_PDR 1.000 | M1_PDR 1.000 | H_m0 2.07 H_m1 1.21 | a-0.0032 c0.1648 ent0.0020 VRAM 23MB
Ep 4950 | M0_PDR 0.997 | M1_PDR 1.000 | H_m0 2.05 H_m1 1.21 | a-0.0025 c0.1739 ent0.0015 VRAM 23MB

Training complete. Running 100 eval episodes...

  Eval ep   0: M0_PDR=0.995  M1_PDR=1.000
  Eval ep  20: M0_PDR=1.000  M1_PDR=1.000
  Eval ep  40: M0_PDR=0.997  M1_PDR=1.000
  Eval ep  60: M0_PDR=1.000  M1_PDR=0.997
  Eval ep  80: M0_PDR=0.997  M1_PDR=1.000

=== Eval Summary (100 episodes) ===
  M0_PDR_mean         : 0.9989
  M0_PDR_p05 (across) : 0.9950
  M0_PDR_p05 (intra)  : 1.0000
  M1_PDR_mean         : 0.9990
  M0_SINR_mean (dB)   : 41.23
  M1_SINR_mean (dB)   : 45.73
  M0_collision_rate   : 0.002
  M0_collision_within_pool : 0.002
  M1_collision_within_pool : 0.002

Result saved -> results/_C_N4_delta10_seed2.json
  N=4  rho=0.8  M0_PDR=0.999  M1_PDR=0.999
[NS3Bridge] Shutdown complete.
Run complete.
