[seed] all RNGs seeded with 3
GPU : NVIDIA GeForce RTX 3060
VRAM: 12.9 GB
Device          : cuda:0
Actor M0 params : 21,273
Actor M1 params : 21,273
Critic params   : 79,361
obs_dim=11  action_dim=25  gs_dim=49
M0 count: 2  M1 count: 2
Training for 5000 episodes (Config C_N4_seed3, N=4)...

[NS3Bridge] Connected tcp://localhost:6886
Ep    0 | M0_PDR 0.667 | M1_PDR 0.757 | H_m0 3.22 H_m1 3.22 | a-0.1668 c52.9997 ent0.0500 VRAM 23MB
Ep   50 | M0_PDR 0.664 | M1_PDR 0.760 | H_m0 3.17 H_m1 3.19 | a-0.1588 c20.8327 ent0.0495 VRAM 23MB
Ep  100 | M0_PDR 0.645 | M1_PDR 0.753 | H_m0 3.16 H_m1 3.17 | a-0.1567 c10.0175 ent0.0490 VRAM 23MB
Ep  150 | M0_PDR 0.677 | M1_PDR 0.705 | H_m0 3.13 H_m1 3.21 | a-0.1550 c4.0862 ent0.0485 VRAM 23MB
Ep  200 | M0_PDR 0.738 | M1_PDR 0.737 | H_m0 3.09 H_m1 3.19 | a-0.1525 c4.3426 ent0.0480 VRAM 23MB
Ep  250 | M0_PDR 0.660 | M1_PDR 0.798 | H_m0 3.02 H_m1 3.18 | a-0.1496 c2.5956 ent0.0475 VRAM 23MB
Ep  300 | M0_PDR 0.701 | M1_PDR 0.803 | H_m0 2.98 H_m1 3.17 | a-0.1476 c2.8828 ent0.0471 VRAM 23MB
Ep  350 | M0_PDR 0.709 | M1_PDR 0.799 | H_m0 2.93 H_m1 3.19 | a-0.1446 c1.2979 ent0.0466 VRAM 23MB
Ep  400 | M0_PDR 0.707 | M1_PDR 0.765 | H_m0 2.74 H_m1 3.19 | a-0.1400 c1.7182 ent0.0461 VRAM 23MB
Ep  450 | M0_PDR 0.764 | M1_PDR 0.755 | H_m0 2.67 H_m1 3.14 | a-0.1347 c1.8605 ent0.0456 VRAM 23MB
Ep  500 | M0_PDR 0.854 | M1_PDR 0.759 | H_m0 2.22 H_m1 3.17 | a-0.1235 c1.1607 ent0.0451 VRAM 23MB
Ep  550 | M0_PDR 0.914 | M1_PDR 0.699 | H_m0 1.93 H_m1 3.19 | a-0.1180 c2.0826 ent0.0446 VRAM 23MB
Ep  600 | M0_PDR 0.975 | M1_PDR 0.767 | H_m0 1.75 H_m1 3.14 | a-0.1095 c0.6597 ent0.0441 VRAM 23MB
Ep  650 | M0_PDR 0.982 | M1_PDR 0.815 | H_m0 1.80 H_m1 3.16 | a-0.1092 c0.5248 ent0.0436 VRAM 23MB
Ep  700 | M0_PDR 0.984 | M1_PDR 0.774 | H_m0 1.85 H_m1 3.08 | a-0.1079 c0.5899 ent0.0431 VRAM 23MB
Ep  750 | M0_PDR 0.986 | M1_PDR 0.742 | H_m0 1.79 H_m1 3.08 | a-0.1065 c0.7572 ent0.0426 VRAM 23MB
Ep  800 | M0_PDR 0.984 | M1_PDR 0.737 | H_m0 1.82 H_m1 3.08 | a-0.1048 c0.4567 ent0.0422 VRAM 23MB
Ep  850 | M0_PDR 0.988 | M1_PDR 0.773 | H_m0 1.83 H_m1 3.06 | a-0.1040 c0.5899 ent0.0417 VRAM 23MB
Ep  900 | M0_PDR 0.985 | M1_PDR 0.794 | H_m0 1.76 H_m1 3.03 | a-0.0990 c0.6338 ent0.0412 VRAM 23MB
Ep  950 | M0_PDR 0.995 | M1_PDR 0.756 | H_m0 1.85 H_m1 3.05 | a-0.1009 c1.2864 ent0.0407 VRAM 23MB
Ep 1000 | M0_PDR 0.982 | M1_PDR 0.755 | H_m0 1.82 H_m1 2.98 | a-0.0977 c0.7308 ent0.0402 VRAM 23MB
Ep 1050 | M0_PDR 0.983 | M1_PDR 0.810 | H_m0 1.83 H_m1 3.02 | a-0.0956 c0.4163 ent0.0397 VRAM 23MB
Ep 1100 | M0_PDR 0.985 | M1_PDR 0.789 | H_m0 1.88 H_m1 3.06 | a-0.0974 c0.4483 ent0.0392 VRAM 23MB
Ep 1150 | M0_PDR 0.989 | M1_PDR 0.774 | H_m0 1.89 H_m1 3.05 | a-0.0973 c1.1396 ent0.0387 VRAM 23MB
Ep 1200 | M0_PDR 0.970 | M1_PDR 0.790 | H_m0 1.92 H_m1 3.05 | a-0.0965 c0.6499 ent0.0382 VRAM 23MB
Ep 1250 | M0_PDR 0.988 | M1_PDR 0.728 | H_m0 1.90 H_m1 3.06 | a-0.0957 c0.5292 ent0.0377 VRAM 23MB
Ep 1300 | M0_PDR 0.992 | M1_PDR 0.796 | H_m0 1.94 H_m1 3.07 | a-0.0936 c0.4545 ent0.0373 VRAM 23MB
Ep 1350 | M0_PDR 0.985 | M1_PDR 0.796 | H_m0 1.88 H_m1 3.13 | a-0.0939 c0.5743 ent0.0368 VRAM 23MB
Ep 1400 | M0_PDR 0.972 | M1_PDR 0.768 | H_m0 1.86 H_m1 3.16 | a-0.0927 c1.0836 ent0.0363 VRAM 23MB
Ep 1450 | M0_PDR 0.980 | M1_PDR 0.796 | H_m0 1.84 H_m1 3.09 | a-0.0894 c0.7295 ent0.0358 VRAM 23MB
Ep 1500 | M0_PDR 0.985 | M1_PDR 0.758 | H_m0 1.81 H_m1 3.00 | a-0.0868 c0.5582 ent0.0353 VRAM 23MB
Ep 1550 | M0_PDR 0.985 | M1_PDR 0.762 | H_m0 1.91 H_m1 2.94 | a-0.0863 c0.5826 ent0.0348 VRAM 23MB
Ep 1600 | M0_PDR 0.987 | M1_PDR 0.751 | H_m0 1.85 H_m1 2.96 | a-0.0836 c0.4063 ent0.0343 VRAM 23MB
Ep 1650 | M0_PDR 0.982 | M1_PDR 0.794 | H_m0 1.85 H_m1 3.00 | a-0.0831 c0.5192 ent0.0338 VRAM 23MB
Ep 1700 | M0_PDR 0.980 | M1_PDR 0.808 | H_m0 1.91 H_m1 2.94 | a-0.0814 c0.6490 ent0.0333 VRAM 23MB
Ep 1750 | M0_PDR 0.983 | M1_PDR 0.823 | H_m0 1.90 H_m1 2.93 | a-0.0805 c0.6006 ent0.0328 VRAM 23MB
Ep 1800 | M0_PDR 0.981 | M1_PDR 0.819 | H_m0 1.90 H_m1 2.91 | a-0.0799 c0.5546 ent0.0324 VRAM 23MB
Ep 1850 | M0_PDR 0.985 | M1_PDR 0.786 | H_m0 1.85 H_m1 2.87 | a-0.0757 c0.9063 ent0.0319 VRAM 23MB
Ep 1900 | M0_PDR 0.982 | M1_PDR 0.802 | H_m0 1.97 H_m1 2.95 | a-0.0785 c0.5793 ent0.0314 VRAM 23MB
Ep 1950 | M0_PDR 0.985 | M1_PDR 0.822 | H_m0 1.93 H_m1 2.88 | a-0.0757 c0.4416 ent0.0309 VRAM 23MB
Ep 2000 | M0_PDR 0.990 | M1_PDR 0.763 | H_m0 1.96 H_m1 2.91 | a-0.0743 c0.4211 ent0.0304 VRAM 23MB
Ep 2050 | M0_PDR 0.987 | M1_PDR 0.762 | H_m0 1.97 H_m1 2.97 | a-0.0744 c0.4206 ent0.0299 VRAM 23MB
Ep 2100 | M0_PDR 0.995 | M1_PDR 0.780 | H_m0 1.99 H_m1 2.98 | a-0.0734 c0.4885 ent0.0294 VRAM 23MB
Ep 2150 | M0_PDR 0.987 | M1_PDR 0.764 | H_m0 1.91 H_m1 2.94 | a-0.0712 c0.4937 ent0.0289 VRAM 23MB
Ep 2200 | M0_PDR 0.987 | M1_PDR 0.765 | H_m0 1.96 H_m1 2.99 | a-0.0713 c0.8252 ent0.0284 VRAM 23MB
Ep 2250 | M0_PDR 0.985 | M1_PDR 0.797 | H_m0 1.91 H_m1 2.94 | a-0.0689 c0.4604 ent0.0279 VRAM 23MB
Ep 2300 | M0_PDR 0.980 | M1_PDR 0.804 | H_m0 2.02 H_m1 2.93 | a-0.0699 c0.4200 ent0.0275 VRAM 23MB
Ep 2350 | M0_PDR 0.992 | M1_PDR 0.742 | H_m0 2.00 H_m1 2.89 | a-0.0671 c0.4056 ent0.0270 VRAM 23MB
Ep 2400 | M0_PDR 0.985 | M1_PDR 0.782 | H_m0 2.01 H_m1 2.96 | a-0.0666 c0.4973 ent0.0265 VRAM 23MB
Ep 2450 | M0_PDR 0.980 | M1_PDR 0.797 | H_m0 2.03 H_m1 2.96 | a-0.0660 c0.5745 ent0.0260 VRAM 23MB
Ep 2500 | M0_PDR 0.988 | M1_PDR 0.802 | H_m0 2.02 H_m1 2.89 | a-0.0630 c0.6349 ent0.0255 VRAM 23MB
Ep 2550 | M0_PDR 0.982 | M1_PDR 0.775 | H_m0 2.05 H_m1 2.95 | a-0.0650 c0.4532 ent0.0250 VRAM 23MB
Ep 2600 | M0_PDR 0.992 | M1_PDR 0.794 | H_m0 1.98 H_m1 2.87 | a-0.0600 c0.3709 ent0.0245 VRAM 23MB
Ep 2650 | M0_PDR 0.990 | M1_PDR 0.798 | H_m0 2.02 H_m1 2.89 | a-0.0590 c0.4548 ent0.0240 VRAM 23MB
Ep 2700 | M0_PDR 0.992 | M1_PDR 0.779 | H_m0 2.02 H_m1 2.97 | a-0.0600 c0.3723 ent0.0235 VRAM 23MB
Ep 2750 | M0_PDR 0.980 | M1_PDR 0.821 | H_m0 1.97 H_m1 2.90 | a-0.0566 c0.5516 ent0.0230 VRAM 23MB
Ep 2800 | M0_PDR 0.987 | M1_PDR 0.786 | H_m0 1.89 H_m1 2.89 | a-0.0540 c0.3880 ent0.0226 VRAM 23MB
Ep 2850 | M0_PDR 0.980 | M1_PDR 0.826 | H_m0 1.84 H_m1 2.89 | a-0.0525 c0.4582 ent0.0221 VRAM 23MB
Ep 2900 | M0_PDR 0.982 | M1_PDR 0.828 | H_m0 1.86 H_m1 2.77 | a-0.0504 c0.4813 ent0.0216 VRAM 23MB
Ep 2950 | M0_PDR 0.990 | M1_PDR 0.784 | H_m0 1.86 H_m1 2.85 | a-0.0505 c0.5630 ent0.0211 VRAM 23MB
Ep 3000 | M0_PDR 0.992 | M1_PDR 0.761 | H_m0 1.93 H_m1 2.82 | a-0.0502 c0.3602 ent0.0206 VRAM 23MB
Ep 3050 | M0_PDR 0.982 | M1_PDR 0.748 | H_m0 1.96 H_m1 2.89 | a-0.0493 c0.4832 ent0.0201 VRAM 23MB
Ep 3100 | M0_PDR 0.985 | M1_PDR 0.820 | H_m0 1.94 H_m1 2.86 | a-0.0479 c0.5111 ent0.0196 VRAM 23MB
Ep 3150 | M0_PDR 0.987 | M1_PDR 0.821 | H_m0 1.96 H_m1 2.89 | a-0.0471 c0.3891 ent0.0191 VRAM 23MB
Ep 3200 | M0_PDR 0.983 | M1_PDR 0.828 | H_m0 1.97 H_m1 2.86 | a-0.0456 c0.5739 ent0.0186 VRAM 23MB
Ep 3250 | M0_PDR 0.983 | M1_PDR 0.777 | H_m0 2.00 H_m1 2.90 | a-0.0451 c0.5244 ent0.0181 VRAM 23MB
Ep 3300 | M0_PDR 0.987 | M1_PDR 0.772 | H_m0 1.99 H_m1 2.91 | a-0.0433 c0.3752 ent0.0177 VRAM 23MB
Ep 3350 | M0_PDR 0.990 | M1_PDR 0.807 | H_m0 1.95 H_m1 2.85 | a-0.0424 c0.3919 ent0.0172 VRAM 23MB
Ep 3400 | M0_PDR 0.993 | M1_PDR 0.813 | H_m0 1.89 H_m1 2.82 | a-0.0395 c0.3151 ent0.0167 VRAM 23MB
Ep 3450 | M0_PDR 0.995 | M1_PDR 0.790 | H_m0 1.95 H_m1 2.70 | a-0.0381 c0.3915 ent0.0162 VRAM 23MB
Ep 3500 | M0_PDR 0.990 | M1_PDR 0.760 | H_m0 1.92 H_m1 2.78 | a-0.0372 c0.3510 ent0.0157 VRAM 23MB
Ep 3550 | M0_PDR 0.995 | M1_PDR 0.803 | H_m0 1.90 H_m1 2.69 | a-0.0347 c0.4175 ent0.0152 VRAM 23MB
Ep 3600 | M0_PDR 0.995 | M1_PDR 0.769 | H_m0 1.96 H_m1 2.68 | a-0.0346 c0.3960 ent0.0147 VRAM 23MB
Ep 3650 | M0_PDR 0.990 | M1_PDR 0.770 | H_m0 1.93 H_m1 2.75 | a-0.0333 c0.4054 ent0.0142 VRAM 23MB
Ep 3700 | M0_PDR 0.995 | M1_PDR 0.814 | H_m0 1.96 H_m1 2.70 | a-0.0325 c0.3364 ent0.0137 VRAM 23MB
Ep 3750 | M0_PDR 0.986 | M1_PDR 0.790 | H_m0 1.96 H_m1 2.70 | a-0.0312 c0.4712 ent0.0132 VRAM 23MB
Ep 3800 | M0_PDR 0.992 | M1_PDR 0.774 | H_m0 1.96 H_m1 2.66 | a-0.0298 c0.3495 ent0.0128 VRAM 23MB
Ep 3850 | M0_PDR 0.993 | M1_PDR 0.831 | H_m0 1.97 H_m1 2.62 | a-0.0286 c0.3695 ent0.0123 VRAM 23MB
Ep 3900 | M0_PDR 0.992 | M1_PDR 0.773 | H_m0 1.98 H_m1 2.62 | a-0.0276 c0.3986 ent0.0118 VRAM 23MB
Ep 3950 | M0_PDR 0.982 | M1_PDR 0.776 | H_m0 1.96 H_m1 2.59 | a-0.0258 c0.7002 ent0.0113 VRAM 23MB
Ep 4000 | M0_PDR 0.995 | M1_PDR 0.789 | H_m0 1.96 H_m1 2.60 | a-0.0248 c0.3492 ent0.0108 VRAM 23MB
Ep 4050 | M0_PDR 0.990 | M1_PDR 0.800 | H_m0 1.95 H_m1 2.61 | a-0.0238 c0.3342 ent0.0103 VRAM 23MB
Ep 4100 | M0_PDR 0.992 | M1_PDR 0.780 | H_m0 1.95 H_m1 2.63 | a-0.0228 c0.4056 ent0.0098 VRAM 23MB
Ep 4150 | M0_PDR 0.992 | M1_PDR 0.772 | H_m0 1.95 H_m1 2.62 | a-0.0215 c0.3586 ent0.0093 VRAM 23MB
Ep 4200 | M0_PDR 0.990 | M1_PDR 0.795 | H_m0 1.97 H_m1 2.61 | a-0.0204 c0.3586 ent0.0088 VRAM 23MB
Ep 4250 | M0_PDR 0.988 | M1_PDR 0.769 | H_m0 1.95 H_m1 2.61 | a-0.0193 c0.4345 ent0.0083 VRAM 23MB
Ep 4300 | M0_PDR 0.990 | M1_PDR 0.829 | H_m0 1.97 H_m1 2.57 | a-0.0182 c0.3838 ent0.0079 VRAM 23MB
Ep 4350 | M0_PDR 0.990 | M1_PDR 0.819 | H_m0 1.95 H_m1 2.56 | a-0.0167 c0.3890 ent0.0074 VRAM 23MB
Ep 4400 | M0_PDR 0.997 | M1_PDR 0.830 | H_m0 1.96 H_m1 2.56 | a-0.0157 c0.3433 ent0.0069 VRAM 23MB
Ep 4450 | M0_PDR 0.985 | M1_PDR 0.786 | H_m0 1.93 H_m1 2.59 | a-0.0146 c0.3544 ent0.0064 VRAM 23MB
Ep 4500 | M0_PDR 0.988 | M1_PDR 0.796 | H_m0 1.96 H_m1 2.56 | a-0.0134 c0.4838 ent0.0059 VRAM 23MB
Ep 4550 | M0_PDR 0.992 | M1_PDR 0.799 | H_m0 1.95 H_m1 2.55 | a-0.0123 c0.3779 ent0.0054 VRAM 23MB
Ep 4600 | M0_PDR 0.990 | M1_PDR 0.812 | H_m0 1.94 H_m1 2.52 | a-0.0110 c0.4208 ent0.0049 VRAM 23MB
Ep 4650 | M0_PDR 0.993 | M1_PDR 0.797 | H_m0 1.94 H_m1 2.54 | a-0.0099 c0.3909 ent0.0044 VRAM 23MB
Ep 4700 | M0_PDR 0.993 | M1_PDR 0.791 | H_m0 1.95 H_m1 2.53 | a-0.0089 c0.3423 ent0.0039 VRAM 23MB
Ep 4750 | M0_PDR 0.987 | M1_PDR 0.777 | H_m0 1.92 H_m1 2.55 | a-0.0078 c0.3880 ent0.0034 VRAM 23MB
Ep 4800 | M0_PDR 0.995 | M1_PDR 0.823 | H_m0 1.94 H_m1 2.50 | a-0.0067 c0.3334 ent0.0030 VRAM 23MB
Ep 4850 | M0_PDR 0.995 | M1_PDR 0.789 | H_m0 1.94 H_m1 2.51 | a-0.0055 c0.3164 ent0.0025 VRAM 23MB
Ep 4900 | M0_PDR 0.990 | M1_PDR 0.792 | H_m0 1.93 H_m1 2.49 | a-0.0044 c0.3834 ent0.0020 VRAM 23MB
Ep 4950 | M0_PDR 0.995 | M1_PDR 0.840 | H_m0 1.93 H_m1 2.45 | a-0.0033 c0.3252 ent0.0015 VRAM 23MB

Training complete. Running 100 eval episodes...

  Eval ep   0: M0_PDR=0.992  M1_PDR=0.798
  Eval ep  20: M0_PDR=0.988  M1_PDR=0.812
  Eval ep  40: M0_PDR=0.990  M1_PDR=0.777
  Eval ep  60: M0_PDR=0.980  M1_PDR=0.812
  Eval ep  80: M0_PDR=0.992  M1_PDR=0.771

=== Eval Summary (100 episodes) ===
  M0_PDR_mean         : 0.9912
  M0_PDR_p05 (across) : 0.9851
  M0_PDR_p05 (intra)  : 1.0000
  M1_PDR_mean         : 0.7956
  M0_SINR_mean (dB)   : 38.39
  M1_SINR_mean (dB)   : 24.73
  M0_collision_rate   : 0.016
  M0_collision_within_pool : 0.016
  M1_collision_within_pool : 0.333

Result saved -> results/_C_N4_seed3.json
  N=4  rho=0.8  M0_PDR=0.991  M1_PDR=0.796
[NS3Bridge] Shutdown complete.
Run complete.
