[seed] all RNGs seeded with 2
GPU : NVIDIA GeForce RTX 3060
VRAM: 12.9 GB
Device          : cuda:0
Actor M0 params : 21,273
Actor M1 params : 21,273
Critic params   : 79,361
obs_dim=11  action_dim=25  gs_dim=49
M0 count: 2  M1 count: 2
Training for 5000 episodes (Config C_N4_delta06_seed2, N=4)...

[NS3Bridge] Connected tcp://localhost:5976
Ep    0 | M0_PDR 0.678 | M1_PDR 0.737 | H_m0 3.22 H_m1 3.22 | a-0.1656 c73.1331 ent0.0500 VRAM 23MB
Ep   50 | M0_PDR 0.668 | M1_PDR 0.731 | H_m0 3.19 H_m1 3.19 | a-0.1589 c28.8935 ent0.0495 VRAM 23MB
Ep  100 | M0_PDR 0.668 | M1_PDR 0.751 | H_m0 3.18 H_m1 3.20 | a-0.1580 c10.2097 ent0.0490 VRAM 23MB
Ep  150 | M0_PDR 0.650 | M1_PDR 0.769 | H_m0 3.17 H_m1 3.20 | a-0.1569 c5.8020 ent0.0485 VRAM 23MB
Ep  200 | M0_PDR 0.662 | M1_PDR 0.706 | H_m0 3.12 H_m1 3.21 | a-0.1534 c3.0694 ent0.0480 VRAM 23MB
Ep  250 | M0_PDR 0.676 | M1_PDR 0.778 | H_m0 3.08 H_m1 3.14 | a-0.1496 c2.3418 ent0.0475 VRAM 23MB
Ep  300 | M0_PDR 0.740 | M1_PDR 0.837 | H_m0 2.93 H_m1 3.09 | a-0.1435 c2.4560 ent0.0471 VRAM 23MB
Ep  350 | M0_PDR 0.849 | M1_PDR 0.762 | H_m0 2.47 H_m1 3.09 | a-0.1329 c2.3676 ent0.0466 VRAM 23MB
Ep  400 | M0_PDR 0.966 | M1_PDR 0.759 | H_m0 2.07 H_m1 2.93 | a-0.1199 c1.6850 ent0.0461 VRAM 23MB
Ep  450 | M0_PDR 0.984 | M1_PDR 0.793 | H_m0 2.02 H_m1 2.78 | a-0.1139 c0.8604 ent0.0456 VRAM 23MB
Ep  500 | M0_PDR 0.982 | M1_PDR 0.760 | H_m0 1.96 H_m1 2.93 | a-0.1123 c0.9189 ent0.0451 VRAM 23MB
Ep  550 | M0_PDR 0.990 | M1_PDR 0.738 | H_m0 1.98 H_m1 2.97 | a-0.1143 c0.9274 ent0.0446 VRAM 23MB
Ep  600 | M0_PDR 0.998 | M1_PDR 0.804 | H_m0 1.78 H_m1 2.90 | a-0.1055 c0.5510 ent0.0441 VRAM 23MB
Ep  650 | M0_PDR 0.976 | M1_PDR 0.737 | H_m0 1.85 H_m1 3.00 | a-0.1091 c1.1870 ent0.0436 VRAM 23MB
Ep  700 | M0_PDR 0.995 | M1_PDR 0.796 | H_m0 2.06 H_m1 2.97 | a-0.1100 c1.1243 ent0.0431 VRAM 23MB
Ep  750 | M0_PDR 0.985 | M1_PDR 0.795 | H_m0 2.06 H_m1 2.96 | a-0.1100 c0.7765 ent0.0426 VRAM 23MB
Ep  800 | M0_PDR 0.985 | M1_PDR 0.829 | H_m0 2.18 H_m1 2.95 | a-0.1100 c0.9603 ent0.0422 VRAM 23MB
Ep  850 | M0_PDR 0.995 | M1_PDR 0.822 | H_m0 2.12 H_m1 3.00 | a-0.1074 c0.5741 ent0.0417 VRAM 23MB
Ep  900 | M0_PDR 0.990 | M1_PDR 0.797 | H_m0 2.01 H_m1 2.87 | a-0.1029 c0.6722 ent0.0412 VRAM 23MB
Ep  950 | M0_PDR 0.997 | M1_PDR 0.796 | H_m0 2.17 H_m1 2.94 | a-0.1045 c0.5083 ent0.0407 VRAM 23MB
Ep 1000 | M0_PDR 0.980 | M1_PDR 0.814 | H_m0 2.11 H_m1 2.85 | a-0.1004 c1.1111 ent0.0402 VRAM 23MB
Ep 1050 | M0_PDR 0.988 | M1_PDR 0.790 | H_m0 2.19 H_m1 2.95 | a-0.1042 c2.0926 ent0.0397 VRAM 23MB
Ep 1100 | M0_PDR 0.980 | M1_PDR 0.784 | H_m0 2.23 H_m1 2.81 | a-0.1000 c1.7075 ent0.0392 VRAM 23MB
Ep 1150 | M0_PDR 0.990 | M1_PDR 0.781 | H_m0 2.19 H_m1 2.85 | a-0.0991 c0.7735 ent0.0387 VRAM 23MB
Ep 1200 | M0_PDR 0.995 | M1_PDR 0.790 | H_m0 2.21 H_m1 2.97 | a-0.0999 c0.7166 ent0.0382 VRAM 23MB
Ep 1250 | M0_PDR 0.998 | M1_PDR 0.794 | H_m0 2.23 H_m1 2.83 | a-0.0966 c0.4148 ent0.0377 VRAM 23MB
Ep 1300 | M0_PDR 0.993 | M1_PDR 0.816 | H_m0 2.18 H_m1 2.89 | a-0.0944 c1.3517 ent0.0373 VRAM 23MB
Ep 1350 | M0_PDR 0.997 | M1_PDR 0.805 | H_m0 2.18 H_m1 2.78 | a-0.0924 c0.4968 ent0.0368 VRAM 23MB
Ep 1400 | M0_PDR 0.997 | M1_PDR 0.811 | H_m0 2.26 H_m1 2.86 | a-0.0939 c0.6027 ent0.0363 VRAM 23MB
Ep 1450 | M0_PDR 0.969 | M1_PDR 0.773 | H_m0 2.24 H_m1 2.87 | a-0.0930 c0.8406 ent0.0358 VRAM 23MB
Ep 1500 | M0_PDR 0.989 | M1_PDR 0.790 | H_m0 2.24 H_m1 2.81 | a-0.0905 c0.5535 ent0.0353 VRAM 23MB
Ep 1550 | M0_PDR 0.989 | M1_PDR 0.793 | H_m0 2.23 H_m1 2.91 | a-0.0904 c0.4845 ent0.0348 VRAM 23MB
Ep 1600 | M0_PDR 0.997 | M1_PDR 0.829 | H_m0 2.21 H_m1 2.82 | a-0.0875 c0.3969 ent0.0343 VRAM 23MB
Ep 1650 | M0_PDR 0.992 | M1_PDR 0.777 | H_m0 2.25 H_m1 2.77 | a-0.0869 c0.5700 ent0.0338 VRAM 23MB
Ep 1700 | M0_PDR 0.997 | M1_PDR 0.784 | H_m0 2.19 H_m1 2.76 | a-0.0845 c0.5456 ent0.0333 VRAM 23MB
Ep 1750 | M0_PDR 0.987 | M1_PDR 0.775 | H_m0 2.27 H_m1 2.65 | a-0.0826 c0.6408 ent0.0328 VRAM 23MB
Ep 1800 | M0_PDR 0.990 | M1_PDR 0.784 | H_m0 2.21 H_m1 2.67 | a-0.0799 c0.6856 ent0.0324 VRAM 23MB
Ep 1850 | M0_PDR 0.992 | M1_PDR 0.787 | H_m0 2.25 H_m1 2.70 | a-0.0802 c0.4859 ent0.0319 VRAM 23MB
Ep 1900 | M0_PDR 0.992 | M1_PDR 0.796 | H_m0 2.27 H_m1 2.67 | a-0.0786 c0.5440 ent0.0314 VRAM 23MB
Ep 1950 | M0_PDR 0.997 | M1_PDR 0.777 | H_m0 2.21 H_m1 2.69 | a-0.0763 c0.5747 ent0.0309 VRAM 23MB
Ep 2000 | M0_PDR 0.993 | M1_PDR 0.781 | H_m0 2.07 H_m1 2.65 | a-0.0731 c0.5541 ent0.0304 VRAM 23MB
Ep 2050 | M0_PDR 0.995 | M1_PDR 0.753 | H_m0 2.00 H_m1 2.78 | a-0.0737 c1.1670 ent0.0299 VRAM 23MB
Ep 2100 | M0_PDR 0.992 | M1_PDR 0.767 | H_m0 2.20 H_m1 2.80 | a-0.0749 c0.4789 ent0.0294 VRAM 23MB
Ep 2150 | M0_PDR 0.992 | M1_PDR 0.807 | H_m0 2.18 H_m1 2.73 | a-0.0724 c0.5265 ent0.0289 VRAM 23MB
Ep 2200 | M0_PDR 0.997 | M1_PDR 0.792 | H_m0 2.24 H_m1 2.78 | a-0.0722 c0.3836 ent0.0284 VRAM 23MB
Ep 2250 | M0_PDR 0.992 | M1_PDR 0.769 | H_m0 2.20 H_m1 2.73 | a-0.0689 c0.5749 ent0.0279 VRAM 23MB
Ep 2300 | M0_PDR 0.992 | M1_PDR 0.800 | H_m0 2.08 H_m1 2.70 | a-0.0664 c0.5729 ent0.0275 VRAM 23MB
Ep 2350 | M0_PDR 0.992 | M1_PDR 0.784 | H_m0 2.17 H_m1 2.81 | a-0.0676 c0.7501 ent0.0270 VRAM 23MB
Ep 2400 | M0_PDR 0.995 | M1_PDR 0.781 | H_m0 2.21 H_m1 2.81 | a-0.0680 c0.4340 ent0.0265 VRAM 23MB
Ep 2450 | M0_PDR 0.999 | M1_PDR 0.807 | H_m0 2.20 H_m1 2.82 | a-0.0659 c0.5237 ent0.0260 VRAM 23MB
Ep 2500 | M0_PDR 0.997 | M1_PDR 0.781 | H_m0 2.17 H_m1 2.76 | a-0.0635 c0.4009 ent0.0255 VRAM 23MB
Ep 2550 | M0_PDR 0.995 | M1_PDR 0.819 | H_m0 2.14 H_m1 2.69 | a-0.0610 c0.3275 ent0.0250 VRAM 23MB
Ep 2600 | M0_PDR 0.995 | M1_PDR 0.787 | H_m0 2.19 H_m1 2.61 | a-0.0601 c0.5939 ent0.0245 VRAM 23MB
Ep 2650 | M0_PDR 0.990 | M1_PDR 0.820 | H_m0 2.15 H_m1 2.66 | a-0.0585 c0.5388 ent0.0240 VRAM 23MB
Ep 2700 | M0_PDR 1.000 | M1_PDR 0.795 | H_m0 2.20 H_m1 2.67 | a-0.0579 c0.7675 ent0.0235 VRAM 23MB
Ep 2750 | M0_PDR 0.980 | M1_PDR 0.793 | H_m0 2.17 H_m1 2.53 | a-0.0547 c0.7095 ent0.0230 VRAM 23MB
Ep 2800 | M0_PDR 0.990 | M1_PDR 0.804 | H_m0 2.19 H_m1 2.49 | a-0.0543 c0.5037 ent0.0226 VRAM 23MB
Ep 2850 | M0_PDR 0.995 | M1_PDR 0.805 | H_m0 2.20 H_m1 2.33 | a-0.0505 c0.5376 ent0.0221 VRAM 23MB
Ep 2900 | M0_PDR 0.985 | M1_PDR 0.800 | H_m0 2.20 H_m1 2.27 | a-0.0490 c0.5570 ent0.0216 VRAM 23MB
Ep 2950 | M0_PDR 0.997 | M1_PDR 0.809 | H_m0 2.19 H_m1 2.25 | a-0.0474 c0.3746 ent0.0211 VRAM 23MB
Ep 3000 | M0_PDR 0.995 | M1_PDR 0.796 | H_m0 2.17 H_m1 2.43 | a-0.0482 c0.4467 ent0.0206 VRAM 23MB
Ep 3050 | M0_PDR 0.992 | M1_PDR 0.816 | H_m0 2.19 H_m1 2.39 | a-0.0464 c0.5063 ent0.0201 VRAM 23MB
Ep 3100 | M0_PDR 0.992 | M1_PDR 0.812 | H_m0 2.17 H_m1 2.48 | a-0.0461 c0.3649 ent0.0196 VRAM 23MB
Ep 3150 | M0_PDR 1.000 | M1_PDR 0.766 | H_m0 2.19 H_m1 2.48 | a-0.0453 c0.4523 ent0.0191 VRAM 23MB
Ep 3200 | M0_PDR 0.997 | M1_PDR 0.821 | H_m0 2.19 H_m1 2.31 | a-0.0422 c0.4088 ent0.0186 VRAM 23MB
Ep 3250 | M0_PDR 0.995 | M1_PDR 0.780 | H_m0 2.19 H_m1 2.22 | a-0.0404 c0.5955 ent0.0181 VRAM 23MB
Ep 3300 | M0_PDR 1.000 | M1_PDR 0.794 | H_m0 2.18 H_m1 2.26 | a-0.0394 c0.4404 ent0.0177 VRAM 23MB
Ep 3350 | M0_PDR 0.993 | M1_PDR 0.778 | H_m0 2.18 H_m1 2.36 | a-0.0394 c0.5918 ent0.0172 VRAM 23MB
Ep 3400 | M0_PDR 0.995 | M1_PDR 0.778 | H_m0 2.18 H_m1 2.26 | a-0.0376 c0.4657 ent0.0167 VRAM 23MB
Ep 3450 | M0_PDR 0.995 | M1_PDR 0.760 | H_m0 2.17 H_m1 2.29 | a-0.0364 c0.5558 ent0.0162 VRAM 23MB
Ep 3500 | M0_PDR 0.995 | M1_PDR 0.815 | H_m0 2.15 H_m1 2.23 | a-0.0348 c0.4107 ent0.0157 VRAM 23MB
Ep 3550 | M0_PDR 0.997 | M1_PDR 0.753 | H_m0 2.14 H_m1 2.26 | a-0.0337 c0.4435 ent0.0152 VRAM 23MB
Ep 3600 | M0_PDR 0.995 | M1_PDR 0.806 | H_m0 2.15 H_m1 2.25 | a-0.0328 c0.6289 ent0.0147 VRAM 23MB
Ep 3650 | M0_PDR 1.000 | M1_PDR 0.808 | H_m0 2.15 H_m1 2.33 | a-0.0321 c0.4412 ent0.0142 VRAM 23MB
Ep 3700 | M0_PDR 1.000 | M1_PDR 0.800 | H_m0 2.15 H_m1 2.30 | a-0.0308 c0.4296 ent0.0137 VRAM 23MB
Ep 3750 | M0_PDR 1.000 | M1_PDR 0.801 | H_m0 2.16 H_m1 2.23 | a-0.0296 c0.4306 ent0.0132 VRAM 23MB
Ep 3800 | M0_PDR 0.995 | M1_PDR 0.806 | H_m0 2.16 H_m1 2.24 | a-0.0283 c0.5341 ent0.0128 VRAM 23MB
Ep 3850 | M0_PDR 0.997 | M1_PDR 0.776 | H_m0 2.16 H_m1 2.28 | a-0.0275 c0.4666 ent0.0123 VRAM 23MB
Ep 3900 | M0_PDR 0.995 | M1_PDR 0.819 | H_m0 2.15 H_m1 2.20 | a-0.0260 c0.4289 ent0.0118 VRAM 23MB
Ep 3950 | M0_PDR 0.992 | M1_PDR 0.818 | H_m0 2.15 H_m1 2.18 | a-0.0247 c0.4592 ent0.0113 VRAM 23MB
Ep 4000 | M0_PDR 0.997 | M1_PDR 0.830 | H_m0 2.15 H_m1 2.12 | a-0.0233 c0.4958 ent0.0108 VRAM 23MB
Ep 4050 | M0_PDR 0.998 | M1_PDR 0.806 | H_m0 2.14 H_m1 2.17 | a-0.0222 c0.3946 ent0.0103 VRAM 23MB
Ep 4100 | M0_PDR 1.000 | M1_PDR 0.843 | H_m0 2.14 H_m1 2.15 | a-0.0215 c0.3954 ent0.0098 VRAM 23MB
Ep 4150 | M0_PDR 0.996 | M1_PDR 0.812 | H_m0 2.14 H_m1 2.14 | a-0.0201 c0.4623 ent0.0093 VRAM 23MB
Ep 4200 | M0_PDR 1.000 | M1_PDR 0.764 | H_m0 2.14 H_m1 2.19 | a-0.0194 c0.4666 ent0.0088 VRAM 23MB
Ep 4250 | M0_PDR 0.996 | M1_PDR 0.792 | H_m0 2.14 H_m1 2.17 | a-0.0180 c0.3947 ent0.0083 VRAM 23MB
Ep 4300 | M0_PDR 0.995 | M1_PDR 0.801 | H_m0 2.13 H_m1 2.13 | a-0.0169 c0.3444 ent0.0079 VRAM 23MB
Ep 4350 | M0_PDR 1.000 | M1_PDR 0.793 | H_m0 2.12 H_m1 2.14 | a-0.0159 c0.3871 ent0.0074 VRAM 23MB
Ep 4400 | M0_PDR 1.000 | M1_PDR 0.738 | H_m0 2.13 H_m1 2.16 | a-0.0149 c0.4523 ent0.0069 VRAM 23MB
Ep 4450 | M0_PDR 1.000 | M1_PDR 0.809 | H_m0 2.13 H_m1 2.08 | a-0.0135 c0.3654 ent0.0064 VRAM 23MB
Ep 4500 | M0_PDR 1.000 | M1_PDR 0.815 | H_m0 2.13 H_m1 2.10 | a-0.0126 c0.3956 ent0.0059 VRAM 23MB
Ep 4550 | M0_PDR 0.997 | M1_PDR 0.807 | H_m0 2.13 H_m1 2.10 | a-0.0115 c0.3725 ent0.0054 VRAM 23MB
Ep 4600 | M0_PDR 1.000 | M1_PDR 0.796 | H_m0 2.13 H_m1 2.11 | a-0.0105 c0.4340 ent0.0049 VRAM 23MB
Ep 4650 | M0_PDR 0.995 | M1_PDR 0.816 | H_m0 2.13 H_m1 2.07 | a-0.0094 c0.4576 ent0.0044 VRAM 23MB
Ep 4700 | M0_PDR 0.995 | M1_PDR 0.761 | H_m0 2.13 H_m1 2.15 | a-0.0085 c0.5018 ent0.0039 VRAM 23MB
Ep 4750 | M0_PDR 1.000 | M1_PDR 0.757 | H_m0 2.13 H_m1 2.13 | a-0.0074 c0.4363 ent0.0034 VRAM 23MB
Ep 4800 | M0_PDR 1.000 | M1_PDR 0.775 | H_m0 2.13 H_m1 2.13 | a-0.0063 c0.4536 ent0.0030 VRAM 23MB
Ep 4850 | M0_PDR 1.000 | M1_PDR 0.799 | H_m0 2.13 H_m1 2.10 | a-0.0053 c0.4887 ent0.0025 VRAM 23MB
Ep 4900 | M0_PDR 1.000 | M1_PDR 0.805 | H_m0 2.13 H_m1 2.09 | a-0.0042 c0.4183 ent0.0020 VRAM 23MB
Ep 4950 | M0_PDR 0.992 | M1_PDR 0.783 | H_m0 2.13 H_m1 2.10 | a-0.0032 c0.5806 ent0.0015 VRAM 23MB

Training complete. Running 100 eval episodes...

  Eval ep   0: M0_PDR=0.997  M1_PDR=0.824
  Eval ep  20: M0_PDR=0.997  M1_PDR=0.780
  Eval ep  40: M0_PDR=1.000  M1_PDR=0.822
  Eval ep  60: M0_PDR=1.000  M1_PDR=0.809
  Eval ep  80: M0_PDR=0.998  M1_PDR=0.759

=== Eval Summary (100 episodes) ===
  M0_PDR_mean         : 0.9989
  M0_PDR_p05 (across) : 0.9950
  M0_PDR_p05 (intra)  : 1.0000
  M1_PDR_mean         : 0.8016
  M0_SINR_mean (dB)   : 39.61
  M1_SINR_mean (dB)   : 26.45
  M0_collision_rate   : 0.001
  M0_collision_within_pool : 0.001
  M1_collision_within_pool : 0.328

Result saved -> results/_C_N4_delta06_seed2.json
  N=4  rho=0.8  M0_PDR=0.999  M1_PDR=0.802
[NS3Bridge] Shutdown complete.
Run complete.
