[seed] all RNGs seeded with 5
GPU : NVIDIA GeForce RTX 3060
VRAM: 12.9 GB
Device          : cuda:0
Actor M0 params : 21,273
Actor M1 params : 21,273
Critic params   : 79,361
obs_dim=11  action_dim=25  gs_dim=49
M0 count: 2  M1 count: 2
Training for 3000 episodes (Config C_N4_3000ep_seed5, N=4)...

[NS3Bridge] Connected tcp://localhost:5936
Ep    0 | M0_PDR 0.686 | M1_PDR 0.727 | H_m0 3.22 H_m1 3.22 | a-0.1647 c56.1186 ent0.0500 VRAM 23MB
Ep   50 | M0_PDR 0.678 | M1_PDR 0.812 | H_m0 3.20 H_m1 3.20 | a-0.1586 c21.1140 ent0.0492 VRAM 23MB
Ep  100 | M0_PDR 0.660 | M1_PDR 0.778 | H_m0 3.19 H_m1 3.20 | a-0.1555 c9.0828 ent0.0484 VRAM 23MB
Ep  150 | M0_PDR 0.672 | M1_PDR 0.763 | H_m0 3.17 H_m1 3.21 | a-0.1526 c4.8864 ent0.0475 VRAM 23MB
Ep  200 | M0_PDR 0.692 | M1_PDR 0.779 | H_m0 3.14 H_m1 3.20 | a-0.1495 c3.7505 ent0.0467 VRAM 23MB
Ep  250 | M0_PDR 0.642 | M1_PDR 0.785 | H_m0 3.14 H_m1 3.20 | a-0.1468 c3.3011 ent0.0459 VRAM 23MB
Ep  300 | M0_PDR 0.687 | M1_PDR 0.766 | H_m0 3.03 H_m1 3.18 | a-0.1416 c2.6612 ent0.0451 VRAM 23MB
Ep  350 | M0_PDR 0.700 | M1_PDR 0.769 | H_m0 2.89 H_m1 3.13 | a-0.1350 c1.8717 ent0.0443 VRAM 23MB
Ep  400 | M0_PDR 0.707 | M1_PDR 0.754 | H_m0 2.84 H_m1 3.18 | a-0.1332 c1.6443 ent0.0435 VRAM 23MB
Ep  450 | M0_PDR 0.794 | M1_PDR 0.743 | H_m0 2.70 H_m1 3.19 | a-0.1262 c1.6224 ent0.0426 VRAM 23MB
Ep  500 | M0_PDR 0.892 | M1_PDR 0.808 | H_m0 1.72 H_m1 3.20 | a-0.1024 c1.7445 ent0.0418 VRAM 23MB
Ep  550 | M0_PDR 0.965 | M1_PDR 0.763 | H_m0 1.46 H_m1 3.20 | a-0.0976 c0.9450 ent0.0410 VRAM 23MB
Ep  600 | M0_PDR 0.985 | M1_PDR 0.733 | H_m0 1.54 H_m1 3.14 | a-0.0948 c0.5821 ent0.0402 VRAM 23MB
Ep  650 | M0_PDR 0.970 | M1_PDR 0.731 | H_m0 1.67 H_m1 3.15 | a-0.0971 c0.7401 ent0.0394 VRAM 23MB
Ep  700 | M0_PDR 0.982 | M1_PDR 0.756 | H_m0 1.71 H_m1 3.12 | a-0.0950 c0.8933 ent0.0386 VRAM 23MB
Ep  750 | M0_PDR 0.993 | M1_PDR 0.766 | H_m0 1.73 H_m1 3.11 | a-0.0928 c2.1603 ent0.0377 VRAM 23MB
Ep  800 | M0_PDR 0.987 | M1_PDR 0.788 | H_m0 1.71 H_m1 3.09 | a-0.0894 c0.4903 ent0.0369 VRAM 23MB
Ep  850 | M0_PDR 0.987 | M1_PDR 0.785 | H_m0 1.65 H_m1 3.06 | a-0.0873 c0.8321 ent0.0361 VRAM 23MB
Ep  900 | M0_PDR 0.992 | M1_PDR 0.736 | H_m0 1.68 H_m1 3.08 | a-0.0862 c0.5401 ent0.0353 VRAM 23MB
Ep  950 | M0_PDR 0.992 | M1_PDR 0.780 | H_m0 1.72 H_m1 3.09 | a-0.0841 c0.6754 ent0.0345 VRAM 23MB
Ep 1000 | M0_PDR 0.992 | M1_PDR 0.777 | H_m0 1.59 H_m1 3.03 | a-0.0786 c0.4781 ent0.0337 VRAM 23MB
Ep 1050 | M0_PDR 0.995 | M1_PDR 0.750 | H_m0 1.72 H_m1 3.04 | a-0.0793 c0.5770 ent0.0328 VRAM 23MB
Ep 1100 | M0_PDR 0.987 | M1_PDR 0.768 | H_m0 1.77 H_m1 3.08 | a-0.0790 c1.2475 ent0.0320 VRAM 23MB
Ep 1150 | M0_PDR 0.995 | M1_PDR 0.769 | H_m0 1.70 H_m1 2.98 | a-0.0738 c0.4694 ent0.0312 VRAM 23MB
Ep 1200 | M0_PDR 0.995 | M1_PDR 0.800 | H_m0 1.78 H_m1 2.98 | a-0.0729 c0.8951 ent0.0304 VRAM 23MB
Ep 1250 | M0_PDR 0.997 | M1_PDR 0.809 | H_m0 1.70 H_m1 2.98 | a-0.0703 c0.5510 ent0.0296 VRAM 23MB
Ep 1300 | M0_PDR 0.987 | M1_PDR 0.756 | H_m0 1.74 H_m1 2.83 | a-0.0677 c0.6163 ent0.0288 VRAM 23MB
Ep 1350 | M0_PDR 0.992 | M1_PDR 0.798 | H_m0 1.69 H_m1 2.92 | a-0.0651 c0.5672 ent0.0279 VRAM 23MB
Ep 1400 | M0_PDR 0.993 | M1_PDR 0.812 | H_m0 1.72 H_m1 2.90 | a-0.0628 c0.3955 ent0.0271 VRAM 23MB
Ep 1450 | M0_PDR 0.988 | M1_PDR 0.750 | H_m0 1.56 H_m1 2.96 | a-0.0600 c0.5281 ent0.0263 VRAM 23MB
Ep 1500 | M0_PDR 0.989 | M1_PDR 0.775 | H_m0 1.71 H_m1 2.94 | a-0.0601 c0.4006 ent0.0255 VRAM 23MB
Ep 1550 | M0_PDR 0.990 | M1_PDR 0.784 | H_m0 1.81 H_m1 2.95 | a-0.0594 c0.4121 ent0.0247 VRAM 23MB
Ep 1600 | M0_PDR 0.992 | M1_PDR 0.806 | H_m0 1.88 H_m1 2.98 | a-0.0585 c0.7170 ent0.0239 VRAM 23MB
Ep 1650 | M0_PDR 0.990 | M1_PDR 0.788 | H_m0 1.84 H_m1 3.01 | a-0.0562 c0.4548 ent0.0230 VRAM 23MB
Ep 1700 | M0_PDR 0.985 | M1_PDR 0.812 | H_m0 1.84 H_m1 2.96 | a-0.0544 c0.4642 ent0.0222 VRAM 23MB
Ep 1750 | M0_PDR 0.983 | M1_PDR 0.785 | H_m0 1.83 H_m1 2.91 | a-0.0513 c0.4383 ent0.0214 VRAM 23MB
Ep 1800 | M0_PDR 0.985 | M1_PDR 0.798 | H_m0 1.83 H_m1 2.90 | a-0.0491 c0.4383 ent0.0206 VRAM 23MB
Ep 1850 | M0_PDR 0.997 | M1_PDR 0.768 | H_m0 1.80 H_m1 2.80 | a-0.0466 c0.3987 ent0.0198 VRAM 23MB
Ep 1900 | M0_PDR 0.983 | M1_PDR 0.757 | H_m0 1.81 H_m1 2.83 | a-0.0446 c0.7384 ent0.0190 VRAM 23MB
Ep 1950 | M0_PDR 0.986 | M1_PDR 0.841 | H_m0 1.78 H_m1 2.79 | a-0.0419 c0.4921 ent0.0181 VRAM 23MB
Ep 2000 | M0_PDR 0.985 | M1_PDR 0.783 | H_m0 1.75 H_m1 2.82 | a-0.0400 c0.4028 ent0.0173 VRAM 23MB
Ep 2050 | M0_PDR 0.995 | M1_PDR 0.807 | H_m0 1.74 H_m1 2.78 | a-0.0378 c0.3654 ent0.0165 VRAM 23MB
Ep 2100 | M0_PDR 0.992 | M1_PDR 0.801 | H_m0 1.76 H_m1 2.81 | a-0.0364 c0.4362 ent0.0157 VRAM 23MB
Ep 2150 | M0_PDR 0.992 | M1_PDR 0.784 | H_m0 1.74 H_m1 2.81 | a-0.0341 c0.3824 ent0.0149 VRAM 23MB
Ep 2200 | M0_PDR 0.993 | M1_PDR 0.791 | H_m0 1.72 H_m1 2.81 | a-0.0321 c0.4176 ent0.0141 VRAM 23MB
Ep 2250 | M0_PDR 0.995 | M1_PDR 0.774 | H_m0 1.73 H_m1 2.81 | a-0.0302 c0.3876 ent0.0132 VRAM 23MB
Ep 2300 | M0_PDR 0.995 | M1_PDR 0.786 | H_m0 1.67 H_m1 2.77 | a-0.0278 c0.3697 ent0.0124 VRAM 23MB
Ep 2350 | M0_PDR 0.998 | M1_PDR 0.778 | H_m0 1.67 H_m1 2.71 | a-0.0259 c0.3388 ent0.0116 VRAM 23MB
Ep 2400 | M0_PDR 0.995 | M1_PDR 0.784 | H_m0 1.66 H_m1 2.70 | a-0.0237 c0.3883 ent0.0108 VRAM 23MB
Ep 2450 | M0_PDR 0.996 | M1_PDR 0.781 | H_m0 1.71 H_m1 2.68 | a-0.0220 c0.4464 ent0.0100 VRAM 23MB
Ep 2500 | M0_PDR 0.997 | M1_PDR 0.758 | H_m0 1.73 H_m1 2.68 | a-0.0203 c0.3656 ent0.0092 VRAM 23MB
Ep 2550 | M0_PDR 1.000 | M1_PDR 0.805 | H_m0 1.74 H_m1 2.64 | a-0.0184 c0.3255 ent0.0083 VRAM 23MB
Ep 2600 | M0_PDR 1.000 | M1_PDR 0.778 | H_m0 1.74 H_m1 2.66 | a-0.0166 c0.3259 ent0.0075 VRAM 23MB
Ep 2650 | M0_PDR 0.997 | M1_PDR 0.789 | H_m0 1.74 H_m1 2.66 | a-0.0149 c0.3729 ent0.0067 VRAM 23MB
Ep 2700 | M0_PDR 0.997 | M1_PDR 0.804 | H_m0 1.75 H_m1 2.63 | a-0.0130 c0.3264 ent0.0059 VRAM 23MB
Ep 2750 | M0_PDR 0.998 | M1_PDR 0.742 | H_m0 1.75 H_m1 2.65 | a-0.0114 c0.3548 ent0.0051 VRAM 23MB
Ep 2800 | M0_PDR 0.997 | M1_PDR 0.814 | H_m0 1.75 H_m1 2.60 | a-0.0093 c0.3129 ent0.0043 VRAM 23MB
Ep 2850 | M0_PDR 0.997 | M1_PDR 0.787 | H_m0 1.75 H_m1 2.62 | a-0.0076 c0.3331 ent0.0034 VRAM 23MB
Ep 2900 | M0_PDR 0.995 | M1_PDR 0.791 | H_m0 1.75 H_m1 2.61 | a-0.0057 c0.3487 ent0.0026 VRAM 23MB
Ep 2950 | M0_PDR 0.997 | M1_PDR 0.806 | H_m0 1.74 H_m1 2.59 | a-0.0040 c0.3238 ent0.0018 VRAM 23MB

Training complete. Running 100 eval episodes...

  Eval ep   0: M0_PDR=1.000  M1_PDR=0.783
  Eval ep  20: M0_PDR=0.995  M1_PDR=0.815
  Eval ep  40: M0_PDR=0.992  M1_PDR=0.808
  Eval ep  60: M0_PDR=1.000  M1_PDR=0.776
  Eval ep  80: M0_PDR=0.997  M1_PDR=0.796

=== Eval Summary (100 episodes) ===
  M0_PDR_mean         : 0.9964
  M0_PDR_p05 (across) : 0.9903
  M0_PDR_p05 (intra)  : 1.0000
  M1_PDR_mean         : 0.7917
  M0_SINR_mean (dB)   : 38.06
  M1_SINR_mean (dB)   : 24.29
  M0_collision_rate   : 0.006
  M0_collision_within_pool : 0.006
  M1_collision_within_pool : 0.333

Result saved -> results/_C_N4_3000ep_seed5.json
  N=4  rho=0.8  M0_PDR=0.996  M1_PDR=0.792
[NS3Bridge] Shutdown complete.
Run complete.
