[seed] all RNGs seeded with 2
GPU : NVIDIA GeForce RTX 3060
VRAM: 12.9 GB
Device          : cuda:0
Actors          : 10 per-vehicle, total 228,190 params
Critic params   : 101,889
obs_dim=13  action_dim=35  gs_dim=137
M0 count: 5  M1 count: 5
Training for 5000 episodes (Config D_N10_M7_pool5_seed2_gaefix_g05_ent01, N=10)...

[NS3Bridge] Connected tcp://localhost:8336
Ep    0 | M0_PDR 0.568 | M1_PDR 0.322 | H_m0 3.55 H_m1 3.55 | a-0.0429 c0.7289 ent0.0100 VRAM 37MB
Ep   50 | M0_PDR 0.744 | M1_PDR 0.310 | H_m0 1.90 H_m1 3.49 | a-0.0378 c0.9174 ent0.0099 VRAM 37MB
Ep  100 | M0_PDR 0.997 | M1_PDR 0.347 | H_m0 0.09 H_m1 3.42 | a-0.0194 c1.3377 ent0.0098 VRAM 37MB
Ep  150 | M0_PDR 0.999 | M1_PDR 0.384 | H_m0 0.11 H_m1 2.81 | a-0.0156 c1.3332 ent0.0097 VRAM 37MB
Ep  200 | M0_PDR 1.000 | M1_PDR 0.471 | H_m0 0.14 H_m1 2.31 | a-0.0121 c1.3138 ent0.0096 VRAM 37MB
Ep  250 | M0_PDR 1.000 | M1_PDR 0.527 | H_m0 0.04 H_m1 1.73 | a-0.0104 c1.2959 ent0.0095 VRAM 37MB
Ep  300 | M0_PDR 1.000 | M1_PDR 0.539 | H_m0 0.07 H_m1 1.66 | a-0.0090 c1.2955 ent0.0095 VRAM 37MB
Ep  350 | M0_PDR 1.000 | M1_PDR 0.624 | H_m0 0.01 H_m1 1.34 | a-0.0081 c1.2779 ent0.0094 VRAM 37MB
Ep  400 | M0_PDR 1.000 | M1_PDR 0.637 | H_m0 0.00 H_m1 1.21 | a-0.0065 c1.2689 ent0.0093 VRAM 37MB
Ep  450 | M0_PDR 1.000 | M1_PDR 0.620 | H_m0 0.00 H_m1 1.37 | a-0.0073 c1.2750 ent0.0092 VRAM 37MB
Ep  500 | M0_PDR 1.000 | M1_PDR 0.645 | H_m0 0.00 H_m1 1.32 | a-0.0059 c1.2703 ent0.0091 VRAM 37MB
Ep  550 | M0_PDR 1.000 | M1_PDR 0.652 | H_m0 0.01 H_m1 1.20 | a-0.0068 c1.2688 ent0.0090 VRAM 37MB
Ep  600 | M0_PDR 1.000 | M1_PDR 0.652 | H_m0 0.00 H_m1 1.06 | a-0.0053 c1.2731 ent0.0089 VRAM 37MB
Ep  650 | M0_PDR 1.000 | M1_PDR 0.665 | H_m0 0.00 H_m1 1.21 | a-0.0062 c1.2654 ent0.0088 VRAM 37MB
Ep  700 | M0_PDR 1.000 | M1_PDR 0.619 | H_m0 0.02 H_m1 1.43 | a-0.0071 c1.2721 ent0.0087 VRAM 37MB
Ep  750 | M0_PDR 1.000 | M1_PDR 0.607 | H_m0 0.00 H_m1 1.27 | a-0.0062 c1.2778 ent0.0086 VRAM 37MB
Ep  800 | M0_PDR 1.000 | M1_PDR 0.560 | H_m0 0.00 H_m1 1.72 | a-0.0089 c1.2813 ent0.0086 VRAM 37MB
Ep  850 | M0_PDR 1.000 | M1_PDR 0.607 | H_m0 0.00 H_m1 1.49 | a-0.0075 c1.2758 ent0.0085 VRAM 37MB
Ep  900 | M0_PDR 1.000 | M1_PDR 0.638 | H_m0 0.00 H_m1 1.49 | a-0.0069 c1.2685 ent0.0084 VRAM 37MB
Ep  950 | M0_PDR 1.000 | M1_PDR 0.663 | H_m0 0.00 H_m1 1.42 | a-0.0062 c1.2648 ent0.0083 VRAM 37MB
Ep 1000 | M0_PDR 1.000 | M1_PDR 0.653 | H_m0 0.00 H_m1 1.31 | a-0.0063 c1.2676 ent0.0082 VRAM 37MB
Ep 1050 | M0_PDR 1.000 | M1_PDR 0.659 | H_m0 0.00 H_m1 1.45 | a-0.0062 c1.2621 ent0.0081 VRAM 37MB
Ep 1100 | M0_PDR 1.000 | M1_PDR 0.663 | H_m0 0.00 H_m1 1.44 | a-0.0061 c1.2623 ent0.0080 VRAM 37MB
Ep 1150 | M0_PDR 1.000 | M1_PDR 0.631 | H_m0 0.00 H_m1 1.53 | a-0.0064 c1.2671 ent0.0079 VRAM 37MB
Ep 1200 | M0_PDR 1.000 | M1_PDR 0.634 | H_m0 0.00 H_m1 1.42 | a-0.0065 c1.2686 ent0.0078 VRAM 37MB
Ep 1250 | M0_PDR 1.000 | M1_PDR 0.673 | H_m0 0.00 H_m1 1.36 | a-0.0058 c1.2612 ent0.0077 VRAM 37MB
Ep 1300 | M0_PDR 1.000 | M1_PDR 0.658 | H_m0 0.00 H_m1 1.38 | a-0.0056 c1.2648 ent0.0077 VRAM 37MB
Ep 1350 | M0_PDR 1.000 | M1_PDR 0.678 | H_m0 0.00 H_m1 1.37 | a-0.0054 c1.2619 ent0.0076 VRAM 37MB
Ep 1400 | M0_PDR 1.000 | M1_PDR 0.673 | H_m0 0.00 H_m1 1.32 | a-0.0057 c1.2609 ent0.0075 VRAM 37MB
Ep 1450 | M0_PDR 1.000 | M1_PDR 0.672 | H_m0 0.00 H_m1 1.20 | a-0.0052 c1.2610 ent0.0074 VRAM 37MB
Ep 1500 | M0_PDR 1.000 | M1_PDR 0.665 | H_m0 0.00 H_m1 1.17 | a-0.0046 c1.2648 ent0.0073 VRAM 37MB
Ep 1550 | M0_PDR 1.000 | M1_PDR 0.675 | H_m0 0.00 H_m1 1.22 | a-0.0049 c1.2637 ent0.0072 VRAM 37MB
Ep 1600 | M0_PDR 1.000 | M1_PDR 0.678 | H_m0 0.00 H_m1 1.28 | a-0.0052 c1.2654 ent0.0071 VRAM 37MB
Ep 1650 | M0_PDR 1.000 | M1_PDR 0.647 | H_m0 0.00 H_m1 1.27 | a-0.0053 c1.2665 ent0.0070 VRAM 37MB
Ep 1700 | M0_PDR 1.000 | M1_PDR 0.670 | H_m0 0.00 H_m1 1.33 | a-0.0049 c1.2623 ent0.0069 VRAM 37MB
Ep 1750 | M0_PDR 1.000 | M1_PDR 0.663 | H_m0 0.00 H_m1 1.26 | a-0.0046 c1.2718 ent0.0068 VRAM 37MB
Error: tcpip::Socket::accept() Unable to create listening socket: Address already in use
Quitting (on error).
Ep 1800 | M0_PDR 1.000 | M1_PDR 0.674 | H_m0 0.00 H_m1 1.46 | a-0.0056 c1.2613 ent0.0068 VRAM 37MB
Ep 1850 | M0_PDR 1.000 | M1_PDR 0.675 | H_m0 0.00 H_m1 1.35 | a-0.0046 c1.2629 ent0.0067 VRAM 37MB
Ep 1900 | M0_PDR 1.000 | M1_PDR 0.673 | H_m0 0.00 H_m1 1.32 | a-0.0047 c1.2605 ent0.0066 VRAM 37MB
Ep 1950 | M0_PDR 1.000 | M1_PDR 0.678 | H_m0 0.00 H_m1 1.29 | a-0.0043 c1.2640 ent0.0065 VRAM 37MB
Ep 2000 | M0_PDR 1.000 | M1_PDR 0.676 | H_m0 0.00 H_m1 1.22 | a-0.0043 c1.2620 ent0.0064 VRAM 37MB
Ep 2050 | M0_PDR 1.000 | M1_PDR 0.675 | H_m0 0.00 H_m1 1.35 | a-0.0047 c1.2607 ent0.0063 VRAM 37MB
Ep 2100 | M0_PDR 1.000 | M1_PDR 0.676 | H_m0 0.00 H_m1 1.38 | a-0.0048 c1.2598 ent0.0062 VRAM 37MB
Ep 2150 | M0_PDR 1.000 | M1_PDR 0.669 | H_m0 0.00 H_m1 1.44 | a-0.0047 c1.2648 ent0.0061 VRAM 37MB
Ep 2200 | M0_PDR 1.000 | M1_PDR 0.656 | H_m0 0.00 H_m1 1.41 | a-0.0047 c1.2661 ent0.0060 VRAM 37MB
Ep 2250 | M0_PDR 1.000 | M1_PDR 0.648 | H_m0 0.00 H_m1 1.37 | a-0.0048 c1.2696 ent0.0059 VRAM 37MB
Ep 2300 | M0_PDR 1.000 | M1_PDR 0.670 | H_m0 0.00 H_m1 1.35 | a-0.0043 c1.2662 ent0.0059 VRAM 37MB
Ep 2350 | M0_PDR 1.000 | M1_PDR 0.663 | H_m0 0.00 H_m1 1.28 | a-0.0035 c1.2647 ent0.0058 VRAM 37MB
Ep 2400 | M0_PDR 1.000 | M1_PDR 0.682 | H_m0 0.00 H_m1 1.27 | a-0.0039 c1.2587 ent0.0057 VRAM 37MB
Ep 2450 | M0_PDR 1.000 | M1_PDR 0.683 | H_m0 0.00 H_m1 1.35 | a-0.0041 c1.2627 ent0.0056 VRAM 37MB
Ep 2500 | M0_PDR 1.000 | M1_PDR 0.683 | H_m0 0.00 H_m1 1.43 | a-0.0044 c1.2580 ent0.0055 VRAM 37MB
Ep 2550 | M0_PDR 1.000 | M1_PDR 0.666 | H_m0 0.00 H_m1 1.34 | a-0.0037 c1.2627 ent0.0054 VRAM 37MB
Ep 2600 | M0_PDR 1.000 | M1_PDR 0.661 | H_m0 0.00 H_m1 1.38 | a-0.0039 c1.2606 ent0.0053 VRAM 37MB
Ep 2650 | M0_PDR 1.000 | M1_PDR 0.663 | H_m0 0.00 H_m1 1.32 | a-0.0037 c1.2619 ent0.0052 VRAM 37MB
Ep 2700 | M0_PDR 1.000 | M1_PDR 0.696 | H_m0 0.00 H_m1 1.26 | a-0.0037 c1.2573 ent0.0051 VRAM 37MB
Ep 2750 | M0_PDR 1.000 | M1_PDR 0.685 | H_m0 0.00 H_m1 1.24 | a-0.0034 c1.2577 ent0.0050 VRAM 37MB
Ep 2800 | M0_PDR 1.000 | M1_PDR 0.677 | H_m0 0.00 H_m1 1.28 | a-0.0034 c1.2585 ent0.0050 VRAM 37MB
Ep 2850 | M0_PDR 1.000 | M1_PDR 0.683 | H_m0 0.00 H_m1 1.18 | a-0.0030 c1.2567 ent0.0049 VRAM 37MB
Ep 2900 | M0_PDR 1.000 | M1_PDR 0.675 | H_m0 0.00 H_m1 1.17 | a-0.0030 c1.2626 ent0.0048 VRAM 37MB
Ep 2950 | M0_PDR 1.000 | M1_PDR 0.684 | H_m0 0.00 H_m1 1.16 | a-0.0029 c1.2576 ent0.0047 VRAM 37MB
Ep 3000 | M0_PDR 1.000 | M1_PDR 0.682 | H_m0 0.00 H_m1 1.21 | a-0.0031 c1.2600 ent0.0046 VRAM 37MB
Ep 3050 | M0_PDR 1.000 | M1_PDR 0.673 | H_m0 0.00 H_m1 1.21 | a-0.0028 c1.2646 ent0.0045 VRAM 37MB
Ep 3100 | M0_PDR 1.000 | M1_PDR 0.673 | H_m0 0.00 H_m1 1.16 | a-0.0029 c1.2674 ent0.0044 VRAM 37MB
Ep 3150 | M0_PDR 1.000 | M1_PDR 0.676 | H_m0 0.00 H_m1 1.19 | a-0.0027 c1.2608 ent0.0043 VRAM 37MB
Ep 3200 | M0_PDR 1.000 | M1_PDR 0.664 | H_m0 0.00 H_m1 1.23 | a-0.0027 c1.2705 ent0.0042 VRAM 37MB
Ep 3250 | M0_PDR 1.000 | M1_PDR 0.681 | H_m0 0.00 H_m1 1.18 | a-0.0026 c1.2620 ent0.0041 VRAM 37MB
Ep 3300 | M0_PDR 1.000 | M1_PDR 0.666 | H_m0 0.00 H_m1 1.17 | a-0.0026 c1.2627 ent0.0041 VRAM 37MB
Ep 3350 | M0_PDR 1.000 | M1_PDR 0.689 | H_m0 0.00 H_m1 1.14 | a-0.0024 c1.2491 ent0.0040 VRAM 37MB
Ep 3400 | M0_PDR 0.999 | M1_PDR 0.679 | H_m0 0.00 H_m1 1.16 | a-0.0024 c1.2563 ent0.0039 VRAM 37MB
Ep 3450 | M0_PDR 1.000 | M1_PDR 0.691 | H_m0 0.00 H_m1 1.14 | a-0.0023 c1.2609 ent0.0038 VRAM 37MB
Ep 3500 | M0_PDR 1.000 | M1_PDR 0.674 | H_m0 0.00 H_m1 1.15 | a-0.0022 c1.2583 ent0.0037 VRAM 37MB
Ep 3550 | M0_PDR 1.000 | M1_PDR 0.663 | H_m0 0.00 H_m1 1.19 | a-0.0023 c1.2638 ent0.0036 VRAM 37MB
Ep 3600 | M0_PDR 1.000 | M1_PDR 0.673 | H_m0 0.00 H_m1 1.21 | a-0.0022 c1.2647 ent0.0035 VRAM 37MB
Ep 3650 | M0_PDR 1.000 | M1_PDR 0.672 | H_m0 0.00 H_m1 1.23 | a-0.0022 c1.2685 ent0.0034 VRAM 37MB
Ep 3700 | M0_PDR 1.000 | M1_PDR 0.649 | H_m0 0.00 H_m1 1.23 | a-0.0022 c1.2650 ent0.0033 VRAM 37MB
Ep 3750 | M0_PDR 1.000 | M1_PDR 0.694 | H_m0 0.00 H_m1 1.18 | a-0.0020 c1.2511 ent0.0032 VRAM 37MB
Ep 3800 | M0_PDR 1.000 | M1_PDR 0.699 | H_m0 0.00 H_m1 1.23 | a-0.0020 c1.2581 ent0.0032 VRAM 37MB
Ep 3850 | M0_PDR 1.000 | M1_PDR 0.665 | H_m0 0.00 H_m1 1.22 | a-0.0020 c1.2651 ent0.0031 VRAM 37MB
Ep 3900 | M0_PDR 1.000 | M1_PDR 0.676 | H_m0 0.00 H_m1 1.18 | a-0.0018 c1.2659 ent0.0030 VRAM 37MB
Ep 3950 | M0_PDR 1.000 | M1_PDR 0.673 | H_m0 0.00 H_m1 1.21 | a-0.0019 c1.2649 ent0.0029 VRAM 37MB
Ep 4000 | M0_PDR 1.000 | M1_PDR 0.663 | H_m0 0.00 H_m1 1.18 | a-0.0017 c1.2635 ent0.0028 VRAM 37MB
Ep 4050 | M0_PDR 1.000 | M1_PDR 0.670 | H_m0 0.00 H_m1 1.15 | a-0.0016 c1.2637 ent0.0027 VRAM 37MB
Ep 4100 | M0_PDR 1.000 | M1_PDR 0.689 | H_m0 0.00 H_m1 1.17 | a-0.0016 c1.2551 ent0.0026 VRAM 37MB
Ep 4150 | M0_PDR 1.000 | M1_PDR 0.679 | H_m0 0.00 H_m1 1.17 | a-0.0015 c1.2598 ent0.0025 VRAM 37MB
Ep 4200 | M0_PDR 1.000 | M1_PDR 0.668 | H_m0 0.00 H_m1 1.19 | a-0.0015 c1.2609 ent0.0024 VRAM 37MB
Ep 4250 | M0_PDR 1.000 | M1_PDR 0.688 | H_m0 0.00 H_m1 1.19 | a-0.0014 c1.2621 ent0.0023 VRAM 37MB
Ep 4300 | M0_PDR 1.000 | M1_PDR 0.677 | H_m0 0.00 H_m1 1.18 | a-0.0013 c1.2652 ent0.0023 VRAM 37MB
Ep 4350 | M0_PDR 1.000 | M1_PDR 0.678 | H_m0 0.00 H_m1 1.18 | a-0.0013 c1.2637 ent0.0022 VRAM 37MB
Ep 4400 | M0_PDR 1.000 | M1_PDR 0.669 | H_m0 0.00 H_m1 1.17 | a-0.0012 c1.2663 ent0.0021 VRAM 37MB
Ep 4450 | M0_PDR 1.000 | M1_PDR 0.674 | H_m0 0.00 H_m1 1.17 | a-0.0012 c1.2652 ent0.0020 VRAM 37MB
Ep 4500 | M0_PDR 1.000 | M1_PDR 0.678 | H_m0 0.00 H_m1 1.18 | a-0.0011 c1.2561 ent0.0019 VRAM 37MB
Ep 4550 | M0_PDR 1.000 | M1_PDR 0.666 | H_m0 0.00 H_m1 1.18 | a-0.0011 c1.2622 ent0.0018 VRAM 37MB
Ep 4600 | M0_PDR 1.000 | M1_PDR 0.655 | H_m0 0.00 H_m1 1.19 | a-0.0010 c1.2653 ent0.0017 VRAM 37MB
Ep 4650 | M0_PDR 1.000 | M1_PDR 0.666 | H_m0 0.00 H_m1 1.19 | a-0.0010 c1.2617 ent0.0016 VRAM 37MB
Ep 4700 | M0_PDR 1.000 | M1_PDR 0.675 | H_m0 0.00 H_m1 1.19 | a-0.0009 c1.2610 ent0.0015 VRAM 37MB
Ep 4750 | M0_PDR 1.000 | M1_PDR 0.681 | H_m0 0.00 H_m1 1.20 | a-0.0009 c1.2600 ent0.0014 VRAM 37MB
Ep 4800 | M0_PDR 1.000 | M1_PDR 0.689 | H_m0 0.00 H_m1 1.20 | a-0.0008 c1.2549 ent0.0014 VRAM 37MB
Ep 4850 | M0_PDR 1.000 | M1_PDR 0.680 | H_m0 0.00 H_m1 1.20 | a-0.0008 c1.2585 ent0.0013 VRAM 37MB
Ep 4900 | M0_PDR 1.000 | M1_PDR 0.674 | H_m0 0.00 H_m1 1.21 | a-0.0007 c1.2544 ent0.0012 VRAM 37MB
Ep 4950 | M0_PDR 1.000 | M1_PDR 0.694 | H_m0 0.00 H_m1 1.21 | a-0.0007 c1.2575 ent0.0011 VRAM 37MB

Training complete. Running 100 eval episodes...

  Eval ep   0: M0_PDR=1.000  M1_PDR=0.674
  Eval ep  20: M0_PDR=1.000  M1_PDR=0.671
  Eval ep  40: M0_PDR=1.000  M1_PDR=0.684
  Eval ep  60: M0_PDR=1.000  M1_PDR=0.683
  Eval ep  80: M0_PDR=1.000  M1_PDR=0.685

=== Eval Summary (100 episodes) ===
  M0_PDR_mean         : 1.0000
  M0_PDR_p05 (across) : 1.0000
  M0_PDR_p05 (intra)  : 1.0000
  M1_PDR_mean         : 0.6747
  M0_SINR_mean (dB)   : 48.38
  M1_SINR_mean (dB)   : 2.46
  M0_collision_rate   : 0.000
  M0_collision_within_pool : 0.000
  M1_collision_within_pool : 0.999

Result saved -> results/_D_N10_M7_pool5_seed2_gaefix_g05_ent01.json
  N=10  rho=1.43  M0_PDR=1.000  M1_PDR=0.675
Checkpoint saved -> checkpoints/D_N10_M7_pool5_seed2_gaefix_g05_ent01_actors.pt
[NS3Bridge] Shutdown complete.
Run complete.
