[seed] all RNGs seeded with 3
GPU : NVIDIA GeForce RTX 3060
VRAM: 12.9 GB
Device          : cuda:0
Actors          : 10 per-vehicle, total 212,730 params
Critic params   : 96,257
obs_dim=11  action_dim=25  gs_dim=115
M0 count: 5  M1 count: 5
Training for 5000 episodes (Config D_N10_seed3, N=10)...

[NS3Bridge] Connected tcp://localhost:5856
Ep    0 | M0_PDR 0.280 | M1_PDR 0.474 | H_m0 3.22 H_m1 3.21 | a-0.1677 c4.5316 ent0.0500 VRAM 35MB
Ep   50 | M0_PDR 0.294 | M1_PDR 0.493 | H_m0 3.13 H_m1 3.19 | a-0.1583 c2.5802 ent0.0495 VRAM 35MB
Ep  100 | M0_PDR 0.444 | M1_PDR 0.490 | H_m0 2.26 H_m1 3.18 | a-0.1365 c4.6670 ent0.0490 VRAM 35MB
Ep  150 | M0_PDR 0.492 | M1_PDR 0.461 | H_m0 2.00 H_m1 3.18 | a-0.1274 c3.7084 ent0.0485 VRAM 35MB
Ep  200 | M0_PDR 0.485 | M1_PDR 0.452 | H_m0 1.83 H_m1 3.18 | a-0.1218 c2.1347 ent0.0480 VRAM 35MB
Ep  250 | M0_PDR 0.486 | M1_PDR 0.475 | H_m0 1.83 H_m1 3.18 | a-0.1214 c1.6295 ent0.0475 VRAM 35MB
Ep  300 | M0_PDR 0.486 | M1_PDR 0.487 | H_m0 1.67 H_m1 3.13 | a-0.1166 c1.5227 ent0.0471 VRAM 35MB
Ep  350 | M0_PDR 0.508 | M1_PDR 0.519 | H_m0 1.70 H_m1 3.04 | a-0.1133 c1.7595 ent0.0466 VRAM 35MB
Ep  400 | M0_PDR 0.503 | M1_PDR 0.537 | H_m0 1.68 H_m1 3.09 | a-0.1121 c1.1676 ent0.0461 VRAM 35MB
Ep  450 | M0_PDR 0.510 | M1_PDR 0.506 | H_m0 1.65 H_m1 3.09 | a-0.1113 c1.2338 ent0.0456 VRAM 35MB
Ep  500 | M0_PDR 0.497 | M1_PDR 0.504 | H_m0 1.54 H_m1 3.12 | a-0.1071 c1.4328 ent0.0451 VRAM 35MB
Ep  550 | M0_PDR 0.495 | M1_PDR 0.496 | H_m0 1.64 H_m1 3.12 | a-0.1080 c1.6125 ent0.0446 VRAM 35MB
Ep  600 | M0_PDR 0.513 | M1_PDR 0.532 | H_m0 1.67 H_m1 3.13 | a-0.1085 c1.2851 ent0.0441 VRAM 35MB
Ep  650 | M0_PDR 0.498 | M1_PDR 0.478 | H_m0 1.59 H_m1 3.16 | a-0.1048 c1.3364 ent0.0436 VRAM 35MB
Ep  700 | M0_PDR 0.512 | M1_PDR 0.508 | H_m0 1.63 H_m1 3.09 | a-0.1033 c1.0518 ent0.0431 VRAM 35MB
Ep  750 | M0_PDR 0.493 | M1_PDR 0.508 | H_m0 1.66 H_m1 3.10 | a-0.1030 c1.2072 ent0.0426 VRAM 35MB
Ep  800 | M0_PDR 0.505 | M1_PDR 0.535 | H_m0 1.62 H_m1 3.05 | a-0.1008 c1.1574 ent0.0422 VRAM 35MB
Ep  850 | M0_PDR 0.493 | M1_PDR 0.518 | H_m0 1.61 H_m1 3.05 | a-0.0990 c1.0177 ent0.0417 VRAM 35MB
Ep  900 | M0_PDR 0.509 | M1_PDR 0.521 | H_m0 1.64 H_m1 3.11 | a-0.0997 c1.0724 ent0.0412 VRAM 35MB
Ep  950 | M0_PDR 0.501 | M1_PDR 0.549 | H_m0 1.66 H_m1 3.06 | a-0.0982 c1.3408 ent0.0407 VRAM 35MB
Ep 1000 | M0_PDR 0.502 | M1_PDR 0.516 | H_m0 1.55 H_m1 3.05 | a-0.0941 c0.9781 ent0.0402 VRAM 35MB
Ep 1050 | M0_PDR 0.509 | M1_PDR 0.517 | H_m0 1.53 H_m1 3.09 | a-0.0926 c1.0425 ent0.0397 VRAM 35MB
Ep 1100 | M0_PDR 0.512 | M1_PDR 0.545 | H_m0 1.46 H_m1 2.98 | a-0.0883 c1.1542 ent0.0392 VRAM 35MB
Ep 1150 | M0_PDR 0.503 | M1_PDR 0.538 | H_m0 1.44 H_m1 3.06 | a-0.0884 c1.5433 ent0.0387 VRAM 35MB
Ep 1200 | M0_PDR 0.515 | M1_PDR 0.544 | H_m0 1.53 H_m1 3.01 | a-0.0880 c0.9643 ent0.0382 VRAM 35MB
Ep 1250 | M0_PDR 0.512 | M1_PDR 0.557 | H_m0 1.52 H_m1 2.93 | a-0.0861 c1.0454 ent0.0377 VRAM 35MB
Ep 1300 | M0_PDR 0.508 | M1_PDR 0.576 | H_m0 1.58 H_m1 2.86 | a-0.0838 c0.9722 ent0.0373 VRAM 35MB
Ep 1350 | M0_PDR 0.499 | M1_PDR 0.576 | H_m0 1.51 H_m1 2.90 | a-0.0829 c1.1017 ent0.0368 VRAM 35MB
Ep 1400 | M0_PDR 0.504 | M1_PDR 0.539 | H_m0 1.53 H_m1 2.98 | a-0.0828 c1.0704 ent0.0363 VRAM 35MB
Ep 1450 | M0_PDR 0.497 | M1_PDR 0.570 | H_m0 1.44 H_m1 2.81 | a-0.0774 c1.2559 ent0.0358 VRAM 35MB
Ep 1500 | M0_PDR 0.504 | M1_PDR 0.611 | H_m0 1.46 H_m1 2.65 | a-0.0738 c1.0894 ent0.0353 VRAM 35MB
Ep 1550 | M0_PDR 0.513 | M1_PDR 0.622 | H_m0 1.50 H_m1 2.73 | a-0.0745 c1.2866 ent0.0348 VRAM 35MB
Ep 1600 | M0_PDR 0.516 | M1_PDR 0.619 | H_m0 1.45 H_m1 2.66 | a-0.0719 c1.1733 ent0.0343 VRAM 35MB
Ep 1650 | M0_PDR 0.491 | M1_PDR 0.672 | H_m0 1.47 H_m1 2.41 | a-0.0666 c1.0928 ent0.0338 VRAM 35MB
Ep 1700 | M0_PDR 0.495 | M1_PDR 0.667 | H_m0 1.50 H_m1 2.37 | a-0.0661 c0.9908 ent0.0333 VRAM 35MB
Ep 1750 | M0_PDR 0.494 | M1_PDR 0.701 | H_m0 1.52 H_m1 2.37 | a-0.0651 c1.2115 ent0.0328 VRAM 35MB
Ep 1800 | M0_PDR 0.496 | M1_PDR 0.694 | H_m0 1.45 H_m1 2.36 | a-0.0632 c0.9961 ent0.0324 VRAM 35MB
Ep 1850 | M0_PDR 0.511 | M1_PDR 0.694 | H_m0 1.46 H_m1 2.31 | a-0.0611 c1.0332 ent0.0319 VRAM 35MB
Ep 1900 | M0_PDR 0.513 | M1_PDR 0.711 | H_m0 1.37 H_m1 2.20 | a-0.0570 c1.1322 ent0.0314 VRAM 35MB
Ep 1950 | M0_PDR 0.513 | M1_PDR 0.703 | H_m0 1.39 H_m1 2.19 | a-0.0557 c0.8544 ent0.0309 VRAM 35MB
Ep 2000 | M0_PDR 0.511 | M1_PDR 0.737 | H_m0 1.33 H_m1 2.24 | a-0.0553 c0.8914 ent0.0304 VRAM 35MB
Ep 2050 | M0_PDR 0.507 | M1_PDR 0.714 | H_m0 1.31 H_m1 2.22 | a-0.0536 c0.9539 ent0.0299 VRAM 35MB
Ep 2100 | M0_PDR 0.519 | M1_PDR 0.711 | H_m0 1.44 H_m1 2.13 | a-0.0533 c0.8998 ent0.0294 VRAM 35MB
Ep 2150 | M0_PDR 0.489 | M1_PDR 0.722 | H_m0 1.53 H_m1 2.21 | a-0.0551 c1.1324 ent0.0289 VRAM 35MB
Ep 2200 | M0_PDR 0.510 | M1_PDR 0.737 | H_m0 1.48 H_m1 2.24 | a-0.0542 c0.8818 ent0.0284 VRAM 35MB
Ep 2250 | M0_PDR 0.522 | M1_PDR 0.711 | H_m0 1.46 H_m1 2.23 | a-0.0529 c0.8842 ent0.0279 VRAM 35MB
Ep 2300 | M0_PDR 0.506 | M1_PDR 0.746 | H_m0 1.44 H_m1 2.18 | a-0.0509 c1.0521 ent0.0275 VRAM 35MB
Ep 2350 | M0_PDR 0.498 | M1_PDR 0.734 | H_m0 1.42 H_m1 2.21 | a-0.0498 c1.3743 ent0.0270 VRAM 35MB
Ep 2400 | M0_PDR 0.506 | M1_PDR 0.734 | H_m0 1.39 H_m1 2.20 | a-0.0483 c1.1230 ent0.0265 VRAM 35MB
Ep 2450 | M0_PDR 0.524 | M1_PDR 0.715 | H_m0 1.41 H_m1 2.16 | a-0.0475 c0.8320 ent0.0260 VRAM 35MB
Ep 2500 | M0_PDR 0.509 | M1_PDR 0.743 | H_m0 1.42 H_m1 2.15 | a-0.0462 c0.9855 ent0.0255 VRAM 35MB
Ep 2550 | M0_PDR 0.500 | M1_PDR 0.748 | H_m0 1.43 H_m1 2.18 | a-0.0460 c1.0819 ent0.0250 VRAM 35MB
Ep 2600 | M0_PDR 0.508 | M1_PDR 0.725 | H_m0 1.42 H_m1 2.21 | a-0.0453 c0.9141 ent0.0245 VRAM 35MB
Ep 2650 | M0_PDR 0.504 | M1_PDR 0.754 | H_m0 1.41 H_m1 2.20 | a-0.0443 c0.9653 ent0.0240 VRAM 35MB
Ep 2700 | M0_PDR 0.525 | M1_PDR 0.735 | H_m0 1.40 H_m1 2.22 | a-0.0443 c0.9378 ent0.0235 VRAM 35MB
Ep 2750 | M0_PDR 0.493 | M1_PDR 0.711 | H_m0 1.36 H_m1 2.24 | a-0.0418 c1.0155 ent0.0230 VRAM 35MB
Ep 2800 | M0_PDR 0.503 | M1_PDR 0.736 | H_m0 1.31 H_m1 2.19 | a-0.0400 c0.8530 ent0.0226 VRAM 35MB
Ep 2850 | M0_PDR 0.507 | M1_PDR 0.762 | H_m0 1.34 H_m1 2.16 | a-0.0388 c0.7813 ent0.0221 VRAM 35MB
Ep 2900 | M0_PDR 0.526 | M1_PDR 0.747 | H_m0 1.31 H_m1 2.12 | a-0.0376 c0.9352 ent0.0216 VRAM 35MB
Ep 2950 | M0_PDR 0.501 | M1_PDR 0.763 | H_m0 1.35 H_m1 2.04 | a-0.0363 c0.8534 ent0.0211 VRAM 35MB
Ep 3000 | M0_PDR 0.507 | M1_PDR 0.769 | H_m0 1.37 H_m1 2.04 | a-0.0358 c0.7372 ent0.0206 VRAM 35MB
Ep 3050 | M0_PDR 0.514 | M1_PDR 0.770 | H_m0 1.29 H_m1 1.96 | a-0.0333 c0.7607 ent0.0201 VRAM 35MB
Ep 3100 | M0_PDR 0.500 | M1_PDR 0.775 | H_m0 1.27 H_m1 1.94 | a-0.0321 c0.8398 ent0.0196 VRAM 35MB
Ep 3150 | M0_PDR 0.513 | M1_PDR 0.788 | H_m0 1.34 H_m1 1.88 | a-0.0312 c0.8801 ent0.0191 VRAM 35MB
Ep 3200 | M0_PDR 0.506 | M1_PDR 0.791 | H_m0 1.36 H_m1 1.82 | a-0.0300 c0.8983 ent0.0186 VRAM 35MB
Ep 3250 | M0_PDR 0.507 | M1_PDR 0.782 | H_m0 1.33 H_m1 1.87 | a-0.0294 c0.9285 ent0.0181 VRAM 35MB
Ep 3300 | M0_PDR 0.522 | M1_PDR 0.811 | H_m0 1.32 H_m1 1.83 | a-0.0286 c0.8202 ent0.0177 VRAM 35MB
Ep 3350 | M0_PDR 0.516 | M1_PDR 0.794 | H_m0 1.29 H_m1 1.82 | a-0.0268 c0.7742 ent0.0172 VRAM 35MB
Ep 3400 | M0_PDR 0.502 | M1_PDR 0.796 | H_m0 1.26 H_m1 1.78 | a-0.0260 c0.9277 ent0.0167 VRAM 35MB
Ep 3450 | M0_PDR 0.524 | M1_PDR 0.797 | H_m0 1.28 H_m1 1.77 | a-0.0250 c0.9158 ent0.0162 VRAM 35MB
Ep 3500 | M0_PDR 0.515 | M1_PDR 0.795 | H_m0 1.29 H_m1 1.73 | a-0.0240 c0.9010 ent0.0157 VRAM 35MB
Ep 3550 | M0_PDR 0.510 | M1_PDR 0.833 | H_m0 1.28 H_m1 1.67 | a-0.0227 c0.8827 ent0.0152 VRAM 35MB
Ep 3600 | M0_PDR 0.529 | M1_PDR 0.819 | H_m0 1.28 H_m1 1.68 | a-0.0225 c0.8698 ent0.0147 VRAM 35MB
Ep 3650 | M0_PDR 0.524 | M1_PDR 0.819 | H_m0 1.27 H_m1 1.68 | a-0.0216 c0.9870 ent0.0142 VRAM 35MB
Ep 3700 | M0_PDR 0.513 | M1_PDR 0.814 | H_m0 1.29 H_m1 1.69 | a-0.0211 c0.8521 ent0.0137 VRAM 35MB
Ep 3750 | M0_PDR 0.514 | M1_PDR 0.838 | H_m0 1.30 H_m1 1.65 | a-0.0198 c0.8269 ent0.0132 VRAM 35MB
Ep 3800 | M0_PDR 0.518 | M1_PDR 0.831 | H_m0 1.28 H_m1 1.66 | a-0.0190 c0.8852 ent0.0128 VRAM 35MB
Ep 3850 | M0_PDR 0.511 | M1_PDR 0.837 | H_m0 1.30 H_m1 1.64 | a-0.0184 c0.8287 ent0.0123 VRAM 35MB
Ep 3900 | M0_PDR 0.509 | M1_PDR 0.841 | H_m0 1.31 H_m1 1.63 | a-0.0175 c0.9915 ent0.0118 VRAM 35MB
Ep 3950 | M0_PDR 0.507 | M1_PDR 0.861 | H_m0 1.29 H_m1 1.57 | a-0.0161 c0.8772 ent0.0113 VRAM 35MB
Ep 4000 | M0_PDR 0.526 | M1_PDR 0.833 | H_m0 1.27 H_m1 1.55 | a-0.0153 c0.8413 ent0.0108 VRAM 35MB
Ep 4050 | M0_PDR 0.518 | M1_PDR 0.857 | H_m0 1.27 H_m1 1.54 | a-0.0147 c0.9131 ent0.0103 VRAM 35MB
Ep 4100 | M0_PDR 0.523 | M1_PDR 0.848 | H_m0 1.29 H_m1 1.54 | a-0.0141 c0.7947 ent0.0098 VRAM 35MB
Ep 4150 | M0_PDR 0.514 | M1_PDR 0.848 | H_m0 1.28 H_m1 1.51 | a-0.0132 c0.8164 ent0.0093 VRAM 35MB
Ep 4200 | M0_PDR 0.517 | M1_PDR 0.844 | H_m0 1.26 H_m1 1.50 | a-0.0124 c0.7771 ent0.0088 VRAM 35MB
Ep 4250 | M0_PDR 0.519 | M1_PDR 0.843 | H_m0 1.26 H_m1 1.47 | a-0.0115 c0.8520 ent0.0083 VRAM 35MB
Ep 4300 | M0_PDR 0.503 | M1_PDR 0.857 | H_m0 1.27 H_m1 1.45 | a-0.0107 c0.8024 ent0.0079 VRAM 35MB
Ep 4350 | M0_PDR 0.514 | M1_PDR 0.858 | H_m0 1.28 H_m1 1.44 | a-0.0102 c0.7887 ent0.0074 VRAM 35MB
Ep 4400 | M0_PDR 0.518 | M1_PDR 0.863 | H_m0 1.28 H_m1 1.43 | a-0.0094 c0.8325 ent0.0069 VRAM 35MB
Ep 4450 | M0_PDR 0.505 | M1_PDR 0.852 | H_m0 1.28 H_m1 1.42 | a-0.0087 c0.8707 ent0.0064 VRAM 35MB
Ep 4500 | M0_PDR 0.512 | M1_PDR 0.859 | H_m0 1.29 H_m1 1.41 | a-0.0080 c0.7384 ent0.0059 VRAM 35MB
Ep 4550 | M0_PDR 0.498 | M1_PDR 0.857 | H_m0 1.27 H_m1 1.40 | a-0.0073 c0.8792 ent0.0054 VRAM 35MB
Ep 4600 | M0_PDR 0.516 | M1_PDR 0.848 | H_m0 1.26 H_m1 1.40 | a-0.0066 c0.8375 ent0.0049 VRAM 35MB
Ep 4650 | M0_PDR 0.509 | M1_PDR 0.855 | H_m0 1.27 H_m1 1.40 | a-0.0060 c0.7739 ent0.0044 VRAM 35MB
Ep 4700 | M0_PDR 0.498 | M1_PDR 0.851 | H_m0 1.26 H_m1 1.39 | a-0.0053 c1.0148 ent0.0039 VRAM 35MB
Ep 4750 | M0_PDR 0.511 | M1_PDR 0.860 | H_m0 1.26 H_m1 1.39 | a-0.0046 c0.9599 ent0.0034 VRAM 35MB
Ep 4800 | M0_PDR 0.515 | M1_PDR 0.873 | H_m0 1.25 H_m1 1.37 | a-0.0039 c0.7716 ent0.0030 VRAM 35MB
Ep 4850 | M0_PDR 0.514 | M1_PDR 0.861 | H_m0 1.24 H_m1 1.38 | a-0.0033 c0.8769 ent0.0025 VRAM 35MB
Ep 4900 | M0_PDR 0.517 | M1_PDR 0.848 | H_m0 1.24 H_m1 1.38 | a-0.0026 c0.8266 ent0.0020 VRAM 35MB
Ep 4950 | M0_PDR 0.504 | M1_PDR 0.841 | H_m0 1.23 H_m1 1.38 | a-0.0020 c0.9788 ent0.0015 VRAM 35MB

Training complete. Running 100 eval episodes...

  Eval ep   0: M0_PDR=0.520  M1_PDR=0.871
  Eval ep  20: M0_PDR=0.515  M1_PDR=0.871
  Eval ep  40: M0_PDR=0.521  M1_PDR=0.844
  Eval ep  60: M0_PDR=0.517  M1_PDR=0.849
  Eval ep  80: M0_PDR=0.513  M1_PDR=0.847

=== Eval Summary (100 episodes) ===
  M0_PDR_mean         : 0.5131
  M0_PDR_p05 (across) : 0.5012
  M0_PDR_p05 (intra)  : 0.3180
  M1_PDR_mean         : 0.8599
  M0_SINR_mean (dB)   : -4.86
  M1_SINR_mean (dB)   : 20.23
  M0_collision_rate   : 1.000
  M0_collision_within_pool : 1.000
  M1_collision_within_pool : 0.795

Result saved -> results/_D_N10_seed3.json
  N=10  rho=2.0  M0_PDR=0.513  M1_PDR=0.860
Checkpoint saved -> checkpoints/D_N10_seed3_actors.pt
[NS3Bridge] Shutdown complete.
Run complete.
