[seed] all RNGs seeded with 3
GPU : NVIDIA GeForce RTX 3060
VRAM: 12.9 GB
Device          : cuda:0
Actors          : 10 per-vehicle, total 212,730 params
Critic params   : 96,257
obs_dim=11  action_dim=25  gs_dim=115
M0 count: 5  M1 count: 5
Training for 5000 episodes (Config D_N10_seed3_gaefix_g05_ent01, N=10)...

[NS3Bridge] Connected tcp://localhost:7656
Ep    0 | M0_PDR 0.257 | M1_PDR 0.469 | H_m0 3.22 H_m1 3.21 | a-0.0393 c0.2637 ent0.0100 VRAM 35MB
Ep   50 | M0_PDR 0.400 | M1_PDR 0.497 | H_m0 1.51 H_m1 2.92 | a-0.0242 c0.4899 ent0.0099 VRAM 35MB
Ep  100 | M0_PDR 0.451 | M1_PDR 0.715 | H_m0 0.77 H_m1 1.13 | a-0.0130 c0.5005 ent0.0098 VRAM 35MB
Ep  150 | M0_PDR 0.455 | M1_PDR 0.721 | H_m0 0.68 H_m1 0.78 | a-0.0086 c0.4957 ent0.0097 VRAM 35MB
Ep  200 | M0_PDR 0.429 | M1_PDR 0.729 | H_m0 0.65 H_m1 0.81 | a-0.0084 c0.4629 ent0.0096 VRAM 35MB
Ep  250 | M0_PDR 0.454 | M1_PDR 0.786 | H_m0 0.60 H_m1 0.54 | a-0.0061 c0.4875 ent0.0095 VRAM 35MB
Ep  300 | M0_PDR 0.443 | M1_PDR 0.836 | H_m0 0.75 H_m1 0.48 | a-0.0065 c0.4752 ent0.0095 VRAM 35MB
Ep  350 | M0_PDR 0.439 | M1_PDR 0.862 | H_m0 0.83 H_m1 0.23 | a-0.0054 c0.4687 ent0.0094 VRAM 35MB
Ep  400 | M0_PDR 0.440 | M1_PDR 0.851 | H_m0 0.81 H_m1 0.25 | a-0.0060 c0.4735 ent0.0093 VRAM 35MB
Ep  450 | M0_PDR 0.447 | M1_PDR 0.856 | H_m0 0.88 H_m1 0.32 | a-0.0065 c0.4704 ent0.0092 VRAM 35MB
Ep  500 | M0_PDR 0.456 | M1_PDR 0.863 | H_m0 0.96 H_m1 0.37 | a-0.0075 c0.4783 ent0.0091 VRAM 35MB
Ep  550 | M0_PDR 0.451 | M1_PDR 0.857 | H_m0 0.82 H_m1 0.28 | a-0.0054 c0.4712 ent0.0090 VRAM 35MB
Ep  600 | M0_PDR 0.446 | M1_PDR 0.866 | H_m0 0.81 H_m1 0.36 | a-0.0059 c0.4859 ent0.0089 VRAM 35MB
Ep  650 | M0_PDR 0.449 | M1_PDR 0.880 | H_m0 0.74 H_m1 0.21 | a-0.0042 c0.4647 ent0.0088 VRAM 35MB
Ep  700 | M0_PDR 0.433 | M1_PDR 0.845 | H_m0 0.87 H_m1 0.38 | a-0.0059 c0.4636 ent0.0087 VRAM 35MB
Ep  750 | M0_PDR 0.431 | M1_PDR 0.877 | H_m0 0.81 H_m1 0.21 | a-0.0050 c0.4549 ent0.0086 VRAM 35MB
Ep  800 | M0_PDR 0.455 | M1_PDR 0.856 | H_m0 0.69 H_m1 0.14 | a-0.0039 c0.4734 ent0.0086 VRAM 35MB
Ep  850 | M0_PDR 0.468 | M1_PDR 0.861 | H_m0 0.75 H_m1 0.19 | a-0.0045 c0.4981 ent0.0085 VRAM 35MB
Ep  900 | M0_PDR 0.455 | M1_PDR 0.868 | H_m0 0.83 H_m1 0.15 | a-0.0050 c0.4862 ent0.0084 VRAM 35MB
Ep  950 | M0_PDR 0.444 | M1_PDR 0.857 | H_m0 0.86 H_m1 0.08 | a-0.0037 c0.4728 ent0.0083 VRAM 35MB
Ep 1000 | M0_PDR 0.450 | M1_PDR 0.860 | H_m0 0.91 H_m1 0.17 | a-0.0049 c0.4838 ent0.0082 VRAM 35MB
Ep 1050 | M0_PDR 0.450 | M1_PDR 0.851 | H_m0 0.87 H_m1 0.30 | a-0.0078 c0.4622 ent0.0081 VRAM 35MB
Ep 1100 | M0_PDR 0.431 | M1_PDR 0.868 | H_m0 0.85 H_m1 0.34 | a-0.0053 c0.4410 ent0.0080 VRAM 35MB
Ep 1150 | M0_PDR 0.454 | M1_PDR 0.851 | H_m0 0.88 H_m1 0.27 | a-0.0055 c0.4788 ent0.0079 VRAM 35MB
Ep 1200 | M0_PDR 0.437 | M1_PDR 0.861 | H_m0 0.83 H_m1 0.20 | a-0.0045 c0.4590 ent0.0078 VRAM 35MB
Ep 1250 | M0_PDR 0.450 | M1_PDR 0.858 | H_m0 0.74 H_m1 0.15 | a-0.0041 c0.4632 ent0.0077 VRAM 35MB
Ep 1300 | M0_PDR 0.437 | M1_PDR 0.865 | H_m0 0.88 H_m1 0.05 | a-0.0037 c0.4591 ent0.0077 VRAM 35MB
Ep 1350 | M0_PDR 0.429 | M1_PDR 0.826 | H_m0 0.75 H_m1 0.43 | a-0.0048 c0.4574 ent0.0076 VRAM 35MB
Ep 1400 | M0_PDR 0.440 | M1_PDR 0.837 | H_m0 0.82 H_m1 0.38 | a-0.0052 c0.4726 ent0.0075 VRAM 35MB
Ep 1450 | M0_PDR 0.458 | M1_PDR 0.858 | H_m0 0.89 H_m1 0.29 | a-0.0050 c0.4816 ent0.0074 VRAM 35MB
Ep 1500 | M0_PDR 0.452 | M1_PDR 0.857 | H_m0 0.85 H_m1 0.21 | a-0.0041 c0.4720 ent0.0073 VRAM 35MB
Ep 1550 | M0_PDR 0.461 | M1_PDR 0.864 | H_m0 0.85 H_m1 0.30 | a-0.0044 c0.4967 ent0.0072 VRAM 35MB
Ep 1600 | M0_PDR 0.441 | M1_PDR 0.859 | H_m0 0.63 H_m1 0.22 | a-0.0035 c0.4508 ent0.0071 VRAM 35MB
Ep 1650 | M0_PDR 0.451 | M1_PDR 0.848 | H_m0 0.59 H_m1 0.10 | a-0.0028 c0.4669 ent0.0070 VRAM 35MB
Ep 1700 | M0_PDR 0.475 | M1_PDR 0.871 | H_m0 0.85 H_m1 0.12 | a-0.0034 c0.4921 ent0.0069 VRAM 35MB
Ep 1750 | M0_PDR 0.457 | M1_PDR 0.865 | H_m0 0.69 H_m1 0.12 | a-0.0029 c0.4743 ent0.0068 VRAM 35MB
Ep 1800 | M0_PDR 0.439 | M1_PDR 0.852 | H_m0 0.72 H_m1 0.14 | a-0.0032 c0.4621 ent0.0068 VRAM 35MB
Ep 1850 | M0_PDR 0.455 | M1_PDR 0.856 | H_m0 0.75 H_m1 0.11 | a-0.0030 c0.4754 ent0.0067 VRAM 35MB
Ep 1900 | M0_PDR 0.448 | M1_PDR 0.871 | H_m0 0.64 H_m1 0.14 | a-0.0027 c0.4609 ent0.0066 VRAM 35MB
Ep 1950 | M0_PDR 0.445 | M1_PDR 0.871 | H_m0 0.51 H_m1 0.12 | a-0.0022 c0.4616 ent0.0065 VRAM 35MB
Ep 2000 | M0_PDR 0.445 | M1_PDR 0.872 | H_m0 0.72 H_m1 0.16 | a-0.0031 c0.4656 ent0.0064 VRAM 35MB
Ep 2050 | M0_PDR 0.442 | M1_PDR 0.868 | H_m0 0.37 H_m1 0.24 | a-0.0023 c0.4527 ent0.0063 VRAM 35MB
Ep 2100 | M0_PDR 0.450 | M1_PDR 0.862 | H_m0 0.58 H_m1 0.27 | a-0.0032 c0.4782 ent0.0062 VRAM 35MB
Ep 2150 | M0_PDR 0.420 | M1_PDR 0.861 | H_m0 0.57 H_m1 0.23 | a-0.0027 c0.4254 ent0.0061 VRAM 35MB
Ep 2200 | M0_PDR 0.431 | M1_PDR 0.862 | H_m0 0.64 H_m1 0.17 | a-0.0028 c0.4499 ent0.0060 VRAM 35MB
Ep 2250 | M0_PDR 0.431 | M1_PDR 0.862 | H_m0 0.54 H_m1 0.15 | a-0.0022 c0.4439 ent0.0059 VRAM 35MB
Ep 2300 | M0_PDR 0.446 | M1_PDR 0.883 | H_m0 0.35 H_m1 0.16 | a-0.0017 c0.4570 ent0.0059 VRAM 35MB
Ep 2350 | M0_PDR 0.442 | M1_PDR 0.874 | H_m0 0.48 H_m1 0.16 | a-0.0018 c0.4475 ent0.0058 VRAM 35MB
Ep 2400 | M0_PDR 0.438 | M1_PDR 0.858 | H_m0 0.37 H_m1 0.15 | a-0.0015 c0.4525 ent0.0057 VRAM 35MB
Ep 2450 | M0_PDR 0.432 | M1_PDR 0.850 | H_m0 0.56 H_m1 0.15 | a-0.0022 c0.4565 ent0.0056 VRAM 35MB
Ep 2500 | M0_PDR 0.440 | M1_PDR 0.860 | H_m0 0.71 H_m1 0.15 | a-0.0025 c0.4696 ent0.0055 VRAM 35MB
Ep 2550 | M0_PDR 0.433 | M1_PDR 0.868 | H_m0 0.70 H_m1 0.15 | a-0.0028 c0.4615 ent0.0054 VRAM 35MB
Ep 2600 | M0_PDR 0.452 | M1_PDR 0.887 | H_m0 0.66 H_m1 0.11 | a-0.0024 c0.4742 ent0.0053 VRAM 35MB
Ep 2650 | M0_PDR 0.427 | M1_PDR 0.859 | H_m0 0.71 H_m1 0.10 | a-0.0021 c0.4542 ent0.0052 VRAM 35MB
Ep 2700 | M0_PDR 0.429 | M1_PDR 0.862 | H_m0 0.72 H_m1 0.16 | a-0.0027 c0.4431 ent0.0051 VRAM 35MB
Ep 2750 | M0_PDR 0.425 | M1_PDR 0.852 | H_m0 0.70 H_m1 0.13 | a-0.0024 c0.4422 ent0.0050 VRAM 35MB
Ep 2800 | M0_PDR 0.450 | M1_PDR 0.851 | H_m0 0.60 H_m1 0.11 | a-0.0018 c0.4690 ent0.0050 VRAM 35MB
Ep 2850 | M0_PDR 0.448 | M1_PDR 0.857 | H_m0 0.75 H_m1 0.24 | a-0.0024 c0.4688 ent0.0049 VRAM 35MB
Ep 2900 | M0_PDR 0.430 | M1_PDR 0.843 | H_m0 0.68 H_m1 0.35 | a-0.0032 c0.4404 ent0.0048 VRAM 35MB
Ep 2950 | M0_PDR 0.446 | M1_PDR 0.864 | H_m0 0.70 H_m1 0.32 | a-0.0031 c0.4616 ent0.0047 VRAM 35MB
Ep 3000 | M0_PDR 0.439 | M1_PDR 0.868 | H_m0 0.60 H_m1 0.17 | a-0.0021 c0.4464 ent0.0046 VRAM 35MB
Ep 3050 | M0_PDR 0.429 | M1_PDR 0.878 | H_m0 0.61 H_m1 0.16 | a-0.0017 c0.4464 ent0.0045 VRAM 35MB
Ep 3100 | M0_PDR 0.453 | M1_PDR 0.883 | H_m0 0.71 H_m1 0.22 | a-0.0024 c0.4734 ent0.0044 VRAM 35MB
Ep 3150 | M0_PDR 0.437 | M1_PDR 0.862 | H_m0 0.77 H_m1 0.27 | a-0.0025 c0.4635 ent0.0043 VRAM 35MB
Ep 3200 | M0_PDR 0.437 | M1_PDR 0.844 | H_m0 0.73 H_m1 0.24 | a-0.0022 c0.4673 ent0.0042 VRAM 35MB
Ep 3250 | M0_PDR 0.427 | M1_PDR 0.871 | H_m0 0.73 H_m1 0.23 | a-0.0020 c0.4532 ent0.0041 VRAM 35MB
Ep 3300 | M0_PDR 0.437 | M1_PDR 0.877 | H_m0 0.79 H_m1 0.24 | a-0.0024 c0.4578 ent0.0041 VRAM 35MB
Ep 3350 | M0_PDR 0.433 | M1_PDR 0.858 | H_m0 0.61 H_m1 0.27 | a-0.0021 c0.4552 ent0.0040 VRAM 35MB
Ep 3400 | M0_PDR 0.434 | M1_PDR 0.864 | H_m0 0.64 H_m1 0.33 | a-0.0020 c0.4472 ent0.0039 VRAM 35MB
Ep 3450 | M0_PDR 0.428 | M1_PDR 0.858 | H_m0 0.55 H_m1 0.34 | a-0.0017 c0.4500 ent0.0038 VRAM 35MB
Ep 3500 | M0_PDR 0.436 | M1_PDR 0.831 | H_m0 0.62 H_m1 0.33 | a-0.0018 c0.4638 ent0.0037 VRAM 35MB
Ep 3550 | M0_PDR 0.443 | M1_PDR 0.855 | H_m0 0.62 H_m1 0.32 | a-0.0017 c0.4659 ent0.0036 VRAM 35MB
Ep 3600 | M0_PDR 0.442 | M1_PDR 0.850 | H_m0 0.71 H_m1 0.33 | a-0.0019 c0.4600 ent0.0035 VRAM 35MB
Ep 3650 | M0_PDR 0.449 | M1_PDR 0.860 | H_m0 0.62 H_m1 0.32 | a-0.0017 c0.4676 ent0.0034 VRAM 35MB
Ep 3700 | M0_PDR 0.444 | M1_PDR 0.863 | H_m0 0.59 H_m1 0.32 | a-0.0015 c0.4547 ent0.0033 VRAM 35MB
Ep 3750 | M0_PDR 0.441 | M1_PDR 0.857 | H_m0 0.69 H_m1 0.32 | a-0.0017 c0.4584 ent0.0032 VRAM 35MB
Ep 3800 | M0_PDR 0.432 | M1_PDR 0.845 | H_m0 0.61 H_m1 0.32 | a-0.0015 c0.4410 ent0.0032 VRAM 35MB
Ep 3850 | M0_PDR 0.445 | M1_PDR 0.856 | H_m0 0.58 H_m1 0.30 | a-0.0014 c0.4613 ent0.0031 VRAM 35MB
Ep 3900 | M0_PDR 0.456 | M1_PDR 0.845 | H_m0 0.55 H_m1 0.29 | a-0.0013 c0.4725 ent0.0030 VRAM 35MB
Ep 3950 | M0_PDR 0.435 | M1_PDR 0.873 | H_m0 0.51 H_m1 0.31 | a-0.0014 c0.4405 ent0.0029 VRAM 35MB
Ep 4000 | M0_PDR 0.432 | M1_PDR 0.860 | H_m0 0.67 H_m1 0.30 | a-0.0014 c0.4470 ent0.0028 VRAM 35MB
Ep 4050 | M0_PDR 0.435 | M1_PDR 0.864 | H_m0 0.59 H_m1 0.30 | a-0.0013 c0.4546 ent0.0027 VRAM 35MB
Ep 4100 | M0_PDR 0.430 | M1_PDR 0.859 | H_m0 0.64 H_m1 0.31 | a-0.0013 c0.4450 ent0.0026 VRAM 35MB
Ep 4150 | M0_PDR 0.444 | M1_PDR 0.867 | H_m0 0.51 H_m1 0.31 | a-0.0011 c0.4514 ent0.0025 VRAM 35MB
Ep 4200 | M0_PDR 0.454 | M1_PDR 0.853 | H_m0 0.65 H_m1 0.31 | a-0.0012 c0.4766 ent0.0024 VRAM 35MB
Ep 4250 | M0_PDR 0.435 | M1_PDR 0.890 | H_m0 0.53 H_m1 0.30 | a-0.0009 c0.4350 ent0.0023 VRAM 35MB
Ep 4300 | M0_PDR 0.454 | M1_PDR 0.855 | H_m0 0.63 H_m1 0.29 | a-0.0010 c0.4859 ent0.0023 VRAM 35MB
Ep 4350 | M0_PDR 0.421 | M1_PDR 0.867 | H_m0 0.52 H_m1 0.30 | a-0.0009 c0.4312 ent0.0022 VRAM 35MB
Ep 4400 | M0_PDR 0.439 | M1_PDR 0.873 | H_m0 0.66 H_m1 0.31 | a-0.0010 c0.4503 ent0.0021 VRAM 35MB
Ep 4450 | M0_PDR 0.441 | M1_PDR 0.867 | H_m0 0.62 H_m1 0.31 | a-0.0010 c0.4629 ent0.0020 VRAM 35MB
Ep 4500 | M0_PDR 0.432 | M1_PDR 0.869 | H_m0 0.54 H_m1 0.30 | a-0.0008 c0.4443 ent0.0019 VRAM 35MB
Ep 4550 | M0_PDR 0.428 | M1_PDR 0.862 | H_m0 0.51 H_m1 0.31 | a-0.0008 c0.4459 ent0.0018 VRAM 35MB
Ep 4600 | M0_PDR 0.423 | M1_PDR 0.858 | H_m0 0.59 H_m1 0.31 | a-0.0008 c0.4380 ent0.0017 VRAM 35MB
Ep 4650 | M0_PDR 0.456 | M1_PDR 0.865 | H_m0 0.62 H_m1 0.31 | a-0.0008 c0.4715 ent0.0016 VRAM 35MB
Ep 4700 | M0_PDR 0.441 | M1_PDR 0.870 | H_m0 0.56 H_m1 0.31 | a-0.0007 c0.4403 ent0.0015 VRAM 35MB
Ep 4750 | M0_PDR 0.455 | M1_PDR 0.870 | H_m0 0.59 H_m1 0.31 | a-0.0007 c0.4676 ent0.0014 VRAM 35MB
Ep 4800 | M0_PDR 0.424 | M1_PDR 0.872 | H_m0 0.56 H_m1 0.32 | a-0.0006 c0.4232 ent0.0014 VRAM 35MB
Ep 4850 | M0_PDR 0.440 | M1_PDR 0.856 | H_m0 0.57 H_m1 0.32 | a-0.0006 c0.4523 ent0.0013 VRAM 35MB
Ep 4900 | M0_PDR 0.428 | M1_PDR 0.864 | H_m0 0.61 H_m1 0.32 | a-0.0006 c0.4481 ent0.0012 VRAM 35MB
Ep 4950 | M0_PDR 0.435 | M1_PDR 0.855 | H_m0 0.64 H_m1 0.32 | a-0.0005 c0.4545 ent0.0011 VRAM 35MB

Training complete. Running 100 eval episodes...

  Eval ep   0: M0_PDR=0.447  M1_PDR=0.851
  Eval ep  20: M0_PDR=0.457  M1_PDR=0.874
  Eval ep  40: M0_PDR=0.444  M1_PDR=0.868
  Eval ep  60: M0_PDR=0.433  M1_PDR=0.865
  Eval ep  80: M0_PDR=0.425  M1_PDR=0.855

=== Eval Summary (100 episodes) ===
  M0_PDR_mean         : 0.4401
  M0_PDR_p05 (across) : 0.4238
  M0_PDR_p05 (intra)  : 0.2010
  M1_PDR_mean         : 0.8607
  M0_SINR_mean (dB)   : -1.79
  M1_SINR_mean (dB)   : 20.62
  M0_collision_rate   : 1.000
  M0_collision_within_pool : 1.000
  M1_collision_within_pool : 0.800

Result saved -> results/_D_N10_seed3_gaefix_g05_ent01.json
  N=10  rho=2.0  M0_PDR=0.440  M1_PDR=0.861
Checkpoint saved -> checkpoints/D_N10_seed3_gaefix_g05_ent01_actors.pt
[NS3Bridge] Shutdown complete.
Run complete.
