[seed] all RNGs seeded with 3
GPU : NVIDIA GeForce RTX 3060
VRAM: 12.9 GB
Device          : cuda:0
Actors          : 10 per-vehicle, total 212,730 params
Critic params   : 96,257
obs_dim=11  action_dim=25  gs_dim=115
M0 count: 5  M1 count: 5
Training for 5000 episodes (Config D_N10_pool4_seed3_gaefix_g05_ent01, N=10)...

[NS3Bridge] Connected tcp://localhost:8506
Ep    0 | M0_PDR 0.511 | M1_PDR 0.039 | H_m0 3.21 H_m1 3.21 | a-0.0388 c0.6568 ent0.0100 VRAM 35MB
Ep   50 | M0_PDR 0.645 | M1_PDR 0.038 | H_m0 1.47 H_m1 3.18 | a-0.0318 c0.8412 ent0.0099 VRAM 35MB
Ep  100 | M0_PDR 0.856 | M1_PDR 0.049 | H_m0 0.03 H_m1 3.11 | a-0.0167 c1.1959 ent0.0098 VRAM 35MB
Ep  150 | M0_PDR 0.875 | M1_PDR 0.033 | H_m0 0.01 H_m1 3.04 | a-0.0158 c1.2174 ent0.0097 VRAM 35MB
Ep  200 | M0_PDR 0.880 | M1_PDR 0.042 | H_m0 0.01 H_m1 2.95 | a-0.0150 c1.2175 ent0.0096 VRAM 35MB
Ep  250 | M0_PDR 0.883 | M1_PDR 0.039 | H_m0 0.00 H_m1 3.02 | a-0.0151 c1.2203 ent0.0095 VRAM 35MB
Ep  300 | M0_PDR 0.885 | M1_PDR 0.035 | H_m0 0.00 H_m1 3.06 | a-0.0150 c1.2253 ent0.0095 VRAM 35MB
Ep  350 | M0_PDR 0.882 | M1_PDR 0.039 | H_m0 0.00 H_m1 3.06 | a-0.0153 c1.2206 ent0.0094 VRAM 35MB
Ep  400 | M0_PDR 0.876 | M1_PDR 0.034 | H_m0 0.00 H_m1 3.06 | a-0.0147 c1.2148 ent0.0093 VRAM 35MB
Ep  450 | M0_PDR 0.891 | M1_PDR 0.036 | H_m0 0.00 H_m1 3.09 | a-0.0148 c1.2247 ent0.0092 VRAM 35MB
Ep  500 | M0_PDR 0.875 | M1_PDR 0.035 | H_m0 0.00 H_m1 3.07 | a-0.0146 c1.2134 ent0.0091 VRAM 35MB
Ep  550 | M0_PDR 0.876 | M1_PDR 0.031 | H_m0 0.00 H_m1 3.09 | a-0.0146 c1.2136 ent0.0090 VRAM 35MB
Ep  600 | M0_PDR 0.872 | M1_PDR 0.027 | H_m0 0.00 H_m1 3.06 | a-0.0140 c1.2174 ent0.0089 VRAM 35MB
Ep  650 | M0_PDR 0.885 | M1_PDR 0.030 | H_m0 0.00 H_m1 3.08 | a-0.0141 c1.2255 ent0.0088 VRAM 35MB
Ep  700 | M0_PDR 0.893 | M1_PDR 0.037 | H_m0 0.00 H_m1 3.13 | a-0.0143 c1.2316 ent0.0087 VRAM 35MB
Ep  750 | M0_PDR 0.889 | M1_PDR 0.028 | H_m0 0.00 H_m1 3.12 | a-0.0138 c1.2250 ent0.0086 VRAM 35MB
Ep  800 | M0_PDR 0.880 | M1_PDR 0.028 | H_m0 0.00 H_m1 3.07 | a-0.0136 c1.2167 ent0.0086 VRAM 35MB
Ep  850 | M0_PDR 0.883 | M1_PDR 0.030 | H_m0 0.00 H_m1 3.07 | a-0.0133 c1.2258 ent0.0085 VRAM 35MB
Ep  900 | M0_PDR 0.882 | M1_PDR 0.039 | H_m0 0.00 H_m1 3.13 | a-0.0135 c1.2197 ent0.0084 VRAM 35MB
Ep  950 | M0_PDR 0.875 | M1_PDR 0.036 | H_m0 0.00 H_m1 3.12 | a-0.0132 c1.2089 ent0.0083 VRAM 35MB
Ep 1000 | M0_PDR 0.879 | M1_PDR 0.037 | H_m0 0.00 H_m1 3.13 | a-0.0131 c1.2147 ent0.0082 VRAM 35MB
Ep 1050 | M0_PDR 0.860 | M1_PDR 0.035 | H_m0 0.00 H_m1 3.16 | a-0.0132 c1.1948 ent0.0081 VRAM 35MB
Ep 1100 | M0_PDR 0.873 | M1_PDR 0.038 | H_m0 0.00 H_m1 3.15 | a-0.0130 c1.2089 ent0.0080 VRAM 35MB
Ep 1150 | M0_PDR 0.877 | M1_PDR 0.031 | H_m0 0.00 H_m1 3.13 | a-0.0126 c1.2157 ent0.0079 VRAM 35MB
Ep 1200 | M0_PDR 0.879 | M1_PDR 0.038 | H_m0 0.00 H_m1 3.05 | a-0.0121 c1.2150 ent0.0078 VRAM 35MB
Ep 1250 | M0_PDR 0.875 | M1_PDR 0.028 | H_m0 0.00 H_m1 3.02 | a-0.0120 c1.2118 ent0.0077 VRAM 35MB
Ep 1300 | M0_PDR 0.881 | M1_PDR 0.030 | H_m0 0.00 H_m1 3.07 | a-0.0121 c1.2185 ent0.0077 VRAM 35MB
Ep 1350 | M0_PDR 0.882 | M1_PDR 0.035 | H_m0 0.00 H_m1 3.04 | a-0.0119 c1.2205 ent0.0076 VRAM 35MB
Ep 1400 | M0_PDR 0.886 | M1_PDR 0.043 | H_m0 0.00 H_m1 3.03 | a-0.0119 c1.2219 ent0.0075 VRAM 35MB
Ep 1450 | M0_PDR 0.863 | M1_PDR 0.034 | H_m0 0.00 H_m1 3.05 | a-0.0116 c1.1997 ent0.0074 VRAM 35MB
Ep 1500 | M0_PDR 0.873 | M1_PDR 0.029 | H_m0 0.00 H_m1 3.11 | a-0.0117 c1.2130 ent0.0073 VRAM 35MB
Ep 1550 | M0_PDR 0.875 | M1_PDR 0.025 | H_m0 0.00 H_m1 3.07 | a-0.0113 c1.2224 ent0.0072 VRAM 35MB
Ep 1600 | M0_PDR 0.879 | M1_PDR 0.029 | H_m0 0.00 H_m1 3.11 | a-0.0114 c1.2214 ent0.0071 VRAM 35MB
Ep 1650 | M0_PDR 0.877 | M1_PDR 0.035 | H_m0 0.00 H_m1 3.09 | a-0.0112 c1.2152 ent0.0070 VRAM 35MB
Ep 1700 | M0_PDR 0.875 | M1_PDR 0.031 | H_m0 0.00 H_m1 3.07 | a-0.0109 c1.2154 ent0.0069 VRAM 35MB
Ep 1750 | M0_PDR 0.889 | M1_PDR 0.035 | H_m0 0.00 H_m1 3.01 | a-0.0108 c1.2278 ent0.0068 VRAM 35MB
Ep 1800 | M0_PDR 0.868 | M1_PDR 0.030 | H_m0 0.00 H_m1 3.01 | a-0.0106 c1.2022 ent0.0068 VRAM 35MB
Ep 1850 | M0_PDR 0.874 | M1_PDR 0.032 | H_m0 0.00 H_m1 2.92 | a-0.0100 c1.2094 ent0.0067 VRAM 35MB
Ep 1900 | M0_PDR 0.897 | M1_PDR 0.035 | H_m0 0.00 H_m1 2.93 | a-0.0100 c1.2384 ent0.0066 VRAM 35MB
Ep 1950 | M0_PDR 0.888 | M1_PDR 0.045 | H_m0 0.00 H_m1 2.92 | a-0.0098 c1.2296 ent0.0065 VRAM 35MB
Ep 2000 | M0_PDR 0.869 | M1_PDR 0.029 | H_m0 0.00 H_m1 2.95 | a-0.0098 c1.2099 ent0.0064 VRAM 35MB
Ep 2050 | M0_PDR 0.870 | M1_PDR 0.036 | H_m0 0.00 H_m1 2.96 | a-0.0096 c1.2075 ent0.0063 VRAM 35MB
Ep 2100 | M0_PDR 0.880 | M1_PDR 0.048 | H_m0 0.00 H_m1 2.92 | a-0.0093 c1.2179 ent0.0062 VRAM 35MB
Ep 2150 | M0_PDR 0.879 | M1_PDR 0.038 | H_m0 0.00 H_m1 2.93 | a-0.0091 c1.2143 ent0.0061 VRAM 35MB
Ep 2200 | M0_PDR 0.889 | M1_PDR 0.039 | H_m0 0.00 H_m1 2.96 | a-0.0092 c1.2365 ent0.0060 VRAM 35MB
Ep 2250 | M0_PDR 0.876 | M1_PDR 0.029 | H_m0 0.00 H_m1 3.04 | a-0.0093 c1.2126 ent0.0059 VRAM 35MB
Ep 2300 | M0_PDR 0.871 | M1_PDR 0.039 | H_m0 0.00 H_m1 3.02 | a-0.0091 c1.2072 ent0.0059 VRAM 35MB
Ep 2350 | M0_PDR 0.865 | M1_PDR 0.037 | H_m0 0.00 H_m1 3.04 | a-0.0090 c1.2082 ent0.0058 VRAM 35MB
Ep 2400 | M0_PDR 0.882 | M1_PDR 0.040 | H_m0 0.00 H_m1 3.00 | a-0.0088 c1.2229 ent0.0057 VRAM 35MB
Ep 2450 | M0_PDR 0.873 | M1_PDR 0.028 | H_m0 0.00 H_m1 3.00 | a-0.0086 c1.2097 ent0.0056 VRAM 35MB
Ep 2500 | M0_PDR 0.893 | M1_PDR 0.037 | H_m0 0.00 H_m1 2.99 | a-0.0084 c1.2240 ent0.0055 VRAM 35MB
Ep 2550 | M0_PDR 0.870 | M1_PDR 0.034 | H_m0 0.00 H_m1 2.97 | a-0.0083 c1.2040 ent0.0054 VRAM 35MB
Ep 2600 | M0_PDR 0.868 | M1_PDR 0.039 | H_m0 0.00 H_m1 2.95 | a-0.0082 c1.2117 ent0.0053 VRAM 35MB
Ep 2650 | M0_PDR 0.885 | M1_PDR 0.033 | H_m0 0.00 H_m1 2.89 | a-0.0077 c1.2205 ent0.0052 VRAM 35MB
Ep 2700 | M0_PDR 0.889 | M1_PDR 0.034 | H_m0 0.00 H_m1 2.93 | a-0.0078 c1.2309 ent0.0051 VRAM 35MB
Ep 2750 | M0_PDR 0.880 | M1_PDR 0.040 | H_m0 0.00 H_m1 2.96 | a-0.0077 c1.2146 ent0.0050 VRAM 35MB
Ep 2800 | M0_PDR 0.873 | M1_PDR 0.038 | H_m0 0.00 H_m1 2.97 | a-0.0075 c1.2102 ent0.0050 VRAM 35MB
Ep 2850 | M0_PDR 0.881 | M1_PDR 0.041 | H_m0 0.00 H_m1 2.96 | a-0.0073 c1.2150 ent0.0049 VRAM 35MB
Ep 2900 | M0_PDR 0.879 | M1_PDR 0.034 | H_m0 0.00 H_m1 2.93 | a-0.0071 c1.2158 ent0.0048 VRAM 35MB
Ep 2950 | M0_PDR 0.888 | M1_PDR 0.046 | H_m0 0.00 H_m1 2.91 | a-0.0071 c1.2191 ent0.0047 VRAM 35MB
Ep 3000 | M0_PDR 0.874 | M1_PDR 0.047 | H_m0 0.00 H_m1 2.85 | a-0.0068 c1.2047 ent0.0046 VRAM 35MB
Ep 3050 | M0_PDR 0.873 | M1_PDR 0.048 | H_m0 0.00 H_m1 2.86 | a-0.0066 c1.2123 ent0.0045 VRAM 35MB
Ep 3100 | M0_PDR 0.858 | M1_PDR 0.041 | H_m0 0.00 H_m1 2.89 | a-0.0066 c1.1949 ent0.0044 VRAM 35MB
Ep 3150 | M0_PDR 0.868 | M1_PDR 0.045 | H_m0 0.00 H_m1 2.84 | a-0.0063 c1.2051 ent0.0043 VRAM 35MB
Ep 3200 | M0_PDR 0.885 | M1_PDR 0.058 | H_m0 0.00 H_m1 2.86 | a-0.0062 c1.2195 ent0.0042 VRAM 35MB
Ep 3250 | M0_PDR 0.878 | M1_PDR 0.043 | H_m0 0.00 H_m1 2.87 | a-0.0061 c1.2131 ent0.0041 VRAM 35MB
Ep 3300 | M0_PDR 0.878 | M1_PDR 0.044 | H_m0 0.00 H_m1 2.90 | a-0.0060 c1.2145 ent0.0041 VRAM 35MB
Ep 3350 | M0_PDR 0.891 | M1_PDR 0.038 | H_m0 0.00 H_m1 2.89 | a-0.0058 c1.2269 ent0.0040 VRAM 35MB
Ep 3400 | M0_PDR 0.877 | M1_PDR 0.037 | H_m0 0.00 H_m1 2.87 | a-0.0057 c1.2124 ent0.0039 VRAM 35MB
Ep 3450 | M0_PDR 0.890 | M1_PDR 0.050 | H_m0 0.00 H_m1 2.84 | a-0.0055 c1.2227 ent0.0038 VRAM 35MB
Ep 3500 | M0_PDR 0.868 | M1_PDR 0.037 | H_m0 0.00 H_m1 2.84 | a-0.0053 c1.2021 ent0.0037 VRAM 35MB
Ep 3550 | M0_PDR 0.872 | M1_PDR 0.037 | H_m0 0.00 H_m1 2.84 | a-0.0053 c1.2031 ent0.0036 VRAM 35MB
Ep 3600 | M0_PDR 0.887 | M1_PDR 0.043 | H_m0 0.00 H_m1 2.83 | a-0.0050 c1.2256 ent0.0035 VRAM 35MB
Ep 3650 | M0_PDR 0.893 | M1_PDR 0.049 | H_m0 0.00 H_m1 2.83 | a-0.0050 c1.2316 ent0.0034 VRAM 35MB
Ep 3700 | M0_PDR 0.871 | M1_PDR 0.042 | H_m0 0.00 H_m1 2.82 | a-0.0048 c1.2052 ent0.0033 VRAM 35MB
Ep 3750 | M0_PDR 0.883 | M1_PDR 0.054 | H_m0 0.00 H_m1 2.78 | a-0.0046 c1.2181 ent0.0032 VRAM 35MB
Ep 3800 | M0_PDR 0.879 | M1_PDR 0.043 | H_m0 0.00 H_m1 2.78 | a-0.0044 c1.2176 ent0.0032 VRAM 35MB
Ep 3850 | M0_PDR 0.886 | M1_PDR 0.051 | H_m0 0.00 H_m1 2.79 | a-0.0044 c1.2173 ent0.0031 VRAM 35MB
Ep 3900 | M0_PDR 0.893 | M1_PDR 0.048 | H_m0 0.00 H_m1 2.80 | a-0.0042 c1.2259 ent0.0030 VRAM 35MB
Ep 3950 | M0_PDR 0.882 | M1_PDR 0.048 | H_m0 0.00 H_m1 2.83 | a-0.0042 c1.2253 ent0.0029 VRAM 35MB
Ep 4000 | M0_PDR 0.870 | M1_PDR 0.047 | H_m0 0.00 H_m1 2.84 | a-0.0040 c1.2112 ent0.0028 VRAM 35MB
Ep 4050 | M0_PDR 0.891 | M1_PDR 0.040 | H_m0 0.00 H_m1 2.85 | a-0.0039 c1.2264 ent0.0027 VRAM 35MB
Ep 4100 | M0_PDR 0.886 | M1_PDR 0.045 | H_m0 0.00 H_m1 2.87 | a-0.0038 c1.2200 ent0.0026 VRAM 35MB
Ep 4150 | M0_PDR 0.886 | M1_PDR 0.042 | H_m0 0.00 H_m1 2.88 | a-0.0037 c1.2241 ent0.0025 VRAM 35MB
Ep 4200 | M0_PDR 0.882 | M1_PDR 0.058 | H_m0 0.00 H_m1 2.88 | a-0.0036 c1.2077 ent0.0024 VRAM 35MB
Ep 4250 | M0_PDR 0.879 | M1_PDR 0.043 | H_m0 0.00 H_m1 2.87 | a-0.0034 c1.2236 ent0.0023 VRAM 35MB
Ep 4300 | M0_PDR 0.878 | M1_PDR 0.035 | H_m0 0.00 H_m1 2.87 | a-0.0033 c1.2103 ent0.0023 VRAM 35MB
Ep 4350 | M0_PDR 0.872 | M1_PDR 0.040 | H_m0 0.00 H_m1 2.87 | a-0.0031 c1.2067 ent0.0022 VRAM 35MB
Ep 4400 | M0_PDR 0.892 | M1_PDR 0.045 | H_m0 0.00 H_m1 2.87 | a-0.0030 c1.2320 ent0.0021 VRAM 35MB
Ep 4450 | M0_PDR 0.866 | M1_PDR 0.043 | H_m0 0.00 H_m1 2.87 | a-0.0029 c1.2018 ent0.0020 VRAM 35MB
Ep 4500 | M0_PDR 0.873 | M1_PDR 0.045 | H_m0 0.00 H_m1 2.88 | a-0.0028 c1.2049 ent0.0019 VRAM 35MB
Ep 4550 | M0_PDR 0.869 | M1_PDR 0.041 | H_m0 0.00 H_m1 2.88 | a-0.0026 c1.2013 ent0.0018 VRAM 35MB
Ep 4600 | M0_PDR 0.881 | M1_PDR 0.037 | H_m0 0.00 H_m1 2.87 | a-0.0025 c1.2138 ent0.0017 VRAM 35MB
Ep 4650 | M0_PDR 0.859 | M1_PDR 0.036 | H_m0 0.00 H_m1 2.87 | a-0.0023 c1.1940 ent0.0016 VRAM 35MB
Ep 4700 | M0_PDR 0.884 | M1_PDR 0.039 | H_m0 0.00 H_m1 2.87 | a-0.0022 c1.2246 ent0.0015 VRAM 35MB
Ep 4750 | M0_PDR 0.878 | M1_PDR 0.040 | H_m0 0.00 H_m1 2.86 | a-0.0021 c1.2145 ent0.0014 VRAM 35MB
Ep 4800 | M0_PDR 0.877 | M1_PDR 0.044 | H_m0 0.00 H_m1 2.86 | a-0.0020 c1.2164 ent0.0014 VRAM 35MB
Ep 4850 | M0_PDR 0.871 | M1_PDR 0.048 | H_m0 0.00 H_m1 2.86 | a-0.0018 c1.2040 ent0.0013 VRAM 35MB
Ep 4900 | M0_PDR 0.875 | M1_PDR 0.045 | H_m0 0.00 H_m1 2.86 | a-0.0017 c1.2087 ent0.0012 VRAM 35MB
Ep 4950 | M0_PDR 0.874 | M1_PDR 0.036 | H_m0 0.00 H_m1 2.86 | a-0.0016 c1.2104 ent0.0011 VRAM 35MB

Training complete. Running 100 eval episodes...

  Eval ep   0: M0_PDR=0.876  M1_PDR=0.048
  Eval ep  20: M0_PDR=0.899  M1_PDR=0.046
  Eval ep  40: M0_PDR=0.874  M1_PDR=0.038
  Eval ep  60: M0_PDR=0.874  M1_PDR=0.056
  Eval ep  80: M0_PDR=0.874  M1_PDR=0.050

=== Eval Summary (100 episodes) ===
  M0_PDR_mean         : 0.8787
  M0_PDR_p05 (across) : 0.8664
  M0_PDR_p05 (intra)  : 0.6539
  M1_PDR_mean         : 0.0423
  M0_SINR_mean (dB)   : 34.45
  M1_SINR_mean (dB)   : -34.34
  M0_collision_rate   : 0.400
  M0_collision_within_pool : 0.400
  M1_collision_within_pool : 1.000

Result saved -> results/_D_N10_pool4_seed3_gaefix_g05_ent01.json
  N=10  rho=2.0  M0_PDR=0.879  M1_PDR=0.042
Checkpoint saved -> checkpoints/D_N10_pool4_seed3_gaefix_g05_ent01_actors.pt
[NS3Bridge] Shutdown complete.
Run complete.
