[seed] all RNGs seeded with 2
GPU : NVIDIA GeForce RTX 3060
VRAM: 12.9 GB
Device          : cuda:0
Actors          : 10 per-vehicle, total 212,730 params
Critic params   : 96,257
obs_dim=11  action_dim=25  gs_dim=115
M0 count: 5  M1 count: 5
Training for 5000 episodes (Config D_N10_seed2, N=10)...

[NS3Bridge] Connected tcp://localhost:5846
Ep    0 | M0_PDR 0.260 | M1_PDR 0.476 | H_m0 3.22 H_m1 3.22 | a-0.1675 c3.6804 ent0.0500 VRAM 35MB
Ep   50 | M0_PDR 0.272 | M1_PDR 0.488 | H_m0 3.11 H_m1 3.19 | a-0.1580 c2.6058 ent0.0495 VRAM 35MB
Ep  100 | M0_PDR 0.388 | M1_PDR 0.469 | H_m0 2.39 H_m1 3.20 | a-0.1397 c3.3767 ent0.0490 VRAM 35MB
Ep  150 | M0_PDR 0.479 | M1_PDR 0.500 | H_m0 1.81 H_m1 3.19 | a-0.1238 c4.0926 ent0.0485 VRAM 35MB
Ep  200 | M0_PDR 0.469 | M1_PDR 0.500 | H_m0 1.89 H_m1 3.17 | a-0.1238 c3.4841 ent0.0480 VRAM 35MB
Ep  250 | M0_PDR 0.497 | M1_PDR 0.515 | H_m0 1.63 H_m1 3.17 | a-0.1160 c2.4337 ent0.0475 VRAM 35MB
Ep  300 | M0_PDR 0.490 | M1_PDR 0.493 | H_m0 1.79 H_m1 3.17 | a-0.1186 c1.7741 ent0.0471 VRAM 35MB
Ep  350 | M0_PDR 0.496 | M1_PDR 0.507 | H_m0 1.67 H_m1 3.16 | a-0.1140 c1.8009 ent0.0466 VRAM 35MB
Ep  400 | M0_PDR 0.493 | M1_PDR 0.483 | H_m0 1.74 H_m1 3.14 | a-0.1136 c1.4269 ent0.0461 VRAM 35MB
Ep  450 | M0_PDR 0.486 | M1_PDR 0.485 | H_m0 1.75 H_m1 3.15 | a-0.1130 c1.1452 ent0.0456 VRAM 35MB
Ep  500 | M0_PDR 0.504 | M1_PDR 0.489 | H_m0 1.75 H_m1 3.16 | a-0.1126 c1.1599 ent0.0451 VRAM 35MB
Ep  550 | M0_PDR 0.506 | M1_PDR 0.498 | H_m0 1.76 H_m1 3.12 | a-0.1104 c1.1053 ent0.0446 VRAM 35MB
Ep  600 | M0_PDR 0.494 | M1_PDR 0.499 | H_m0 1.68 H_m1 3.13 | a-0.1084 c1.8383 ent0.0441 VRAM 35MB
Ep  650 | M0_PDR 0.487 | M1_PDR 0.498 | H_m0 1.74 H_m1 3.16 | a-0.1073 c1.3048 ent0.0436 VRAM 35MB
Ep  700 | M0_PDR 0.499 | M1_PDR 0.487 | H_m0 1.65 H_m1 3.15 | a-0.1051 c1.0674 ent0.0431 VRAM 35MB
Ep  750 | M0_PDR 0.503 | M1_PDR 0.524 | H_m0 1.64 H_m1 3.12 | a-0.1029 c0.9996 ent0.0426 VRAM 35MB
Ep  800 | M0_PDR 0.495 | M1_PDR 0.528 | H_m0 1.54 H_m1 3.11 | a-0.0985 c1.1034 ent0.0422 VRAM 35MB
Ep  850 | M0_PDR 0.502 | M1_PDR 0.527 | H_m0 1.52 H_m1 3.09 | a-0.0980 c1.0752 ent0.0417 VRAM 35MB
Ep  900 | M0_PDR 0.506 | M1_PDR 0.515 | H_m0 1.58 H_m1 3.09 | a-0.0976 c1.2201 ent0.0412 VRAM 35MB
Ep  950 | M0_PDR 0.524 | M1_PDR 0.499 | H_m0 1.43 H_m1 3.10 | a-0.0930 c1.1645 ent0.0407 VRAM 35MB
Ep 1000 | M0_PDR 0.507 | M1_PDR 0.514 | H_m0 1.57 H_m1 3.04 | a-0.0944 c1.0639 ent0.0402 VRAM 35MB
Ep 1050 | M0_PDR 0.494 | M1_PDR 0.521 | H_m0 1.56 H_m1 3.12 | a-0.0949 c1.2728 ent0.0397 VRAM 35MB
Ep 1100 | M0_PDR 0.517 | M1_PDR 0.524 | H_m0 1.57 H_m1 3.02 | a-0.0913 c0.9251 ent0.0392 VRAM 35MB
Ep 1150 | M0_PDR 0.506 | M1_PDR 0.514 | H_m0 1.55 H_m1 2.93 | a-0.0899 c1.2016 ent0.0387 VRAM 35MB
Ep 1200 | M0_PDR 0.504 | M1_PDR 0.515 | H_m0 1.53 H_m1 3.05 | a-0.0884 c1.9660 ent0.0382 VRAM 35MB
Ep 1250 | M0_PDR 0.501 | M1_PDR 0.548 | H_m0 1.41 H_m1 2.95 | a-0.0835 c1.1517 ent0.0377 VRAM 35MB
Ep 1300 | M0_PDR 0.508 | M1_PDR 0.570 | H_m0 1.50 H_m1 2.90 | a-0.0834 c0.8762 ent0.0373 VRAM 35MB
Ep 1350 | M0_PDR 0.519 | M1_PDR 0.580 | H_m0 1.54 H_m1 2.79 | a-0.0810 c0.8682 ent0.0368 VRAM 35MB
Ep 1400 | M0_PDR 0.517 | M1_PDR 0.590 | H_m0 1.54 H_m1 2.85 | a-0.0816 c1.0209 ent0.0363 VRAM 35MB
Ep 1450 | M0_PDR 0.514 | M1_PDR 0.623 | H_m0 1.61 H_m1 2.72 | a-0.0781 c0.9839 ent0.0358 VRAM 35MB
Ep 1500 | M0_PDR 0.510 | M1_PDR 0.574 | H_m0 1.60 H_m1 2.90 | a-0.0809 c0.9431 ent0.0353 VRAM 35MB
Ep 1550 | M0_PDR 0.509 | M1_PDR 0.602 | H_m0 1.41 H_m1 2.83 | a-0.0748 c1.3901 ent0.0348 VRAM 35MB
Ep 1600 | M0_PDR 0.507 | M1_PDR 0.584 | H_m0 1.55 H_m1 2.80 | a-0.0758 c0.9643 ent0.0343 VRAM 35MB
Ep 1650 | M0_PDR 0.510 | M1_PDR 0.579 | H_m0 1.52 H_m1 2.75 | a-0.0734 c1.2741 ent0.0338 VRAM 35MB
Ep 1700 | M0_PDR 0.497 | M1_PDR 0.579 | H_m0 1.56 H_m1 2.77 | a-0.0730 c0.8801 ent0.0333 VRAM 35MB
Ep 1750 | M0_PDR 0.495 | M1_PDR 0.636 | H_m0 1.48 H_m1 2.68 | a-0.0693 c0.9802 ent0.0328 VRAM 35MB
Ep 1800 | M0_PDR 0.510 | M1_PDR 0.607 | H_m0 1.52 H_m1 2.57 | a-0.0667 c0.8865 ent0.0324 VRAM 35MB
Ep 1850 | M0_PDR 0.518 | M1_PDR 0.608 | H_m0 1.44 H_m1 2.61 | a-0.0657 c1.1178 ent0.0319 VRAM 35MB
Ep 1900 | M0_PDR 0.499 | M1_PDR 0.678 | H_m0 1.46 H_m1 2.38 | a-0.0614 c1.4573 ent0.0314 VRAM 35MB
Ep 1950 | M0_PDR 0.510 | M1_PDR 0.706 | H_m0 1.44 H_m1 2.25 | a-0.0583 c0.9688 ent0.0309 VRAM 35MB
Ep 2000 | M0_PDR 0.499 | M1_PDR 0.749 | H_m0 1.46 H_m1 2.01 | a-0.0536 c0.9649 ent0.0304 VRAM 35MB
Ep 2050 | M0_PDR 0.514 | M1_PDR 0.744 | H_m0 1.47 H_m1 2.13 | a-0.0550 c0.8522 ent0.0299 VRAM 35MB
Ep 2100 | M0_PDR 0.502 | M1_PDR 0.768 | H_m0 1.45 H_m1 2.01 | a-0.0517 c0.9940 ent0.0294 VRAM 35MB
Ep 2150 | M0_PDR 0.505 | M1_PDR 0.719 | H_m0 1.40 H_m1 2.13 | a-0.0518 c1.2885 ent0.0289 VRAM 35MB
Ep 2200 | M0_PDR 0.514 | M1_PDR 0.764 | H_m0 1.35 H_m1 2.02 | a-0.0488 c0.9639 ent0.0284 VRAM 35MB
Ep 2250 | M0_PDR 0.512 | M1_PDR 0.781 | H_m0 1.33 H_m1 1.92 | a-0.0465 c0.7438 ent0.0279 VRAM 35MB
Ep 2300 | M0_PDR 0.500 | M1_PDR 0.788 | H_m0 1.49 H_m1 1.84 | a-0.0464 c0.8386 ent0.0275 VRAM 35MB
Ep 2350 | M0_PDR 0.519 | M1_PDR 0.778 | H_m0 1.40 H_m1 1.86 | a-0.0446 c0.9127 ent0.0270 VRAM 35MB
Ep 2400 | M0_PDR 0.513 | M1_PDR 0.829 | H_m0 1.40 H_m1 1.82 | a-0.0432 c1.1736 ent0.0265 VRAM 35MB
Ep 2450 | M0_PDR 0.514 | M1_PDR 0.802 | H_m0 1.46 H_m1 1.79 | a-0.0428 c1.1441 ent0.0260 VRAM 35MB
Error: tcpip::Socket::accept() Unable to create listening socket: Address already in use
Quitting (on error).
Ep 2500 | M0_PDR 0.503 | M1_PDR 0.805 | H_m0 1.44 H_m1 1.80 | a-0.0424 c1.0312 ent0.0255 VRAM 35MB
Ep 2550 | M0_PDR 0.514 | M1_PDR 0.792 | H_m0 1.43 H_m1 1.82 | a-0.0412 c0.9700 ent0.0250 VRAM 35MB
Ep 2600 | M0_PDR 0.521 | M1_PDR 0.785 | H_m0 1.41 H_m1 1.87 | a-0.0409 c0.8812 ent0.0245 VRAM 35MB
Ep 2650 | M0_PDR 0.516 | M1_PDR 0.770 | H_m0 1.36 H_m1 1.82 | a-0.0389 c0.8548 ent0.0240 VRAM 35MB
Ep 2700 | M0_PDR 0.513 | M1_PDR 0.811 | H_m0 1.37 H_m1 1.83 | a-0.0382 c0.9367 ent0.0235 VRAM 35MB
Ep 2750 | M0_PDR 0.520 | M1_PDR 0.795 | H_m0 1.32 H_m1 1.80 | a-0.0366 c0.9853 ent0.0230 VRAM 35MB
Ep 2800 | M0_PDR 0.517 | M1_PDR 0.799 | H_m0 1.34 H_m1 1.77 | a-0.0360 c0.8303 ent0.0226 VRAM 35MB
Ep 2850 | M0_PDR 0.511 | M1_PDR 0.804 | H_m0 1.33 H_m1 1.77 | a-0.0347 c0.8395 ent0.0221 VRAM 35MB
Ep 2900 | M0_PDR 0.515 | M1_PDR 0.790 | H_m0 1.28 H_m1 1.75 | a-0.0336 c0.8093 ent0.0216 VRAM 35MB
Ep 2950 | M0_PDR 0.513 | M1_PDR 0.835 | H_m0 1.25 H_m1 1.78 | a-0.0325 c1.0664 ent0.0211 VRAM 35MB
Ep 3000 | M0_PDR 0.517 | M1_PDR 0.793 | H_m0 1.25 H_m1 1.76 | a-0.0318 c0.8482 ent0.0206 VRAM 35MB
Ep 3050 | M0_PDR 0.517 | M1_PDR 0.831 | H_m0 1.24 H_m1 1.78 | a-0.0310 c0.9303 ent0.0201 VRAM 35MB
Ep 3100 | M0_PDR 0.505 | M1_PDR 0.834 | H_m0 1.26 H_m1 1.74 | a-0.0300 c0.8577 ent0.0196 VRAM 35MB
Ep 3150 | M0_PDR 0.522 | M1_PDR 0.840 | H_m0 1.25 H_m1 1.69 | a-0.0283 c0.8450 ent0.0191 VRAM 35MB
Ep 3200 | M0_PDR 0.517 | M1_PDR 0.824 | H_m0 1.28 H_m1 1.63 | a-0.0282 c0.9342 ent0.0186 VRAM 35MB
Ep 3250 | M0_PDR 0.507 | M1_PDR 0.801 | H_m0 1.24 H_m1 1.60 | a-0.0265 c0.8919 ent0.0181 VRAM 35MB
Ep 3300 | M0_PDR 0.515 | M1_PDR 0.832 | H_m0 1.23 H_m1 1.60 | a-0.0254 c0.7876 ent0.0177 VRAM 35MB
Ep 3350 | M0_PDR 0.507 | M1_PDR 0.813 | H_m0 1.25 H_m1 1.62 | a-0.0251 c0.7837 ent0.0172 VRAM 35MB
Ep 3400 | M0_PDR 0.533 | M1_PDR 0.826 | H_m0 1.28 H_m1 1.59 | a-0.0243 c0.7156 ent0.0167 VRAM 35MB
Ep 3450 | M0_PDR 0.510 | M1_PDR 0.831 | H_m0 1.27 H_m1 1.60 | a-0.0233 c0.8555 ent0.0162 VRAM 35MB
Ep 3500 | M0_PDR 0.501 | M1_PDR 0.839 | H_m0 1.27 H_m1 1.56 | a-0.0225 c0.9078 ent0.0157 VRAM 35MB
Ep 3550 | M0_PDR 0.520 | M1_PDR 0.846 | H_m0 1.26 H_m1 1.59 | a-0.0220 c0.7758 ent0.0152 VRAM 35MB
Ep 3600 | M0_PDR 0.511 | M1_PDR 0.842 | H_m0 1.21 H_m1 1.55 | a-0.0208 c0.8463 ent0.0147 VRAM 35MB
Ep 3650 | M0_PDR 0.522 | M1_PDR 0.843 | H_m0 1.22 H_m1 1.53 | a-0.0199 c0.9330 ent0.0142 VRAM 35MB
Ep 3700 | M0_PDR 0.515 | M1_PDR 0.843 | H_m0 1.19 H_m1 1.48 | a-0.0187 c0.9339 ent0.0137 VRAM 35MB
Ep 3750 | M0_PDR 0.516 | M1_PDR 0.826 | H_m0 1.21 H_m1 1.48 | a-0.0182 c0.8506 ent0.0132 VRAM 35MB
Ep 3800 | M0_PDR 0.509 | M1_PDR 0.854 | H_m0 1.20 H_m1 1.44 | a-0.0171 c0.7347 ent0.0128 VRAM 35MB
Ep 3850 | M0_PDR 0.505 | M1_PDR 0.855 | H_m0 1.22 H_m1 1.43 | a-0.0166 c0.8177 ent0.0123 VRAM 35MB
Ep 3900 | M0_PDR 0.501 | M1_PDR 0.864 | H_m0 1.21 H_m1 1.44 | a-0.0160 c0.8945 ent0.0118 VRAM 35MB
Ep 3950 | M0_PDR 0.504 | M1_PDR 0.867 | H_m0 1.19 H_m1 1.43 | a-0.0149 c0.8034 ent0.0113 VRAM 35MB
Ep 4000 | M0_PDR 0.514 | M1_PDR 0.847 | H_m0 1.19 H_m1 1.41 | a-0.0142 c0.8426 ent0.0108 VRAM 35MB
Ep 4050 | M0_PDR 0.515 | M1_PDR 0.853 | H_m0 1.17 H_m1 1.40 | a-0.0134 c0.7665 ent0.0103 VRAM 35MB
Ep 4100 | M0_PDR 0.499 | M1_PDR 0.875 | H_m0 1.17 H_m1 1.36 | a-0.0126 c0.9889 ent0.0098 VRAM 35MB
Ep 4150 | M0_PDR 0.509 | M1_PDR 0.866 | H_m0 1.18 H_m1 1.37 | a-0.0121 c0.7693 ent0.0093 VRAM 35MB
Ep 4200 | M0_PDR 0.529 | M1_PDR 0.865 | H_m0 1.20 H_m1 1.36 | a-0.0114 c0.8048 ent0.0088 VRAM 35MB
Ep 4250 | M0_PDR 0.499 | M1_PDR 0.877 | H_m0 1.18 H_m1 1.35 | a-0.0107 c0.8200 ent0.0083 VRAM 35MB
Ep 4300 | M0_PDR 0.513 | M1_PDR 0.878 | H_m0 1.18 H_m1 1.35 | a-0.0100 c0.8178 ent0.0079 VRAM 35MB
Ep 4350 | M0_PDR 0.519 | M1_PDR 0.881 | H_m0 1.18 H_m1 1.34 | a-0.0094 c0.7832 ent0.0074 VRAM 35MB
Ep 4400 | M0_PDR 0.497 | M1_PDR 0.880 | H_m0 1.18 H_m1 1.34 | a-0.0087 c0.8107 ent0.0069 VRAM 35MB
Ep 4450 | M0_PDR 0.506 | M1_PDR 0.860 | H_m0 1.17 H_m1 1.32 | a-0.0080 c0.8925 ent0.0064 VRAM 35MB
Ep 4500 | M0_PDR 0.505 | M1_PDR 0.864 | H_m0 1.16 H_m1 1.32 | a-0.0074 c0.8386 ent0.0059 VRAM 35MB
Ep 4550 | M0_PDR 0.515 | M1_PDR 0.879 | H_m0 1.17 H_m1 1.31 | a-0.0067 c0.8545 ent0.0054 VRAM 35MB
Ep 4600 | M0_PDR 0.514 | M1_PDR 0.875 | H_m0 1.16 H_m1 1.30 | a-0.0062 c0.7877 ent0.0049 VRAM 35MB
Ep 4650 | M0_PDR 0.502 | M1_PDR 0.869 | H_m0 1.17 H_m1 1.31 | a-0.0055 c0.8437 ent0.0044 VRAM 35MB
Ep 4700 | M0_PDR 0.511 | M1_PDR 0.873 | H_m0 1.17 H_m1 1.31 | a-0.0049 c0.8290 ent0.0039 VRAM 35MB
Ep 4750 | M0_PDR 0.523 | M1_PDR 0.866 | H_m0 1.16 H_m1 1.30 | a-0.0043 c0.8759 ent0.0034 VRAM 35MB
Ep 4800 | M0_PDR 0.507 | M1_PDR 0.864 | H_m0 1.16 H_m1 1.29 | a-0.0036 c0.8391 ent0.0030 VRAM 35MB
Ep 4850 | M0_PDR 0.510 | M1_PDR 0.875 | H_m0 1.16 H_m1 1.29 | a-0.0031 c0.8225 ent0.0025 VRAM 35MB
Ep 4900 | M0_PDR 0.530 | M1_PDR 0.874 | H_m0 1.16 H_m1 1.27 | a-0.0025 c0.7336 ent0.0020 VRAM 35MB
Ep 4950 | M0_PDR 0.506 | M1_PDR 0.866 | H_m0 1.16 H_m1 1.27 | a-0.0018 c0.7837 ent0.0015 VRAM 35MB

Training complete. Running 100 eval episodes...

  Eval ep   0: M0_PDR=0.513  M1_PDR=0.869
  Eval ep  20: M0_PDR=0.509  M1_PDR=0.871
  Eval ep  40: M0_PDR=0.512  M1_PDR=0.875
  Eval ep  60: M0_PDR=0.519  M1_PDR=0.881
  Eval ep  80: M0_PDR=0.506  M1_PDR=0.868

=== Eval Summary (100 episodes) ===
  M0_PDR_mean         : 0.5134
  M0_PDR_p05 (across) : 0.5003
  M0_PDR_p05 (intra)  : 0.3366
  M1_PDR_mean         : 0.8745
  M0_SINR_mean (dB)   : -4.93
  M1_SINR_mean (dB)   : 19.82
  M0_collision_rate   : 1.000
  M0_collision_within_pool : 1.000
  M1_collision_within_pool : 0.798

Result saved -> results/_D_N10_seed2.json
  N=10  rho=2.0  M0_PDR=0.513  M1_PDR=0.874
Checkpoint saved -> checkpoints/D_N10_seed2_actors.pt
[NS3Bridge] Shutdown complete.
Run complete.
