[seed] all RNGs seeded with 1
GPU : NVIDIA GeForce RTX 3060
VRAM: 12.9 GB
Device          : cuda:0
Actors          : 10 per-vehicle, total 212,730 params
Critic params   : 96,257
obs_dim=11  action_dim=25  gs_dim=115
M0 count: 5  M1 count: 5
Training for 5000 episodes (Config D_N10_seed1_gaefix_g05_ent01, N=10)...

[NS3Bridge] Connected tcp://localhost:7636
Ep    0 | M0_PDR 0.260 | M1_PDR 0.489 | H_m0 3.22 H_m1 3.22 | a-0.0393 c0.2475 ent0.0100 VRAM 35MB
Ep   50 | M0_PDR 0.451 | M1_PDR 0.504 | H_m0 1.23 H_m1 2.95 | a-0.0237 c0.5219 ent0.0099 VRAM 35MB
Ep  100 | M0_PDR 0.449 | M1_PDR 0.729 | H_m0 0.96 H_m1 1.26 | a-0.0117 c0.4946 ent0.0098 VRAM 35MB
Ep  150 | M0_PDR 0.450 | M1_PDR 0.798 | H_m0 0.91 H_m1 0.88 | a-0.0105 c0.4964 ent0.0097 VRAM 35MB
Ep  200 | M0_PDR 0.440 | M1_PDR 0.868 | H_m0 0.71 H_m1 0.42 | a-0.0061 c0.4673 ent0.0096 VRAM 35MB
Ep  250 | M0_PDR 0.466 | M1_PDR 0.856 | H_m0 0.84 H_m1 0.60 | a-0.0084 c0.4920 ent0.0095 VRAM 35MB
Ep  300 | M0_PDR 0.458 | M1_PDR 0.853 | H_m0 0.91 H_m1 0.44 | a-0.0087 c0.4909 ent0.0095 VRAM 35MB
Ep  350 | M0_PDR 0.448 | M1_PDR 0.855 | H_m0 0.91 H_m1 0.44 | a-0.0086 c0.4763 ent0.0094 VRAM 35MB
Ep  400 | M0_PDR 0.435 | M1_PDR 0.865 | H_m0 0.70 H_m1 0.45 | a-0.0064 c0.4560 ent0.0093 VRAM 35MB
Ep  450 | M0_PDR 0.448 | M1_PDR 0.869 | H_m0 0.85 H_m1 0.36 | a-0.0076 c0.4611 ent0.0092 VRAM 35MB
Ep  500 | M0_PDR 0.444 | M1_PDR 0.873 | H_m0 0.80 H_m1 0.44 | a-0.0063 c0.4695 ent0.0091 VRAM 35MB
Ep  550 | M0_PDR 0.448 | M1_PDR 0.862 | H_m0 0.84 H_m1 0.26 | a-0.0062 c0.4731 ent0.0090 VRAM 35MB
Ep  600 | M0_PDR 0.438 | M1_PDR 0.851 | H_m0 0.76 H_m1 0.63 | a-0.0066 c0.4510 ent0.0089 VRAM 35MB
Ep  650 | M0_PDR 0.457 | M1_PDR 0.854 | H_m0 0.77 H_m1 0.45 | a-0.0062 c0.4801 ent0.0088 VRAM 35MB
Ep  700 | M0_PDR 0.468 | M1_PDR 0.852 | H_m0 0.73 H_m1 0.54 | a-0.0064 c0.4943 ent0.0087 VRAM 35MB
Ep  750 | M0_PDR 0.435 | M1_PDR 0.849 | H_m0 0.51 H_m1 0.41 | a-0.0046 c0.4565 ent0.0086 VRAM 35MB
Ep  800 | M0_PDR 0.425 | M1_PDR 0.856 | H_m0 0.49 H_m1 0.36 | a-0.0043 c0.4370 ent0.0086 VRAM 35MB
Ep  850 | M0_PDR 0.457 | M1_PDR 0.859 | H_m0 0.60 H_m1 0.35 | a-0.0044 c0.4685 ent0.0085 VRAM 35MB
Ep  900 | M0_PDR 0.437 | M1_PDR 0.853 | H_m0 0.65 H_m1 0.42 | a-0.0050 c0.4666 ent0.0084 VRAM 35MB
Ep  950 | M0_PDR 0.449 | M1_PDR 0.859 | H_m0 0.64 H_m1 0.35 | a-0.0049 c0.4699 ent0.0083 VRAM 35MB
Ep 1000 | M0_PDR 0.453 | M1_PDR 0.860 | H_m0 0.67 H_m1 0.41 | a-0.0051 c0.4716 ent0.0082 VRAM 35MB
Ep 1050 | M0_PDR 0.436 | M1_PDR 0.869 | H_m0 0.75 H_m1 0.34 | a-0.0041 c0.4580 ent0.0081 VRAM 35MB
Ep 1100 | M0_PDR 0.452 | M1_PDR 0.865 | H_m0 0.74 H_m1 0.45 | a-0.0055 c0.4799 ent0.0080 VRAM 35MB
Ep 1150 | M0_PDR 0.456 | M1_PDR 0.846 | H_m0 0.66 H_m1 0.37 | a-0.0042 c0.4735 ent0.0079 VRAM 35MB
Ep 1200 | M0_PDR 0.453 | M1_PDR 0.834 | H_m0 0.69 H_m1 0.38 | a-0.0048 c0.4774 ent0.0078 VRAM 35MB
Ep 1250 | M0_PDR 0.434 | M1_PDR 0.849 | H_m0 0.62 H_m1 0.45 | a-0.0043 c0.4572 ent0.0077 VRAM 35MB
Ep 1300 | M0_PDR 0.450 | M1_PDR 0.857 | H_m0 0.62 H_m1 0.55 | a-0.0056 c0.4607 ent0.0077 VRAM 35MB
Ep 1350 | M0_PDR 0.455 | M1_PDR 0.854 | H_m0 0.73 H_m1 0.47 | a-0.0049 c0.4709 ent0.0076 VRAM 35MB
Ep 1400 | M0_PDR 0.445 | M1_PDR 0.869 | H_m0 0.78 H_m1 0.43 | a-0.0048 c0.4647 ent0.0075 VRAM 35MB
Ep 1450 | M0_PDR 0.438 | M1_PDR 0.864 | H_m0 0.54 H_m1 0.57 | a-0.0043 c0.4531 ent0.0074 VRAM 35MB
Ep 1500 | M0_PDR 0.448 | M1_PDR 0.856 | H_m0 0.60 H_m1 0.50 | a-0.0044 c0.4656 ent0.0073 VRAM 35MB
Ep 1550 | M0_PDR 0.442 | M1_PDR 0.855 | H_m0 0.73 H_m1 0.35 | a-0.0045 c0.4718 ent0.0072 VRAM 35MB
Ep 1600 | M0_PDR 0.459 | M1_PDR 0.863 | H_m0 0.63 H_m1 0.42 | a-0.0039 c0.4789 ent0.0071 VRAM 35MB
Ep 1650 | M0_PDR 0.436 | M1_PDR 0.860 | H_m0 0.74 H_m1 0.35 | a-0.0045 c0.4517 ent0.0070 VRAM 35MB
Ep 1700 | M0_PDR 0.434 | M1_PDR 0.866 | H_m0 0.66 H_m1 0.17 | a-0.0029 c0.4434 ent0.0069 VRAM 35MB
Ep 1750 | M0_PDR 0.444 | M1_PDR 0.843 | H_m0 0.65 H_m1 0.25 | a-0.0031 c0.4607 ent0.0068 VRAM 35MB
Ep 1800 | M0_PDR 0.443 | M1_PDR 0.872 | H_m0 0.68 H_m1 0.28 | a-0.0035 c0.4643 ent0.0068 VRAM 35MB
Ep 1850 | M0_PDR 0.439 | M1_PDR 0.865 | H_m0 0.70 H_m1 0.33 | a-0.0037 c0.4716 ent0.0067 VRAM 35MB
Ep 1900 | M0_PDR 0.448 | M1_PDR 0.841 | H_m0 0.69 H_m1 0.33 | a-0.0037 c0.4700 ent0.0066 VRAM 35MB
Ep 1950 | M0_PDR 0.429 | M1_PDR 0.860 | H_m0 0.50 H_m1 0.40 | a-0.0035 c0.4500 ent0.0065 VRAM 35MB
Ep 2000 | M0_PDR 0.444 | M1_PDR 0.877 | H_m0 0.61 H_m1 0.40 | a-0.0033 c0.4667 ent0.0064 VRAM 35MB
Ep 2050 | M0_PDR 0.423 | M1_PDR 0.850 | H_m0 0.58 H_m1 0.31 | a-0.0028 c0.4502 ent0.0063 VRAM 35MB
Ep 2100 | M0_PDR 0.436 | M1_PDR 0.853 | H_m0 0.67 H_m1 0.29 | a-0.0031 c0.4648 ent0.0062 VRAM 35MB
Ep 2150 | M0_PDR 0.454 | M1_PDR 0.868 | H_m0 0.67 H_m1 0.33 | a-0.0032 c0.4648 ent0.0061 VRAM 35MB
Ep 2200 | M0_PDR 0.441 | M1_PDR 0.868 | H_m0 0.73 H_m1 0.28 | a-0.0033 c0.4533 ent0.0060 VRAM 35MB
Ep 2250 | M0_PDR 0.461 | M1_PDR 0.865 | H_m0 0.61 H_m1 0.43 | a-0.0033 c0.4772 ent0.0059 VRAM 35MB
Ep 2300 | M0_PDR 0.456 | M1_PDR 0.873 | H_m0 0.71 H_m1 0.42 | a-0.0038 c0.4860 ent0.0059 VRAM 35MB
Ep 2350 | M0_PDR 0.453 | M1_PDR 0.865 | H_m0 0.69 H_m1 0.41 | a-0.0034 c0.4755 ent0.0058 VRAM 35MB
Ep 2400 | M0_PDR 0.433 | M1_PDR 0.805 | H_m0 0.51 H_m1 0.64 | a-0.0039 c0.4527 ent0.0057 VRAM 35MB
Ep 2450 | M0_PDR 0.452 | M1_PDR 0.861 | H_m0 0.66 H_m1 0.51 | a-0.0036 c0.4718 ent0.0056 VRAM 35MB
Ep 2500 | M0_PDR 0.448 | M1_PDR 0.852 | H_m0 0.61 H_m1 0.52 | a-0.0034 c0.4667 ent0.0055 VRAM 35MB
Ep 2550 | M0_PDR 0.454 | M1_PDR 0.855 | H_m0 0.63 H_m1 0.42 | a-0.0032 c0.4851 ent0.0054 VRAM 35MB
Ep 2600 | M0_PDR 0.436 | M1_PDR 0.864 | H_m0 0.51 H_m1 0.41 | a-0.0026 c0.4553 ent0.0053 VRAM 35MB
Ep 2650 | M0_PDR 0.441 | M1_PDR 0.853 | H_m0 0.58 H_m1 0.40 | a-0.0027 c0.4691 ent0.0052 VRAM 35MB
Ep 2700 | M0_PDR 0.449 | M1_PDR 0.865 | H_m0 0.47 H_m1 0.52 | a-0.0029 c0.4597 ent0.0051 VRAM 35MB
Ep 2750 | M0_PDR 0.439 | M1_PDR 0.861 | H_m0 0.36 H_m1 0.61 | a-0.0025 c0.4576 ent0.0050 VRAM 35MB
Ep 2800 | M0_PDR 0.445 | M1_PDR 0.858 | H_m0 0.46 H_m1 0.55 | a-0.0027 c0.4577 ent0.0050 VRAM 35MB
Ep 2850 | M0_PDR 0.437 | M1_PDR 0.881 | H_m0 0.39 H_m1 0.54 | a-0.0024 c0.4323 ent0.0049 VRAM 35MB
Ep 2900 | M0_PDR 0.440 | M1_PDR 0.860 | H_m0 0.34 H_m1 0.53 | a-0.0023 c0.4526 ent0.0048 VRAM 35MB
Ep 2950 | M0_PDR 0.433 | M1_PDR 0.861 | H_m0 0.53 H_m1 0.49 | a-0.0028 c0.4597 ent0.0047 VRAM 35MB
Ep 3000 | M0_PDR 0.429 | M1_PDR 0.868 | H_m0 0.60 H_m1 0.50 | a-0.0027 c0.4526 ent0.0046 VRAM 35MB
Ep 3050 | M0_PDR 0.458 | M1_PDR 0.871 | H_m0 0.57 H_m1 0.49 | a-0.0025 c0.4734 ent0.0045 VRAM 35MB
Ep 3100 | M0_PDR 0.451 | M1_PDR 0.858 | H_m0 0.61 H_m1 0.44 | a-0.0024 c0.4665 ent0.0044 VRAM 35MB
Ep 3150 | M0_PDR 0.446 | M1_PDR 0.863 | H_m0 0.52 H_m1 0.40 | a-0.0021 c0.4548 ent0.0043 VRAM 35MB
Ep 3200 | M0_PDR 0.464 | M1_PDR 0.873 | H_m0 0.58 H_m1 0.49 | a-0.0024 c0.4767 ent0.0042 VRAM 35MB
Ep 3250 | M0_PDR 0.435 | M1_PDR 0.845 | H_m0 0.46 H_m1 0.49 | a-0.0024 c0.4571 ent0.0041 VRAM 35MB
Ep 3300 | M0_PDR 0.436 | M1_PDR 0.865 | H_m0 0.61 H_m1 0.40 | a-0.0023 c0.4549 ent0.0041 VRAM 35MB
Ep 3350 | M0_PDR 0.467 | M1_PDR 0.855 | H_m0 0.68 H_m1 0.38 | a-0.0021 c0.4944 ent0.0040 VRAM 35MB
Ep 3400 | M0_PDR 0.440 | M1_PDR 0.855 | H_m0 0.69 H_m1 0.42 | a-0.0023 c0.4672 ent0.0039 VRAM 35MB
Ep 3450 | M0_PDR 0.429 | M1_PDR 0.846 | H_m0 0.52 H_m1 0.47 | a-0.0023 c0.4534 ent0.0038 VRAM 35MB
Ep 3500 | M0_PDR 0.461 | M1_PDR 0.871 | H_m0 0.62 H_m1 0.45 | a-0.0021 c0.4735 ent0.0037 VRAM 35MB
Ep 3550 | M0_PDR 0.439 | M1_PDR 0.861 | H_m0 0.71 H_m1 0.42 | a-0.0024 c0.4610 ent0.0036 VRAM 35MB
Ep 3600 | M0_PDR 0.441 | M1_PDR 0.863 | H_m0 0.57 H_m1 0.43 | a-0.0018 c0.4642 ent0.0035 VRAM 35MB
Ep 3650 | M0_PDR 0.448 | M1_PDR 0.855 | H_m0 0.47 H_m1 0.42 | a-0.0017 c0.4539 ent0.0034 VRAM 35MB
Ep 3700 | M0_PDR 0.445 | M1_PDR 0.869 | H_m0 0.50 H_m1 0.43 | a-0.0017 c0.4689 ent0.0033 VRAM 35MB
Ep 3750 | M0_PDR 0.437 | M1_PDR 0.872 | H_m0 0.58 H_m1 0.46 | a-0.0018 c0.4554 ent0.0032 VRAM 35MB
Ep 3800 | M0_PDR 0.436 | M1_PDR 0.856 | H_m0 0.44 H_m1 0.47 | a-0.0015 c0.4468 ent0.0032 VRAM 35MB
Ep 3850 | M0_PDR 0.451 | M1_PDR 0.859 | H_m0 0.48 H_m1 0.46 | a-0.0016 c0.4552 ent0.0031 VRAM 35MB
Ep 3900 | M0_PDR 0.444 | M1_PDR 0.864 | H_m0 0.54 H_m1 0.39 | a-0.0014 c0.4713 ent0.0030 VRAM 35MB
Ep 3950 | M0_PDR 0.447 | M1_PDR 0.861 | H_m0 0.39 H_m1 0.39 | a-0.0012 c0.4490 ent0.0029 VRAM 35MB
Ep 4000 | M0_PDR 0.454 | M1_PDR 0.856 | H_m0 0.52 H_m1 0.39 | a-0.0013 c0.4604 ent0.0028 VRAM 35MB
Ep 4050 | M0_PDR 0.441 | M1_PDR 0.861 | H_m0 0.56 H_m1 0.38 | a-0.0013 c0.4479 ent0.0027 VRAM 35MB
Ep 4100 | M0_PDR 0.457 | M1_PDR 0.859 | H_m0 0.54 H_m1 0.39 | a-0.0012 c0.4850 ent0.0026 VRAM 35MB
Ep 4150 | M0_PDR 0.429 | M1_PDR 0.861 | H_m0 0.49 H_m1 0.38 | a-0.0011 c0.4409 ent0.0025 VRAM 35MB
Ep 4200 | M0_PDR 0.437 | M1_PDR 0.851 | H_m0 0.41 H_m1 0.37 | a-0.0010 c0.4528 ent0.0024 VRAM 35MB
Ep 4250 | M0_PDR 0.425 | M1_PDR 0.840 | H_m0 0.40 H_m1 0.37 | a-0.0009 c0.4405 ent0.0023 VRAM 35MB
Ep 4300 | M0_PDR 0.454 | M1_PDR 0.870 | H_m0 0.52 H_m1 0.37 | a-0.0010 c0.4708 ent0.0023 VRAM 35MB
Ep 4350 | M0_PDR 0.421 | M1_PDR 0.854 | H_m0 0.48 H_m1 0.40 | a-0.0010 c0.4314 ent0.0022 VRAM 35MB
Ep 4400 | M0_PDR 0.428 | M1_PDR 0.861 | H_m0 0.43 H_m1 0.40 | a-0.0009 c0.4394 ent0.0021 VRAM 35MB
Ep 4450 | M0_PDR 0.451 | M1_PDR 0.865 | H_m0 0.45 H_m1 0.40 | a-0.0009 c0.4509 ent0.0020 VRAM 35MB
Ep 4500 | M0_PDR 0.442 | M1_PDR 0.870 | H_m0 0.44 H_m1 0.39 | a-0.0008 c0.4555 ent0.0019 VRAM 35MB
Ep 4550 | M0_PDR 0.413 | M1_PDR 0.859 | H_m0 0.43 H_m1 0.39 | a-0.0008 c0.4185 ent0.0018 VRAM 35MB
Ep 4600 | M0_PDR 0.435 | M1_PDR 0.850 | H_m0 0.39 H_m1 0.39 | a-0.0007 c0.4483 ent0.0017 VRAM 35MB
Ep 4650 | M0_PDR 0.421 | M1_PDR 0.855 | H_m0 0.38 H_m1 0.38 | a-0.0006 c0.4354 ent0.0016 VRAM 35MB
Ep 4700 | M0_PDR 0.444 | M1_PDR 0.867 | H_m0 0.43 H_m1 0.39 | a-0.0006 c0.4666 ent0.0015 VRAM 35MB
Ep 4750 | M0_PDR 0.461 | M1_PDR 0.852 | H_m0 0.49 H_m1 0.39 | a-0.0006 c0.4730 ent0.0014 VRAM 35MB
Ep 4800 | M0_PDR 0.435 | M1_PDR 0.870 | H_m0 0.48 H_m1 0.40 | a-0.0006 c0.4491 ent0.0014 VRAM 35MB
Ep 4850 | M0_PDR 0.436 | M1_PDR 0.856 | H_m0 0.40 H_m1 0.40 | a-0.0005 c0.4507 ent0.0013 VRAM 35MB
Ep 4900 | M0_PDR 0.435 | M1_PDR 0.873 | H_m0 0.36 H_m1 0.40 | a-0.0005 c0.4474 ent0.0012 VRAM 35MB
Ep 4950 | M0_PDR 0.437 | M1_PDR 0.856 | H_m0 0.53 H_m1 0.40 | a-0.0005 c0.4559 ent0.0011 VRAM 35MB

Training complete. Running 100 eval episodes...

  Eval ep   0: M0_PDR=0.454  M1_PDR=0.861
  Eval ep  20: M0_PDR=0.424  M1_PDR=0.864
  Eval ep  40: M0_PDR=0.422  M1_PDR=0.859
  Eval ep  60: M0_PDR=0.432  M1_PDR=0.862
  Eval ep  80: M0_PDR=0.440  M1_PDR=0.858

=== Eval Summary (100 episodes) ===
  M0_PDR_mean         : 0.4388
  M0_PDR_p05 (across) : 0.4224
  M0_PDR_p05 (intra)  : 0.2007
  M1_PDR_mean         : 0.8622
  M0_SINR_mean (dB)   : -1.71
  M1_SINR_mean (dB)   : 20.32
  M0_collision_rate   : 1.000
  M0_collision_within_pool : 1.000
  M1_collision_within_pool : 0.800

Result saved -> results/_D_N10_seed1_gaefix_g05_ent01.json
  N=10  rho=2.0  M0_PDR=0.439  M1_PDR=0.862
Checkpoint saved -> checkpoints/D_N10_seed1_gaefix_g05_ent01_actors.pt
[NS3Bridge] Shutdown complete.
Run complete.
