[seed] all RNGs seeded with 1
GPU : NVIDIA GeForce RTX 3060
VRAM: 12.9 GB
Device          : cuda:0
Actors          : 10 per-vehicle, total 212,730 params
Critic params   : 96,257
obs_dim=11  action_dim=25  gs_dim=115
M0 count: 5  M1 count: 5
Training for 5000 episodes (Config D_N10_seed1, N=10)...

[NS3Bridge] Connected tcp://localhost:5836
Ep    0 | M0_PDR 0.261 | M1_PDR 0.480 | H_m0 3.22 H_m1 3.22 | a-0.1678 c3.3566 ent0.0500 VRAM 35MB
Ep   50 | M0_PDR 0.285 | M1_PDR 0.464 | H_m0 3.00 H_m1 3.19 | a-0.1562 c2.3588 ent0.0495 VRAM 35MB
Ep  100 | M0_PDR 0.437 | M1_PDR 0.471 | H_m0 2.28 H_m1 3.19 | a-0.1376 c4.2695 ent0.0490 VRAM 35MB
Ep  150 | M0_PDR 0.470 | M1_PDR 0.503 | H_m0 2.01 H_m1 3.19 | a-0.1290 c3.5763 ent0.0485 VRAM 35MB
Ep  200 | M0_PDR 0.501 | M1_PDR 0.493 | H_m0 1.86 H_m1 3.18 | a-0.1230 c2.6286 ent0.0480 VRAM 35MB
Ep  250 | M0_PDR 0.489 | M1_PDR 0.517 | H_m0 1.79 H_m1 3.15 | a-0.1198 c2.2769 ent0.0475 VRAM 35MB
Ep  300 | M0_PDR 0.500 | M1_PDR 0.510 | H_m0 1.81 H_m1 3.18 | a-0.1189 c1.5825 ent0.0471 VRAM 35MB
Ep  350 | M0_PDR 0.497 | M1_PDR 0.501 | H_m0 1.67 H_m1 3.17 | a-0.1138 c1.3648 ent0.0466 VRAM 35MB
Ep  400 | M0_PDR 0.481 | M1_PDR 0.498 | H_m0 1.67 H_m1 3.16 | a-0.1135 c1.3602 ent0.0461 VRAM 35MB
Ep  450 | M0_PDR 0.492 | M1_PDR 0.492 | H_m0 1.73 H_m1 3.13 | a-0.1123 c1.0493 ent0.0456 VRAM 35MB
Ep  500 | M0_PDR 0.496 | M1_PDR 0.529 | H_m0 1.74 H_m1 3.07 | a-0.1105 c1.1284 ent0.0451 VRAM 35MB
Ep  550 | M0_PDR 0.482 | M1_PDR 0.489 | H_m0 1.80 H_m1 3.13 | a-0.1118 c2.1862 ent0.0446 VRAM 35MB
Ep  600 | M0_PDR 0.512 | M1_PDR 0.473 | H_m0 1.69 H_m1 3.12 | a-0.1077 c2.0746 ent0.0441 VRAM 35MB
Ep  650 | M0_PDR 0.500 | M1_PDR 0.510 | H_m0 1.64 H_m1 3.11 | a-0.1049 c1.5435 ent0.0436 VRAM 35MB
Ep  700 | M0_PDR 0.488 | M1_PDR 0.505 | H_m0 1.63 H_m1 3.14 | a-0.1040 c1.3151 ent0.0431 VRAM 35MB
Ep  750 | M0_PDR 0.498 | M1_PDR 0.528 | H_m0 1.49 H_m1 3.12 | a-0.0996 c0.9114 ent0.0426 VRAM 35MB
Ep  800 | M0_PDR 0.504 | M1_PDR 0.484 | H_m0 1.57 H_m1 3.13 | a-0.0998 c1.0975 ent0.0422 VRAM 35MB
Ep  850 | M0_PDR 0.500 | M1_PDR 0.499 | H_m0 1.62 H_m1 3.12 | a-0.1009 c1.2111 ent0.0417 VRAM 35MB
Ep  900 | M0_PDR 0.509 | M1_PDR 0.520 | H_m0 1.65 H_m1 3.06 | a-0.0983 c1.1031 ent0.0412 VRAM 35MB
Ep  950 | M0_PDR 0.510 | M1_PDR 0.500 | H_m0 1.63 H_m1 3.06 | a-0.0969 c0.9383 ent0.0407 VRAM 35MB
Ep 1000 | M0_PDR 0.492 | M1_PDR 0.511 | H_m0 1.65 H_m1 3.08 | a-0.0963 c1.0612 ent0.0402 VRAM 35MB
Ep 1050 | M0_PDR 0.498 | M1_PDR 0.507 | H_m0 1.60 H_m1 3.08 | a-0.0953 c1.1088 ent0.0397 VRAM 35MB
Ep 1100 | M0_PDR 0.494 | M1_PDR 0.514 | H_m0 1.66 H_m1 3.08 | a-0.0944 c1.0122 ent0.0392 VRAM 35MB
Ep 1150 | M0_PDR 0.490 | M1_PDR 0.520 | H_m0 1.58 H_m1 3.08 | a-0.0911 c1.0884 ent0.0387 VRAM 35MB
Ep 1200 | M0_PDR 0.492 | M1_PDR 0.506 | H_m0 1.65 H_m1 3.08 | a-0.0916 c1.0885 ent0.0382 VRAM 35MB
Ep 1250 | M0_PDR 0.494 | M1_PDR 0.542 | H_m0 1.56 H_m1 2.96 | a-0.0872 c1.1255 ent0.0377 VRAM 35MB
Ep 1300 | M0_PDR 0.513 | M1_PDR 0.582 | H_m0 1.49 H_m1 2.77 | a-0.0805 c0.8945 ent0.0373 VRAM 35MB
Ep 1350 | M0_PDR 0.516 | M1_PDR 0.532 | H_m0 1.51 H_m1 2.91 | a-0.0828 c1.0454 ent0.0368 VRAM 35MB
Ep 1400 | M0_PDR 0.531 | M1_PDR 0.583 | H_m0 1.53 H_m1 2.89 | a-0.0825 c1.3010 ent0.0363 VRAM 35MB
Ep 1450 | M0_PDR 0.506 | M1_PDR 0.583 | H_m0 1.49 H_m1 2.89 | a-0.0802 c1.1011 ent0.0358 VRAM 35MB
Ep 1500 | M0_PDR 0.512 | M1_PDR 0.567 | H_m0 1.54 H_m1 2.83 | a-0.0787 c0.9481 ent0.0353 VRAM 35MB
Ep 1550 | M0_PDR 0.515 | M1_PDR 0.570 | H_m0 1.54 H_m1 2.91 | a-0.0792 c1.2483 ent0.0348 VRAM 35MB
Ep 1600 | M0_PDR 0.511 | M1_PDR 0.540 | H_m0 1.56 H_m1 3.02 | a-0.0805 c1.1482 ent0.0343 VRAM 35MB
Ep 1650 | M0_PDR 0.518 | M1_PDR 0.581 | H_m0 1.56 H_m1 2.90 | a-0.0770 c1.0687 ent0.0338 VRAM 35MB
Ep 1700 | M0_PDR 0.499 | M1_PDR 0.580 | H_m0 1.50 H_m1 2.85 | a-0.0739 c1.0319 ent0.0333 VRAM 35MB
Ep 1750 | M0_PDR 0.496 | M1_PDR 0.606 | H_m0 1.53 H_m1 2.77 | a-0.0716 c1.0864 ent0.0328 VRAM 35MB
Ep 1800 | M0_PDR 0.510 | M1_PDR 0.638 | H_m0 1.47 H_m1 2.46 | a-0.0643 c0.9697 ent0.0324 VRAM 35MB
Ep 1850 | M0_PDR 0.508 | M1_PDR 0.644 | H_m0 1.52 H_m1 2.32 | a-0.0632 c0.9893 ent0.0319 VRAM 35MB
Ep 1900 | M0_PDR 0.515 | M1_PDR 0.701 | H_m0 1.50 H_m1 2.18 | a-0.0586 c0.8963 ent0.0314 VRAM 35MB
Ep 1950 | M0_PDR 0.512 | M1_PDR 0.685 | H_m0 1.48 H_m1 2.26 | a-0.0585 c1.1791 ent0.0309 VRAM 35MB
Ep 2000 | M0_PDR 0.510 | M1_PDR 0.685 | H_m0 1.52 H_m1 2.12 | a-0.0565 c0.8235 ent0.0304 VRAM 35MB
Ep 2050 | M0_PDR 0.488 | M1_PDR 0.697 | H_m0 1.41 H_m1 2.28 | a-0.0560 c0.9177 ent0.0299 VRAM 35MB
Ep 2100 | M0_PDR 0.513 | M1_PDR 0.731 | H_m0 1.47 H_m1 2.24 | a-0.0553 c1.0001 ent0.0294 VRAM 35MB
Ep 2150 | M0_PDR 0.496 | M1_PDR 0.722 | H_m0 1.45 H_m1 2.16 | a-0.0532 c0.9960 ent0.0289 VRAM 35MB
Ep 2200 | M0_PDR 0.516 | M1_PDR 0.723 | H_m0 1.49 H_m1 2.18 | a-0.0535 c0.9193 ent0.0284 VRAM 35MB
Ep 2250 | M0_PDR 0.515 | M1_PDR 0.744 | H_m0 1.46 H_m1 2.13 | a-0.0516 c0.8525 ent0.0279 VRAM 35MB
Ep 2300 | M0_PDR 0.495 | M1_PDR 0.727 | H_m0 1.43 H_m1 2.13 | a-0.0503 c0.8639 ent0.0275 VRAM 35MB
Ep 2350 | M0_PDR 0.517 | M1_PDR 0.781 | H_m0 1.38 H_m1 1.95 | a-0.0468 c0.8523 ent0.0270 VRAM 35MB
Ep 2400 | M0_PDR 0.514 | M1_PDR 0.785 | H_m0 1.43 H_m1 1.93 | a-0.0460 c0.8823 ent0.0265 VRAM 35MB
Ep 2450 | M0_PDR 0.518 | M1_PDR 0.765 | H_m0 1.43 H_m1 1.90 | a-0.0444 c1.2279 ent0.0260 VRAM 35MB
Ep 2500 | M0_PDR 0.521 | M1_PDR 0.816 | H_m0 1.42 H_m1 1.77 | a-0.0411 c0.8073 ent0.0255 VRAM 35MB
Ep 2550 | M0_PDR 0.517 | M1_PDR 0.788 | H_m0 1.44 H_m1 1.72 | a-0.0403 c0.7784 ent0.0250 VRAM 35MB
Ep 2600 | M0_PDR 0.519 | M1_PDR 0.801 | H_m0 1.39 H_m1 1.73 | a-0.0392 c0.7604 ent0.0245 VRAM 35MB
Ep 2650 | M0_PDR 0.501 | M1_PDR 0.816 | H_m0 1.44 H_m1 1.77 | a-0.0400 c0.8921 ent0.0240 VRAM 35MB
Ep 2700 | M0_PDR 0.505 | M1_PDR 0.791 | H_m0 1.43 H_m1 1.80 | a-0.0386 c0.9804 ent0.0235 VRAM 35MB
Ep 2750 | M0_PDR 0.520 | M1_PDR 0.810 | H_m0 1.42 H_m1 1.84 | a-0.0381 c0.8740 ent0.0230 VRAM 35MB
Ep 2800 | M0_PDR 0.506 | M1_PDR 0.801 | H_m0 1.38 H_m1 1.85 | a-0.0371 c0.9037 ent0.0226 VRAM 35MB
Ep 2850 | M0_PDR 0.500 | M1_PDR 0.813 | H_m0 1.38 H_m1 1.85 | a-0.0365 c0.9384 ent0.0221 VRAM 35MB
Ep 2900 | M0_PDR 0.508 | M1_PDR 0.833 | H_m0 1.28 H_m1 1.78 | a-0.0339 c0.9003 ent0.0216 VRAM 35MB
Ep 2950 | M0_PDR 0.513 | M1_PDR 0.792 | H_m0 1.33 H_m1 1.80 | a-0.0336 c0.7210 ent0.0211 VRAM 35MB
Ep 3000 | M0_PDR 0.516 | M1_PDR 0.827 | H_m0 1.39 H_m1 1.70 | a-0.0323 c0.9726 ent0.0206 VRAM 35MB
Ep 3050 | M0_PDR 0.499 | M1_PDR 0.807 | H_m0 1.40 H_m1 1.74 | a-0.0322 c1.1561 ent0.0201 VRAM 35MB
Ep 3100 | M0_PDR 0.511 | M1_PDR 0.811 | H_m0 1.35 H_m1 1.66 | a-0.0302 c0.8103 ent0.0196 VRAM 35MB
Ep 3150 | M0_PDR 0.512 | M1_PDR 0.806 | H_m0 1.40 H_m1 1.70 | a-0.0302 c0.8932 ent0.0191 VRAM 35MB
Ep 3200 | M0_PDR 0.512 | M1_PDR 0.810 | H_m0 1.42 H_m1 1.67 | a-0.0295 c0.8884 ent0.0186 VRAM 35MB
Ep 3250 | M0_PDR 0.515 | M1_PDR 0.796 | H_m0 1.41 H_m1 1.72 | a-0.0291 c0.8346 ent0.0181 VRAM 35MB
Ep 3300 | M0_PDR 0.516 | M1_PDR 0.813 | H_m0 1.39 H_m1 1.74 | a-0.0287 c0.8470 ent0.0177 VRAM 35MB
Ep 3350 | M0_PDR 0.503 | M1_PDR 0.835 | H_m0 1.36 H_m1 1.65 | a-0.0262 c0.8759 ent0.0172 VRAM 35MB
Ep 3400 | M0_PDR 0.521 | M1_PDR 0.847 | H_m0 1.33 H_m1 1.59 | a-0.0249 c0.8138 ent0.0167 VRAM 35MB
Ep 3450 | M0_PDR 0.505 | M1_PDR 0.868 | H_m0 1.35 H_m1 1.49 | a-0.0233 c0.8942 ent0.0162 VRAM 35MB
Ep 3500 | M0_PDR 0.516 | M1_PDR 0.862 | H_m0 1.34 H_m1 1.42 | a-0.0220 c0.8523 ent0.0157 VRAM 35MB
Ep 3550 | M0_PDR 0.510 | M1_PDR 0.843 | H_m0 1.33 H_m1 1.44 | a-0.0214 c1.0022 ent0.0152 VRAM 35MB
Ep 3600 | M0_PDR 0.509 | M1_PDR 0.851 | H_m0 1.31 H_m1 1.43 | a-0.0205 c0.9764 ent0.0147 VRAM 35MB
Ep 3650 | M0_PDR 0.506 | M1_PDR 0.859 | H_m0 1.32 H_m1 1.42 | a-0.0200 c0.7750 ent0.0142 VRAM 35MB
Ep 3700 | M0_PDR 0.517 | M1_PDR 0.838 | H_m0 1.31 H_m1 1.45 | a-0.0191 c0.8267 ent0.0137 VRAM 35MB
Ep 3750 | M0_PDR 0.502 | M1_PDR 0.872 | H_m0 1.32 H_m1 1.40 | a-0.0182 c0.8386 ent0.0132 VRAM 35MB
Ep 3800 | M0_PDR 0.511 | M1_PDR 0.847 | H_m0 1.31 H_m1 1.44 | a-0.0178 c0.8243 ent0.0128 VRAM 35MB
Ep 3850 | M0_PDR 0.511 | M1_PDR 0.840 | H_m0 1.30 H_m1 1.43 | a-0.0169 c0.8693 ent0.0123 VRAM 35MB
Ep 3900 | M0_PDR 0.501 | M1_PDR 0.858 | H_m0 1.30 H_m1 1.42 | a-0.0162 c0.8785 ent0.0118 VRAM 35MB
Ep 3950 | M0_PDR 0.509 | M1_PDR 0.877 | H_m0 1.31 H_m1 1.37 | a-0.0154 c0.8759 ent0.0113 VRAM 35MB
Ep 4000 | M0_PDR 0.500 | M1_PDR 0.863 | H_m0 1.29 H_m1 1.39 | a-0.0147 c0.9233 ent0.0108 VRAM 35MB
Ep 4050 | M0_PDR 0.524 | M1_PDR 0.857 | H_m0 1.29 H_m1 1.40 | a-0.0142 c0.7885 ent0.0103 VRAM 35MB
Ep 4100 | M0_PDR 0.523 | M1_PDR 0.846 | H_m0 1.30 H_m1 1.40 | a-0.0134 c0.8307 ent0.0098 VRAM 35MB
Ep 4150 | M0_PDR 0.510 | M1_PDR 0.866 | H_m0 1.28 H_m1 1.41 | a-0.0126 c0.8687 ent0.0093 VRAM 35MB
Ep 4200 | M0_PDR 0.516 | M1_PDR 0.853 | H_m0 1.27 H_m1 1.39 | a-0.0119 c0.8171 ent0.0088 VRAM 35MB
Ep 4250 | M0_PDR 0.518 | M1_PDR 0.888 | H_m0 1.28 H_m1 1.35 | a-0.0111 c0.7856 ent0.0083 VRAM 35MB
Ep 4300 | M0_PDR 0.507 | M1_PDR 0.860 | H_m0 1.27 H_m1 1.36 | a-0.0105 c0.8679 ent0.0079 VRAM 35MB
Ep 4350 | M0_PDR 0.506 | M1_PDR 0.871 | H_m0 1.26 H_m1 1.32 | a-0.0096 c0.8276 ent0.0074 VRAM 35MB
Ep 4400 | M0_PDR 0.516 | M1_PDR 0.877 | H_m0 1.25 H_m1 1.32 | a-0.0090 c0.8862 ent0.0069 VRAM 35MB
Ep 4450 | M0_PDR 0.517 | M1_PDR 0.882 | H_m0 1.26 H_m1 1.29 | a-0.0082 c0.8152 ent0.0064 VRAM 35MB
Ep 4500 | M0_PDR 0.522 | M1_PDR 0.861 | H_m0 1.26 H_m1 1.29 | a-0.0077 c0.7856 ent0.0059 VRAM 35MB
Ep 4550 | M0_PDR 0.511 | M1_PDR 0.883 | H_m0 1.27 H_m1 1.27 | a-0.0070 c0.8661 ent0.0054 VRAM 35MB
Ep 4600 | M0_PDR 0.514 | M1_PDR 0.868 | H_m0 1.26 H_m1 1.29 | a-0.0065 c1.0399 ent0.0049 VRAM 35MB
Ep 4650 | M0_PDR 0.506 | M1_PDR 0.886 | H_m0 1.25 H_m1 1.25 | a-0.0056 c0.8879 ent0.0044 VRAM 35MB
Ep 4700 | M0_PDR 0.518 | M1_PDR 0.893 | H_m0 1.25 H_m1 1.25 | a-0.0050 c0.7752 ent0.0039 VRAM 35MB
Ep 4750 | M0_PDR 0.510 | M1_PDR 0.857 | H_m0 1.26 H_m1 1.27 | a-0.0044 c0.9795 ent0.0034 VRAM 35MB
Ep 4800 | M0_PDR 0.502 | M1_PDR 0.868 | H_m0 1.26 H_m1 1.24 | a-0.0037 c0.9040 ent0.0030 VRAM 35MB
Ep 4850 | M0_PDR 0.517 | M1_PDR 0.881 | H_m0 1.26 H_m1 1.23 | a-0.0031 c0.8367 ent0.0025 VRAM 35MB
Ep 4900 | M0_PDR 0.515 | M1_PDR 0.885 | H_m0 1.26 H_m1 1.21 | a-0.0025 c0.7871 ent0.0020 VRAM 35MB
Ep 4950 | M0_PDR 0.512 | M1_PDR 0.884 | H_m0 1.26 H_m1 1.22 | a-0.0019 c0.8529 ent0.0015 VRAM 35MB

Training complete. Running 100 eval episodes...

  Eval ep   0: M0_PDR=0.532  M1_PDR=0.880
  Eval ep  20: M0_PDR=0.510  M1_PDR=0.882
  Eval ep  40: M0_PDR=0.517  M1_PDR=0.886
  Eval ep  60: M0_PDR=0.519  M1_PDR=0.869
  Eval ep  80: M0_PDR=0.511  M1_PDR=0.880

=== Eval Summary (100 episodes) ===
  M0_PDR_mean         : 0.5140
  M0_PDR_p05 (across) : 0.5017
  M0_PDR_p05 (intra)  : 0.3303
  M1_PDR_mean         : 0.8783
  M0_SINR_mean (dB)   : -5.05
  M1_SINR_mean (dB)   : 19.84
  M0_collision_rate   : 1.000
  M0_collision_within_pool : 1.000
  M1_collision_within_pool : 0.798

Result saved -> results/_D_N10_seed1.json
  N=10  rho=2.0  M0_PDR=0.514  M1_PDR=0.878
Checkpoint saved -> checkpoints/D_N10_seed1_actors.pt
[NS3Bridge] Shutdown complete.
Run complete.
