[seed] all RNGs seeded with 1
GPU : NVIDIA GeForce RTX 3060
VRAM: 12.9 GB
Device          : cuda:0
Actors          : 4 per-vehicle, total 85,092 params
Critic params   : 79,361
obs_dim=11  action_dim=25  gs_dim=49
M0 count: 2  M1 count: 2
Training for 5000 episodes (Config D_N4_seed1, N=4)...

[NS3Bridge] Connected tcp://localhost:5886
Ep    0 | M0_PDR 0.648 | M1_PDR 0.737 | H_m0 3.22 H_m1 3.22 | a-0.1687 c49.3655 ent0.0500 VRAM 24MB
Ep   50 | M0_PDR 0.712 | M1_PDR 0.735 | H_m0 3.17 H_m1 3.20 | a-0.1598 c21.2918 ent0.0495 VRAM 24MB
Ep  100 | M0_PDR 0.768 | M1_PDR 0.759 | H_m0 2.94 H_m1 3.18 | a-0.1527 c8.5283 ent0.0490 VRAM 24MB
Ep  150 | M0_PDR 0.952 | M1_PDR 0.761 | H_m0 2.22 H_m1 3.20 | a-0.1341 c3.6685 ent0.0485 VRAM 24MB
Ep  200 | M0_PDR 0.982 | M1_PDR 0.758 | H_m0 2.24 H_m1 3.18 | a-0.1320 c1.3120 ent0.0480 VRAM 24MB
Ep  250 | M0_PDR 0.995 | M1_PDR 0.797 | H_m0 2.18 H_m1 3.09 | a-0.1286 c0.9046 ent0.0475 VRAM 24MB
Ep  300 | M0_PDR 0.997 | M1_PDR 0.814 | H_m0 2.19 H_m1 3.06 | a-0.1266 c1.7973 ent0.0471 VRAM 24MB
Ep  350 | M0_PDR 0.994 | M1_PDR 0.829 | H_m0 2.00 H_m1 3.01 | a-0.1203 c0.7108 ent0.0466 VRAM 24MB
Ep  400 | M0_PDR 0.990 | M1_PDR 0.847 | H_m0 2.12 H_m1 2.85 | a-0.1187 c0.9316 ent0.0461 VRAM 24MB
Ep  450 | M0_PDR 0.997 | M1_PDR 0.834 | H_m0 2.16 H_m1 2.76 | a-0.1148 c0.5843 ent0.0456 VRAM 24MB
Ep  500 | M0_PDR 0.998 | M1_PDR 0.891 | H_m0 2.14 H_m1 2.63 | a-0.1105 c0.4984 ent0.0451 VRAM 24MB
Ep  550 | M0_PDR 0.995 | M1_PDR 0.890 | H_m0 2.18 H_m1 2.68 | a-0.1117 c1.6866 ent0.0446 VRAM 24MB
Ep  600 | M0_PDR 0.997 | M1_PDR 0.961 | H_m0 2.15 H_m1 2.44 | a-0.1037 c0.3684 ent0.0441 VRAM 24MB
Ep  650 | M0_PDR 1.000 | M1_PDR 0.956 | H_m0 2.19 H_m1 2.41 | a-0.1034 c0.3902 ent0.0436 VRAM 24MB
Ep  700 | M0_PDR 0.995 | M1_PDR 0.955 | H_m0 2.22 H_m1 2.38 | a-0.1014 c0.3483 ent0.0431 VRAM 24MB
Ep  750 | M0_PDR 0.994 | M1_PDR 0.943 | H_m0 2.21 H_m1 2.39 | a-0.1024 c0.4511 ent0.0426 VRAM 24MB
Ep  800 | M0_PDR 0.998 | M1_PDR 0.973 | H_m0 2.05 H_m1 2.24 | a-0.0921 c0.3787 ent0.0422 VRAM 24MB
Ep  850 | M0_PDR 1.000 | M1_PDR 0.971 | H_m0 2.11 H_m1 2.31 | a-0.0947 c0.3501 ent0.0417 VRAM 24MB
Ep  900 | M0_PDR 1.000 | M1_PDR 0.979 | H_m0 2.13 H_m1 2.33 | a-0.0924 c0.3415 ent0.0412 VRAM 24MB
Ep  950 | M0_PDR 1.000 | M1_PDR 0.990 | H_m0 2.23 H_m1 2.23 | a-0.0934 c0.3470 ent0.0407 VRAM 24MB
Ep 1000 | M0_PDR 1.000 | M1_PDR 0.947 | H_m0 2.05 H_m1 2.40 | a-0.0914 c1.4341 ent0.0402 VRAM 24MB
Ep 1050 | M0_PDR 1.000 | M1_PDR 0.984 | H_m0 2.20 H_m1 2.29 | a-0.0915 c0.3417 ent0.0397 VRAM 24MB
Ep 1100 | M0_PDR 0.997 | M1_PDR 0.985 | H_m0 2.24 H_m1 2.32 | a-0.0925 c1.3981 ent0.0392 VRAM 24MB
Ep 1150 | M0_PDR 0.995 | M1_PDR 0.990 | H_m0 2.19 H_m1 2.35 | a-0.0901 c0.3469 ent0.0387 VRAM 24MB
Ep 1200 | M0_PDR 1.000 | M1_PDR 0.997 | H_m0 2.05 H_m1 2.30 | a-0.0821 c0.2781 ent0.0382 VRAM 24MB
Ep 1250 | M0_PDR 1.000 | M1_PDR 0.995 | H_m0 2.17 H_m1 2.32 | a-0.0868 c0.3028 ent0.0377 VRAM 24MB
Ep 1300 | M0_PDR 1.000 | M1_PDR 0.991 | H_m0 2.15 H_m1 2.35 | a-0.0851 c0.3605 ent0.0373 VRAM 24MB
Ep 1350 | M0_PDR 0.998 | M1_PDR 0.999 | H_m0 2.12 H_m1 2.30 | a-0.0843 c0.3262 ent0.0368 VRAM 24MB
Ep 1400 | M0_PDR 0.998 | M1_PDR 0.997 | H_m0 2.20 H_m1 2.30 | a-0.0840 c0.2763 ent0.0363 VRAM 24MB
Ep 1450 | M0_PDR 1.000 | M1_PDR 0.997 | H_m0 2.16 H_m1 2.32 | a-0.0809 c0.2849 ent0.0358 VRAM 24MB
Ep 1500 | M0_PDR 0.998 | M1_PDR 0.998 | H_m0 2.23 H_m1 2.28 | a-0.0812 c0.5846 ent0.0353 VRAM 24MB
Ep 1550 | M0_PDR 0.995 | M1_PDR 0.998 | H_m0 2.24 H_m1 2.28 | a-0.0795 c0.5141 ent0.0348 VRAM 24MB
Ep 1600 | M0_PDR 1.000 | M1_PDR 0.989 | H_m0 2.21 H_m1 2.24 | a-0.0780 c0.2705 ent0.0343 VRAM 24MB
Ep 1650 | M0_PDR 1.000 | M1_PDR 0.992 | H_m0 2.18 H_m1 2.25 | a-0.0756 c0.2999 ent0.0338 VRAM 24MB
Ep 1700 | M0_PDR 1.000 | M1_PDR 0.990 | H_m0 2.21 H_m1 2.31 | a-0.0766 c0.3002 ent0.0333 VRAM 24MB
Ep 1750 | M0_PDR 1.000 | M1_PDR 0.995 | H_m0 2.20 H_m1 2.31 | a-0.0755 c0.2613 ent0.0328 VRAM 24MB
Ep 1800 | M0_PDR 0.995 | M1_PDR 0.998 | H_m0 2.15 H_m1 2.33 | a-0.0746 c0.5346 ent0.0324 VRAM 24MB
Ep 1850 | M0_PDR 1.000 | M1_PDR 0.999 | H_m0 2.17 H_m1 2.27 | a-0.0720 c0.2620 ent0.0319 VRAM 24MB
Ep 1900 | M0_PDR 1.000 | M1_PDR 1.000 | H_m0 2.17 H_m1 2.30 | a-0.0724 c0.6628 ent0.0314 VRAM 24MB
Ep 1950 | M0_PDR 0.995 | M1_PDR 1.000 | H_m0 2.14 H_m1 2.30 | a-0.0696 c0.5010 ent0.0309 VRAM 24MB
Ep 2000 | M0_PDR 1.000 | M1_PDR 0.989 | H_m0 2.16 H_m1 2.33 | a-0.0700 c0.3277 ent0.0304 VRAM 24MB
Ep 2050 | M0_PDR 1.000 | M1_PDR 1.000 | H_m0 2.15 H_m1 2.29 | a-0.0675 c0.2776 ent0.0299 VRAM 24MB
Ep 2100 | M0_PDR 1.000 | M1_PDR 0.995 | H_m0 2.15 H_m1 2.27 | a-0.0666 c0.2894 ent0.0294 VRAM 24MB
Ep 2150 | M0_PDR 1.000 | M1_PDR 0.998 | H_m0 2.15 H_m1 2.25 | a-0.0645 c0.2776 ent0.0289 VRAM 24MB
Ep 2200 | M0_PDR 1.000 | M1_PDR 0.995 | H_m0 2.17 H_m1 2.22 | a-0.0634 c0.3813 ent0.0284 VRAM 24MB
Ep 2250 | M0_PDR 1.000 | M1_PDR 0.985 | H_m0 2.18 H_m1 2.22 | a-0.0625 c0.2779 ent0.0279 VRAM 24MB
Ep 2300 | M0_PDR 1.000 | M1_PDR 1.000 | H_m0 2.16 H_m1 2.22 | a-0.0618 c0.2572 ent0.0275 VRAM 24MB
Ep 2350 | M0_PDR 1.000 | M1_PDR 0.998 | H_m0 2.19 H_m1 2.23 | a-0.0607 c0.2843 ent0.0270 VRAM 24MB
Ep 2400 | M0_PDR 1.000 | M1_PDR 1.000 | H_m0 2.14 H_m1 2.23 | a-0.0587 c0.2737 ent0.0265 VRAM 24MB
Ep 2450 | M0_PDR 1.000 | M1_PDR 0.997 | H_m0 2.13 H_m1 2.24 | a-0.0578 c0.2716 ent0.0260 VRAM 24MB
Ep 2500 | M0_PDR 1.000 | M1_PDR 0.997 | H_m0 2.14 H_m1 2.20 | a-0.0561 c0.2815 ent0.0255 VRAM 24MB
Ep 2550 | M0_PDR 0.998 | M1_PDR 0.997 | H_m0 2.12 H_m1 2.21 | a-0.0547 c0.2830 ent0.0250 VRAM 24MB
Ep 2600 | M0_PDR 1.000 | M1_PDR 0.999 | H_m0 2.15 H_m1 2.24 | a-0.0544 c0.2786 ent0.0245 VRAM 24MB
Ep 2650 | M0_PDR 1.000 | M1_PDR 0.993 | H_m0 2.13 H_m1 2.25 | a-0.0537 c0.2676 ent0.0240 VRAM 24MB
Ep 2700 | M0_PDR 1.000 | M1_PDR 0.992 | H_m0 2.10 H_m1 2.26 | a-0.0521 c0.2728 ent0.0235 VRAM 24MB
Ep 2750 | M0_PDR 1.000 | M1_PDR 0.997 | H_m0 2.09 H_m1 2.24 | a-0.0507 c0.3443 ent0.0230 VRAM 24MB
Ep 2800 | M0_PDR 0.998 | M1_PDR 0.994 | H_m0 2.07 H_m1 2.25 | a-0.0497 c0.2873 ent0.0226 VRAM 24MB
Ep 2850 | M0_PDR 1.000 | M1_PDR 0.983 | H_m0 2.10 H_m1 2.25 | a-0.0491 c0.5843 ent0.0221 VRAM 24MB
Ep 2900 | M0_PDR 1.000 | M1_PDR 0.997 | H_m0 2.13 H_m1 2.27 | a-0.0484 c0.2782 ent0.0216 VRAM 24MB
Ep 2950 | M0_PDR 0.999 | M1_PDR 0.995 | H_m0 2.14 H_m1 2.27 | a-0.0476 c0.2872 ent0.0211 VRAM 24MB
Ep 3000 | M0_PDR 1.000 | M1_PDR 0.995 | H_m0 2.11 H_m1 2.26 | a-0.0456 c0.2735 ent0.0206 VRAM 24MB
Ep 3050 | M0_PDR 1.000 | M1_PDR 1.000 | H_m0 2.05 H_m1 2.23 | a-0.0440 c0.2561 ent0.0201 VRAM 24MB
Ep 3100 | M0_PDR 1.000 | M1_PDR 0.996 | H_m0 2.09 H_m1 2.25 | a-0.0431 c0.2602 ent0.0196 VRAM 24MB
Ep 3150 | M0_PDR 1.000 | M1_PDR 0.997 | H_m0 2.11 H_m1 2.24 | a-0.0426 c0.2547 ent0.0191 VRAM 24MB
Ep 3200 | M0_PDR 1.000 | M1_PDR 0.999 | H_m0 2.12 H_m1 2.22 | a-0.0406 c0.2817 ent0.0186 VRAM 24MB
Ep 3250 | M0_PDR 1.000 | M1_PDR 1.000 | H_m0 2.14 H_m1 2.23 | a-0.0401 c0.2500 ent0.0181 VRAM 24MB
Ep 3300 | M0_PDR 0.998 | M1_PDR 1.000 | H_m0 2.10 H_m1 2.23 | a-0.0391 c0.2708 ent0.0177 VRAM 24MB
Ep 3350 | M0_PDR 1.000 | M1_PDR 1.000 | H_m0 2.11 H_m1 2.20 | a-0.0376 c0.2538 ent0.0172 VRAM 24MB
Ep 3400 | M0_PDR 1.000 | M1_PDR 1.000 | H_m0 2.15 H_m1 2.17 | a-0.0365 c0.2550 ent0.0167 VRAM 24MB
Ep 3450 | M0_PDR 1.000 | M1_PDR 1.000 | H_m0 2.11 H_m1 2.19 | a-0.0353 c0.2572 ent0.0162 VRAM 24MB
Ep 3500 | M0_PDR 1.000 | M1_PDR 0.997 | H_m0 2.10 H_m1 2.19 | a-0.0340 c0.2545 ent0.0157 VRAM 24MB
Ep 3550 | M0_PDR 1.000 | M1_PDR 1.000 | H_m0 2.10 H_m1 2.19 | a-0.0330 c0.2522 ent0.0152 VRAM 24MB
Ep 3600 | M0_PDR 1.000 | M1_PDR 1.000 | H_m0 2.10 H_m1 2.21 | a-0.0321 c0.2529 ent0.0147 VRAM 24MB
Ep 3650 | M0_PDR 1.000 | M1_PDR 0.997 | H_m0 2.13 H_m1 2.22 | a-0.0313 c0.2534 ent0.0142 VRAM 24MB
Ep 3700 | M0_PDR 1.000 | M1_PDR 1.000 | H_m0 2.11 H_m1 2.23 | a-0.0304 c0.2519 ent0.0137 VRAM 24MB
Ep 3750 | M0_PDR 1.000 | M1_PDR 0.998 | H_m0 2.12 H_m1 2.23 | a-0.0293 c0.2506 ent0.0132 VRAM 24MB
Ep 3800 | M0_PDR 0.998 | M1_PDR 0.997 | H_m0 2.13 H_m1 2.23 | a-0.0280 c0.2696 ent0.0128 VRAM 24MB
Ep 3850 | M0_PDR 1.000 | M1_PDR 1.000 | H_m0 2.12 H_m1 2.22 | a-0.0269 c0.2526 ent0.0123 VRAM 24MB
Ep 3900 | M0_PDR 1.000 | M1_PDR 1.000 | H_m0 2.12 H_m1 2.22 | a-0.0257 c0.2533 ent0.0118 VRAM 24MB
Ep 3950 | M0_PDR 0.998 | M1_PDR 1.000 | H_m0 2.12 H_m1 2.22 | a-0.0247 c0.2704 ent0.0113 VRAM 24MB
Ep 4000 | M0_PDR 1.000 | M1_PDR 1.000 | H_m0 2.12 H_m1 2.22 | a-0.0237 c0.2496 ent0.0108 VRAM 24MB
Ep 4050 | M0_PDR 1.000 | M1_PDR 1.000 | H_m0 2.11 H_m1 2.23 | a-0.0226 c0.2491 ent0.0103 VRAM 24MB
Ep 4100 | M0_PDR 1.000 | M1_PDR 1.000 | H_m0 2.10 H_m1 2.22 | a-0.0214 c0.2490 ent0.0098 VRAM 24MB
Ep 4150 | M0_PDR 1.000 | M1_PDR 1.000 | H_m0 2.10 H_m1 2.22 | a-0.0204 c0.2484 ent0.0093 VRAM 24MB
Ep 4200 | M0_PDR 1.000 | M1_PDR 1.000 | H_m0 2.09 H_m1 2.23 | a-0.0192 c0.2494 ent0.0088 VRAM 24MB
Ep 4250 | M0_PDR 1.000 | M1_PDR 1.000 | H_m0 2.09 H_m1 2.22 | a-0.0181 c0.2492 ent0.0083 VRAM 24MB
Ep 4300 | M0_PDR 1.000 | M1_PDR 1.000 | H_m0 2.08 H_m1 2.22 | a-0.0170 c0.2501 ent0.0079 VRAM 24MB
Ep 4350 | M0_PDR 1.000 | M1_PDR 1.000 | H_m0 2.08 H_m1 2.22 | a-0.0160 c0.2497 ent0.0074 VRAM 24MB
Ep 4400 | M0_PDR 1.000 | M1_PDR 0.997 | H_m0 2.07 H_m1 2.21 | a-0.0149 c0.2505 ent0.0069 VRAM 24MB
Ep 4450 | M0_PDR 1.000 | M1_PDR 1.000 | H_m0 2.08 H_m1 2.21 | a-0.0138 c0.2481 ent0.0064 VRAM 24MB
Ep 4500 | M0_PDR 1.000 | M1_PDR 1.000 | H_m0 2.06 H_m1 2.21 | a-0.0127 c0.2489 ent0.0059 VRAM 24MB
Ep 4550 | M0_PDR 1.000 | M1_PDR 0.997 | H_m0 2.06 H_m1 2.21 | a-0.0116 c0.2543 ent0.0054 VRAM 24MB
Ep 4600 | M0_PDR 1.000 | M1_PDR 1.000 | H_m0 2.06 H_m1 2.21 | a-0.0105 c0.2487 ent0.0049 VRAM 24MB
Ep 4650 | M0_PDR 1.000 | M1_PDR 0.998 | H_m0 2.07 H_m1 2.20 | a-0.0096 c0.2504 ent0.0044 VRAM 24MB
Ep 4700 | M0_PDR 1.000 | M1_PDR 0.998 | H_m0 2.06 H_m1 2.21 | a-0.0084 c0.2549 ent0.0039 VRAM 24MB
Ep 4750 | M0_PDR 1.000 | M1_PDR 1.000 | H_m0 2.07 H_m1 2.21 | a-0.0075 c0.2486 ent0.0034 VRAM 24MB
Ep 4800 | M0_PDR 1.000 | M1_PDR 1.000 | H_m0 2.06 H_m1 2.20 | a-0.0064 c0.2483 ent0.0030 VRAM 24MB
Ep 4850 | M0_PDR 1.000 | M1_PDR 1.000 | H_m0 2.06 H_m1 2.20 | a-0.0053 c0.2480 ent0.0025 VRAM 24MB
Ep 4900 | M0_PDR 1.000 | M1_PDR 1.000 | H_m0 2.06 H_m1 2.20 | a-0.0042 c0.2472 ent0.0020 VRAM 24MB
Ep 4950 | M0_PDR 1.000 | M1_PDR 1.000 | H_m0 2.06 H_m1 2.20 | a-0.0032 c0.2490 ent0.0015 VRAM 24MB

Training complete. Running 100 eval episodes...

  Eval ep   0: M0_PDR=1.000  M1_PDR=0.995
  Eval ep  20: M0_PDR=1.000  M1_PDR=1.000
  Eval ep  40: M0_PDR=1.000  M1_PDR=1.000
  Eval ep  60: M0_PDR=1.000  M1_PDR=1.000
  Eval ep  80: M0_PDR=1.000  M1_PDR=0.990

=== Eval Summary (100 episodes) ===
  M0_PDR_mean         : 0.9997
  M0_PDR_p05 (across) : 0.9975
  M0_PDR_p05 (intra)  : 1.0000
  M1_PDR_mean         : 0.9991
  M0_SINR_mean (dB)   : 40.25
  M1_SINR_mean (dB)   : 40.72
  M0_collision_rate   : 0.000
  M0_collision_within_pool : 0.000
  M1_collision_within_pool : 0.001

Result saved -> results/_D_N4_seed1.json
  N=4  rho=0.8  M0_PDR=1.000  M1_PDR=0.999
Checkpoint saved -> checkpoints/D_N4_seed1_actors.pt
[NS3Bridge] Shutdown complete.
Run complete.
