[seed] all RNGs seeded with 2
GPU : NVIDIA GeForce RTX 3060
VRAM: 12.9 GB
Device          : cuda:0
Actors          : 4 per-vehicle, total 85,092 params
Critic params   : 79,361
obs_dim=11  action_dim=25  gs_dim=49
M0 count: 2  M1 count: 2
Training for 5000 episodes (Config D_N4_seed2_gaefix_g05_ent01, N=4)...

[NS3Bridge] Connected tcp://localhost:8546
Ep    0 | M0_PDR 0.674 | M1_PDR 0.736 | H_m0 3.22 H_m1 3.21 | a-0.0384 c1.1864 ent0.0100 VRAM 24MB
Ep   50 | M0_PDR 0.712 | M1_PDR 0.775 | H_m0 2.84 H_m1 3.14 | a-0.0365 c0.7652 ent0.0099 VRAM 24MB
Ep  100 | M0_PDR 0.992 | M1_PDR 0.908 | H_m0 1.10 H_m1 2.06 | a-0.0173 c1.0531 ent0.0098 VRAM 24MB
Ep  150 | M0_PDR 0.994 | M1_PDR 0.948 | H_m0 0.71 H_m1 1.61 | a-0.0130 c1.0338 ent0.0097 VRAM 24MB
Ep  200 | M0_PDR 1.000 | M1_PDR 0.957 | H_m0 0.61 H_m1 1.78 | a-0.0161 c1.0450 ent0.0096 VRAM 24MB
Ep  250 | M0_PDR 1.000 | M1_PDR 0.997 | H_m0 0.67 H_m1 1.21 | a-0.0104 c1.0302 ent0.0095 VRAM 24MB
Ep  300 | M0_PDR 1.000 | M1_PDR 0.978 | H_m0 0.87 H_m1 1.39 | a-0.0132 c1.0329 ent0.0095 VRAM 24MB
Ep  350 | M0_PDR 0.997 | M1_PDR 0.992 | H_m0 1.21 H_m1 1.32 | a-0.0144 c1.0188 ent0.0094 VRAM 24MB
Ep  400 | M0_PDR 0.995 | M1_PDR 1.000 | H_m0 0.94 H_m1 0.94 | a-0.0110 c1.0124 ent0.0093 VRAM 24MB
Ep  450 | M0_PDR 1.000 | M1_PDR 0.997 | H_m0 1.07 H_m1 1.47 | a-0.0137 c1.0224 ent0.0092 VRAM 24MB
Ep  500 | M0_PDR 1.000 | M1_PDR 0.992 | H_m0 1.09 H_m1 1.29 | a-0.0125 c1.0201 ent0.0091 VRAM 24MB
Ep  550 | M0_PDR 0.997 | M1_PDR 0.988 | H_m0 1.03 H_m1 1.29 | a-0.0124 c1.0176 ent0.0090 VRAM 24MB
Ep  600 | M0_PDR 1.000 | M1_PDR 0.995 | H_m0 0.20 H_m1 1.68 | a-0.0111 c1.0265 ent0.0089 VRAM 24MB
Ep  650 | M0_PDR 1.000 | M1_PDR 0.998 | H_m0 0.22 H_m1 1.47 | a-0.0085 c1.0181 ent0.0088 VRAM 24MB
Ep  700 | M0_PDR 1.000 | M1_PDR 0.988 | H_m0 0.14 H_m1 1.58 | a-0.0087 c1.0238 ent0.0087 VRAM 24MB
Ep  750 | M0_PDR 1.000 | M1_PDR 0.975 | H_m0 0.42 H_m1 1.77 | a-0.0100 c1.0340 ent0.0086 VRAM 24MB
Ep  800 | M0_PDR 1.000 | M1_PDR 0.997 | H_m0 0.68 H_m1 1.58 | a-0.0117 c1.0163 ent0.0086 VRAM 24MB
Ep  850 | M0_PDR 1.000 | M1_PDR 0.955 | H_m0 0.74 H_m1 2.06 | a-0.0157 c1.0411 ent0.0085 VRAM 24MB
Ep  900 | M0_PDR 1.000 | M1_PDR 0.985 | H_m0 1.19 H_m1 1.77 | a-0.0135 c1.0246 ent0.0084 VRAM 24MB
Ep  950 | M0_PDR 1.000 | M1_PDR 0.995 | H_m0 0.89 H_m1 1.72 | a-0.0116 c1.0203 ent0.0083 VRAM 24MB
Ep 1000 | M0_PDR 1.000 | M1_PDR 0.992 | H_m0 0.87 H_m1 1.92 | a-0.0132 c1.0226 ent0.0082 VRAM 24MB
Ep 1050 | M0_PDR 0.998 | M1_PDR 0.993 | H_m0 1.25 H_m1 1.67 | a-0.0134 c1.0193 ent0.0081 VRAM 24MB
Ep 1100 | M0_PDR 0.997 | M1_PDR 0.992 | H_m0 1.29 H_m1 1.66 | a-0.0153 c1.0192 ent0.0080 VRAM 24MB
Ep 1150 | M0_PDR 0.998 | M1_PDR 0.979 | H_m0 1.26 H_m1 1.84 | a-0.0153 c1.0229 ent0.0079 VRAM 24MB
Ep 1200 | M0_PDR 1.000 | M1_PDR 0.985 | H_m0 1.09 H_m1 2.05 | a-0.0133 c1.0272 ent0.0078 VRAM 24MB
Ep 1250 | M0_PDR 1.000 | M1_PDR 0.985 | H_m0 1.17 H_m1 2.14 | a-0.0148 c1.0233 ent0.0077 VRAM 24MB
Ep 1300 | M0_PDR 0.997 | M1_PDR 0.988 | H_m0 1.35 H_m1 1.98 | a-0.0138 c1.0165 ent0.0077 VRAM 24MB
Ep 1350 | M0_PDR 1.000 | M1_PDR 0.997 | H_m0 1.49 H_m1 1.85 | a-0.0161 c1.0205 ent0.0076 VRAM 24MB
Ep 1400 | M0_PDR 1.000 | M1_PDR 0.993 | H_m0 1.51 H_m1 1.74 | a-0.0148 c1.0173 ent0.0075 VRAM 24MB
Ep 1450 | M0_PDR 1.000 | M1_PDR 1.000 | H_m0 1.54 H_m1 1.63 | a-0.0139 c1.0164 ent0.0074 VRAM 24MB
Ep 1500 | M0_PDR 1.000 | M1_PDR 0.995 | H_m0 1.56 H_m1 1.51 | a-0.0124 c1.0178 ent0.0073 VRAM 24MB
Ep 1550 | M0_PDR 0.996 | M1_PDR 0.992 | H_m0 1.22 H_m1 1.40 | a-0.0110 c1.0136 ent0.0072 VRAM 24MB
Ep 1600 | M0_PDR 1.000 | M1_PDR 0.985 | H_m0 1.53 H_m1 1.70 | a-0.0116 c1.0229 ent0.0071 VRAM 24MB
Ep 1650 | M0_PDR 1.000 | M1_PDR 0.991 | H_m0 1.49 H_m1 1.52 | a-0.0125 c1.0210 ent0.0070 VRAM 24MB
Ep 1700 | M0_PDR 1.000 | M1_PDR 0.985 | H_m0 1.02 H_m1 1.58 | a-0.0098 c1.0225 ent0.0069 VRAM 24MB
Ep 1750 | M0_PDR 1.000 | M1_PDR 0.997 | H_m0 0.98 H_m1 1.65 | a-0.0102 c1.0180 ent0.0068 VRAM 24MB
Ep 1800 | M0_PDR 1.000 | M1_PDR 0.991 | H_m0 1.31 H_m1 1.69 | a-0.0107 c1.0201 ent0.0068 VRAM 24MB
Ep 1850 | M0_PDR 1.000 | M1_PDR 0.978 | H_m0 1.18 H_m1 2.01 | a-0.0119 c1.0315 ent0.0067 VRAM 24MB
Ep 1900 | M0_PDR 1.000 | M1_PDR 1.000 | H_m0 1.31 H_m1 1.83 | a-0.0112 c1.0144 ent0.0066 VRAM 24MB
Ep 1950 | M0_PDR 1.000 | M1_PDR 0.980 | H_m0 1.12 H_m1 2.00 | a-0.0110 c1.0260 ent0.0065 VRAM 24MB
Ep 2000 | M0_PDR 1.000 | M1_PDR 0.974 | H_m0 1.27 H_m1 2.05 | a-0.0123 c1.0301 ent0.0064 VRAM 24MB
Ep 2050 | M0_PDR 1.000 | M1_PDR 0.985 | H_m0 1.08 H_m1 2.02 | a-0.0113 c1.0269 ent0.0063 VRAM 24MB
Ep 2100 | M0_PDR 1.000 | M1_PDR 0.967 | H_m0 0.94 H_m1 2.00 | a-0.0098 c1.0342 ent0.0062 VRAM 24MB
Ep 2150 | M0_PDR 1.000 | M1_PDR 0.977 | H_m0 1.30 H_m1 2.05 | a-0.0123 c1.0307 ent0.0061 VRAM 24MB
Ep 2200 | M0_PDR 0.995 | M1_PDR 0.992 | H_m0 1.34 H_m1 1.88 | a-0.0112 c1.0175 ent0.0060 VRAM 24MB
Ep 2250 | M0_PDR 1.000 | M1_PDR 0.983 | H_m0 1.34 H_m1 1.85 | a-0.0105 c1.0253 ent0.0059 VRAM 24MB
Ep 2300 | M0_PDR 0.999 | M1_PDR 0.992 | H_m0 1.34 H_m1 1.86 | a-0.0106 c1.0168 ent0.0059 VRAM 24MB
Ep 2350 | M0_PDR 1.000 | M1_PDR 1.000 | H_m0 1.35 H_m1 1.92 | a-0.0106 c1.0161 ent0.0058 VRAM 24MB
Ep 2400 | M0_PDR 1.000 | M1_PDR 0.990 | H_m0 1.27 H_m1 1.89 | a-0.0099 c1.0217 ent0.0057 VRAM 24MB
Ep 2450 | M0_PDR 1.000 | M1_PDR 0.995 | H_m0 1.18 H_m1 1.91 | a-0.0094 c1.0189 ent0.0056 VRAM 24MB
Ep 2500 | M0_PDR 1.000 | M1_PDR 0.995 | H_m0 1.49 H_m1 1.92 | a-0.0097 c1.0182 ent0.0055 VRAM 24MB
Ep 2550 | M0_PDR 1.000 | M1_PDR 0.998 | H_m0 1.46 H_m1 1.85 | a-0.0107 c1.0118 ent0.0054 VRAM 24MB
Ep 2600 | M0_PDR 1.000 | M1_PDR 0.997 | H_m0 1.58 H_m1 1.89 | a-0.0100 c1.0161 ent0.0053 VRAM 24MB
Ep 2650 | M0_PDR 0.995 | M1_PDR 0.998 | H_m0 1.50 H_m1 1.86 | a-0.0089 c1.0086 ent0.0052 VRAM 24MB
Ep 2700 | M0_PDR 1.000 | M1_PDR 0.997 | H_m0 1.33 H_m1 1.85 | a-0.0087 c1.0165 ent0.0051 VRAM 24MB
Ep 2750 | M0_PDR 1.000 | M1_PDR 0.990 | H_m0 1.34 H_m1 1.74 | a-0.0081 c1.0184 ent0.0050 VRAM 24MB
Ep 2800 | M0_PDR 1.000 | M1_PDR 0.989 | H_m0 1.07 H_m1 1.70 | a-0.0074 c1.0196 ent0.0050 VRAM 24MB
Ep 2850 | M0_PDR 1.000 | M1_PDR 1.000 | H_m0 1.19 H_m1 1.77 | a-0.0075 c1.0124 ent0.0049 VRAM 24MB
Ep 2900 | M0_PDR 1.000 | M1_PDR 1.000 | H_m0 1.15 H_m1 1.78 | a-0.0070 c1.0130 ent0.0048 VRAM 24MB
Ep 2950 | M0_PDR 1.000 | M1_PDR 1.000 | H_m0 1.15 H_m1 1.71 | a-0.0066 c1.0151 ent0.0047 VRAM 24MB
Ep 3000 | M0_PDR 1.000 | M1_PDR 0.993 | H_m0 1.07 H_m1 1.72 | a-0.0069 c1.0181 ent0.0046 VRAM 24MB
Ep 3050 | M0_PDR 1.000 | M1_PDR 0.998 | H_m0 1.09 H_m1 1.72 | a-0.0067 c1.0136 ent0.0045 VRAM 24MB
Ep 3100 | M0_PDR 1.000 | M1_PDR 0.993 | H_m0 1.12 H_m1 1.72 | a-0.0066 c1.0180 ent0.0044 VRAM 24MB
Ep 3150 | M0_PDR 1.000 | M1_PDR 0.997 | H_m0 1.27 H_m1 1.72 | a-0.0067 c1.0174 ent0.0043 VRAM 24MB
Ep 3200 | M0_PDR 1.000 | M1_PDR 0.999 | H_m0 1.26 H_m1 1.74 | a-0.0071 c1.0124 ent0.0042 VRAM 24MB
Ep 3250 | M0_PDR 1.000 | M1_PDR 0.989 | H_m0 1.30 H_m1 1.73 | a-0.0067 c1.0216 ent0.0041 VRAM 24MB
Ep 3300 | M0_PDR 1.000 | M1_PDR 0.995 | H_m0 1.33 H_m1 1.69 | a-0.0067 c1.0159 ent0.0041 VRAM 24MB
Ep 3350 | M0_PDR 1.000 | M1_PDR 1.000 | H_m0 1.38 H_m1 1.62 | a-0.0065 c1.0147 ent0.0040 VRAM 24MB
Ep 3400 | M0_PDR 1.000 | M1_PDR 0.997 | H_m0 1.25 H_m1 1.66 | a-0.0057 c1.0159 ent0.0039 VRAM 24MB
Ep 3450 | M0_PDR 1.000 | M1_PDR 0.999 | H_m0 1.27 H_m1 1.67 | a-0.0055 c1.0145 ent0.0038 VRAM 24MB
Ep 3500 | M0_PDR 1.000 | M1_PDR 0.995 | H_m0 1.27 H_m1 1.65 | a-0.0057 c1.0177 ent0.0037 VRAM 24MB
Ep 3550 | M0_PDR 1.000 | M1_PDR 1.000 | H_m0 1.30 H_m1 1.55 | a-0.0054 c1.0129 ent0.0036 VRAM 24MB
Ep 3600 | M0_PDR 1.000 | M1_PDR 0.998 | H_m0 1.30 H_m1 1.58 | a-0.0053 c1.0139 ent0.0035 VRAM 24MB
Ep 3650 | M0_PDR 1.000 | M1_PDR 0.998 | H_m0 1.26 H_m1 1.62 | a-0.0048 c1.0139 ent0.0034 VRAM 24MB
Ep 3700 | M0_PDR 1.000 | M1_PDR 1.000 | H_m0 1.19 H_m1 1.65 | a-0.0052 c1.0142 ent0.0033 VRAM 24MB
Ep 3750 | M0_PDR 1.000 | M1_PDR 1.000 | H_m0 1.20 H_m1 1.64 | a-0.0048 c1.0130 ent0.0032 VRAM 24MB
Ep 3800 | M0_PDR 1.000 | M1_PDR 1.000 | H_m0 1.23 H_m1 1.65 | a-0.0050 c1.0138 ent0.0032 VRAM 24MB
Ep 3850 | M0_PDR 1.000 | M1_PDR 0.995 | H_m0 1.18 H_m1 1.59 | a-0.0043 c1.0182 ent0.0031 VRAM 24MB
Ep 3900 | M0_PDR 1.000 | M1_PDR 1.000 | H_m0 1.16 H_m1 1.58 | a-0.0042 c1.0142 ent0.0030 VRAM 24MB
Ep 3950 | M0_PDR 1.000 | M1_PDR 0.998 | H_m0 1.15 H_m1 1.56 | a-0.0039 c1.0139 ent0.0029 VRAM 24MB
Ep 4000 | M0_PDR 1.000 | M1_PDR 1.000 | H_m0 1.17 H_m1 1.53 | a-0.0039 c1.0138 ent0.0028 VRAM 24MB
Ep 4050 | M0_PDR 0.998 | M1_PDR 0.997 | H_m0 1.20 H_m1 1.58 | a-0.0041 c1.0126 ent0.0027 VRAM 24MB
Ep 4100 | M0_PDR 1.000 | M1_PDR 0.988 | H_m0 1.21 H_m1 1.54 | a-0.0037 c1.0187 ent0.0026 VRAM 24MB
Ep 4150 | M0_PDR 1.000 | M1_PDR 0.998 | H_m0 1.19 H_m1 1.53 | a-0.0037 c1.0143 ent0.0025 VRAM 24MB
Ep 4200 | M0_PDR 1.000 | M1_PDR 0.995 | H_m0 1.26 H_m1 1.48 | a-0.0035 c1.0148 ent0.0024 VRAM 24MB
Ep 4250 | M0_PDR 1.000 | M1_PDR 1.000 | H_m0 1.28 H_m1 1.46 | a-0.0033 c1.0139 ent0.0023 VRAM 24MB
Ep 4300 | M0_PDR 1.000 | M1_PDR 1.000 | H_m0 1.29 H_m1 1.46 | a-0.0032 c1.0141 ent0.0023 VRAM 24MB
Ep 4350 | M0_PDR 1.000 | M1_PDR 0.998 | H_m0 1.30 H_m1 1.46 | a-0.0032 c1.0140 ent0.0022 VRAM 24MB
Ep 4400 | M0_PDR 1.000 | M1_PDR 0.997 | H_m0 1.26 H_m1 1.47 | a-0.0029 c1.0152 ent0.0021 VRAM 24MB
Ep 4450 | M0_PDR 1.000 | M1_PDR 0.997 | H_m0 1.25 H_m1 1.46 | a-0.0028 c1.0149 ent0.0020 VRAM 24MB
Ep 4500 | M0_PDR 1.000 | M1_PDR 0.995 | H_m0 1.25 H_m1 1.44 | a-0.0026 c1.0170 ent0.0019 VRAM 24MB
Ep 4550 | M0_PDR 1.000 | M1_PDR 1.000 | H_m0 1.24 H_m1 1.43 | a-0.0025 c1.0144 ent0.0018 VRAM 24MB
Ep 4600 | M0_PDR 1.000 | M1_PDR 1.000 | H_m0 1.23 H_m1 1.43 | a-0.0024 c1.0133 ent0.0017 VRAM 24MB
Ep 4650 | M0_PDR 1.000 | M1_PDR 1.000 | H_m0 1.23 H_m1 1.44 | a-0.0023 c1.0146 ent0.0016 VRAM 24MB
Ep 4700 | M0_PDR 1.000 | M1_PDR 0.997 | H_m0 1.24 H_m1 1.44 | a-0.0021 c1.0143 ent0.0015 VRAM 24MB
Ep 4750 | M0_PDR 1.000 | M1_PDR 0.998 | H_m0 1.24 H_m1 1.44 | a-0.0020 c1.0149 ent0.0014 VRAM 24MB
Ep 4800 | M0_PDR 1.000 | M1_PDR 1.000 | H_m0 1.26 H_m1 1.46 | a-0.0019 c1.0143 ent0.0014 VRAM 24MB
Ep 4850 | M0_PDR 1.000 | M1_PDR 0.997 | H_m0 1.26 H_m1 1.45 | a-0.0018 c1.0145 ent0.0013 VRAM 24MB
Ep 4900 | M0_PDR 1.000 | M1_PDR 0.997 | H_m0 1.26 H_m1 1.46 | a-0.0017 c1.0145 ent0.0012 VRAM 24MB
Ep 4950 | M0_PDR 1.000 | M1_PDR 1.000 | H_m0 1.26 H_m1 1.46 | a-0.0015 c1.0144 ent0.0011 VRAM 24MB

Training complete. Running 100 eval episodes...

  Eval ep   0: M0_PDR=1.000  M1_PDR=0.998
  Eval ep  20: M0_PDR=1.000  M1_PDR=0.995
  Eval ep  40: M0_PDR=1.000  M1_PDR=0.997
  Eval ep  60: M0_PDR=1.000  M1_PDR=1.000
  Eval ep  80: M0_PDR=1.000  M1_PDR=1.000

=== Eval Summary (100 episodes) ===
  M0_PDR_mean         : 0.9999
  M0_PDR_p05 (across) : 0.9991
  M0_PDR_p05 (intra)  : 1.0000
  M1_PDR_mean         : 0.9980
  M0_SINR_mean (dB)   : 45.22
  M1_SINR_mean (dB)   : 39.74
  M0_collision_rate   : 0.000
  M0_collision_within_pool : 0.000
  M1_collision_within_pool : 0.003

Result saved -> results/_D_N4_seed2_gaefix_g05_ent01.json
  N=4  rho=0.8  M0_PDR=1.000  M1_PDR=0.998
Checkpoint saved -> checkpoints/D_N4_seed2_gaefix_g05_ent01_actors.pt
[NS3Bridge] Shutdown complete.
Run complete.
