[seed] all RNGs seeded with 2
GPU : NVIDIA GeForce RTX 3060
VRAM: 12.9 GB
Device          : cuda:0
Actors          : 4 per-vehicle, total 85,092 params
Critic params   : 79,361
obs_dim=11  action_dim=25  gs_dim=49
M0 count: 2  M1 count: 2
Training for 5000 episodes (Config D_N4_seed2, N=4)...

[NS3Bridge] Connected tcp://localhost:5896
Ep    0 | M0_PDR 0.677 | M1_PDR 0.734 | H_m0 3.22 H_m1 3.21 | a-0.1680 c54.9610 ent0.0500 VRAM 24MB
Ep   50 | M0_PDR 0.674 | M1_PDR 0.808 | H_m0 3.18 H_m1 3.18 | a-0.1598 c18.4919 ent0.0495 VRAM 24MB
Ep  100 | M0_PDR 0.691 | M1_PDR 0.783 | H_m0 3.14 H_m1 3.18 | a-0.1576 c6.7320 ent0.0490 VRAM 24MB
Ep  150 | M0_PDR 0.728 | M1_PDR 0.773 | H_m0 3.00 H_m1 3.19 | a-0.1516 c3.5782 ent0.0485 VRAM 24MB
Ep  200 | M0_PDR 0.786 | M1_PDR 0.758 | H_m0 2.56 H_m1 3.18 | a-0.1422 c2.3916 ent0.0480 VRAM 24MB
Ep  250 | M0_PDR 0.986 | M1_PDR 0.768 | H_m0 1.43 H_m1 3.19 | a-0.1112 c0.9059 ent0.0475 VRAM 24MB
Ep  300 | M0_PDR 0.982 | M1_PDR 0.823 | H_m0 1.90 H_m1 3.18 | a-0.1218 c1.0503 ent0.0471 VRAM 24MB
Ep  350 | M0_PDR 0.978 | M1_PDR 0.773 | H_m0 1.93 H_m1 3.16 | a-0.1213 c0.8016 ent0.0466 VRAM 24MB
Ep  400 | M0_PDR 0.986 | M1_PDR 0.747 | H_m0 1.71 H_m1 3.17 | a-0.1135 c0.9442 ent0.0461 VRAM 24MB
Ep  450 | M0_PDR 0.996 | M1_PDR 0.775 | H_m0 1.99 H_m1 3.13 | a-0.1181 c0.4493 ent0.0456 VRAM 24MB
Ep  500 | M0_PDR 0.992 | M1_PDR 0.757 | H_m0 1.99 H_m1 3.08 | a-0.1162 c0.6802 ent0.0451 VRAM 24MB
Ep  550 | M0_PDR 0.994 | M1_PDR 0.798 | H_m0 2.02 H_m1 3.02 | a-0.1139 c0.6042 ent0.0446 VRAM 24MB
Ep  600 | M0_PDR 0.990 | M1_PDR 0.763 | H_m0 2.16 H_m1 3.07 | a-0.1184 c1.2333 ent0.0441 VRAM 24MB
Ep  650 | M0_PDR 0.993 | M1_PDR 0.784 | H_m0 2.16 H_m1 3.04 | a-0.1151 c0.6100 ent0.0436 VRAM 24MB
Ep  700 | M0_PDR 0.990 | M1_PDR 0.828 | H_m0 2.14 H_m1 2.92 | a-0.1091 c0.4516 ent0.0431 VRAM 24MB
Ep  750 | M0_PDR 0.995 | M1_PDR 0.868 | H_m0 2.15 H_m1 2.69 | a-0.1047 c1.1632 ent0.0426 VRAM 24MB
Ep  800 | M0_PDR 0.985 | M1_PDR 0.928 | H_m0 2.21 H_m1 2.49 | a-0.1001 c0.5762 ent0.0422 VRAM 24MB
Ep  850 | M0_PDR 0.980 | M1_PDR 0.936 | H_m0 2.24 H_m1 2.48 | a-0.1005 c0.8514 ent0.0417 VRAM 24MB
Ep  900 | M0_PDR 0.997 | M1_PDR 0.938 | H_m0 2.20 H_m1 2.34 | a-0.0956 c0.4126 ent0.0412 VRAM 24MB
Ep  950 | M0_PDR 0.997 | M1_PDR 0.931 | H_m0 2.18 H_m1 2.48 | a-0.0961 c0.3473 ent0.0407 VRAM 24MB
Ep 1000 | M0_PDR 0.995 | M1_PDR 0.954 | H_m0 2.15 H_m1 2.27 | a-0.0913 c0.3947 ent0.0402 VRAM 24MB
Ep 1050 | M0_PDR 0.990 | M1_PDR 0.973 | H_m0 2.20 H_m1 2.27 | a-0.0899 c0.3218 ent0.0397 VRAM 24MB
Ep 1100 | M0_PDR 0.995 | M1_PDR 0.960 | H_m0 2.30 H_m1 2.42 | a-0.0937 c0.8084 ent0.0392 VRAM 24MB
Ep 1150 | M0_PDR 0.997 | M1_PDR 0.963 | H_m0 2.27 H_m1 2.37 | a-0.0918 c1.1366 ent0.0387 VRAM 24MB
Ep 1200 | M0_PDR 0.992 | M1_PDR 0.929 | H_m0 2.24 H_m1 2.49 | a-0.0925 c1.0993 ent0.0382 VRAM 24MB
Ep 1250 | M0_PDR 0.985 | M1_PDR 0.945 | H_m0 2.21 H_m1 2.46 | a-0.0897 c0.5671 ent0.0377 VRAM 24MB
Ep 1300 | M0_PDR 0.992 | M1_PDR 0.943 | H_m0 2.15 H_m1 2.42 | a-0.0859 c0.7207 ent0.0373 VRAM 24MB
Ep 1350 | M0_PDR 0.988 | M1_PDR 0.976 | H_m0 2.22 H_m1 2.31 | a-0.0857 c0.8327 ent0.0368 VRAM 24MB
Ep 1400 | M0_PDR 0.986 | M1_PDR 0.981 | H_m0 2.21 H_m1 2.31 | a-0.0839 c1.3605 ent0.0363 VRAM 24MB
Ep 1450 | M0_PDR 0.995 | M1_PDR 0.940 | H_m0 2.21 H_m1 2.42 | a-0.0857 c0.4655 ent0.0358 VRAM 24MB
Ep 1500 | M0_PDR 0.992 | M1_PDR 0.990 | H_m0 2.21 H_m1 2.24 | a-0.0798 c0.2882 ent0.0353 VRAM 24MB
Ep 1550 | M0_PDR 0.982 | M1_PDR 0.984 | H_m0 2.25 H_m1 2.25 | a-0.0800 c1.2067 ent0.0348 VRAM 24MB
Ep 1600 | M0_PDR 0.985 | M1_PDR 0.982 | H_m0 2.29 H_m1 2.30 | a-0.0812 c0.8050 ent0.0343 VRAM 24MB
Ep 1650 | M0_PDR 0.985 | M1_PDR 0.985 | H_m0 2.30 H_m1 2.29 | a-0.0794 c0.4844 ent0.0338 VRAM 24MB
Ep 1700 | M0_PDR 0.990 | M1_PDR 0.995 | H_m0 2.25 H_m1 2.31 | a-0.0770 c0.6146 ent0.0333 VRAM 24MB
Ep 1750 | M0_PDR 0.992 | M1_PDR 0.971 | H_m0 2.30 H_m1 2.33 | a-0.0779 c0.4660 ent0.0328 VRAM 24MB
Ep 1800 | M0_PDR 0.988 | M1_PDR 0.995 | H_m0 2.27 H_m1 2.29 | a-0.0749 c0.4654 ent0.0324 VRAM 24MB
Ep 1850 | M0_PDR 0.992 | M1_PDR 0.979 | H_m0 2.22 H_m1 2.33 | a-0.0742 c0.6154 ent0.0319 VRAM 24MB
Ep 1900 | M0_PDR 0.995 | M1_PDR 0.987 | H_m0 2.17 H_m1 2.24 | a-0.0709 c0.4184 ent0.0314 VRAM 24MB
Ep 1950 | M0_PDR 0.996 | M1_PDR 0.975 | H_m0 2.22 H_m1 2.35 | a-0.0721 c0.9186 ent0.0309 VRAM 24MB
Ep 2000 | M0_PDR 0.995 | M1_PDR 0.997 | H_m0 2.21 H_m1 2.35 | a-0.0699 c0.3189 ent0.0304 VRAM 24MB
Ep 2050 | M0_PDR 1.000 | M1_PDR 0.988 | H_m0 2.24 H_m1 2.35 | a-0.0694 c0.4367 ent0.0299 VRAM 24MB
Ep 2100 | M0_PDR 0.995 | M1_PDR 0.986 | H_m0 2.22 H_m1 2.36 | a-0.0683 c0.3256 ent0.0294 VRAM 24MB
Ep 2150 | M0_PDR 0.980 | M1_PDR 0.965 | H_m0 2.26 H_m1 2.31 | a-0.0677 c0.6906 ent0.0289 VRAM 24MB
Ep 2200 | M0_PDR 0.995 | M1_PDR 0.985 | H_m0 2.25 H_m1 2.30 | a-0.0659 c0.3454 ent0.0284 VRAM 24MB
Ep 2250 | M0_PDR 0.990 | M1_PDR 0.992 | H_m0 2.19 H_m1 2.28 | a-0.0637 c0.4216 ent0.0279 VRAM 24MB
Ep 2300 | M0_PDR 0.992 | M1_PDR 0.980 | H_m0 2.23 H_m1 2.33 | a-0.0642 c0.3629 ent0.0275 VRAM 24MB
Ep 2350 | M0_PDR 0.997 | M1_PDR 0.992 | H_m0 2.23 H_m1 2.32 | a-0.0620 c0.3860 ent0.0270 VRAM 24MB
Ep 2400 | M0_PDR 0.987 | M1_PDR 0.995 | H_m0 2.23 H_m1 2.28 | a-0.0607 c0.5431 ent0.0265 VRAM 24MB
Ep 2450 | M0_PDR 0.990 | M1_PDR 0.985 | H_m0 2.23 H_m1 2.28 | a-0.0595 c0.3207 ent0.0260 VRAM 24MB
Ep 2500 | M0_PDR 0.992 | M1_PDR 0.983 | H_m0 2.21 H_m1 2.33 | a-0.0595 c0.4759 ent0.0255 VRAM 24MB
Ep 2550 | M0_PDR 0.993 | M1_PDR 0.982 | H_m0 2.19 H_m1 2.29 | a-0.0571 c0.3361 ent0.0250 VRAM 24MB
Ep 2600 | M0_PDR 0.990 | M1_PDR 0.995 | H_m0 2.18 H_m1 2.28 | a-0.0556 c0.4526 ent0.0245 VRAM 24MB
Ep 2650 | M0_PDR 0.983 | M1_PDR 0.987 | H_m0 2.20 H_m1 2.29 | a-0.0543 c0.5314 ent0.0240 VRAM 24MB
Ep 2700 | M0_PDR 0.997 | M1_PDR 0.985 | H_m0 2.15 H_m1 2.36 | a-0.0536 c0.5054 ent0.0235 VRAM 24MB
Ep 2750 | M0_PDR 1.000 | M1_PDR 0.991 | H_m0 2.18 H_m1 2.31 | a-0.0523 c0.4118 ent0.0230 VRAM 24MB
Ep 2800 | M0_PDR 1.000 | M1_PDR 0.971 | H_m0 2.17 H_m1 2.35 | a-0.0518 c0.3566 ent0.0226 VRAM 24MB
Ep 2850 | M0_PDR 0.990 | M1_PDR 0.985 | H_m0 2.21 H_m1 2.29 | a-0.0502 c0.3159 ent0.0221 VRAM 24MB
Ep 2900 | M0_PDR 0.988 | M1_PDR 1.000 | H_m0 2.22 H_m1 2.29 | a-0.0495 c0.3956 ent0.0216 VRAM 24MB
Ep 2950 | M0_PDR 0.988 | M1_PDR 0.995 | H_m0 2.24 H_m1 2.29 | a-0.0484 c0.5673 ent0.0211 VRAM 24MB
Ep 3000 | M0_PDR 0.997 | M1_PDR 0.983 | H_m0 2.20 H_m1 2.28 | a-0.0464 c0.3151 ent0.0206 VRAM 24MB
Ep 3050 | M0_PDR 0.985 | M1_PDR 0.997 | H_m0 2.18 H_m1 2.27 | a-0.0457 c0.3816 ent0.0201 VRAM 24MB
Ep 3100 | M0_PDR 0.998 | M1_PDR 0.995 | H_m0 2.16 H_m1 2.26 | a-0.0438 c0.2811 ent0.0196 VRAM 24MB
Ep 3150 | M0_PDR 0.992 | M1_PDR 0.995 | H_m0 2.16 H_m1 2.26 | a-0.0429 c0.3154 ent0.0191 VRAM 24MB
Ep 3200 | M0_PDR 0.995 | M1_PDR 1.000 | H_m0 2.15 H_m1 2.25 | a-0.0415 c0.3026 ent0.0186 VRAM 24MB
Ep 3250 | M0_PDR 0.995 | M1_PDR 1.000 | H_m0 2.17 H_m1 2.27 | a-0.0411 c0.3629 ent0.0181 VRAM 24MB
Ep 3300 | M0_PDR 0.989 | M1_PDR 0.995 | H_m0 2.18 H_m1 2.25 | a-0.0394 c0.3791 ent0.0177 VRAM 24MB
Ep 3350 | M0_PDR 0.985 | M1_PDR 0.997 | H_m0 2.14 H_m1 2.23 | a-0.0385 c0.6629 ent0.0172 VRAM 24MB
Ep 3400 | M0_PDR 0.994 | M1_PDR 0.995 | H_m0 2.16 H_m1 2.22 | a-0.0374 c0.3164 ent0.0167 VRAM 24MB
Ep 3450 | M0_PDR 0.997 | M1_PDR 0.993 | H_m0 2.17 H_m1 2.20 | a-0.0358 c0.3048 ent0.0162 VRAM 24MB
Ep 3500 | M0_PDR 0.995 | M1_PDR 1.000 | H_m0 2.14 H_m1 2.19 | a-0.0347 c0.3006 ent0.0157 VRAM 24MB
Ep 3550 | M0_PDR 0.997 | M1_PDR 1.000 | H_m0 2.13 H_m1 2.20 | a-0.0331 c0.2687 ent0.0152 VRAM 24MB
Ep 3600 | M0_PDR 0.990 | M1_PDR 1.000 | H_m0 2.13 H_m1 2.18 | a-0.0320 c0.4207 ent0.0147 VRAM 24MB
Ep 3650 | M0_PDR 0.997 | M1_PDR 0.997 | H_m0 2.15 H_m1 2.16 | a-0.0306 c0.2650 ent0.0142 VRAM 24MB
Ep 3700 | M0_PDR 0.992 | M1_PDR 1.000 | H_m0 2.16 H_m1 2.18 | a-0.0302 c0.2923 ent0.0137 VRAM 24MB
Ep 3750 | M0_PDR 0.997 | M1_PDR 0.999 | H_m0 2.16 H_m1 2.18 | a-0.0290 c0.2648 ent0.0132 VRAM 24MB
Ep 3800 | M0_PDR 0.997 | M1_PDR 0.993 | H_m0 2.15 H_m1 2.18 | a-0.0281 c0.2599 ent0.0128 VRAM 24MB
Ep 3850 | M0_PDR 1.000 | M1_PDR 0.992 | H_m0 2.16 H_m1 2.19 | a-0.0270 c0.2662 ent0.0123 VRAM 24MB
Ep 3900 | M0_PDR 1.000 | M1_PDR 1.000 | H_m0 2.15 H_m1 2.17 | a-0.0256 c0.2569 ent0.0118 VRAM 24MB
Ep 3950 | M0_PDR 0.998 | M1_PDR 1.000 | H_m0 2.14 H_m1 2.18 | a-0.0247 c0.2745 ent0.0113 VRAM 24MB
Ep 4000 | M0_PDR 0.995 | M1_PDR 1.000 | H_m0 2.14 H_m1 2.18 | a-0.0234 c0.2885 ent0.0108 VRAM 24MB
Ep 4050 | M0_PDR 0.997 | M1_PDR 0.997 | H_m0 2.14 H_m1 2.19 | a-0.0225 c0.2901 ent0.0103 VRAM 24MB
Ep 4100 | M0_PDR 1.000 | M1_PDR 1.000 | H_m0 2.14 H_m1 2.18 | a-0.0214 c0.2507 ent0.0098 VRAM 24MB
Ep 4150 | M0_PDR 1.000 | M1_PDR 0.995 | H_m0 2.13 H_m1 2.19 | a-0.0203 c0.2818 ent0.0093 VRAM 24MB
Ep 4200 | M0_PDR 0.997 | M1_PDR 1.000 | H_m0 2.12 H_m1 2.19 | a-0.0192 c0.2713 ent0.0088 VRAM 24MB
Ep 4250 | M0_PDR 1.000 | M1_PDR 0.993 | H_m0 2.11 H_m1 2.18 | a-0.0181 c0.2512 ent0.0083 VRAM 24MB
Ep 4300 | M0_PDR 0.995 | M1_PDR 1.000 | H_m0 2.12 H_m1 2.19 | a-0.0172 c0.3590 ent0.0079 VRAM 24MB
Ep 4350 | M0_PDR 0.997 | M1_PDR 1.000 | H_m0 2.11 H_m1 2.18 | a-0.0159 c0.2671 ent0.0074 VRAM 24MB
Ep 4400 | M0_PDR 1.000 | M1_PDR 1.000 | H_m0 2.12 H_m1 2.18 | a-0.0148 c0.2519 ent0.0069 VRAM 24MB
Ep 4450 | M0_PDR 1.000 | M1_PDR 1.000 | H_m0 2.12 H_m1 2.19 | a-0.0139 c0.2526 ent0.0064 VRAM 24MB
Ep 4500 | M0_PDR 1.000 | M1_PDR 1.000 | H_m0 2.12 H_m1 2.19 | a-0.0128 c0.2479 ent0.0059 VRAM 24MB
Ep 4550 | M0_PDR 1.000 | M1_PDR 1.000 | H_m0 2.11 H_m1 2.19 | a-0.0117 c0.2508 ent0.0054 VRAM 24MB
Ep 4600 | M0_PDR 0.995 | M1_PDR 0.997 | H_m0 2.11 H_m1 2.18 | a-0.0106 c0.2910 ent0.0049 VRAM 24MB
Ep 4650 | M0_PDR 1.000 | M1_PDR 1.000 | H_m0 2.11 H_m1 2.18 | a-0.0096 c0.2493 ent0.0044 VRAM 24MB
Ep 4700 | M0_PDR 0.995 | M1_PDR 0.996 | H_m0 2.10 H_m1 2.18 | a-0.0085 c0.2932 ent0.0039 VRAM 24MB
Ep 4750 | M0_PDR 1.000 | M1_PDR 1.000 | H_m0 2.11 H_m1 2.18 | a-0.0075 c0.2500 ent0.0034 VRAM 24MB
Ep 4800 | M0_PDR 1.000 | M1_PDR 1.000 | H_m0 2.11 H_m1 2.18 | a-0.0064 c0.2520 ent0.0030 VRAM 24MB
Ep 4850 | M0_PDR 0.998 | M1_PDR 1.000 | H_m0 2.11 H_m1 2.18 | a-0.0053 c0.2632 ent0.0025 VRAM 24MB
Ep 4900 | M0_PDR 0.997 | M1_PDR 1.000 | H_m0 2.11 H_m1 2.18 | a-0.0043 c0.2598 ent0.0020 VRAM 24MB
Ep 4950 | M0_PDR 1.000 | M1_PDR 1.000 | H_m0 2.11 H_m1 2.18 | a-0.0033 c0.2489 ent0.0015 VRAM 24MB

Training complete. Running 100 eval episodes...

  Eval ep   0: M0_PDR=1.000  M1_PDR=1.000
  Eval ep  20: M0_PDR=0.998  M1_PDR=1.000
  Eval ep  40: M0_PDR=1.000  M1_PDR=0.997
  Eval ep  60: M0_PDR=1.000  M1_PDR=1.000
  Eval ep  80: M0_PDR=1.000  M1_PDR=1.000

=== Eval Summary (100 episodes) ===
  M0_PDR_mean         : 0.9994
  M0_PDR_p05 (across) : 0.9975
  M0_PDR_p05 (intra)  : 1.0000
  M1_PDR_mean         : 0.9992
  M0_SINR_mean (dB)   : 40.32
  M1_SINR_mean (dB)   : 40.69
  M0_collision_rate   : 0.001
  M0_collision_within_pool : 0.001
  M1_collision_within_pool : 0.001

Result saved -> results/_D_N4_seed2.json
  N=4  rho=0.8  M0_PDR=0.999  M1_PDR=0.999
Checkpoint saved -> checkpoints/D_N4_seed2_actors.pt
[NS3Bridge] Shutdown complete.
Run complete.
