[seed] all RNGs seeded with 3
GPU : NVIDIA GeForce RTX 3060
VRAM: 12.9 GB
Device          : cuda:0
Actors          : 4 per-vehicle, total 85,092 params
Critic params   : 79,361
obs_dim=11  action_dim=25  gs_dim=49
M0 count: 2  M1 count: 2
Training for 5000 episodes (Config D_N4_seed3, N=4)...

[NS3Bridge] Connected tcp://localhost:6916
Ep    0 | M0_PDR 0.649 | M1_PDR 0.733 | H_m0 3.22 H_m1 3.21 | a-0.1683 c48.6306 ent0.0500 VRAM 24MB
Ep   50 | M0_PDR 0.663 | M1_PDR 0.802 | H_m0 3.14 H_m1 3.19 | a-0.1589 c22.2853 ent0.0495 VRAM 24MB
Ep  100 | M0_PDR 0.866 | M1_PDR 0.714 | H_m0 2.47 H_m1 3.20 | a-0.1433 c10.9918 ent0.0490 VRAM 24MB
Ep  150 | M0_PDR 0.961 | M1_PDR 0.747 | H_m0 2.25 H_m1 3.18 | a-0.1355 c2.5158 ent0.0485 VRAM 24MB
Ep  200 | M0_PDR 0.992 | M1_PDR 0.748 | H_m0 2.13 H_m1 3.12 | a-0.1305 c0.9311 ent0.0480 VRAM 24MB
Ep  250 | M0_PDR 0.995 | M1_PDR 0.792 | H_m0 2.07 H_m1 3.06 | a-0.1237 c0.8889 ent0.0475 VRAM 24MB
Ep  300 | M0_PDR 0.989 | M1_PDR 0.782 | H_m0 2.18 H_m1 3.14 | a-0.1286 c0.7833 ent0.0471 VRAM 24MB
Ep  350 | M0_PDR 1.000 | M1_PDR 0.754 | H_m0 2.23 H_m1 3.16 | a-0.1305 c0.9317 ent0.0466 VRAM 24MB
Ep  400 | M0_PDR 0.992 | M1_PDR 0.808 | H_m0 2.19 H_m1 2.99 | a-0.1209 c0.5853 ent0.0461 VRAM 24MB
Ep  450 | M0_PDR 0.990 | M1_PDR 0.863 | H_m0 2.22 H_m1 2.73 | a-0.1155 c0.7428 ent0.0456 VRAM 24MB
Ep  500 | M0_PDR 0.982 | M1_PDR 0.900 | H_m0 2.06 H_m1 2.42 | a-0.1030 c1.7520 ent0.0451 VRAM 24MB
Ep  550 | M0_PDR 0.987 | M1_PDR 0.935 | H_m0 2.23 H_m1 2.27 | a-0.1031 c0.5385 ent0.0446 VRAM 24MB
Ep  600 | M0_PDR 0.982 | M1_PDR 0.962 | H_m0 2.15 H_m1 2.31 | a-0.1001 c0.4020 ent0.0441 VRAM 24MB
Ep  650 | M0_PDR 0.988 | M1_PDR 0.965 | H_m0 2.23 H_m1 2.33 | a-0.1004 c1.6865 ent0.0436 VRAM 24MB
Ep  700 | M0_PDR 0.980 | M1_PDR 0.950 | H_m0 1.97 H_m1 2.32 | a-0.0926 c1.9279 ent0.0431 VRAM 24MB
Ep  750 | M0_PDR 0.997 | M1_PDR 0.950 | H_m0 2.11 H_m1 2.33 | a-0.0961 c0.3167 ent0.0426 VRAM 24MB
Ep  800 | M0_PDR 0.981 | M1_PDR 0.924 | H_m0 2.23 H_m1 2.48 | a-0.1029 c0.5092 ent0.0422 VRAM 24MB
Ep  850 | M0_PDR 0.979 | M1_PDR 0.917 | H_m0 2.23 H_m1 2.58 | a-0.1038 c1.3763 ent0.0417 VRAM 24MB
Ep  900 | M0_PDR 0.978 | M1_PDR 0.929 | H_m0 2.12 H_m1 2.43 | a-0.0960 c0.7476 ent0.0412 VRAM 24MB
Ep  950 | M0_PDR 0.990 | M1_PDR 0.942 | H_m0 2.04 H_m1 2.50 | a-0.0958 c0.5010 ent0.0407 VRAM 24MB
Ep 1000 | M0_PDR 0.987 | M1_PDR 0.934 | H_m0 2.21 H_m1 2.37 | a-0.0943 c2.4859 ent0.0402 VRAM 24MB
Ep 1050 | M0_PDR 0.981 | M1_PDR 0.971 | H_m0 2.06 H_m1 2.23 | a-0.0881 c0.4318 ent0.0397 VRAM 24MB
Ep 1100 | M0_PDR 0.990 | M1_PDR 0.967 | H_m0 2.14 H_m1 2.30 | a-0.0890 c0.4814 ent0.0392 VRAM 24MB
Ep 1150 | M0_PDR 0.992 | M1_PDR 0.960 | H_m0 2.12 H_m1 2.17 | a-0.0851 c0.6926 ent0.0387 VRAM 24MB
Ep 1200 | M0_PDR 0.992 | M1_PDR 0.991 | H_m0 2.18 H_m1 2.14 | a-0.0821 c0.3293 ent0.0382 VRAM 24MB
Ep 1250 | M0_PDR 0.983 | M1_PDR 0.979 | H_m0 2.20 H_m1 2.11 | a-0.0812 c0.3630 ent0.0377 VRAM 24MB
Ep 1300 | M0_PDR 0.975 | M1_PDR 0.995 | H_m0 2.19 H_m1 2.11 | a-0.0811 c1.0503 ent0.0373 VRAM 24MB
Ep 1350 | M0_PDR 0.995 | M1_PDR 0.995 | H_m0 2.13 H_m1 2.18 | a-0.0806 c0.6188 ent0.0368 VRAM 24MB
Ep 1400 | M0_PDR 0.986 | M1_PDR 0.991 | H_m0 2.16 H_m1 2.13 | a-0.0794 c0.3201 ent0.0363 VRAM 24MB
Ep 1450 | M0_PDR 0.995 | M1_PDR 0.982 | H_m0 2.14 H_m1 2.10 | a-0.0767 c0.8054 ent0.0358 VRAM 24MB
Ep 1500 | M0_PDR 0.985 | M1_PDR 0.994 | H_m0 2.17 H_m1 2.12 | a-0.0776 c1.0328 ent0.0353 VRAM 24MB
Ep 1550 | M0_PDR 0.992 | M1_PDR 0.975 | H_m0 2.05 H_m1 2.24 | a-0.0757 c0.3803 ent0.0348 VRAM 24MB
Ep 1600 | M0_PDR 0.979 | M1_PDR 0.985 | H_m0 2.19 H_m1 2.21 | a-0.0771 c0.4826 ent0.0343 VRAM 24MB
Ep 1650 | M0_PDR 0.997 | M1_PDR 0.970 | H_m0 2.12 H_m1 2.24 | a-0.0746 c0.4602 ent0.0338 VRAM 24MB
Ep 1700 | M0_PDR 0.995 | M1_PDR 0.987 | H_m0 2.08 H_m1 2.19 | a-0.0726 c0.2746 ent0.0333 VRAM 24MB
Ep 1750 | M0_PDR 0.989 | M1_PDR 0.985 | H_m0 2.11 H_m1 2.19 | a-0.0733 c0.3399 ent0.0328 VRAM 24MB
Ep 1800 | M0_PDR 0.990 | M1_PDR 0.992 | H_m0 2.06 H_m1 2.17 | a-0.0705 c0.4239 ent0.0324 VRAM 24MB
Ep 1850 | M0_PDR 0.984 | M1_PDR 0.980 | H_m0 2.14 H_m1 2.21 | a-0.0706 c0.4723 ent0.0319 VRAM 24MB
Ep 1900 | M0_PDR 0.982 | M1_PDR 0.995 | H_m0 2.13 H_m1 2.15 | a-0.0680 c0.3820 ent0.0314 VRAM 24MB
Ep 1950 | M0_PDR 0.977 | M1_PDR 0.985 | H_m0 2.20 H_m1 2.14 | a-0.0683 c0.5157 ent0.0309 VRAM 24MB
Ep 2000 | M0_PDR 0.990 | M1_PDR 0.995 | H_m0 2.14 H_m1 2.12 | a-0.0662 c0.3269 ent0.0304 VRAM 24MB
Ep 2050 | M0_PDR 0.990 | M1_PDR 0.992 | H_m0 2.13 H_m1 2.08 | a-0.0653 c0.4186 ent0.0299 VRAM 24MB
Ep 2100 | M0_PDR 0.990 | M1_PDR 0.990 | H_m0 2.02 H_m1 2.15 | a-0.0637 c0.4797 ent0.0294 VRAM 24MB
Ep 2150 | M0_PDR 0.984 | M1_PDR 0.995 | H_m0 2.14 H_m1 2.16 | a-0.0642 c0.5093 ent0.0289 VRAM 24MB
Ep 2200 | M0_PDR 0.995 | M1_PDR 0.993 | H_m0 2.16 H_m1 2.12 | a-0.0618 c0.6489 ent0.0284 VRAM 24MB
Ep 2250 | M0_PDR 0.985 | M1_PDR 0.997 | H_m0 2.20 H_m1 2.12 | a-0.0611 c0.4551 ent0.0279 VRAM 24MB
Ep 2300 | M0_PDR 0.988 | M1_PDR 0.997 | H_m0 2.21 H_m1 2.09 | a-0.0597 c0.3510 ent0.0275 VRAM 24MB
Ep 2350 | M0_PDR 0.995 | M1_PDR 0.985 | H_m0 2.17 H_m1 2.11 | a-0.0589 c0.3478 ent0.0270 VRAM 24MB
Ep 2400 | M0_PDR 0.989 | M1_PDR 0.991 | H_m0 2.21 H_m1 2.07 | a-0.0570 c0.3221 ent0.0265 VRAM 24MB
Ep 2450 | M0_PDR 0.982 | M1_PDR 0.997 | H_m0 2.16 H_m1 2.10 | a-0.0560 c0.4077 ent0.0260 VRAM 24MB
Ep 2500 | M0_PDR 0.985 | M1_PDR 0.990 | H_m0 2.12 H_m1 2.06 | a-0.0540 c0.5608 ent0.0255 VRAM 24MB
Ep 2550 | M0_PDR 0.991 | M1_PDR 0.995 | H_m0 2.16 H_m1 2.08 | a-0.0538 c1.0053 ent0.0250 VRAM 24MB
Ep 2600 | M0_PDR 0.995 | M1_PDR 0.995 | H_m0 2.09 H_m1 2.05 | a-0.0504 c0.3890 ent0.0245 VRAM 24MB
Ep 2650 | M0_PDR 0.987 | M1_PDR 0.990 | H_m0 2.14 H_m1 1.97 | a-0.0506 c0.3781 ent0.0240 VRAM 24MB
Ep 2700 | M0_PDR 0.995 | M1_PDR 0.995 | H_m0 2.16 H_m1 2.01 | a-0.0500 c0.3128 ent0.0235 VRAM 24MB
Ep 2750 | M0_PDR 0.992 | M1_PDR 0.988 | H_m0 2.12 H_m1 2.11 | a-0.0497 c0.3121 ent0.0230 VRAM 24MB
Ep 2800 | M0_PDR 0.990 | M1_PDR 0.997 | H_m0 2.08 H_m1 2.09 | a-0.0486 c0.2992 ent0.0226 VRAM 24MB
Ep 2850 | M0_PDR 0.985 | M1_PDR 1.000 | H_m0 2.11 H_m1 2.09 | a-0.0479 c0.4500 ent0.0221 VRAM 24MB
Ep 2900 | M0_PDR 0.983 | M1_PDR 0.994 | H_m0 2.12 H_m1 2.06 | a-0.0459 c0.4840 ent0.0216 VRAM 24MB
Ep 2950 | M0_PDR 0.988 | M1_PDR 0.994 | H_m0 2.14 H_m1 2.09 | a-0.0456 c0.3745 ent0.0211 VRAM 24MB
Ep 3000 | M0_PDR 0.995 | M1_PDR 0.997 | H_m0 2.11 H_m1 2.08 | a-0.0445 c0.2956 ent0.0206 VRAM 24MB
Ep 3050 | M0_PDR 0.997 | M1_PDR 0.997 | H_m0 2.12 H_m1 2.07 | a-0.0425 c0.2913 ent0.0201 VRAM 24MB
Ep 3100 | M0_PDR 0.990 | M1_PDR 1.000 | H_m0 2.12 H_m1 2.08 | a-0.0414 c0.3424 ent0.0196 VRAM 24MB
Ep 3150 | M0_PDR 0.987 | M1_PDR 0.999 | H_m0 2.10 H_m1 2.10 | a-0.0411 c0.4144 ent0.0191 VRAM 24MB
Ep 3200 | M0_PDR 0.990 | M1_PDR 0.997 | H_m0 2.12 H_m1 2.12 | a-0.0406 c0.4527 ent0.0186 VRAM 24MB
Ep 3250 | M0_PDR 0.992 | M1_PDR 1.000 | H_m0 2.14 H_m1 2.08 | a-0.0388 c0.2919 ent0.0181 VRAM 24MB
Ep 3300 | M0_PDR 0.990 | M1_PDR 0.997 | H_m0 2.13 H_m1 2.08 | a-0.0376 c0.3106 ent0.0177 VRAM 24MB
Ep 3350 | M0_PDR 0.990 | M1_PDR 0.996 | H_m0 2.11 H_m1 2.04 | a-0.0363 c0.4002 ent0.0172 VRAM 24MB
Ep 3400 | M0_PDR 0.995 | M1_PDR 0.997 | H_m0 2.17 H_m1 2.00 | a-0.0356 c0.2840 ent0.0167 VRAM 24MB
Ep 3450 | M0_PDR 0.995 | M1_PDR 1.000 | H_m0 2.17 H_m1 1.98 | a-0.0337 c0.2779 ent0.0162 VRAM 24MB
Ep 3500 | M0_PDR 0.992 | M1_PDR 0.994 | H_m0 2.15 H_m1 1.97 | a-0.0328 c0.2964 ent0.0157 VRAM 24MB
Ep 3550 | M0_PDR 0.990 | M1_PDR 1.000 | H_m0 2.17 H_m1 1.96 | a-0.0316 c0.3662 ent0.0152 VRAM 24MB
Ep 3600 | M0_PDR 0.997 | M1_PDR 1.000 | H_m0 2.15 H_m1 1.95 | a-0.0304 c0.2747 ent0.0147 VRAM 24MB
Ep 3650 | M0_PDR 0.993 | M1_PDR 0.997 | H_m0 2.14 H_m1 2.01 | a-0.0298 c0.2836 ent0.0142 VRAM 24MB
Ep 3700 | M0_PDR 0.990 | M1_PDR 0.998 | H_m0 2.15 H_m1 2.01 | a-0.0289 c0.3970 ent0.0137 VRAM 24MB
Ep 3750 | M0_PDR 0.998 | M1_PDR 0.995 | H_m0 2.16 H_m1 2.05 | a-0.0281 c0.2733 ent0.0132 VRAM 24MB
Ep 3800 | M0_PDR 0.992 | M1_PDR 1.000 | H_m0 2.16 H_m1 2.05 | a-0.0271 c0.3209 ent0.0128 VRAM 24MB
Ep 3850 | M0_PDR 0.995 | M1_PDR 1.000 | H_m0 2.15 H_m1 2.03 | a-0.0260 c0.2871 ent0.0123 VRAM 24MB
Ep 3900 | M0_PDR 0.997 | M1_PDR 0.997 | H_m0 2.15 H_m1 2.01 | a-0.0248 c0.2630 ent0.0118 VRAM 24MB
Ep 3950 | M0_PDR 0.995 | M1_PDR 1.000 | H_m0 2.14 H_m1 2.02 | a-0.0237 c0.3192 ent0.0113 VRAM 24MB
Ep 4000 | M0_PDR 0.997 | M1_PDR 1.000 | H_m0 2.14 H_m1 2.03 | a-0.0228 c0.2705 ent0.0108 VRAM 24MB
Ep 4050 | M0_PDR 0.997 | M1_PDR 0.995 | H_m0 2.15 H_m1 2.01 | a-0.0216 c0.3260 ent0.0103 VRAM 24MB
Ep 4100 | M0_PDR 0.997 | M1_PDR 0.998 | H_m0 2.15 H_m1 2.00 | a-0.0204 c0.2775 ent0.0098 VRAM 24MB
Ep 4150 | M0_PDR 1.000 | M1_PDR 1.000 | H_m0 2.15 H_m1 2.01 | a-0.0196 c0.2482 ent0.0093 VRAM 24MB
Ep 4200 | M0_PDR 0.998 | M1_PDR 1.000 | H_m0 2.14 H_m1 2.02 | a-0.0185 c0.3277 ent0.0088 VRAM 24MB
Ep 4250 | M0_PDR 1.000 | M1_PDR 1.000 | H_m0 2.14 H_m1 2.01 | a-0.0173 c0.2523 ent0.0083 VRAM 24MB
Ep 4300 | M0_PDR 0.995 | M1_PDR 1.000 | H_m0 2.13 H_m1 2.01 | a-0.0166 c0.2869 ent0.0079 VRAM 24MB
Ep 4350 | M0_PDR 1.000 | M1_PDR 0.995 | H_m0 2.13 H_m1 2.00 | a-0.0154 c0.2522 ent0.0074 VRAM 24MB
Ep 4400 | M0_PDR 1.000 | M1_PDR 1.000 | H_m0 2.13 H_m1 2.00 | a-0.0144 c0.2728 ent0.0069 VRAM 24MB
Ep 4450 | M0_PDR 1.000 | M1_PDR 1.000 | H_m0 2.13 H_m1 2.00 | a-0.0132 c0.2626 ent0.0064 VRAM 24MB
Ep 4500 | M0_PDR 0.991 | M1_PDR 1.000 | H_m0 2.12 H_m1 2.00 | a-0.0123 c0.3644 ent0.0059 VRAM 24MB
Ep 4550 | M0_PDR 0.997 | M1_PDR 1.000 | H_m0 2.12 H_m1 2.00 | a-0.0112 c0.2660 ent0.0054 VRAM 24MB
Ep 4600 | M0_PDR 0.997 | M1_PDR 1.000 | H_m0 2.11 H_m1 2.00 | a-0.0102 c0.2663 ent0.0049 VRAM 24MB
Ep 4650 | M0_PDR 0.997 | M1_PDR 1.000 | H_m0 2.12 H_m1 1.98 | a-0.0092 c0.2607 ent0.0044 VRAM 24MB
Ep 4700 | M0_PDR 0.998 | M1_PDR 1.000 | H_m0 2.12 H_m1 1.98 | a-0.0081 c0.2706 ent0.0039 VRAM 24MB
Ep 4750 | M0_PDR 1.000 | M1_PDR 1.000 | H_m0 2.11 H_m1 1.98 | a-0.0071 c0.2561 ent0.0034 VRAM 24MB
Ep 4800 | M0_PDR 1.000 | M1_PDR 0.997 | H_m0 2.11 H_m1 1.97 | a-0.0061 c0.2569 ent0.0030 VRAM 24MB
Ep 4850 | M0_PDR 0.998 | M1_PDR 1.000 | H_m0 2.11 H_m1 1.97 | a-0.0051 c0.2632 ent0.0025 VRAM 24MB
Ep 4900 | M0_PDR 0.997 | M1_PDR 1.000 | H_m0 2.10 H_m1 1.97 | a-0.0041 c0.2548 ent0.0020 VRAM 24MB
Ep 4950 | M0_PDR 0.997 | M1_PDR 0.996 | H_m0 2.10 H_m1 1.96 | a-0.0031 c0.2674 ent0.0015 VRAM 24MB

Training complete. Running 100 eval episodes...

  Eval ep   0: M0_PDR=1.000  M1_PDR=1.000
  Eval ep  20: M0_PDR=1.000  M1_PDR=1.000
  Eval ep  40: M0_PDR=0.997  M1_PDR=1.000
  Eval ep  60: M0_PDR=0.995  M1_PDR=0.999
  Eval ep  80: M0_PDR=0.998  M1_PDR=1.000

=== Eval Summary (100 episodes) ===
  M0_PDR_mean         : 0.9985
  M0_PDR_p05 (across) : 0.9951
  M0_PDR_p05 (intra)  : 1.0000
  M1_PDR_mean         : 0.9994
  M0_SINR_mean (dB)   : 38.93
  M1_SINR_mean (dB)   : 41.00
  M0_collision_rate   : 0.002
  M0_collision_within_pool : 0.002
  M1_collision_within_pool : 0.000

Result saved -> results/_D_N4_seed3.json
  N=4  rho=0.8  M0_PDR=0.999  M1_PDR=0.999
Checkpoint saved -> checkpoints/D_N4_seed3_actors.pt
[NS3Bridge] Shutdown complete.
Run complete.
