[NS3Bridge] Connected tcp://localhost:6536
[SB-SPS] SBSPS_rsrp80w40c1_N10_seed3  N=10 M=5 rule=rsrp th0=-80.0 DS=False seed=3 warmup=40 counter=[1,1]
Running 100 eval episodes (no training)...

  Eval ep   0: M0_PDR=0.732  M1_PDR=0.840
  Eval ep  20: M0_PDR=0.777  M1_PDR=0.898
  Eval ep  40: M0_PDR=0.810  M1_PDR=0.893
  Eval ep  60: M0_PDR=0.720  M1_PDR=0.870
  Eval ep  80: M0_PDR=0.831  M1_PDR=0.805

=== Eval Summary (100 episodes) - SB-SPS rsrp ===
  M0_PDR_mean              : 0.7585
  M0_PDR_p05 (across)      : 0.6018
  M0_PDR_p05 (intra)       : 0.3905
  M1_PDR_mean              : 0.8355
  M0_SINR_mean (dB)        : 14.02
  M1_SINR_mean (dB)        : 15.87
  M0_collision_rate        : 0.886
  M0_collision_within_pool : 0.491
  M1_collision_within_pool : 0.513
  co-channel separation    : 441.3 m vs shuffled 383.6 m  -> ratio 1.150
  reselections 200000, threshold raised in 184643, occupancy fallback in 0

Result saved -> results/_SBSPS_rsrp80w40c1_N10_seed3.json
[NS3Bridge] Shutdown complete.
