[NS3Bridge] Connected tcp://localhost:6366
[SB-SPS] SBSPS_rsrp85w20_N4_seed1  N=4 M=5 rule=rsrp th0=-85.0 DS=False seed=1 warmup=20
Running 100 eval episodes (no training)...

  Eval ep   0: M0_PDR=0.981  M1_PDR=0.959
  Eval ep  20: M0_PDR=0.929  M1_PDR=0.956
  Eval ep  40: M0_PDR=1.000  M1_PDR=1.000
  Eval ep  60: M0_PDR=0.937  M1_PDR=0.979
  Eval ep  80: M0_PDR=1.000  M1_PDR=1.000

=== Eval Summary (100 episodes) - SB-SPS rsrp ===
  M0_PDR_mean              : 0.9765
  M0_PDR_p05 (across)      : 0.9208
  M0_PDR_p05 (intra)       : 0.8190
  M1_PDR_mean              : 0.9800
  M0_SINR_mean (dB)        : 45.29
  M1_SINR_mean (dB)        : 46.73
  M0_collision_rate        : 0.038
  M0_collision_within_pool : 0.010
  M1_collision_within_pool : 0.009
  co-channel separation    : 195.8 m vs shuffled 162.5 m  -> ratio 1.205
  reselections 8234, threshold raised in 173, occupancy fallback in 0

Result saved -> results/_SBSPS_rsrp85w20_N4_seed1.json
[NS3Bridge] Shutdown complete.
