[NS3Bridge] Connected tcp://localhost:6246
[SB-SPS] SBSPS_rsrp80w20_N4_seed1  N=4 M=5 rule=rsrp th0=-80.0 DS=False seed=1 warmup=20
Running 100 eval episodes (no training)...

  Eval ep   0: M0_PDR=0.981  M1_PDR=0.961
  Eval ep  20: M0_PDR=0.944  M1_PDR=0.958
  Eval ep  40: M0_PDR=1.000  M1_PDR=1.000
  Eval ep  60: M0_PDR=0.946  M1_PDR=0.968
  Eval ep  80: M0_PDR=1.000  M1_PDR=1.000

=== Eval Summary (100 episodes) - SB-SPS rsrp ===
  M0_PDR_mean              : 0.9791
  M0_PDR_p05 (across)      : 0.9365
  M0_PDR_p05 (intra)       : 0.8380
  M1_PDR_mean              : 0.9799
  M0_SINR_mean (dB)        : 45.35
  M1_SINR_mean (dB)        : 46.68
  M0_collision_rate        : 0.037
  M0_collision_within_pool : 0.009
  M1_collision_within_pool : 0.011
  co-channel separation    : 194.3 m vs shuffled 163.1 m  -> ratio 1.191
  reselections 8238, threshold raised in 155, occupancy fallback in 0

Result saved -> results/_SBSPS_rsrp80w20_N4_seed1.json
[NS3Bridge] Shutdown complete.
