[NS3Bridge] Connected tcp://localhost:6136
[SB-SPS] SBSPS_rsrp80_N10_seed3  N=10 M=5 rule=rsrp th0=-80.0 DS=False seed=3
Running 100 eval episodes (no training)...

  Eval ep   0: M0_PDR=0.857  M1_PDR=0.947
  Eval ep  20: M0_PDR=0.872  M1_PDR=0.919
  Eval ep  40: M0_PDR=0.921  M1_PDR=0.948
  Eval ep  60: M0_PDR=0.918  M1_PDR=0.918
  Eval ep  80: M0_PDR=0.875  M1_PDR=0.959

=== Eval Summary (100 episodes) - SB-SPS rsrp ===
  M0_PDR_mean              : 0.8766
  M0_PDR_p05 (across)      : 0.8097
  M0_PDR_p05 (intra)       : 0.6057
  M1_PDR_mean              : 0.9286
  M0_SINR_mean (dB)        : 16.69
  M1_SINR_mean (dB)        : 19.87
  M0_collision_rate        : 0.950
  M0_collision_within_pool : 0.176
  M1_collision_within_pool : 0.149
  co-channel separation    : 507.7 m vs shuffled 379.5 m  -> ratio 1.338
  reselections 20510, threshold raised in 12172, occupancy fallback in 0

Result saved -> results/_SBSPS_rsrp80_N10_seed3.json
[NS3Bridge] Shutdown complete.
