[NS3Bridge] Connected tcp://localhost:6176
[SB-SPS] SBSPS_rsrp75_N4_seed2  N=4 M=5 rule=rsrp th0=-75.0 DS=False seed=2 warmup=0
Running 100 eval episodes (no training)...

  Eval ep   0: M0_PDR=0.976  M1_PDR=0.963
  Eval ep  20: M0_PDR=0.928  M1_PDR=0.931
  Eval ep  40: M0_PDR=0.981  M1_PDR=0.985
  Eval ep  60: M0_PDR=0.989  M1_PDR=0.983
  Eval ep  80: M0_PDR=0.939  M1_PDR=0.964

=== Eval Summary (100 episodes) - SB-SPS rsrp ===
  M0_PDR_mean              : 0.9586
  M0_PDR_p05 (across)      : 0.9000
  M0_PDR_p05 (intra)       : 0.6904
  M1_PDR_mean              : 0.9625
  M0_SINR_mean (dB)        : 43.59
  M1_SINR_mean (dB)        : 44.95
  M0_collision_rate        : 0.065
  M0_collision_within_pool : 0.019
  M1_collision_within_pool : 0.018
  co-channel separation    : 181.0 m vs shuffled 161.2 m  -> ratio 1.123
  reselections 8189, threshold raised in 181, occupancy fallback in 0

Result saved -> results/_SBSPS_rsrp75_N4_seed2.json
[NS3Bridge] Shutdown complete.
