[NS3Bridge] Connected tcp://localhost:6326
[SB-SPS] SBSPS_rsrp80w20_N10_seed4  N=10 M=5 rule=rsrp th0=-80.0 DS=False seed=4 warmup=20
Running 100 eval episodes (no training)...

  Eval ep   0: M0_PDR=0.850  M1_PDR=0.962
  Eval ep  20: M0_PDR=0.863  M1_PDR=0.967
  Eval ep  40: M0_PDR=0.865  M1_PDR=0.916
  Eval ep  60: M0_PDR=0.896  M1_PDR=0.942
  Eval ep  80: M0_PDR=0.902  M1_PDR=0.866

=== Eval Summary (100 episodes) - SB-SPS rsrp ===
  M0_PDR_mean              : 0.8924
  M0_PDR_p05 (across)      : 0.8271
  M0_PDR_p05 (intra)       : 0.6466
  M1_PDR_mean              : 0.9381
  M0_SINR_mean (dB)        : 17.41
  M1_SINR_mean (dB)        : 20.29
  M0_collision_rate        : 0.954
  M0_collision_within_pool : 0.144
  M1_collision_within_pool : 0.130
  co-channel separation    : 517.8 m vs shuffled 382.1 m  -> ratio 1.355
  reselections 20493, threshold raised in 12584, occupancy fallback in 0

Result saved -> results/_SBSPS_rsrp80w20_N10_seed4.json
[NS3Bridge] Shutdown complete.
