[NS3Bridge] Connected tcp://localhost:6066
[SB-SPS] SBSPS_rsrp80_N4_seed1  N=4 M=5 rule=rsrp th0=-80.0 DS=False seed=1
Running 100 eval episodes (no training)...

  Eval ep   0: M0_PDR=0.983  M1_PDR=0.958
  Eval ep  20: M0_PDR=0.932  M1_PDR=0.942
  Eval ep  40: M0_PDR=0.994  M1_PDR=0.959
  Eval ep  60: M0_PDR=0.908  M1_PDR=0.916
  Eval ep  80: M0_PDR=0.978  M1_PDR=0.970

=== Eval Summary (100 episodes) - SB-SPS rsrp ===
  M0_PDR_mean              : 0.9613
  M0_PDR_p05 (across)      : 0.8996
  M0_PDR_p05 (intra)       : 0.7263
  M1_PDR_mean              : 0.9620
  M0_SINR_mean (dB)        : 43.87
  M1_SINR_mean (dB)        : 44.79
  M0_collision_rate        : 0.063
  M0_collision_within_pool : 0.018
  M1_collision_within_pool : 0.023
  co-channel separation    : 185.4 m vs shuffled 161.0 m  -> ratio 1.152
  reselections 8238, threshold raised in 155, occupancy fallback in 0

Result saved -> results/_SBSPS_rsrp80_N4_seed1.json
[NS3Bridge] Shutdown complete.
