[NS3Bridge] Connected tcp://localhost:6276
[SB-SPS] SBSPS_rsrp80w20_N10_seed2  N=10 M=5 rule=rsrp th0=-80.0 DS=False seed=2 warmup=20
Running 100 eval episodes (no training)...

  Eval ep   0: M0_PDR=0.921  M1_PDR=0.919
  Eval ep  20: M0_PDR=0.810  M1_PDR=0.897
  Eval ep  40: M0_PDR=0.861  M1_PDR=0.941
  Eval ep  60: M0_PDR=0.913  M1_PDR=0.917
  Eval ep  80: M0_PDR=0.796  M1_PDR=0.900

=== Eval Summary (100 episodes) - SB-SPS rsrp ===
  M0_PDR_mean              : 0.8954
  M0_PDR_p05 (across)      : 0.8363
  M0_PDR_p05 (intra)       : 0.6633
  M1_PDR_mean              : 0.9372
  M0_SINR_mean (dB)        : 17.65
  M1_SINR_mean (dB)        : 20.13
  M0_collision_rate        : 0.950
  M0_collision_within_pool : 0.135
  M1_collision_within_pool : 0.136
  co-channel separation    : 520.6 m vs shuffled 381.6 m  -> ratio 1.364
  reselections 20454, threshold raised in 12814, occupancy fallback in 0

Result saved -> results/_SBSPS_rsrp80w20_N10_seed2.json
[NS3Bridge] Shutdown complete.
