[NS3Bridge] Connected tcp://localhost:6446
[SB-SPS] SBSPS_rsrp80w40_N10_seed4  N=10 M=5 rule=rsrp th0=-80.0 DS=False seed=4 warmup=40
Running 100 eval episodes (no training)...

  Eval ep   0: M0_PDR=0.880  M1_PDR=0.955
  Eval ep  20: M0_PDR=0.887  M1_PDR=0.959
  Eval ep  40: M0_PDR=0.880  M1_PDR=0.926
  Eval ep  60: M0_PDR=0.913  M1_PDR=0.954
  Eval ep  80: M0_PDR=0.925  M1_PDR=0.887

=== Eval Summary (100 episodes) - SB-SPS rsrp ===
  M0_PDR_mean              : 0.8986
  M0_PDR_p05 (across)      : 0.8341
  M0_PDR_p05 (intra)       : 0.6787
  M1_PDR_mean              : 0.9436
  M0_SINR_mean (dB)        : 17.67
  M1_SINR_mean (dB)        : 20.34
  M0_collision_rate        : 0.962
  M0_collision_within_pool : 0.120
  M1_collision_within_pool : 0.104
  co-channel separation    : 525.9 m vs shuffled 383.7 m  -> ratio 1.371
  reselections 20493, threshold raised in 12584, occupancy fallback in 0

Result saved -> results/_SBSPS_rsrp80w40_N10_seed4.json
[NS3Bridge] Shutdown complete.
