[NS3Bridge] Connected tcp://localhost:6406
[SB-SPS] SBSPS_rsrp80w40_N4_seed4  N=4 M=5 rule=rsrp th0=-80.0 DS=False seed=4 warmup=40
Running 100 eval episodes (no training)...

  Eval ep   0: M0_PDR=1.000  M1_PDR=1.000
  Eval ep  20: M0_PDR=1.000  M1_PDR=1.000
  Eval ep  40: M0_PDR=0.976  M1_PDR=0.984
  Eval ep  60: M0_PDR=1.000  M1_PDR=0.975
  Eval ep  80: M0_PDR=0.980  M1_PDR=0.988

=== Eval Summary (100 episodes) - SB-SPS rsrp ===
  M0_PDR_mean              : 0.9811
  M0_PDR_p05 (across)      : 0.9388
  M0_PDR_p05 (intra)       : 0.8639
  M1_PDR_mean              : 0.9833
  M0_SINR_mean (dB)        : 45.75
  M1_SINR_mean (dB)        : 47.15
  M0_collision_rate        : 0.028
  M0_collision_within_pool : 0.006
  M1_collision_within_pool : 0.007
  co-channel separation    : 184.4 m vs shuffled 163.2 m  -> ratio 1.130
  reselections 8213, threshold raised in 168, occupancy fallback in 0

Result saved -> results/_SBSPS_rsrp80w40_N4_seed4.json
[NS3Bridge] Shutdown complete.
