[NS3Bridge] Connected tcp://localhost:6106
[SB-SPS] SBSPS_rsrp80_N4_seed5  N=4 M=5 rule=rsrp th0=-80.0 DS=False seed=5
Running 100 eval episodes (no training)...

  Eval ep   0: M0_PDR=0.934  M1_PDR=0.959
  Eval ep  20: M0_PDR=0.975  M1_PDR=0.960
  Eval ep  40: M0_PDR=0.981  M1_PDR=0.963
  Eval ep  60: M0_PDR=0.995  M1_PDR=0.998
  Eval ep  80: M0_PDR=0.938  M1_PDR=0.938

=== Eval Summary (100 episodes) - SB-SPS rsrp ===
  M0_PDR_mean              : 0.9601
  M0_PDR_p05 (across)      : 0.9069
  M0_PDR_p05 (intra)       : 0.7080
  M1_PDR_mean              : 0.9682
  M0_SINR_mean (dB)        : 43.73
  M1_SINR_mean (dB)        : 45.45
  M0_collision_rate        : 0.062
  M0_collision_within_pool : 0.018
  M1_collision_within_pool : 0.012
  co-channel separation    : 184.1 m vs shuffled 164.7 m  -> ratio 1.118
  reselections 8214, threshold raised in 155, occupancy fallback in 0

Result saved -> results/_SBSPS_rsrp80_N4_seed5.json
[NS3Bridge] Shutdown complete.
