[NS3Bridge] Connected tcp://localhost:6156
[SB-SPS] SBSPS_rsrp80_N10_seed5  N=10 M=5 rule=rsrp th0=-80.0 DS=False seed=5
Running 100 eval episodes (no training)...

  Eval ep   0: M0_PDR=0.867  M1_PDR=0.923
  Eval ep  20: M0_PDR=0.880  M1_PDR=0.933
  Eval ep  40: M0_PDR=0.839  M1_PDR=0.906
  Eval ep  60: M0_PDR=0.918  M1_PDR=0.944
  Eval ep  80: M0_PDR=0.892  M1_PDR=0.915

=== Eval Summary (100 episodes) - SB-SPS rsrp ===
  M0_PDR_mean              : 0.8700
  M0_PDR_p05 (across)      : 0.8213
  M0_PDR_p05 (intra)       : 0.6010
  M1_PDR_mean              : 0.9254
  M0_SINR_mean (dB)        : 16.54
  M1_SINR_mean (dB)        : 19.93
  M0_collision_rate        : 0.947
  M0_collision_within_pool : 0.192
  M1_collision_within_pool : 0.160
  co-channel separation    : 505.9 m vs shuffled 380.1 m  -> ratio 1.331
  reselections 20532, threshold raised in 12099, occupancy fallback in 0

Result saved -> results/_SBSPS_rsrp80_N10_seed5.json
[NS3Bridge] Shutdown complete.
