[NS3Bridge] Connected tcp://localhost:6526
[SB-SPS] SBSPS_rsrp80w40c1_N10_seed2  N=10 M=5 rule=rsrp th0=-80.0 DS=False seed=2 warmup=40 counter=[1,1]
Running 100 eval episodes (no training)...

  Eval ep   0: M0_PDR=0.809  M1_PDR=0.909
  Eval ep  20: M0_PDR=0.787  M1_PDR=0.902
  Eval ep  40: M0_PDR=0.694  M1_PDR=0.876
  Eval ep  60: M0_PDR=0.816  M1_PDR=0.771
  Eval ep  80: M0_PDR=0.683  M1_PDR=0.802

=== Eval Summary (100 episodes) - SB-SPS rsrp ===
  M0_PDR_mean              : 0.7626
  M0_PDR_p05 (across)      : 0.6444
  M0_PDR_p05 (intra)       : 0.4008
  M1_PDR_mean              : 0.8397
  M0_SINR_mean (dB)        : 14.41
  M1_SINR_mean (dB)        : 16.35
  M0_collision_rate        : 0.881
  M0_collision_within_pool : 0.485
  M1_collision_within_pool : 0.494
  co-channel separation    : 443.3 m vs shuffled 384.8 m  -> ratio 1.152
  reselections 200000, threshold raised in 185734, occupancy fallback in 0

Result saved -> results/_SBSPS_rsrp80w40c1_N10_seed2.json
[NS3Bridge] Shutdown complete.
