[NS3Bridge] Connected tcp://localhost:6476
[SB-SPS] SBSPS_rsrp80w60_N10_seed1  N=10 M=5 rule=rsrp th0=-80.0 DS=False seed=1 warmup=60
Running 100 eval episodes (no training)...

  Eval ep   0: M0_PDR=0.847  M1_PDR=0.946
  Eval ep  20: M0_PDR=0.828  M1_PDR=0.935
  Eval ep  40: M0_PDR=0.848  M1_PDR=0.952
  Eval ep  60: M0_PDR=0.903  M1_PDR=0.960
  Eval ep  80: M0_PDR=0.929  M1_PDR=0.976

=== Eval Summary (100 episodes) - SB-SPS rsrp ===
  M0_PDR_mean              : 0.8952
  M0_PDR_p05 (across)      : 0.8274
  M0_PDR_p05 (intra)       : 0.6713
  M1_PDR_mean              : 0.9456
  M0_SINR_mean (dB)        : 17.62
  M1_SINR_mean (dB)        : 19.98
  M0_collision_rate        : 0.970
  M0_collision_within_pool : 0.120
  M1_collision_within_pool : 0.080
  co-channel separation    : 531.5 m vs shuffled 385.7 m  -> ratio 1.378
  reselections 20561, threshold raised in 12456, occupancy fallback in 0

Result saved -> results/_SBSPS_rsrp80w60_N10_seed1.json
[NS3Bridge] Shutdown complete.
