[NS3Bridge] Connected tcp://localhost:6266
[SB-SPS] SBSPS_rsrp80w20_N10_seed1  N=10 M=5 rule=rsrp th0=-80.0 DS=False seed=1 warmup=20
Running 100 eval episodes (no training)...

  Eval ep   0: M0_PDR=0.851  M1_PDR=0.904
  Eval ep  20: M0_PDR=0.844  M1_PDR=0.924
  Eval ep  40: M0_PDR=0.827  M1_PDR=0.952
  Eval ep  60: M0_PDR=0.878  M1_PDR=0.947
  Eval ep  80: M0_PDR=0.905  M1_PDR=0.964

=== Eval Summary (100 episodes) - SB-SPS rsrp ===
  M0_PDR_mean              : 0.8851
  M0_PDR_p05 (across)      : 0.8233
  M0_PDR_p05 (intra)       : 0.6410
  M1_PDR_mean              : 0.9427
  M0_SINR_mean (dB)        : 17.11
  M1_SINR_mean (dB)        : 20.71
  M0_collision_rate        : 0.957
  M0_collision_within_pool : 0.157
  M1_collision_within_pool : 0.120
  co-channel separation    : 518.2 m vs shuffled 381.6 m  -> ratio 1.358
  reselections 20561, threshold raised in 12456, occupancy fallback in 0

Result saved -> results/_SBSPS_rsrp80w20_N10_seed1.json
[NS3Bridge] Shutdown complete.
