[NS3Bridge] Connected tcp://localhost:6076
[SB-SPS] SBSPS_rsrp80_N4_seed2  N=4 M=5 rule=rsrp th0=-80.0 DS=False seed=2
Running 100 eval episodes (no training)...

  Eval ep   0: M0_PDR=0.989  M1_PDR=0.969
  Eval ep  20: M0_PDR=0.923  M1_PDR=0.933
  Eval ep  40: M0_PDR=0.972  M1_PDR=0.987
  Eval ep  60: M0_PDR=0.992  M1_PDR=0.984
  Eval ep  80: M0_PDR=0.931  M1_PDR=0.959

=== Eval Summary (100 episodes) - SB-SPS rsrp ===
  M0_PDR_mean              : 0.9588
  M0_PDR_p05 (across)      : 0.9023
  M0_PDR_p05 (intra)       : 0.6933
  M1_PDR_mean              : 0.9630
  M0_SINR_mean (dB)        : 43.57
  M1_SINR_mean (dB)        : 44.97
  M0_collision_rate        : 0.065
  M0_collision_within_pool : 0.019
  M1_collision_within_pool : 0.018
  co-channel separation    : 181.0 m vs shuffled 161.2 m  -> ratio 1.123
  reselections 8189, threshold raised in 181, occupancy fallback in 0

Result saved -> results/_SBSPS_rsrp80_N4_seed2.json
[NS3Bridge] Shutdown complete.
