[NS3Bridge] Connected tcp://localhost:6386
[SB-SPS] SBSPS_rsrp80w40_N4_seed2  N=4 M=5 rule=rsrp th0=-80.0 DS=False seed=2 warmup=40
Running 100 eval episodes (no training)...

  Eval ep   0: M0_PDR=0.965  M1_PDR=0.983
  Eval ep  20: M0_PDR=0.970  M1_PDR=0.991
  Eval ep  40: M0_PDR=1.000  M1_PDR=1.000
  Eval ep  60: M0_PDR=1.000  M1_PDR=1.000
  Eval ep  80: M0_PDR=0.968  M1_PDR=0.985

=== Eval Summary (100 episodes) - SB-SPS rsrp ===
  M0_PDR_mean              : 0.9811
  M0_PDR_p05 (across)      : 0.9439
  M0_PDR_p05 (intra)       : 0.8505
  M1_PDR_mean              : 0.9817
  M0_SINR_mean (dB)        : 45.77
  M1_SINR_mean (dB)        : 47.01
  M0_collision_rate        : 0.030
  M0_collision_within_pool : 0.008
  M1_collision_within_pool : 0.012
  co-channel separation    : 178.6 m vs shuffled 158.8 m  -> ratio 1.125
  reselections 8189, threshold raised in 181, occupancy fallback in 0

Result saved -> results/_SBSPS_rsrp80w40_N4_seed2.json
[NS3Bridge] Shutdown complete.
