[NS3Bridge] Connected tcp://localhost:6236
[SB-SPS] SBSPS_rsrp85_N10_seed2  N=10 M=5 rule=rsrp th0=-85.0 DS=False seed=2 warmup=0
Running 100 eval episodes (no training)...

  Eval ep   0: M0_PDR=0.939  M1_PDR=0.947
  Eval ep  20: M0_PDR=0.840  M1_PDR=0.936
  Eval ep  40: M0_PDR=0.899  M1_PDR=0.950
  Eval ep  60: M0_PDR=0.860  M1_PDR=0.941
  Eval ep  80: M0_PDR=0.807  M1_PDR=0.916

=== Eval Summary (100 episodes) - SB-SPS rsrp ===
  M0_PDR_mean              : 0.8789
  M0_PDR_p05 (across)      : 0.8154
  M0_PDR_p05 (intra)       : 0.6027
  M1_PDR_mean              : 0.9296
  M0_SINR_mean (dB)        : 16.48
  M1_SINR_mean (dB)        : 19.96
  M0_collision_rate        : 0.954
  M0_collision_within_pool : 0.178
  M1_collision_within_pool : 0.147
  co-channel separation    : 508.7 m vs shuffled 379.9 m  -> ratio 1.339
  reselections 20468, threshold raised in 19178, occupancy fallback in 0

Result saved -> results/_SBSPS_rsrp85_N10_seed2.json
[NS3Bridge] Shutdown complete.
