[NS3Bridge] Connected tcp://localhost:6426
[SB-SPS] SBSPS_rsrp80w40_N10_seed2  N=10 M=5 rule=rsrp th0=-80.0 DS=False seed=2 warmup=40
Running 100 eval episodes (no training)...

  Eval ep   0: M0_PDR=0.939  M1_PDR=0.918
  Eval ep  20: M0_PDR=0.794  M1_PDR=0.917
  Eval ep  40: M0_PDR=0.872  M1_PDR=0.946
  Eval ep  60: M0_PDR=0.912  M1_PDR=0.932
  Eval ep  80: M0_PDR=0.838  M1_PDR=0.901

=== Eval Summary (100 episodes) - SB-SPS rsrp ===
  M0_PDR_mean              : 0.9038
  M0_PDR_p05 (across)      : 0.8392
  M0_PDR_p05 (intra)       : 0.6874
  M1_PDR_mean              : 0.9413
  M0_SINR_mean (dB)        : 17.99
  M1_SINR_mean (dB)        : 20.08
  M0_collision_rate        : 0.957
  M0_collision_within_pool : 0.110
  M1_collision_within_pool : 0.111
  co-channel separation    : 528.3 m vs shuffled 384.0 m  -> ratio 1.376
  reselections 20454, threshold raised in 12814, occupancy fallback in 0

Result saved -> results/_SBSPS_rsrp80w40_N10_seed2.json
[NS3Bridge] Shutdown complete.
