[NS3Bridge] Connected tcp://localhost:6216
[SB-SPS] SBSPS_rsrp85_N4_seed2  N=4 M=5 rule=rsrp th0=-85.0 DS=False seed=2 warmup=0
Running 100 eval episodes (no training)...

  Eval ep   0: M0_PDR=0.978  M1_PDR=0.967
  Eval ep  20: M0_PDR=0.965  M1_PDR=0.928
  Eval ep  40: M0_PDR=0.959  M1_PDR=0.945
  Eval ep  60: M0_PDR=0.927  M1_PDR=0.958
  Eval ep  80: M0_PDR=0.990  M1_PDR=0.993

=== Eval Summary (100 episodes) - SB-SPS rsrp ===
  M0_PDR_mean              : 0.9595
  M0_PDR_p05 (across)      : 0.9082
  M0_PDR_p05 (intra)       : 0.6694
  M1_PDR_mean              : 0.9631
  M0_SINR_mean (dB)        : 43.68
  M1_SINR_mean (dB)        : 45.00
  M0_collision_rate        : 0.064
  M0_collision_within_pool : 0.019
  M1_collision_within_pool : 0.018
  co-channel separation    : 180.8 m vs shuffled 162.9 m  -> ratio 1.110
  reselections 8242, threshold raised in 172, occupancy fallback in 0

Result saved -> results/_SBSPS_rsrp85_N4_seed2.json
[NS3Bridge] Shutdown complete.
