[NS3Bridge] Connected tcp://localhost:6416
[SB-SPS] SBSPS_rsrp80w40_N4_seed5  N=4 M=5 rule=rsrp th0=-80.0 DS=False seed=5 warmup=40
Running 100 eval episodes (no training)...

  Eval ep   0: M0_PDR=0.974  M1_PDR=0.975
  Eval ep  20: M0_PDR=0.984  M1_PDR=0.984
  Eval ep  40: M0_PDR=1.000  M1_PDR=0.975
  Eval ep  60: M0_PDR=1.000  M1_PDR=0.997
  Eval ep  80: M0_PDR=0.978  M1_PDR=0.968

=== Eval Summary (100 episodes) - SB-SPS rsrp ===
  M0_PDR_mean              : 0.9804
  M0_PDR_p05 (across)      : 0.9406
  M0_PDR_p05 (intra)       : 0.8458
  M1_PDR_mean              : 0.9862
  M0_SINR_mean (dB)        : 45.73
  M1_SINR_mean (dB)        : 47.41
  M0_collision_rate        : 0.030
  M0_collision_within_pool : 0.010
  M1_collision_within_pool : 0.005
  co-channel separation    : 174.4 m vs shuffled 157.6 m  -> ratio 1.107
  reselections 8214, threshold raised in 155, occupancy fallback in 0

Result saved -> results/_SBSPS_rsrp80w40_N4_seed5.json
[NS3Bridge] Shutdown complete.
