[NS3Bridge] Connected tcp://localhost:6456
[SB-SPS] SBSPS_rsrp80w40_N10_seed5  N=10 M=5 rule=rsrp th0=-80.0 DS=False seed=5 warmup=40
Running 100 eval episodes (no training)...

  Eval ep   0: M0_PDR=0.880  M1_PDR=0.957
  Eval ep  20: M0_PDR=0.885  M1_PDR=0.939
  Eval ep  40: M0_PDR=0.835  M1_PDR=0.934
  Eval ep  60: M0_PDR=0.927  M1_PDR=0.949
  Eval ep  80: M0_PDR=0.888  M1_PDR=0.952

=== Eval Summary (100 episodes) - SB-SPS rsrp ===
  M0_PDR_mean              : 0.8909
  M0_PDR_p05 (across)      : 0.8362
  M0_PDR_p05 (intra)       : 0.6611
  M1_PDR_mean              : 0.9439
  M0_SINR_mean (dB)        : 17.57
  M1_SINR_mean (dB)        : 20.73
  M0_collision_rate        : 0.963
  M0_collision_within_pool : 0.144
  M1_collision_within_pool : 0.101
  co-channel separation    : 527.6 m vs shuffled 385.1 m  -> ratio 1.370
  reselections 20532, threshold raised in 12099, occupancy fallback in 0

Result saved -> results/_SBSPS_rsrp80w40_N10_seed5.json
[NS3Bridge] Shutdown complete.
