[NS3Bridge] Connected tcp://localhost:6226
[SB-SPS] SBSPS_rsrp85_N10_seed1  N=10 M=5 rule=rsrp th0=-85.0 DS=False seed=1 warmup=0
Running 100 eval episodes (no training)...

  Eval ep   0: M0_PDR=0.936  M1_PDR=0.933
  Eval ep  20: M0_PDR=0.900  M1_PDR=0.927
  Eval ep  40: M0_PDR=0.924  M1_PDR=0.936
  Eval ep  60: M0_PDR=0.844  M1_PDR=0.924
  Eval ep  80: M0_PDR=0.851  M1_PDR=0.966

=== Eval Summary (100 episodes) - SB-SPS rsrp ===
  M0_PDR_mean              : 0.8763
  M0_PDR_p05 (across)      : 0.8223
  M0_PDR_p05 (intra)       : 0.6023
  M1_PDR_mean              : 0.9251
  M0_SINR_mean (dB)        : 16.47
  M1_SINR_mean (dB)        : 19.86
  M0_collision_rate        : 0.950
  M0_collision_within_pool : 0.194
  M1_collision_within_pool : 0.158
  co-channel separation    : 506.9 m vs shuffled 380.3 m  -> ratio 1.333
  reselections 20466, threshold raised in 19092, occupancy fallback in 0

Result saved -> results/_SBSPS_rsrp85_N10_seed1.json
[NS3Bridge] Shutdown complete.
