[NS3Bridge] Connected tcp://localhost:6356
[SB-SPS] SBSPS_rsrp80w40_N10_seed1  N=10 M=5 rule=rsrp th0=-80.0 DS=False seed=1 warmup=40
Running 100 eval episodes (no training)...

  Eval ep   0: M0_PDR=0.874  M1_PDR=0.929
  Eval ep  20: M0_PDR=0.832  M1_PDR=0.911
  Eval ep  40: M0_PDR=0.868  M1_PDR=0.944
  Eval ep  60: M0_PDR=0.884  M1_PDR=0.952
  Eval ep  80: M0_PDR=0.905  M1_PDR=0.957

=== Eval Summary (100 episodes) - SB-SPS rsrp ===
  M0_PDR_mean              : 0.8916
  M0_PDR_p05 (across)      : 0.8255
  M0_PDR_p05 (intra)       : 0.6592
  M1_PDR_mean              : 0.9452
  M0_SINR_mean (dB)        : 17.43
  M1_SINR_mean (dB)        : 20.71
  M0_collision_rate        : 0.964
  M0_collision_within_pool : 0.136
  M1_collision_within_pool : 0.096
  co-channel separation    : 525.9 m vs shuffled 383.8 m  -> ratio 1.370
  reselections 20561, threshold raised in 12456, occupancy fallback in 0

Result saved -> results/_SBSPS_rsrp80w40_N10_seed1.json
[NS3Bridge] Shutdown complete.
